2026-09-11 16:38:14.475 +02:00 [INF] Starting Eryndor Client v0.8.0.0-custom+32d39132dace1351f63375b261f241297dd35be8-dirty
2026-09-11 16:38:14.738 +02:00 [INF] Discovered service type: Intersect.Plugins.PluginService
2026-09-11 16:38:14.741 +02:00 [WRN] Directory was specified as a plugin directory but does not exist: 'resources\plugins'
2026-09-11 16:38:14.742 +02:00 [INF] Discovered 0 plugins:

2026-09-11 16:38:15.206 +02:00 [INF] Graphics pacing configured: targetMode=0, vsync=true, fixedStep=false, backBuffer=1760x990
2026-09-11 16:38:20.395 +02:00 [INF] Connecting to 127.0.0.1:5400...
2026-09-11 16:38:20.404 +02:00 [INF] Connected [c3cf35aa-8726-4c85-bdfb-f001532c8c64].
2026-09-11 16:38:20.418 +02:00 [INF] Connection approved [c3cf35aa-8726-4c85-bdfb-f001532c8c64].
2026-09-11 16:38:20.526 +02:00 [INF] Updated PermissionSet 'default'
2026-09-11 16:38:20.526 +02:00 [INF] Updated PermissionSet 'admin'
2026-09-11 16:38:24.157 +02:00 [INF] Updating active permission set to 'admin'
2026-09-11 16:38:32.842 +02:00 [INF] System window closing (due to user interaction most likely).
2026-09-11 16:38:32.845 +02:00 [INF] Disconnected [c3cf35aa-8726-4c85-bdfb-f001532c8c64].
2026-09-11 16:38:32.846 +02:00 [INF] Updating active permission set to 'default'
2026-09-11 16:38:32.880 +02:00 [INF] Acquiring context lock... (0ms)
2026-09-11 16:38:32.880 +02:00 [INF] Acquired. (0ms)
2026-09-11 16:38:32.881 +02:00 [INF] Beginning context dispose. (0ms)
2026-09-11 16:38:32.881 +02:00 [INF] GC.SuppressFinalize (0ms)
2026-09-11 16:38:32.881 +02:00 [INF] InternalDispose() completed. (0ms)
2026-09-11 16:38:32.881 +02:00 [INF] Clearing instance... (1ms)
2026-09-11 16:38:32.881 +02:00 [INF] Releasing context lock... (1ms)
2026-09-11 16:38:32.881 +02:00 [INF] Released. (1ms)
