2026-09-11 16:43:28.561 +02:00 [INF] Starting Eryndor Client v0.8.0.0-custom+32d39132dace1351f63375b261f241297dd35be8-dirty
2026-09-11 16:43:28.858 +02:00 [INF] Discovered service type: Intersect.Plugins.PluginService
2026-09-11 16:43:28.861 +02:00 [WRN] Directory was specified as a plugin directory but does not exist: 'resources\plugins'
2026-09-11 16:43:28.862 +02:00 [INF] Discovered 0 plugins:

2026-09-11 16:43:29.333 +02:00 [INF] Graphics pacing configured: targetMode=0, vsync=true, fixedStep=false, backBuffer=1760x990
2026-09-11 16:43:31.005 +02:00 [INF] Connecting to 127.0.0.1:5400...
2026-09-11 16:43:31.013 +02:00 [INF] Connected [a929d71d-4396-4a75-9f35-addcd38c3641].
2026-09-11 16:43:31.030 +02:00 [INF] Connection approved [a929d71d-4396-4a75-9f35-addcd38c3641].
2026-09-11 16:43:31.126 +02:00 [INF] Updated PermissionSet 'default'
2026-09-11 16:43:31.126 +02:00 [INF] Updated PermissionSet 'admin'
2026-09-11 16:43:34.498 +02:00 [INF] Updating active permission set to 'admin'
2026-09-11 16:43:38.878 +02:00 [INF] Disconnected [a929d71d-4396-4a75-9f35-addcd38c3641].
2026-09-11 16:43:38.878 +02:00 [INF] Updating active permission set to 'default'
2026-09-11 16:43:39.925 +02:00 [INF] User clicked exit button.
2026-09-11 16:43:39.943 +02:00 [INF] System window closing (due to user interaction most likely).
2026-09-11 16:43:39.970 +02:00 [INF] Acquiring context lock... (0ms)
2026-09-11 16:43:39.970 +02:00 [INF] Acquired. (0ms)
2026-09-11 16:43:39.970 +02:00 [INF] Beginning context dispose. (0ms)
2026-09-11 16:43:39.971 +02:00 [INF] GC.SuppressFinalize (0ms)
2026-09-11 16:43:39.971 +02:00 [INF] InternalDispose() completed. (0ms)
2026-09-11 16:43:39.971 +02:00 [INF] Clearing instance... (1ms)
2026-09-11 16:43:39.971 +02:00 [INF] Releasing context lock... (1ms)
2026-09-11 16:43:39.971 +02:00 [INF] Released. (1ms)
