2026-09-11 20:57:03.042 +02:00 [INF] Starting Eryndor Client v0.8.0.0-custom+32d39132dace1351f63375b261f241297dd35be8-dirty
2026-09-11 20:57:03.306 +02:00 [INF] Discovered service type: Intersect.Plugins.PluginService
2026-09-11 20:57:03.309 +02:00 [WRN] Directory was specified as a plugin directory but does not exist: 'resources\plugins'
2026-09-11 20:57:03.310 +02:00 [INF] Discovered 0 plugins:

2026-09-11 20:57:03.792 +02:00 [INF] Graphics pacing configured: targetMode=0, vsync=true, fixedStep=false, backBuffer=1760x990
2026-09-11 20:57:05.544 +02:00 [INF] Connecting to 127.0.0.1:5400...
2026-09-11 20:57:05.552 +02:00 [INF] Connected [03901b90-f720-4d92-9809-c90229e7ea50].
2026-09-11 20:57:05.565 +02:00 [INF] Connection approved [03901b90-f720-4d92-9809-c90229e7ea50].
2026-09-11 20:57:05.668 +02:00 [INF] Updated PermissionSet 'default'
2026-09-11 20:57:05.668 +02:00 [INF] Updated PermissionSet 'admin'
2026-09-11 20:57:09.855 +02:00 [INF] Updating active permission set to 'admin'
2026-09-11 21:01:35.011 +02:00 [WRN] 'Me' is null.
2026-09-11 21:01:36.064 +02:00 [INF] Built VBO for map 9802b09c-f592-4d93-8e11-d3424500716c 'Deep Forest' in 57.6829ms
2026-09-11 21:01:36.077 +02:00 [INF] Built VBO for map 15601ad4-9f26-4abe-a6c9-3a7eebaa3045 'Forest' in 9.9871ms
2026-09-11 21:01:36.096 +02:00 [INF] Built VBO for map d490222a-af25-4a7f-bec3-7ca8016e08d7 'New Map' in 14.3668ms
2026-09-11 21:01:36.191 +02:00 [INF] Built VBO for map a31f210c-f5fb-48bf-9db2-45fab2293a4c 'Forest' in 92.2957ms
2026-09-11 21:01:36.240 +02:00 [INF] Built VBO for map 27c6a7b2-4e9f-4316-9a0f-e13ec8e16ba2 'Forest' in 45.3698ms
2026-09-11 21:01:36.266 +02:00 [INF] Built VBO for map e341d25d-5ff4-4cd6-bcd5-2f2cda710c86 'Greenfall Vale' in 24.4243ms
2026-09-11 21:01:43.271 +02:00 [INF] Disconnected [03901b90-f720-4d92-9809-c90229e7ea50].
2026-09-11 21:01:43.272 +02:00 [INF] Updating active permission set to 'default'
2026-09-11 21:01:45.046 +02:00 [INF] Connecting to 127.0.0.1:5400...
2026-09-11 21:01:45.050 +02:00 [INF] Connected [e99b2da6-dfb8-4e03-9cdb-d0da818f5f9b].
2026-09-11 21:01:45.065 +02:00 [INF] Connection approved [e99b2da6-dfb8-4e03-9cdb-d0da818f5f9b].
2026-09-11 21:01:45.075 +02:00 [INF] Updated PermissionSet 'default'
2026-09-11 21:01:45.075 +02:00 [INF] Updated PermissionSet 'admin'
2026-09-11 21:02:03.306 +02:00 [INF] Updating active permission set to 'admin'
2026-09-11 21:02:28.338 +02:00 [INF] Disconnected [e99b2da6-dfb8-4e03-9cdb-d0da818f5f9b].
2026-09-11 21:02:28.338 +02:00 [INF] Updating active permission set to 'default'
2026-09-11 21:02:31.869 +02:00 [INF] Connecting to 127.0.0.1:5400...
2026-09-11 21:02:31.873 +02:00 [INF] Connected [51f160a3-ee1c-4195-a787-97db4a2107d8].
2026-09-11 21:02:31.880 +02:00 [INF] Connection approved [51f160a3-ee1c-4195-a787-97db4a2107d8].
2026-09-11 21:02:31.897 +02:00 [INF] Updated PermissionSet 'default'
2026-09-11 21:02:31.897 +02:00 [INF] Updated PermissionSet 'admin'
2026-09-11 21:02:35.151 +02:00 [INF] User clicked exit button.
2026-09-11 21:02:35.171 +02:00 [INF] System window closing (due to user interaction most likely).
2026-09-11 21:02:35.173 +02:00 [INF] Disconnected [51f160a3-ee1c-4195-a787-97db4a2107d8].
2026-09-11 21:02:35.173 +02:00 [INF] Updating active permission set to 'default'
2026-09-11 21:02:35.204 +02:00 [INF] Acquiring context lock... (0ms)
2026-09-11 21:02:35.205 +02:00 [INF] Acquired. (0ms)
2026-09-11 21:02:35.205 +02:00 [INF] Beginning context dispose. (0ms)
2026-09-11 21:02:35.205 +02:00 [INF] GC.SuppressFinalize (0ms)
2026-09-11 21:02:35.206 +02:00 [INF] InternalDispose() completed. (0ms)
2026-09-11 21:02:35.206 +02:00 [INF] Clearing instance... (1ms)
2026-09-11 21:02:35.206 +02:00 [INF] Releasing context lock... (1ms)
2026-09-11 21:02:35.206 +02:00 [INF] Released. (1ms)
