2026-09-12 12:58:36.835 +02:00 [INF] Starting Eryndor Client v0.8.0.0-custom+32d39132dace1351f63375b261f241297dd35be8-dirty
2026-09-12 12:58:37.094 +02:00 [INF] Discovered service type: Intersect.Plugins.PluginService
2026-09-12 12:58:37.098 +02:00 [WRN] Directory was specified as a plugin directory but does not exist: 'resources\plugins'
2026-09-12 12:58:37.099 +02:00 [INF] Discovered 0 plugins:

2026-09-12 12:58:37.578 +02:00 [INF] Graphics pacing configured: targetMode=0, vsync=true, fixedStep=false, backBuffer=1760x990
2026-09-12 12:58:39.182 +02:00 [INF] Connecting to 127.0.0.1:5400...
2026-09-12 12:58:39.191 +02:00 [INF] Connected [f8e3983d-4c30-44a4-9922-a15e815189c4].
2026-09-12 12:58:39.202 +02:00 [INF] Connection approved [f8e3983d-4c30-44a4-9922-a15e815189c4].
2026-09-12 12:58:39.302 +02:00 [INF] Updated PermissionSet 'default'
2026-09-12 12:58:39.302 +02:00 [INF] Updated PermissionSet 'admin'
2026-09-12 12:58:43.715 +02:00 [INF] Updating active permission set to 'admin'
2026-09-12 12:58:50.707 +02:00 [WRN] 'Me' is null.
2026-09-12 12:58:51.788 +02:00 [INF] Built VBO for map 9802b09c-f592-4d93-8e11-d3424500716c 'Deep Forest' in 52.4156ms
2026-09-12 12:58:51.803 +02:00 [INF] Built VBO for map 15601ad4-9f26-4abe-a6c9-3a7eebaa3045 'Forest' in 11.6272ms
2026-09-12 12:58:51.825 +02:00 [INF] Built VBO for map d490222a-af25-4a7f-bec3-7ca8016e08d7 'New Map' in 15.9955ms
2026-09-12 12:58:51.947 +02:00 [INF] Built VBO for map a31f210c-f5fb-48bf-9db2-45fab2293a4c 'Forest' in 118.6965ms
2026-09-12 12:58:52.000 +02:00 [INF] Built VBO for map 27c6a7b2-4e9f-4316-9a0f-e13ec8e16ba2 'Forest' in 49.976ms
2026-09-12 12:58:52.030 +02:00 [INF] Built VBO for map e341d25d-5ff4-4cd6-bcd5-2f2cda710c86 'Greenfall Vale' in 27.4146ms
2026-09-12 12:59:03.095 +02:00 [INF] System window closing (due to user interaction most likely).
2026-09-12 12:59:03.098 +02:00 [INF] Disconnected [f8e3983d-4c30-44a4-9922-a15e815189c4].
2026-09-12 12:59:03.099 +02:00 [INF] Updating active permission set to 'default'
2026-09-12 12:59:03.134 +02:00 [INF] Acquiring context lock... (0ms)
2026-09-12 12:59:03.134 +02:00 [INF] Acquired. (0ms)
2026-09-12 12:59:03.135 +02:00 [INF] Beginning context dispose. (0ms)
2026-09-12 12:59:03.135 +02:00 [INF] GC.SuppressFinalize (0ms)
2026-09-12 12:59:03.135 +02:00 [INF] InternalDispose() completed. (0ms)
2026-09-12 12:59:03.135 +02:00 [INF] Clearing instance... (1ms)
2026-09-12 12:59:03.135 +02:00 [INF] Releasing context lock... (1ms)
2026-09-12 12:59:03.135 +02:00 [INF] Released. (1ms)
