2026-09-10 20:24:21.857 +02:00 [INF] Starting Eryndor Client v0.8.0.0-custom+32d39132dace1351f63375b261f241297dd35be8-dirty
2026-09-10 20:24:22.161 +02:00 [INF] Discovered service type: Intersect.Plugins.PluginService
2026-09-10 20:24:22.164 +02:00 [WRN] Directory was specified as a plugin directory but does not exist: 'resources\plugins'
2026-09-10 20:24:22.165 +02:00 [INF] Discovered 0 plugins:

2026-09-10 20:24:22.633 +02:00 [INF] Graphics pacing configured: targetMode=0, vsync=true, fixedStep=false, backBuffer=1760x990
2026-09-10 20:24:24.648 +02:00 [INF] Connecting to 127.0.0.1:5400...
2026-09-10 20:24:24.657 +02:00 [INF] Connected [d536f8c3-2ee3-47d0-b7b2-5bc185af1db2].
2026-09-10 20:24:24.671 +02:00 [INF] Connection approved [d536f8c3-2ee3-47d0-b7b2-5bc185af1db2].
2026-09-10 20:24:24.767 +02:00 [INF] Updated PermissionSet 'default'
2026-09-10 20:24:24.767 +02:00 [INF] Updated PermissionSet 'admin'
2026-09-10 20:24:30.756 +02:00 [INF] Updating active permission set to 'admin'
2026-09-10 20:24:32.898 +02:00 [WRN] 'Me' is null.
2026-09-10 20:24:33.683 +02:00 [INF] Built VBO for map 000bacda-f0e9-4a92-ab09-e55bd4ad15c1 'New Map' in 26.6825ms
2026-09-10 20:24:33.696 +02:00 [INF] Built VBO for map f519d3ea-b6f4-4b17-b87a-1dcf003cd3ec 'New Map' in 9.2324ms
2026-09-10 20:24:33.748 +02:00 [INF] Built VBO for map 79db075f-0b0f-4061-8f23-d301db793c61 'Beach' in 46.965ms
2026-09-10 20:28:21.524 +02:00 [INF] System window closing (due to user interaction most likely).
2026-09-10 20:28:21.527 +02:00 [INF] Disconnected [d536f8c3-2ee3-47d0-b7b2-5bc185af1db2].
2026-09-10 20:28:21.528 +02:00 [INF] Updating active permission set to 'default'
2026-09-10 20:28:21.553 +02:00 [INF] Acquiring context lock... (0ms)
2026-09-10 20:28:21.553 +02:00 [INF] Acquired. (0ms)
2026-09-10 20:28:21.554 +02:00 [INF] Beginning context dispose. (0ms)
2026-09-10 20:28:21.554 +02:00 [INF] GC.SuppressFinalize (0ms)
2026-09-10 20:28:21.554 +02:00 [INF] InternalDispose() completed. (0ms)
2026-09-10 20:28:21.554 +02:00 [INF] Clearing instance... (1ms)
2026-09-10 20:28:21.554 +02:00 [INF] Releasing context lock... (1ms)
2026-09-10 20:28:21.554 +02:00 [INF] Released. (1ms)
