2026-09-12 16:24:41.409 +02:00 [INF] Starting Eryndor Client v0.8.0.0-custom+32d39132dace1351f63375b261f241297dd35be8-dirty
2026-09-12 16:24:41.668 +02:00 [INF] Discovered service type: Intersect.Plugins.PluginService
2026-09-12 16:24:41.672 +02:00 [WRN] Directory was specified as a plugin directory but does not exist: 'resources\plugins'
2026-09-12 16:24:41.673 +02:00 [INF] Discovered 0 plugins:

2026-09-12 16:24:42.135 +02:00 [INF] Graphics pacing configured: targetMode=0, vsync=true, fixedStep=false, backBuffer=1760x990
2026-09-12 16:24:43.655 +02:00 [INF] Connecting to 127.0.0.1:5400...
2026-09-12 16:24:43.664 +02:00 [INF] Connected [54243493-9d28-4375-9f55-a8afbf714a03].
2026-09-12 16:24:43.677 +02:00 [INF] Connection approved [54243493-9d28-4375-9f55-a8afbf714a03].
2026-09-12 16:24:43.784 +02:00 [INF] Updated PermissionSet 'default'
2026-09-12 16:24:43.784 +02:00 [INF] Updated PermissionSet 'admin'
2026-09-12 16:24:53.738 +02:00 [INF] Updating active permission set to 'admin'
2026-09-12 16:25:42.408 +02:00 [INF] Disconnected [54243493-9d28-4375-9f55-a8afbf714a03].
2026-09-12 16:25:42.409 +02:00 [INF] Updating active permission set to 'default'
2026-09-12 16:25:43.485 +02:00 [INF] Connecting to 127.0.0.1:5400...
2026-09-12 16:25:43.490 +02:00 [INF] Connected [e06b3a7b-2841-465f-93c7-df41e0c51d12].
2026-09-12 16:25:43.498 +02:00 [INF] Connection approved [e06b3a7b-2841-465f-93c7-df41e0c51d12].
2026-09-12 16:25:43.506 +02:00 [INF] Updated PermissionSet 'default'
2026-09-12 16:25:43.506 +02:00 [INF] Updated PermissionSet 'admin'
2026-09-12 16:26:27.003 +02:00 [INF] User clicked exit button.
2026-09-12 16:26:27.022 +02:00 [INF] System window closing (due to user interaction most likely).
2026-09-12 16:26:27.024 +02:00 [INF] Disconnected [e06b3a7b-2841-465f-93c7-df41e0c51d12].
2026-09-12 16:26:27.024 +02:00 [INF] Updating active permission set to 'default'
2026-09-12 16:26:27.054 +02:00 [INF] Acquiring context lock... (0ms)
2026-09-12 16:26:27.054 +02:00 [INF] Acquired. (0ms)
2026-09-12 16:26:27.055 +02:00 [INF] Beginning context dispose. (0ms)
2026-09-12 16:26:27.055 +02:00 [INF] GC.SuppressFinalize (0ms)
2026-09-12 16:26:27.055 +02:00 [INF] InternalDispose() completed. (0ms)
2026-09-12 16:26:27.055 +02:00 [INF] Clearing instance... (1ms)
2026-09-12 16:26:27.055 +02:00 [INF] Releasing context lock... (1ms)
2026-09-12 16:26:27.056 +02:00 [INF] Released. (1ms)
