2026-09-09 15:57:18.899 +02:00 [INF] Starting Eryndor Client v0.8.0.0-custom+32d39132dace1351f63375b261f241297dd35be8-dirty
2026-09-09 15:57:19.141 +02:00 [INF] Discovered service type: Intersect.Plugins.PluginService
2026-09-09 15:57:19.144 +02:00 [WRN] Directory was specified as a plugin directory but does not exist: 'resources\plugins'
2026-09-09 15:57:19.145 +02:00 [INF] Discovered 0 plugins:

2026-09-09 15:57:19.604 +02:00 [INF] Graphics pacing configured: targetMode=0, vsync=true, fixedStep=false, backBuffer=1760x990
2026-09-09 15:57:21.357 +02:00 [INF] Connecting to 127.0.0.1:5400...
2026-09-09 15:57:21.379 +02:00 [INF] Connected [2dbf6b88-c1da-4ee1-a1fe-16c65fb2a21a].
2026-09-09 15:57:21.392 +02:00 [INF] Connection approved [2dbf6b88-c1da-4ee1-a1fe-16c65fb2a21a].
2026-09-09 15:57:21.503 +02:00 [INF] Updated PermissionSet 'default'
2026-09-09 15:57:25.667 +02:00 [INF] Updated PermissionSet 'admin'
2026-09-09 15:57:25.667 +02:00 [INF] Updating active permission set to 'admin'
2026-09-09 15:57:30.193 +02:00 [WRN] 'Me' is null.
2026-09-09 15:57:31.028 +02:00 [INF] Built VBO for map 000bacda-f0e9-4a92-ab09-e55bd4ad15c1 'New Map' in 26.8662ms
2026-09-09 15:57:31.040 +02:00 [INF] Built VBO for map f519d3ea-b6f4-4b17-b87a-1dcf003cd3ec 'New Map' in 9.1388ms
2026-09-09 15:57:31.093 +02:00 [INF] Built VBO for map 79db075f-0b0f-4061-8f23-d301db793c61 'Beach' in 48.1016ms
2026-09-09 15:57:37.491 +02:00 [INF] Built VBO for map f519d3ea-b6f4-4b17-b87a-1dcf003cd3ec 'New Map' in 13.6367ms
2026-09-09 15:57:37.589 +02:00 [INF] Built VBO for map d490222a-af25-4a7f-bec3-7ca8016e08d7 'New Map' in 5.4513ms
2026-09-09 15:57:38.086 +02:00 [INF] Built VBO for map 000bacda-f0e9-4a92-ab09-e55bd4ad15c1 'New Map' in 3.2809ms
2026-09-09 15:57:38.631 +02:00 [INF] Built VBO for map e341d25d-5ff4-4cd6-bcd5-2f2cda710c86 'Greenfall Vale' in 29.0396ms
2026-09-09 15:57:49.458 +02:00 [INF] Built VBO for map e341d25d-5ff4-4cd6-bcd5-2f2cda710c86 'Greenfall Vale' in 4.7593ms
2026-09-09 15:57:49.685 +02:00 [INF] Built VBO for map 15601ad4-9f26-4abe-a6c9-3a7eebaa3045 'Forest' in 5.2241ms
2026-09-09 15:57:50.186 +02:00 [INF] Built VBO for map d490222a-af25-4a7f-bec3-7ca8016e08d7 'New Map' in 3.1592ms
2026-09-09 15:57:50.730 +02:00 [INF] Built VBO for map 27c6a7b2-4e9f-4316-9a0f-e13ec8e16ba2 'Forest' in 45.4759ms
2026-09-09 15:59:08.616 +02:00 [INF] Built VBO for map 27c6a7b2-4e9f-4316-9a0f-e13ec8e16ba2 'Forest' in 17.3366ms
2026-09-09 15:59:08.707 +02:00 [INF] Built VBO for map 9802b09c-f592-4d93-8e11-d3424500716c 'Deep Forest' in 9.0422ms
2026-09-09 15:59:09.200 +02:00 [INF] Built VBO for map 15601ad4-9f26-4abe-a6c9-3a7eebaa3045 'Forest' in 3.3391ms
2026-09-09 15:59:09.735 +02:00 [INF] Built VBO for map a31f210c-f5fb-48bf-9db2-45fab2293a4c 'Forest' in 36.7273ms
2026-09-09 16:10:56.707 +02:00 [INF] System window closing (due to user interaction most likely).
2026-09-09 16:10:56.710 +02:00 [INF] Disconnected [2dbf6b88-c1da-4ee1-a1fe-16c65fb2a21a].
2026-09-09 16:10:56.711 +02:00 [INF] Updating active permission set to 'default'
2026-09-09 16:10:56.750 +02:00 [INF] Acquiring context lock... (0ms)
2026-09-09 16:10:56.750 +02:00 [INF] Acquired. (0ms)
2026-09-09 16:10:56.751 +02:00 [INF] Beginning context dispose. (0ms)
2026-09-09 16:10:56.752 +02:00 [INF] GC.SuppressFinalize (0ms)
2026-09-09 16:10:56.752 +02:00 [INF] InternalDispose() completed. (0ms)
2026-09-09 16:10:56.752 +02:00 [INF] Clearing instance... (1ms)
2026-09-09 16:10:56.752 +02:00 [INF] Releasing context lock... (1ms)
2026-09-09 16:10:56.752 +02:00 [INF] Released. (2ms)
