2026-09-12 20:54:53.069 +02:00 [INF] Starting Eryndor Client v0.8.0.0-custom+32d39132dace1351f63375b261f241297dd35be8-dirty
2026-09-12 20:54:53.381 +02:00 [INF] Discovered service type: Intersect.Plugins.PluginService
2026-09-12 20:54:53.384 +02:00 [WRN] Directory was specified as a plugin directory but does not exist: 'resources\plugins'
2026-09-12 20:54:53.385 +02:00 [INF] Discovered 0 plugins:

2026-09-12 20:54:53.855 +02:00 [INF] Graphics pacing configured: targetMode=0, vsync=true, fixedStep=false, backBuffer=1760x990
2026-09-12 20:54:55.433 +02:00 [INF] Connecting to 127.0.0.1:5400...
2026-09-12 20:54:55.443 +02:00 [INF] Connected [3738fb47-b909-43ee-96c2-37ce10fd2ed8].
2026-09-12 20:54:55.451 +02:00 [INF] Connection approved [3738fb47-b909-43ee-96c2-37ce10fd2ed8].
2026-09-12 20:54:55.560 +02:00 [INF] Updated PermissionSet 'default'
2026-09-12 20:54:55.560 +02:00 [INF] Updated PermissionSet 'admin'
2026-09-12 20:54:59.108 +02:00 [INF] Updating active permission set to 'admin'
2026-09-12 20:55:05.601 +02:00 [WRN] 'Me' is null.
2026-09-12 20:55:06.790 +02:00 [INF] Built VBO for map 9802b09c-f592-4d93-8e11-d3424500716c 'Deep Forest' in 51.4434ms
2026-09-12 20:55:06.806 +02:00 [INF] Built VBO for map 15601ad4-9f26-4abe-a6c9-3a7eebaa3045 'Forest' in 12.2206ms
2026-09-12 20:55:06.853 +02:00 [INF] Built VBO for map d490222a-af25-4a7f-bec3-7ca8016e08d7 'New Map' in 18.63ms
2026-09-12 20:55:06.983 +02:00 [INF] Built VBO for map a31f210c-f5fb-48bf-9db2-45fab2293a4c 'Forest' in 127.1089ms
2026-09-12 20:55:07.068 +02:00 [INF] Built VBO for map 27c6a7b2-4e9f-4316-9a0f-e13ec8e16ba2 'Forest' in 60.309ms
2026-09-12 20:55:07.097 +02:00 [INF] Built VBO for map e341d25d-5ff4-4cd6-bcd5-2f2cda710c86 'Greenfall Vale' in 27.1315ms
2026-09-12 20:55:34.358 +02:00 [INF] QUITDBG win=655,400,450,190 tb=0,0,450,55 ip=0,55,450,135 label=0,0,300,35 close=383,26,22,22 dock=None min=22,22 max=22,22 tbMin=450,55 tbMax=450,55
2026-09-12 20:58:18.814 +02:00 [INF] QUITDBG win=655,400,450,190 tb=0,0,450,55 ip=0,55,450,135 label=0,0,300,35 close=383,26,22,22 dock=None min=22,22 max=22,22 tbMin=450,55 tbMax=450,55
2026-09-12 20:58:19.472 +02:00 [INF] System window closing (due to user interaction most likely).
2026-09-12 20:58:19.475 +02:00 [INF] Disconnected [3738fb47-b909-43ee-96c2-37ce10fd2ed8].
2026-09-12 20:58:19.476 +02:00 [INF] Updating active permission set to 'default'
2026-09-12 20:58:19.508 +02:00 [INF] Acquiring context lock... (0ms)
2026-09-12 20:58:19.508 +02:00 [INF] Acquired. (0ms)
2026-09-12 20:58:19.509 +02:00 [INF] Beginning context dispose. (0ms)
2026-09-12 20:58:19.509 +02:00 [INF] GC.SuppressFinalize (0ms)
2026-09-12 20:58:19.509 +02:00 [INF] InternalDispose() completed. (0ms)
2026-09-12 20:58:19.509 +02:00 [INF] Clearing instance... (1ms)
2026-09-12 20:58:19.509 +02:00 [INF] Releasing context lock... (1ms)
2026-09-12 20:58:19.509 +02:00 [INF] Released. (1ms)
