2026-09-09 17:28:41.659 +02:00 [INF] Starting Eryndor Client v0.8.0.0-custom+32d39132dace1351f63375b261f241297dd35be8-dirty
2026-09-09 17:28:41.906 +02:00 [INF] Discovered service type: Intersect.Plugins.PluginService
2026-09-09 17:28:41.909 +02:00 [WRN] Directory was specified as a plugin directory but does not exist: 'resources\plugins'
2026-09-09 17:28:41.910 +02:00 [INF] Discovered 0 plugins:

2026-09-09 17:28:42.384 +02:00 [INF] Graphics pacing configured: targetMode=0, vsync=true, fixedStep=false, backBuffer=1760x990
2026-09-09 17:28:58.957 +02:00 [INF] Connecting to 127.0.0.1:5400...
2026-09-09 17:28:58.977 +02:00 [INF] Connected [b3453a16-311f-4144-a391-0dec544d182e].
2026-09-09 17:28:58.994 +02:00 [INF] Connection approved [b3453a16-311f-4144-a391-0dec544d182e].
2026-09-09 17:28:59.111 +02:00 [INF] Updated PermissionSet 'default'
2026-09-09 17:29:03.945 +02:00 [INF] Updated PermissionSet 'admin'
2026-09-09 17:29:03.945 +02:00 [INF] Updating active permission set to 'admin'
2026-09-09 17:29:07.254 +02:00 [WRN] 'Me' is null.
2026-09-09 17:29:08.426 +02:00 [INF] Built VBO for map 9802b09c-f592-4d93-8e11-d3424500716c 'Deep Forest' in 52.9252ms
2026-09-09 17:29:08.441 +02:00 [INF] Built VBO for map 15601ad4-9f26-4abe-a6c9-3a7eebaa3045 'Forest' in 11.8805ms
2026-09-09 17:29:08.466 +02:00 [INF] Built VBO for map d490222a-af25-4a7f-bec3-7ca8016e08d7 'New Map' in 18.6925ms
2026-09-09 17:29:08.588 +02:00 [INF] Built VBO for map a31f210c-f5fb-48bf-9db2-45fab2293a4c 'Forest' in 119.0232ms
2026-09-09 17:29:08.646 +02:00 [INF] Built VBO for map 27c6a7b2-4e9f-4316-9a0f-e13ec8e16ba2 'Forest' in 54.5256ms
2026-09-09 17:29:08.674 +02:00 [INF] Built VBO for map e341d25d-5ff4-4cd6-bcd5-2f2cda710c86 'Greenfall Vale' in 25.3391ms
2026-09-09 17:31:03.400 +02:00 [INF] Disconnected [b3453a16-311f-4144-a391-0dec544d182e].
2026-09-09 17:31:03.403 +02:00 [INF] Updating active permission set to 'default'
2026-09-09 17:31:06.846 +02:00 [INF] System window closing (due to user interaction most likely).
2026-09-09 17:31:06.879 +02:00 [INF] Acquiring context lock... (0ms)
2026-09-09 17:31:06.880 +02:00 [INF] Acquired. (0ms)
2026-09-09 17:31:06.880 +02:00 [INF] Beginning context dispose. (0ms)
2026-09-09 17:31:06.881 +02:00 [INF] GC.SuppressFinalize (0ms)
2026-09-09 17:31:06.881 +02:00 [INF] InternalDispose() completed. (0ms)
2026-09-09 17:31:06.881 +02:00 [INF] Clearing instance... (1ms)
2026-09-09 17:31:06.881 +02:00 [INF] Releasing context lock... (1ms)
2026-09-09 17:31:06.881 +02:00 [INF] Released. (1ms)
