2026-09-11 02:49:03.404 +02:00 [INF] Starting Eryndor Client v0.8.0.0-custom+32d39132dace1351f63375b261f241297dd35be8-dirty
2026-09-11 02:49:03.703 +02:00 [INF] Discovered service type: Intersect.Plugins.PluginService
2026-09-11 02:49:03.706 +02:00 [WRN] Directory was specified as a plugin directory but does not exist: 'resources\plugins'
2026-09-11 02:49:03.707 +02:00 [INF] Discovered 0 plugins:

2026-09-11 02:49:04.197 +02:00 [INF] Graphics pacing configured: targetMode=0, vsync=true, fixedStep=false, backBuffer=1760x990
2026-09-11 02:49:09.365 +02:00 [INF] Music volume set to 20 from MainMenu.SettingsWindow._innerPanel._tabs._innerPanel._audioSettingsTab._scrollPanel._musicSlider._slider
2026-09-11 02:49:09.366 +02:00 [INF] Sound volume set to 20 from MainMenu.SettingsWindow._innerPanel._tabs._innerPanel._audioSettingsTab._scrollPanel._soundEffectsSlider._slider
2026-09-11 02:49:09.366 +02:00 [INF] Weather sounds volume set to 80 from MainMenu.SettingsWindow._innerPanel._tabs._innerPanel._audioSettingsTab._scrollPanel._weatherSoundsSlider._slider
2026-09-11 02:52:44.715 +02:00 [INF] Connecting to 127.0.0.1:5400...
2026-09-11 02:52:44.723 +02:00 [INF] Connected [25171f4b-d3fb-4c07-aa57-57820b0207f7].
2026-09-11 02:52:44.732 +02:00 [INF] Connection approved [25171f4b-d3fb-4c07-aa57-57820b0207f7].
2026-09-11 02:52:44.820 +02:00 [INF] Updated PermissionSet 'default'
2026-09-11 02:52:48.732 +02:00 [INF] Disconnected [25171f4b-d3fb-4c07-aa57-57820b0207f7].
2026-09-11 02:53:24.653 +02:00 [INF] Connecting to 127.0.0.1:5400...
2026-09-11 02:53:24.657 +02:00 [INF] Connected [8b7d8bd8-d527-4008-aec6-d5ca58e629c6].
2026-09-11 02:53:24.660 +02:00 [INF] Connection approved [8b7d8bd8-d527-4008-aec6-d5ca58e629c6].
2026-09-11 02:53:24.686 +02:00 [INF] Updated PermissionSet 'default'
2026-09-11 02:53:30.094 +02:00 [INF] Updated PermissionSet 'admin'
2026-09-11 02:53:30.094 +02:00 [INF] Updating active permission set to 'admin'
2026-09-11 02:53:34.253 +02:00 [WRN] 'Me' is null.
2026-09-11 02:53:35.045 +02:00 [INF] Built VBO for map 000bacda-f0e9-4a92-ab09-e55bd4ad15c1 'New Map' in 27.5916ms
2026-09-11 02:53:35.062 +02:00 [INF] Built VBO for map f519d3ea-b6f4-4b17-b87a-1dcf003cd3ec 'New Map' in 13.7459ms
2026-09-11 02:53:35.116 +02:00 [INF] Built VBO for map 79db075f-0b0f-4061-8f23-d301db793c61 'Beach' in 48.8905ms
2026-09-11 02:54:16.485 +02:00 [INF] Music volume set to 20 from InGame..SettingsWindow._innerPanel._tabs._innerPanel._audioSettingsTab._scrollPanel._musicSlider._slider
2026-09-11 02:54:16.485 +02:00 [INF] Sound volume set to 20 from InGame..SettingsWindow._innerPanel._tabs._innerPanel._audioSettingsTab._scrollPanel._soundEffectsSlider._slider
2026-09-11 02:54:16.485 +02:00 [INF] Weather sounds volume set to 80 from InGame..SettingsWindow._innerPanel._tabs._innerPanel._audioSettingsTab._scrollPanel._weatherSoundsSlider._slider
2026-09-11 02:54:36.393 +02:00 [INF] Disconnected [8b7d8bd8-d527-4008-aec6-d5ca58e629c6].
2026-09-11 02:54:36.393 +02:00 [INF] Updating active permission set to 'default'
2026-09-11 02:54:38.026 +02:00 [INF] User clicked exit button.
2026-09-11 02:54:38.045 +02:00 [INF] System window closing (due to user interaction most likely).
2026-09-11 02:54:38.086 +02:00 [INF] Acquiring context lock... (0ms)
2026-09-11 02:54:38.086 +02:00 [INF] Acquired. (0ms)
2026-09-11 02:54:38.087 +02:00 [INF] Beginning context dispose. (0ms)
2026-09-11 02:54:38.087 +02:00 [INF] GC.SuppressFinalize (0ms)
2026-09-11 02:54:38.087 +02:00 [INF] InternalDispose() completed. (0ms)
2026-09-11 02:54:38.087 +02:00 [INF] Clearing instance... (1ms)
2026-09-11 02:54:38.087 +02:00 [INF] Releasing context lock... (1ms)
2026-09-11 02:54:38.087 +02:00 [INF] Released. (1ms)
