2026-09-09 17:53:28.034 +02:00 [INF] Starting Eryndor Client v0.8.0.0-custom+32d39132dace1351f63375b261f241297dd35be8-dirty
2026-09-09 17:53:28.482 +02:00 [INF] Discovered service type: Intersect.Plugins.PluginService
2026-09-09 17:53:28.485 +02:00 [WRN] Directory was specified as a plugin directory but does not exist: 'resources\plugins'
2026-09-09 17:53:28.486 +02:00 [INF] Discovered 0 plugins:

2026-09-09 17:53:28.983 +02:00 [INF] Graphics pacing configured: targetMode=0, vsync=true, fixedStep=false, backBuffer=1760x990
2026-09-09 17:53:39.115 +02:00 [INF] Connecting to 127.0.0.1:5400...
2026-09-09 17:53:39.123 +02:00 [INF] Connected [626b3f54-c157-4999-911c-2a9656bc1dea].
2026-09-09 17:53:39.136 +02:00 [INF] Connection approved [626b3f54-c157-4999-911c-2a9656bc1dea].
2026-09-09 17:53:39.229 +02:00 [INF] Updated PermissionSet 'default'
2026-09-09 17:53:39.229 +02:00 [INF] Updated PermissionSet 'admin'
2026-09-09 17:53:47.029 +02:00 [INF] Updating active permission set to 'admin'
2026-09-09 17:53:49.695 +02:00 [WRN] 'Me' is null.
2026-09-09 17:53:50.704 +02:00 [INF] Built VBO for map 15601ad4-9f26-4abe-a6c9-3a7eebaa3045 'Forest' in 35.6175ms
2026-09-09 17:53:50.719 +02:00 [INF] Built VBO for map d490222a-af25-4a7f-bec3-7ca8016e08d7 'New Map' in 11.9623ms
2026-09-09 17:53:50.732 +02:00 [INF] Built VBO for map 000bacda-f0e9-4a92-ab09-e55bd4ad15c1 'New Map' in 8.7693ms
2026-09-09 17:53:50.836 +02:00 [INF] Built VBO for map 27c6a7b2-4e9f-4316-9a0f-e13ec8e16ba2 'Forest' in 101.894ms
2026-09-09 17:53:50.875 +02:00 [INF] Built VBO for map e341d25d-5ff4-4cd6-bcd5-2f2cda710c86 'Greenfall Vale' in 34.4118ms
2026-09-09 17:53:50.886 +02:00 [INF] Built VBO for map f519d3ea-b6f4-4b17-b87a-1dcf003cd3ec 'New Map' in 9.0057ms
2026-09-09 17:55:29.785 +02:00 [INF] System window closing (due to user interaction most likely).
2026-09-09 17:55:29.789 +02:00 [INF] Disconnected [626b3f54-c157-4999-911c-2a9656bc1dea].
2026-09-09 17:55:29.789 +02:00 [INF] Updating active permission set to 'default'
2026-09-09 17:55:29.830 +02:00 [INF] Acquiring context lock... (0ms)
2026-09-09 17:55:29.830 +02:00 [INF] Acquired. (0ms)
2026-09-09 17:55:29.831 +02:00 [INF] Beginning context dispose. (0ms)
2026-09-09 17:55:29.831 +02:00 [INF] GC.SuppressFinalize (0ms)
2026-09-09 17:55:29.831 +02:00 [INF] InternalDispose() completed. (0ms)
2026-09-09 17:55:29.832 +02:00 [INF] Clearing instance... (1ms)
2026-09-09 17:55:29.832 +02:00 [INF] Releasing context lock... (1ms)
2026-09-09 17:55:29.832 +02:00 [INF] Released. (1ms)
