2026-09-11 13:14:11.144 +02:00 [INF] Starting Eryndor Client v0.8.0.0-custom+32d39132dace1351f63375b261f241297dd35be8-dirty
2026-09-11 13:14:11.384 +02:00 [INF] Discovered service type: Intersect.Plugins.PluginService
2026-09-11 13:14:11.387 +02:00 [WRN] Directory was specified as a plugin directory but does not exist: 'resources\plugins'
2026-09-11 13:14:11.388 +02:00 [INF] Discovered 0 plugins:

2026-09-11 13:14:11.859 +02:00 [INF] Graphics pacing configured: targetMode=0, vsync=true, fixedStep=false, backBuffer=1760x990
2026-09-11 13:14:13.925 +02:00 [INF] Connecting to 127.0.0.1:5400...
2026-09-11 13:14:13.946 +02:00 [INF] Connected [272d0528-d71d-4b88-9630-62c345059f7a].
2026-09-11 13:14:13.968 +02:00 [INF] Connection approved [272d0528-d71d-4b88-9630-62c345059f7a].
2026-09-11 13:14:14.098 +02:00 [INF] Updated PermissionSet 'default'
2026-09-11 13:14:19.976 +02:00 [INF] Updated PermissionSet 'admin'
2026-09-11 13:14:19.977 +02:00 [INF] Updating active permission set to 'admin'
2026-09-11 13:14:52.252 +02:00 [INF] Disconnected [272d0528-d71d-4b88-9630-62c345059f7a].
2026-09-11 13:14:52.253 +02:00 [INF] Updating active permission set to 'default'
2026-09-11 13:14:53.184 +02:00 [INF] Connecting to 127.0.0.1:5400...
2026-09-11 13:14:53.191 +02:00 [INF] Connected [2c45fc4a-db5d-44ed-b484-3beaacdc0790].
2026-09-11 13:14:53.204 +02:00 [INF] Connection approved [2c45fc4a-db5d-44ed-b484-3beaacdc0790].
2026-09-11 13:14:53.214 +02:00 [INF] Updated PermissionSet 'default'
2026-09-11 13:14:53.214 +02:00 [INF] Updated PermissionSet 'admin'
2026-09-11 13:15:01.524 +02:00 [INF] Updating active permission set to 'admin'
2026-09-11 13:17:58.076 +02:00 [INF] Disconnected [2c45fc4a-db5d-44ed-b484-3beaacdc0790].
2026-09-11 13:17:58.076 +02:00 [INF] Updating active permission set to 'default'
2026-09-11 13:17:59.508 +02:00 [INF] Music volume set to 20 from MainMenu.SettingsWindow._innerPanel._tabs._innerPanel._audioSettingsTab._scrollPanel._musicSlider._slider
2026-09-11 13:17:59.509 +02:00 [INF] Sound volume set to 20 from MainMenu.SettingsWindow._innerPanel._tabs._innerPanel._audioSettingsTab._scrollPanel._soundEffectsSlider._slider
2026-09-11 13:17:59.509 +02:00 [INF] Weather sounds volume set to 80 from MainMenu.SettingsWindow._innerPanel._tabs._innerPanel._audioSettingsTab._scrollPanel._weatherSoundsSlider._slider
2026-09-11 13:18:01.749 +02:00 [INF] Connecting to 127.0.0.1:5400...
2026-09-11 13:18:01.754 +02:00 [INF] Connected [69683c07-8c05-4372-9d79-920614cba46a].
2026-09-11 13:18:01.760 +02:00 [INF] Connection approved [69683c07-8c05-4372-9d79-920614cba46a].
2026-09-11 13:18:01.775 +02:00 [INF] Updated PermissionSet 'default'
2026-09-11 13:18:01.775 +02:00 [INF] Updated PermissionSet 'admin'
2026-09-11 13:18:13.092 +02:00 [INF] Disconnected [69683c07-8c05-4372-9d79-920614cba46a].
2026-09-11 13:18:13.092 +02:00 [INF] Updating active permission set to 'default'
2026-09-11 13:18:25.285 +02:00 [INF] Applying graphics FPS setting: selectedMode=0, selectedText=V-Sync, selectedData=0, previousMode=0
2026-09-11 13:18:26.387 +02:00 [INF] User clicked exit button.
2026-09-11 13:18:26.455 +02:00 [INF] System window closing (due to user interaction most likely).
2026-09-11 13:18:26.486 +02:00 [INF] Acquiring context lock... (0ms)
2026-09-11 13:18:26.486 +02:00 [INF] Acquired. (0ms)
2026-09-11 13:18:26.487 +02:00 [INF] Beginning context dispose. (0ms)
2026-09-11 13:18:26.487 +02:00 [INF] GC.SuppressFinalize (0ms)
2026-09-11 13:18:26.487 +02:00 [INF] InternalDispose() completed. (0ms)
2026-09-11 13:18:26.487 +02:00 [INF] Clearing instance... (1ms)
2026-09-11 13:18:26.487 +02:00 [INF] Releasing context lock... (1ms)
2026-09-11 13:18:26.487 +02:00 [INF] Released. (1ms)
