2026-09-12 21:04:02.856 +02:00 [INF] Starting Eryndor Client v0.8.0.0-custom+32d39132dace1351f63375b261f241297dd35be8-dirty
2026-09-12 21:04:03.104 +02:00 [INF] Discovered service type: Intersect.Plugins.PluginService
2026-09-12 21:04:03.107 +02:00 [WRN] Directory was specified as a plugin directory but does not exist: 'resources\plugins'
2026-09-12 21:04:03.108 +02:00 [INF] Discovered 0 plugins:

2026-09-12 21:04:03.598 +02:00 [INF] Graphics pacing configured: targetMode=0, vsync=true, fixedStep=false, backBuffer=1760x990
2026-09-12 21:04:06.267 +02:00 [INF] Connecting to 127.0.0.1:5400...
2026-09-12 21:04:06.276 +02:00 [INF] Connected [934441f4-c70b-4a8b-8788-d41b35c81f3e].
2026-09-12 21:04:06.286 +02:00 [INF] Connection approved [934441f4-c70b-4a8b-8788-d41b35c81f3e].
2026-09-12 21:04:06.405 +02:00 [INF] Updated PermissionSet 'default'
2026-09-12 21:04:06.405 +02:00 [INF] Updated PermissionSet 'admin'
2026-09-12 21:04:32.767 +02:00 [INF] User clicked exit button.
2026-09-12 21:04:32.790 +02:00 [INF] System window closing (due to user interaction most likely).
2026-09-12 21:04:32.793 +02:00 [INF] Disconnected [934441f4-c70b-4a8b-8788-d41b35c81f3e].
2026-09-12 21:04:32.827 +02:00 [INF] Acquiring context lock... (0ms)
2026-09-12 21:04:32.827 +02:00 [INF] Acquired. (0ms)
2026-09-12 21:04:32.828 +02:00 [INF] Beginning context dispose. (0ms)
2026-09-12 21:04:32.828 +02:00 [INF] GC.SuppressFinalize (0ms)
2026-09-12 21:04:32.828 +02:00 [INF] InternalDispose() completed. (0ms)
2026-09-12 21:04:32.828 +02:00 [INF] Clearing instance... (1ms)
2026-09-12 21:04:32.828 +02:00 [INF] Releasing context lock... (1ms)
2026-09-12 21:04:32.828 +02:00 [INF] Released. (1ms)
