2026-09-12 20:02:45.030 +02:00 [INF] Starting Eryndor Client v0.8.0.0-custom+32d39132dace1351f63375b261f241297dd35be8-dirty
2026-09-12 20:02:45.278 +02:00 [INF] Discovered service type: Intersect.Plugins.PluginService
2026-09-12 20:02:45.281 +02:00 [WRN] Directory was specified as a plugin directory but does not exist: 'resources\plugins'
2026-09-12 20:02:45.282 +02:00 [INF] Discovered 0 plugins:

2026-09-12 20:02:45.773 +02:00 [INF] Graphics pacing configured: targetMode=0, vsync=true, fixedStep=false, backBuffer=1760x990
2026-09-12 20:02:47.270 +02:00 [INF] Connecting to 127.0.0.1:5400...
2026-09-12 20:02:47.278 +02:00 [INF] Connected [3e10f2ab-1d6a-4934-b474-02140b61e907].
2026-09-12 20:02:47.294 +02:00 [INF] Connection approved [3e10f2ab-1d6a-4934-b474-02140b61e907].
2026-09-12 20:02:47.401 +02:00 [INF] Updated PermissionSet 'default'
2026-09-12 20:02:47.401 +02:00 [INF] Updated PermissionSet 'admin'
2026-09-12 20:02:51.076 +02:00 [INF] Updating active permission set to 'admin'
2026-09-12 20:02:54.642 +02:00 [WRN] 'Me' is null.
2026-09-12 20:02:55.791 +02:00 [INF] Built VBO for map 9802b09c-f592-4d93-8e11-d3424500716c 'Deep Forest' in 50.177ms
2026-09-12 20:02:55.805 +02:00 [INF] Built VBO for map 15601ad4-9f26-4abe-a6c9-3a7eebaa3045 'Forest' in 10.9493ms
2026-09-12 20:02:55.825 +02:00 [INF] Built VBO for map d490222a-af25-4a7f-bec3-7ca8016e08d7 'New Map' in 15.193ms
2026-09-12 20:02:55.937 +02:00 [INF] Built VBO for map a31f210c-f5fb-48bf-9db2-45fab2293a4c 'Forest' in 109.5723ms
2026-09-12 20:02:55.991 +02:00 [INF] Built VBO for map 27c6a7b2-4e9f-4316-9a0f-e13ec8e16ba2 'Forest' in 50.1144ms
2026-09-12 20:02:56.018 +02:00 [INF] Built VBO for map e341d25d-5ff4-4cd6-bcd5-2f2cda710c86 'Greenfall Vale' in 24.4347ms
2026-09-12 20:02:58.316 +02:00 [INF] Built VBO for map d490222a-af25-4a7f-bec3-7ca8016e08d7 'New Map' in 9.6521ms
2026-09-12 20:02:58.818 +02:00 [INF] Built VBO for map e341d25d-5ff4-4cd6-bcd5-2f2cda710c86 'Greenfall Vale' in 10.8622ms
2026-09-12 20:03:09.688 +02:00 [INF] Disconnected [3e10f2ab-1d6a-4934-b474-02140b61e907].
2026-09-12 20:03:09.688 +02:00 [INF] Updating active permission set to 'default'
2026-09-12 20:03:09.820 +02:00 [WRN] 'Me' is null.
2026-09-12 20:03:09.820 +02:00 [WRN] 'Me' is null.
2026-09-12 20:03:09.820 +02:00 [WRN] 'Me' is null.
2026-09-12 20:03:09.820 +02:00 [WRN] 'Me' is null.
2026-09-12 20:03:09.820 +02:00 [WRN] 'Me' is null.
2026-09-12 20:03:09.820 +02:00 [WRN] 'Me' is null.
2026-09-12 20:03:09.820 +02:00 [WRN] 'Me' is null.
2026-09-12 20:03:09.820 +02:00 [WRN] 'Me' is null.
2026-09-12 20:03:09.820 +02:00 [WRN] 'Me' is null.
2026-09-12 20:03:09.820 +02:00 [WRN] 'Me' is null.
2026-09-12 20:03:09.820 +02:00 [WRN] 'Me' is null.
2026-09-12 20:03:09.820 +02:00 [WRN] 'Me' is null.
2026-09-12 20:03:09.820 +02:00 [WRN] 'Me' is null.
2026-09-12 20:03:09.820 +02:00 [WRN] 'Me' is null.
2026-09-12 20:03:09.820 +02:00 [WRN] 'Me' is null.
2026-09-12 20:03:09.820 +02:00 [WRN] 'Me' is null.
2026-09-12 20:03:09.820 +02:00 [WRN] 'Me' is null.
2026-09-12 20:03:09.820 +02:00 [WRN] 'Me' is null.
2026-09-12 20:03:09.820 +02:00 [WRN] 'Me' is null.
2026-09-12 20:03:09.821 +02:00 [WRN] 'Me' is null.
2026-09-12 20:03:10.767 +02:00 [INF] Connecting to 127.0.0.1:5400...
2026-09-12 20:03:10.772 +02:00 [INF] Connected [4359fdd0-d5e2-442e-97ba-7d26adf18de2].
2026-09-12 20:03:10.782 +02:00 [INF] Connection approved [4359fdd0-d5e2-442e-97ba-7d26adf18de2].
2026-09-12 20:03:10.802 +02:00 [INF] Updated PermissionSet 'default'
2026-09-12 20:03:10.802 +02:00 [INF] Updated PermissionSet 'admin'
2026-09-12 20:03:32.205 +02:00 [INF] Updating active permission set to 'admin'
2026-09-12 20:03:33.691 +02:00 [WRN] 'Me' is null.
2026-09-12 20:03:34.143 +02:00 [INF] Built VBO for map 9802b09c-f592-4d93-8e11-d3424500716c 'Deep Forest' in 3.7632ms
2026-09-12 20:03:34.148 +02:00 [INF] Built VBO for map 15601ad4-9f26-4abe-a6c9-3a7eebaa3045 'Forest' in 3.9051ms
2026-09-12 20:03:34.153 +02:00 [INF] Built VBO for map d490222a-af25-4a7f-bec3-7ca8016e08d7 'New Map' in 3.6302ms
2026-09-12 20:03:34.196 +02:00 [INF] Built VBO for map a31f210c-f5fb-48bf-9db2-45fab2293a4c 'Forest' in 41.407ms
2026-09-12 20:03:34.229 +02:00 [INF] Built VBO for map 27c6a7b2-4e9f-4316-9a0f-e13ec8e16ba2 'Forest' in 29.24ms
2026-09-12 20:03:34.242 +02:00 [INF] Built VBO for map e341d25d-5ff4-4cd6-bcd5-2f2cda710c86 'Greenfall Vale' in 12.6839ms
2026-09-12 20:04:10.512 +02:00 [INF] Disconnected [4359fdd0-d5e2-442e-97ba-7d26adf18de2].
2026-09-12 20:04:10.512 +02:00 [INF] Updating active permission set to 'default'
2026-09-12 20:04:10.610 +02:00 [WRN] 'Me' is null.
2026-09-12 20:04:10.610 +02:00 [WRN] 'Me' is null.
2026-09-12 20:04:10.610 +02:00 [WRN] 'Me' is null.
2026-09-12 20:04:10.610 +02:00 [WRN] 'Me' is null.
2026-09-12 20:04:10.610 +02:00 [WRN] 'Me' is null.
2026-09-12 20:04:10.610 +02:00 [WRN] 'Me' is null.
2026-09-12 20:04:10.610 +02:00 [WRN] 'Me' is null.
2026-09-12 20:04:10.610 +02:00 [WRN] 'Me' is null.
2026-09-12 20:04:10.610 +02:00 [WRN] 'Me' is null.
2026-09-12 20:04:10.610 +02:00 [WRN] 'Me' is null.
2026-09-12 20:04:10.610 +02:00 [WRN] 'Me' is null.
2026-09-12 20:04:10.610 +02:00 [WRN] 'Me' is null.
2026-09-12 20:04:10.610 +02:00 [WRN] 'Me' is null.
2026-09-12 20:04:10.610 +02:00 [WRN] 'Me' is null.
2026-09-12 20:04:10.610 +02:00 [WRN] 'Me' is null.
2026-09-12 20:04:10.610 +02:00 [WRN] 'Me' is null.
2026-09-12 20:04:10.610 +02:00 [WRN] 'Me' is null.
2026-09-12 20:04:10.610 +02:00 [WRN] 'Me' is null.
2026-09-12 20:04:11.549 +02:00 [INF] User clicked exit button.
2026-09-12 20:04:11.567 +02:00 [INF] System window closing (due to user interaction most likely).
2026-09-12 20:04:11.598 +02:00 [INF] Acquiring context lock... (0ms)
2026-09-12 20:04:11.598 +02:00 [INF] Acquired. (0ms)
2026-09-12 20:04:11.599 +02:00 [INF] Beginning context dispose. (0ms)
2026-09-12 20:04:11.599 +02:00 [INF] GC.SuppressFinalize (0ms)
2026-09-12 20:04:11.599 +02:00 [INF] InternalDispose() completed. (0ms)
2026-09-12 20:04:11.599 +02:00 [INF] Clearing instance... (1ms)
2026-09-12 20:04:11.599 +02:00 [INF] Releasing context lock... (1ms)
2026-09-12 20:04:11.599 +02:00 [INF] Released. (1ms)
