2026-09-12 14:30:52.436 +02:00 [INF] Starting Eryndor Client v0.8.0.0-custom+32d39132dace1351f63375b261f241297dd35be8-dirty
2026-09-12 14:30:52.729 +02:00 [INF] Discovered service type: Intersect.Plugins.PluginService
2026-09-12 14:30:52.732 +02:00 [WRN] Directory was specified as a plugin directory but does not exist: 'resources\plugins'
2026-09-12 14:30:52.733 +02:00 [INF] Discovered 0 plugins:

2026-09-12 14:30:53.203 +02:00 [INF] Graphics pacing configured: targetMode=0, vsync=true, fixedStep=false, backBuffer=1760x990
2026-09-12 14:31:03.630 +02:00 [INF] Music volume set to 20 from MainMenu.SettingsWindow._innerPanel._tabs._innerPanel._audioSettingsTab._scrollPanel._musicSlider._slider
2026-09-12 14:31:03.631 +02:00 [INF] Sound volume set to 20 from MainMenu.SettingsWindow._innerPanel._tabs._innerPanel._audioSettingsTab._scrollPanel._soundEffectsSlider._slider
2026-09-12 14:31:03.631 +02:00 [INF] Weather sounds volume set to 80 from MainMenu.SettingsWindow._innerPanel._tabs._innerPanel._audioSettingsTab._scrollPanel._weatherSoundsSlider._slider
2026-09-12 14:31:58.968 +02:00 [INF] Connecting to 127.0.0.1:5400...
2026-09-12 14:31:58.976 +02:00 [INF] Connected [16c16d12-77f5-4366-a7bb-0d09a78df29d].
2026-09-12 14:31:58.981 +02:00 [INF] Connection approved [16c16d12-77f5-4366-a7bb-0d09a78df29d].
2026-09-12 14:31:59.062 +02:00 [INF] Updated PermissionSet 'default'
2026-09-12 14:31:59.062 +02:00 [INF] Updated PermissionSet 'admin'
2026-09-12 14:32:03.210 +02:00 [INF] Updating active permission set to 'admin'
2026-09-12 14:32:07.036 +02:00 [WRN] 'Me' is null.
2026-09-12 14:32:07.993 +02:00 [INF] Built VBO for map 9802b09c-f592-4d93-8e11-d3424500716c 'Deep Forest' in 52.5933ms
2026-09-12 14:32:08.010 +02:00 [INF] Built VBO for map 15601ad4-9f26-4abe-a6c9-3a7eebaa3045 'Forest' in 13.8545ms
2026-09-12 14:32:08.032 +02:00 [INF] Built VBO for map d490222a-af25-4a7f-bec3-7ca8016e08d7 'New Map' in 16.4607ms
2026-09-12 14:32:08.154 +02:00 [INF] Built VBO for map a31f210c-f5fb-48bf-9db2-45fab2293a4c 'Forest' in 119.787ms
2026-09-12 14:32:08.215 +02:00 [INF] Built VBO for map 27c6a7b2-4e9f-4316-9a0f-e13ec8e16ba2 'Forest' in 56.5912ms
2026-09-12 14:32:08.243 +02:00 [INF] Built VBO for map e341d25d-5ff4-4cd6-bcd5-2f2cda710c86 'Greenfall Vale' in 25.5087ms
2026-09-12 14:33:30.609 +02:00 [INF] System window closing (due to user interaction most likely).
2026-09-12 14:33:30.612 +02:00 [INF] Disconnected [16c16d12-77f5-4366-a7bb-0d09a78df29d].
2026-09-12 14:33:30.613 +02:00 [INF] Updating active permission set to 'default'
2026-09-12 14:33:30.641 +02:00 [INF] Acquiring context lock... (0ms)
2026-09-12 14:33:30.641 +02:00 [INF] Acquired. (0ms)
2026-09-12 14:33:30.641 +02:00 [INF] Beginning context dispose. (0ms)
2026-09-12 14:33:30.642 +02:00 [INF] GC.SuppressFinalize (0ms)
2026-09-12 14:33:30.642 +02:00 [INF] InternalDispose() completed. (0ms)
2026-09-12 14:33:30.642 +02:00 [INF] Clearing instance... (1ms)
2026-09-12 14:33:30.642 +02:00 [INF] Releasing context lock... (1ms)
2026-09-12 14:33:30.642 +02:00 [INF] Released. (1ms)
