2026-09-12 15:41:41.130 +02:00 [INF] Starting Eryndor Client v0.8.0.0-custom+32d39132dace1351f63375b261f241297dd35be8-dirty
2026-09-12 15:41:41.443 +02:00 [INF] Discovered service type: Intersect.Plugins.PluginService
2026-09-12 15:41:41.446 +02:00 [WRN] Directory was specified as a plugin directory but does not exist: 'resources\plugins'
2026-09-12 15:41:41.447 +02:00 [INF] Discovered 0 plugins:

2026-09-12 15:41:41.910 +02:00 [INF] Graphics pacing configured: targetMode=0, vsync=true, fixedStep=false, backBuffer=1760x990
2026-09-12 15:41:43.417 +02:00 [INF] Connecting to 127.0.0.1:5400...
2026-09-12 15:41:43.425 +02:00 [INF] Connected [e98be92f-4c98-44cc-b2ad-4e1a215bdccd].
2026-09-12 15:41:43.434 +02:00 [INF] Connection approved [e98be92f-4c98-44cc-b2ad-4e1a215bdccd].
2026-09-12 15:41:43.541 +02:00 [INF] Updated PermissionSet 'default'
2026-09-12 15:41:43.541 +02:00 [INF] Updated PermissionSet 'admin'
2026-09-12 15:41:47.060 +02:00 [INF] Updating active permission set to 'admin'
2026-09-12 15:41:49.967 +02:00 [WRN] 'Me' is null.
2026-09-12 15:41:51.118 +02:00 [INF] Built VBO for map 9802b09c-f592-4d93-8e11-d3424500716c 'Deep Forest' in 52.2059ms
2026-09-12 15:41:51.133 +02:00 [INF] Built VBO for map 15601ad4-9f26-4abe-a6c9-3a7eebaa3045 'Forest' in 11.3674ms
2026-09-12 15:41:51.154 +02:00 [INF] Built VBO for map d490222a-af25-4a7f-bec3-7ca8016e08d7 'New Map' in 15.7553ms
2026-09-12 15:41:51.270 +02:00 [INF] Built VBO for map a31f210c-f5fb-48bf-9db2-45fab2293a4c 'Forest' in 113.6757ms
2026-09-12 15:41:51.328 +02:00 [INF] Built VBO for map 27c6a7b2-4e9f-4316-9a0f-e13ec8e16ba2 'Forest' in 54.4322ms
2026-09-12 15:41:51.355 +02:00 [INF] Built VBO for map e341d25d-5ff4-4cd6-bcd5-2f2cda710c86 'Greenfall Vale' in 24.7774ms
2026-09-12 15:43:40.573 +02:00 [INF] System window closing (due to user interaction most likely).
2026-09-12 15:43:40.577 +02:00 [INF] Disconnected [e98be92f-4c98-44cc-b2ad-4e1a215bdccd].
2026-09-12 15:43:40.577 +02:00 [INF] Updating active permission set to 'default'
2026-09-12 15:43:40.605 +02:00 [INF] Acquiring context lock... (0ms)
2026-09-12 15:43:40.605 +02:00 [INF] Acquired. (0ms)
2026-09-12 15:43:40.606 +02:00 [INF] Beginning context dispose. (0ms)
2026-09-12 15:43:40.606 +02:00 [INF] GC.SuppressFinalize (0ms)
2026-09-12 15:43:40.606 +02:00 [INF] InternalDispose() completed. (0ms)
2026-09-12 15:43:40.606 +02:00 [INF] Clearing instance... (1ms)
2026-09-12 15:43:40.606 +02:00 [INF] Releasing context lock... (1ms)
2026-09-12 15:43:40.606 +02:00 [INF] Released. (1ms)
