2026-09-11 02:03:21.681 +02:00 [INF] Starting Eryndor Client v0.8.0.0-custom+32d39132dace1351f63375b261f241297dd35be8-dirty
2026-09-11 02:03:21.972 +02:00 [INF] Discovered service type: Intersect.Plugins.PluginService
2026-09-11 02:03:21.975 +02:00 [WRN] Directory was specified as a plugin directory but does not exist: 'resources\plugins'
2026-09-11 02:03:21.976 +02:00 [INF] Discovered 0 plugins:

2026-09-11 02:03:22.433 +02:00 [INF] Graphics pacing configured: targetMode=0, vsync=true, fixedStep=false, backBuffer=1760x990
2026-09-11 02:03:25.443 +02:00 [INF] Connecting to 127.0.0.1:5400...
2026-09-11 02:03:25.451 +02:00 [INF] Connected [d297f43b-d85e-402e-abc4-05343b016970].
2026-09-11 02:03:25.458 +02:00 [INF] Connection approved [d297f43b-d85e-402e-abc4-05343b016970].
2026-09-11 02:03:25.564 +02:00 [INF] Updated PermissionSet 'default'
2026-09-11 02:03:37.770 +02:00 [INF] Disconnected [d297f43b-d85e-402e-abc4-05343b016970].
2026-09-11 02:04:20.018 +02:00 [INF] User clicked exit button.
2026-09-11 02:04:20.059 +02:00 [INF] System window closing (due to user interaction most likely).
2026-09-11 02:04:20.087 +02:00 [INF] Acquiring context lock... (0ms)
2026-09-11 02:04:20.088 +02:00 [INF] Acquired. (0ms)
2026-09-11 02:04:20.088 +02:00 [INF] Beginning context dispose. (0ms)
2026-09-11 02:04:20.089 +02:00 [INF] GC.SuppressFinalize (0ms)
2026-09-11 02:04:20.089 +02:00 [INF] InternalDispose() completed. (0ms)
2026-09-11 02:04:20.089 +02:00 [INF] Clearing instance... (1ms)
2026-09-11 02:04:20.089 +02:00 [INF] Releasing context lock... (1ms)
2026-09-11 02:04:20.089 +02:00 [INF] Released. (1ms)
