2026-09-12 17:48:30.936 +02:00 [INF] Starting Eryndor Client v0.8.0.0-custom+32d39132dace1351f63375b261f241297dd35be8-dirty
2026-09-12 17:48:31.228 +02:00 [INF] Discovered service type: Intersect.Plugins.PluginService
2026-09-12 17:48:31.231 +02:00 [WRN] Directory was specified as a plugin directory but does not exist: 'resources\plugins'
2026-09-12 17:48:31.232 +02:00 [INF] Discovered 0 plugins:

2026-09-12 17:48:31.683 +02:00 [INF] Graphics pacing configured: targetMode=0, vsync=true, fixedStep=false, backBuffer=1760x990
2026-09-12 17:48:45.775 +02:00 [INF] Connecting to 127.0.0.1:5400...
2026-09-12 17:48:45.783 +02:00 [INF] Connected [925d123d-04e6-48e6-b57d-b2e6428397ca].
2026-09-12 17:48:45.793 +02:00 [INF] Connection approved [925d123d-04e6-48e6-b57d-b2e6428397ca].
2026-09-12 17:48:45.885 +02:00 [INF] Updated PermissionSet 'default'
2026-09-12 17:48:45.885 +02:00 [INF] Updated PermissionSet 'admin'
2026-09-12 17:49:31.020 +02:00 [INF] User clicked exit button.
2026-09-12 17:49:31.047 +02:00 [INF] System window closing (due to user interaction most likely).
2026-09-12 17:49:31.050 +02:00 [INF] Disconnected [925d123d-04e6-48e6-b57d-b2e6428397ca].
2026-09-12 17:49:31.087 +02:00 [INF] Acquiring context lock... (0ms)
2026-09-12 17:49:31.087 +02:00 [INF] Acquired. (0ms)
2026-09-12 17:49:31.088 +02:00 [INF] Beginning context dispose. (0ms)
2026-09-12 17:49:31.088 +02:00 [INF] GC.SuppressFinalize (0ms)
2026-09-12 17:49:31.088 +02:00 [INF] InternalDispose() completed. (0ms)
2026-09-12 17:49:31.088 +02:00 [INF] Clearing instance... (1ms)
2026-09-12 17:49:31.088 +02:00 [INF] Releasing context lock... (1ms)
2026-09-12 17:49:31.088 +02:00 [INF] Released. (1ms)
