2026-09-12 13:58:30.620 +02:00 [INF] Starting Eryndor Client v0.8.0.0-custom+32d39132dace1351f63375b261f241297dd35be8-dirty
2026-09-12 13:58:30.915 +02:00 [INF] Discovered service type: Intersect.Plugins.PluginService
2026-09-12 13:58:30.918 +02:00 [WRN] Directory was specified as a plugin directory but does not exist: 'resources\plugins'
2026-09-12 13:58:30.919 +02:00 [INF] Discovered 0 plugins:

2026-09-12 13:58:31.378 +02:00 [INF] Graphics pacing configured: targetMode=0, vsync=true, fixedStep=false, backBuffer=1760x990
2026-09-12 13:58:33.092 +02:00 [INF] Connecting to 127.0.0.1:5400...
2026-09-12 13:58:33.100 +02:00 [INF] Connected [5a3fe08f-0c84-4a7d-87d3-761271558834].
2026-09-12 13:58:33.112 +02:00 [INF] Connection approved [5a3fe08f-0c84-4a7d-87d3-761271558834].
2026-09-12 13:58:33.208 +02:00 [INF] Updated PermissionSet 'default'
2026-09-12 13:58:33.208 +02:00 [INF] Updated PermissionSet 'admin'
2026-09-12 13:58:40.325 +02:00 [INF] Updating active permission set to 'admin'
2026-09-12 13:58:48.651 +02:00 [WRN] 'Me' is null.
2026-09-12 13:58:49.798 +02:00 [INF] Built VBO for map 9802b09c-f592-4d93-8e11-d3424500716c 'Deep Forest' in 51.404ms
2026-09-12 13:58:49.812 +02:00 [INF] Built VBO for map 15601ad4-9f26-4abe-a6c9-3a7eebaa3045 'Forest' in 10.5041ms
2026-09-12 13:58:49.832 +02:00 [INF] Built VBO for map d490222a-af25-4a7f-bec3-7ca8016e08d7 'New Map' in 14.6683ms
2026-09-12 13:58:49.940 +02:00 [INF] Built VBO for map a31f210c-f5fb-48bf-9db2-45fab2293a4c 'Forest' in 105.9942ms
2026-09-12 13:58:49.992 +02:00 [INF] Built VBO for map 27c6a7b2-4e9f-4316-9a0f-e13ec8e16ba2 'Forest' in 48.8664ms
2026-09-12 13:58:50.018 +02:00 [INF] Built VBO for map e341d25d-5ff4-4cd6-bcd5-2f2cda710c86 'Greenfall Vale' in 23.4524ms
2026-09-12 14:02:03.437 +02:00 [INF] System window closing (due to user interaction most likely).
2026-09-12 14:02:03.440 +02:00 [INF] Disconnected [5a3fe08f-0c84-4a7d-87d3-761271558834].
2026-09-12 14:02:03.441 +02:00 [INF] Updating active permission set to 'default'
2026-09-12 14:02:03.481 +02:00 [INF] Acquiring context lock... (0ms)
2026-09-12 14:02:03.481 +02:00 [INF] Acquired. (0ms)
2026-09-12 14:02:03.482 +02:00 [INF] Beginning context dispose. (0ms)
2026-09-12 14:02:03.482 +02:00 [INF] GC.SuppressFinalize (0ms)
2026-09-12 14:02:03.482 +02:00 [INF] InternalDispose() completed. (0ms)
2026-09-12 14:02:03.482 +02:00 [INF] Clearing instance... (1ms)
2026-09-12 14:02:03.482 +02:00 [INF] Releasing context lock... (1ms)
2026-09-12 14:02:03.482 +02:00 [INF] Released. (1ms)
