2026-09-09 17:12:00.320 +02:00 [INF] Starting Eryndor Client v0.8.0.0-custom+32d39132dace1351f63375b261f241297dd35be8-dirty
2026-09-09 17:12:00.629 +02:00 [INF] Discovered service type: Intersect.Plugins.PluginService
2026-09-09 17:12:00.632 +02:00 [WRN] Directory was specified as a plugin directory but does not exist: 'resources\plugins'
2026-09-09 17:12:00.633 +02:00 [INF] Discovered 0 plugins:

2026-09-09 17:12:01.115 +02:00 [INF] Graphics pacing configured: targetMode=0, vsync=true, fixedStep=false, backBuffer=1760x990
2026-09-09 17:12:33.557 +02:00 [INF] Connecting to 127.0.0.1:5400...
2026-09-09 17:12:33.578 +02:00 [INF] Connected [a7e96c68-3dfc-4661-a2fc-c23ffdd0f7ed].
2026-09-09 17:12:33.591 +02:00 [INF] Connection approved [a7e96c68-3dfc-4661-a2fc-c23ffdd0f7ed].
2026-09-09 17:12:33.708 +02:00 [INF] Updated PermissionSet 'default'
2026-09-09 17:12:45.095 +02:00 [INF] Updated PermissionSet 'admin'
2026-09-09 17:12:45.095 +02:00 [INF] Updating active permission set to 'admin'
2026-09-09 17:12:47.404 +02:00 [WRN] 'Me' is null.
2026-09-09 17:12:48.444 +02:00 [INF] Built VBO for map 9802b09c-f592-4d93-8e11-d3424500716c 'Deep Forest' in 57.9404ms
2026-09-09 17:12:48.458 +02:00 [INF] Built VBO for map 15601ad4-9f26-4abe-a6c9-3a7eebaa3045 'Forest' in 11.1296ms
2026-09-09 17:12:48.485 +02:00 [INF] Built VBO for map d490222a-af25-4a7f-bec3-7ca8016e08d7 'New Map' in 21.9919ms
2026-09-09 17:12:48.607 +02:00 [INF] Built VBO for map a31f210c-f5fb-48bf-9db2-45fab2293a4c 'Forest' in 119.1152ms
2026-09-09 17:12:48.670 +02:00 [INF] Built VBO for map 27c6a7b2-4e9f-4316-9a0f-e13ec8e16ba2 'Forest' in 57.2511ms
2026-09-09 17:12:48.696 +02:00 [INF] Built VBO for map e341d25d-5ff4-4cd6-bcd5-2f2cda710c86 'Greenfall Vale' in 24.4545ms
2026-09-09 17:20:57.038 +02:00 [INF] System window closing (due to user interaction most likely).
2026-09-09 17:20:57.041 +02:00 [INF] Disconnected [a7e96c68-3dfc-4661-a2fc-c23ffdd0f7ed].
2026-09-09 17:20:57.042 +02:00 [INF] Updating active permission set to 'default'
2026-09-09 17:20:57.070 +02:00 [INF] Acquiring context lock... (0ms)
2026-09-09 17:20:57.070 +02:00 [INF] Acquired. (0ms)
2026-09-09 17:20:57.071 +02:00 [INF] Beginning context dispose. (0ms)
2026-09-09 17:20:57.071 +02:00 [INF] GC.SuppressFinalize (0ms)
2026-09-09 17:20:57.071 +02:00 [INF] InternalDispose() completed. (0ms)
2026-09-09 17:20:57.071 +02:00 [INF] Clearing instance... (1ms)
2026-09-09 17:20:57.071 +02:00 [INF] Releasing context lock... (1ms)
2026-09-09 17:20:57.071 +02:00 [INF] Released. (1ms)
