2026-09-12 20:41:19.042 +02:00 [INF] Starting Eryndor Client v0.8.0.0-custom+32d39132dace1351f63375b261f241297dd35be8-dirty
2026-09-12 20:41:19.282 +02:00 [INF] Discovered service type: Intersect.Plugins.PluginService
2026-09-12 20:41:19.285 +02:00 [WRN] Directory was specified as a plugin directory but does not exist: 'resources\plugins'
2026-09-12 20:41:19.286 +02:00 [INF] Discovered 0 plugins:

2026-09-12 20:41:19.755 +02:00 [INF] Graphics pacing configured: targetMode=0, vsync=true, fixedStep=false, backBuffer=1760x990
2026-09-12 20:41:21.257 +02:00 [INF] Connecting to 127.0.0.1:5400...
2026-09-12 20:41:21.265 +02:00 [INF] Connected [d5a41eb2-cfe0-482a-b1f3-00d7af8b295e].
2026-09-12 20:41:21.272 +02:00 [INF] Connection approved [d5a41eb2-cfe0-482a-b1f3-00d7af8b295e].
2026-09-12 20:41:21.369 +02:00 [INF] Updated PermissionSet 'default'
2026-09-12 20:41:21.369 +02:00 [INF] Updated PermissionSet 'admin'
2026-09-12 20:41:25.354 +02:00 [INF] Updating active permission set to 'admin'
2026-09-12 20:41:28.264 +02:00 [WRN] 'Me' is null.
2026-09-12 20:41:29.416 +02:00 [INF] Built VBO for map 9802b09c-f592-4d93-8e11-d3424500716c 'Deep Forest' in 50.4593ms
2026-09-12 20:41:29.430 +02:00 [INF] Built VBO for map 15601ad4-9f26-4abe-a6c9-3a7eebaa3045 'Forest' in 10.6609ms
2026-09-12 20:41:29.450 +02:00 [INF] Built VBO for map d490222a-af25-4a7f-bec3-7ca8016e08d7 'New Map' in 15.1288ms
2026-09-12 20:41:29.561 +02:00 [INF] Built VBO for map a31f210c-f5fb-48bf-9db2-45fab2293a4c 'Forest' in 108.277ms
2026-09-12 20:41:29.615 +02:00 [INF] Built VBO for map 27c6a7b2-4e9f-4316-9a0f-e13ec8e16ba2 'Forest' in 50.6005ms
2026-09-12 20:41:29.641 +02:00 [INF] Built VBO for map e341d25d-5ff4-4cd6-bcd5-2f2cda710c86 'Greenfall Vale' in 24.4838ms
2026-09-12 20:42:09.847 +02:00 [INF] Music volume set to 20 from InGame..SettingsWindow._innerPanel._tabs._innerPanel._audioSettingsTab._scrollPanel._musicSlider._slider
2026-09-12 20:42:09.847 +02:00 [INF] Sound volume set to 20 from InGame..SettingsWindow._innerPanel._tabs._innerPanel._audioSettingsTab._scrollPanel._soundEffectsSlider._slider
2026-09-12 20:42:09.847 +02:00 [INF] Weather sounds volume set to 80 from InGame..SettingsWindow._innerPanel._tabs._innerPanel._audioSettingsTab._scrollPanel._weatherSoundsSlider._slider
2026-09-12 20:42:23.015 +02:00 [INF] System window closing (due to user interaction most likely).
2026-09-12 20:42:23.018 +02:00 [INF] Disconnected [d5a41eb2-cfe0-482a-b1f3-00d7af8b295e].
2026-09-12 20:42:23.019 +02:00 [INF] Updating active permission set to 'default'
2026-09-12 20:42:23.056 +02:00 [INF] Acquiring context lock... (0ms)
2026-09-12 20:42:23.057 +02:00 [INF] Acquired. (0ms)
2026-09-12 20:42:23.057 +02:00 [INF] Beginning context dispose. (0ms)
2026-09-12 20:42:23.057 +02:00 [INF] GC.SuppressFinalize (0ms)
2026-09-12 20:42:23.058 +02:00 [INF] InternalDispose() completed. (0ms)
2026-09-12 20:42:23.058 +02:00 [INF] Clearing instance... (1ms)
2026-09-12 20:42:23.058 +02:00 [INF] Releasing context lock... (1ms)
2026-09-12 20:42:23.058 +02:00 [INF] Released. (1ms)
