2026-09-12 20:26:06.008 +02:00 [INF] Starting Eryndor Client v0.8.0.0-custom+32d39132dace1351f63375b261f241297dd35be8-dirty
2026-09-12 20:26:06.307 +02:00 [INF] Discovered service type: Intersect.Plugins.PluginService
2026-09-12 20:26:06.310 +02:00 [WRN] Directory was specified as a plugin directory but does not exist: 'resources\plugins'
2026-09-12 20:26:06.311 +02:00 [INF] Discovered 0 plugins:

2026-09-12 20:26:06.821 +02:00 [INF] Graphics pacing configured: targetMode=0, vsync=true, fixedStep=false, backBuffer=1760x990
2026-09-12 20:26:08.414 +02:00 [INF] Connecting to 127.0.0.1:5400...
2026-09-12 20:26:08.423 +02:00 [INF] Connected [530b668e-89a4-4103-b475-a165e63d3e25].
2026-09-12 20:26:08.437 +02:00 [INF] Connection approved [530b668e-89a4-4103-b475-a165e63d3e25].
2026-09-12 20:26:08.536 +02:00 [INF] Updated PermissionSet 'default'
2026-09-12 20:26:08.536 +02:00 [INF] Updated PermissionSet 'admin'
2026-09-12 20:26:12.837 +02:00 [INF] Updating active permission set to 'admin'
2026-09-12 20:26:15.881 +02:00 [WRN] 'Me' is null.
2026-09-12 20:26:17.084 +02:00 [INF] Built VBO for map 9802b09c-f592-4d93-8e11-d3424500716c 'Deep Forest' in 52.5928ms
2026-09-12 20:26:17.289 +02:00 [INF] Built VBO for map 15601ad4-9f26-4abe-a6c9-3a7eebaa3045 'Forest' in 12.0336ms
2026-09-12 20:26:17.312 +02:00 [INF] Built VBO for map d490222a-af25-4a7f-bec3-7ca8016e08d7 'New Map' in 16.598ms
2026-09-12 20:26:17.439 +02:00 [INF] Built VBO for map a31f210c-f5fb-48bf-9db2-45fab2293a4c 'Forest' in 124.6672ms
2026-09-12 20:26:17.498 +02:00 [INF] Built VBO for map 27c6a7b2-4e9f-4316-9a0f-e13ec8e16ba2 'Forest' in 55.3904ms
2026-09-12 20:26:17.527 +02:00 [INF] Built VBO for map e341d25d-5ff4-4cd6-bcd5-2f2cda710c86 'Greenfall Vale' in 26.5488ms
2026-09-12 20:27:21.233 +02:00 [WRN] 'Me' is null.
2026-09-12 20:27:21.233 +02:00 [WRN] 'Me' is null.
2026-09-12 20:27:21.233 +02:00 [WRN] 'Me' is null.
2026-09-12 20:27:21.233 +02:00 [WRN] 'Me' is null.
2026-09-12 20:27:21.233 +02:00 [WRN] 'Me' is null.
2026-09-12 20:27:21.233 +02:00 [WRN] 'Me' is null.
2026-09-12 20:27:21.233 +02:00 [WRN] 'Me' is null.
2026-09-12 20:27:21.233 +02:00 [WRN] 'Me' is null.
2026-09-12 20:27:21.233 +02:00 [WRN] 'Me' is null.
2026-09-12 20:27:21.233 +02:00 [WRN] 'Me' is null.
2026-09-12 20:27:21.233 +02:00 [WRN] 'Me' is null.
2026-09-12 20:27:21.233 +02:00 [WRN] 'Me' is null.
2026-09-12 20:27:21.233 +02:00 [WRN] 'Me' is null.
2026-09-12 20:27:21.233 +02:00 [WRN] 'Me' is null.
2026-09-12 20:27:21.233 +02:00 [WRN] 'Me' is null.
2026-09-12 20:27:21.234 +02:00 [WRN] 'Me' is null.
2026-09-12 20:27:21.234 +02:00 [WRN] 'Me' is null.
2026-09-12 20:27:22.769 +02:00 [WRN] 'Me' is null.
2026-09-12 20:27:23.221 +02:00 [INF] Built VBO for map 9802b09c-f592-4d93-8e11-d3424500716c 'Deep Forest' in 3.7052ms
2026-09-12 20:27:23.226 +02:00 [INF] Built VBO for map 15601ad4-9f26-4abe-a6c9-3a7eebaa3045 'Forest' in 3.7606ms
2026-09-12 20:27:23.232 +02:00 [INF] Built VBO for map d490222a-af25-4a7f-bec3-7ca8016e08d7 'New Map' in 3.5735ms
2026-09-12 20:27:23.271 +02:00 [INF] Built VBO for map a31f210c-f5fb-48bf-9db2-45fab2293a4c 'Forest' in 38.1178ms
2026-09-12 20:27:23.303 +02:00 [INF] Built VBO for map 27c6a7b2-4e9f-4316-9a0f-e13ec8e16ba2 'Forest' in 29.4148ms
2026-09-12 20:27:23.308 +02:00 [INF] Built VBO for map e341d25d-5ff4-4cd6-bcd5-2f2cda710c86 'Greenfall Vale' in 4.0819ms
2026-09-12 20:27:33.318 +02:00 [INF] System window closing (due to user interaction most likely).
2026-09-12 20:27:33.322 +02:00 [INF] Disconnected [530b668e-89a4-4103-b475-a165e63d3e25].
2026-09-12 20:27:33.322 +02:00 [INF] Updating active permission set to 'default'
2026-09-12 20:27:33.357 +02:00 [INF] Acquiring context lock... (0ms)
2026-09-12 20:27:33.357 +02:00 [INF] Acquired. (0ms)
2026-09-12 20:27:33.358 +02:00 [INF] Beginning context dispose. (0ms)
2026-09-12 20:27:33.358 +02:00 [INF] GC.SuppressFinalize (0ms)
2026-09-12 20:27:33.358 +02:00 [INF] InternalDispose() completed. (0ms)
2026-09-12 20:27:33.358 +02:00 [INF] Clearing instance... (1ms)
2026-09-12 20:27:33.359 +02:00 [INF] Releasing context lock... (1ms)
2026-09-12 20:27:33.359 +02:00 [INF] Released. (1ms)
