2026-09-09 22:59:47.008 +02:00 [INF] Starting Eryndor Client v0.8.0.0-custom+32d39132dace1351f63375b261f241297dd35be8-dirty
2026-09-09 22:59:47.373 +02:00 [INF] Discovered service type: Intersect.Plugins.PluginService
2026-09-09 22:59:47.377 +02:00 [WRN] Directory was specified as a plugin directory but does not exist: 'resources\plugins'
2026-09-09 22:59:47.378 +02:00 [INF] Discovered 0 plugins:

2026-09-09 22:59:47.889 +02:00 [INF] Graphics pacing configured: targetMode=0, vsync=true, fixedStep=false, backBuffer=1760x990
2026-09-09 23:00:04.999 +02:00 [INF] Connecting to 94.26.93.107:5400...
2026-09-09 23:00:05.020 +02:00 [INF] Connected [f6826c13-8d95-4b0b-af10-1a691b817869].
2026-09-09 23:00:05.029 +02:00 [INF] Connection approved [f6826c13-8d95-4b0b-af10-1a691b817869].
2026-09-09 23:00:05.153 +02:00 [INF] Updated PermissionSet 'default'
2026-09-09 23:00:09.395 +02:00 [INF] Updated PermissionSet 'admin'
2026-09-09 23:00:09.396 +02:00 [INF] Updating active permission set to 'admin'
2026-09-09 23:00:22.705 +02:00 [WRN] 'Me' is null.
2026-09-09 23:00:23.609 +02:00 [INF] Built VBO for map 000bacda-f0e9-4a92-ab09-e55bd4ad15c1 'New Map' in 30.7903ms
2026-09-09 23:00:23.625 +02:00 [INF] Built VBO for map f519d3ea-b6f4-4b17-b87a-1dcf003cd3ec 'New Map' in 13.0064ms
2026-09-09 23:00:23.686 +02:00 [INF] Built VBO for map 79db075f-0b0f-4061-8f23-d301db793c61 'Beach' in 55.4162ms
2026-09-09 23:00:38.637 +02:00 [INF] Music volume set to 20 from InGame..SettingsWindow._innerPanel._tabs._innerPanel._audioSettingsTab._scrollPanel._musicSlider._slider
2026-09-09 23:00:38.638 +02:00 [INF] Sound volume set to 20 from InGame..SettingsWindow._innerPanel._tabs._innerPanel._audioSettingsTab._scrollPanel._soundEffectsSlider._slider
2026-09-09 23:00:38.638 +02:00 [INF] Weather sounds volume set to 80 from InGame..SettingsWindow._innerPanel._tabs._innerPanel._audioSettingsTab._scrollPanel._weatherSoundsSlider._slider
2026-09-09 23:00:41.395 +02:00 [INF] Applying graphics FPS setting: selectedMode=0, selectedText=V-Sync, selectedData=0, previousMode=0
2026-09-09 23:01:05.907 +02:00 [INF] Disconnected [f6826c13-8d95-4b0b-af10-1a691b817869].
2026-09-09 23:01:05.907 +02:00 [INF] Updating active permission set to 'default'
2026-09-09 23:01:07.065 +02:00 [INF] Connecting to 94.26.93.107:5400...
2026-09-09 23:01:07.071 +02:00 [INF] Connected [73322be5-d185-4539-9cac-abfa93cba418].
2026-09-09 23:01:07.076 +02:00 [INF] Connection approved [73322be5-d185-4539-9cac-abfa93cba418].
2026-09-09 23:01:07.094 +02:00 [INF] Updated PermissionSet 'default'
2026-09-09 23:01:07.094 +02:00 [INF] Updated PermissionSet 'admin'
2026-09-09 23:01:10.996 +02:00 [INF] Disconnected [73322be5-d185-4539-9cac-abfa93cba418].
2026-09-09 23:01:10.996 +02:00 [INF] Updating active permission set to 'default'
2026-09-09 23:01:13.477 +02:00 [INF] User clicked exit button.
2026-09-09 23:01:13.499 +02:00 [INF] System window closing (due to user interaction most likely).
2026-09-09 23:01:13.533 +02:00 [INF] Acquiring context lock... (0ms)
2026-09-09 23:01:13.533 +02:00 [INF] Acquired. (0ms)
2026-09-09 23:01:13.534 +02:00 [INF] Beginning context dispose. (0ms)
2026-09-09 23:01:13.534 +02:00 [INF] GC.SuppressFinalize (0ms)
2026-09-09 23:01:13.534 +02:00 [INF] InternalDispose() completed. (0ms)
2026-09-09 23:01:13.534 +02:00 [INF] Clearing instance... (1ms)
2026-09-09 23:01:13.534 +02:00 [INF] Releasing context lock... (1ms)
2026-09-09 23:01:13.534 +02:00 [INF] Released. (1ms)
