2026-09-12 19:16:28.932 +02:00 [INF] Starting Eryndor Client v0.8.0.0-custom+32d39132dace1351f63375b261f241297dd35be8-dirty
2026-09-12 19:16:29.236 +02:00 [INF] Discovered service type: Intersect.Plugins.PluginService
2026-09-12 19:16:29.239 +02:00 [WRN] Directory was specified as a plugin directory but does not exist: 'resources\plugins'
2026-09-12 19:16:29.240 +02:00 [INF] Discovered 0 plugins:

2026-09-12 19:16:29.714 +02:00 [INF] Graphics pacing configured: targetMode=0, vsync=true, fixedStep=false, backBuffer=1760x990
2026-09-12 19:16:31.518 +02:00 [INF] Connecting to 127.0.0.1:5400...
2026-09-12 19:16:31.527 +02:00 [INF] Connected [fcc80f49-f24b-4563-b664-a9731372100b].
2026-09-12 19:16:31.544 +02:00 [INF] Connection approved [fcc80f49-f24b-4563-b664-a9731372100b].
2026-09-12 19:16:31.651 +02:00 [INF] Updated PermissionSet 'default'
2026-09-12 19:16:31.651 +02:00 [INF] Updated PermissionSet 'admin'
2026-09-12 19:16:55.709 +02:00 [INF] Updating active permission set to 'admin'
2026-09-12 19:16:59.693 +02:00 [WRN] 'Me' is null.
2026-09-12 19:17:00.734 +02:00 [INF] Built VBO for map 9802b09c-f592-4d93-8e11-d3424500716c 'Deep Forest' in 51.6251ms
2026-09-12 19:17:00.747 +02:00 [INF] Built VBO for map 15601ad4-9f26-4abe-a6c9-3a7eebaa3045 'Forest' in 10.5648ms
2026-09-12 19:17:00.770 +02:00 [INF] Built VBO for map d490222a-af25-4a7f-bec3-7ca8016e08d7 'New Map' in 17.3377ms
2026-09-12 19:17:00.884 +02:00 [INF] Built VBO for map a31f210c-f5fb-48bf-9db2-45fab2293a4c 'Forest' in 111.8024ms
2026-09-12 19:17:00.936 +02:00 [INF] Built VBO for map 27c6a7b2-4e9f-4316-9a0f-e13ec8e16ba2 'Forest' in 48.1453ms
2026-09-12 19:17:00.964 +02:00 [INF] Built VBO for map e341d25d-5ff4-4cd6-bcd5-2f2cda710c86 'Greenfall Vale' in 25.1738ms
2026-09-12 19:17:02.333 +02:00 [INF] Built VBO for map d490222a-af25-4a7f-bec3-7ca8016e08d7 'New Map' in 9.0543ms
2026-09-12 19:17:02.860 +02:00 [INF] Built VBO for map e341d25d-5ff4-4cd6-bcd5-2f2cda710c86 'Greenfall Vale' in 10.3566ms
2026-09-12 19:19:21.280 +02:00 [INF] System window closing (due to user interaction most likely).
2026-09-12 19:19:21.284 +02:00 [INF] Disconnected [fcc80f49-f24b-4563-b664-a9731372100b].
2026-09-12 19:19:21.285 +02:00 [INF] Updating active permission set to 'default'
2026-09-12 19:19:21.328 +02:00 [INF] Acquiring context lock... (0ms)
2026-09-12 19:19:21.328 +02:00 [INF] Acquired. (0ms)
2026-09-12 19:19:21.329 +02:00 [INF] Beginning context dispose. (0ms)
2026-09-12 19:19:21.330 +02:00 [INF] GC.SuppressFinalize (0ms)
2026-09-12 19:19:21.330 +02:00 [INF] InternalDispose() completed. (0ms)
2026-09-12 19:19:21.330 +02:00 [INF] Clearing instance... (2ms)
2026-09-12 19:19:21.330 +02:00 [INF] Releasing context lock... (2ms)
2026-09-12 19:19:21.330 +02:00 [INF] Released. (2ms)
