2026-09-11 01:47:49.183 +02:00 [INF] Starting Eryndor Client v0.8.0.0-custom+32d39132dace1351f63375b261f241297dd35be8-dirty
2026-09-11 01:47:49.427 +02:00 [INF] Discovered service type: Intersect.Plugins.PluginService
2026-09-11 01:47:49.430 +02:00 [WRN] Directory was specified as a plugin directory but does not exist: 'resources\plugins'
2026-09-11 01:47:49.431 +02:00 [INF] Discovered 0 plugins:

2026-09-11 01:47:49.904 +02:00 [INF] Graphics pacing configured: targetMode=0, vsync=true, fixedStep=false, backBuffer=1760x990
2026-09-11 01:47:51.628 +02:00 [INF] Connecting to 127.0.0.1:5400...
2026-09-11 01:47:51.636 +02:00 [INF] Connected [05527a18-95fb-4171-8c0f-6dbcd524b93b].
2026-09-11 01:47:51.654 +02:00 [INF] Connection approved [05527a18-95fb-4171-8c0f-6dbcd524b93b].
2026-09-11 01:47:51.772 +02:00 [INF] Updated PermissionSet 'default'
2026-09-11 01:47:57.818 +02:00 [INF] Disconnected [05527a18-95fb-4171-8c0f-6dbcd524b93b].
2026-09-11 01:47:58.048 +02:00 [INF] User clicked exit button.
2026-09-11 01:47:58.082 +02:00 [INF] System window closing (due to user interaction most likely).
2026-09-11 01:47:58.112 +02:00 [INF] Acquiring context lock... (0ms)
2026-09-11 01:47:58.112 +02:00 [INF] Acquired. (0ms)
2026-09-11 01:47:58.113 +02:00 [INF] Beginning context dispose. (0ms)
2026-09-11 01:47:58.113 +02:00 [INF] GC.SuppressFinalize (0ms)
2026-09-11 01:47:58.113 +02:00 [INF] InternalDispose() completed. (0ms)
2026-09-11 01:47:58.113 +02:00 [INF] Clearing instance... (1ms)
2026-09-11 01:47:58.113 +02:00 [INF] Releasing context lock... (1ms)
2026-09-11 01:47:58.113 +02:00 [INF] Released. (1ms)
