2026-09-12 13:17:32.860 +02:00 [INF] Starting Eryndor Client v0.8.0.0-custom+32d39132dace1351f63375b261f241297dd35be8-dirty
2026-09-12 13:17:33.165 +02:00 [INF] Discovered service type: Intersect.Plugins.PluginService
2026-09-12 13:17:33.168 +02:00 [WRN] Directory was specified as a plugin directory but does not exist: 'resources\plugins'
2026-09-12 13:17:33.169 +02:00 [INF] Discovered 0 plugins:

2026-09-12 13:17:33.635 +02:00 [INF] Graphics pacing configured: targetMode=0, vsync=true, fixedStep=false, backBuffer=1760x990
2026-09-12 13:17:35.346 +02:00 [INF] Connecting to 127.0.0.1:5400...
2026-09-12 13:17:35.355 +02:00 [INF] Connected [317aa55a-49b9-47a4-b09d-9209883d50dc].
2026-09-12 13:17:35.361 +02:00 [INF] Connection approved [317aa55a-49b9-47a4-b09d-9209883d50dc].
2026-09-12 13:17:35.461 +02:00 [INF] Updated PermissionSet 'default'
2026-09-12 13:17:35.462 +02:00 [INF] Updated PermissionSet 'admin'
2026-09-12 13:17:39.131 +02:00 [INF] Updating active permission set to 'admin'
2026-09-12 13:17:43.022 +02:00 [WRN] 'Me' is null.
2026-09-12 13:17:44.154 +02:00 [INF] Built VBO for map 9802b09c-f592-4d93-8e11-d3424500716c 'Deep Forest' in 49.9755ms
2026-09-12 13:17:44.168 +02:00 [INF] Built VBO for map 15601ad4-9f26-4abe-a6c9-3a7eebaa3045 'Forest' in 10.1849ms
2026-09-12 13:17:44.187 +02:00 [INF] Built VBO for map d490222a-af25-4a7f-bec3-7ca8016e08d7 'New Map' in 14.9372ms
2026-09-12 13:17:44.293 +02:00 [INF] Built VBO for map a31f210c-f5fb-48bf-9db2-45fab2293a4c 'Forest' in 104.2919ms
2026-09-12 13:17:44.346 +02:00 [INF] Built VBO for map 27c6a7b2-4e9f-4316-9a0f-e13ec8e16ba2 'Forest' in 47.9416ms
2026-09-12 13:17:44.372 +02:00 [INF] Built VBO for map e341d25d-5ff4-4cd6-bcd5-2f2cda710c86 'Greenfall Vale' in 24.2799ms
2026-09-12 13:19:18.046 +02:00 [WRN] 'Me' is null.
2026-09-12 13:19:18.046 +02:00 [WRN] 'Me' is null.
2026-09-12 13:19:18.046 +02:00 [WRN] 'Me' is null.
2026-09-12 13:19:18.046 +02:00 [WRN] 'Me' is null.
2026-09-12 13:19:18.046 +02:00 [WRN] 'Me' is null.
2026-09-12 13:19:18.046 +02:00 [WRN] 'Me' is null.
2026-09-12 13:19:18.046 +02:00 [WRN] 'Me' is null.
2026-09-12 13:19:18.046 +02:00 [WRN] 'Me' is null.
2026-09-12 13:19:18.046 +02:00 [WRN] 'Me' is null.
2026-09-12 13:19:18.046 +02:00 [WRN] 'Me' is null.
2026-09-12 13:19:18.046 +02:00 [WRN] 'Me' is null.
2026-09-12 13:19:18.046 +02:00 [WRN] 'Me' is null.
2026-09-12 13:19:18.046 +02:00 [WRN] 'Me' is null.
2026-09-12 13:19:18.046 +02:00 [WRN] 'Me' is null.
2026-09-12 13:19:18.046 +02:00 [WRN] 'Me' is null.
2026-09-12 13:19:18.046 +02:00 [WRN] 'Me' is null.
2026-09-12 13:19:18.046 +02:00 [WRN] 'Me' is null.
2026-09-12 13:19:18.046 +02:00 [WRN] 'Me' is null.
2026-09-12 13:19:18.046 +02:00 [WRN] 'Me' is null.
2026-09-12 13:19:18.046 +02:00 [WRN] 'Me' is null.
2026-09-12 13:19:18.046 +02:00 [WRN] 'Me' is null.
2026-09-12 13:19:18.046 +02:00 [WRN] 'Me' is null.
2026-09-12 13:19:26.978 +02:00 [INF] Disconnected [317aa55a-49b9-47a4-b09d-9209883d50dc].
2026-09-12 13:19:26.978 +02:00 [INF] Updating active permission set to 'default'
2026-09-12 13:19:42.578 +02:00 [INF] User clicked exit button.
2026-09-12 13:19:42.597 +02:00 [INF] System window closing (due to user interaction most likely).
2026-09-12 13:19:42.633 +02:00 [INF] Acquiring context lock... (0ms)
2026-09-12 13:19:42.633 +02:00 [INF] Acquired. (0ms)
2026-09-12 13:19:42.634 +02:00 [INF] Beginning context dispose. (0ms)
2026-09-12 13:19:42.634 +02:00 [INF] GC.SuppressFinalize (0ms)
2026-09-12 13:19:42.634 +02:00 [INF] InternalDispose() completed. (0ms)
2026-09-12 13:19:42.635 +02:00 [INF] Clearing instance... (1ms)
2026-09-12 13:19:42.635 +02:00 [INF] Releasing context lock... (1ms)
2026-09-12 13:19:42.635 +02:00 [INF] Released. (1ms)
