2026-09-09 16:26:35.656 +02:00 [INF] Starting Eryndor Client v0.8.0.0-custom+32d39132dace1351f63375b261f241297dd35be8-dirty
2026-09-09 16:26:35.891 +02:00 [INF] Discovered service type: Intersect.Plugins.PluginService
2026-09-09 16:26:35.894 +02:00 [WRN] Directory was specified as a plugin directory but does not exist: 'resources\plugins'
2026-09-09 16:26:35.895 +02:00 [INF] Discovered 0 plugins:

2026-09-09 16:26:36.370 +02:00 [INF] Graphics pacing configured: targetMode=0, vsync=true, fixedStep=false, backBuffer=1760x990
2026-09-09 16:26:38.057 +02:00 [INF] Connecting to 127.0.0.1:5400...
2026-09-09 16:26:38.076 +02:00 [INF] Connected [c51a512e-adda-4470-aeda-e3104c3971f6].
2026-09-09 16:26:38.097 +02:00 [INF] Connection approved [c51a512e-adda-4470-aeda-e3104c3971f6].
2026-09-09 16:26:38.205 +02:00 [INF] Updated PermissionSet 'default'
2026-09-09 16:26:42.272 +02:00 [INF] Updated PermissionSet 'admin'
2026-09-09 16:26:42.272 +02:00 [INF] Updating active permission set to 'admin'
2026-09-09 16:26:45.367 +02:00 [WRN] 'Me' is null.
2026-09-09 16:26:46.513 +02:00 [INF] Built VBO for map 9802b09c-f592-4d93-8e11-d3424500716c 'Deep Forest' in 52.9351ms
2026-09-09 16:26:46.529 +02:00 [INF] Built VBO for map 15601ad4-9f26-4abe-a6c9-3a7eebaa3045 'Forest' in 12.1111ms
2026-09-09 16:26:46.556 +02:00 [INF] Built VBO for map d490222a-af25-4a7f-bec3-7ca8016e08d7 'New Map' in 19.8814ms
2026-09-09 16:26:46.677 +02:00 [INF] Built VBO for map a31f210c-f5fb-48bf-9db2-45fab2293a4c 'Forest' in 118.676ms
2026-09-09 16:26:46.735 +02:00 [INF] Built VBO for map 27c6a7b2-4e9f-4316-9a0f-e13ec8e16ba2 'Forest' in 54.5079ms
2026-09-09 16:26:46.762 +02:00 [INF] Built VBO for map e341d25d-5ff4-4cd6-bcd5-2f2cda710c86 'Greenfall Vale' in 24.6777ms
2026-09-09 16:35:18.870 +02:00 [INF] System window closing (due to user interaction most likely).
2026-09-09 16:35:18.874 +02:00 [INF] Disconnected [c51a512e-adda-4470-aeda-e3104c3971f6].
2026-09-09 16:35:18.874 +02:00 [INF] Updating active permission set to 'default'
2026-09-09 16:35:18.910 +02:00 [INF] Acquiring context lock... (0ms)
2026-09-09 16:35:18.910 +02:00 [INF] Acquired. (0ms)
2026-09-09 16:35:18.911 +02:00 [INF] Beginning context dispose. (0ms)
2026-09-09 16:35:18.912 +02:00 [INF] GC.SuppressFinalize (0ms)
2026-09-09 16:35:18.912 +02:00 [INF] InternalDispose() completed. (0ms)
2026-09-09 16:35:18.912 +02:00 [INF] Clearing instance... (1ms)
2026-09-09 16:35:18.912 +02:00 [INF] Releasing context lock... (1ms)
2026-09-09 16:35:18.912 +02:00 [INF] Released. (1ms)
