2026-09-11 02:21:46.648 +02:00 [INF] Starting Eryndor Client v0.8.0.0-custom+32d39132dace1351f63375b261f241297dd35be8-dirty
2026-09-11 02:21:46.897 +02:00 [INF] Discovered service type: Intersect.Plugins.PluginService
2026-09-11 02:21:46.900 +02:00 [WRN] Directory was specified as a plugin directory but does not exist: 'resources\plugins'
2026-09-11 02:21:46.901 +02:00 [INF] Discovered 0 plugins:

2026-09-11 02:21:47.363 +02:00 [INF] Graphics pacing configured: targetMode=0, vsync=true, fixedStep=false, backBuffer=1760x990
2026-09-11 02:21:49.372 +02:00 [INF] Connecting to 127.0.0.1:5400...
2026-09-11 02:21:49.381 +02:00 [INF] Connected [1270bbb4-e0ee-4b45-adcf-efba3f1b4536].
2026-09-11 02:21:49.405 +02:00 [INF] Connection approved [1270bbb4-e0ee-4b45-adcf-efba3f1b4536].
2026-09-11 02:21:49.503 +02:00 [INF] Updated PermissionSet 'default'
2026-09-11 02:24:16.617 +02:00 [INF] Disconnected [1270bbb4-e0ee-4b45-adcf-efba3f1b4536].
2026-09-11 02:24:50.300 +02:00 [INF] Connecting to 127.0.0.1:5400...
2026-09-11 02:24:50.304 +02:00 [INF] Connected [3d989487-e9cc-46ba-908a-30b2906a9dff].
2026-09-11 02:24:50.310 +02:00 [INF] Connection approved [3d989487-e9cc-46ba-908a-30b2906a9dff].
2026-09-11 02:24:50.322 +02:00 [INF] Updated PermissionSet 'default'
2026-09-11 02:25:05.459 +02:00 [INF] Disconnected [3d989487-e9cc-46ba-908a-30b2906a9dff].
2026-09-11 02:25:05.459 +02:00 [INF] Updating active permission set to 'default'
2026-09-11 02:25:06.982 +02:00 [INF] Music volume set to 20 from MainMenu.SettingsWindow._innerPanel._tabs._innerPanel._audioSettingsTab._scrollPanel._musicSlider._slider
2026-09-11 02:25:06.983 +02:00 [INF] Sound volume set to 20 from MainMenu.SettingsWindow._innerPanel._tabs._innerPanel._audioSettingsTab._scrollPanel._soundEffectsSlider._slider
2026-09-11 02:25:06.983 +02:00 [INF] Weather sounds volume set to 80 from MainMenu.SettingsWindow._innerPanel._tabs._innerPanel._audioSettingsTab._scrollPanel._weatherSoundsSlider._slider
2026-09-11 02:25:09.349 +02:00 [INF] Connecting to 127.0.0.1:5400...
2026-09-11 02:25:09.353 +02:00 [INF] Connected [466b83ef-275e-47b3-b9c7-e2b31eda861b].
2026-09-11 02:25:09.358 +02:00 [INF] Connection approved [466b83ef-275e-47b3-b9c7-e2b31eda861b].
2026-09-11 02:25:09.374 +02:00 [INF] Updated PermissionSet 'default'
2026-09-11 02:25:17.086 +02:00 [INF] User clicked exit button.
2026-09-11 02:25:17.266 +02:00 [INF] System window closing (due to user interaction most likely).
2026-09-11 02:25:17.266 +02:00 [INF] Disconnected [466b83ef-275e-47b3-b9c7-e2b31eda861b].
2026-09-11 02:25:17.266 +02:00 [INF] Updating active permission set to 'default'
2026-09-11 02:25:17.307 +02:00 [INF] Acquiring context lock... (0ms)
2026-09-11 02:25:17.307 +02:00 [INF] Acquired. (0ms)
2026-09-11 02:25:17.308 +02:00 [INF] Beginning context dispose. (0ms)
2026-09-11 02:25:17.308 +02:00 [INF] GC.SuppressFinalize (0ms)
2026-09-11 02:25:17.308 +02:00 [INF] InternalDispose() completed. (0ms)
2026-09-11 02:25:17.308 +02:00 [INF] Clearing instance... (1ms)
2026-09-11 02:25:17.308 +02:00 [INF] Releasing context lock... (1ms)
2026-09-11 02:25:17.308 +02:00 [INF] Released. (1ms)
