2026-09-09 16:19:59.764 +02:00 [INF] Starting Eryndor Client v0.8.0.0-custom+32d39132dace1351f63375b261f241297dd35be8-dirty
2026-09-09 16:20:00.004 +02:00 [INF] Discovered service type: Intersect.Plugins.PluginService
2026-09-09 16:20:00.008 +02:00 [WRN] Directory was specified as a plugin directory but does not exist: 'resources\plugins'
2026-09-09 16:20:00.009 +02:00 [INF] Discovered 0 plugins:

2026-09-09 16:20:00.477 +02:00 [INF] Graphics pacing configured: targetMode=0, vsync=true, fixedStep=false, backBuffer=1760x990
2026-09-09 16:20:04.055 +02:00 [INF] Connecting to 127.0.0.1:5400...
2026-09-09 16:20:04.077 +02:00 [INF] Connected [ae5edf69-d410-4a83-93ef-c04bc28c3bf7].
2026-09-09 16:20:04.087 +02:00 [INF] Connection approved [ae5edf69-d410-4a83-93ef-c04bc28c3bf7].
2026-09-09 16:20:04.218 +02:00 [INF] Updated PermissionSet 'default'
2026-09-09 16:20:08.461 +02:00 [INF] Updated PermissionSet 'admin'
2026-09-09 16:20:08.461 +02:00 [INF] Updating active permission set to 'admin'
2026-09-09 16:20:11.521 +02:00 [WRN] 'Me' is null.
2026-09-09 16:20:12.591 +02:00 [INF] Built VBO for map 9802b09c-f592-4d93-8e11-d3424500716c 'Deep Forest' in 53.1074ms
2026-09-09 16:20:12.604 +02:00 [INF] Built VBO for map 15601ad4-9f26-4abe-a6c9-3a7eebaa3045 'Forest' in 10.556ms
2026-09-09 16:20:12.625 +02:00 [INF] Built VBO for map d490222a-af25-4a7f-bec3-7ca8016e08d7 'New Map' in 15.5919ms
2026-09-09 16:20:12.739 +02:00 [INF] Built VBO for map a31f210c-f5fb-48bf-9db2-45fab2293a4c 'Forest' in 112.1093ms
2026-09-09 16:20:12.794 +02:00 [INF] Built VBO for map 27c6a7b2-4e9f-4316-9a0f-e13ec8e16ba2 'Forest' in 50.5345ms
2026-09-09 16:20:12.820 +02:00 [INF] Built VBO for map e341d25d-5ff4-4cd6-bcd5-2f2cda710c86 'Greenfall Vale' in 23.7446ms
2026-09-09 16:21:49.758 +02:00 [INF] System window closing (due to user interaction most likely).
2026-09-09 16:21:49.761 +02:00 [INF] Disconnected [ae5edf69-d410-4a83-93ef-c04bc28c3bf7].
2026-09-09 16:21:49.762 +02:00 [INF] Updating active permission set to 'default'
2026-09-09 16:21:49.799 +02:00 [INF] Acquiring context lock... (0ms)
2026-09-09 16:21:49.799 +02:00 [INF] Acquired. (0ms)
2026-09-09 16:21:49.800 +02:00 [INF] Beginning context dispose. (0ms)
2026-09-09 16:21:49.801 +02:00 [INF] GC.SuppressFinalize (0ms)
2026-09-09 16:21:49.801 +02:00 [INF] InternalDispose() completed. (0ms)
2026-09-09 16:21:49.801 +02:00 [INF] Clearing instance... (1ms)
2026-09-09 16:21:49.801 +02:00 [INF] Releasing context lock... (1ms)
2026-09-09 16:21:49.801 +02:00 [INF] Released. (1ms)
