2026-09-12 13:24:03.444 +02:00 [INF] Starting Eryndor Client v0.8.0.0-custom+32d39132dace1351f63375b261f241297dd35be8-dirty
2026-09-12 13:24:03.735 +02:00 [INF] Discovered service type: Intersect.Plugins.PluginService
2026-09-12 13:24:03.738 +02:00 [WRN] Directory was specified as a plugin directory but does not exist: 'resources\plugins'
2026-09-12 13:24:03.739 +02:00 [INF] Discovered 0 plugins:

2026-09-12 13:24:04.189 +02:00 [INF] Graphics pacing configured: targetMode=0, vsync=true, fixedStep=false, backBuffer=1760x990
2026-09-12 13:24:06.274 +02:00 [INF] Connecting to 127.0.0.1:5400...
2026-09-12 13:24:06.283 +02:00 [INF] Connected [852d931d-8542-4cf5-9c62-718dff37b242].
2026-09-12 13:24:06.297 +02:00 [INF] Connection approved [852d931d-8542-4cf5-9c62-718dff37b242].
2026-09-12 13:24:06.404 +02:00 [INF] Updated PermissionSet 'default'
2026-09-12 13:24:06.404 +02:00 [INF] Updated PermissionSet 'admin'
2026-09-12 13:24:12.458 +02:00 [INF] Updating active permission set to 'admin'
2026-09-12 13:24:16.817 +02:00 [WRN] 'Me' is null.
2026-09-12 13:24:17.912 +02:00 [INF] Built VBO for map 9802b09c-f592-4d93-8e11-d3424500716c 'Deep Forest' in 51.5256ms
2026-09-12 13:24:17.926 +02:00 [INF] Built VBO for map 15601ad4-9f26-4abe-a6c9-3a7eebaa3045 'Forest' in 11.0462ms
2026-09-12 13:24:17.949 +02:00 [INF] Built VBO for map d490222a-af25-4a7f-bec3-7ca8016e08d7 'New Map' in 17.8171ms
2026-09-12 13:24:18.065 +02:00 [INF] Built VBO for map a31f210c-f5fb-48bf-9db2-45fab2293a4c 'Forest' in 113.1107ms
2026-09-12 13:24:18.119 +02:00 [INF] Built VBO for map 27c6a7b2-4e9f-4316-9a0f-e13ec8e16ba2 'Forest' in 50.3259ms
2026-09-12 13:24:18.148 +02:00 [INF] Built VBO for map e341d25d-5ff4-4cd6-bcd5-2f2cda710c86 'Greenfall Vale' in 26.5509ms
2026-09-12 13:28:40.204 +02:00 [INF] System window closing (due to user interaction most likely).
2026-09-12 13:28:40.208 +02:00 [INF] Disconnected [852d931d-8542-4cf5-9c62-718dff37b242].
2026-09-12 13:28:40.208 +02:00 [INF] Updating active permission set to 'default'
2026-09-12 13:28:40.246 +02:00 [INF] Acquiring context lock... (0ms)
2026-09-12 13:28:40.246 +02:00 [INF] Acquired. (0ms)
2026-09-12 13:28:40.247 +02:00 [INF] Beginning context dispose. (0ms)
2026-09-12 13:28:40.247 +02:00 [INF] GC.SuppressFinalize (0ms)
2026-09-12 13:28:40.247 +02:00 [INF] InternalDispose() completed. (0ms)
2026-09-12 13:28:40.247 +02:00 [INF] Clearing instance... (1ms)
2026-09-12 13:28:40.247 +02:00 [INF] Releasing context lock... (1ms)
2026-09-12 13:28:40.247 +02:00 [INF] Released. (1ms)
