2026-09-12 14:13:41.639 +02:00 [INF] Starting Eryndor Client v0.8.0.0-custom+32d39132dace1351f63375b261f241297dd35be8-dirty
2026-09-12 14:13:41.881 +02:00 [INF] Discovered service type: Intersect.Plugins.PluginService
2026-09-12 14:13:41.885 +02:00 [WRN] Directory was specified as a plugin directory but does not exist: 'resources\plugins'
2026-09-12 14:13:41.886 +02:00 [INF] Discovered 0 plugins:

2026-09-12 14:13:42.352 +02:00 [INF] Graphics pacing configured: targetMode=0, vsync=true, fixedStep=false, backBuffer=1760x990
2026-09-12 14:13:43.893 +02:00 [INF] Connecting to 127.0.0.1:5400...
2026-09-12 14:13:43.901 +02:00 [INF] Connected [27b21f86-c767-4043-8c21-092ca60ca795].
2026-09-12 14:13:43.914 +02:00 [INF] Connection approved [27b21f86-c767-4043-8c21-092ca60ca795].
2026-09-12 14:13:44.010 +02:00 [INF] Updated PermissionSet 'default'
2026-09-12 14:13:44.012 +02:00 [INF] Updated PermissionSet 'admin'
2026-09-12 14:13:47.460 +02:00 [INF] Updating active permission set to 'admin'
2026-09-12 14:13:50.720 +02:00 [WRN] 'Me' is null.
2026-09-12 14:13:51.829 +02:00 [INF] Built VBO for map 9802b09c-f592-4d93-8e11-d3424500716c 'Deep Forest' in 51.6197ms
2026-09-12 14:13:51.843 +02:00 [INF] Built VBO for map 15601ad4-9f26-4abe-a6c9-3a7eebaa3045 'Forest' in 11.0311ms
2026-09-12 14:13:51.867 +02:00 [INF] Built VBO for map d490222a-af25-4a7f-bec3-7ca8016e08d7 'New Map' in 17.7764ms
2026-09-12 14:13:51.981 +02:00 [INF] Built VBO for map a31f210c-f5fb-48bf-9db2-45fab2293a4c 'Forest' in 111.5852ms
2026-09-12 14:13:52.039 +02:00 [INF] Built VBO for map 27c6a7b2-4e9f-4316-9a0f-e13ec8e16ba2 'Forest' in 54.8897ms
2026-09-12 14:13:52.066 +02:00 [INF] Built VBO for map e341d25d-5ff4-4cd6-bcd5-2f2cda710c86 'Greenfall Vale' in 24.0719ms
2026-09-12 14:16:14.623 +02:00 [INF] System window closing (due to user interaction most likely).
2026-09-12 14:16:14.627 +02:00 [INF] Disconnected [27b21f86-c767-4043-8c21-092ca60ca795].
2026-09-12 14:16:14.627 +02:00 [INF] Updating active permission set to 'default'
2026-09-12 14:16:14.661 +02:00 [INF] Acquiring context lock... (0ms)
2026-09-12 14:16:14.661 +02:00 [INF] Acquired. (0ms)
2026-09-12 14:16:14.662 +02:00 [INF] Beginning context dispose. (0ms)
2026-09-12 14:16:14.662 +02:00 [INF] GC.SuppressFinalize (0ms)
2026-09-12 14:16:14.662 +02:00 [INF] InternalDispose() completed. (0ms)
2026-09-12 14:16:14.662 +02:00 [INF] Clearing instance... (1ms)
2026-09-12 14:16:14.662 +02:00 [INF] Releasing context lock... (1ms)
2026-09-12 14:16:14.662 +02:00 [INF] Released. (1ms)
