2026-09-12 15:57:07.962 +02:00 [INF] Starting Eryndor Client v0.8.0.0-custom+32d39132dace1351f63375b261f241297dd35be8-dirty
2026-09-12 15:57:08.203 +02:00 [INF] Discovered service type: Intersect.Plugins.PluginService
2026-09-12 15:57:08.206 +02:00 [WRN] Directory was specified as a plugin directory but does not exist: 'resources\plugins'
2026-09-12 15:57:08.207 +02:00 [INF] Discovered 0 plugins:

2026-09-12 15:57:08.671 +02:00 [INF] Graphics pacing configured: targetMode=0, vsync=true, fixedStep=false, backBuffer=1760x990
2026-09-12 15:57:10.638 +02:00 [INF] Connecting to 127.0.0.1:5400...
2026-09-12 15:57:10.647 +02:00 [INF] Connected [d7aea94b-ac8c-4c29-b2af-dc86c1944b07].
2026-09-12 15:57:10.656 +02:00 [INF] Connection approved [d7aea94b-ac8c-4c29-b2af-dc86c1944b07].
2026-09-12 15:57:10.758 +02:00 [INF] Updated PermissionSet 'default'
2026-09-12 15:57:10.759 +02:00 [INF] Updated PermissionSet 'admin'
2026-09-12 15:57:14.893 +02:00 [INF] Updating active permission set to 'admin'
2026-09-12 15:57:20.218 +02:00 [WRN] 'Me' is null.
2026-09-12 15:57:21.336 +02:00 [INF] Built VBO for map 9802b09c-f592-4d93-8e11-d3424500716c 'Deep Forest' in 50.7381ms
2026-09-12 15:57:21.352 +02:00 [INF] Built VBO for map 15601ad4-9f26-4abe-a6c9-3a7eebaa3045 'Forest' in 12.3441ms
2026-09-12 15:57:21.371 +02:00 [INF] Built VBO for map d490222a-af25-4a7f-bec3-7ca8016e08d7 'New Map' in 15.0767ms
2026-09-12 15:57:21.480 +02:00 [INF] Built VBO for map a31f210c-f5fb-48bf-9db2-45fab2293a4c 'Forest' in 106.107ms
2026-09-12 15:57:21.536 +02:00 [INF] Built VBO for map 27c6a7b2-4e9f-4316-9a0f-e13ec8e16ba2 'Forest' in 49.7473ms
2026-09-12 15:57:21.562 +02:00 [INF] Built VBO for map e341d25d-5ff4-4cd6-bcd5-2f2cda710c86 'Greenfall Vale' in 24.2474ms
2026-09-12 16:20:33.716 +02:00 [INF] Disconnected [d7aea94b-ac8c-4c29-b2af-dc86c1944b07].
2026-09-12 16:20:33.716 +02:00 [INF] Updating active permission set to 'default'
2026-09-12 16:20:41.171 +02:00 [INF] User clicked exit button.
2026-09-12 16:20:41.190 +02:00 [INF] System window closing (due to user interaction most likely).
2026-09-12 16:20:41.234 +02:00 [INF] Acquiring context lock... (0ms)
2026-09-12 16:20:41.234 +02:00 [INF] Acquired. (0ms)
2026-09-12 16:20:41.235 +02:00 [INF] Beginning context dispose. (0ms)
2026-09-12 16:20:41.235 +02:00 [INF] GC.SuppressFinalize (0ms)
2026-09-12 16:20:41.235 +02:00 [INF] InternalDispose() completed. (0ms)
2026-09-12 16:20:41.235 +02:00 [INF] Clearing instance... (1ms)
2026-09-12 16:20:41.235 +02:00 [INF] Releasing context lock... (1ms)
2026-09-12 16:20:41.235 +02:00 [INF] Released. (1ms)
