2026-09-09 11:40:24.811 +02:00 [INF] Starting Eryndor Client v0.8.0.0-custom+32d39132dace1351f63375b261f241297dd35be8-dirty
2026-09-09 11:40:25.060 +02:00 [INF] Discovered service type: Intersect.Plugins.PluginService
2026-09-09 11:40:25.065 +02:00 [WRN] Directory was specified as a plugin directory but does not exist: 'resources\plugins'
2026-09-09 11:40:25.066 +02:00 [INF] Discovered 0 plugins:

2026-09-09 11:40:25.524 +02:00 [INF] Graphics pacing configured: targetMode=0, vsync=true, fixedStep=false, backBuffer=1760x990
2026-09-09 11:40:26.931 +02:00 [INF] Connecting to 127.0.0.1:5400...
2026-09-09 11:40:26.939 +02:00 [INF] Connected [1dc771ed-2c2b-483f-b1fb-7c5a29693d40].
2026-09-09 11:40:26.944 +02:00 [INF] Connection approved [1dc771ed-2c2b-483f-b1fb-7c5a29693d40].
2026-09-09 11:40:27.045 +02:00 [INF] Updated PermissionSet 'default'
2026-09-09 11:40:27.045 +02:00 [INF] Updated PermissionSet 'admin'
2026-09-09 11:40:30.894 +02:00 [INF] Updating active permission set to 'admin'
2026-09-09 11:40:55.382 +02:00 [WRN] 'Me' is null.
2026-09-09 11:40:56.466 +02:00 [INF] Built VBO for map 9802b09c-f592-4d93-8e11-d3424500716c 'Deep Forest' in 53.0379ms
2026-09-09 11:40:56.480 +02:00 [INF] Built VBO for map 15601ad4-9f26-4abe-a6c9-3a7eebaa3045 'Forest' in 11.2713ms
2026-09-09 11:40:56.504 +02:00 [INF] Built VBO for map d490222a-af25-4a7f-bec3-7ca8016e08d7 'New Map' in 18.136ms
2026-09-09 11:40:56.621 +02:00 [INF] Built VBO for map a31f210c-f5fb-48bf-9db2-45fab2293a4c 'Forest' in 113.5695ms
2026-09-09 11:40:56.678 +02:00 [INF] Built VBO for map 27c6a7b2-4e9f-4316-9a0f-e13ec8e16ba2 'Forest' in 53.9664ms
2026-09-09 11:40:56.705 +02:00 [INF] Built VBO for map e341d25d-5ff4-4cd6-bcd5-2f2cda710c86 'Greenfall Vale' in 24.5026ms
2026-09-09 11:41:54.426 +02:00 [INF] System window closing (due to user interaction most likely).
2026-09-09 11:41:54.429 +02:00 [INF] Disconnected [1dc771ed-2c2b-483f-b1fb-7c5a29693d40].
2026-09-09 11:41:54.430 +02:00 [INF] Updating active permission set to 'default'
2026-09-09 11:41:54.475 +02:00 [INF] Acquiring context lock... (0ms)
2026-09-09 11:41:54.475 +02:00 [INF] Acquired. (0ms)
2026-09-09 11:41:54.476 +02:00 [INF] Beginning context dispose. (0ms)
2026-09-09 11:41:54.476 +02:00 [INF] GC.SuppressFinalize (0ms)
2026-09-09 11:41:54.476 +02:00 [INF] InternalDispose() completed. (0ms)
2026-09-09 11:41:54.476 +02:00 [INF] Clearing instance... (1ms)
2026-09-09 11:41:54.476 +02:00 [INF] Releasing context lock... (1ms)
2026-09-09 11:41:54.476 +02:00 [INF] Released. (1ms)
