2026-09-12 13:34:51.608 +02:00 [INF] Starting Eryndor Client v0.8.0.0-custom+32d39132dace1351f63375b261f241297dd35be8-dirty
2026-09-12 13:34:51.905 +02:00 [INF] Discovered service type: Intersect.Plugins.PluginService
2026-09-12 13:34:51.909 +02:00 [WRN] Directory was specified as a plugin directory but does not exist: 'resources\plugins'
2026-09-12 13:34:51.910 +02:00 [INF] Discovered 0 plugins:

2026-09-12 13:34:52.374 +02:00 [INF] Graphics pacing configured: targetMode=0, vsync=true, fixedStep=false, backBuffer=1760x990
2026-09-12 13:34:54.104 +02:00 [INF] Connecting to 127.0.0.1:5400...
2026-09-12 13:34:54.113 +02:00 [INF] Connected [5c99dbd3-5d44-41da-a6ea-e7ec268a5b2b].
2026-09-12 13:34:54.131 +02:00 [INF] Connection approved [5c99dbd3-5d44-41da-a6ea-e7ec268a5b2b].
2026-09-12 13:34:54.244 +02:00 [INF] Updated PermissionSet 'default'
2026-09-12 13:34:54.244 +02:00 [INF] Updated PermissionSet 'admin'
2026-09-12 13:35:00.250 +02:00 [INF] Updating active permission set to 'admin'
2026-09-12 13:35:03.240 +02:00 [WRN] 'Me' is null.
2026-09-12 13:35:04.365 +02:00 [INF] Built VBO for map 9802b09c-f592-4d93-8e11-d3424500716c 'Deep Forest' in 51.2399ms
2026-09-12 13:35:04.380 +02:00 [INF] Built VBO for map 15601ad4-9f26-4abe-a6c9-3a7eebaa3045 'Forest' in 10.87ms
2026-09-12 13:35:04.406 +02:00 [INF] Built VBO for map d490222a-af25-4a7f-bec3-7ca8016e08d7 'New Map' in 19.8358ms
2026-09-12 13:35:04.519 +02:00 [INF] Built VBO for map a31f210c-f5fb-48bf-9db2-45fab2293a4c 'Forest' in 110.3933ms
2026-09-12 13:35:04.575 +02:00 [INF] Built VBO for map 27c6a7b2-4e9f-4316-9a0f-e13ec8e16ba2 'Forest' in 51.5937ms
2026-09-12 13:35:04.602 +02:00 [INF] Built VBO for map e341d25d-5ff4-4cd6-bcd5-2f2cda710c86 'Greenfall Vale' in 25.0336ms
2026-09-12 13:36:50.496 +02:00 [INF] System window closing (due to user interaction most likely).
2026-09-12 13:36:50.499 +02:00 [INF] Disconnected [5c99dbd3-5d44-41da-a6ea-e7ec268a5b2b].
2026-09-12 13:36:50.500 +02:00 [INF] Updating active permission set to 'default'
2026-09-12 13:36:50.536 +02:00 [INF] Acquiring context lock... (0ms)
2026-09-12 13:36:50.536 +02:00 [INF] Acquired. (0ms)
2026-09-12 13:36:50.536 +02:00 [INF] Beginning context dispose. (0ms)
2026-09-12 13:36:50.537 +02:00 [INF] GC.SuppressFinalize (0ms)
2026-09-12 13:36:50.537 +02:00 [INF] InternalDispose() completed. (0ms)
2026-09-12 13:36:50.537 +02:00 [INF] Clearing instance... (1ms)
2026-09-12 13:36:50.537 +02:00 [INF] Releasing context lock... (1ms)
2026-09-12 13:36:50.537 +02:00 [INF] Released. (1ms)
