2026-09-11 02:13:23.899 +02:00 [INF] Starting Eryndor Client v0.8.0.0-custom+32d39132dace1351f63375b261f241297dd35be8-dirty
2026-09-11 02:13:24.192 +02:00 [INF] Discovered service type: Intersect.Plugins.PluginService
2026-09-11 02:13:24.195 +02:00 [WRN] Directory was specified as a plugin directory but does not exist: 'resources\plugins'
2026-09-11 02:13:24.196 +02:00 [INF] Discovered 0 plugins:

2026-09-11 02:13:24.663 +02:00 [INF] Graphics pacing configured: targetMode=0, vsync=true, fixedStep=false, backBuffer=1760x990
2026-09-11 02:13:26.795 +02:00 [INF] Connecting to 127.0.0.1:5400...
2026-09-11 02:13:26.803 +02:00 [INF] Connected [744404e3-27c5-405d-a3bd-13f6f1551042].
2026-09-11 02:13:26.817 +02:00 [INF] Connection approved [744404e3-27c5-405d-a3bd-13f6f1551042].
2026-09-11 02:13:26.922 +02:00 [INF] Updated PermissionSet 'default'
2026-09-11 02:15:24.209 +02:00 [INF] User clicked exit button.
2026-09-11 02:15:24.240 +02:00 [INF] System window closing (due to user interaction most likely).
2026-09-11 02:15:24.243 +02:00 [INF] Disconnected [744404e3-27c5-405d-a3bd-13f6f1551042].
2026-09-11 02:15:24.273 +02:00 [INF] Acquiring context lock... (0ms)
2026-09-11 02:15:24.274 +02:00 [INF] Acquired. (0ms)
2026-09-11 02:15:24.274 +02:00 [INF] Beginning context dispose. (0ms)
2026-09-11 02:15:24.275 +02:00 [INF] GC.SuppressFinalize (0ms)
2026-09-11 02:15:24.275 +02:00 [INF] InternalDispose() completed. (0ms)
2026-09-11 02:15:24.275 +02:00 [INF] Clearing instance... (1ms)
2026-09-11 02:15:24.275 +02:00 [INF] Releasing context lock... (1ms)
2026-09-11 02:15:24.275 +02:00 [INF] Released. (1ms)
