2026-09-11 15:07:55.949 +02:00 [INF] Starting Eryndor Client v0.8.0.0-custom+32d39132dace1351f63375b261f241297dd35be8-dirty
2026-09-11 15:07:56.194 +02:00 [INF] Discovered service type: Intersect.Plugins.PluginService
2026-09-11 15:07:56.197 +02:00 [WRN] Directory was specified as a plugin directory but does not exist: 'resources\plugins'
2026-09-11 15:07:56.198 +02:00 [INF] Discovered 0 plugins:

2026-09-11 15:07:56.673 +02:00 [INF] Graphics pacing configured: targetMode=0, vsync=true, fixedStep=false, backBuffer=1760x990
2026-09-11 15:07:59.235 +02:00 [INF] Connecting to 127.0.0.1:5400...
2026-09-11 15:07:59.243 +02:00 [INF] Connected [d730cbce-fa63-4b7d-a03e-6fa030efed4c].
2026-09-11 15:07:59.256 +02:00 [INF] Connection approved [d730cbce-fa63-4b7d-a03e-6fa030efed4c].
2026-09-11 15:07:59.363 +02:00 [INF] Updated PermissionSet 'default'
2026-09-11 15:07:59.363 +02:00 [INF] Updated PermissionSet 'admin'
2026-09-11 15:08:03.367 +02:00 [INF] Updating active permission set to 'admin'
2026-09-11 15:15:59.291 +02:00 [INF] Disconnected [d730cbce-fa63-4b7d-a03e-6fa030efed4c].
2026-09-11 15:15:59.292 +02:00 [INF] Updating active permission set to 'default'
2026-09-11 15:16:00.168 +02:00 [INF] Connecting to 127.0.0.1:5400...
2026-09-11 15:16:00.172 +02:00 [INF] Connected [bf5643aa-2c4b-4473-a76f-c04343e05f02].
2026-09-11 15:16:00.177 +02:00 [INF] Connection approved [bf5643aa-2c4b-4473-a76f-c04343e05f02].
2026-09-11 15:16:00.210 +02:00 [INF] Updated PermissionSet 'default'
2026-09-11 15:16:00.210 +02:00 [INF] Updated PermissionSet 'admin'
2026-09-11 15:16:04.946 +02:00 [INF] Updating active permission set to 'admin'
2026-09-11 15:16:29.260 +02:00 [INF] Disconnected [bf5643aa-2c4b-4473-a76f-c04343e05f02].
2026-09-11 15:16:29.260 +02:00 [INF] Updating active permission set to 'default'
2026-09-11 15:16:30.154 +02:00 [INF] Connecting to 127.0.0.1:5400...
2026-09-11 15:16:30.158 +02:00 [INF] Connected [b408e1d3-f297-4905-8a44-2917e561b6cb].
2026-09-11 15:16:30.169 +02:00 [INF] Connection approved [b408e1d3-f297-4905-8a44-2917e561b6cb].
2026-09-11 15:16:30.180 +02:00 [INF] Updated PermissionSet 'default'
2026-09-11 15:16:30.180 +02:00 [INF] Updated PermissionSet 'admin'
2026-09-11 15:16:37.308 +02:00 [INF] Updating active permission set to 'admin'
2026-09-11 15:16:43.513 +02:00 [WRN] 'Me' is null.
2026-09-11 15:16:44.151 +02:00 [INF] Built VBO for map 000bacda-f0e9-4a92-ab09-e55bd4ad15c1 'New Map' in 30.4894ms
2026-09-11 15:16:44.161 +02:00 [INF] Built VBO for map f519d3ea-b6f4-4b17-b87a-1dcf003cd3ec 'New Map' in 7.5879ms
2026-09-11 15:16:44.215 +02:00 [INF] Built VBO for map 79db075f-0b0f-4061-8f23-d301db793c61 'Beach' in 49.6425ms
2026-09-11 15:16:59.618 +02:00 [INF] Disconnected [b408e1d3-f297-4905-8a44-2917e561b6cb].
2026-09-11 15:16:59.618 +02:00 [INF] Updating active permission set to 'default'
2026-09-11 15:17:54.876 +02:00 [INF] User clicked exit button.
2026-09-11 15:17:54.895 +02:00 [INF] System window closing (due to user interaction most likely).
2026-09-11 15:17:54.930 +02:00 [INF] Acquiring context lock... (0ms)
2026-09-11 15:17:54.930 +02:00 [INF] Acquired. (0ms)
2026-09-11 15:17:54.931 +02:00 [INF] Beginning context dispose. (0ms)
2026-09-11 15:17:54.931 +02:00 [INF] GC.SuppressFinalize (0ms)
2026-09-11 15:17:54.931 +02:00 [INF] InternalDispose() completed. (0ms)
2026-09-11 15:17:54.931 +02:00 [INF] Clearing instance... (1ms)
2026-09-11 15:17:54.931 +02:00 [INF] Releasing context lock... (1ms)
2026-09-11 15:17:54.931 +02:00 [INF] Released. (1ms)
