2026-09-12 12:52:16.487 +02:00 [INF] Starting Eryndor Client v0.8.0.0-custom+32d39132dace1351f63375b261f241297dd35be8-dirty
2026-09-12 12:52:16.731 +02:00 [INF] Discovered service type: Intersect.Plugins.PluginService
2026-09-12 12:52:16.734 +02:00 [WRN] Directory was specified as a plugin directory but does not exist: 'resources\plugins'
2026-09-12 12:52:16.735 +02:00 [INF] Discovered 0 plugins:

2026-09-12 12:52:17.214 +02:00 [INF] Graphics pacing configured: targetMode=0, vsync=true, fixedStep=false, backBuffer=1760x990
2026-09-12 12:52:18.841 +02:00 [INF] Connecting to 127.0.0.1:5400...
2026-09-12 12:52:18.849 +02:00 [INF] Connected [caad4353-cdf9-4aed-a0f1-0ef93fc85c27].
2026-09-12 12:52:18.855 +02:00 [INF] Connection approved [caad4353-cdf9-4aed-a0f1-0ef93fc85c27].
2026-09-12 12:52:18.959 +02:00 [INF] Updated PermissionSet 'default'
2026-09-12 12:52:18.959 +02:00 [INF] Updated PermissionSet 'admin'
2026-09-12 12:52:23.004 +02:00 [INF] Updating active permission set to 'admin'
2026-09-12 12:52:26.146 +02:00 [WRN] 'Me' is null.
2026-09-12 12:52:27.339 +02:00 [INF] Built VBO for map 9802b09c-f592-4d93-8e11-d3424500716c 'Deep Forest' in 52.6144ms
2026-09-12 12:52:27.353 +02:00 [INF] Built VBO for map 15601ad4-9f26-4abe-a6c9-3a7eebaa3045 'Forest' in 10.7051ms
2026-09-12 12:52:27.374 +02:00 [INF] Built VBO for map d490222a-af25-4a7f-bec3-7ca8016e08d7 'New Map' in 15.0539ms
2026-09-12 12:52:27.482 +02:00 [INF] Built VBO for map a31f210c-f5fb-48bf-9db2-45fab2293a4c 'Forest' in 105.6582ms
2026-09-12 12:52:27.535 +02:00 [INF] Built VBO for map 27c6a7b2-4e9f-4316-9a0f-e13ec8e16ba2 'Forest' in 49.5161ms
2026-09-12 12:52:27.561 +02:00 [INF] Built VBO for map e341d25d-5ff4-4cd6-bcd5-2f2cda710c86 'Greenfall Vale' in 24.3402ms
2026-09-12 12:52:44.800 +02:00 [INF] Music volume set to 20 from InGame..SettingsWindow._innerPanel._tabs._innerPanel._audioSettingsTab._scrollPanel._musicSlider._slider
2026-09-12 12:52:44.801 +02:00 [INF] Sound volume set to 20 from InGame..SettingsWindow._innerPanel._tabs._innerPanel._audioSettingsTab._scrollPanel._soundEffectsSlider._slider
2026-09-12 12:52:44.801 +02:00 [INF] Weather sounds volume set to 80 from InGame..SettingsWindow._innerPanel._tabs._innerPanel._audioSettingsTab._scrollPanel._weatherSoundsSlider._slider
2026-09-12 12:54:43.843 +02:00 [INF] Disconnected [caad4353-cdf9-4aed-a0f1-0ef93fc85c27].
2026-09-12 12:54:43.844 +02:00 [INF] Updating active permission set to 'default'
2026-09-12 12:54:56.168 +02:00 [INF] User clicked exit button.
2026-09-12 12:54:56.200 +02:00 [INF] System window closing (due to user interaction most likely).
2026-09-12 12:54:56.233 +02:00 [INF] Acquiring context lock... (0ms)
2026-09-12 12:54:56.233 +02:00 [INF] Acquired. (0ms)
2026-09-12 12:54:56.234 +02:00 [INF] Beginning context dispose. (0ms)
2026-09-12 12:54:56.234 +02:00 [INF] GC.SuppressFinalize (0ms)
2026-09-12 12:54:56.234 +02:00 [INF] InternalDispose() completed. (0ms)
2026-09-12 12:54:56.234 +02:00 [INF] Clearing instance... (1ms)
2026-09-12 12:54:56.234 +02:00 [INF] Releasing context lock... (1ms)
2026-09-12 12:54:56.234 +02:00 [INF] Released. (1ms)
