2026-09-10 20:03:47.321 +02:00 [INF] Starting Eryndor Client v0.8.0.0-custom+32d39132dace1351f63375b261f241297dd35be8-dirty
2026-09-10 20:03:47.612 +02:00 [INF] Discovered service type: Intersect.Plugins.PluginService
2026-09-10 20:03:47.615 +02:00 [WRN] Directory was specified as a plugin directory but does not exist: 'resources\plugins'
2026-09-10 20:03:47.616 +02:00 [INF] Discovered 0 plugins:

2026-09-10 20:03:48.096 +02:00 [INF] Graphics pacing configured: targetMode=0, vsync=true, fixedStep=false, backBuffer=1760x990
2026-09-10 20:03:53.481 +02:00 [INF] Connecting to 127.0.0.1:5400...
2026-09-10 20:03:53.489 +02:00 [INF] Connected [3cdb8da8-cf6e-4ff7-89bb-5dfa5071ba15].
2026-09-10 20:03:53.496 +02:00 [INF] Connection approved [3cdb8da8-cf6e-4ff7-89bb-5dfa5071ba15].
2026-09-10 20:03:53.609 +02:00 [INF] Updated PermissionSet 'default'
2026-09-10 20:03:53.609 +02:00 [INF] Updated PermissionSet 'admin'
2026-09-10 20:03:59.922 +02:00 [INF] Updating active permission set to 'admin'
2026-09-10 20:04:02.200 +02:00 [WRN] 'Me' is null.
2026-09-10 20:04:02.996 +02:00 [INF] Built VBO for map 000bacda-f0e9-4a92-ab09-e55bd4ad15c1 'New Map' in 28.2375ms
2026-09-10 20:04:03.009 +02:00 [INF] Built VBO for map f519d3ea-b6f4-4b17-b87a-1dcf003cd3ec 'New Map' in 9.2635ms
2026-09-10 20:04:03.062 +02:00 [INF] Built VBO for map 79db075f-0b0f-4061-8f23-d301db793c61 'Beach' in 48.0905ms
2026-09-10 20:05:17.006 +02:00 [INF] System window closing (due to user interaction most likely).
2026-09-10 20:05:17.009 +02:00 [INF] Disconnected [3cdb8da8-cf6e-4ff7-89bb-5dfa5071ba15].
2026-09-10 20:05:17.010 +02:00 [INF] Updating active permission set to 'default'
2026-09-10 20:05:17.049 +02:00 [INF] Acquiring context lock... (0ms)
2026-09-10 20:05:17.049 +02:00 [INF] Acquired. (0ms)
2026-09-10 20:05:17.050 +02:00 [INF] Beginning context dispose. (0ms)
2026-09-10 20:05:17.050 +02:00 [INF] GC.SuppressFinalize (0ms)
2026-09-10 20:05:17.050 +02:00 [INF] InternalDispose() completed. (0ms)
2026-09-10 20:05:17.050 +02:00 [INF] Clearing instance... (1ms)
2026-09-10 20:05:17.050 +02:00 [INF] Releasing context lock... (1ms)
2026-09-10 20:05:17.050 +02:00 [INF] Released. (1ms)
