2026-09-11 02:27:48.563 +02:00 [INF] Starting Eryndor Client v0.8.0.0-custom+32d39132dace1351f63375b261f241297dd35be8-dirty
2026-09-11 02:27:48.798 +02:00 [INF] Discovered service type: Intersect.Plugins.PluginService
2026-09-11 02:27:48.801 +02:00 [WRN] Directory was specified as a plugin directory but does not exist: 'resources\plugins'
2026-09-11 02:27:48.802 +02:00 [INF] Discovered 0 plugins:

2026-09-11 02:27:49.270 +02:00 [INF] Graphics pacing configured: targetMode=0, vsync=true, fixedStep=false, backBuffer=1760x990
2026-09-11 02:27:51.201 +02:00 [INF] Connecting to 127.0.0.1:5400...
2026-09-11 02:27:51.209 +02:00 [INF] Connected [14e834a6-81b9-4dbb-b467-9ec3672f7dba].
2026-09-11 02:27:51.223 +02:00 [INF] Connection approved [14e834a6-81b9-4dbb-b467-9ec3672f7dba].
2026-09-11 02:27:51.332 +02:00 [INF] Updated PermissionSet 'default'
2026-09-11 02:28:31.730 +02:00 [INF] User clicked exit button.
2026-09-11 02:28:31.755 +02:00 [INF] System window closing (due to user interaction most likely).
2026-09-11 02:28:31.759 +02:00 [INF] Disconnected [14e834a6-81b9-4dbb-b467-9ec3672f7dba].
2026-09-11 02:28:31.796 +02:00 [INF] Acquiring context lock... (0ms)
2026-09-11 02:28:31.796 +02:00 [INF] Acquired. (0ms)
2026-09-11 02:28:31.797 +02:00 [INF] Beginning context dispose. (0ms)
2026-09-11 02:28:31.797 +02:00 [INF] GC.SuppressFinalize (0ms)
2026-09-11 02:28:31.797 +02:00 [INF] InternalDispose() completed. (0ms)
2026-09-11 02:28:31.797 +02:00 [INF] Clearing instance... (1ms)
2026-09-11 02:28:31.797 +02:00 [INF] Releasing context lock... (2ms)
2026-09-11 02:28:31.797 +02:00 [INF] Released. (2ms)
