2026-09-11 01:45:59.797 +02:00 [INF] Starting Eryndor Client v0.8.0.0-custom+32d39132dace1351f63375b261f241297dd35be8-dirty
2026-09-11 01:46:00.030 +02:00 [INF] Discovered service type: Intersect.Plugins.PluginService
2026-09-11 01:46:00.033 +02:00 [WRN] Directory was specified as a plugin directory but does not exist: 'resources\plugins'
2026-09-11 01:46:00.034 +02:00 [INF] Discovered 0 plugins:

2026-09-11 01:46:00.499 +02:00 [INF] Graphics pacing configured: targetMode=0, vsync=true, fixedStep=false, backBuffer=1760x990
2026-09-11 01:46:02.732 +02:00 [INF] Connecting to 127.0.0.1:5400...
2026-09-11 01:46:02.740 +02:00 [INF] Connected [c0af739b-0f26-41db-956d-b092679b3675].
2026-09-11 01:46:02.748 +02:00 [INF] Connection approved [c0af739b-0f26-41db-956d-b092679b3675].
2026-09-11 01:46:02.852 +02:00 [INF] Updated PermissionSet 'default'
2026-09-11 01:46:54.316 +02:00 [INF] User clicked exit button.
2026-09-11 01:46:54.339 +02:00 [INF] System window closing (due to user interaction most likely).
2026-09-11 01:46:54.342 +02:00 [INF] Disconnected [c0af739b-0f26-41db-956d-b092679b3675].
2026-09-11 01:46:54.387 +02:00 [INF] Acquiring context lock... (0ms)
2026-09-11 01:46:54.387 +02:00 [INF] Acquired. (0ms)
2026-09-11 01:46:54.388 +02:00 [INF] Beginning context dispose. (0ms)
2026-09-11 01:46:54.388 +02:00 [INF] GC.SuppressFinalize (0ms)
2026-09-11 01:46:54.388 +02:00 [INF] InternalDispose() completed. (0ms)
2026-09-11 01:46:54.388 +02:00 [INF] Clearing instance... (1ms)
2026-09-11 01:46:54.388 +02:00 [INF] Releasing context lock... (1ms)
2026-09-11 01:46:54.388 +02:00 [INF] Released. (1ms)
