2026-09-09 21:29:28.211 +02:00 [INF] Starting Eryndor Client v0.8.0.0-custom+32d39132dace1351f63375b261f241297dd35be8-dirty
2026-09-09 21:29:28.458 +02:00 [INF] Discovered service type: Intersect.Plugins.PluginService
2026-09-09 21:29:28.461 +02:00 [WRN] Directory was specified as a plugin directory but does not exist: 'resources\plugins'
2026-09-09 21:29:28.462 +02:00 [INF] Discovered 0 plugins:

2026-09-09 21:29:28.928 +02:00 [INF] Graphics pacing configured: targetMode=0, vsync=true, fixedStep=false, backBuffer=1760x990
2026-09-09 21:29:33.353 +02:00 [INF] Connecting to 127.0.0.1:5400...
2026-09-09 21:29:33.362 +02:00 [INF] Connected [80f70d00-41ad-4616-b41e-954d725c6596].
2026-09-09 21:29:33.371 +02:00 [INF] Connection approved [80f70d00-41ad-4616-b41e-954d725c6596].
2026-09-09 21:29:33.467 +02:00 [INF] Updated PermissionSet 'default'
2026-09-09 21:30:03.286 +02:00 [INF] Disconnected [80f70d00-41ad-4616-b41e-954d725c6596].
2026-09-09 21:30:10.537 +02:00 [INF] Connecting to 127.0.0.1:5400...
2026-09-09 21:30:10.541 +02:00 [INF] Connected [ebd7ce04-36a0-4bd2-9179-fa0cf998f8d9].
2026-09-09 21:30:10.552 +02:00 [INF] Connection approved [ebd7ce04-36a0-4bd2-9179-fa0cf998f8d9].
2026-09-09 21:30:10.576 +02:00 [INF] Updated PermissionSet 'default'
2026-09-09 21:30:18.082 +02:00 [INF] Updated PermissionSet 'admin'
2026-09-09 21:30:18.082 +02:00 [INF] Updating active permission set to 'admin'
2026-09-09 21:30:21.359 +02:00 [WRN] 'Me' is null.
2026-09-09 21:30:22.414 +02:00 [INF] Built VBO for map 15601ad4-9f26-4abe-a6c9-3a7eebaa3045 'Forest' in 39.1169ms
2026-09-09 21:30:22.433 +02:00 [INF] Built VBO for map d490222a-af25-4a7f-bec3-7ca8016e08d7 'New Map' in 15.4956ms
2026-09-09 21:30:22.448 +02:00 [INF] Built VBO for map 000bacda-f0e9-4a92-ab09-e55bd4ad15c1 'New Map' in 8.9395ms
2026-09-09 21:30:22.557 +02:00 [INF] Built VBO for map 27c6a7b2-4e9f-4316-9a0f-e13ec8e16ba2 'Forest' in 106.4982ms
2026-09-09 21:30:22.593 +02:00 [INF] Built VBO for map e341d25d-5ff4-4cd6-bcd5-2f2cda710c86 'Greenfall Vale' in 31.2935ms
2026-09-09 21:30:22.604 +02:00 [INF] Built VBO for map f519d3ea-b6f4-4b17-b87a-1dcf003cd3ec 'New Map' in 9.2324ms
2026-09-09 21:31:07.625 +02:00 [INF] Built VBO for map 15601ad4-9f26-4abe-a6c9-3a7eebaa3045 'Forest' in 5.4906ms
2026-09-09 21:31:07.638 +02:00 [INF] Built VBO for map 27c6a7b2-4e9f-4316-9a0f-e13ec8e16ba2 'Forest' in 11.7793ms
2026-09-09 21:31:07.717 +02:00 [INF] Built VBO for map 9802b09c-f592-4d93-8e11-d3424500716c 'Deep Forest' in 5.3396ms
2026-09-09 21:31:08.253 +02:00 [INF] Built VBO for map a31f210c-f5fb-48bf-9db2-45fab2293a4c 'Forest' in 37.4919ms
2026-09-09 21:35:55.926 +02:00 [WRN] 'Me' is null.
2026-09-09 21:35:55.926 +02:00 [WRN] 'Me' is null.
2026-09-09 21:35:55.926 +02:00 [WRN] 'Me' is null.
2026-09-09 21:35:55.926 +02:00 [WRN] 'Me' is null.
2026-09-09 21:35:55.926 +02:00 [WRN] 'Me' is null.
2026-09-09 21:35:55.926 +02:00 [WRN] 'Me' is null.
2026-09-09 21:35:55.926 +02:00 [WRN] 'Me' is null.
2026-09-09 21:35:55.926 +02:00 [WRN] 'Me' is null.
2026-09-09 21:35:55.926 +02:00 [WRN] 'Me' is null.
2026-09-09 21:35:55.926 +02:00 [WRN] 'Me' is null.
2026-09-09 21:35:55.926 +02:00 [WRN] 'Me' is null.
2026-09-09 21:35:55.926 +02:00 [WRN] 'Me' is null.
2026-09-09 21:35:55.926 +02:00 [WRN] 'Me' is null.
2026-09-09 21:35:55.926 +02:00 [WRN] 'Me' is null.
2026-09-09 21:35:55.926 +02:00 [WRN] 'Me' is null.
2026-09-09 21:35:55.926 +02:00 [WRN] 'Me' is null.
2026-09-09 21:35:55.926 +02:00 [WRN] 'Me' is null.
2026-09-09 21:35:57.360 +02:00 [WRN] 'Me' is null.
2026-09-09 21:35:57.801 +02:00 [INF] Built VBO for map 15601ad4-9f26-4abe-a6c9-3a7eebaa3045 'Forest' in 3.5857ms
2026-09-09 21:35:57.805 +02:00 [INF] Built VBO for map d490222a-af25-4a7f-bec3-7ca8016e08d7 'New Map' in 3.5054ms
2026-09-09 21:35:57.811 +02:00 [INF] Built VBO for map 000bacda-f0e9-4a92-ab09-e55bd4ad15c1 'New Map' in 3.1324ms
2026-09-09 21:35:57.841 +02:00 [INF] Built VBO for map 27c6a7b2-4e9f-4316-9a0f-e13ec8e16ba2 'Forest' in 28.7908ms
2026-09-09 21:35:57.853 +02:00 [INF] Built VBO for map e341d25d-5ff4-4cd6-bcd5-2f2cda710c86 'Greenfall Vale' in 9.6945ms
2026-09-09 21:35:57.862 +02:00 [INF] Built VBO for map f519d3ea-b6f4-4b17-b87a-1dcf003cd3ec 'New Map' in 8.336ms
2026-09-09 21:35:59.553 +02:00 [INF] Music volume set to 20 from InGame..SettingsWindow._innerPanel._tabs._innerPanel._audioSettingsTab._scrollPanel._musicSlider._slider
2026-09-09 21:35:59.553 +02:00 [INF] Sound volume set to 20 from InGame..SettingsWindow._innerPanel._tabs._innerPanel._audioSettingsTab._scrollPanel._soundEffectsSlider._slider
2026-09-09 21:35:59.553 +02:00 [INF] Weather sounds volume set to 80 from InGame..SettingsWindow._innerPanel._tabs._innerPanel._audioSettingsTab._scrollPanel._weatherSoundsSlider._slider
2026-09-09 21:36:12.960 +02:00 [INF] Applying graphics FPS setting: selectedMode=0, selectedText=V-Sync, selectedData=0, previousMode=0
2026-09-09 21:36:53.943 +02:00 [INF] Applying graphics FPS setting: selectedMode=0, selectedText=V-Sync, selectedData=0, previousMode=0
2026-09-09 21:37:39.944 +02:00 [INF] Built VBO for map 27c6a7b2-4e9f-4316-9a0f-e13ec8e16ba2 'Forest' in 9.461ms
2026-09-09 21:37:40.379 +02:00 [INF] Built VBO for map 9802b09c-f592-4d93-8e11-d3424500716c 'Deep Forest' in 3.5289ms
2026-09-09 21:37:40.878 +02:00 [INF] Built VBO for map 15601ad4-9f26-4abe-a6c9-3a7eebaa3045 'Forest' in 3.9456ms
2026-09-09 21:40:45.891 +02:00 [INF] Built VBO for map 000bacda-f0e9-4a92-ab09-e55bd4ad15c1 'New Map' in 2.8679ms
2026-09-09 21:40:46.392 +02:00 [INF] Built VBO for map f519d3ea-b6f4-4b17-b87a-1dcf003cd3ec 'New Map' in 3.8533ms
2026-09-09 21:41:34.402 +02:00 [INF] Built VBO for map a31f210c-f5fb-48bf-9db2-45fab2293a4c 'Forest' in 29.6518ms
2026-09-09 21:47:51.674 +02:00 [INF] Built VBO for map 79db075f-0b0f-4061-8f23-d301db793c61 'Beach' in 9.3916ms
2026-09-09 21:48:21.088 +02:00 [INF] Disconnected [ebd7ce04-36a0-4bd2-9179-fa0cf998f8d9].
2026-09-09 21:48:21.088 +02:00 [INF] Updating active permission set to 'default'
2026-09-09 21:48:22.983 +02:00 [INF] Connecting to 127.0.0.1:5400...
2026-09-09 21:48:27.992 +02:00 [INF] Connecting to 127.0.0.1:5400...
2026-09-09 21:48:28.933 +02:00 [INF] Connecting to 127.0.0.1:5400...
2026-09-09 21:48:30.152 +02:00 [INF] Connecting to 127.0.0.1:5400...
2026-09-09 21:48:30.455 +02:00 [INF] Connecting to 127.0.0.1:5400...
2026-09-09 21:48:44.429 +02:00 [INF] Connecting to 127.0.0.1:5400...
2026-09-09 21:48:44.519 +02:00 [INF] Connected [bef59691-0626-414f-a4db-53ab308f74b4].
2026-09-09 21:48:44.542 +02:00 [INF] Connection approved [bef59691-0626-414f-a4db-53ab308f74b4].
2026-09-09 21:48:44.566 +02:00 [INF] Updated PermissionSet 'default'
2026-09-09 21:49:03.296 +02:00 [INF] Disconnected [bef59691-0626-414f-a4db-53ab308f74b4].
2026-09-09 21:49:03.297 +02:00 [INF] Updating active permission set to 'default'
2026-09-09 21:49:04.282 +02:00 [INF] Connecting to 127.0.0.1:5400...
2026-09-09 21:49:04.286 +02:00 [INF] Connected [36f6c680-244d-401e-b7de-11722a7c89bd].
2026-09-09 21:49:04.309 +02:00 [INF] Connection approved [36f6c680-244d-401e-b7de-11722a7c89bd].
2026-09-09 21:49:04.315 +02:00 [INF] Updated PermissionSet 'default'
2026-09-09 21:49:05.563 +02:00 [INF] Updated PermissionSet 'admin'
2026-09-09 21:49:05.563 +02:00 [INF] Updating active permission set to 'admin'
2026-09-09 21:49:07.647 +02:00 [WRN] 'Me' is null.
2026-09-09 21:49:07.947 +02:00 [INF] Built VBO for map 000bacda-f0e9-4a92-ab09-e55bd4ad15c1 'New Map' in 2.7919ms
2026-09-09 21:49:07.950 +02:00 [INF] Built VBO for map f519d3ea-b6f4-4b17-b87a-1dcf003cd3ec 'New Map' in 2.8248ms
2026-09-09 21:49:07.963 +02:00 [INF] Built VBO for map 79db075f-0b0f-4061-8f23-d301db793c61 'Beach' in 10.8398ms
2026-09-09 21:49:36.405 +02:00 [INF] Built VBO for map f519d3ea-b6f4-4b17-b87a-1dcf003cd3ec 'New Map' in 3.9781ms
2026-09-09 21:49:36.666 +02:00 [INF] Built VBO for map d490222a-af25-4a7f-bec3-7ca8016e08d7 'New Map' in 3.3269ms
2026-09-09 21:49:37.191 +02:00 [INF] Built VBO for map 000bacda-f0e9-4a92-ab09-e55bd4ad15c1 'New Map' in 4.1963ms
2026-09-09 21:49:37.702 +02:00 [INF] Built VBO for map e341d25d-5ff4-4cd6-bcd5-2f2cda710c86 'Greenfall Vale' in 4.0352ms
2026-09-09 21:49:43.855 +02:00 [INF] Built VBO for map e341d25d-5ff4-4cd6-bcd5-2f2cda710c86 'Greenfall Vale' in 3.7238ms
2026-09-09 21:49:43.993 +02:00 [INF] Built VBO for map 15601ad4-9f26-4abe-a6c9-3a7eebaa3045 'Forest' in 3.5688ms
2026-09-09 21:49:44.499 +02:00 [INF] Built VBO for map d490222a-af25-4a7f-bec3-7ca8016e08d7 'New Map' in 3.2792ms
2026-09-09 21:49:45.026 +02:00 [INF] Built VBO for map 27c6a7b2-4e9f-4316-9a0f-e13ec8e16ba2 'Forest' in 29.5305ms
2026-09-09 21:49:58.787 +02:00 [INF] Built VBO for map 9802b09c-f592-4d93-8e11-d3424500716c 'Deep Forest' in 5.1214ms
2026-09-09 21:49:58.797 +02:00 [INF] Built VBO for map 27c6a7b2-4e9f-4316-9a0f-e13ec8e16ba2 'Forest' in 9.3798ms
2026-09-09 21:49:59.299 +02:00 [INF] Built VBO for map 15601ad4-9f26-4abe-a6c9-3a7eebaa3045 'Forest' in 3.9371ms
2026-09-09 21:49:59.815 +02:00 [INF] Built VBO for map a31f210c-f5fb-48bf-9db2-45fab2293a4c 'Forest' in 29.7364ms
2026-09-09 21:50:50.464 +02:00 [WRN] 'Me' is null.
2026-09-09 21:50:50.464 +02:00 [WRN] 'Me' is null.
2026-09-09 21:50:50.464 +02:00 [WRN] 'Me' is null.
2026-09-09 21:50:50.464 +02:00 [WRN] 'Me' is null.
2026-09-09 21:50:50.464 +02:00 [WRN] 'Me' is null.
2026-09-09 21:50:50.464 +02:00 [WRN] 'Me' is null.
2026-09-09 21:50:50.464 +02:00 [WRN] 'Me' is null.
2026-09-09 21:50:50.464 +02:00 [WRN] 'Me' is null.
2026-09-09 21:50:50.464 +02:00 [WRN] 'Me' is null.
2026-09-09 21:50:50.464 +02:00 [WRN] 'Me' is null.
2026-09-09 21:50:50.464 +02:00 [WRN] 'Me' is null.
2026-09-09 21:50:50.464 +02:00 [WRN] 'Me' is null.
2026-09-09 21:50:50.464 +02:00 [WRN] 'Me' is null.
2026-09-09 21:50:52.112 +02:00 [WRN] 'Me' is null.
2026-09-09 21:50:52.486 +02:00 [INF] Built VBO for map 15601ad4-9f26-4abe-a6c9-3a7eebaa3045 'Forest' in 4.7098ms
2026-09-09 21:50:52.490 +02:00 [INF] Built VBO for map d490222a-af25-4a7f-bec3-7ca8016e08d7 'New Map' in 3.2426ms
2026-09-09 21:50:52.497 +02:00 [INF] Built VBO for map 000bacda-f0e9-4a92-ab09-e55bd4ad15c1 'New Map' in 2.9739ms
2026-09-09 21:50:52.525 +02:00 [INF] Built VBO for map 27c6a7b2-4e9f-4316-9a0f-e13ec8e16ba2 'Forest' in 26.3416ms
2026-09-09 21:50:52.531 +02:00 [INF] Built VBO for map e341d25d-5ff4-4cd6-bcd5-2f2cda710c86 'Greenfall Vale' in 3.8379ms
2026-09-09 21:50:52.535 +02:00 [INF] Built VBO for map f519d3ea-b6f4-4b17-b87a-1dcf003cd3ec 'New Map' in 2.987ms
2026-09-09 21:51:05.044 +02:00 [INF] Built VBO for map 27c6a7b2-4e9f-4316-9a0f-e13ec8e16ba2 'Forest' in 15.7692ms
2026-09-09 21:51:05.204 +02:00 [INF] Built VBO for map 9802b09c-f592-4d93-8e11-d3424500716c 'Deep Forest' in 3.6221ms
2026-09-09 21:51:05.697 +02:00 [INF] Built VBO for map 15601ad4-9f26-4abe-a6c9-3a7eebaa3045 'Forest' in 3.5539ms
2026-09-09 21:51:06.224 +02:00 [INF] Built VBO for map a31f210c-f5fb-48bf-9db2-45fab2293a4c 'Forest' in 29.3431ms
2026-09-09 21:52:12.865 +02:00 [INF] Built VBO for map f519d3ea-b6f4-4b17-b87a-1dcf003cd3ec 'New Map' in 3.0384ms
2026-09-09 21:52:13.063 +02:00 [INF] Built VBO for map 000bacda-f0e9-4a92-ab09-e55bd4ad15c1 'New Map' in 2.9512ms
2026-09-09 21:52:13.569 +02:00 [INF] Built VBO for map 79db075f-0b0f-4061-8f23-d301db793c61 'Beach' in 7.4213ms
2026-09-09 21:58:32.872 +02:00 [INF] System window closing (due to user interaction most likely).
2026-09-09 21:58:32.872 +02:00 [INF] Disconnected [36f6c680-244d-401e-b7de-11722a7c89bd].
2026-09-09 21:58:32.872 +02:00 [INF] Updating active permission set to 'default'
2026-09-09 21:58:32.914 +02:00 [INF] Acquiring context lock... (0ms)
2026-09-09 21:58:32.914 +02:00 [INF] Acquired. (0ms)
2026-09-09 21:58:32.915 +02:00 [INF] Beginning context dispose. (0ms)
2026-09-09 21:58:32.915 +02:00 [INF] GC.SuppressFinalize (0ms)
2026-09-09 21:58:32.915 +02:00 [INF] InternalDispose() completed. (0ms)
2026-09-09 21:58:32.915 +02:00 [INF] Clearing instance... (1ms)
2026-09-09 21:58:32.915 +02:00 [INF] Releasing context lock... (1ms)
2026-09-09 21:58:32.915 +02:00 [INF] Released. (1ms)
