2026-09-11 14:11:53.426 +02:00 [INF] Starting Eryndor Client v0.8.0.0-custom+32d39132dace1351f63375b261f241297dd35be8-dirty
2026-09-11 14:11:53.728 +02:00 [INF] Discovered service type: Intersect.Plugins.PluginService
2026-09-11 14:11:53.731 +02:00 [WRN] Directory was specified as a plugin directory but does not exist: 'resources\plugins'
2026-09-11 14:11:53.732 +02:00 [INF] Discovered 0 plugins:

2026-09-11 14:11:54.225 +02:00 [INF] Graphics pacing configured: targetMode=0, vsync=true, fixedStep=false, backBuffer=1760x990
2026-09-11 14:11:56.538 +02:00 [INF] Connecting to 127.0.0.1:5400...
2026-09-11 14:11:56.546 +02:00 [INF] Connected [79055634-3bad-40e1-b6f9-029d3c45e3db].
2026-09-11 14:11:56.559 +02:00 [INF] Connection approved [79055634-3bad-40e1-b6f9-029d3c45e3db].
2026-09-11 14:11:56.667 +02:00 [INF] Updated PermissionSet 'default'
2026-09-11 14:11:56.667 +02:00 [INF] Updated PermissionSet 'admin'
2026-09-11 14:12:02.251 +02:00 [INF] Updating active permission set to 'admin'
2026-09-11 14:15:19.247 +02:00 [INF] Disconnected [79055634-3bad-40e1-b6f9-029d3c45e3db].
2026-09-11 14:15:19.248 +02:00 [INF] Updating active permission set to 'default'
2026-09-11 14:15:20.428 +02:00 [INF] User clicked exit button.
2026-09-11 14:15:20.446 +02:00 [INF] System window closing (due to user interaction most likely).
2026-09-11 14:15:20.477 +02:00 [INF] Acquiring context lock... (0ms)
2026-09-11 14:15:20.478 +02:00 [INF] Acquired. (0ms)
2026-09-11 14:15:20.478 +02:00 [INF] Beginning context dispose. (0ms)
2026-09-11 14:15:20.479 +02:00 [INF] GC.SuppressFinalize (0ms)
2026-09-11 14:15:20.479 +02:00 [INF] InternalDispose() completed. (0ms)
2026-09-11 14:15:20.479 +02:00 [INF] Clearing instance... (1ms)
2026-09-11 14:15:20.479 +02:00 [INF] Releasing context lock... (1ms)
2026-09-11 14:15:20.479 +02:00 [INF] Released. (1ms)
