2026-09-09 08:48:15.440 +02:00 [INF] Starting Eryndor Client v0.8.0.0-custom+32d39132dace1351f63375b261f241297dd35be8-dirty
2026-09-09 08:48:15.679 +02:00 [INF] Discovered service type: Intersect.Plugins.PluginService
2026-09-09 08:48:15.682 +02:00 [WRN] Directory was specified as a plugin directory but does not exist: 'resources\plugins'
2026-09-09 08:48:15.683 +02:00 [INF] Discovered 0 plugins:

2026-09-09 08:48:16.331 +02:00 [INF] Graphics pacing configured: targetMode=0, vsync=true, fixedStep=false, backBuffer=1760x990
2026-09-09 08:48:36.766 +02:00 [INF] Connecting to 127.0.0.1:5400...
2026-09-09 08:48:36.787 +02:00 [INF] Connected [ec53f911-68d6-49d5-93bf-0561db085969].
2026-09-09 08:48:36.809 +02:00 [INF] Connection approved [ec53f911-68d6-49d5-93bf-0561db085969].
2026-09-09 08:48:36.921 +02:00 [INF] Updated PermissionSet 'default'
2026-09-09 08:48:41.016 +02:00 [INF] Updated PermissionSet 'admin'
2026-09-09 08:48:41.016 +02:00 [INF] Updating active permission set to 'admin'
2026-09-09 08:48:44.009 +02:00 [WRN] 'Me' is null.
2026-09-09 08:48:45.127 +02:00 [INF] Built VBO for map 9802b09c-f592-4d93-8e11-d3424500716c 'Deep Forest' in 63.5734ms
2026-09-09 08:48:45.143 +02:00 [INF] Built VBO for map 15601ad4-9f26-4abe-a6c9-3a7eebaa3045 'Forest' in 12.3636ms
2026-09-09 08:48:45.170 +02:00 [INF] Built VBO for map d490222a-af25-4a7f-bec3-7ca8016e08d7 'New Map' in 21.0533ms
2026-09-09 08:48:45.316 +02:00 [INF] Built VBO for map a31f210c-f5fb-48bf-9db2-45fab2293a4c 'Forest' in 143.4559ms
2026-09-09 08:48:45.375 +02:00 [INF] Built VBO for map 27c6a7b2-4e9f-4316-9a0f-e13ec8e16ba2 'Forest' in 54.496ms
2026-09-09 08:48:45.406 +02:00 [INF] Built VBO for map e341d25d-5ff4-4cd6-bcd5-2f2cda710c86 'Greenfall Vale' in 28.3963ms
2026-09-09 08:53:53.695 +02:00 [INF] System window closing (due to user interaction most likely).
2026-09-09 08:53:53.699 +02:00 [INF] Disconnected [ec53f911-68d6-49d5-93bf-0561db085969].
2026-09-09 08:53:53.699 +02:00 [INF] Updating active permission set to 'default'
2026-09-09 08:53:53.729 +02:00 [INF] Acquiring context lock... (0ms)
2026-09-09 08:53:53.730 +02:00 [INF] Acquired. (0ms)
2026-09-09 08:53:53.730 +02:00 [INF] Beginning context dispose. (0ms)
2026-09-09 08:53:53.731 +02:00 [INF] GC.SuppressFinalize (0ms)
2026-09-09 08:53:53.731 +02:00 [INF] InternalDispose() completed. (0ms)
2026-09-09 08:53:53.731 +02:00 [INF] Clearing instance... (1ms)
2026-09-09 08:53:53.731 +02:00 [INF] Releasing context lock... (1ms)
2026-09-09 08:53:53.731 +02:00 [INF] Released. (1ms)
