2026-09-09 17:48:34.126 +02:00 [INF] Starting Eryndor Client v0.8.0.0-custom+32d39132dace1351f63375b261f241297dd35be8-dirty
2026-09-09 17:48:34.358 +02:00 [INF] Discovered service type: Intersect.Plugins.PluginService
2026-09-09 17:48:34.361 +02:00 [WRN] Directory was specified as a plugin directory but does not exist: 'resources\plugins'
2026-09-09 17:48:34.362 +02:00 [INF] Discovered 0 plugins:

2026-09-09 17:48:34.829 +02:00 [INF] Graphics pacing configured: targetMode=0, vsync=true, fixedStep=false, backBuffer=1760x990
2026-09-09 17:48:36.491 +02:00 [INF] Connecting to 127.0.0.1:5400...
2026-09-09 17:48:36.500 +02:00 [INF] Connected [902250bd-49bd-4461-a349-6f3f34e492c3].
2026-09-09 17:48:36.517 +02:00 [INF] Connection approved [902250bd-49bd-4461-a349-6f3f34e492c3].
2026-09-09 17:48:36.629 +02:00 [INF] Updated PermissionSet 'default'
2026-09-09 17:48:36.630 +02:00 [INF] Updated PermissionSet 'admin'
2026-09-09 17:48:41.793 +02:00 [INF] Updating active permission set to 'admin'
2026-09-09 17:48:44.503 +02:00 [WRN] 'Me' is null.
2026-09-09 17:48:45.676 +02:00 [INF] Built VBO for map 9802b09c-f592-4d93-8e11-d3424500716c 'Deep Forest' in 52.6053ms
2026-09-09 17:48:45.690 +02:00 [INF] Built VBO for map 15601ad4-9f26-4abe-a6c9-3a7eebaa3045 'Forest' in 10.7193ms
2026-09-09 17:48:45.711 +02:00 [INF] Built VBO for map d490222a-af25-4a7f-bec3-7ca8016e08d7 'New Map' in 15.4925ms
2026-09-09 17:48:45.824 +02:00 [INF] Built VBO for map a31f210c-f5fb-48bf-9db2-45fab2293a4c 'Forest' in 110.8278ms
2026-09-09 17:48:45.880 +02:00 [INF] Built VBO for map 27c6a7b2-4e9f-4316-9a0f-e13ec8e16ba2 'Forest' in 52.2829ms
2026-09-09 17:48:45.906 +02:00 [INF] Built VBO for map e341d25d-5ff4-4cd6-bcd5-2f2cda710c86 'Greenfall Vale' in 24.354ms
2026-09-09 17:48:51.698 +02:00 [INF] Built VBO for map d490222a-af25-4a7f-bec3-7ca8016e08d7 'New Map' in 3.3543ms
2026-09-09 17:48:51.771 +02:00 [INF] Built VBO for map e341d25d-5ff4-4cd6-bcd5-2f2cda710c86 'Greenfall Vale' in 3.8997ms
2026-09-09 17:48:52.208 +02:00 [INF] Built VBO for map 000bacda-f0e9-4a92-ab09-e55bd4ad15c1 'New Map' in 3.0338ms
2026-09-09 17:48:52.716 +02:00 [INF] Built VBO for map f519d3ea-b6f4-4b17-b87a-1dcf003cd3ec 'New Map' in 2.9495ms
2026-09-09 17:51:48.125 +02:00 [INF] System window closing (due to user interaction most likely).
2026-09-09 17:51:48.128 +02:00 [INF] Disconnected [902250bd-49bd-4461-a349-6f3f34e492c3].
2026-09-09 17:51:48.129 +02:00 [INF] Updating active permission set to 'default'
2026-09-09 17:51:48.159 +02:00 [INF] Acquiring context lock... (0ms)
2026-09-09 17:51:48.160 +02:00 [INF] Acquired. (0ms)
2026-09-09 17:51:48.160 +02:00 [INF] Beginning context dispose. (0ms)
2026-09-09 17:51:48.161 +02:00 [INF] GC.SuppressFinalize (0ms)
2026-09-09 17:51:48.161 +02:00 [INF] InternalDispose() completed. (0ms)
2026-09-09 17:51:48.161 +02:00 [INF] Clearing instance... (1ms)
2026-09-09 17:51:48.161 +02:00 [INF] Releasing context lock... (1ms)
2026-09-09 17:51:48.161 +02:00 [INF] Released. (1ms)
