2026-09-10 22:52:42.748 +02:00 [INF] Starting Eryndor Client v0.8.0.0-custom+32d39132dace1351f63375b261f241297dd35be8-dirty
2026-09-10 22:52:42.993 +02:00 [INF] Discovered service type: Intersect.Plugins.PluginService
2026-09-10 22:52:42.996 +02:00 [WRN] Directory was specified as a plugin directory but does not exist: 'resources\plugins'
2026-09-10 22:52:42.998 +02:00 [INF] Discovered 0 plugins:

2026-09-10 22:52:43.476 +02:00 [INF] Graphics pacing configured: targetMode=0, vsync=true, fixedStep=false, backBuffer=1760x990
2026-09-10 22:52:44.980 +02:00 [INF] Connecting to 127.0.0.1:5400...
2026-09-10 22:52:45.005 +02:00 [INF] Connected [39524d53-bf2b-4e70-9891-c81f5f9bf0cb].
2026-09-10 22:52:45.036 +02:00 [INF] Connection approved [39524d53-bf2b-4e70-9891-c81f5f9bf0cb].
2026-09-10 22:52:45.142 +02:00 [INF] Updated PermissionSet 'default'
2026-09-10 22:52:48.992 +02:00 [INF] Updated PermissionSet 'admin'
2026-09-10 22:52:48.993 +02:00 [INF] Updating active permission set to 'admin'
2026-09-10 22:52:51.470 +02:00 [WRN] 'Me' is null.
2026-09-10 22:52:52.416 +02:00 [INF] Built VBO for map 000bacda-f0e9-4a92-ab09-e55bd4ad15c1 'New Map' in 26.6369ms
2026-09-10 22:52:52.428 +02:00 [INF] Built VBO for map f519d3ea-b6f4-4b17-b87a-1dcf003cd3ec 'New Map' in 9.0699ms
2026-09-10 22:52:52.480 +02:00 [INF] Built VBO for map 79db075f-0b0f-4061-8f23-d301db793c61 'Beach' in 47.1635ms
2026-09-10 22:53:41.397 +02:00 [INF] System window closing (due to user interaction most likely).
2026-09-10 22:53:41.401 +02:00 [INF] Disconnected [39524d53-bf2b-4e70-9891-c81f5f9bf0cb].
2026-09-10 22:53:41.401 +02:00 [INF] Updating active permission set to 'default'
2026-09-10 22:53:41.437 +02:00 [INF] Acquiring context lock... (0ms)
2026-09-10 22:53:41.437 +02:00 [INF] Acquired. (0ms)
2026-09-10 22:53:41.438 +02:00 [INF] Beginning context dispose. (0ms)
2026-09-10 22:53:41.438 +02:00 [INF] GC.SuppressFinalize (0ms)
2026-09-10 22:53:41.438 +02:00 [INF] InternalDispose() completed. (0ms)
2026-09-10 22:53:41.438 +02:00 [INF] Clearing instance... (1ms)
2026-09-10 22:53:41.438 +02:00 [INF] Releasing context lock... (1ms)
2026-09-10 22:53:41.438 +02:00 [INF] Released. (1ms)
