2026-09-10 17:26:55.356 +02:00 [INF] Starting Eryndor Client v0.8.0.0-custom+32d39132dace1351f63375b261f241297dd35be8-dirty
2026-09-10 17:26:55.597 +02:00 [INF] Discovered service type: Intersect.Plugins.PluginService
2026-09-10 17:26:55.600 +02:00 [WRN] Directory was specified as a plugin directory but does not exist: 'resources\plugins'
2026-09-10 17:26:55.601 +02:00 [INF] Discovered 0 plugins:

2026-09-10 17:26:56.077 +02:00 [INF] Graphics pacing configured: targetMode=0, vsync=true, fixedStep=false, backBuffer=1760x990
2026-09-10 17:26:57.737 +02:00 [INF] Connecting to 127.0.0.1:5400...
2026-09-10 17:26:57.757 +02:00 [INF] Connected [99506dbb-4143-4fb7-8b2c-ab5292baf461].
2026-09-10 17:26:57.774 +02:00 [INF] Connection approved [99506dbb-4143-4fb7-8b2c-ab5292baf461].
2026-09-10 17:26:57.888 +02:00 [INF] Updated PermissionSet 'default'
2026-09-10 17:27:01.587 +02:00 [INF] Updated PermissionSet 'admin'
2026-09-10 17:27:01.587 +02:00 [INF] Updating active permission set to 'admin'
2026-09-10 17:27:05.866 +02:00 [WRN] 'Me' is null.
2026-09-10 17:27:06.764 +02:00 [INF] Built VBO for map 000bacda-f0e9-4a92-ab09-e55bd4ad15c1 'New Map' in 26.7703ms
2026-09-10 17:27:06.776 +02:00 [INF] Built VBO for map f519d3ea-b6f4-4b17-b87a-1dcf003cd3ec 'New Map' in 9.3907ms
2026-09-10 17:27:06.831 +02:00 [INF] Built VBO for map 79db075f-0b0f-4061-8f23-d301db793c61 'Beach' in 48.8727ms
2026-09-10 17:31:55.722 +02:00 [INF] System window closing (due to user interaction most likely).
2026-09-10 17:31:55.726 +02:00 [INF] Disconnected [99506dbb-4143-4fb7-8b2c-ab5292baf461].
2026-09-10 17:31:55.726 +02:00 [INF] Updating active permission set to 'default'
2026-09-10 17:31:55.769 +02:00 [INF] Acquiring context lock... (0ms)
2026-09-10 17:31:55.770 +02:00 [INF] Acquired. (0ms)
2026-09-10 17:31:55.770 +02:00 [INF] Beginning context dispose. (0ms)
2026-09-10 17:31:55.771 +02:00 [INF] GC.SuppressFinalize (0ms)
2026-09-10 17:31:55.771 +02:00 [INF] InternalDispose() completed. (0ms)
2026-09-10 17:31:55.771 +02:00 [INF] Clearing instance... (1ms)
2026-09-10 17:31:55.771 +02:00 [INF] Releasing context lock... (1ms)
2026-09-10 17:31:55.771 +02:00 [INF] Released. (1ms)
