2026-06-02 07:12:00.665 +02:00 [INF] Starting Intersect Client v0.8.0.0-custom+32d39132dace1351f63375b261f241297dd35be8-dirty
2026-06-02 07:12:00.878 +02:00 [INF] Discovered service type: Intersect.Plugins.PluginService
2026-06-02 07:12:00.881 +02:00 [WRN] Directory was specified as a plugin directory but does not exist: 'resources\plugins'
2026-06-02 07:12:00.882 +02:00 [INF] Discovered 0 plugins:

2026-06-02 07:12:02.860 +02:00 [INF] Connecting to 127.0.0.1:5400...
2026-06-02 07:12:02.878 +02:00 [INF] Connected [3c5a8bc4-c6b3-4de1-9eed-f9c2a151e06e].
2026-06-02 07:12:02.894 +02:00 [INF] Connection approved [3c5a8bc4-c6b3-4de1-9eed-f9c2a151e06e].
2026-06-02 07:12:02.987 +02:00 [INF] Updated PermissionSet 'default'
2026-06-02 07:12:07.154 +02:00 [INF] Updated PermissionSet 'admin'
2026-06-02 07:12:07.155 +02:00 [INF] Updating active permission set to 'admin'
2026-06-02 07:12:07.844 +02:00 [WRN] 'Me' is null.
2026-06-02 07:12:08.747 +02:00 [INF] Built VBO for map 27c6a7b2-4e9f-4316-9a0f-e13ec8e16ba2 'Forest' in 79.0544ms
2026-06-02 07:16:53.254 +02:00 [INF] System window closing (due to user interaction most likely).
2026-06-02 07:16:53.258 +02:00 [INF] Disconnected [3c5a8bc4-c6b3-4de1-9eed-f9c2a151e06e].
2026-06-02 07:16:53.259 +02:00 [INF] Updating active permission set to 'default'
2026-06-02 07:16:53.293 +02:00 [INF] Acquiring context lock... (0ms)
2026-06-02 07:16:53.293 +02:00 [INF] Acquired. (0ms)
2026-06-02 07:16:53.294 +02:00 [INF] Beginning context dispose. (0ms)
2026-06-02 07:16:53.294 +02:00 [INF] GC.SuppressFinalize (0ms)
2026-06-02 07:16:53.294 +02:00 [INF] InternalDispose() completed. (0ms)
2026-06-02 07:16:53.295 +02:00 [INF] Clearing instance... (1ms)
2026-06-02 07:16:53.295 +02:00 [INF] Releasing context lock... (1ms)
2026-06-02 07:16:53.295 +02:00 [INF] Released. (1ms)
