2026-04-17 01:46:38.565 +06:00 [INF] Starting Intersect Client v0.8.0.0-custom+32d39132dace1351f63375b261f241297dd35be8-dirty
2026-04-17 01:46:38.832 +06:00 [INF] Discovered service type: Intersect.Plugins.PluginService
2026-04-17 01:46:38.835 +06:00 [WRN] Directory was specified as a plugin directory but does not exist: 'resources\plugins'
2026-04-17 01:46:38.836 +06:00 [INF] Discovered 0 plugins:

2026-04-17 01:46:40.864 +06:00 [INF] Connecting to 127.0.0.1:5400...
2026-04-17 01:46:40.888 +06:00 [INF] Connected [e10f3047-c949-4962-8f1b-a38ef2e57c65].
2026-04-17 01:46:40.913 +06:00 [INF] Connection approved [e10f3047-c949-4962-8f1b-a38ef2e57c65].
2026-04-17 01:46:40.998 +06:00 [INF] Updated PermissionSet 'default'
2026-04-17 01:46:46.591 +06:00 [INF] Updated PermissionSet 'admin'
2026-04-17 01:46:46.592 +06:00 [INF] Updating active permission set to 'admin'
2026-04-17 01:46:46.735 +06:00 [WRN] Unable to add '_buttonLogout' to the JSON of MainMenu.SelectCharacterWindow._innerPanel._buttonsPanel because a sibling shares the same name
2026-04-17 01:46:48.048 +06:00 [WRN] 'Me' is null.
2026-04-17 01:46:48.621 +06:00 [INF] Built VBO for map 23630ac6-4461-460d-8a3b-9a0d4477096f 'test 8' in 17.6671ms
2026-04-17 01:46:48.676 +06:00 [INF] Built VBO for map 73ba8458-f8de-4f78-a254-c91b18418ed0 'forest' in 48.9869ms
2026-04-17 01:51:03.791 +06:00 [WRN] 'Me' is null.
2026-04-17 01:51:03.857 +06:00 [WRN] Tried to load entity "31d24595-6847-4bec-b802-87b05f4da3a9" (Oran) from packet before in-game UI was ready
2026-04-17 01:51:03.858 +06:00 [WRN] Tried to load entity "31d24595-6847-4bec-b802-87b05f4da3a9" (Oran) from packet before in-game UI was ready
2026-04-17 01:51:04.026 +06:00 [INF] Built VBO for map 23630ac6-4461-460d-8a3b-9a0d4477096f 'test 8' in 3.8646ms
2026-04-17 01:51:04.029 +06:00 [INF] Built VBO for map 73ba8458-f8de-4f78-a254-c91b18418ed0 'forest' in 2.7811ms
2026-04-17 01:52:27.820 +06:00 [WRN] 'Me' is null.
2026-04-17 01:52:27.861 +06:00 [WRN] Tried to load entity "61ed0bb5-9e5b-4b3d-b7c0-e4d65a623456" (test356) from packet before in-game UI was ready
2026-04-17 01:52:27.862 +06:00 [WRN] Tried to load entity "61ed0bb5-9e5b-4b3d-b7c0-e4d65a623456" (test356) from packet before in-game UI was ready
2026-04-17 01:52:28.008 +06:00 [INF] Built VBO for map 23630ac6-4461-460d-8a3b-9a0d4477096f 'test 8' in 4.2574ms
2026-04-17 01:52:28.016 +06:00 [INF] Built VBO for map 73ba8458-f8de-4f78-a254-c91b18418ed0 'forest' in 7.5737ms
2026-04-17 01:52:28.022 +06:00 [INF] Built VBO for map 27c6a7b2-4e9f-4316-9a0f-e13ec8e16ba2 'New Map' in 5.2673ms
2026-04-17 01:52:42.003 +06:00 [WRN] 'Me' is null.
2026-04-17 01:52:42.035 +06:00 [WRN] Tried to load entity "31d24595-6847-4bec-b802-87b05f4da3a9" (Oran) from packet before in-game UI was ready
2026-04-17 01:52:42.035 +06:00 [WRN] Tried to load entity "31d24595-6847-4bec-b802-87b05f4da3a9" (Oran) from packet before in-game UI was ready
2026-04-17 01:52:42.206 +06:00 [INF] Built VBO for map 23630ac6-4461-460d-8a3b-9a0d4477096f 'test 8' in 2.8369ms
2026-04-17 01:52:42.209 +06:00 [INF] Built VBO for map 73ba8458-f8de-4f78-a254-c91b18418ed0 'forest' in 2.2989ms
2026-04-17 01:54:58.384 +06:00 [INF] System window closing (due to user interaction most likely).
2026-04-17 01:54:58.387 +06:00 [INF] Disconnected [e10f3047-c949-4962-8f1b-a38ef2e57c65].
2026-04-17 01:54:58.388 +06:00 [INF] Updating active permission set to 'default'
2026-04-17 01:54:58.477 +06:00 [INF] Acquiring context lock... (0ms)
2026-04-17 01:54:58.478 +06:00 [INF] Acquired. (0ms)
2026-04-17 01:54:58.478 +06:00 [INF] Beginning context dispose. (0ms)
2026-04-17 01:54:58.478 +06:00 [INF] GC.SuppressFinalize (0ms)
2026-04-17 01:54:58.479 +06:00 [INF] InternalDispose() completed. (0ms)
2026-04-17 01:54:58.479 +06:00 [INF] Clearing instance... (1ms)
2026-04-17 01:54:58.479 +06:00 [INF] Releasing context lock... (1ms)
2026-04-17 01:54:58.479 +06:00 [INF] Released. (1ms)
