2026-04-14 07:57:57.556 +06:00 [INF] Starting Intersect Client v0.8.0.0-custom+32d39132dace1351f63375b261f241297dd35be8-dirty
2026-04-14 07:57:57.832 +06:00 [INF] Discovered service type: Intersect.Plugins.PluginService
2026-04-14 07:57:57.839 +06:00 [WRN] Directory was specified as a plugin directory but does not exist: 'resources\plugins'
2026-04-14 07:57:57.840 +06:00 [INF] Discovered 0 plugins:

2026-04-14 07:58:00.061 +06:00 [INF] Connecting to 127.0.0.1:5400...
2026-04-14 07:58:00.083 +06:00 [INF] Connected [f77c21af-ed98-4515-aa6a-208a624fa59f].
2026-04-14 07:58:00.101 +06:00 [INF] Connection approved [f77c21af-ed98-4515-aa6a-208a624fa59f].
2026-04-14 07:58:00.192 +06:00 [INF] Updated PermissionSet 'default'
2026-04-14 07:58:11.202 +06:00 [INF] Updated PermissionSet 'admin'
2026-04-14 07:58:11.202 +06:00 [INF] Updating active permission set to 'admin'
2026-04-14 07:58:48.987 +06:00 [WRN] Unable to add '_buttonLogout' to the JSON of MainMenu.SelectCharacterWindow._innerPanel._buttonsPanel because a sibling shares the same name
2026-04-14 07:58:54.787 +06:00 [INF] System window closing (due to user interaction most likely).
2026-04-14 07:58:54.790 +06:00 [INF] Disconnected [f77c21af-ed98-4515-aa6a-208a624fa59f].
2026-04-14 07:58:54.791 +06:00 [INF] Updating active permission set to 'default'
2026-04-14 07:58:54.903 +06:00 [INF] Acquiring context lock... (0ms)
2026-04-14 07:58:54.903 +06:00 [INF] Acquired. (0ms)
2026-04-14 07:58:54.904 +06:00 [INF] Beginning context dispose. (0ms)
2026-04-14 07:58:54.904 +06:00 [INF] GC.SuppressFinalize (0ms)
2026-04-14 07:58:54.904 +06:00 [INF] InternalDispose() completed. (0ms)
2026-04-14 07:58:54.904 +06:00 [INF] Clearing instance... (1ms)
2026-04-14 07:58:54.904 +06:00 [INF] Releasing context lock... (1ms)
2026-04-14 07:58:54.904 +06:00 [INF] Released. (1ms)
