2026-05-26 15:00:56.055 +02:00 [INF] Starting Intersect Client v0.8.0.0-custom+32d39132dace1351f63375b261f241297dd35be8-dirty
2026-05-26 15:00:56.271 +02:00 [INF] Discovered service type: Intersect.Plugins.PluginService
2026-05-26 15:00:56.275 +02:00 [WRN] Directory was specified as a plugin directory but does not exist: 'resources\plugins'
2026-05-26 15:00:56.276 +02:00 [INF] Discovered 0 plugins:

2026-05-26 15:00:58.680 +02:00 [INF] Connecting to 127.0.0.1:5400...
2026-05-26 15:00:58.707 +02:00 [INF] Connected [695772e1-5e9d-48c0-9c95-ba73ccc2a2a5].
2026-05-26 15:00:58.726 +02:00 [INF] Connection approved [695772e1-5e9d-48c0-9c95-ba73ccc2a2a5].
2026-05-26 15:00:58.853 +02:00 [INF] Updated PermissionSet 'default'
2026-05-26 15:01:02.866 +02:00 [INF] Updated PermissionSet 'admin'
2026-05-26 15:01:02.867 +02:00 [INF] Updating active permission set to 'admin'
2026-05-26 15:01:03.408 +02:00 [WRN] 'Me' is null.
2026-05-26 15:01:04.128 +02:00 [INF] Built VBO for map d5c08240-0436-454a-8993-362abf5bc477 'New Map' in 12.7581ms
2026-05-26 15:01:04.160 +02:00 [INF] Window light shader 'Intersect.Client.Resources.Shaders.windowlight.mgfxo' loaded successfully with 9 parameters
2026-05-26 15:02:18.435 +02:00 [INF] System window closing (due to user interaction most likely).
2026-05-26 15:02:18.438 +02:00 [INF] Disconnected [695772e1-5e9d-48c0-9c95-ba73ccc2a2a5].
2026-05-26 15:02:18.439 +02:00 [INF] Updating active permission set to 'default'
2026-05-26 15:02:18.483 +02:00 [INF] Acquiring context lock... (0ms)
2026-05-26 15:02:18.483 +02:00 [INF] Acquired. (0ms)
2026-05-26 15:02:18.483 +02:00 [INF] Beginning context dispose. (0ms)
2026-05-26 15:02:18.484 +02:00 [INF] GC.SuppressFinalize (0ms)
2026-05-26 15:02:18.484 +02:00 [INF] InternalDispose() completed. (0ms)
2026-05-26 15:02:18.484 +02:00 [INF] Clearing instance... (1ms)
2026-05-26 15:02:18.484 +02:00 [INF] Releasing context lock... (1ms)
2026-05-26 15:02:18.484 +02:00 [INF] Released. (1ms)
