2026-05-13 06:15:39.961 +02:00 [INF] Starting Intersect Client v0.8.0.0-custom+32d39132dace1351f63375b261f241297dd35be8-dirty
2026-05-13 06:15:40.197 +02:00 [INF] Discovered service type: Intersect.Plugins.PluginService
2026-05-13 06:15:40.202 +02:00 [WRN] Directory was specified as a plugin directory but does not exist: 'resources\plugins'
2026-05-13 06:15:40.203 +02:00 [INF] Discovered 0 plugins:

2026-05-13 06:15:42.441 +02:00 [INF] Connecting to 127.0.0.1:5400...
2026-05-13 06:15:42.465 +02:00 [INF] Connected [7a990f99-4623-455b-a112-4a07cc4f29c8].
2026-05-13 06:15:42.477 +02:00 [INF] Connection approved [7a990f99-4623-455b-a112-4a07cc4f29c8].
2026-05-13 06:15:42.598 +02:00 [INF] Updated PermissionSet 'default'
2026-05-13 06:16:03.269 +02:00 [INF] Updated PermissionSet 'admin'
2026-05-13 06:16:03.269 +02:00 [INF] Updating active permission set to 'admin'
2026-05-13 06:16:04.793 +02:00 [WRN] 'Me' is null.
2026-05-13 06:16:05.408 +02:00 [INF] Built VBO for map 27c6a7b2-4e9f-4316-9a0f-e13ec8e16ba2 'Forest' in 20.9817ms
2026-05-13 06:22:19.000 +02:00 [INF] System window closing (due to user interaction most likely).
2026-05-13 06:22:19.003 +02:00 [INF] Disconnected [7a990f99-4623-455b-a112-4a07cc4f29c8].
2026-05-13 06:22:19.004 +02:00 [INF] Updating active permission set to 'default'
2026-05-13 06:22:19.041 +02:00 [INF] Acquiring context lock... (0ms)
2026-05-13 06:22:19.041 +02:00 [INF] Acquired. (0ms)
2026-05-13 06:22:19.042 +02:00 [INF] Beginning context dispose. (0ms)
2026-05-13 06:22:19.043 +02:00 [INF] GC.SuppressFinalize (0ms)
2026-05-13 06:22:19.043 +02:00 [INF] InternalDispose() completed. (0ms)
2026-05-13 06:22:19.043 +02:00 [INF] Clearing instance... (2ms)
2026-05-13 06:22:19.043 +02:00 [INF] Releasing context lock... (2ms)
2026-05-13 06:22:19.043 +02:00 [INF] Released. (2ms)
