2026-04-15 18:34:29.795 +06:00 [INF] Starting Intersect Client v0.8.0.0-custom+32d39132dace1351f63375b261f241297dd35be8-dirty
2026-04-15 18:34:29.990 +06:00 [INF] Discovered service type: Intersect.Plugins.PluginService
2026-04-15 18:34:29.993 +06:00 [WRN] Directory was specified as a plugin directory but does not exist: 'resources\plugins'
2026-04-15 18:34:29.994 +06:00 [INF] Discovered 0 plugins:

2026-04-15 18:34:32.134 +06:00 [INF] Connecting to 127.0.0.1:5400...
2026-04-15 18:34:32.141 +06:00 [INF] Connected [344cb16d-2dea-4a6a-b6a9-469b892b1286].
2026-04-15 18:34:32.156 +06:00 [INF] Connection approved [344cb16d-2dea-4a6a-b6a9-469b892b1286].
2026-04-15 18:34:32.224 +06:00 [INF] Updated PermissionSet 'default'
2026-04-15 18:34:37.133 +06:00 [INF] Updated PermissionSet 'admin'
2026-04-15 18:34:37.134 +06:00 [INF] Updating active permission set to 'admin'
2026-04-15 18:34:37.211 +06:00 [WRN] Unable to add '_buttonLogout' to the JSON of MainMenu.SelectCharacterWindow._innerPanel._buttonsPanel because a sibling shares the same name
2026-04-15 18:34:38.073 +06:00 [WRN] 'Me' is null.
2026-04-15 18:34:38.657 +06:00 [INF] Built VBO for map 73ba8458-f8de-4f78-a254-c91b18418ed0 'test 3' in 54.5062ms
2026-04-15 18:34:38.667 +06:00 [INF] Built VBO for map 27c6a7b2-4e9f-4316-9a0f-e13ec8e16ba2 'New Map' in 4.7613ms
2026-04-15 18:34:42.558 +06:00 [INF] Built VBO for map 23630ac6-4461-460d-8a3b-9a0d4477096f 'test 8' in 8.1089ms
2026-04-15 18:37:39.705 +06:00 [INF] Built VBO for map 850ddb26-5568-4376-b8e0-346c04cb81ef 'forest' in 6.883ms
2026-04-15 18:37:41.286 +06:00 [INF] Built VBO for map 411179b7-b772-42ef-bf66-03b7e4d7dca8 'test 5' in 5.1931ms
2026-04-15 18:39:03.487 +06:00 [INF] Built VBO for map 850ddb26-5568-4376-b8e0-346c04cb81ef 'forest' in 2.7676ms
2026-04-15 18:39:32.137 +06:00 [INF] Built VBO for map 850ddb26-5568-4376-b8e0-346c04cb81ef 'forest' in 1.8887ms
2026-04-15 18:39:48.554 +06:00 [INF] Built VBO for map 850ddb26-5568-4376-b8e0-346c04cb81ef 'forest' in 1.9224ms
2026-04-15 18:40:09.694 +06:00 [INF] Music volume set to 10 from InGame..SettingsWindow._innerPanel._tabs._innerPanel._audioSettingsTab._scrollPanel._musicSlider._slider
2026-04-15 18:40:09.695 +06:00 [INF] Sound volume set to 15 from InGame..SettingsWindow._innerPanel._tabs._innerPanel._audioSettingsTab._scrollPanel._soundEffectsSlider._slider
2026-04-15 18:40:16.599 +06:00 [INF] Built VBO for map 23630ac6-4461-460d-8a3b-9a0d4477096f 'test 8' in 3.5559ms
2026-04-15 19:13:48.191 +06:00 [INF] System window closing (due to user interaction most likely).
2026-04-15 19:13:48.196 +06:00 [INF] Disconnected [344cb16d-2dea-4a6a-b6a9-469b892b1286].
2026-04-15 19:13:48.196 +06:00 [INF] Updating active permission set to 'default'
2026-04-15 19:13:48.226 +06:00 [INF] Acquiring context lock... (0ms)
2026-04-15 19:13:48.226 +06:00 [INF] Acquired. (0ms)
2026-04-15 19:13:48.227 +06:00 [INF] Beginning context dispose. (0ms)
2026-04-15 19:13:48.227 +06:00 [INF] GC.SuppressFinalize (0ms)
2026-04-15 19:13:48.227 +06:00 [INF] InternalDispose() completed. (0ms)
2026-04-15 19:13:48.227 +06:00 [INF] Clearing instance... (1ms)
2026-04-15 19:13:48.227 +06:00 [INF] Releasing context lock... (1ms)
2026-04-15 19:13:48.227 +06:00 [INF] Released. (1ms)
