2026-04-07 17:40:03.536 +06:00 [INF] Starting Intersect Client v0.8.0.0-custom+32d39132dace1351f63375b261f241297dd35be8-dirty
2026-04-07 17:40:03.825 +06:00 [INF] Discovered service type: Intersect.Plugins.PluginService
2026-04-07 17:40:03.833 +06:00 [WRN] Directory was specified as a plugin directory but does not exist: 'resources\plugins'
2026-04-07 17:40:03.834 +06:00 [INF] Discovered 0 plugins:

2026-04-07 17:40:21.837 +06:00 [INF] Connecting to 127.0.0.1:5400...
2026-04-07 17:40:21.857 +06:00 [INF] Connected [54adec55-e8cb-4f26-9099-749baa707d14].
2026-04-07 17:40:21.881 +06:00 [INF] Connection approved [54adec55-e8cb-4f26-9099-749baa707d14].
2026-04-07 17:40:21.950 +06:00 [INF] Updated PermissionSet 'default'
2026-04-07 17:40:27.427 +06:00 [INF] Updated PermissionSet 'admin'
2026-04-07 17:40:27.428 +06:00 [INF] Updating active permission set to 'admin'
2026-04-07 17:40:27.551 +06:00 [WRN] Unable to add '_buttonLogout' to the JSON of MainMenu.SelectCharacterWindow._innerPanel._buttonsPanel because a sibling shares the same name
2026-04-07 17:40:29.650 +06:00 [WRN] 'Me' is null.
2026-04-07 17:40:30.229 +06:00 [INF] Built VBO for map 73ba8458-f8de-4f78-a254-c91b18418ed0 'test 3' in 20.9215ms
2026-04-07 17:40:30.239 +06:00 [INF] Built VBO for map 850ddb26-5568-4376-b8e0-346c04cb81ef 'forest' in 4.7903ms
2026-04-07 17:40:30.248 +06:00 [INF] Built VBO for map 27c6a7b2-4e9f-4316-9a0f-e13ec8e16ba2 'New Map' in 8.184ms
2026-04-07 17:50:42.114 +06:00 [INF] System window closing (due to user interaction most likely).
2026-04-07 17:50:42.117 +06:00 [INF] Disconnected [54adec55-e8cb-4f26-9099-749baa707d14].
2026-04-07 17:50:42.117 +06:00 [INF] Updating active permission set to 'default'
2026-04-07 17:50:42.182 +06:00 [INF] Acquiring context lock... (0ms)
2026-04-07 17:50:42.182 +06:00 [INF] Acquired. (0ms)
2026-04-07 17:50:42.183 +06:00 [INF] Beginning context dispose. (0ms)
2026-04-07 17:50:42.183 +06:00 [INF] GC.SuppressFinalize (0ms)
2026-04-07 17:50:42.183 +06:00 [INF] InternalDispose() completed. (0ms)
2026-04-07 17:50:42.183 +06:00 [INF] Clearing instance... (1ms)
2026-04-07 17:50:42.183 +06:00 [INF] Releasing context lock... (1ms)
2026-04-07 17:50:42.183 +06:00 [INF] Released. (1ms)
