2026-07-13 21:25:25.140 +02:00 [INF] Starting Intersect Client v0.8.0.0-custom+32d39132dace1351f63375b261f241297dd35be8-dirty
2026-07-13 21:25:25.366 +02:00 [INF] Discovered service type: Intersect.Plugins.PluginService
2026-07-13 21:25:25.369 +02:00 [WRN] Directory was specified as a plugin directory but does not exist: 'resources\plugins'
2026-07-13 21:25:25.369 +02:00 [INF] Discovered 0 plugins:

2026-07-13 21:25:27.338 +02:00 [INF] Connecting to 127.0.0.1:5400...
2026-07-13 21:25:27.360 +02:00 [INF] Connected [d346d1c6-0029-4e7e-9a28-564fa590ce9b].
2026-07-13 21:25:27.382 +02:00 [INF] Connection approved [d346d1c6-0029-4e7e-9a28-564fa590ce9b].
2026-07-13 21:25:27.484 +02:00 [INF] Updated PermissionSet 'default'
2026-07-13 21:25:31.607 +02:00 [INF] Updated PermissionSet 'admin'
2026-07-13 21:25:31.608 +02:00 [INF] Updating active permission set to 'admin'
2026-07-13 21:25:37.100 +02:00 [WRN] 'Me' is null.
2026-07-13 21:25:38.231 +02:00 [INF] Built VBO for map 9802b09c-f592-4d93-8e11-d3424500716c 'Deep Forest' in 51.0433ms
2026-07-13 21:25:38.245 +02:00 [INF] Built VBO for map 15601ad4-9f26-4abe-a6c9-3a7eebaa3045 'Forest' in 11.4126ms
2026-07-13 21:25:38.261 +02:00 [INF] Built VBO for map d490222a-af25-4a7f-bec3-7ca8016e08d7 'New Map' in 9.1116ms
2026-07-13 21:25:38.383 +02:00 [INF] Built VBO for map a31f210c-f5fb-48bf-9db2-45fab2293a4c 'Forest' in 119.7529ms
2026-07-13 21:25:38.443 +02:00 [INF] Built VBO for map 27c6a7b2-4e9f-4316-9a0f-e13ec8e16ba2 'Forest' in 56.0477ms
2026-07-13 21:25:38.465 +02:00 [INF] Built VBO for map e341d25d-5ff4-4cd6-bcd5-2f2cda710c86 'Greenfall Vale' in 19.2886ms
2026-07-13 21:25:38.594 +02:00 [WRN] World post-process shader loaded but is missing required parameter 'DayAmount'. Falling back to legacy post-process passes.
2026-07-13 21:26:06.469 +02:00 [INF] Built VBO for map e341d25d-5ff4-4cd6-bcd5-2f2cda710c86 'Greenfall Vale' in 8.9472ms
2026-07-13 21:26:06.863 +02:00 [INF] Built VBO for map d490222a-af25-4a7f-bec3-7ca8016e08d7 'New Map' in 7.3061ms
2026-07-13 21:26:07.387 +02:00 [INF] Built VBO for map 000bacda-f0e9-4a92-ab09-e55bd4ad15c1 'New Map' in 6.3708ms
2026-07-13 21:26:07.895 +02:00 [INF] Built VBO for map f519d3ea-b6f4-4b17-b87a-1dcf003cd3ec 'New Map' in 6.7089ms
2026-07-13 21:27:25.843 +02:00 [INF] System window closing (due to user interaction most likely).
2026-07-13 21:27:25.846 +02:00 [INF] Disconnected [d346d1c6-0029-4e7e-9a28-564fa590ce9b].
2026-07-13 21:27:25.847 +02:00 [INF] Updating active permission set to 'default'
2026-07-13 21:27:25.879 +02:00 [INF] Acquiring context lock... (0ms)
2026-07-13 21:27:25.879 +02:00 [INF] Acquired. (0ms)
2026-07-13 21:27:25.880 +02:00 [INF] Beginning context dispose. (0ms)
2026-07-13 21:27:25.880 +02:00 [INF] GC.SuppressFinalize (0ms)
2026-07-13 21:27:25.881 +02:00 [INF] InternalDispose() completed. (0ms)
2026-07-13 21:27:25.881 +02:00 [INF] Clearing instance... (1ms)
2026-07-13 21:27:25.881 +02:00 [INF] Releasing context lock... (1ms)
2026-07-13 21:27:25.881 +02:00 [INF] Released. (1ms)
