2026-04-25 22:59:32.816 +06:00 [INF] Starting Intersect Client v0.8.0.0-custom+32d39132dace1351f63375b261f241297dd35be8-dirty
2026-04-25 22:59:33.030 +06:00 [INF] Discovered service type: Intersect.Plugins.PluginService
2026-04-25 22:59:33.033 +06:00 [WRN] Directory was specified as a plugin directory but does not exist: 'resources\plugins'
2026-04-25 22:59:33.034 +06:00 [INF] Discovered 0 plugins:

2026-04-25 22:59:35.215 +06:00 [INF] Connecting to 127.0.0.1:5400...
2026-04-25 22:59:35.238 +06:00 [INF] Connected [036cd1f9-e4a2-45fe-8b40-b7459137a9e9].
2026-04-25 22:59:35.263 +06:00 [INF] Connection approved [036cd1f9-e4a2-45fe-8b40-b7459137a9e9].
2026-04-25 22:59:35.346 +06:00 [INF] Updated PermissionSet 'default'
2026-04-25 22:59:42.935 +06:00 [INF] Updated PermissionSet 'admin'
2026-04-25 22:59:42.936 +06:00 [INF] Updating active permission set to 'admin'
2026-04-25 22:59:43.073 +06:00 [WRN] Unable to add '_buttonLogout' to the JSON of MainMenu.SelectCharacterWindow._innerPanel._buttonsPanel because a sibling shares the same name
2026-04-25 22:59:43.760 +06:00 [WRN] 'Me' is null.
2026-04-25 22:59:44.345 +06:00 [INF] Built VBO for map 27c6a7b2-4e9f-4316-9a0f-e13ec8e16ba2 'Forest' in 10.9923ms
2026-04-25 23:00:45.487 +06:00 [INF] Built VBO for map c15f8299-8999-471f-9760-388ff4cdec7c 'Forest' in 10.7354ms
2026-04-25 23:00:56.575 +06:00 [INF] Built VBO for map 27c6a7b2-4e9f-4316-9a0f-e13ec8e16ba2 'Forest' in 3.063ms
2026-04-25 23:07:14.877 +06:00 [INF] System window closing (due to user interaction most likely).
2026-04-25 23:07:14.880 +06:00 [INF] Disconnected [036cd1f9-e4a2-45fe-8b40-b7459137a9e9].
2026-04-25 23:07:14.881 +06:00 [INF] Updating active permission set to 'default'
2026-04-25 23:07:14.997 +06:00 [INF] Acquiring context lock... (0ms)
2026-04-25 23:07:14.997 +06:00 [INF] Acquired. (0ms)
2026-04-25 23:07:14.998 +06:00 [INF] Beginning context dispose. (0ms)
2026-04-25 23:07:14.998 +06:00 [INF] GC.SuppressFinalize (0ms)
2026-04-25 23:07:14.998 +06:00 [INF] InternalDispose() completed. (0ms)
2026-04-25 23:07:14.998 +06:00 [INF] Clearing instance... (1ms)
2026-04-25 23:07:14.998 +06:00 [INF] Releasing context lock... (1ms)
2026-04-25 23:07:14.998 +06:00 [INF] Released. (1ms)
