2026-06-09 19:25:49.323 +02:00 [INF] Starting Intersect Client v0.8.0.0-custom+32d39132dace1351f63375b261f241297dd35be8-dirty
2026-06-09 19:25:49.592 +02:00 [INF] Discovered service type: Intersect.Plugins.PluginService
2026-06-09 19:25:49.595 +02:00 [WRN] Directory was specified as a plugin directory but does not exist: 'resources\plugins'
2026-06-09 19:25:49.596 +02:00 [INF] Discovered 0 plugins:

2026-06-09 19:25:51.538 +02:00 [INF] Connecting to 127.0.0.1:5400...
2026-06-09 19:25:51.546 +02:00 [INF] Connected [c97f38fe-4d45-4f01-8e6d-62d60f6f0831].
2026-06-09 19:25:51.556 +02:00 [INF] Connection approved [c97f38fe-4d45-4f01-8e6d-62d60f6f0831].
2026-06-09 19:25:51.635 +02:00 [INF] Updated PermissionSet 'default'
2026-06-09 19:25:51.635 +02:00 [INF] Updated PermissionSet 'admin'
2026-06-09 19:25:56.685 +02:00 [INF] Updating active permission set to 'admin'
2026-06-09 19:25:57.277 +02:00 [WRN] 'Me' is null.
2026-06-09 19:25:58.293 +02:00 [INF] Built VBO for map 9802b09c-f592-4d93-8e11-d3424500716c 'Forest' in 39.7868ms
2026-06-09 19:25:58.297 +02:00 [INF] Built VBO for map 15601ad4-9f26-4abe-a6c9-3a7eebaa3045 'Forest' in 3.7346ms
2026-06-09 19:25:58.343 +02:00 [ERR] Exception thrown while trying to load 'resources/tilesets/water_shore_marker.png'
System.IO.FileNotFoundException: Could not find file 'F:\game code engine\Intersect_New\Intersect.Client\resources\tilesets\water_shore_marker.png'.
File name: 'F:\game code engine\Intersect_New\Intersect.Client\resources\tilesets\water_shore_marker.png'
   at Microsoft.Win32.SafeHandles.SafeFileHandle.CreateFile(String fullPath, FileMode mode, FileAccess access, FileShare share, FileOptions options)
   at Microsoft.Win32.SafeHandles.SafeFileHandle.Open(String fullPath, FileMode mode, FileAccess access, FileShare share, FileOptions options, Int64 preallocationSize, Nullable`1 unixCreateMode)
   at System.IO.Strategies.OSFileStreamStrategy..ctor(String path, FileMode mode, FileAccess access, FileShare share, FileOptions options, Int64 preallocationSize, Nullable`1 unixCreateMode)
   at System.IO.Strategies.FileStreamHelpers.ChooseStrategyCore(String path, FileMode mode, FileAccess access, FileShare share, FileOptions options, Int64 preallocationSize, Nullable`1 unixCreateMode)
   at System.IO.File.OpenRead(String path)
   at Intersect.Client.Framework.Graphics.GameRenderer.<>c__DisplayClass179_0.<LoadTexture>b__0() in F:\game code engine\Intersect_New\Intersect.Client.Framework\Graphics\GameRenderer.cs:line 974
   at Intersect.Client.Framework.Graphics.GameTexture`2.LoadPlatformTexture(Boolean force) in F:\game code engine\Intersect_New\Intersect.Client.Framework\Graphics\GameTexture.cs:line 279
2026-06-09 19:25:58.345 +02:00 [INF] Built VBO for map a31f210c-f5fb-48bf-9db2-45fab2293a4c 'Forest' in 44.3791ms
2026-06-09 19:25:58.401 +02:00 [INF] Built VBO for map 27c6a7b2-4e9f-4316-9a0f-e13ec8e16ba2 'Forest' in 54.4253ms
2026-06-09 19:25:58.404 +02:00 [INF] Built VBO for map e341d25d-5ff4-4cd6-bcd5-2f2cda710c86 'town' in 1.6234ms
2026-06-09 19:25:58.766 +02:00 [INF] Built VBO for map 27c6a7b2-4e9f-4316-9a0f-e13ec8e16ba2 'Forest' in 20.2283ms
2026-06-09 19:26:32.489 +02:00 [INF] Built VBO for map 9802b09c-f592-4d93-8e11-d3424500716c 'Forest' in 2.9409ms
2026-06-09 19:26:32.525 +02:00 [INF] Built VBO for map 27c6a7b2-4e9f-4316-9a0f-e13ec8e16ba2 'Forest' in 35.5468ms
2026-06-09 19:26:32.595 +02:00 [INF] Built VBO for map 15601ad4-9f26-4abe-a6c9-3a7eebaa3045 'Forest' in 1.4884ms
2026-06-09 19:26:32.666 +02:00 [INF] Built VBO for map a31f210c-f5fb-48bf-9db2-45fab2293a4c 'Forest' in 5.6297ms
2026-06-09 19:26:32.734 +02:00 [INF] Built VBO for map e341d25d-5ff4-4cd6-bcd5-2f2cda710c86 'town' in 1.2312ms
2026-06-09 19:26:39.824 +02:00 [INF] Built VBO for map 9802b09c-f592-4d93-8e11-d3424500716c 'Forest' in 3.1507ms
2026-06-09 19:26:39.857 +02:00 [INF] Built VBO for map 27c6a7b2-4e9f-4316-9a0f-e13ec8e16ba2 'Forest' in 31.9299ms
2026-06-09 19:26:40.109 +02:00 [INF] Built VBO for map 15601ad4-9f26-4abe-a6c9-3a7eebaa3045 'Forest' in 1.3674ms
2026-06-09 19:26:40.359 +02:00 [INF] Built VBO for map a31f210c-f5fb-48bf-9db2-45fab2293a4c 'Forest' in 4.9457ms
2026-06-09 19:26:40.601 +02:00 [INF] Built VBO for map e341d25d-5ff4-4cd6-bcd5-2f2cda710c86 'town' in 1.0332ms
2026-06-09 19:26:52.844 +02:00 [INF] Built VBO for map 9802b09c-f592-4d93-8e11-d3424500716c 'Forest' in 2.7149ms
2026-06-09 19:26:52.877 +02:00 [INF] Built VBO for map 27c6a7b2-4e9f-4316-9a0f-e13ec8e16ba2 'Forest' in 32.0427ms
2026-06-09 19:26:52.946 +02:00 [INF] Built VBO for map 15601ad4-9f26-4abe-a6c9-3a7eebaa3045 'Forest' in 1.3458ms
2026-06-09 19:26:53.019 +02:00 [INF] Built VBO for map a31f210c-f5fb-48bf-9db2-45fab2293a4c 'Forest' in 5.6195ms
2026-06-09 19:26:53.086 +02:00 [INF] Built VBO for map e341d25d-5ff4-4cd6-bcd5-2f2cda710c86 'town' in 1.1661ms
2026-06-09 19:27:00.046 +02:00 [INF] Built VBO for map 9802b09c-f592-4d93-8e11-d3424500716c 'Forest' in 3.635ms
2026-06-09 19:27:00.082 +02:00 [INF] Built VBO for map 27c6a7b2-4e9f-4316-9a0f-e13ec8e16ba2 'Forest' in 34.8295ms
2026-06-09 19:27:00.336 +02:00 [INF] Built VBO for map 15601ad4-9f26-4abe-a6c9-3a7eebaa3045 'Forest' in 1.3401ms
2026-06-09 19:27:00.590 +02:00 [INF] Built VBO for map a31f210c-f5fb-48bf-9db2-45fab2293a4c 'Forest' in 5.4308ms
2026-06-09 19:27:00.836 +02:00 [INF] Built VBO for map e341d25d-5ff4-4cd6-bcd5-2f2cda710c86 'town' in 1.0364ms
2026-06-09 19:27:16.755 +02:00 [INF] Built VBO for map 9802b09c-f592-4d93-8e11-d3424500716c 'Forest' in 5.3281ms
2026-06-09 19:27:16.788 +02:00 [INF] Built VBO for map 27c6a7b2-4e9f-4316-9a0f-e13ec8e16ba2 'Forest' in 32.716ms
2026-06-09 19:27:17.022 +02:00 [INF] Built VBO for map 15601ad4-9f26-4abe-a6c9-3a7eebaa3045 'Forest' in 1.3009ms
2026-06-09 19:27:17.254 +02:00 [INF] Built VBO for map a31f210c-f5fb-48bf-9db2-45fab2293a4c 'Forest' in 5.4792ms
2026-06-09 19:27:17.483 +02:00 [INF] Built VBO for map e341d25d-5ff4-4cd6-bcd5-2f2cda710c86 'town' in 0.9146ms
2026-06-09 19:28:01.775 +02:00 [INF] Built VBO for map 9802b09c-f592-4d93-8e11-d3424500716c 'Forest' in 3.0605ms
2026-06-09 19:28:01.810 +02:00 [INF] Built VBO for map 27c6a7b2-4e9f-4316-9a0f-e13ec8e16ba2 'Forest' in 33.4261ms
2026-06-09 19:28:02.076 +02:00 [INF] Built VBO for map 15601ad4-9f26-4abe-a6c9-3a7eebaa3045 'Forest' in 1.3468ms
2026-06-09 19:28:02.340 +02:00 [INF] Built VBO for map a31f210c-f5fb-48bf-9db2-45fab2293a4c 'Forest' in 5.6044ms
2026-06-09 19:28:02.613 +02:00 [INF] Built VBO for map e341d25d-5ff4-4cd6-bcd5-2f2cda710c86 'town' in 3.189ms
2026-06-09 19:30:46.279 +02:00 [INF] System window closing (due to user interaction most likely).
2026-06-09 19:30:46.283 +02:00 [INF] Disconnected [c97f38fe-4d45-4f01-8e6d-62d60f6f0831].
2026-06-09 19:30:46.284 +02:00 [INF] Updating active permission set to 'default'
2026-06-09 19:30:46.398 +02:00 [INF] Acquiring context lock... (0ms)
2026-06-09 19:30:46.398 +02:00 [INF] Acquired. (0ms)
2026-06-09 19:30:46.399 +02:00 [INF] Beginning context dispose. (0ms)
2026-06-09 19:30:46.399 +02:00 [INF] GC.SuppressFinalize (0ms)
2026-06-09 19:30:46.399 +02:00 [INF] InternalDispose() completed. (0ms)
2026-06-09 19:30:46.399 +02:00 [INF] Clearing instance... (1ms)
2026-06-09 19:30:46.399 +02:00 [INF] Releasing context lock... (1ms)
2026-06-09 19:30:46.400 +02:00 [INF] Released. (1ms)
