2026-06-25 15:04:48.452 +02:00 [INF] Starting Intersect Client v0.8.0.0-custom+32d39132dace1351f63375b261f241297dd35be8-dirty
2026-06-25 15:04:48.669 +02:00 [INF] Discovered service type: Intersect.Plugins.PluginService
2026-06-25 15:04:48.674 +02:00 [WRN] Directory was specified as a plugin directory but does not exist: 'resources\plugins'
2026-06-25 15:04:48.674 +02:00 [INF] Discovered 0 plugins:

2026-06-25 15:04:50.905 +02:00 [INF] Connecting to 127.0.0.1:5400...
2026-06-25 15:04:50.927 +02:00 [INF] Connected [f4188eb4-7059-4130-af8f-f6249e4d953e].
2026-06-25 15:04:50.953 +02:00 [INF] Connection approved [f4188eb4-7059-4130-af8f-f6249e4d953e].
2026-06-25 15:04:51.046 +02:00 [INF] Updated PermissionSet 'default'
2026-06-25 15:04:57.824 +02:00 [INF] Updated PermissionSet 'admin'
2026-06-25 15:04:57.824 +02:00 [INF] Updating active permission set to 'admin'
2026-06-25 15:04:58.515 +02:00 [WRN] 'Me' is null.
2026-06-25 15:04:59.373 +02:00 [INF] Built VBO for map 15601ad4-9f26-4abe-a6c9-3a7eebaa3045 'Forest' in 30.7874ms
2026-06-25 15:04:59.472 +02:00 [ERR] Exception thrown while trying to load 'resources/tilesets/water_shore_marker.png'
System.IO.FileNotFoundException: Could not find file 'F:\game code engine\Intersect_New\Intersect.Client\resources\tilesets\water_shore_marker.png'.
File name: 'F:\game code engine\Intersect_New\Intersect.Client\resources\tilesets\water_shore_marker.png'
   at Microsoft.Win32.SafeHandles.SafeFileHandle.CreateFile(String fullPath, FileMode mode, FileAccess access, FileShare share, FileOptions options)
   at Microsoft.Win32.SafeHandles.SafeFileHandle.Open(String fullPath, FileMode mode, FileAccess access, FileShare share, FileOptions options, Int64 preallocationSize, Nullable`1 unixCreateMode)
   at System.IO.Strategies.OSFileStreamStrategy..ctor(String path, FileMode mode, FileAccess access, FileShare share, FileOptions options, Int64 preallocationSize, Nullable`1 unixCreateMode)
   at System.IO.Strategies.FileStreamHelpers.ChooseStrategyCore(String path, FileMode mode, FileAccess access, FileShare share, FileOptions options, Int64 preallocationSize, Nullable`1 unixCreateMode)
   at System.IO.File.OpenRead(String path)
   at Intersect.Client.Framework.Graphics.GameRenderer.<>c__DisplayClass181_0.<LoadTexture>b__0() in F:\game code engine\Intersect_New\Intersect.Client.Framework\Graphics\GameRenderer.cs:line 1011
   at Intersect.Client.Framework.Graphics.GameTexture`2.LoadPlatformTexture(Boolean force) in F:\game code engine\Intersect_New\Intersect.Client.Framework\Graphics\GameTexture.cs:line 279
2026-06-25 15:04:59.714 +02:00 [INF] Built VBO for map 27c6a7b2-4e9f-4316-9a0f-e13ec8e16ba2 'Forest' in 339.1721ms
2026-06-25 15:04:59.736 +02:00 [INF] Built VBO for map e341d25d-5ff4-4cd6-bcd5-2f2cda710c86 'town' in 18.524ms
2026-06-25 15:05:09.351 +02:00 [INF] Built VBO for map 27c6a7b2-4e9f-4316-9a0f-e13ec8e16ba2 'Forest' in 15.4511ms
2026-06-25 15:05:09.635 +02:00 [INF] Built VBO for map 9802b09c-f592-4d93-8e11-d3424500716c 'Forest' in 6.2595ms
2026-06-25 15:05:10.141 +02:00 [INF] Built VBO for map 15601ad4-9f26-4abe-a6c9-3a7eebaa3045 'Forest' in 4.2591ms
2026-06-25 15:05:10.721 +02:00 [INF] Built VBO for map a31f210c-f5fb-48bf-9db2-45fab2293a4c 'Forest' in 46.019ms
2026-06-25 15:05:37.314 +02:00 [INF] System window closing (due to user interaction most likely).
2026-06-25 15:05:37.317 +02:00 [INF] Disconnected [f4188eb4-7059-4130-af8f-f6249e4d953e].
2026-06-25 15:05:37.318 +02:00 [INF] Updating active permission set to 'default'
2026-06-25 15:05:37.351 +02:00 [INF] Acquiring context lock... (0ms)
2026-06-25 15:05:37.351 +02:00 [INF] Acquired. (0ms)
2026-06-25 15:05:37.352 +02:00 [INF] Beginning context dispose. (0ms)
2026-06-25 15:05:37.352 +02:00 [INF] GC.SuppressFinalize (0ms)
2026-06-25 15:05:37.352 +02:00 [INF] InternalDispose() completed. (0ms)
2026-06-25 15:05:37.352 +02:00 [INF] Clearing instance... (1ms)
2026-06-25 15:05:37.353 +02:00 [INF] Releasing context lock... (1ms)
2026-06-25 15:05:37.353 +02:00 [INF] Released. (1ms)
