2026-04-05 16:36:50.126 +06:00 [INF] Starting Intersect Client v0.8.0.0-custom+32d39132dace1351f63375b261f241297dd35be8-dirty
2026-04-05 16:36:50.460 +06:00 [INF] Discovered service type: Intersect.Plugins.PluginService
2026-04-05 16:36:50.467 +06:00 [WRN] Directory was specified as a plugin directory but does not exist: 'resources\plugins'
2026-04-05 16:36:50.468 +06:00 [INF] Discovered 0 plugins:

2026-04-05 16:36:52.866 +06:00 [INF] Connecting to 127.0.0.1:5400...
2026-04-05 16:36:52.887 +06:00 [INF] Connected [6908ee1b-fb52-4182-bbd5-9c37bcdb672a].
2026-04-05 16:36:52.899 +06:00 [INF] Connection approved [6908ee1b-fb52-4182-bbd5-9c37bcdb672a].
2026-04-05 16:36:52.989 +06:00 [INF] Updated PermissionSet 'default'
2026-04-05 16:36:54.348 +06:00 [INF] Updated PermissionSet 'admin'
2026-04-05 16:36:54.348 +06:00 [INF] Updating active permission set to 'admin'
2026-04-05 16:36:54.475 +06:00 [WRN] Unable to add '_buttonLogout' to the JSON of MainMenu.SelectCharacterWindow._innerPanel._buttonsPanel because a sibling shares the same name
2026-04-05 16:36:55.437 +06:00 [WRN] 'Me' is null.
2026-04-05 16:36:55.943 +06:00 [INF] Built VBO for map 73ba8458-f8de-4f78-a254-c91b18418ed0 'forest' in 13.1851ms
2026-04-05 16:36:55.955 +06:00 [INF] Built VBO for map 27c6a7b2-4e9f-4316-9a0f-e13ec8e16ba2 'New Map' in 7.6222ms
2026-04-05 16:37:04.304 +06:00 [INF] Built VBO for map 850ddb26-5568-4376-b8e0-346c04cb81ef 'forest' in 5.8878ms
2026-04-05 16:37:10.662 +06:00 [INF] System window closing (due to user interaction most likely).
2026-04-05 16:37:10.665 +06:00 [INF] Disconnected [6908ee1b-fb52-4182-bbd5-9c37bcdb672a].
2026-04-05 16:37:10.665 +06:00 [INF] Updating active permission set to 'default'
2026-04-05 16:37:10.691 +06:00 [INF] Acquiring context lock... (0ms)
2026-04-05 16:37:10.691 +06:00 [INF] Acquired. (0ms)
2026-04-05 16:37:10.692 +06:00 [INF] Beginning context dispose. (0ms)
2026-04-05 16:37:10.692 +06:00 [INF] GC.SuppressFinalize (0ms)
2026-04-05 16:37:10.692 +06:00 [INF] InternalDispose() completed. (0ms)
2026-04-05 16:37:10.692 +06:00 [INF] Clearing instance... (1ms)
2026-04-05 16:37:10.693 +06:00 [INF] Releasing context lock... (1ms)
2026-04-05 16:37:10.693 +06:00 [INF] Released. (1ms)
