2026-04-09 23:53:39.347 +06:00 [INF] Starting Intersect Client v0.8.0.0-custom+32d39132dace1351f63375b261f241297dd35be8-dirty
2026-04-09 23:53:39.547 +06:00 [INF] Discovered service type: Intersect.Plugins.PluginService
2026-04-09 23:53:39.550 +06:00 [WRN] Directory was specified as a plugin directory but does not exist: 'resources\plugins'
2026-04-09 23:53:39.551 +06:00 [INF] Discovered 0 plugins:

2026-04-09 23:53:48.689 +06:00 [INF] Connecting to 127.0.0.1:5400...
2026-04-09 23:53:48.707 +06:00 [INF] Connected [66c84e77-1528-4a7d-a706-0572bdcc2f26].
2026-04-09 23:53:48.722 +06:00 [INF] Connection approved [66c84e77-1528-4a7d-a706-0572bdcc2f26].
2026-04-09 23:53:48.803 +06:00 [INF] Updated PermissionSet 'default'
2026-04-09 23:53:57.912 +06:00 [INF] Updated PermissionSet 'admin'
2026-04-09 23:53:57.912 +06:00 [INF] Updating active permission set to 'admin'
2026-04-09 23:53:58.052 +06:00 [WRN] Unable to add '_buttonLogout' to the JSON of MainMenu.SelectCharacterWindow._innerPanel._buttonsPanel because a sibling shares the same name
2026-04-09 23:54:34.153 +06:00 [WRN] 'Me' is null.
2026-04-09 23:54:34.688 +06:00 [INF] Built VBO for map 411179b7-b772-42ef-bf66-03b7e4d7dca8 'test 5' in 12.5077ms
2026-04-09 23:54:34.702 +06:00 [INF] Built VBO for map 73ba8458-f8de-4f78-a254-c91b18418ed0 'test 3' in 9.533ms
2026-04-09 23:54:34.707 +06:00 [INF] Built VBO for map 850ddb26-5568-4376-b8e0-346c04cb81ef 'forest' in 4.1234ms
2026-04-09 23:54:50.926 +06:00 [INF] System window closing (due to user interaction most likely).
2026-04-09 23:54:50.929 +06:00 [INF] Disconnected [66c84e77-1528-4a7d-a706-0572bdcc2f26].
2026-04-09 23:54:50.930 +06:00 [INF] Updating active permission set to 'default'
2026-04-09 23:54:50.955 +06:00 [INF] Acquiring context lock... (0ms)
2026-04-09 23:54:50.955 +06:00 [INF] Acquired. (0ms)
2026-04-09 23:54:50.956 +06:00 [INF] Beginning context dispose. (0ms)
2026-04-09 23:54:50.956 +06:00 [INF] GC.SuppressFinalize (0ms)
2026-04-09 23:54:50.956 +06:00 [INF] InternalDispose() completed. (0ms)
2026-04-09 23:54:50.956 +06:00 [INF] Clearing instance... (1ms)
2026-04-09 23:54:50.957 +06:00 [INF] Releasing context lock... (1ms)
2026-04-09 23:54:50.957 +06:00 [INF] Released. (1ms)
