2026-04-28 13:58:58.401 +06:00 [INF] Starting Intersect Client v0.8.0.0-custom+32d39132dace1351f63375b261f241297dd35be8-dirty
2026-04-28 13:58:58.594 +06:00 [INF] Discovered service type: Intersect.Plugins.PluginService
2026-04-28 13:58:58.598 +06:00 [WRN] Directory was specified as a plugin directory but does not exist: 'resources\plugins'
2026-04-28 13:58:58.598 +06:00 [INF] Discovered 0 plugins:

2026-04-28 13:59:00.795 +06:00 [INF] Connecting to 127.0.0.1:5400...
2026-04-28 13:59:00.815 +06:00 [INF] Connected [5bcf5768-2fa9-4db7-862e-5ec73fde53db].
2026-04-28 13:59:00.851 +06:00 [INF] Connection approved [5bcf5768-2fa9-4db7-862e-5ec73fde53db].
2026-04-28 13:59:00.942 +06:00 [INF] Updated PermissionSet 'default'
2026-04-28 13:59:05.425 +06:00 [INF] Updated PermissionSet 'admin'
2026-04-28 13:59:05.426 +06:00 [INF] Updating active permission set to 'admin'
2026-04-28 13:59:05.561 +06:00 [WRN] Unable to add '_buttonLogout' to the JSON of MainMenu.SelectCharacterWindow._innerPanel._buttonsPanel because a sibling shares the same name
2026-04-28 13:59:06.166 +06:00 [WRN] 'Me' is null.
2026-04-28 13:59:06.820 +06:00 [INF] Built VBO for map 27c6a7b2-4e9f-4316-9a0f-e13ec8e16ba2 'Forest' in 9.2668ms
2026-04-28 13:59:06.843 +06:00 [INF] Built VBO for map c15f8299-8999-471f-9760-388ff4cdec7c 'Forest' in 7.9061ms
2026-04-28 14:00:44.708 +06:00 [INF] System window closing (due to user interaction most likely).
2026-04-28 14:00:44.711 +06:00 [INF] Disconnected [5bcf5768-2fa9-4db7-862e-5ec73fde53db].
2026-04-28 14:00:44.712 +06:00 [INF] Updating active permission set to 'default'
2026-04-28 14:00:44.745 +06:00 [INF] Acquiring context lock... (0ms)
2026-04-28 14:00:44.745 +06:00 [INF] Acquired. (0ms)
2026-04-28 14:00:44.746 +06:00 [INF] Beginning context dispose. (0ms)
2026-04-28 14:00:44.746 +06:00 [INF] GC.SuppressFinalize (0ms)
2026-04-28 14:00:44.746 +06:00 [INF] InternalDispose() completed. (0ms)
2026-04-28 14:00:44.746 +06:00 [INF] Clearing instance... (1ms)
2026-04-28 14:00:44.746 +06:00 [INF] Releasing context lock... (1ms)
2026-04-28 14:00:44.746 +06:00 [INF] Released. (1ms)
