2026-07-19 07:50:50.385 +02:00 [INF] Starting Intersect Client v0.8.0.0-custom+32d39132dace1351f63375b261f241297dd35be8-dirty
2026-07-19 07:50:50.600 +02:00 [INF] Discovered service type: Intersect.Plugins.PluginService
2026-07-19 07:50:50.603 +02:00 [WRN] Directory was specified as a plugin directory but does not exist: 'resources\plugins'
2026-07-19 07:50:50.604 +02:00 [INF] Discovered 0 plugins:

2026-07-19 07:50:51.045 +02:00 [INF] Graphics pacing configured: targetMode=-1, vsync=false, fixedStep=false, backBuffer=1760x990
2026-07-19 07:50:53.108 +02:00 [INF] Connecting to 127.0.0.1:5400...
2026-07-19 07:50:53.130 +02:00 [INF] Connected [910e4062-81f9-44f0-80a4-5d7c16dded62].
2026-07-19 07:50:53.153 +02:00 [INF] Connection approved [910e4062-81f9-44f0-80a4-5d7c16dded62].
2026-07-19 07:50:53.241 +02:00 [INF] Updated PermissionSet 'default'
2026-07-19 07:50:57.064 +02:00 [INF] Updated PermissionSet 'admin'
2026-07-19 07:50:57.064 +02:00 [INF] Updating active permission set to 'admin'
2026-07-19 07:51:02.240 +02:00 [WRN] 'Me' is null.
2026-07-19 07:51:03.308 +02:00 [INF] Built VBO for map 9802b09c-f592-4d93-8e11-d3424500716c 'Deep Forest' in 50.3209ms
2026-07-19 07:51:03.322 +02:00 [INF] Built VBO for map 15601ad4-9f26-4abe-a6c9-3a7eebaa3045 'Forest' in 11.0967ms
2026-07-19 07:51:03.335 +02:00 [INF] Built VBO for map d490222a-af25-4a7f-bec3-7ca8016e08d7 'New Map' in 9.2725ms
2026-07-19 07:51:03.457 +02:00 [INF] Built VBO for map a31f210c-f5fb-48bf-9db2-45fab2293a4c 'Forest' in 119.4697ms
2026-07-19 07:51:03.514 +02:00 [INF] Built VBO for map 27c6a7b2-4e9f-4316-9a0f-e13ec8e16ba2 'Forest' in 52.2499ms
2026-07-19 07:51:03.540 +02:00 [INF] Built VBO for map e341d25d-5ff4-4cd6-bcd5-2f2cda710c86 'Greenfall Vale' in 23.7149ms
2026-07-19 07:51:08.809 +02:00 [INF] Client frame profile: measured=59.1fps counter=33 targetMode=-1; interval=16.92/752.90ms avg/max; update=0.19/27.48ms (1.00 calls/frame); draw=12.68/725.05ms; world=10.13/693.80ms [scene=9.79/674.37, scene-detail=[tiles=0.67ms/32.9draws (geometry=0.27ms/32.9draws, water=0.40ms/0.0draws), objects=7.28ms/71.8draws, procedural=0.00ms/0.0draws, entities=0.70ms/1.0draws, effects=0.52ms/1.0draws, weather=0.50ms/0.0draws, other=0.11ms], lighting=0.04/5.14, post=0.08/14.04, overlays=0.13/19.14, other=0.09]; gui=2.52/75.85ms [update=2.36/55.42 (minimap=1.91/35.56 [compact=1.91, fullmap=0.00/0.00], other=0.45), render=0.16/20.43, other=0.00]; finish=0.02/1.39ms; outside-update-draw=4.05ms; draws=130, maps=2, entities=14, lights=2
2026-07-19 07:51:13.853 +02:00 [INF] Client frame profile: measured=32.3fps counter=32 targetMode=-1; interval=30.95/67.53ms avg/max; update=0.15/4.80ms (1.00 calls/frame); draw=10.19/45.74ms; world=6.84/33.01ms [scene=6.61/32.75, scene-detail=[tiles=0.60ms/33.0draws (geometry=0.28ms/33.0draws, water=0.32ms/0.0draws), objects=5.03ms/72.0draws, procedural=0.00ms/0.0draws, entities=0.48ms/0.4draws, effects=0.08ms/1.6draws, weather=0.36ms/0.0draws, other=0.06ms], lighting=0.02/0.07, post=0.04/0.39, overlays=0.08/4.98, other=0.08]; gui=3.31/15.39ms [update=3.24/15.23 (minimap=2.88/14.64 [compact=2.88, fullmap=0.00/0.00], other=0.35), render=0.07/0.15, other=0.00]; finish=0.02/0.07ms; outside-update-draw=20.61ms; draws=130, maps=2, entities=14, lights=2
2026-07-19 07:51:18.867 +02:00 [INF] Client frame profile: measured=31.3fps counter=31 targetMode=-1; interval=31.93/49.65ms avg/max; update=0.15/1.88ms (1.00 calls/frame); draw=11.13/28.64ms; world=7.53/28.03ms [scene=7.30/27.82, scene-detail=[tiles=0.78ms/33.0draws (geometry=0.31ms/33.0draws, water=0.47ms/0.0draws), objects=5.57ms/72.0draws, procedural=0.00ms/0.0draws, entities=0.40ms/0.0draws, effects=0.10ms/2.0draws, weather=0.37ms/0.0draws, other=0.08ms], lighting=0.03/0.06, post=0.04/0.06, overlays=0.07/1.72, other=0.09]; gui=3.55/15.61ms [update=3.45/15.50 (minimap=3.01/15.00 [compact=3.01, fullmap=0.00/0.00], other=0.45), render=0.09/0.74, other=0.00]; finish=0.03/0.12ms; outside-update-draw=20.65ms; draws=126, maps=2, entities=14, lights=2
2026-07-19 07:51:23.883 +02:00 [INF] Client frame profile: measured=31.9fps counter=32 targetMode=-1; interval=31.36/42.49ms avg/max; update=0.15/0.32ms (1.00 calls/frame); draw=10.66/21.95ms; world=7.21/11.19ms [scene=6.99/10.96, scene-detail=[tiles=0.65ms/33.0draws (geometry=0.31ms/33.0draws, water=0.34ms/0.0draws), objects=5.52ms/72.0draws, procedural=0.00ms/0.0draws, entities=0.26ms/0.0draws, effects=0.10ms/2.0draws, weather=0.37ms/0.0draws, other=0.08ms], lighting=0.03/0.08, post=0.04/0.08, overlays=0.07/0.12, other=0.09]; gui=3.40/12.64ms [update=3.31/12.55 (minimap=2.84/12.10 [compact=2.84, fullmap=0.00/0.00], other=0.46), render=0.09/0.16, other=0.00]; finish=0.03/0.09ms; outside-update-draw=20.54ms; draws=130, maps=2, entities=14, lights=2
2026-07-19 07:51:28.889 +02:00 [INF] Client frame profile: measured=94.5fps counter=144 targetMode=-1; interval=10.58/113.09ms avg/max; update=0.06/0.40ms (1.00 calls/frame); draw=7.48/40.08ms; world=6.07/8.31ms [scene=5.91/8.06, scene-detail=[tiles=0.53ms/33.0draws (geometry=0.23ms/33.0draws, water=0.29ms/0.0draws), objects=4.73ms/72.0draws, procedural=0.00ms/0.0draws, entities=0.19ms/0.5draws, effects=0.06ms/1.5draws, weather=0.34ms/0.0draws, other=0.05ms], lighting=0.02/0.15, post=0.03/0.10, overlays=0.04/0.17, other=0.07]; gui=1.38/34.06ms [update=1.22/14.40 (minimap=1.01/13.95 [compact=1.01, fullmap=0.00/0.00], other=0.21), render=0.16/33.87, other=0.00]; finish=0.02/0.07ms; outside-update-draw=3.05ms; draws=133, maps=2, entities=14, lights=2
2026-07-19 07:51:29.069 +02:00 [INF] System window closing (due to user interaction most likely).
2026-07-19 07:51:29.071 +02:00 [INF] Disconnected [910e4062-81f9-44f0-80a4-5d7c16dded62].
2026-07-19 07:51:29.072 +02:00 [INF] Updating active permission set to 'default'
2026-07-19 07:51:29.108 +02:00 [INF] Acquiring context lock... (0ms)
2026-07-19 07:51:29.108 +02:00 [INF] Acquired. (0ms)
2026-07-19 07:51:29.108 +02:00 [INF] Beginning context dispose. (0ms)
2026-07-19 07:51:29.109 +02:00 [INF] GC.SuppressFinalize (0ms)
2026-07-19 07:51:29.109 +02:00 [INF] InternalDispose() completed. (0ms)
2026-07-19 07:51:29.109 +02:00 [INF] Clearing instance... (1ms)
2026-07-19 07:51:29.109 +02:00 [INF] Releasing context lock... (1ms)
2026-07-19 07:51:29.109 +02:00 [INF] Released. (1ms)
