2026-04-24 17:30:20.143 +06:00 [INF] Starting Intersect Client v0.8.0.0-custom+32d39132dace1351f63375b261f241297dd35be8-dirty
2026-04-24 17:30:20.349 +06:00 [INF] Discovered service type: Intersect.Plugins.PluginService
2026-04-24 17:30:20.353 +06:00 [WRN] Directory was specified as a plugin directory but does not exist: 'resources\plugins'
2026-04-24 17:30:20.353 +06:00 [INF] Discovered 0 plugins:

2026-04-24 17:30:22.600 +06:00 [INF] Connecting to 127.0.0.1:5400...
2026-04-24 17:30:22.621 +06:00 [INF] Connected [4402ebc7-ce17-4463-bdef-387780d851df].
2026-04-24 17:30:22.653 +06:00 [INF] Connection approved [4402ebc7-ce17-4463-bdef-387780d851df].
2026-04-24 17:30:22.738 +06:00 [INF] Updated PermissionSet 'default'
2026-04-24 17:30:26.348 +06:00 [INF] Updated PermissionSet 'admin'
2026-04-24 17:30:26.349 +06:00 [INF] Updating active permission set to 'admin'
2026-04-24 17:30:26.495 +06:00 [WRN] Unable to add '_buttonLogout' to the JSON of MainMenu.SelectCharacterWindow._innerPanel._buttonsPanel because a sibling shares the same name
2026-04-24 17:30:26.858 +06:00 [WRN] 'Me' is null.
2026-04-24 17:30:27.544 +06:00 [INF] Built VBO for map 27c6a7b2-4e9f-4316-9a0f-e13ec8e16ba2 'Forest' in 40.5262ms
2026-04-24 17:31:09.838 +06:00 [INF] Built VBO for map c15f8299-8999-471f-9760-388ff4cdec7c 'Forest' in 8.2594ms
2026-04-24 17:38:05.692 +06:00 [INF] System window closing (due to user interaction most likely).
2026-04-24 17:38:05.695 +06:00 [INF] Disconnected [4402ebc7-ce17-4463-bdef-387780d851df].
2026-04-24 17:38:05.696 +06:00 [INF] Updating active permission set to 'default'
2026-04-24 17:38:05.734 +06:00 [INF] Acquiring context lock... (0ms)
2026-04-24 17:38:05.735 +06:00 [INF] Acquired. (0ms)
2026-04-24 17:38:05.735 +06:00 [INF] Beginning context dispose. (0ms)
2026-04-24 17:38:05.736 +06:00 [INF] GC.SuppressFinalize (0ms)
2026-04-24 17:38:05.736 +06:00 [INF] InternalDispose() completed. (0ms)
2026-04-24 17:38:05.736 +06:00 [INF] Clearing instance... (1ms)
2026-04-24 17:38:05.736 +06:00 [INF] Releasing context lock... (1ms)
2026-04-24 17:38:05.736 +06:00 [INF] Released. (1ms)
