2026-04-19 13:46:48.550 +06:00 [INF] Starting Intersect Client v0.8.0.0-custom+32d39132dace1351f63375b261f241297dd35be8-dirty
2026-04-19 13:46:48.743 +06:00 [INF] Discovered service type: Intersect.Plugins.PluginService
2026-04-19 13:46:48.745 +06:00 [WRN] Directory was specified as a plugin directory but does not exist: 'resources\plugins'
2026-04-19 13:46:48.746 +06:00 [INF] Discovered 0 plugins:

2026-04-19 13:47:03.297 +06:00 [INF] Connecting to 127.0.0.1:5400...
2026-04-19 13:47:03.305 +06:00 [INF] Connected [ec3cec57-424a-4b97-aa72-ad6857534f28].
2026-04-19 13:47:03.313 +06:00 [INF] Connection approved [ec3cec57-424a-4b97-aa72-ad6857534f28].
2026-04-19 13:47:03.389 +06:00 [INF] Updated PermissionSet 'default'
2026-04-19 13:47:03.389 +06:00 [INF] Updated PermissionSet 'admin'
2026-04-19 13:47:07.332 +06:00 [INF] Updating active permission set to 'admin'
2026-04-19 13:47:07.450 +06:00 [WRN] Unable to add '_buttonLogout' to the JSON of MainMenu.SelectCharacterWindow._innerPanel._buttonsPanel because a sibling shares the same name
2026-04-19 13:47:08.506 +06:00 [WRN] 'Me' is null.
2026-04-19 13:47:09.083 +06:00 [INF] Built VBO for map 850ddb26-5568-4376-b8e0-346c04cb81ef 'forest' in 46.8389ms
2026-04-19 13:48:11.740 +06:00 [INF] Built VBO for map 850ddb26-5568-4376-b8e0-346c04cb81ef 'forest' in 11.2453ms
2026-04-19 13:48:47.298 +06:00 [INF] System window closing (due to user interaction most likely).
2026-04-19 13:48:47.301 +06:00 [INF] Disconnected [ec3cec57-424a-4b97-aa72-ad6857534f28].
2026-04-19 13:48:47.302 +06:00 [INF] Updating active permission set to 'default'
2026-04-19 13:48:47.333 +06:00 [INF] Acquiring context lock... (0ms)
2026-04-19 13:48:47.333 +06:00 [INF] Acquired. (0ms)
2026-04-19 13:48:47.334 +06:00 [INF] Beginning context dispose. (0ms)
2026-04-19 13:48:47.334 +06:00 [INF] GC.SuppressFinalize (0ms)
2026-04-19 13:48:47.334 +06:00 [INF] InternalDispose() completed. (0ms)
2026-04-19 13:48:47.334 +06:00 [INF] Clearing instance... (1ms)
2026-04-19 13:48:47.334 +06:00 [INF] Releasing context lock... (1ms)
2026-04-19 13:48:47.334 +06:00 [INF] Released. (1ms)
