2026-05-24 05:47:14.778 +02:00 [INF] Starting Intersect Client v0.8.0.0-custom+32d39132dace1351f63375b261f241297dd35be8-dirty
2026-05-24 05:47:14.983 +02:00 [INF] Discovered service type: Intersect.Plugins.PluginService
2026-05-24 05:47:14.986 +02:00 [WRN] Directory was specified as a plugin directory but does not exist: 'resources\plugins'
2026-05-24 05:47:14.987 +02:00 [INF] Discovered 0 plugins:

2026-05-24 05:47:17.072 +02:00 [INF] Connecting to 127.0.0.1:5400...
2026-05-24 05:47:17.079 +02:00 [INF] Connected [8e1d4b6e-2a8f-4465-a6a3-6a4cbbe3b0a3].
2026-05-24 05:47:17.083 +02:00 [INF] Connection approved [8e1d4b6e-2a8f-4465-a6a3-6a4cbbe3b0a3].
2026-05-24 05:47:17.186 +02:00 [INF] Updated PermissionSet 'default'
2026-05-24 05:47:17.186 +02:00 [INF] Updated PermissionSet 'admin'
2026-05-24 05:47:22.751 +02:00 [INF] Updating active permission set to 'admin'
2026-05-24 05:47:23.442 +02:00 [WRN] 'Me' is null.
2026-05-24 05:47:24.175 +02:00 [INF] Built VBO for map 27c6a7b2-4e9f-4316-9a0f-e13ec8e16ba2 'Forest' in 63.4502ms
2026-05-24 05:47:42.417 +02:00 [INF] Built VBO for map a31f210c-f5fb-48bf-9db2-45fab2293a4c 'Forest' in 40.6019ms
2026-05-24 05:49:29.901 +02:00 [INF] Built VBO for map 27c6a7b2-4e9f-4316-9a0f-e13ec8e16ba2 'Forest' in 36.6582ms
2026-05-24 05:49:37.226 +02:00 [INF] Built VBO for map 27c6a7b2-4e9f-4316-9a0f-e13ec8e16ba2 'Forest' in 37.2755ms
2026-05-24 05:49:45.081 +02:00 [INF] Built VBO for map 27c6a7b2-4e9f-4316-9a0f-e13ec8e16ba2 'Forest' in 37.2035ms
2026-05-24 05:51:18.805 +02:00 [INF] System window closing (due to user interaction most likely).
2026-05-24 05:51:18.809 +02:00 [INF] Disconnected [8e1d4b6e-2a8f-4465-a6a3-6a4cbbe3b0a3].
2026-05-24 05:51:18.809 +02:00 [INF] Updating active permission set to 'default'
2026-05-24 05:51:18.861 +02:00 [INF] Acquiring context lock... (0ms)
2026-05-24 05:51:18.862 +02:00 [INF] Acquired. (0ms)
2026-05-24 05:51:18.863 +02:00 [INF] Beginning context dispose. (0ms)
2026-05-24 05:51:18.863 +02:00 [INF] GC.SuppressFinalize (0ms)
2026-05-24 05:51:18.863 +02:00 [INF] InternalDispose() completed. (0ms)
2026-05-24 05:51:18.863 +02:00 [INF] Clearing instance... (2ms)
2026-05-24 05:51:18.863 +02:00 [INF] Releasing context lock... (2ms)
2026-05-24 05:51:18.863 +02:00 [INF] Released. (2ms)
