2026-06-04 15:22:45.261 +02:00 [INF] Starting Intersect Client v0.8.0.0-custom+32d39132dace1351f63375b261f241297dd35be8-dirty
2026-06-04 15:22:45.489 +02:00 [INF] Discovered service type: Intersect.Plugins.PluginService
2026-06-04 15:22:45.493 +02:00 [WRN] Directory was specified as a plugin directory but does not exist: 'resources\plugins'
2026-06-04 15:22:45.493 +02:00 [INF] Discovered 0 plugins:

2026-06-04 15:22:48.943 +02:00 [INF] Connecting to 127.0.0.1:5400...
2026-06-04 15:22:48.952 +02:00 [INF] Connected [9e4fa75c-27a7-4d23-adeb-ec7f619918c5].
2026-06-04 15:22:48.969 +02:00 [INF] Connection approved [9e4fa75c-27a7-4d23-adeb-ec7f619918c5].
2026-06-04 15:22:49.046 +02:00 [INF] Updated PermissionSet 'default'
2026-06-04 15:22:49.046 +02:00 [INF] Updated PermissionSet 'admin'
2026-06-04 15:22:54.276 +02:00 [INF] Updating active permission set to 'admin'
2026-06-04 15:22:54.985 +02:00 [WRN] 'Me' is null.
2026-06-04 15:22:55.769 +02:00 [ERR] Exception thrown while trying to load 'resources/tilesets/water_shore_marker.png'
System.IO.FileNotFoundException: Could not find file 'F:\game code engine\Intersect_New\Intersect.Client\resources\tilesets\water_shore_marker.png'.
File name: 'F:\game code engine\Intersect_New\Intersect.Client\resources\tilesets\water_shore_marker.png'
   at Microsoft.Win32.SafeHandles.SafeFileHandle.CreateFile(String fullPath, FileMode mode, FileAccess access, FileShare share, FileOptions options)
   at Microsoft.Win32.SafeHandles.SafeFileHandle.Open(String fullPath, FileMode mode, FileAccess access, FileShare share, FileOptions options, Int64 preallocationSize, Nullable`1 unixCreateMode)
   at System.IO.Strategies.OSFileStreamStrategy..ctor(String path, FileMode mode, FileAccess access, FileShare share, FileOptions options, Int64 preallocationSize, Nullable`1 unixCreateMode)
   at System.IO.File.OpenRead(String path)
   at Intersect.Client.Framework.Graphics.GameRenderer.<>c__DisplayClass176_0.<LoadTexture>b__0() in F:\game code engine\Intersect_New\Intersect.Client.Framework\Graphics\GameRenderer.cs:line 921
   at Intersect.Client.Framework.Graphics.GameTexture`2.LoadPlatformTexture(Boolean force) in F:\game code engine\Intersect_New\Intersect.Client.Framework\Graphics\GameTexture.cs:line 279
2026-06-04 15:22:55.771 +02:00 [INF] Built VBO for map e341d25d-5ff4-4cd6-bcd5-2f2cda710c86 'Forest' in 23.3037ms
2026-06-04 15:24:11.316 +02:00 [INF] System window closing (due to user interaction most likely).
2026-06-04 15:24:11.319 +02:00 [INF] Disconnected [9e4fa75c-27a7-4d23-adeb-ec7f619918c5].
2026-06-04 15:24:11.320 +02:00 [INF] Updating active permission set to 'default'
2026-06-04 15:24:11.341 +02:00 [INF] Acquiring context lock... (0ms)
2026-06-04 15:24:11.342 +02:00 [INF] Acquired. (0ms)
2026-06-04 15:24:11.342 +02:00 [INF] Beginning context dispose. (0ms)
2026-06-04 15:24:11.343 +02:00 [INF] GC.SuppressFinalize (0ms)
2026-06-04 15:24:11.343 +02:00 [INF] InternalDispose() completed. (0ms)
2026-06-04 15:24:11.343 +02:00 [INF] Clearing instance... (1ms)
2026-06-04 15:24:11.343 +02:00 [INF] Releasing context lock... (1ms)
2026-06-04 15:24:11.343 +02:00 [INF] Released. (1ms)
