2026-04-14 20:14:10.347 +06:00 [INF] Starting Intersect Client v0.8.0.0-custom+32d39132dace1351f63375b261f241297dd35be8-dirty
2026-04-14 20:14:10.687 +06:00 [INF] Discovered service type: Intersect.Plugins.PluginService
2026-04-14 20:14:10.697 +06:00 [WRN] Directory was specified as a plugin directory but does not exist: 'resources\plugins'
2026-04-14 20:14:10.698 +06:00 [INF] Discovered 0 plugins:

2026-04-14 20:14:13.276 +06:00 [INF] Connecting to 127.0.0.1:5400...
2026-04-14 20:14:13.294 +06:00 [INF] Connected [fc16d44f-992d-495b-8588-e59cb75c0c50].
2026-04-14 20:14:13.308 +06:00 [INF] Connection approved [fc16d44f-992d-495b-8588-e59cb75c0c50].
2026-04-14 20:14:13.387 +06:00 [INF] Updated PermissionSet 'default'
2026-04-14 20:14:16.813 +06:00 [INF] Updated PermissionSet 'admin'
2026-04-14 20:14:16.813 +06:00 [INF] Updating active permission set to 'admin'
2026-04-14 20:14:16.957 +06:00 [WRN] Unable to add '_buttonLogout' to the JSON of MainMenu.SelectCharacterWindow._innerPanel._buttonsPanel because a sibling shares the same name
2026-04-14 20:14:43.701 +06:00 [WRN] 'Me' is null.
2026-04-14 20:14:44.258 +06:00 [INF] Built VBO for map 23630ac6-4461-460d-8a3b-9a0d4477096f 'test 8' in 17.796ms
2026-04-14 20:14:44.304 +06:00 [INF] Built VBO for map 73ba8458-f8de-4f78-a254-c91b18418ed0 'test 3' in 41.2842ms
2026-04-14 20:14:44.309 +06:00 [INF] Built VBO for map 27c6a7b2-4e9f-4316-9a0f-e13ec8e16ba2 'New Map' in 4.1188ms
2026-04-14 20:14:58.765 +06:00 [INF] System window closing (due to user interaction most likely).
2026-04-14 20:14:58.768 +06:00 [INF] Disconnected [fc16d44f-992d-495b-8588-e59cb75c0c50].
2026-04-14 20:14:58.769 +06:00 [INF] Updating active permission set to 'default'
2026-04-14 20:14:58.838 +06:00 [INF] Acquiring context lock... (0ms)
2026-04-14 20:14:58.838 +06:00 [INF] Acquired. (0ms)
2026-04-14 20:14:58.839 +06:00 [INF] Beginning context dispose. (0ms)
2026-04-14 20:14:58.839 +06:00 [INF] GC.SuppressFinalize (0ms)
2026-04-14 20:14:58.839 +06:00 [INF] InternalDispose() completed. (0ms)
2026-04-14 20:14:58.839 +06:00 [INF] Clearing instance... (1ms)
2026-04-14 20:14:58.839 +06:00 [INF] Releasing context lock... (1ms)
2026-04-14 20:14:58.839 +06:00 [INF] Released. (1ms)
