2026-04-13 06:13:15.791 +06:00 [INF] Starting Intersect Client v0.8.0.0-custom+32d39132dace1351f63375b261f241297dd35be8-dirty
2026-04-13 06:13:15.991 +06:00 [INF] Discovered service type: Intersect.Plugins.PluginService
2026-04-13 06:13:15.994 +06:00 [WRN] Directory was specified as a plugin directory but does not exist: 'resources\plugins'
2026-04-13 06:13:15.995 +06:00 [INF] Discovered 0 plugins:

2026-04-13 06:13:18.126 +06:00 [INF] Connecting to 127.0.0.1:5400...
2026-04-13 06:13:18.147 +06:00 [INF] Connected [64f7c13a-1dc8-486c-9fc0-ac7e3335a2dc].
2026-04-13 06:13:18.164 +06:00 [INF] Connection approved [64f7c13a-1dc8-486c-9fc0-ac7e3335a2dc].
2026-04-13 06:13:18.245 +06:00 [INF] Updated PermissionSet 'default'
2026-04-13 06:13:33.907 +06:00 [INF] Updated PermissionSet 'admin'
2026-04-13 06:13:33.907 +06:00 [INF] Updating active permission set to 'admin'
2026-04-13 06:13:34.063 +06:00 [WRN] Unable to add '_buttonLogout' to the JSON of MainMenu.SelectCharacterWindow._innerPanel._buttonsPanel because a sibling shares the same name
2026-04-13 06:13:34.996 +06:00 [WRN] 'Me' is null.
2026-04-13 06:13:35.595 +06:00 [INF] Built VBO for map 73ba8458-f8de-4f78-a254-c91b18418ed0 'test 3' in 53.58ms
2026-04-13 06:13:35.605 +06:00 [INF] Built VBO for map 27c6a7b2-4e9f-4316-9a0f-e13ec8e16ba2 'New Map' in 4.2607ms
2026-04-13 06:15:47.311 +06:00 [INF] Built VBO for map 411179b7-b772-42ef-bf66-03b7e4d7dca8 'test 5' in 6.4225ms
2026-04-13 06:15:47.316 +06:00 [INF] Built VBO for map 850ddb26-5568-4376-b8e0-346c04cb81ef 'forest' in 4.3494ms
2026-04-13 06:17:00.315 +06:00 [INF] System window closing (due to user interaction most likely).
2026-04-13 06:17:00.318 +06:00 [INF] Disconnected [64f7c13a-1dc8-486c-9fc0-ac7e3335a2dc].
2026-04-13 06:17:00.318 +06:00 [INF] Updating active permission set to 'default'
2026-04-13 06:17:00.357 +06:00 [INF] Acquiring context lock... (0ms)
2026-04-13 06:17:00.357 +06:00 [INF] Acquired. (0ms)
2026-04-13 06:17:00.357 +06:00 [INF] Beginning context dispose. (0ms)
2026-04-13 06:17:00.358 +06:00 [INF] GC.SuppressFinalize (0ms)
2026-04-13 06:17:00.358 +06:00 [INF] InternalDispose() completed. (0ms)
2026-04-13 06:17:00.358 +06:00 [INF] Clearing instance... (1ms)
2026-04-13 06:17:00.358 +06:00 [INF] Releasing context lock... (1ms)
2026-04-13 06:17:00.358 +06:00 [INF] Released. (1ms)
