2026-04-19 21:17:46.565 +06:00 [INF] Starting Intersect Client v0.8.0.0-custom+32d39132dace1351f63375b261f241297dd35be8-dirty
2026-04-19 21:17:46.763 +06:00 [INF] Discovered service type: Intersect.Plugins.PluginService
2026-04-19 21:17:46.767 +06:00 [WRN] Directory was specified as a plugin directory but does not exist: 'resources\plugins'
2026-04-19 21:17:46.768 +06:00 [INF] Discovered 0 plugins:

2026-04-19 21:17:48.841 +06:00 [INF] Connecting to 127.0.0.1:5400...
2026-04-19 21:17:48.849 +06:00 [INF] Connected [1974fbd9-e992-4e25-9f3f-546abe365f79].
2026-04-19 21:17:48.854 +06:00 [INF] Connection approved [1974fbd9-e992-4e25-9f3f-546abe365f79].
2026-04-19 21:17:48.929 +06:00 [INF] Updated PermissionSet 'default'
2026-04-19 21:17:48.930 +06:00 [INF] Updated PermissionSet 'admin'
2026-04-19 21:17:54.057 +06:00 [INF] Updating active permission set to 'admin'
2026-04-19 21:17:54.118 +06:00 [WRN] Unable to add '_buttonLogout' to the JSON of MainMenu.SelectCharacterWindow._innerPanel._buttonsPanel because a sibling shares the same name
2026-04-19 21:17:54.613 +06:00 [WRN] 'Me' is null.
2026-04-19 21:17:55.137 +06:00 [ERR] Exception thrown while trying to load 'resources/tilesets/download.png'
System.IO.FileNotFoundException: Could not find file 'F:\game code engine\Intersect_New\Intersect.Client\resources\tilesets\download.png'.
File name: 'F:\game code engine\Intersect_New\Intersect.Client\resources\tilesets\download.png'
   at Microsoft.Win32.SafeHandles.SafeFileHandle.CreateFile(String fullPath, FileMode mode, FileAccess access, FileShare share, FileOptions options)
   at Microsoft.Win32.SafeHandles.SafeFileHandle.Open(String fullPath, FileMode mode, FileAccess access, FileShare share, FileOptions options, Int64 preallocationSize, Nullable`1 unixCreateMode)
   at System.IO.Strategies.OSFileStreamStrategy..ctor(String path, FileMode mode, FileAccess access, FileShare share, FileOptions options, Int64 preallocationSize, Nullable`1 unixCreateMode)
   at System.IO.Strategies.FileStreamHelpers.ChooseStrategyCore(String path, FileMode mode, FileAccess access, FileShare share, FileOptions options, Int64 preallocationSize, Nullable`1 unixCreateMode)
   at System.IO.File.OpenRead(String path)
   at Intersect.Client.Framework.Graphics.GameRenderer.<>c__DisplayClass145_0.<LoadTexture>b__0() in F:\game code engine\Intersect_New\Intersect.Client.Framework\Graphics\GameRenderer.cs:line 648
   at Intersect.Client.Framework.Graphics.GameTexture`2.LoadPlatformTexture(Boolean force) in F:\game code engine\Intersect_New\Intersect.Client.Framework\Graphics\GameTexture.cs:line 279
2026-04-19 21:17:55.138 +06:00 [INF] Built VBO for map 27c6a7b2-4e9f-4316-9a0f-e13ec8e16ba2 'Forest' in 39.4283ms
2026-04-19 21:20:30.045 +06:00 [INF] Built VBO for map c15f8299-8999-471f-9760-388ff4cdec7c 'Forest' in 8.0513ms
2026-04-19 21:27:46.998 +06:00 [INF] Built VBO for map 27c6a7b2-4e9f-4316-9a0f-e13ec8e16ba2 'Forest' in 2.6634ms
2026-04-19 21:32:47.405 +06:00 [INF] Built VBO for map 27c6a7b2-4e9f-4316-9a0f-e13ec8e16ba2 'Forest' in 2.1082ms
2026-04-19 21:33:00.736 +06:00 [INF] Built VBO for map 27c6a7b2-4e9f-4316-9a0f-e13ec8e16ba2 'Forest' in 2.7862ms
2026-04-19 21:33:24.938 +06:00 [INF] Built VBO for map 27c6a7b2-4e9f-4316-9a0f-e13ec8e16ba2 'Forest' in 2.1256ms
2026-04-19 21:34:01.794 +06:00 [INF] System window closing (due to user interaction most likely).
2026-04-19 21:34:01.797 +06:00 [INF] Disconnected [1974fbd9-e992-4e25-9f3f-546abe365f79].
2026-04-19 21:34:01.798 +06:00 [INF] Updating active permission set to 'default'
2026-04-19 21:34:01.834 +06:00 [INF] Acquiring context lock... (0ms)
2026-04-19 21:34:01.834 +06:00 [INF] Acquired. (0ms)
2026-04-19 21:34:01.834 +06:00 [INF] Beginning context dispose. (0ms)
2026-04-19 21:34:01.835 +06:00 [INF] GC.SuppressFinalize (0ms)
2026-04-19 21:34:01.835 +06:00 [INF] InternalDispose() completed. (0ms)
2026-04-19 21:34:01.835 +06:00 [INF] Clearing instance... (1ms)
2026-04-19 21:34:01.835 +06:00 [INF] Releasing context lock... (1ms)
2026-04-19 21:34:01.835 +06:00 [INF] Released. (1ms)
