2026-05-19 12:39:23.955 +02:00 [INF] Starting Intersect Client v0.8.0.0-custom+32d39132dace1351f63375b261f241297dd35be8-dirty
2026-05-19 12:39:24.190 +02:00 [INF] Discovered service type: Intersect.Plugins.PluginService
2026-05-19 12:39:24.193 +02:00 [WRN] Directory was specified as a plugin directory but does not exist: 'resources\plugins'
2026-05-19 12:39:24.194 +02:00 [INF] Discovered 0 plugins:

2026-05-19 12:39:27.730 +02:00 [INF] Connecting to 127.0.0.1:5400...
2026-05-19 12:39:27.739 +02:00 [INF] Connected [ed27172e-9b78-4d3a-a54a-4021e0941867].
2026-05-19 12:39:27.748 +02:00 [INF] Connection approved [ed27172e-9b78-4d3a-a54a-4021e0941867].
2026-05-19 12:39:27.826 +02:00 [INF] Updated PermissionSet 'default'
2026-05-19 12:39:27.826 +02:00 [INF] Updated PermissionSet 'admin'
2026-05-19 12:39:31.952 +02:00 [INF] Updating active permission set to 'admin'
2026-05-19 12:39:32.578 +02:00 [WRN] 'Me' is null.
2026-05-19 12:39:33.366 +02:00 [INF] Built VBO for map 27c6a7b2-4e9f-4316-9a0f-e13ec8e16ba2 'Forest' in 75.3811ms
2026-05-19 12:39:49.105 +02:00 [INF] Built VBO for map 27c6a7b2-4e9f-4316-9a0f-e13ec8e16ba2 'Forest' in 43.0702ms
2026-05-19 12:41:59.551 +02:00 [INF] System window closing (due to user interaction most likely).
2026-05-19 12:41:59.554 +02:00 [INF] Disconnected [ed27172e-9b78-4d3a-a54a-4021e0941867].
2026-05-19 12:41:59.554 +02:00 [INF] Updating active permission set to 'default'
2026-05-19 12:41:59.594 +02:00 [INF] Acquiring context lock... (0ms)
2026-05-19 12:41:59.595 +02:00 [INF] Acquired. (0ms)
2026-05-19 12:41:59.595 +02:00 [INF] Beginning context dispose. (0ms)
2026-05-19 12:41:59.596 +02:00 [INF] GC.SuppressFinalize (0ms)
2026-05-19 12:41:59.596 +02:00 [INF] InternalDispose() completed. (0ms)
2026-05-19 12:41:59.596 +02:00 [INF] Clearing instance... (1ms)
2026-05-19 12:41:59.596 +02:00 [INF] Releasing context lock... (1ms)
2026-05-19 12:41:59.596 +02:00 [INF] Released. (1ms)
