2026-05-25 03:25:48.133 +02:00 [INF] Starting Intersect Client v0.8.0.0-custom+32d39132dace1351f63375b261f241297dd35be8-dirty
2026-05-25 03:25:48.346 +02:00 [INF] Discovered service type: Intersect.Plugins.PluginService
2026-05-25 03:25:48.350 +02:00 [WRN] Directory was specified as a plugin directory but does not exist: 'resources\plugins'
2026-05-25 03:25:48.351 +02:00 [INF] Discovered 0 plugins:

2026-05-25 03:25:51.978 +02:00 [INF] Connecting to 127.0.0.1:5400...
2026-05-25 03:25:51.987 +02:00 [INF] Connected [29c74e6e-0495-481f-a26e-97e625eccb4b].
2026-05-25 03:25:51.997 +02:00 [INF] Connection approved [29c74e6e-0495-481f-a26e-97e625eccb4b].
2026-05-25 03:25:52.074 +02:00 [INF] Updated PermissionSet 'default'
2026-05-25 03:25:52.074 +02:00 [INF] Updated PermissionSet 'admin'
2026-05-25 03:25:56.503 +02:00 [INF] Updating active permission set to 'admin'
2026-05-25 03:25:57.197 +02:00 [WRN] 'Me' is null.
2026-05-25 03:25:58.119 +02:00 [INF] Built VBO for map 27c6a7b2-4e9f-4316-9a0f-e13ec8e16ba2 'Forest' in 81.8412ms
2026-05-25 03:26:00.808 +02:00 [INF] Built VBO for map a31f210c-f5fb-48bf-9db2-45fab2293a4c 'Forest' in 42.7634ms
2026-05-25 03:27:22.004 +02:00 [INF] Built VBO for map a31f210c-f5fb-48bf-9db2-45fab2293a4c 'Forest' in 37.5685ms
2026-05-25 03:27:22.065 +02:00 [INF] Built VBO for map 27c6a7b2-4e9f-4316-9a0f-e13ec8e16ba2 'Forest' in 40.4222ms
2026-05-25 03:27:32.200 +02:00 [INF] Built VBO for map a31f210c-f5fb-48bf-9db2-45fab2293a4c 'Forest' in 41.7756ms
2026-05-25 03:27:32.256 +02:00 [INF] Built VBO for map 27c6a7b2-4e9f-4316-9a0f-e13ec8e16ba2 'Forest' in 37.0025ms
2026-05-25 03:27:44.058 +02:00 [INF] Built VBO for map a31f210c-f5fb-48bf-9db2-45fab2293a4c 'Forest' in 33.8458ms
2026-05-25 03:27:44.122 +02:00 [INF] Built VBO for map 27c6a7b2-4e9f-4316-9a0f-e13ec8e16ba2 'Forest' in 43.3538ms
2026-05-25 03:28:10.219 +02:00 [INF] Built VBO for map a31f210c-f5fb-48bf-9db2-45fab2293a4c 'Forest' in 39.4731ms
2026-05-25 03:28:10.279 +02:00 [INF] Built VBO for map 27c6a7b2-4e9f-4316-9a0f-e13ec8e16ba2 'Forest' in 40.6089ms
2026-05-25 03:32:17.954 +02:00 [INF] Built VBO for map e341d25d-5ff4-4cd6-bcd5-2f2cda710c86 'Forest' in 7.8674ms
2026-05-25 03:34:56.406 +02:00 [INF] System window closing (due to user interaction most likely).
2026-05-25 03:34:56.409 +02:00 [INF] Disconnected [29c74e6e-0495-481f-a26e-97e625eccb4b].
2026-05-25 03:34:56.410 +02:00 [INF] Updating active permission set to 'default'
2026-05-25 03:34:56.448 +02:00 [INF] Acquiring context lock... (0ms)
2026-05-25 03:34:56.448 +02:00 [INF] Acquired. (0ms)
2026-05-25 03:34:56.449 +02:00 [INF] Beginning context dispose. (0ms)
2026-05-25 03:34:56.449 +02:00 [INF] GC.SuppressFinalize (0ms)
2026-05-25 03:34:56.449 +02:00 [INF] InternalDispose() completed. (0ms)
2026-05-25 03:34:56.449 +02:00 [INF] Clearing instance... (1ms)
2026-05-25 03:34:56.449 +02:00 [INF] Releasing context lock... (1ms)
2026-05-25 03:34:56.450 +02:00 [INF] Released. (1ms)
