2026-06-20 07:53:27.709 +02:00 [INF] Starting Intersect Client v0.8.0.0-custom+32d39132dace1351f63375b261f241297dd35be8-dirty
2026-06-20 07:53:27.954 +02:00 [INF] Discovered service type: Intersect.Plugins.PluginService
2026-06-20 07:53:27.958 +02:00 [WRN] Directory was specified as a plugin directory but does not exist: 'resources\plugins'
2026-06-20 07:53:27.959 +02:00 [INF] Discovered 0 plugins:

2026-06-20 07:53:30.405 +02:00 [INF] Connecting to 127.0.0.1:5400...
2026-06-20 07:53:30.413 +02:00 [INF] Connected [43c7c599-b56e-4c0b-8bdf-9cfd5abd44dc].
2026-06-20 07:53:30.418 +02:00 [INF] Connection approved [43c7c599-b56e-4c0b-8bdf-9cfd5abd44dc].
2026-06-20 07:53:30.511 +02:00 [INF] Updated PermissionSet 'default'
2026-06-20 07:53:30.511 +02:00 [INF] Updated PermissionSet 'admin'
2026-06-20 07:53:34.069 +02:00 [INF] Updating active permission set to 'admin'
2026-06-20 07:53:34.678 +02:00 [WRN] 'Me' is null.
2026-06-20 07:53:35.876 +02:00 [INF] Built VBO for map 9802b09c-f592-4d93-8e11-d3424500716c 'Forest' in 43.0006ms
2026-06-20 07:53:35.882 +02:00 [INF] Built VBO for map 15601ad4-9f26-4abe-a6c9-3a7eebaa3045 'Forest' in 4.93ms
2026-06-20 07:53:35.891 +02:00 [INF] Built VBO for map a31f210c-f5fb-48bf-9db2-45fab2293a4c 'Forest' in 2.9319ms
2026-06-20 07:53:35.897 +02:00 [INF] Built VBO for map 27c6a7b2-4e9f-4316-9a0f-e13ec8e16ba2 'Forest' in 5.5752ms
2026-06-20 07:53:35.905 +02:00 [INF] Built VBO for map e341d25d-5ff4-4cd6-bcd5-2f2cda710c86 'town' in 1.5259ms
2026-06-20 07:53:36.248 +02:00 [ERR] Exception thrown while trying to load 'resources/tilesets/water_shore_marker.png'
System.IO.FileNotFoundException: Could not find file 'F:\game code engine\Intersect_New\Intersect.Client\resources\tilesets\water_shore_marker.png'.
File name: 'F:\game code engine\Intersect_New\Intersect.Client\resources\tilesets\water_shore_marker.png'
   at Microsoft.Win32.SafeHandles.SafeFileHandle.CreateFile(String fullPath, FileMode mode, FileAccess access, FileShare share, FileOptions options)
   at Microsoft.Win32.SafeHandles.SafeFileHandle.Open(String fullPath, FileMode mode, FileAccess access, FileShare share, FileOptions options, Int64 preallocationSize, Nullable`1 unixCreateMode)
   at System.IO.Strategies.OSFileStreamStrategy..ctor(String path, FileMode mode, FileAccess access, FileShare share, FileOptions options, Int64 preallocationSize, Nullable`1 unixCreateMode)
   at System.IO.Strategies.FileStreamHelpers.ChooseStrategyCore(String path, FileMode mode, FileAccess access, FileShare share, FileOptions options, Int64 preallocationSize, Nullable`1 unixCreateMode)
   at System.IO.File.OpenRead(String path)
   at Intersect.Client.Framework.Graphics.GameRenderer.<>c__DisplayClass181_0.<LoadTexture>b__0() in F:\game code engine\Intersect_New\Intersect.Client.Framework\Graphics\GameRenderer.cs:line 1011
   at Intersect.Client.Framework.Graphics.GameTexture`2.LoadPlatformTexture(Boolean force) in F:\game code engine\Intersect_New\Intersect.Client.Framework\Graphics\GameTexture.cs:line 279
2026-06-20 07:53:36.347 +02:00 [INF] Built VBO for map 15601ad4-9f26-4abe-a6c9-3a7eebaa3045 'Forest' in 1.2041ms
2026-06-20 07:53:36.378 +02:00 [INF] Built VBO for map 27c6a7b2-4e9f-4316-9a0f-e13ec8e16ba2 'Forest' in 30.0855ms
2026-06-20 07:53:36.512 +02:00 [INF] Built VBO for map e341d25d-5ff4-4cd6-bcd5-2f2cda710c86 'town' in 2.8988ms
2026-06-20 07:53:55.452 +02:00 [INF] Built VBO for map 27c6a7b2-4e9f-4316-9a0f-e13ec8e16ba2 'Forest' in 9.1769ms
2026-06-20 07:53:55.562 +02:00 [INF] Built VBO for map e341d25d-5ff4-4cd6-bcd5-2f2cda710c86 'town' in 2.3634ms
2026-06-20 07:53:58.682 +02:00 [INF] Built VBO for map 27c6a7b2-4e9f-4316-9a0f-e13ec8e16ba2 'Forest' in 7.7127ms
2026-06-20 07:53:58.784 +02:00 [INF] Built VBO for map e341d25d-5ff4-4cd6-bcd5-2f2cda710c86 'town' in 2.7464ms
2026-06-20 07:54:06.159 +02:00 [INF] Built VBO for map e341d25d-5ff4-4cd6-bcd5-2f2cda710c86 'town' in 3.6036ms
2026-06-20 07:54:18.993 +02:00 [INF] Music volume set to 20 from InGame..SettingsWindow._innerPanel._tabs._innerPanel._audioSettingsTab._scrollPanel._musicSlider._slider
2026-06-20 07:54:18.993 +02:00 [INF] Sound volume set to 20 from InGame..SettingsWindow._innerPanel._tabs._innerPanel._audioSettingsTab._scrollPanel._soundEffectsSlider._slider
2026-06-20 07:54:18.994 +02:00 [INF] Weather sounds volume set to 80 from InGame..SettingsWindow._innerPanel._tabs._innerPanel._audioSettingsTab._scrollPanel._weatherSoundsSlider._slider
2026-06-20 07:55:44.063 +02:00 [WRN] 'Me' is null.
2026-06-20 07:55:44.064 +02:00 [WRN] 'Me' is null.
2026-06-20 07:55:46.666 +02:00 [WRN] 'Me' is null.
2026-06-20 07:55:46.934 +02:00 [INF] Built VBO for map 15601ad4-9f26-4abe-a6c9-3a7eebaa3045 'Forest' in 1.2027ms
2026-06-20 07:55:46.935 +02:00 [INF] Built VBO for map 27c6a7b2-4e9f-4316-9a0f-e13ec8e16ba2 'Forest' in 0.2695ms
2026-06-20 07:55:46.938 +02:00 [INF] Built VBO for map e341d25d-5ff4-4cd6-bcd5-2f2cda710c86 'town' in 1.9874ms
2026-06-20 07:55:46.942 +02:00 [INF] Built VBO for map 15601ad4-9f26-4abe-a6c9-3a7eebaa3045 'Forest' in 3.0151ms
2026-06-20 07:55:46.981 +02:00 [INF] Built VBO for map e341d25d-5ff4-4cd6-bcd5-2f2cda710c86 'town' in 3.9593ms
2026-06-20 07:57:11.850 +02:00 [INF] Built VBO for map e341d25d-5ff4-4cd6-bcd5-2f2cda710c86 'town' in 5.131ms
2026-06-20 07:57:28.376 +02:00 [INF] System window closing (due to user interaction most likely).
2026-06-20 07:57:28.379 +02:00 [INF] Disconnected [43c7c599-b56e-4c0b-8bdf-9cfd5abd44dc].
2026-06-20 07:57:28.379 +02:00 [INF] Updating active permission set to 'default'
2026-06-20 07:57:28.537 +02:00 [INF] Acquiring context lock... (0ms)
2026-06-20 07:57:28.537 +02:00 [INF] Acquired. (0ms)
2026-06-20 07:57:28.537 +02:00 [INF] Beginning context dispose. (0ms)
2026-06-20 07:57:28.538 +02:00 [INF] GC.SuppressFinalize (0ms)
2026-06-20 07:57:28.538 +02:00 [INF] InternalDispose() completed. (0ms)
2026-06-20 07:57:28.538 +02:00 [INF] Clearing instance... (1ms)
2026-06-20 07:57:28.538 +02:00 [INF] Releasing context lock... (1ms)
2026-06-20 07:57:28.538 +02:00 [INF] Released. (1ms)
