2026-04-06 12:07:42.603 +06:00 [INF] Starting Intersect Client v0.8.0.0-custom+32d39132dace1351f63375b261f241297dd35be8-dirty
2026-04-06 12:07:42.797 +06:00 [INF] Discovered service type: Intersect.Plugins.PluginService
2026-04-06 12:07:42.800 +06:00 [WRN] Directory was specified as a plugin directory but does not exist: 'resources\plugins'
2026-04-06 12:07:42.801 +06:00 [INF] Discovered 0 plugins:

2026-04-06 12:07:47.584 +06:00 [INF] Connecting to 127.0.0.1:5400...
2026-04-06 12:07:47.607 +06:00 [INF] Connected [aa31200c-9407-4b3e-a527-3644b098be92].
2026-04-06 12:07:47.625 +06:00 [INF] Connection approved [aa31200c-9407-4b3e-a527-3644b098be92].
2026-04-06 12:07:47.710 +06:00 [INF] Updated PermissionSet 'default'
2026-04-06 12:07:55.415 +06:00 [INF] Updated PermissionSet 'admin'
2026-04-06 12:07:55.415 +06:00 [INF] Updating active permission set to 'admin'
2026-04-06 12:07:55.559 +06:00 [WRN] Unable to add '_buttonLogout' to the JSON of MainMenu.SelectCharacterWindow._innerPanel._buttonsPanel because a sibling shares the same name
2026-04-06 12:07:56.605 +06:00 [WRN] 'Me' is null.
2026-04-06 12:07:57.206 +06:00 [INF] Built VBO for map 73ba8458-f8de-4f78-a254-c91b18418ed0 'test 3' in 21.2519ms
2026-04-06 12:07:57.221 +06:00 [INF] Built VBO for map 27c6a7b2-4e9f-4316-9a0f-e13ec8e16ba2 'New Map' in 10.2998ms
2026-04-06 12:08:46.721 +06:00 [INF] Built VBO for map 850ddb26-5568-4376-b8e0-346c04cb81ef 'forest' in 7.1024ms
2026-04-06 12:12:30.782 +06:00 [INF] System window closing (due to user interaction most likely).
2026-04-06 12:12:30.785 +06:00 [INF] Disconnected [aa31200c-9407-4b3e-a527-3644b098be92].
2026-04-06 12:12:30.786 +06:00 [INF] Updating active permission set to 'default'
2026-04-06 12:12:30.870 +06:00 [INF] Acquiring context lock... (0ms)
2026-04-06 12:12:30.870 +06:00 [INF] Acquired. (0ms)
2026-04-06 12:12:30.871 +06:00 [INF] Beginning context dispose. (0ms)
2026-04-06 12:12:30.871 +06:00 [INF] GC.SuppressFinalize (0ms)
2026-04-06 12:12:30.871 +06:00 [INF] InternalDispose() completed. (0ms)
2026-04-06 12:12:30.872 +06:00 [INF] Clearing instance... (1ms)
2026-04-06 12:12:30.872 +06:00 [INF] Releasing context lock... (1ms)
2026-04-06 12:12:30.872 +06:00 [INF] Released. (1ms)
