2026-04-26 15:29:19.750 +06:00 [INF] Starting Intersect Client v0.8.0.0-custom+32d39132dace1351f63375b261f241297dd35be8-dirty
2026-04-26 15:29:19.952 +06:00 [INF] Discovered service type: Intersect.Plugins.PluginService
2026-04-26 15:29:19.955 +06:00 [WRN] Directory was specified as a plugin directory but does not exist: 'resources\plugins'
2026-04-26 15:29:19.955 +06:00 [INF] Discovered 0 plugins:

2026-04-26 15:29:22.812 +06:00 [INF] Connecting to 127.0.0.1:5400...
2026-04-26 15:29:22.830 +06:00 [INF] Connected [2826a102-6373-4727-9059-92a251c20212].
2026-04-26 15:29:22.846 +06:00 [INF] Connection approved [2826a102-6373-4727-9059-92a251c20212].
2026-04-26 15:29:22.951 +06:00 [INF] Updated PermissionSet 'default'
2026-04-26 15:29:29.315 +06:00 [INF] Updated PermissionSet 'admin'
2026-04-26 15:29:29.315 +06:00 [INF] Updating active permission set to 'admin'
2026-04-26 15:29:29.453 +06:00 [WRN] Unable to add '_buttonLogout' to the JSON of MainMenu.SelectCharacterWindow._innerPanel._buttonsPanel because a sibling shares the same name
2026-04-26 15:29:30.355 +06:00 [WRN] 'Me' is null.
2026-04-26 15:29:30.899 +06:00 [INF] Built VBO for map 27c6a7b2-4e9f-4316-9a0f-e13ec8e16ba2 'Forest' in 11.348ms
2026-04-26 15:29:50.708 +06:00 [INF] Built VBO for map c15f8299-8999-471f-9760-388ff4cdec7c 'Forest' in 10.1927ms
2026-04-26 15:35:02.457 +06:00 [INF] System window closing (due to user interaction most likely).
2026-04-26 15:35:02.460 +06:00 [INF] Disconnected [2826a102-6373-4727-9059-92a251c20212].
2026-04-26 15:35:02.461 +06:00 [INF] Updating active permission set to 'default'
2026-04-26 15:35:02.546 +06:00 [INF] Acquiring context lock... (0ms)
2026-04-26 15:35:02.546 +06:00 [INF] Acquired. (0ms)
2026-04-26 15:35:02.546 +06:00 [INF] Beginning context dispose. (0ms)
2026-04-26 15:35:02.547 +06:00 [INF] GC.SuppressFinalize (0ms)
2026-04-26 15:35:02.547 +06:00 [INF] InternalDispose() completed. (0ms)
2026-04-26 15:35:02.547 +06:00 [INF] Clearing instance... (1ms)
2026-04-26 15:35:02.547 +06:00 [INF] Releasing context lock... (1ms)
2026-04-26 15:35:02.547 +06:00 [INF] Released. (1ms)
