2026-07-13 22:58:08.541 +02:00 [INF] Starting Intersect Client v0.8.0.0-custom+32d39132dace1351f63375b261f241297dd35be8-dirty
2026-07-13 22:58:08.763 +02:00 [INF] Discovered service type: Intersect.Plugins.PluginService
2026-07-13 22:58:08.767 +02:00 [WRN] Directory was specified as a plugin directory but does not exist: 'resources\plugins'
2026-07-13 22:58:08.767 +02:00 [INF] Discovered 0 plugins:

2026-07-13 22:58:10.774 +02:00 [INF] Connecting to 127.0.0.1:5400...
2026-07-13 22:58:10.792 +02:00 [INF] Connected [ccb214e9-0d86-44c1-a67f-b74b442ad4e5].
2026-07-13 22:58:10.802 +02:00 [INF] Connection approved [ccb214e9-0d86-44c1-a67f-b74b442ad4e5].
2026-07-13 22:58:10.904 +02:00 [INF] Updated PermissionSet 'default'
2026-07-13 22:58:15.627 +02:00 [INF] Updated PermissionSet 'admin'
2026-07-13 22:58:15.628 +02:00 [INF] Updating active permission set to 'admin'
2026-07-13 22:58:17.971 +02:00 [WRN] 'Me' is null.
2026-07-13 22:58:18.942 +02:00 [INF] Built VBO for map 9802b09c-f592-4d93-8e11-d3424500716c 'Deep Forest' in 51.6677ms
2026-07-13 22:58:18.957 +02:00 [INF] Built VBO for map 15601ad4-9f26-4abe-a6c9-3a7eebaa3045 'Forest' in 11.9647ms
2026-07-13 22:58:19.086 +02:00 [INF] Built VBO for map a31f210c-f5fb-48bf-9db2-45fab2293a4c 'Forest' in 122.1462ms
2026-07-13 22:58:19.148 +02:00 [INF] Built VBO for map 27c6a7b2-4e9f-4316-9a0f-e13ec8e16ba2 'Forest' in 58.6263ms
2026-07-13 22:58:19.293 +02:00 [WRN] World post-process shader loaded but is missing required parameter 'DayAmount'. Falling back to legacy post-process passes.
2026-07-13 22:58:23.673 +02:00 [INF] Built VBO for map 15601ad4-9f26-4abe-a6c9-3a7eebaa3045 'Forest' in 7.4538ms
2026-07-13 22:58:23.714 +02:00 [INF] Built VBO for map 27c6a7b2-4e9f-4316-9a0f-e13ec8e16ba2 'Forest' in 19.0487ms
2026-07-13 22:58:24.189 +02:00 [INF] Built VBO for map d490222a-af25-4a7f-bec3-7ca8016e08d7 'New Map' in 7.1673ms
2026-07-13 22:58:24.721 +02:00 [INF] Built VBO for map e341d25d-5ff4-4cd6-bcd5-2f2cda710c86 'Greenfall Vale' in 16.2026ms
2026-07-13 22:59:57.627 +02:00 [INF] System window closing (due to user interaction most likely).
2026-07-13 22:59:57.629 +02:00 [INF] Disconnected [ccb214e9-0d86-44c1-a67f-b74b442ad4e5].
2026-07-13 22:59:57.630 +02:00 [INF] Updating active permission set to 'default'
2026-07-13 22:59:57.659 +02:00 [INF] Acquiring context lock... (0ms)
2026-07-13 22:59:57.660 +02:00 [INF] Acquired. (0ms)
2026-07-13 22:59:57.661 +02:00 [INF] Beginning context dispose. (0ms)
2026-07-13 22:59:57.661 +02:00 [INF] GC.SuppressFinalize (0ms)
2026-07-13 22:59:57.661 +02:00 [INF] InternalDispose() completed. (0ms)
2026-07-13 22:59:57.661 +02:00 [INF] Clearing instance... (1ms)
2026-07-13 22:59:57.661 +02:00 [INF] Releasing context lock... (1ms)
2026-07-13 22:59:57.661 +02:00 [INF] Released. (1ms)
