2026-06-04 15:26:04.225 +02:00 [INF] Starting Intersect Client v0.8.0.0-custom+32d39132dace1351f63375b261f241297dd35be8-dirty
2026-06-04 15:26:04.494 +02:00 [INF] Discovered service type: Intersect.Plugins.PluginService
2026-06-04 15:26:04.498 +02:00 [WRN] Directory was specified as a plugin directory but does not exist: 'resources\plugins'
2026-06-04 15:26:04.499 +02:00 [INF] Discovered 0 plugins:

2026-06-04 15:26:09.115 +02:00 [INF] Connecting to 127.0.0.1:5400...
2026-06-04 15:26:09.133 +02:00 [INF] Connected [4b2a3d2b-16c5-491a-b052-fcc034d33eba].
2026-06-04 15:26:09.153 +02:00 [INF] Connection approved [4b2a3d2b-16c5-491a-b052-fcc034d33eba].
2026-06-04 15:26:09.254 +02:00 [INF] Updated PermissionSet 'default'
2026-06-04 15:26:14.032 +02:00 [INF] Updated PermissionSet 'admin'
2026-06-04 15:26:14.033 +02:00 [INF] Updating active permission set to 'admin'
2026-06-04 15:26:14.690 +02:00 [WRN] 'Me' is null.
2026-06-04 15:26:15.484 +02:00 [ERR] Exception thrown while trying to load 'resources/tilesets/water_shore_marker.png'
System.IO.FileNotFoundException: Could not find file 'F:\game code engine\Intersect_New\Intersect.Client\resources\tilesets\water_shore_marker.png'.
File name: 'F:\game code engine\Intersect_New\Intersect.Client\resources\tilesets\water_shore_marker.png'
   at Microsoft.Win32.SafeHandles.SafeFileHandle.CreateFile(String fullPath, FileMode mode, FileAccess access, FileShare share, FileOptions options)
   at Microsoft.Win32.SafeHandles.SafeFileHandle.Open(String fullPath, FileMode mode, FileAccess access, FileShare share, FileOptions options, Int64 preallocationSize, Nullable`1 unixCreateMode)
   at System.IO.Strategies.OSFileStreamStrategy..ctor(String path, FileMode mode, FileAccess access, FileShare share, FileOptions options, Int64 preallocationSize, Nullable`1 unixCreateMode)
   at System.IO.Strategies.FileStreamHelpers.ChooseStrategyCore(String path, FileMode mode, FileAccess access, FileShare share, FileOptions options, Int64 preallocationSize, Nullable`1 unixCreateMode)
   at System.IO.File.OpenRead(String path)
   at Intersect.Client.Framework.Graphics.GameRenderer.<>c__DisplayClass176_0.<LoadTexture>b__0() in F:\game code engine\Intersect_New\Intersect.Client.Framework\Graphics\GameRenderer.cs:line 921
   at Intersect.Client.Framework.Graphics.GameTexture`2.LoadPlatformTexture(Boolean force) in F:\game code engine\Intersect_New\Intersect.Client.Framework\Graphics\GameTexture.cs:line 279
2026-06-04 15:26:15.486 +02:00 [INF] Built VBO for map e341d25d-5ff4-4cd6-bcd5-2f2cda710c86 'Forest' in 27.3556ms
2026-06-04 15:29:47.255 +02:00 [INF] Built VBO for map 27c6a7b2-4e9f-4316-9a0f-e13ec8e16ba2 'Forest' in 73.7182ms
2026-06-04 15:30:48.472 +02:00 [INF] Built VBO for map 15601ad4-9f26-4abe-a6c9-3a7eebaa3045 'Forest' in 5.4919ms
2026-06-04 15:30:48.486 +02:00 [INF] Built VBO for map 27c6a7b2-4e9f-4316-9a0f-e13ec8e16ba2 'Forest' in 13.8601ms
2026-06-04 15:30:56.697 +02:00 [INF] Built VBO for map 9802b09c-f592-4d93-8e11-d3424500716c 'Forest' in 11.6741ms
2026-06-04 15:30:56.748 +02:00 [INF] Built VBO for map a31f210c-f5fb-48bf-9db2-45fab2293a4c 'Forest' in 50.4224ms
2026-06-04 15:32:10.538 +02:00 [INF] System window closing (due to user interaction most likely).
2026-06-04 15:32:10.541 +02:00 [INF] Disconnected [4b2a3d2b-16c5-491a-b052-fcc034d33eba].
2026-06-04 15:32:10.542 +02:00 [INF] Updating active permission set to 'default'
2026-06-04 15:32:10.573 +02:00 [INF] Acquiring context lock... (0ms)
2026-06-04 15:32:10.573 +02:00 [INF] Acquired. (0ms)
2026-06-04 15:32:10.574 +02:00 [INF] Beginning context dispose. (0ms)
2026-06-04 15:32:10.574 +02:00 [INF] GC.SuppressFinalize (0ms)
2026-06-04 15:32:10.574 +02:00 [INF] InternalDispose() completed. (0ms)
2026-06-04 15:32:10.575 +02:00 [INF] Clearing instance... (1ms)
2026-06-04 15:32:10.575 +02:00 [INF] Releasing context lock... (1ms)
2026-06-04 15:32:10.575 +02:00 [INF] Released. (1ms)
