2026-05-15 05:56:34.684 +02:00 [INF] Starting Intersect Client v0.8.0.0-custom+32d39132dace1351f63375b261f241297dd35be8-dirty
2026-05-15 05:56:34.896 +02:00 [INF] Discovered service type: Intersect.Plugins.PluginService
2026-05-15 05:56:34.900 +02:00 [WRN] Directory was specified as a plugin directory but does not exist: 'resources\plugins'
2026-05-15 05:56:34.901 +02:00 [INF] Discovered 0 plugins:

2026-05-15 05:56:38.543 +02:00 [INF] Connecting to 127.0.0.1:5400...
2026-05-15 05:56:38.566 +02:00 [INF] Connected [cca42869-bd6a-4d73-a5b2-35b9cc463ced].
2026-05-15 05:56:38.585 +02:00 [INF] Connection approved [cca42869-bd6a-4d73-a5b2-35b9cc463ced].
2026-05-15 05:56:38.683 +02:00 [INF] Updated PermissionSet 'default'
2026-05-15 05:56:43.283 +02:00 [INF] Updated PermissionSet 'admin'
2026-05-15 05:56:43.283 +02:00 [INF] Updating active permission set to 'admin'
2026-05-15 05:56:43.857 +02:00 [WRN] 'Me' is null.
2026-05-15 05:56:44.508 +02:00 [INF] Built VBO for map 24cc8989-0a45-4ecb-bf58-41efcefcaeb8 'Test' in 16.2863ms
2026-05-15 05:58:55.979 +02:00 [INF] Built VBO for map 24cc8989-0a45-4ecb-bf58-41efcefcaeb8 'Test' in 4.4239ms
2026-05-15 05:59:17.864 +02:00 [INF] Built VBO for map 24cc8989-0a45-4ecb-bf58-41efcefcaeb8 'Test' in 6.455ms
2026-05-15 05:59:27.554 +02:00 [INF] Built VBO for map 24cc8989-0a45-4ecb-bf58-41efcefcaeb8 'Test' in 4.5754ms
2026-05-15 06:03:22.715 +02:00 [INF] Built VBO for map 24cc8989-0a45-4ecb-bf58-41efcefcaeb8 'Test' in 5.9268ms
2026-05-15 06:04:50.419 +02:00 [INF] System window closing (due to user interaction most likely).
2026-05-15 06:04:50.422 +02:00 [INF] Disconnected [cca42869-bd6a-4d73-a5b2-35b9cc463ced].
2026-05-15 06:04:50.424 +02:00 [INF] Updating active permission set to 'default'
2026-05-15 06:04:50.470 +02:00 [INF] Acquiring context lock... (0ms)
2026-05-15 06:04:50.470 +02:00 [INF] Acquired. (0ms)
2026-05-15 06:04:50.471 +02:00 [INF] Beginning context dispose. (0ms)
2026-05-15 06:04:50.471 +02:00 [INF] GC.SuppressFinalize (0ms)
2026-05-15 06:04:50.471 +02:00 [INF] InternalDispose() completed. (0ms)
2026-05-15 06:04:50.471 +02:00 [INF] Clearing instance... (1ms)
2026-05-15 06:04:50.471 +02:00 [INF] Releasing context lock... (1ms)
2026-05-15 06:04:50.471 +02:00 [INF] Released. (1ms)
