2026-07-08 02:29:09.113 +02:00 [INF] Starting Intersect Client v0.8.0.0-custom+32d39132dace1351f63375b261f241297dd35be8-dirty
2026-07-08 02:29:09.337 +02:00 [INF] Discovered service type: Intersect.Plugins.PluginService
2026-07-08 02:29:09.340 +02:00 [WRN] Directory was specified as a plugin directory but does not exist: 'resources\plugins'
2026-07-08 02:29:09.341 +02:00 [INF] Discovered 0 plugins:

2026-07-08 02:29:13.338 +02:00 [INF] Connecting to 127.0.0.1:5400...
2026-07-08 02:29:13.346 +02:00 [INF] Connected [e901593a-7536-48f8-a31e-f2a3cae32f67].
2026-07-08 02:29:13.357 +02:00 [INF] Connection approved [e901593a-7536-48f8-a31e-f2a3cae32f67].
2026-07-08 02:29:13.454 +02:00 [INF] Updated PermissionSet 'default'
2026-07-08 02:29:13.455 +02:00 [INF] Updated PermissionSet 'admin'
2026-07-08 02:29:19.523 +02:00 [INF] Updating active permission set to 'admin'
2026-07-08 02:29:22.433 +02:00 [WRN] 'Me' is null.
2026-07-08 02:29:23.495 +02:00 [INF] Built VBO for map 15601ad4-9f26-4abe-a6c9-3a7eebaa3045 'Forest' in 31.2114ms
2026-07-08 02:29:23.504 +02:00 [INF] Built VBO for map d490222a-af25-4a7f-bec3-7ca8016e08d7 'New Map' in 8.7577ms
2026-07-08 02:29:23.517 +02:00 [INF] Built VBO for map 000bacda-f0e9-4a92-ab09-e55bd4ad15c1 'New Map' in 9.3833ms
2026-07-08 02:29:23.623 +02:00 [ERR] Exception thrown while trying to load 'resources/tilesets/water_shore_marker.png'
System.IO.FileNotFoundException: Could not find file 'F:\game code engine\Intersect_New\Intersect.Client\resources\tilesets\water_shore_marker.png'.
File name: 'F:\game code engine\Intersect_New\Intersect.Client\resources\tilesets\water_shore_marker.png'
   at Microsoft.Win32.SafeHandles.SafeFileHandle.CreateFile(String fullPath, FileMode mode, FileAccess access, FileShare share, FileOptions options)
   at Microsoft.Win32.SafeHandles.SafeFileHandle.Open(String fullPath, FileMode mode, FileAccess access, FileShare share, FileOptions options, Int64 preallocationSize, Nullable`1 unixCreateMode)
   at System.IO.Strategies.OSFileStreamStrategy..ctor(String path, FileMode mode, FileAccess access, FileShare share, FileOptions options, Int64 preallocationSize, Nullable`1 unixCreateMode)
   at System.IO.Strategies.FileStreamHelpers.ChooseStrategyCore(String path, FileMode mode, FileAccess access, FileShare share, FileOptions options, Int64 preallocationSize, Nullable`1 unixCreateMode)
   at System.IO.File.OpenRead(String path)
   at Intersect.Client.Framework.Graphics.GameRenderer.<>c__DisplayClass182_0.<LoadTexture>b__0() in F:\game code engine\Intersect_New\Intersect.Client.Framework\Graphics\GameRenderer.cs:line 1027
   at Intersect.Client.Framework.Graphics.GameTexture`2.LoadPlatformTexture(Boolean force) in F:\game code engine\Intersect_New\Intersect.Client.Framework\Graphics\GameTexture.cs:line 279
2026-07-08 02:29:23.625 +02:00 [INF] Built VBO for map 27c6a7b2-4e9f-4316-9a0f-e13ec8e16ba2 'Forest' in 106.9612ms
2026-07-08 02:29:23.641 +02:00 [INF] Built VBO for map e341d25d-5ff4-4cd6-bcd5-2f2cda710c86 'Greenfall Vale' in 13.7076ms
2026-07-08 02:29:23.652 +02:00 [INF] Built VBO for map f519d3ea-b6f4-4b17-b87a-1dcf003cd3ec 'New Map' in 9.4287ms
2026-07-08 02:30:01.580 +02:00 [INF] Built VBO for map e341d25d-5ff4-4cd6-bcd5-2f2cda710c86 'Greenfall Vale' in 17.7124ms
2026-07-08 02:30:01.993 +02:00 [INF] Built VBO for map 15601ad4-9f26-4abe-a6c9-3a7eebaa3045 'Forest' in 9.2714ms
2026-07-08 02:30:02.514 +02:00 [INF] Built VBO for map d490222a-af25-4a7f-bec3-7ca8016e08d7 'New Map' in 8.2379ms
2026-07-08 02:30:03.029 +02:00 [INF] Built VBO for map 000bacda-f0e9-4a92-ab09-e55bd4ad15c1 'New Map' in 7.7563ms
2026-07-08 02:30:03.572 +02:00 [INF] Built VBO for map 27c6a7b2-4e9f-4316-9a0f-e13ec8e16ba2 'Forest' in 17.8482ms
2026-07-08 02:30:04.092 +02:00 [INF] Built VBO for map f519d3ea-b6f4-4b17-b87a-1dcf003cd3ec 'New Map' in 7.0979ms
2026-07-08 02:32:15.908 +02:00 [INF] System window closing (due to user interaction most likely).
2026-07-08 02:32:15.912 +02:00 [INF] Disconnected [e901593a-7536-48f8-a31e-f2a3cae32f67].
2026-07-08 02:32:15.914 +02:00 [INF] Updating active permission set to 'default'
2026-07-08 02:32:15.957 +02:00 [INF] Acquiring context lock... (0ms)
2026-07-08 02:32:15.957 +02:00 [INF] Acquired. (0ms)
2026-07-08 02:32:15.958 +02:00 [INF] Beginning context dispose. (0ms)
2026-07-08 02:32:15.959 +02:00 [INF] GC.SuppressFinalize (0ms)
2026-07-08 02:32:15.959 +02:00 [INF] InternalDispose() completed. (0ms)
2026-07-08 02:32:15.959 +02:00 [INF] Clearing instance... (2ms)
2026-07-08 02:32:15.959 +02:00 [INF] Releasing context lock... (2ms)
2026-07-08 02:32:15.959 +02:00 [INF] Released. (2ms)
