2026-04-28 05:16:31.016 +06:00 [INF] Starting Intersect Client v0.8.0.0-custom+32d39132dace1351f63375b261f241297dd35be8-dirty
2026-04-28 05:16:31.227 +06:00 [INF] Discovered service type: Intersect.Plugins.PluginService
2026-04-28 05:16:31.232 +06:00 [WRN] Directory was specified as a plugin directory but does not exist: 'resources\plugins'
2026-04-28 05:16:31.233 +06:00 [INF] Discovered 0 plugins:

2026-04-28 05:16:33.594 +06:00 [INF] Connecting to 127.0.0.1:5400...
2026-04-28 05:16:33.616 +06:00 [INF] Connected [792fbcc3-9d2b-4a51-af67-9b742799f661].
2026-04-28 05:16:33.627 +06:00 [INF] Connection approved [792fbcc3-9d2b-4a51-af67-9b742799f661].
2026-04-28 05:16:33.730 +06:00 [INF] Updated PermissionSet 'default'
2026-04-28 05:16:38.527 +06:00 [INF] Updated PermissionSet 'admin'
2026-04-28 05:16:38.528 +06:00 [INF] Updating active permission set to 'admin'
2026-04-28 05:16:38.679 +06:00 [WRN] Unable to add '_buttonLogout' to the JSON of MainMenu.SelectCharacterWindow._innerPanel._buttonsPanel because a sibling shares the same name
2026-04-28 05:16:39.252 +06:00 [WRN] 'Me' is null.
2026-04-28 05:16:39.809 +06:00 [INF] Built VBO for map 27c6a7b2-4e9f-4316-9a0f-e13ec8e16ba2 'Forest' in 9.4292ms
2026-04-28 05:16:39.831 +06:00 [INF] Built VBO for map c15f8299-8999-471f-9760-388ff4cdec7c 'Forest' in 7.1764ms
2026-04-28 05:19:27.725 +06:00 [INF] System window closing (due to user interaction most likely).
2026-04-28 05:19:27.728 +06:00 [INF] Disconnected [792fbcc3-9d2b-4a51-af67-9b742799f661].
2026-04-28 05:19:27.729 +06:00 [INF] Updating active permission set to 'default'
2026-04-28 05:19:27.753 +06:00 [INF] Acquiring context lock... (0ms)
2026-04-28 05:19:27.753 +06:00 [INF] Acquired. (0ms)
2026-04-28 05:19:27.754 +06:00 [INF] Beginning context dispose. (0ms)
2026-04-28 05:19:27.754 +06:00 [INF] GC.SuppressFinalize (0ms)
2026-04-28 05:19:27.754 +06:00 [INF] InternalDispose() completed. (0ms)
2026-04-28 05:19:27.754 +06:00 [INF] Clearing instance... (1ms)
2026-04-28 05:19:27.754 +06:00 [INF] Releasing context lock... (1ms)
2026-04-28 05:19:27.754 +06:00 [INF] Released. (1ms)
