2026-04-25 01:20:13.028 +06:00 [INF] Starting Intersect Client v0.8.0.0-custom+32d39132dace1351f63375b261f241297dd35be8-dirty
2026-04-25 01:20:13.227 +06:00 [INF] Discovered service type: Intersect.Plugins.PluginService
2026-04-25 01:20:13.230 +06:00 [WRN] Directory was specified as a plugin directory but does not exist: 'resources\plugins'
2026-04-25 01:20:13.231 +06:00 [INF] Discovered 0 plugins:

2026-04-25 01:20:15.529 +06:00 [INF] Connecting to 127.0.0.1:5400...
2026-04-25 01:20:15.551 +06:00 [INF] Connected [f9470957-581a-4ffd-91c4-443a197742c5].
2026-04-25 01:20:15.567 +06:00 [INF] Connection approved [f9470957-581a-4ffd-91c4-443a197742c5].
2026-04-25 01:20:15.664 +06:00 [INF] Updated PermissionSet 'default'
2026-04-25 01:20:21.187 +06:00 [INF] Updated PermissionSet 'admin'
2026-04-25 01:20:21.187 +06:00 [INF] Updating active permission set to 'admin'
2026-04-25 01:20:21.347 +06:00 [WRN] Unable to add '_buttonLogout' to the JSON of MainMenu.SelectCharacterWindow._innerPanel._buttonsPanel because a sibling shares the same name
2026-04-25 01:20:22.111 +06:00 [WRN] 'Me' is null.
2026-04-25 01:20:22.475 +06:00 [WRN] Failed to deserialized cached data for ObjectCacheKey { Id = Id { Guid = c15f8299-8999-471f-9760-388ff4cdec7c }, Checksum = , Version =  }, will fetch again
2026-04-25 01:20:22.476 +06:00 [WRN] Failed to deserialized cached data for ObjectCacheKey { Id = Id { Guid = 27c6a7b2-4e9f-4316-9a0f-e13ec8e16ba2 }, Checksum = , Version =  }, will fetch again
2026-04-25 01:20:22.741 +06:00 [INF] Built VBO for map 27c6a7b2-4e9f-4316-9a0f-e13ec8e16ba2 'Forest' in 24.9091ms
2026-04-25 01:21:14.194 +06:00 [INF] Built VBO for map c15f8299-8999-471f-9760-388ff4cdec7c 'Forest' in 7.7731ms
2026-04-25 01:25:32.020 +06:00 [INF] System window closing (due to user interaction most likely).
2026-04-25 01:25:32.023 +06:00 [INF] Disconnected [f9470957-581a-4ffd-91c4-443a197742c5].
2026-04-25 01:25:32.024 +06:00 [INF] Updating active permission set to 'default'
2026-04-25 01:25:32.058 +06:00 [INF] Acquiring context lock... (0ms)
2026-04-25 01:25:32.058 +06:00 [INF] Acquired. (0ms)
2026-04-25 01:25:32.059 +06:00 [INF] Beginning context dispose. (0ms)
2026-04-25 01:25:32.059 +06:00 [INF] GC.SuppressFinalize (0ms)
2026-04-25 01:25:32.059 +06:00 [INF] InternalDispose() completed. (0ms)
2026-04-25 01:25:32.059 +06:00 [INF] Clearing instance... (1ms)
2026-04-25 01:25:32.059 +06:00 [INF] Releasing context lock... (1ms)
2026-04-25 01:25:32.059 +06:00 [INF] Released. (1ms)
