2026-04-13 01:41:25.253 +06:00 [INF] Starting Intersect Client v0.8.0.0-custom+32d39132dace1351f63375b261f241297dd35be8-dirty
2026-04-13 01:41:25.454 +06:00 [INF] Discovered service type: Intersect.Plugins.PluginService
2026-04-13 01:41:25.456 +06:00 [WRN] Directory was specified as a plugin directory but does not exist: 'resources\plugins'
2026-04-13 01:41:25.457 +06:00 [INF] Discovered 0 plugins:

2026-04-13 01:41:27.612 +06:00 [INF] Connecting to 127.0.0.1:5400...
2026-04-13 01:41:27.636 +06:00 [INF] Connected [3f09a82e-c947-456b-90ff-d88dd4457ff3].
2026-04-13 01:41:27.649 +06:00 [INF] Connection approved [3f09a82e-c947-456b-90ff-d88dd4457ff3].
2026-04-13 01:41:27.741 +06:00 [INF] Updated PermissionSet 'default'
2026-04-13 01:41:32.059 +06:00 [INF] Updated PermissionSet 'admin'
2026-04-13 01:41:32.059 +06:00 [INF] Updating active permission set to 'admin'
2026-04-13 01:41:32.195 +06:00 [WRN] Unable to add '_buttonLogout' to the JSON of MainMenu.SelectCharacterWindow._innerPanel._buttonsPanel because a sibling shares the same name
2026-04-13 01:41:33.066 +06:00 [WRN] 'Me' is null.
2026-04-13 01:41:33.651 +06:00 [INF] Built VBO for map 73ba8458-f8de-4f78-a254-c91b18418ed0 'test 3' in 54.0804ms
2026-04-13 01:41:33.661 +06:00 [INF] Built VBO for map 27c6a7b2-4e9f-4316-9a0f-e13ec8e16ba2 'New Map' in 4.9403ms
2026-04-13 01:42:02.005 +06:00 [INF] Built VBO for map 411179b7-b772-42ef-bf66-03b7e4d7dca8 'test 5' in 5.3574ms
2026-04-13 01:42:02.009 +06:00 [INF] Built VBO for map 850ddb26-5568-4376-b8e0-346c04cb81ef 'forest' in 4.2803ms
2026-04-13 01:42:20.055 +06:00 [INF] Built VBO for map 23630ac6-4461-460d-8a3b-9a0d4477096f 'test 8' in 5.1012ms
2026-04-13 01:43:59.447 +06:00 [INF] System window closing (due to user interaction most likely).
2026-04-13 01:43:59.450 +06:00 [INF] Disconnected [3f09a82e-c947-456b-90ff-d88dd4457ff3].
2026-04-13 01:43:59.451 +06:00 [INF] Updating active permission set to 'default'
2026-04-13 01:43:59.483 +06:00 [INF] Acquiring context lock... (0ms)
2026-04-13 01:43:59.483 +06:00 [INF] Acquired. (0ms)
2026-04-13 01:43:59.484 +06:00 [INF] Beginning context dispose. (0ms)
2026-04-13 01:43:59.484 +06:00 [INF] GC.SuppressFinalize (0ms)
2026-04-13 01:43:59.484 +06:00 [INF] InternalDispose() completed. (0ms)
2026-04-13 01:43:59.484 +06:00 [INF] Clearing instance... (1ms)
2026-04-13 01:43:59.484 +06:00 [INF] Releasing context lock... (1ms)
2026-04-13 01:43:59.484 +06:00 [INF] Released. (1ms)
