2026-06-02 04:57:08.754 +02:00 [INF] Starting Intersect Client v0.8.0.0-custom+32d39132dace1351f63375b261f241297dd35be8-dirty
2026-06-02 04:57:08.963 +02:00 [INF] Discovered service type: Intersect.Plugins.PluginService
2026-06-02 04:57:08.967 +02:00 [WRN] Directory was specified as a plugin directory but does not exist: 'resources\plugins'
2026-06-02 04:57:08.968 +02:00 [INF] Discovered 0 plugins:

2026-06-02 04:57:11.057 +02:00 [INF] Connecting to 127.0.0.1:5400...
2026-06-02 04:57:11.078 +02:00 [INF] Connected [bd220cf0-e3e5-46f7-8976-b8a2d0985b87].
2026-06-02 04:57:11.087 +02:00 [INF] Connection approved [bd220cf0-e3e5-46f7-8976-b8a2d0985b87].
2026-06-02 04:57:11.190 +02:00 [INF] Updated PermissionSet 'default'
2026-06-02 04:57:21.025 +02:00 [INF] Updated PermissionSet 'admin'
2026-06-02 04:57:21.025 +02:00 [INF] Updating active permission set to 'admin'
2026-06-02 04:57:21.885 +02:00 [WRN] 'Me' is null.
2026-06-02 04:57:22.752 +02:00 [INF] Built VBO for map 27c6a7b2-4e9f-4316-9a0f-e13ec8e16ba2 'Forest' in 81.8223ms
2026-06-02 04:58:05.701 +02:00 [INF] Built VBO for map 27c6a7b2-4e9f-4316-9a0f-e13ec8e16ba2 'Forest' in 41.1883ms
2026-06-02 04:58:13.141 +02:00 [INF] Built VBO for map 27c6a7b2-4e9f-4316-9a0f-e13ec8e16ba2 'Forest' in 48.7067ms
2026-06-02 04:59:59.838 +02:00 [INF] System window closing (due to user interaction most likely).
2026-06-02 04:59:59.841 +02:00 [INF] Disconnected [bd220cf0-e3e5-46f7-8976-b8a2d0985b87].
2026-06-02 04:59:59.842 +02:00 [INF] Updating active permission set to 'default'
2026-06-02 04:59:59.868 +02:00 [INF] Acquiring context lock... (0ms)
2026-06-02 04:59:59.868 +02:00 [INF] Acquired. (0ms)
2026-06-02 04:59:59.868 +02:00 [INF] Beginning context dispose. (0ms)
2026-06-02 04:59:59.869 +02:00 [INF] GC.SuppressFinalize (0ms)
2026-06-02 04:59:59.869 +02:00 [INF] InternalDispose() completed. (0ms)
2026-06-02 04:59:59.869 +02:00 [INF] Clearing instance... (1ms)
2026-06-02 04:59:59.869 +02:00 [INF] Releasing context lock... (1ms)
2026-06-02 04:59:59.869 +02:00 [INF] Released. (1ms)
