2026-05-20 12:44:51.881 +02:00 [INF] Starting Intersect Client v0.8.0.0-custom+32d39132dace1351f63375b261f241297dd35be8-dirty
2026-05-20 12:44:52.114 +02:00 [INF] Discovered service type: Intersect.Plugins.PluginService
2026-05-20 12:44:52.117 +02:00 [WRN] Directory was specified as a plugin directory but does not exist: 'resources\plugins'
2026-05-20 12:44:52.118 +02:00 [INF] Discovered 0 plugins:

2026-05-20 12:44:54.239 +02:00 [INF] Connecting to 127.0.0.1:5400...
2026-05-20 12:44:54.247 +02:00 [INF] Connected [3cf5e1c8-5716-4aff-974d-5c02446be4e2].
2026-05-20 12:44:54.260 +02:00 [INF] Connection approved [3cf5e1c8-5716-4aff-974d-5c02446be4e2].
2026-05-20 12:44:54.353 +02:00 [INF] Updated PermissionSet 'default'
2026-05-20 12:44:54.353 +02:00 [INF] Updated PermissionSet 'admin'
2026-05-20 12:45:04.505 +02:00 [INF] Updating active permission set to 'admin'
2026-05-20 12:45:05.113 +02:00 [WRN] 'Me' is null.
2026-05-20 12:45:05.694 +02:00 [INF] Built VBO for map e341d25d-5ff4-4cd6-bcd5-2f2cda710c86 'Forest' in 13.9517ms
2026-05-20 12:45:22.969 +02:00 [INF] Built VBO for map e341d25d-5ff4-4cd6-bcd5-2f2cda710c86 'Forest' in 3.9535ms
2026-05-20 12:46:56.369 +02:00 [INF] System window closing (due to user interaction most likely).
2026-05-20 12:46:56.372 +02:00 [INF] Disconnected [3cf5e1c8-5716-4aff-974d-5c02446be4e2].
2026-05-20 12:46:56.372 +02:00 [INF] Updating active permission set to 'default'
2026-05-20 12:46:56.403 +02:00 [INF] Acquiring context lock... (0ms)
2026-05-20 12:46:56.403 +02:00 [INF] Acquired. (0ms)
2026-05-20 12:46:56.404 +02:00 [INF] Beginning context dispose. (0ms)
2026-05-20 12:46:56.404 +02:00 [INF] GC.SuppressFinalize (0ms)
2026-05-20 12:46:56.404 +02:00 [INF] InternalDispose() completed. (0ms)
2026-05-20 12:46:56.404 +02:00 [INF] Clearing instance... (1ms)
2026-05-20 12:46:56.404 +02:00 [INF] Releasing context lock... (1ms)
2026-05-20 12:46:56.404 +02:00 [INF] Released. (1ms)
