2026-05-13 21:41:50.827 +02:00 [INF] Starting Intersect Client v0.8.0.0-custom+32d39132dace1351f63375b261f241297dd35be8-dirty
2026-05-13 21:41:51.047 +02:00 [INF] Discovered service type: Intersect.Plugins.PluginService
2026-05-13 21:41:51.051 +02:00 [WRN] Directory was specified as a plugin directory but does not exist: 'resources\plugins'
2026-05-13 21:41:51.052 +02:00 [INF] Discovered 0 plugins:

2026-05-13 21:41:54.022 +02:00 [INF] Connecting to 127.0.0.1:5400...
2026-05-13 21:41:54.041 +02:00 [INF] Connected [a1366814-58fc-4608-9322-c6d5ebbc6e3b].
2026-05-13 21:41:54.058 +02:00 [INF] Connection approved [a1366814-58fc-4608-9322-c6d5ebbc6e3b].
2026-05-13 21:41:54.149 +02:00 [INF] Updated PermissionSet 'default'
2026-05-13 21:41:57.919 +02:00 [INF] Updated PermissionSet 'admin'
2026-05-13 21:41:57.919 +02:00 [INF] Updating active permission set to 'admin'
2026-05-13 21:41:58.712 +02:00 [WRN] 'Me' is null.
2026-05-13 21:41:59.491 +02:00 [INF] Built VBO for map 24cc8989-0a45-4ecb-bf58-41efcefcaeb8 'Test' in 12.1809ms
2026-05-13 21:43:49.974 +02:00 [INF] System window closing (due to user interaction most likely).
2026-05-13 21:43:49.977 +02:00 [INF] Disconnected [a1366814-58fc-4608-9322-c6d5ebbc6e3b].
2026-05-13 21:43:49.978 +02:00 [INF] Updating active permission set to 'default'
2026-05-13 21:43:50.014 +02:00 [INF] Acquiring context lock... (0ms)
2026-05-13 21:43:50.014 +02:00 [INF] Acquired. (0ms)
2026-05-13 21:43:50.015 +02:00 [INF] Beginning context dispose. (0ms)
2026-05-13 21:43:50.015 +02:00 [INF] GC.SuppressFinalize (0ms)
2026-05-13 21:43:50.015 +02:00 [INF] InternalDispose() completed. (0ms)
2026-05-13 21:43:50.015 +02:00 [INF] Clearing instance... (1ms)
2026-05-13 21:43:50.015 +02:00 [INF] Releasing context lock... (1ms)
2026-05-13 21:43:50.015 +02:00 [INF] Released. (1ms)
