2026-04-25 18:01:25.309 +06:00 [INF] Starting Intersect Client v0.8.0.0-custom+32d39132dace1351f63375b261f241297dd35be8-dirty
2026-04-25 18:01:25.525 +06:00 [INF] Discovered service type: Intersect.Plugins.PluginService
2026-04-25 18:01:25.528 +06:00 [WRN] Directory was specified as a plugin directory but does not exist: 'resources\plugins'
2026-04-25 18:01:25.529 +06:00 [INF] Discovered 0 plugins:

2026-04-25 18:01:27.636 +06:00 [INF] Connecting to 127.0.0.1:5400...
2026-04-25 18:01:27.643 +06:00 [INF] Connected [6016cc69-9d45-47d4-8bad-dcfc20c68cec].
2026-04-25 18:01:27.648 +06:00 [INF] Connection approved [6016cc69-9d45-47d4-8bad-dcfc20c68cec].
2026-04-25 18:01:27.722 +06:00 [INF] Updated PermissionSet 'default'
2026-04-25 18:01:27.723 +06:00 [INF] Updated PermissionSet 'admin'
2026-04-25 18:01:31.878 +06:00 [INF] Updating active permission set to 'admin'
2026-04-25 18:01:32.033 +06:00 [WRN] Unable to add '_buttonLogout' to the JSON of MainMenu.SelectCharacterWindow._innerPanel._buttonsPanel because a sibling shares the same name
2026-04-25 18:01:32.567 +06:00 [WRN] 'Me' is null.
2026-04-25 18:01:33.019 +06:00 [INF] Client loaded map "c15f8299-8999-471f-9760-388ff4cdec7c" (Forest) with 0 lights.
2026-04-25 18:01:33.052 +06:00 [INF] Client loaded map "27c6a7b2-4e9f-4316-9a0f-e13ec8e16ba2" (Forest) with 1 lights.
2026-04-25 18:01:33.112 +06:00 [INF] Client loaded map "27c6a7b2-4e9f-4316-9a0f-e13ec8e16ba2" (Forest) with 1 lights.
2026-04-25 18:01:33.253 +06:00 [INF] Built VBO for map 27c6a7b2-4e9f-4316-9a0f-e13ec8e16ba2 'Forest' in 13.6306ms
2026-04-25 18:01:44.336 +06:00 [INF] Built VBO for map c15f8299-8999-471f-9760-388ff4cdec7c 'Forest' in 8.7458ms
2026-04-25 18:01:48.726 +06:00 [WRN] 'Me' is null.
2026-04-25 18:01:48.726 +06:00 [WRN] 'Me' is null.
2026-04-25 18:01:53.614 +06:00 [INF] System window closing (due to user interaction most likely).
2026-04-25 18:01:53.617 +06:00 [INF] Disconnected [6016cc69-9d45-47d4-8bad-dcfc20c68cec].
2026-04-25 18:01:53.618 +06:00 [INF] Updating active permission set to 'default'
2026-04-25 18:01:53.651 +06:00 [INF] Acquiring context lock... (0ms)
2026-04-25 18:01:53.651 +06:00 [INF] Acquired. (0ms)
2026-04-25 18:01:53.652 +06:00 [INF] Beginning context dispose. (0ms)
2026-04-25 18:01:53.652 +06:00 [INF] GC.SuppressFinalize (0ms)
2026-04-25 18:01:53.652 +06:00 [INF] InternalDispose() completed. (0ms)
2026-04-25 18:01:53.652 +06:00 [INF] Clearing instance... (1ms)
2026-04-25 18:01:53.652 +06:00 [INF] Releasing context lock... (1ms)
2026-04-25 18:01:53.652 +06:00 [INF] Released. (1ms)
