2026-04-15 15:49:57.172 +06:00 [INF] Starting Intersect Client v0.8.0.0-custom+32d39132dace1351f63375b261f241297dd35be8-dirty
2026-04-15 15:49:57.584 +06:00 [INF] Discovered service type: Intersect.Plugins.PluginService
2026-04-15 15:49:57.592 +06:00 [WRN] Directory was specified as a plugin directory but does not exist: 'resources\plugins'
2026-04-15 15:49:57.593 +06:00 [INF] Discovered 0 plugins:

2026-04-15 15:49:59.657 +06:00 [INF] Connecting to 127.0.0.1:5400...
2026-04-15 15:49:59.679 +06:00 [INF] Connected [0fddf359-1cd1-4251-a11a-a20c28e43fd1].
2026-04-15 15:49:59.693 +06:00 [INF] Connection approved [0fddf359-1cd1-4251-a11a-a20c28e43fd1].
2026-04-15 15:49:59.783 +06:00 [INF] Updated PermissionSet 'default'
2026-04-15 15:50:04.511 +06:00 [INF] Updated PermissionSet 'admin'
2026-04-15 15:50:04.511 +06:00 [INF] Updating active permission set to 'admin'
2026-04-15 15:50:04.653 +06:00 [WRN] Unable to add '_buttonLogout' to the JSON of MainMenu.SelectCharacterWindow._innerPanel._buttonsPanel because a sibling shares the same name
2026-04-15 15:50:05.667 +06:00 [WRN] 'Me' is null.
2026-04-15 15:50:06.237 +06:00 [INF] Built VBO for map 23630ac6-4461-460d-8a3b-9a0d4477096f 'test 8' in 17.2854ms
2026-04-15 15:50:06.283 +06:00 [INF] Built VBO for map 73ba8458-f8de-4f78-a254-c91b18418ed0 'test 3' in 41.8056ms
2026-04-15 15:50:06.289 +06:00 [INF] Built VBO for map 27c6a7b2-4e9f-4316-9a0f-e13ec8e16ba2 'New Map' in 4.633ms
2026-04-15 15:53:29.381 +06:00 [INF] System window closing (due to user interaction most likely).
2026-04-15 15:53:29.384 +06:00 [INF] Disconnected [0fddf359-1cd1-4251-a11a-a20c28e43fd1].
2026-04-15 15:53:29.385 +06:00 [INF] Updating active permission set to 'default'
2026-04-15 15:53:29.458 +06:00 [INF] Acquiring context lock... (0ms)
2026-04-15 15:53:29.459 +06:00 [INF] Acquired. (0ms)
2026-04-15 15:53:29.459 +06:00 [INF] Beginning context dispose. (0ms)
2026-04-15 15:53:29.460 +06:00 [INF] GC.SuppressFinalize (0ms)
2026-04-15 15:53:29.460 +06:00 [INF] InternalDispose() completed. (0ms)
2026-04-15 15:53:29.460 +06:00 [INF] Clearing instance... (1ms)
2026-04-15 15:53:29.460 +06:00 [INF] Releasing context lock... (1ms)
2026-04-15 15:53:29.460 +06:00 [INF] Released. (1ms)
