2026-07-13 22:27:08.386 +02:00 [INF] Starting Intersect Client v0.8.0.0-custom+32d39132dace1351f63375b261f241297dd35be8-dirty
2026-07-13 22:27:08.608 +02:00 [INF] Discovered service type: Intersect.Plugins.PluginService
2026-07-13 22:27:08.613 +02:00 [WRN] Directory was specified as a plugin directory but does not exist: 'resources\plugins'
2026-07-13 22:27:08.614 +02:00 [INF] Discovered 0 plugins:

2026-07-13 22:27:10.602 +02:00 [INF] Connecting to 127.0.0.1:5400...
2026-07-13 22:27:10.620 +02:00 [INF] Connected [3e59d941-50b4-4206-9f9b-ee84b81a6f01].
2026-07-13 22:27:10.635 +02:00 [INF] Connection approved [3e59d941-50b4-4206-9f9b-ee84b81a6f01].
2026-07-13 22:27:10.736 +02:00 [INF] Updated PermissionSet 'default'
2026-07-13 22:27:15.926 +02:00 [INF] Updated PermissionSet 'admin'
2026-07-13 22:27:15.927 +02:00 [INF] Updating active permission set to 'admin'
2026-07-13 22:27:18.086 +02:00 [WRN] 'Me' is null.
2026-07-13 22:27:19.212 +02:00 [INF] Built VBO for map 9802b09c-f592-4d93-8e11-d3424500716c 'Deep Forest' in 48.0395ms
2026-07-13 22:27:19.226 +02:00 [INF] Built VBO for map 15601ad4-9f26-4abe-a6c9-3a7eebaa3045 'Forest' in 11.3193ms
2026-07-13 22:27:19.242 +02:00 [INF] Built VBO for map d490222a-af25-4a7f-bec3-7ca8016e08d7 'New Map' in 9.3189ms
2026-07-13 22:27:19.373 +02:00 [INF] Built VBO for map a31f210c-f5fb-48bf-9db2-45fab2293a4c 'Forest' in 127.9713ms
2026-07-13 22:27:19.434 +02:00 [INF] Built VBO for map 27c6a7b2-4e9f-4316-9a0f-e13ec8e16ba2 'Forest' in 57.792ms
2026-07-13 22:27:19.457 +02:00 [INF] Built VBO for map e341d25d-5ff4-4cd6-bcd5-2f2cda710c86 'Greenfall Vale' in 19.9593ms
2026-07-13 22:27:19.589 +02:00 [WRN] World post-process shader loaded but is missing required parameter 'DayAmount'. Falling back to legacy post-process passes.
2026-07-13 22:29:52.121 +02:00 [INF] System window closing (due to user interaction most likely).
2026-07-13 22:29:52.124 +02:00 [INF] Disconnected [3e59d941-50b4-4206-9f9b-ee84b81a6f01].
2026-07-13 22:29:52.124 +02:00 [INF] Updating active permission set to 'default'
2026-07-13 22:29:52.156 +02:00 [INF] Acquiring context lock... (0ms)
2026-07-13 22:29:52.156 +02:00 [INF] Acquired. (0ms)
2026-07-13 22:29:52.157 +02:00 [INF] Beginning context dispose. (0ms)
2026-07-13 22:29:52.157 +02:00 [INF] GC.SuppressFinalize (0ms)
2026-07-13 22:29:52.157 +02:00 [INF] InternalDispose() completed. (0ms)
2026-07-13 22:29:52.157 +02:00 [INF] Clearing instance... (1ms)
2026-07-13 22:29:52.157 +02:00 [INF] Releasing context lock... (1ms)
2026-07-13 22:29:52.157 +02:00 [INF] Released. (1ms)
