2026-05-18 20:51:12.097 +02:00 [INF] Starting Intersect Client v0.8.0.0-custom+32d39132dace1351f63375b261f241297dd35be8-dirty
2026-05-18 20:51:12.303 +02:00 [INF] Discovered service type: Intersect.Plugins.PluginService
2026-05-18 20:51:12.307 +02:00 [WRN] Directory was specified as a plugin directory but does not exist: 'resources\plugins'
2026-05-18 20:51:12.308 +02:00 [INF] Discovered 0 plugins:

2026-05-18 20:51:14.506 +02:00 [INF] Connecting to 127.0.0.1:5400...
2026-05-18 20:51:14.515 +02:00 [INF] Connected [4bdbc06e-85c0-41a5-b588-f686568ee2b2].
2026-05-18 20:51:14.529 +02:00 [INF] Connection approved [4bdbc06e-85c0-41a5-b588-f686568ee2b2].
2026-05-18 20:51:14.619 +02:00 [INF] Updated PermissionSet 'default'
2026-05-18 20:51:14.619 +02:00 [INF] Updated PermissionSet 'admin'
2026-05-18 20:51:21.529 +02:00 [INF] Updating active permission set to 'admin'
2026-05-18 20:51:22.153 +02:00 [WRN] 'Me' is null.
2026-05-18 20:51:23.220 +02:00 [INF] Built VBO for map 27c6a7b2-4e9f-4316-9a0f-e13ec8e16ba2 'Forest' in 234.5091ms
2026-05-18 20:52:20.059 +02:00 [INF] System window closing (due to user interaction most likely).
2026-05-18 20:52:20.062 +02:00 [INF] Disconnected [4bdbc06e-85c0-41a5-b588-f686568ee2b2].
2026-05-18 20:52:20.063 +02:00 [INF] Updating active permission set to 'default'
2026-05-18 20:52:20.095 +02:00 [INF] Acquiring context lock... (0ms)
2026-05-18 20:52:20.095 +02:00 [INF] Acquired. (0ms)
2026-05-18 20:52:20.096 +02:00 [INF] Beginning context dispose. (0ms)
2026-05-18 20:52:20.096 +02:00 [INF] GC.SuppressFinalize (0ms)
2026-05-18 20:52:20.096 +02:00 [INF] InternalDispose() completed. (0ms)
2026-05-18 20:52:20.096 +02:00 [INF] Clearing instance... (1ms)
2026-05-18 20:52:20.097 +02:00 [INF] Releasing context lock... (1ms)
2026-05-18 20:52:20.097 +02:00 [INF] Released. (1ms)
