2026-06-07 20:38:36.179 +02:00 [INF] Starting Intersect Client v0.8.0.0-custom+32d39132dace1351f63375b261f241297dd35be8-dirty
2026-06-07 20:38:36.435 +02:00 [INF] Discovered service type: Intersect.Plugins.PluginService
2026-06-07 20:38:36.440 +02:00 [WRN] Directory was specified as a plugin directory but does not exist: 'resources\plugins'
2026-06-07 20:38:36.441 +02:00 [INF] Discovered 0 plugins:

2026-06-07 20:38:38.739 +02:00 [INF] Connecting to 127.0.0.1:5400...
2026-06-07 20:38:38.763 +02:00 [INF] Connected [8028846c-4002-4279-a8b7-c0d64db8d85f].
2026-06-07 20:38:38.784 +02:00 [INF] Connection approved [8028846c-4002-4279-a8b7-c0d64db8d85f].
2026-06-07 20:38:38.883 +02:00 [INF] Updated PermissionSet 'default'
2026-06-07 20:38:44.768 +02:00 [INF] Updated PermissionSet 'admin'
2026-06-07 20:38:44.768 +02:00 [INF] Updating active permission set to 'admin'
2026-06-07 20:38:45.311 +02:00 [WRN] 'Me' is null.
2026-06-07 20:38:46.171 +02:00 [INF] Built VBO for map 15601ad4-9f26-4abe-a6c9-3a7eebaa3045 'Forest' in 49.7302ms
2026-06-07 20:38:46.173 +02:00 [INF] Built VBO for map 27c6a7b2-4e9f-4316-9a0f-e13ec8e16ba2 'Forest' in 1.2376ms
2026-06-07 20:38:46.187 +02:00 [INF] Built VBO for map e341d25d-5ff4-4cd6-bcd5-2f2cda710c86 'town' in 10.3727ms
2026-06-07 20:38:46.199 +02:00 [INF] Built VBO for map 15601ad4-9f26-4abe-a6c9-3a7eebaa3045 'Forest' in 5.06ms
2026-06-07 20:38:46.325 +02:00 [ERR] Exception thrown while trying to load 'resources/tilesets/water_shore_marker.png'
System.IO.FileNotFoundException: Could not find file 'F:\game code engine\Intersect_New\Intersect.Client\resources\tilesets\water_shore_marker.png'.
File name: 'F:\game code engine\Intersect_New\Intersect.Client\resources\tilesets\water_shore_marker.png'
   at Microsoft.Win32.SafeHandles.SafeFileHandle.CreateFile(String fullPath, FileMode mode, FileAccess access, FileShare share, FileOptions options)
   at Microsoft.Win32.SafeHandles.SafeFileHandle.Open(String fullPath, FileMode mode, FileAccess access, FileShare share, FileOptions options, Int64 preallocationSize, Nullable`1 unixCreateMode)
   at System.IO.Strategies.OSFileStreamStrategy..ctor(String path, FileMode mode, FileAccess access, FileShare share, FileOptions options, Int64 preallocationSize, Nullable`1 unixCreateMode)
   at System.IO.Strategies.FileStreamHelpers.ChooseStrategyCore(String path, FileMode mode, FileAccess access, FileShare share, FileOptions options, Int64 preallocationSize, Nullable`1 unixCreateMode)
   at System.IO.File.OpenRead(String path)
   at Intersect.Client.Framework.Graphics.GameRenderer.<>c__DisplayClass176_0.<LoadTexture>b__0() in F:\game code engine\Intersect_New\Intersect.Client.Framework\Graphics\GameRenderer.cs:line 921
   at Intersect.Client.Framework.Graphics.GameTexture`2.LoadPlatformTexture(Boolean force) in F:\game code engine\Intersect_New\Intersect.Client.Framework\Graphics\GameTexture.cs:line 279
2026-06-07 20:38:46.423 +02:00 [INF] Built VBO for map e341d25d-5ff4-4cd6-bcd5-2f2cda710c86 'town' in 4.125ms
2026-06-07 20:38:49.255 +02:00 [INF] Built VBO for map e341d25d-5ff4-4cd6-bcd5-2f2cda710c86 'town' in 2.867ms
2026-06-07 20:38:53.131 +02:00 [INF] Built VBO for map 9802b09c-f592-4d93-8e11-d3424500716c 'Forest' in 1.7862ms
2026-06-07 20:38:53.184 +02:00 [INF] Built VBO for map a31f210c-f5fb-48bf-9db2-45fab2293a4c 'Forest' in 41.2621ms
2026-06-07 20:38:53.261 +02:00 [INF] Built VBO for map 15601ad4-9f26-4abe-a6c9-3a7eebaa3045 'Forest' in 0.4693ms
2026-06-07 20:38:53.306 +02:00 [INF] Built VBO for map 27c6a7b2-4e9f-4316-9a0f-e13ec8e16ba2 'Forest' in 6.4711ms
2026-06-07 20:38:59.098 +02:00 [INF] Built VBO for map 15601ad4-9f26-4abe-a6c9-3a7eebaa3045 'Forest' in 0.6527ms
2026-06-07 20:38:59.108 +02:00 [INF] Built VBO for map 27c6a7b2-4e9f-4316-9a0f-e13ec8e16ba2 'Forest' in 8.8768ms
2026-06-07 20:38:59.142 +02:00 [INF] Built VBO for map e341d25d-5ff4-4cd6-bcd5-2f2cda710c86 'town' in 1.7083ms
2026-06-07 20:39:03.144 +02:00 [INF] Built VBO for map e341d25d-5ff4-4cd6-bcd5-2f2cda710c86 'town' in 3.0049ms
2026-06-07 20:39:09.435 +02:00 [INF] Built VBO for map e341d25d-5ff4-4cd6-bcd5-2f2cda710c86 'town' in 7.0277ms
2026-06-07 20:39:11.781 +02:00 [INF] Built VBO for map 9802b09c-f592-4d93-8e11-d3424500716c 'Forest' in 1.6618ms
2026-06-07 20:39:11.811 +02:00 [INF] Built VBO for map a31f210c-f5fb-48bf-9db2-45fab2293a4c 'Forest' in 28.7627ms
2026-06-07 20:39:11.865 +02:00 [INF] Built VBO for map 15601ad4-9f26-4abe-a6c9-3a7eebaa3045 'Forest' in 0.4321ms
2026-06-07 20:39:11.907 +02:00 [INF] Built VBO for map 27c6a7b2-4e9f-4316-9a0f-e13ec8e16ba2 'Forest' in 5.5617ms
2026-06-07 20:39:16.678 +02:00 [INF] Built VBO for map 15601ad4-9f26-4abe-a6c9-3a7eebaa3045 'Forest' in 0.4991ms
2026-06-07 20:39:16.686 +02:00 [INF] Built VBO for map 27c6a7b2-4e9f-4316-9a0f-e13ec8e16ba2 'Forest' in 7.3498ms
2026-06-07 20:39:16.698 +02:00 [INF] Built VBO for map e341d25d-5ff4-4cd6-bcd5-2f2cda710c86 'town' in 1.8914ms
2026-06-07 20:39:19.595 +02:00 [INF] Built VBO for map e341d25d-5ff4-4cd6-bcd5-2f2cda710c86 'town' in 2.7384ms
2026-06-07 20:39:36.620 +02:00 [INF] Built VBO for map 9802b09c-f592-4d93-8e11-d3424500716c 'Forest' in 1.6365ms
2026-06-07 20:39:36.646 +02:00 [INF] Built VBO for map a31f210c-f5fb-48bf-9db2-45fab2293a4c 'Forest' in 24.4334ms
2026-06-07 20:39:36.681 +02:00 [INF] Built VBO for map 15601ad4-9f26-4abe-a6c9-3a7eebaa3045 'Forest' in 0.4964ms
2026-06-07 20:39:36.727 +02:00 [INF] Built VBO for map 27c6a7b2-4e9f-4316-9a0f-e13ec8e16ba2 'Forest' in 7.7087ms
2026-06-07 20:39:39.557 +02:00 [INF] System window closing (due to user interaction most likely).
2026-06-07 20:39:39.559 +02:00 [INF] Disconnected [8028846c-4002-4279-a8b7-c0d64db8d85f].
2026-06-07 20:39:39.560 +02:00 [INF] Updating active permission set to 'default'
2026-06-07 20:39:39.590 +02:00 [INF] Acquiring context lock... (0ms)
2026-06-07 20:39:39.590 +02:00 [INF] Acquired. (0ms)
2026-06-07 20:39:39.590 +02:00 [INF] Beginning context dispose. (0ms)
2026-06-07 20:39:39.591 +02:00 [INF] GC.SuppressFinalize (0ms)
2026-06-07 20:39:39.591 +02:00 [INF] InternalDispose() completed. (0ms)
2026-06-07 20:39:39.591 +02:00 [INF] Clearing instance... (1ms)
2026-06-07 20:39:39.591 +02:00 [INF] Releasing context lock... (1ms)
2026-06-07 20:39:39.591 +02:00 [INF] Released. (1ms)
