2026-04-24 16:44:29.310 +06:00 [INF] Starting Intersect Client v0.8.0.0-custom+32d39132dace1351f63375b261f241297dd35be8-dirty
2026-04-24 16:44:29.505 +06:00 [INF] Discovered service type: Intersect.Plugins.PluginService
2026-04-24 16:44:29.509 +06:00 [WRN] Directory was specified as a plugin directory but does not exist: 'resources\plugins'
2026-04-24 16:44:29.510 +06:00 [INF] Discovered 0 plugins:

2026-04-24 16:44:31.686 +06:00 [INF] Connecting to 127.0.0.1:5400...
2026-04-24 16:44:31.695 +06:00 [INF] Connected [82398b50-68c6-42ca-b3b0-dd130ac8b53c].
2026-04-24 16:44:31.713 +06:00 [INF] Connection approved [82398b50-68c6-42ca-b3b0-dd130ac8b53c].
2026-04-24 16:44:31.805 +06:00 [INF] Updated PermissionSet 'default'
2026-04-24 16:44:31.806 +06:00 [INF] Updated PermissionSet 'admin'
2026-04-24 16:44:38.337 +06:00 [INF] Updating active permission set to 'admin'
2026-04-24 16:44:38.462 +06:00 [WRN] Unable to add '_buttonLogout' to the JSON of MainMenu.SelectCharacterWindow._innerPanel._buttonsPanel because a sibling shares the same name
2026-04-24 16:44:39.010 +06:00 [WRN] 'Me' is null.
2026-04-24 16:44:39.626 +06:00 [INF] Built VBO for map 27c6a7b2-4e9f-4316-9a0f-e13ec8e16ba2 'Forest' in 38.2016ms
2026-04-24 16:46:12.018 +06:00 [INF] System window closing (due to user interaction most likely).
2026-04-24 16:46:12.021 +06:00 [INF] Disconnected [82398b50-68c6-42ca-b3b0-dd130ac8b53c].
2026-04-24 16:46:12.022 +06:00 [INF] Updating active permission set to 'default'
2026-04-24 16:46:12.051 +06:00 [INF] Acquiring context lock... (0ms)
2026-04-24 16:46:12.051 +06:00 [INF] Acquired. (0ms)
2026-04-24 16:46:12.052 +06:00 [INF] Beginning context dispose. (0ms)
2026-04-24 16:46:12.052 +06:00 [INF] GC.SuppressFinalize (0ms)
2026-04-24 16:46:12.052 +06:00 [INF] InternalDispose() completed. (0ms)
2026-04-24 16:46:12.052 +06:00 [INF] Clearing instance... (1ms)
2026-04-24 16:46:12.052 +06:00 [INF] Releasing context lock... (1ms)
2026-04-24 16:46:12.053 +06:00 [INF] Released. (1ms)
