2026-04-22 21:31:21.480 +06:00 [INF] Starting Intersect Client v0.8.0.0-custom+32d39132dace1351f63375b261f241297dd35be8-dirty
2026-04-22 21:31:21.675 +06:00 [INF] Discovered service type: Intersect.Plugins.PluginService
2026-04-22 21:31:21.678 +06:00 [WRN] Directory was specified as a plugin directory but does not exist: 'resources\plugins'
2026-04-22 21:31:21.679 +06:00 [INF] Discovered 0 plugins:

2026-04-22 21:31:23.677 +06:00 [INF] Connecting to 127.0.0.1:5400...
2026-04-22 21:31:23.696 +06:00 [INF] Connected [684d835d-0224-4ab2-8701-6d21a3760c42].
2026-04-22 21:31:23.714 +06:00 [INF] Connection approved [684d835d-0224-4ab2-8701-6d21a3760c42].
2026-04-22 21:31:23.820 +06:00 [INF] Updated PermissionSet 'default'
2026-04-22 21:31:27.565 +06:00 [INF] Updated PermissionSet 'admin'
2026-04-22 21:31:27.565 +06:00 [INF] Updating active permission set to 'admin'
2026-04-22 21:31:27.709 +06:00 [WRN] Unable to add '_buttonLogout' to the JSON of MainMenu.SelectCharacterWindow._innerPanel._buttonsPanel because a sibling shares the same name
2026-04-22 21:31:28.106 +06:00 [WRN] 'Me' is null.
2026-04-22 21:31:28.712 +06:00 [INF] Built VBO for map 27c6a7b2-4e9f-4316-9a0f-e13ec8e16ba2 'Forest' in 40.8132ms
2026-04-22 21:31:35.890 +06:00 [INF] Built VBO for map c15f8299-8999-471f-9760-388ff4cdec7c 'Forest' in 7.965ms
2026-04-22 21:31:56.981 +06:00 [INF] System window closing (due to user interaction most likely).
2026-04-22 21:31:56.984 +06:00 [INF] Disconnected [684d835d-0224-4ab2-8701-6d21a3760c42].
2026-04-22 21:31:56.984 +06:00 [INF] Updating active permission set to 'default'
2026-04-22 21:31:57.015 +06:00 [INF] Acquiring context lock... (0ms)
2026-04-22 21:31:57.015 +06:00 [INF] Acquired. (0ms)
2026-04-22 21:31:57.016 +06:00 [INF] Beginning context dispose. (0ms)
2026-04-22 21:31:57.016 +06:00 [INF] GC.SuppressFinalize (0ms)
2026-04-22 21:31:57.016 +06:00 [INF] InternalDispose() completed. (0ms)
2026-04-22 21:31:57.016 +06:00 [INF] Clearing instance... (1ms)
2026-04-22 21:31:57.016 +06:00 [INF] Releasing context lock... (1ms)
2026-04-22 21:31:57.016 +06:00 [INF] Released. (1ms)
