2026-07-06 17:43:07.486 +02:00 [INF] Starting Intersect Client v0.8.0.0-custom+32d39132dace1351f63375b261f241297dd35be8-dirty
2026-07-06 17:43:07.816 +02:00 [INF] Discovered service type: Intersect.Plugins.PluginService
2026-07-06 17:43:07.819 +02:00 [WRN] Directory was specified as a plugin directory but does not exist: 'resources\plugins'
2026-07-06 17:43:07.820 +02:00 [INF] Discovered 0 plugins:

2026-07-06 17:43:13.121 +02:00 [INF] Connecting to 127.0.0.1:5400...
2026-07-06 17:43:13.129 +02:00 [INF] Connected [96be61cf-c4d8-43b6-beb5-11aa8bf865a8].
2026-07-06 17:43:13.142 +02:00 [INF] Connection approved [96be61cf-c4d8-43b6-beb5-11aa8bf865a8].
2026-07-06 17:43:13.232 +02:00 [INF] Updated PermissionSet 'default'
2026-07-06 17:43:13.233 +02:00 [INF] Updated PermissionSet 'admin'
2026-07-06 17:43:16.698 +02:00 [INF] Updating active permission set to 'admin'
2026-07-06 17:43:19.479 +02:00 [WRN] 'Me' is null.
2026-07-06 17:43:20.599 +02:00 [ERR] Exception thrown while trying to load 'resources/tilesets/water_shore_marker.png'
System.IO.FileNotFoundException: Could not find file 'F:\game code engine\Intersect_New\Intersect.Client\resources\tilesets\water_shore_marker.png'.
File name: 'F:\game code engine\Intersect_New\Intersect.Client\resources\tilesets\water_shore_marker.png'
   at Microsoft.Win32.SafeHandles.SafeFileHandle.CreateFile(String fullPath, FileMode mode, FileAccess access, FileShare share, FileOptions options)
   at Microsoft.Win32.SafeHandles.SafeFileHandle.Open(String fullPath, FileMode mode, FileAccess access, FileShare share, FileOptions options, Int64 preallocationSize, Nullable`1 unixCreateMode)
   at System.IO.Strategies.OSFileStreamStrategy..ctor(String path, FileMode mode, FileAccess access, FileShare share, FileOptions options, Int64 preallocationSize, Nullable`1 unixCreateMode)
   at System.IO.Strategies.FileStreamHelpers.ChooseStrategyCore(String path, FileMode mode, FileAccess access, FileShare share, FileOptions options, Int64 preallocationSize, Nullable`1 unixCreateMode)
   at System.IO.File.OpenRead(String path)
   at Intersect.Client.Framework.Graphics.GameRenderer.<>c__DisplayClass182_0.<LoadTexture>b__0() in f:\game code engine\Intersect_New\Intersect.Client.Framework\Graphics\GameRenderer.cs:line 1027
   at Intersect.Client.Framework.Graphics.GameTexture`2.LoadPlatformTexture(Boolean force) in f:\game code engine\Intersect_New\Intersect.Client.Framework\Graphics\GameTexture.cs:line 279
2026-07-06 17:43:20.613 +02:00 [INF] Built VBO for map 9802b09c-f592-4d93-8e11-d3424500716c 'Deep Forest' in 50.768ms
2026-07-06 17:43:20.622 +02:00 [INF] Built VBO for map 15601ad4-9f26-4abe-a6c9-3a7eebaa3045 'Forest' in 8.6539ms
2026-07-06 17:43:20.631 +02:00 [INF] Built VBO for map d490222a-af25-4a7f-bec3-7ca8016e08d7 'New Map' in 5.6798ms
2026-07-06 17:43:20.768 +02:00 [INF] Built VBO for map a31f210c-f5fb-48bf-9db2-45fab2293a4c 'Forest' in 135.5381ms
2026-07-06 17:43:20.825 +02:00 [INF] Built VBO for map 27c6a7b2-4e9f-4316-9a0f-e13ec8e16ba2 'Forest' in 54.6775ms
2026-07-06 17:43:20.834 +02:00 [INF] Built VBO for map e341d25d-5ff4-4cd6-bcd5-2f2cda710c86 'Greenfall Vale' in 7.9692ms
2026-07-06 17:43:25.347 +02:00 [INF] Built VBO for map e341d25d-5ff4-4cd6-bcd5-2f2cda710c86 'Greenfall Vale' in 4.1489ms
2026-07-06 17:43:25.769 +02:00 [INF] Built VBO for map d490222a-af25-4a7f-bec3-7ca8016e08d7 'New Map' in 3.3562ms
2026-07-06 17:43:26.306 +02:00 [INF] Built VBO for map 000bacda-f0e9-4a92-ab09-e55bd4ad15c1 'New Map' in 3.5039ms
2026-07-06 17:43:26.850 +02:00 [INF] Built VBO for map f519d3ea-b6f4-4b17-b87a-1dcf003cd3ec 'New Map' in 3.2721ms
2026-07-06 17:45:40.383 +02:00 [INF] Built VBO for map e341d25d-5ff4-4cd6-bcd5-2f2cda710c86 'Greenfall Vale' in 3.8164ms
2026-07-06 17:45:40.698 +02:00 [INF] Built VBO for map 15601ad4-9f26-4abe-a6c9-3a7eebaa3045 'Forest' in 4.7525ms
2026-07-06 17:45:41.234 +02:00 [INF] Built VBO for map d490222a-af25-4a7f-bec3-7ca8016e08d7 'New Map' in 3.9304ms
2026-07-06 17:45:41.777 +02:00 [INF] Built VBO for map 000bacda-f0e9-4a92-ab09-e55bd4ad15c1 'New Map' in 3.5989ms
2026-07-06 17:45:42.312 +02:00 [INF] Built VBO for map 27c6a7b2-4e9f-4316-9a0f-e13ec8e16ba2 'Forest' in 15.0301ms
2026-07-06 17:45:42.847 +02:00 [INF] Built VBO for map f519d3ea-b6f4-4b17-b87a-1dcf003cd3ec 'New Map' in 3.764ms
2026-07-06 17:46:01.497 +02:00 [INF] Built VBO for map 15601ad4-9f26-4abe-a6c9-3a7eebaa3045 'Forest' in 8.8737ms
2026-07-06 17:46:01.503 +02:00 [INF] Built VBO for map e341d25d-5ff4-4cd6-bcd5-2f2cda710c86 'Greenfall Vale' in 4.9673ms
2026-07-06 17:46:02.018 +02:00 [INF] Built VBO for map d490222a-af25-4a7f-bec3-7ca8016e08d7 'New Map' in 3.7776ms
2026-07-06 17:46:02.570 +02:00 [INF] Built VBO for map 27c6a7b2-4e9f-4316-9a0f-e13ec8e16ba2 'Forest' in 36.0507ms
2026-07-06 17:46:19.995 +02:00 [INF] Built VBO for map 9802b09c-f592-4d93-8e11-d3424500716c 'Deep Forest' in 5.429ms
2026-07-06 17:46:20.588 +02:00 [INF] Built VBO for map a31f210c-f5fb-48bf-9db2-45fab2293a4c 'Forest' in 47.5256ms
2026-07-06 17:47:32.999 +02:00 [INF] Built VBO for map 27c6a7b2-4e9f-4316-9a0f-e13ec8e16ba2 'Forest' in 14.6248ms
2026-07-06 17:47:33.070 +02:00 [INF] Built VBO for map e341d25d-5ff4-4cd6-bcd5-2f2cda710c86 'Greenfall Vale' in 4.0783ms
2026-07-06 17:47:33.387 +02:00 [INF] Built VBO for map 15601ad4-9f26-4abe-a6c9-3a7eebaa3045 'Forest' in 4.7248ms
2026-07-06 17:47:33.961 +02:00 [INF] Built VBO for map d490222a-af25-4a7f-bec3-7ca8016e08d7 'New Map' in 3.8744ms
2026-07-06 17:47:34.470 +02:00 [INF] Built VBO for map 000bacda-f0e9-4a92-ab09-e55bd4ad15c1 'New Map' in 3.6244ms
2026-07-06 17:47:35.012 +02:00 [INF] Built VBO for map f519d3ea-b6f4-4b17-b87a-1dcf003cd3ec 'New Map' in 3.7475ms
2026-07-06 17:49:49.987 +02:00 [INF] Built VBO for map 27c6a7b2-4e9f-4316-9a0f-e13ec8e16ba2 'Forest' in 14.6657ms
2026-07-06 17:49:50.058 +02:00 [INF] Built VBO for map e341d25d-5ff4-4cd6-bcd5-2f2cda710c86 'Greenfall Vale' in 3.8968ms
2026-07-06 17:49:50.376 +02:00 [INF] Built VBO for map 15601ad4-9f26-4abe-a6c9-3a7eebaa3045 'Forest' in 4.7934ms
2026-07-06 17:49:50.946 +02:00 [INF] Built VBO for map d490222a-af25-4a7f-bec3-7ca8016e08d7 'New Map' in 3.5013ms
2026-07-06 17:49:51.447 +02:00 [INF] Built VBO for map 000bacda-f0e9-4a92-ab09-e55bd4ad15c1 'New Map' in 3.461ms
2026-07-06 17:49:51.979 +02:00 [INF] Built VBO for map f519d3ea-b6f4-4b17-b87a-1dcf003cd3ec 'New Map' in 3.8315ms
2026-07-06 17:50:33.831 +02:00 [INF] Built VBO for map 27c6a7b2-4e9f-4316-9a0f-e13ec8e16ba2 'Forest' in 15.6003ms
2026-07-06 17:50:33.901 +02:00 [INF] Built VBO for map e341d25d-5ff4-4cd6-bcd5-2f2cda710c86 'Greenfall Vale' in 3.9733ms
2026-07-06 17:50:34.218 +02:00 [INF] Built VBO for map 15601ad4-9f26-4abe-a6c9-3a7eebaa3045 'Forest' in 4.0754ms
2026-07-06 17:50:34.735 +02:00 [INF] Built VBO for map d490222a-af25-4a7f-bec3-7ca8016e08d7 'New Map' in 3.8437ms
2026-07-06 17:50:36.309 +02:00 [INF] Built VBO for map 000bacda-f0e9-4a92-ab09-e55bd4ad15c1 'New Map' in 2.9037ms
2026-07-06 17:50:36.834 +02:00 [INF] Built VBO for map f519d3ea-b6f4-4b17-b87a-1dcf003cd3ec 'New Map' in 3.7129ms
2026-07-06 17:51:07.431 +02:00 [INF] Built VBO for map 15601ad4-9f26-4abe-a6c9-3a7eebaa3045 'Forest' in 4.1523ms
2026-07-06 17:51:07.447 +02:00 [INF] Built VBO for map 27c6a7b2-4e9f-4316-9a0f-e13ec8e16ba2 'Forest' in 16.0139ms
2026-07-06 17:51:07.517 +02:00 [INF] Built VBO for map e341d25d-5ff4-4cd6-bcd5-2f2cda710c86 'Greenfall Vale' in 3.7222ms
2026-07-06 17:51:07.997 +02:00 [INF] Built VBO for map d490222a-af25-4a7f-bec3-7ca8016e08d7 'New Map' in 3.657ms
2026-07-06 17:51:08.554 +02:00 [INF] Built VBO for map 000bacda-f0e9-4a92-ab09-e55bd4ad15c1 'New Map' in 3.5579ms
2026-07-06 17:51:09.125 +02:00 [INF] Built VBO for map f519d3ea-b6f4-4b17-b87a-1dcf003cd3ec 'New Map' in 3.7922ms
2026-07-06 17:54:05.586 +02:00 [INF] System window closing (due to user interaction most likely).
2026-07-06 17:54:05.589 +02:00 [INF] Disconnected [96be61cf-c4d8-43b6-beb5-11aa8bf865a8].
2026-07-06 17:54:05.589 +02:00 [INF] Updating active permission set to 'default'
2026-07-06 17:54:05.620 +02:00 [INF] Acquiring context lock... (0ms)
2026-07-06 17:54:05.620 +02:00 [INF] Acquired. (0ms)
2026-07-06 17:54:05.621 +02:00 [INF] Beginning context dispose. (0ms)
2026-07-06 17:54:05.621 +02:00 [INF] GC.SuppressFinalize (0ms)
2026-07-06 17:54:05.621 +02:00 [INF] InternalDispose() completed. (0ms)
2026-07-06 17:54:05.622 +02:00 [INF] Clearing instance... (1ms)
2026-07-06 17:54:05.622 +02:00 [INF] Releasing context lock... (1ms)
2026-07-06 17:54:05.622 +02:00 [INF] Released. (1ms)
