2026-04-26 18:33:13.815 +06:00 [INF] Starting Intersect Client v0.8.0.0-custom+32d39132dace1351f63375b261f241297dd35be8-dirty
2026-04-26 18:33:14.020 +06:00 [INF] Discovered service type: Intersect.Plugins.PluginService
2026-04-26 18:33:14.023 +06:00 [WRN] Directory was specified as a plugin directory but does not exist: 'resources\plugins'
2026-04-26 18:33:14.024 +06:00 [INF] Discovered 0 plugins:

2026-04-26 18:33:17.022 +06:00 [INF] Connecting to 127.0.0.1:5400...
2026-04-26 18:33:17.031 +06:00 [INF] Connected [6bfb43cc-d386-4d1b-b98b-e0cfcbab01de].
2026-04-26 18:33:17.039 +06:00 [INF] Connection approved [6bfb43cc-d386-4d1b-b98b-e0cfcbab01de].
2026-04-26 18:33:17.117 +06:00 [INF] Updated PermissionSet 'default'
2026-04-26 18:33:17.117 +06:00 [INF] Updated PermissionSet 'admin'
2026-04-26 18:33:34.318 +06:00 [INF] Updating active permission set to 'admin'
2026-04-26 18:33:34.429 +06:00 [WRN] Unable to add '_buttonLogout' to the JSON of MainMenu.SelectCharacterWindow._innerPanel._buttonsPanel because a sibling shares the same name
2026-04-26 18:33:35.010 +06:00 [WRN] 'Me' is null.
2026-04-26 18:33:35.473 +06:00 [INF] Built VBO for map 27c6a7b2-4e9f-4316-9a0f-e13ec8e16ba2 'Forest' in 10.187ms
2026-04-26 18:33:35.489 +06:00 [INF] Built VBO for map c15f8299-8999-471f-9760-388ff4cdec7c 'Forest' in 11.1997ms
2026-04-26 18:33:54.303 +06:00 [INF] Built VBO for map 27c6a7b2-4e9f-4316-9a0f-e13ec8e16ba2 'Forest' in 6.4158ms
2026-04-26 18:34:14.822 +06:00 [INF] Built VBO for map 27c6a7b2-4e9f-4316-9a0f-e13ec8e16ba2 'Forest' in 2.2384ms
2026-04-26 18:39:41.380 +06:00 [INF] System window closing (due to user interaction most likely).
2026-04-26 18:39:41.383 +06:00 [INF] Disconnected [6bfb43cc-d386-4d1b-b98b-e0cfcbab01de].
2026-04-26 18:39:41.383 +06:00 [INF] Updating active permission set to 'default'
2026-04-26 18:39:41.421 +06:00 [INF] Acquiring context lock... (0ms)
2026-04-26 18:39:41.421 +06:00 [INF] Acquired. (0ms)
2026-04-26 18:39:41.422 +06:00 [INF] Beginning context dispose. (0ms)
2026-04-26 18:39:41.422 +06:00 [INF] GC.SuppressFinalize (0ms)
2026-04-26 18:39:41.422 +06:00 [INF] InternalDispose() completed. (0ms)
2026-04-26 18:39:41.422 +06:00 [INF] Clearing instance... (1ms)
2026-04-26 18:39:41.422 +06:00 [INF] Releasing context lock... (1ms)
2026-04-26 18:39:41.422 +06:00 [INF] Released. (1ms)
