2026-05-13 01:04:08.495 +02:00 [INF] Starting Intersect Client v0.8.0.0-custom+32d39132dace1351f63375b261f241297dd35be8-dirty
2026-05-13 01:04:08.700 +02:00 [INF] Discovered service type: Intersect.Plugins.PluginService
2026-05-13 01:04:08.704 +02:00 [WRN] Directory was specified as a plugin directory but does not exist: 'resources\plugins'
2026-05-13 01:04:08.705 +02:00 [INF] Discovered 0 plugins:

2026-05-13 01:04:11.358 +02:00 [INF] Connecting to 127.0.0.1:5400...
2026-05-13 01:04:11.380 +02:00 [INF] Connected [67815b81-19df-4479-a618-7d8f84b605c3].
2026-05-13 01:04:11.396 +02:00 [INF] Connection approved [67815b81-19df-4479-a618-7d8f84b605c3].
2026-05-13 01:04:11.494 +02:00 [INF] Updated PermissionSet 'default'
2026-05-13 01:04:16.937 +02:00 [INF] Updated PermissionSet 'admin'
2026-05-13 01:04:16.938 +02:00 [INF] Updating active permission set to 'admin'
2026-05-13 01:04:17.645 +02:00 [WRN] 'Me' is null.
2026-05-13 01:04:18.332 +02:00 [INF] Built VBO for map 27c6a7b2-4e9f-4316-9a0f-e13ec8e16ba2 'Forest' in 18.097ms
2026-05-13 01:08:35.804 +02:00 [INF] System window closing (due to user interaction most likely).
2026-05-13 01:08:35.808 +02:00 [INF] Disconnected [67815b81-19df-4479-a618-7d8f84b605c3].
2026-05-13 01:08:35.808 +02:00 [INF] Updating active permission set to 'default'
2026-05-13 01:08:35.893 +02:00 [INF] Acquiring context lock... (0ms)
2026-05-13 01:08:35.893 +02:00 [INF] Acquired. (0ms)
2026-05-13 01:08:35.894 +02:00 [INF] Beginning context dispose. (0ms)
2026-05-13 01:08:35.894 +02:00 [INF] GC.SuppressFinalize (0ms)
2026-05-13 01:08:35.894 +02:00 [INF] InternalDispose() completed. (0ms)
2026-05-13 01:08:35.894 +02:00 [INF] Clearing instance... (1ms)
2026-05-13 01:08:35.894 +02:00 [INF] Releasing context lock... (1ms)
2026-05-13 01:08:35.894 +02:00 [INF] Released. (1ms)
