2026-07-23 05:52:29.655 +02:00 [INF] Starting Intersect Client v0.8.0.0-custom+32d39132dace1351f63375b261f241297dd35be8-dirty
2026-07-23 05:52:29.916 +02:00 [INF] Discovered service type: Intersect.Plugins.PluginService
2026-07-23 05:52:29.919 +02:00 [WRN] Directory was specified as a plugin directory but does not exist: 'resources\plugins'
2026-07-23 05:52:29.920 +02:00 [INF] Discovered 0 plugins:

2026-07-23 05:52:30.408 +02:00 [INF] Graphics pacing configured: targetMode=-1, vsync=false, fixedStep=false, backBuffer=1760x990
2026-07-23 05:52:34.049 +02:00 [INF] Music volume set to 20 from MainMenu.SettingsWindow._innerPanel._tabs._innerPanel._audioSettingsTab._scrollPanel._musicSlider._slider
2026-07-23 05:52:34.050 +02:00 [INF] Sound volume set to 20 from MainMenu.SettingsWindow._innerPanel._tabs._innerPanel._audioSettingsTab._scrollPanel._soundEffectsSlider._slider
2026-07-23 05:52:34.051 +02:00 [INF] Weather sounds volume set to 80 from MainMenu.SettingsWindow._innerPanel._tabs._innerPanel._audioSettingsTab._scrollPanel._weatherSoundsSlider._slider
2026-07-23 05:52:48.822 +02:00 [INF] Connecting to 127.0.0.1:5400...
2026-07-23 05:52:48.841 +02:00 [INF] Connected [579df435-9d29-424c-babf-7a4a02889377].
2026-07-23 05:52:48.862 +02:00 [INF] Connection approved [579df435-9d29-424c-babf-7a4a02889377].
2026-07-23 05:52:48.954 +02:00 [INF] Updated PermissionSet 'default'
2026-07-23 05:52:52.785 +02:00 [INF] Updated PermissionSet 'admin'
2026-07-23 05:52:52.785 +02:00 [INF] Updating active permission set to 'admin'
2026-07-23 05:52:54.993 +02:00 [WRN] 'Me' is null.
2026-07-23 05:52:56.116 +02:00 [INF] Built VBO for map 9802b09c-f592-4d93-8e11-d3424500716c 'Deep Forest' in 52.385ms
2026-07-23 05:52:56.132 +02:00 [INF] Built VBO for map 15601ad4-9f26-4abe-a6c9-3a7eebaa3045 'Forest' in 11.5352ms
2026-07-23 05:52:56.160 +02:00 [INF] Built VBO for map d490222a-af25-4a7f-bec3-7ca8016e08d7 'New Map' in 23.2237ms
2026-07-23 05:52:56.291 +02:00 [INF] Built VBO for map a31f210c-f5fb-48bf-9db2-45fab2293a4c 'Forest' in 128.3854ms
2026-07-23 05:52:56.352 +02:00 [INF] Built VBO for map 27c6a7b2-4e9f-4316-9a0f-e13ec8e16ba2 'Forest' in 55.4225ms
2026-07-23 05:52:56.375 +02:00 [INF] Built VBO for map e341d25d-5ff4-4cd6-bcd5-2f2cda710c86 'Greenfall Vale' in 21.3357ms
2026-07-23 05:53:01.669 +02:00 [INF] Client frame profile: measured=86.0fps counter=125 targetMode=-1; interval=11.63/408.38ms avg/max; update=0.28/27.45ms (1.00 calls/frame); draw=11.78/378.93ms; world=8.90/349.05ms [scene=8.46/338.72, scene-detail=[tiles=0.62ms/21.0draws (geometry=0.21ms/21.0draws, water=0.41ms/0.0draws), objects=5.88ms/60.9draws, procedural=0.00ms/0.0draws, entities=0.90ms/1.0draws, effects=0.43ms/1.0draws, weather=0.50ms/0.0draws, other=0.12ms], lighting=0.05/7.73, post=0.13/32.66, overlays=0.15/9.97, other=0.12]; gui=2.83/79.45ms [update=2.35/57.36 (minimap=1.54/34.28 [compact=1.54, fullmap=0.00/0.00], other=0.81), render=0.48/25.65, other=0.00]; finish=0.03/0.98ms; outside-update-draw=0.00ms; draws=108, maps=1, entities=23, lights=4
2026-07-23 05:53:06.681 +02:00 [INF] Client frame profile: measured=112.7fps counter=111 targetMode=-1; interval=8.87/42.10ms avg/max; update=0.18/11.27ms (1.00 calls/frame); draw=8.47/41.79ms; world=6.44/28.66ms [scene=6.19/28.36, scene-detail=[tiles=0.47ms/21.0draws (geometry=0.16ms/21.0draws, water=0.31ms/0.0draws), objects=4.74ms/61.0draws, procedural=0.00ms/0.0draws, entities=0.47ms/0.9draws, effects=0.09ms/1.9draws, weather=0.34ms/0.0draws, other=0.07ms], lighting=0.02/0.11, post=0.05/0.23, overlays=0.07/0.24, other=0.10]; gui=2.00/35.48ms [update=1.64/16.55 (minimap=0.93/12.47 [compact=0.93, fullmap=0.00/0.00], other=0.72), render=0.36/34.44, other=0.00]; finish=0.02/0.06ms; outside-update-draw=0.22ms; draws=111, maps=1, entities=23, lights=4
2026-07-23 05:53:11.681 +02:00 [INF] Client frame profile: measured=113.6fps counter=115 targetMode=-1; interval=8.80/20.22ms avg/max; update=0.10/1.24ms (1.00 calls/frame); draw=8.55/19.75ms; world=6.42/10.56ms [scene=6.18/10.04, scene-detail=[tiles=0.48ms/21.0draws (geometry=0.19ms/21.0draws, water=0.29ms/0.0draws), objects=4.89ms/61.0draws, procedural=0.00ms/0.0draws, entities=0.31ms/0.0draws, effects=0.09ms/2.0draws, weather=0.34ms/0.0draws, other=0.07ms], lighting=0.03/0.06, post=0.05/0.13, overlays=0.07/0.21, other=0.10]; gui=2.10/12.92ms [update=1.60/12.43 (minimap=0.89/11.68 [compact=0.89, fullmap=0.00/0.00], other=0.71), render=0.49/5.64, other=0.00]; finish=0.02/0.05ms; outside-update-draw=0.15ms; draws=153, maps=1, entities=23, lights=4
2026-07-23 05:53:16.684 +02:00 [INF] Client frame profile: measured=110.3fps counter=104 targetMode=-1; interval=9.06/23.03ms avg/max; update=0.11/4.46ms (1.00 calls/frame); draw=8.77/22.72ms; world=6.56/11.58ms [scene=6.31/11.32, scene-detail=[tiles=0.49ms/21.0draws (geometry=0.18ms/21.0draws, water=0.31ms/0.0draws), objects=4.91ms/61.0draws, procedural=0.00ms/0.0draws, entities=0.39ms/2.1draws, effects=0.09ms/1.9draws, weather=0.35ms/0.0draws, other=0.07ms], lighting=0.03/0.07, post=0.05/0.29, overlays=0.07/0.25, other=0.10]; gui=2.18/13.84ms [update=1.64/13.25 (minimap=0.88/12.08 [compact=0.88, fullmap=0.00/0.00], other=0.76), render=0.53/4.96, other=0.00]; finish=0.02/0.08ms; outside-update-draw=0.19ms; draws=145, maps=1, entities=23, lights=4
2026-07-23 05:53:21.685 +02:00 [INF] Client frame profile: measured=103.4fps counter=100 targetMode=-1; interval=9.67/43.06ms avg/max; update=0.19/19.29ms (1.00 calls/frame); draw=9.22/42.84ms; world=6.83/19.98ms [scene=6.56/19.65, scene-detail=[tiles=0.50ms/21.0draws (geometry=0.19ms/21.0draws, water=0.31ms/0.0draws), objects=5.01ms/61.0draws, procedural=0.00ms/0.0draws, entities=0.50ms/4.7draws, effects=0.10ms/1.3draws, weather=0.37ms/0.0draws, other=0.08ms], lighting=0.03/0.20, post=0.05/0.13, overlays=0.08/0.25, other=0.11]; gui=2.35/36.37ms [update=1.89/18.73 (minimap=0.97/13.99 [compact=0.97, fullmap=0.00/0.00], other=0.92), render=0.46/35.12, other=0.00]; finish=0.03/0.13ms; outside-update-draw=0.26ms; draws=113, maps=1, entities=23, lights=4
2026-07-23 05:53:26.689 +02:00 [INF] Client frame profile: measured=99.7fps counter=92 targetMode=-1; interval=10.03/24.10ms avg/max; update=0.14/4.43ms (1.00 calls/frame); draw=9.67/21.98ms; world=7.02/13.31ms [scene=6.74/12.41, scene-detail=[tiles=0.50ms/21.0draws (geometry=0.19ms/21.0draws, water=0.31ms/0.0draws), objects=5.21ms/61.0draws, procedural=0.00ms/0.0draws, entities=0.49ms/4.0draws, effects=0.10ms/2.0draws, weather=0.37ms/0.0draws, other=0.07ms], lighting=0.03/0.09, post=0.05/0.28, overlays=0.09/0.36, other=0.11]; gui=2.61/14.15ms [update=2.25/13.66 (minimap=1.02/11.97 [compact=1.02, fullmap=0.00/0.00], other=1.23), render=0.36/1.86, other=0.00]; finish=0.02/0.07ms; outside-update-draw=0.22ms; draws=135, maps=1, entities=23, lights=4
2026-07-23 05:53:29.018 +02:00 [INF] System window closing (due to user interaction most likely).
2026-07-23 05:53:29.021 +02:00 [INF] Disconnected [579df435-9d29-424c-babf-7a4a02889377].
2026-07-23 05:53:29.022 +02:00 [INF] Updating active permission set to 'default'
2026-07-23 05:53:29.059 +02:00 [INF] Acquiring context lock... (0ms)
2026-07-23 05:53:29.059 +02:00 [INF] Acquired. (0ms)
2026-07-23 05:53:29.059 +02:00 [INF] Beginning context dispose. (0ms)
2026-07-23 05:53:29.060 +02:00 [INF] GC.SuppressFinalize (0ms)
2026-07-23 05:53:29.060 +02:00 [INF] InternalDispose() completed. (0ms)
2026-07-23 05:53:29.060 +02:00 [INF] Clearing instance... (1ms)
2026-07-23 05:53:29.060 +02:00 [INF] Releasing context lock... (1ms)
2026-07-23 05:53:29.060 +02:00 [INF] Released. (1ms)
