2026-05-05 16:25:17.563 +06:00 [INF] Starting Intersect Client v0.8.0.0-custom+32d39132dace1351f63375b261f241297dd35be8-dirty
2026-05-05 16:25:17.845 +06:00 [INF] Discovered service type: Intersect.Plugins.PluginService
2026-05-05 16:25:17.850 +06:00 [WRN] Directory was specified as a plugin directory but does not exist: 'resources\plugins'
2026-05-05 16:25:17.852 +06:00 [INF] Discovered 0 plugins:

2026-05-05 16:25:22.012 +06:00 [INF] Connecting to 127.0.0.1:5400...
2026-05-05 16:25:22.034 +06:00 [INF] Connected [547ec075-4380-4601-a9e5-b3fae164047e].
2026-05-05 16:25:22.056 +06:00 [INF] Connection approved [547ec075-4380-4601-a9e5-b3fae164047e].
2026-05-05 16:25:22.175 +06:00 [INF] Updated PermissionSet 'default'
2026-05-05 16:25:29.320 +06:00 [INF] Updated PermissionSet 'admin'
2026-05-05 16:25:29.320 +06:00 [INF] Updating active permission set to 'admin'
2026-05-05 16:25:30.000 +06:00 [WRN] 'Me' is null.
2026-05-05 16:25:30.720 +06:00 [INF] Built VBO for map 27c6a7b2-4e9f-4316-9a0f-e13ec8e16ba2 'Forest' in 20.4823ms
2026-05-05 16:32:25.969 +06:00 [INF] Built VBO for map 27c6a7b2-4e9f-4316-9a0f-e13ec8e16ba2 'Forest' in 2.6877ms
2026-05-05 16:32:33.648 +06:00 [INF] System window closing (due to user interaction most likely).
2026-05-05 16:32:33.651 +06:00 [INF] Disconnected [547ec075-4380-4601-a9e5-b3fae164047e].
2026-05-05 16:32:33.652 +06:00 [INF] Updating active permission set to 'default'
2026-05-05 16:32:33.675 +06:00 [INF] Acquiring context lock... (0ms)
2026-05-05 16:32:33.675 +06:00 [INF] Acquired. (0ms)
2026-05-05 16:32:33.676 +06:00 [INF] Beginning context dispose. (0ms)
2026-05-05 16:32:33.676 +06:00 [INF] GC.SuppressFinalize (0ms)
2026-05-05 16:32:33.676 +06:00 [INF] InternalDispose() completed. (0ms)
2026-05-05 16:32:33.676 +06:00 [INF] Clearing instance... (1ms)
2026-05-05 16:32:33.676 +06:00 [INF] Releasing context lock... (1ms)
2026-05-05 16:32:33.676 +06:00 [INF] Released. (1ms)
