2026-06-02 16:08:09.335 +02:00 [INF] Starting Intersect Client v0.8.0.0-custom+32d39132dace1351f63375b261f241297dd35be8-dirty
2026-06-02 16:08:09.559 +02:00 [INF] Discovered service type: Intersect.Plugins.PluginService
2026-06-02 16:08:09.563 +02:00 [WRN] Directory was specified as a plugin directory but does not exist: 'resources\plugins'
2026-06-02 16:08:09.564 +02:00 [INF] Discovered 0 plugins:

2026-06-02 16:08:11.641 +02:00 [INF] Connecting to 127.0.0.1:5400...
2026-06-02 16:08:11.650 +02:00 [INF] Connected [31be51a6-4dbb-4bc1-bcf0-83d87f817243].
2026-06-02 16:08:11.661 +02:00 [INF] Connection approved [31be51a6-4dbb-4bc1-bcf0-83d87f817243].
2026-06-02 16:08:11.757 +02:00 [INF] Updated PermissionSet 'default'
2026-06-02 16:08:11.757 +02:00 [INF] Updated PermissionSet 'admin'
2026-06-02 16:08:15.555 +02:00 [INF] Updating active permission set to 'admin'
2026-06-02 16:08:16.198 +02:00 [WRN] 'Me' is null.
2026-06-02 16:08:17.178 +02:00 [INF] Built VBO for map 27c6a7b2-4e9f-4316-9a0f-e13ec8e16ba2 'Forest' in 87.1077ms
2026-06-02 16:08:25.635 +02:00 [INF] System window closing (due to user interaction most likely).
2026-06-02 16:08:25.638 +02:00 [INF] Disconnected [31be51a6-4dbb-4bc1-bcf0-83d87f817243].
2026-06-02 16:08:25.639 +02:00 [INF] Updating active permission set to 'default'
2026-06-02 16:08:25.669 +02:00 [INF] Acquiring context lock... (0ms)
2026-06-02 16:08:25.669 +02:00 [INF] Acquired. (0ms)
2026-06-02 16:08:25.670 +02:00 [INF] Beginning context dispose. (0ms)
2026-06-02 16:08:25.670 +02:00 [INF] GC.SuppressFinalize (0ms)
2026-06-02 16:08:25.670 +02:00 [INF] InternalDispose() completed. (0ms)
2026-06-02 16:08:25.670 +02:00 [INF] Clearing instance... (1ms)
2026-06-02 16:08:25.671 +02:00 [INF] Releasing context lock... (1ms)
2026-06-02 16:08:25.671 +02:00 [INF] Released. (1ms)
