2026-05-20 04:54:35.148 +02:00 [INF] Starting Intersect Client v0.8.0.0-custom+32d39132dace1351f63375b261f241297dd35be8-dirty
2026-05-20 04:54:35.357 +02:00 [INF] Discovered service type: Intersect.Plugins.PluginService
2026-05-20 04:54:35.360 +02:00 [WRN] Directory was specified as a plugin directory but does not exist: 'resources\plugins'
2026-05-20 04:54:35.360 +02:00 [INF] Discovered 0 plugins:

2026-05-20 04:54:38.507 +02:00 [INF] Connecting to 127.0.0.1:5400...
2026-05-20 04:54:38.516 +02:00 [INF] Connected [ebfa9254-e7d2-4723-b693-9a076fb829d2].
2026-05-20 04:54:38.531 +02:00 [INF] Connection approved [ebfa9254-e7d2-4723-b693-9a076fb829d2].
2026-05-20 04:54:38.622 +02:00 [INF] Updated PermissionSet 'default'
2026-05-20 04:54:38.622 +02:00 [INF] Updated PermissionSet 'admin'
2026-05-20 04:54:42.437 +02:00 [INF] Updating active permission set to 'admin'
2026-05-20 04:54:43.028 +02:00 [WRN] 'Me' is null.
2026-05-20 04:54:43.799 +02:00 [INF] Built VBO for map 27c6a7b2-4e9f-4316-9a0f-e13ec8e16ba2 'Forest' in 65.2583ms
2026-05-20 04:55:30.932 +02:00 [INF] Built VBO for map 27c6a7b2-4e9f-4316-9a0f-e13ec8e16ba2 'Forest' in 38.1628ms
2026-05-20 04:55:41.168 +02:00 [INF] Built VBO for map 27c6a7b2-4e9f-4316-9a0f-e13ec8e16ba2 'Forest' in 37.6742ms
2026-05-20 04:56:40.430 +02:00 [INF] System window closing (due to user interaction most likely).
2026-05-20 04:56:40.434 +02:00 [INF] Disconnected [ebfa9254-e7d2-4723-b693-9a076fb829d2].
2026-05-20 04:56:40.435 +02:00 [INF] Updating active permission set to 'default'
2026-05-20 04:56:40.476 +02:00 [INF] Acquiring context lock... (0ms)
2026-05-20 04:56:40.476 +02:00 [INF] Acquired. (0ms)
2026-05-20 04:56:40.477 +02:00 [INF] Beginning context dispose. (0ms)
2026-05-20 04:56:40.477 +02:00 [INF] GC.SuppressFinalize (0ms)
2026-05-20 04:56:40.477 +02:00 [INF] InternalDispose() completed. (0ms)
2026-05-20 04:56:40.477 +02:00 [INF] Clearing instance... (1ms)
2026-05-20 04:56:40.477 +02:00 [INF] Releasing context lock... (1ms)
2026-05-20 04:56:40.477 +02:00 [INF] Released. (1ms)
