2026-05-14 11:06:15.116 +02:00 [INF] Starting Intersect Client v0.8.0.0-custom+32d39132dace1351f63375b261f241297dd35be8-dirty
2026-05-14 11:06:15.327 +02:00 [INF] Discovered service type: Intersect.Plugins.PluginService
2026-05-14 11:06:15.331 +02:00 [WRN] Directory was specified as a plugin directory but does not exist: 'resources\plugins'
2026-05-14 11:06:15.332 +02:00 [INF] Discovered 0 plugins:

2026-05-14 11:06:17.401 +02:00 [INF] Connecting to 127.0.0.1:5400...
2026-05-14 11:06:17.422 +02:00 [INF] Connected [ff96c90a-d9d8-45e2-aaf7-2497ba7d6237].
2026-05-14 11:06:17.444 +02:00 [INF] Connection approved [ff96c90a-d9d8-45e2-aaf7-2497ba7d6237].
2026-05-14 11:06:17.554 +02:00 [INF] Updated PermissionSet 'default'
2026-05-14 11:06:23.012 +02:00 [INF] Updated PermissionSet 'admin'
2026-05-14 11:06:23.012 +02:00 [INF] Updating active permission set to 'admin'
2026-05-14 11:06:23.553 +02:00 [WRN] 'Me' is null.
2026-05-14 11:06:24.286 +02:00 [INF] Built VBO for map 24cc8989-0a45-4ecb-bf58-41efcefcaeb8 'Test' in 14.6535ms
2026-05-14 11:12:47.386 +02:00 [INF] System window closing (due to user interaction most likely).
2026-05-14 11:12:47.389 +02:00 [INF] Disconnected [ff96c90a-d9d8-45e2-aaf7-2497ba7d6237].
2026-05-14 11:12:47.390 +02:00 [INF] Updating active permission set to 'default'
2026-05-14 11:12:47.432 +02:00 [INF] Acquiring context lock... (0ms)
2026-05-14 11:12:47.432 +02:00 [INF] Acquired. (0ms)
2026-05-14 11:12:47.433 +02:00 [INF] Beginning context dispose. (0ms)
2026-05-14 11:12:47.434 +02:00 [INF] GC.SuppressFinalize (0ms)
2026-05-14 11:12:47.434 +02:00 [INF] InternalDispose() completed. (0ms)
2026-05-14 11:12:47.434 +02:00 [INF] Clearing instance... (1ms)
2026-05-14 11:12:47.434 +02:00 [INF] Releasing context lock... (1ms)
2026-05-14 11:12:47.434 +02:00 [INF] Released. (1ms)
