2026-04-24 23:31:18.161 +06:00 [INF] Starting Intersect Client v0.8.0.0-custom+32d39132dace1351f63375b261f241297dd35be8-dirty
2026-04-24 23:31:18.356 +06:00 [INF] Discovered service type: Intersect.Plugins.PluginService
2026-04-24 23:31:18.359 +06:00 [WRN] Directory was specified as a plugin directory but does not exist: 'resources\plugins'
2026-04-24 23:31:18.360 +06:00 [INF] Discovered 0 plugins:

2026-04-24 23:31:20.734 +06:00 [INF] Connecting to 127.0.0.1:5400...
2026-04-24 23:31:20.757 +06:00 [INF] Connected [a8eb9bd6-2215-4ea9-bcbe-fe115c40ea14].
2026-04-24 23:31:20.794 +06:00 [INF] Connection approved [a8eb9bd6-2215-4ea9-bcbe-fe115c40ea14].
2026-04-24 23:31:20.893 +06:00 [INF] Updated PermissionSet 'default'
2026-04-24 23:31:27.695 +06:00 [INF] Updated PermissionSet 'admin'
2026-04-24 23:31:27.695 +06:00 [INF] Updating active permission set to 'admin'
2026-04-24 23:31:27.839 +06:00 [WRN] Unable to add '_buttonLogout' to the JSON of MainMenu.SelectCharacterWindow._innerPanel._buttonsPanel because a sibling shares the same name
2026-04-24 23:31:28.553 +06:00 [WRN] 'Me' is null.
2026-04-24 23:31:29.116 +06:00 [INF] Built VBO for map 27c6a7b2-4e9f-4316-9a0f-e13ec8e16ba2 'Forest' in 36.6039ms
2026-04-24 23:32:34.302 +06:00 [INF] Built VBO for map c15f8299-8999-471f-9760-388ff4cdec7c 'Forest' in 8.3852ms
2026-04-24 23:36:03.698 +06:00 [INF] System window closing (due to user interaction most likely).
2026-04-24 23:36:03.701 +06:00 [INF] Disconnected [a8eb9bd6-2215-4ea9-bcbe-fe115c40ea14].
2026-04-24 23:36:03.702 +06:00 [INF] Updating active permission set to 'default'
2026-04-24 23:36:03.740 +06:00 [INF] Acquiring context lock... (0ms)
2026-04-24 23:36:03.741 +06:00 [INF] Acquired. (0ms)
2026-04-24 23:36:03.741 +06:00 [INF] Beginning context dispose. (0ms)
2026-04-24 23:36:03.742 +06:00 [INF] GC.SuppressFinalize (0ms)
2026-04-24 23:36:03.742 +06:00 [INF] InternalDispose() completed. (0ms)
2026-04-24 23:36:03.742 +06:00 [INF] Clearing instance... (1ms)
2026-04-24 23:36:03.742 +06:00 [INF] Releasing context lock... (1ms)
2026-04-24 23:36:03.742 +06:00 [INF] Released. (1ms)
