2026-06-20 16:33:18.726 +02:00 [INF] Starting Intersect Client v0.8.0.0-custom+32d39132dace1351f63375b261f241297dd35be8-dirty
2026-06-20 16:33:18.963 +02:00 [INF] Discovered service type: Intersect.Plugins.PluginService
2026-06-20 16:33:18.967 +02:00 [WRN] Directory was specified as a plugin directory but does not exist: 'resources\plugins'
2026-06-20 16:33:18.968 +02:00 [INF] Discovered 0 plugins:

2026-06-20 16:33:23.624 +02:00 [INF] Connecting to 127.0.0.1:5400...
2026-06-20 16:33:23.646 +02:00 [INF] Connected [dbd7a127-6458-4a29-ac8d-104d4f1045f1].
2026-06-20 16:33:23.665 +02:00 [INF] Connection approved [dbd7a127-6458-4a29-ac8d-104d4f1045f1].
2026-06-20 16:33:23.770 +02:00 [INF] Updated PermissionSet 'default'
2026-06-20 16:33:34.180 +02:00 [INF] Updated PermissionSet 'admin'
2026-06-20 16:33:34.181 +02:00 [INF] Updating active permission set to 'admin'
2026-06-20 16:33:36.325 +02:00 [WRN] 'Me' is null.
2026-06-20 16:33:37.056 +02:00 [ERR] Exception thrown while trying to load 'resources/tilesets/water_shore_marker.png'
System.IO.FileNotFoundException: Could not find file 'F:\game code engine\Intersect_New\Intersect.Client\resources\tilesets\water_shore_marker.png'.
File name: 'F:\game code engine\Intersect_New\Intersect.Client\resources\tilesets\water_shore_marker.png'
   at Microsoft.Win32.SafeHandles.SafeFileHandle.CreateFile(String fullPath, FileMode mode, FileAccess access, FileShare share, FileOptions options)
   at Microsoft.Win32.SafeHandles.SafeFileHandle.Open(String fullPath, FileMode mode, FileAccess access, FileShare share, FileOptions options, Int64 preallocationSize, Nullable`1 unixCreateMode)
   at System.IO.Strategies.OSFileStreamStrategy..ctor(String path, FileMode mode, FileAccess access, FileShare share, FileOptions options, Int64 preallocationSize, Nullable`1 unixCreateMode)
   at System.IO.Strategies.FileStreamHelpers.ChooseStrategyCore(String path, FileMode mode, FileAccess access, FileShare share, FileOptions options, Int64 preallocationSize, Nullable`1 unixCreateMode)
   at System.IO.File.OpenRead(String path)
   at Intersect.Client.Framework.Graphics.GameRenderer.<>c__DisplayClass181_0.<LoadTexture>b__0() in F:\game code engine\Intersect_New\Intersect.Client.Framework\Graphics\GameRenderer.cs:line 1011
   at Intersect.Client.Framework.Graphics.GameTexture`2.LoadPlatformTexture(Boolean force) in F:\game code engine\Intersect_New\Intersect.Client.Framework\Graphics\GameTexture.cs:line 279
2026-06-20 16:33:37.069 +02:00 [INF] Built VBO for map 9802b09c-f592-4d93-8e11-d3424500716c 'Forest' in 48.0583ms
2026-06-20 16:33:37.077 +02:00 [INF] Built VBO for map 15601ad4-9f26-4abe-a6c9-3a7eebaa3045 'Forest' in 7.4206ms
2026-06-20 16:33:37.210 +02:00 [INF] Built VBO for map a31f210c-f5fb-48bf-9db2-45fab2293a4c 'Forest' in 129.1718ms
2026-06-20 16:33:37.513 +02:00 [INF] Built VBO for map 27c6a7b2-4e9f-4316-9a0f-e13ec8e16ba2 'Forest' in 302.5138ms
2026-06-20 16:33:37.524 +02:00 [INF] Built VBO for map e341d25d-5ff4-4cd6-bcd5-2f2cda710c86 'town' in 7.4907ms
2026-06-20 16:35:05.730 +02:00 [INF] Built VBO for map 15601ad4-9f26-4abe-a6c9-3a7eebaa3045 'Forest' in 4.0543ms
2026-06-20 16:35:06.028 +02:00 [INF] Built VBO for map 27c6a7b2-4e9f-4316-9a0f-e13ec8e16ba2 'Forest' in 296.7174ms
2026-06-20 16:35:06.101 +02:00 [INF] Built VBO for map 9802b09c-f592-4d93-8e11-d3424500716c 'Forest' in 4.6375ms
2026-06-20 16:35:06.679 +02:00 [INF] Built VBO for map a31f210c-f5fb-48bf-9db2-45fab2293a4c 'Forest' in 40.848ms
2026-06-20 16:35:07.165 +02:00 [INF] Built VBO for map e341d25d-5ff4-4cd6-bcd5-2f2cda710c86 'town' in 4.751ms
2026-06-20 16:35:34.783 +02:00 [INF] Built VBO for map 15601ad4-9f26-4abe-a6c9-3a7eebaa3045 'Forest' in 4.1612ms
2026-06-20 16:35:35.069 +02:00 [INF] Built VBO for map 27c6a7b2-4e9f-4316-9a0f-e13ec8e16ba2 'Forest' in 285.3534ms
2026-06-20 16:35:35.140 +02:00 [INF] Built VBO for map 9802b09c-f592-4d93-8e11-d3424500716c 'Forest' in 4.9738ms
2026-06-20 16:35:35.736 +02:00 [INF] Built VBO for map a31f210c-f5fb-48bf-9db2-45fab2293a4c 'Forest' in 41.0282ms
2026-06-20 16:35:36.242 +02:00 [INF] Built VBO for map e341d25d-5ff4-4cd6-bcd5-2f2cda710c86 'town' in 4.2334ms
2026-06-20 16:36:01.606 +02:00 [INF] Built VBO for map 9802b09c-f592-4d93-8e11-d3424500716c 'Forest' in 4.6372ms
2026-06-20 16:36:01.610 +02:00 [INF] Built VBO for map 15601ad4-9f26-4abe-a6c9-3a7eebaa3045 'Forest' in 4.0957ms
2026-06-20 16:36:01.908 +02:00 [INF] Built VBO for map 27c6a7b2-4e9f-4316-9a0f-e13ec8e16ba2 'Forest' in 296.9073ms
2026-06-20 16:36:02.165 +02:00 [INF] Built VBO for map a31f210c-f5fb-48bf-9db2-45fab2293a4c 'Forest' in 41.6123ms
2026-06-20 16:36:02.662 +02:00 [INF] Built VBO for map e341d25d-5ff4-4cd6-bcd5-2f2cda710c86 'town' in 4.4556ms
2026-06-20 16:36:20.534 +02:00 [INF] Built VBO for map 9802b09c-f592-4d93-8e11-d3424500716c 'Forest' in 4.2433ms
2026-06-20 16:36:20.538 +02:00 [INF] Built VBO for map 15601ad4-9f26-4abe-a6c9-3a7eebaa3045 'Forest' in 4.256ms
2026-06-20 16:36:20.828 +02:00 [INF] Built VBO for map 27c6a7b2-4e9f-4316-9a0f-e13ec8e16ba2 'Forest' in 289.0193ms
2026-06-20 16:36:21.075 +02:00 [INF] Built VBO for map a31f210c-f5fb-48bf-9db2-45fab2293a4c 'Forest' in 40.0566ms
2026-06-20 16:36:21.601 +02:00 [INF] Built VBO for map e341d25d-5ff4-4cd6-bcd5-2f2cda710c86 'town' in 4.5986ms
2026-06-20 16:37:17.993 +02:00 [INF] Built VBO for map 15601ad4-9f26-4abe-a6c9-3a7eebaa3045 'Forest' in 4.0283ms
2026-06-20 16:37:18.275 +02:00 [INF] Built VBO for map 27c6a7b2-4e9f-4316-9a0f-e13ec8e16ba2 'Forest' in 281.2784ms
2026-06-20 16:37:18.415 +02:00 [INF] Built VBO for map 9802b09c-f592-4d93-8e11-d3424500716c 'Forest' in 4.6912ms
2026-06-20 16:37:19.007 +02:00 [INF] Built VBO for map a31f210c-f5fb-48bf-9db2-45fab2293a4c 'Forest' in 48.7282ms
2026-06-20 16:37:19.474 +02:00 [INF] Built VBO for map e341d25d-5ff4-4cd6-bcd5-2f2cda710c86 'town' in 4.4732ms
2026-06-20 16:37:50.130 +02:00 [INF] Built VBO for map 15601ad4-9f26-4abe-a6c9-3a7eebaa3045 'Forest' in 5.245ms
2026-06-20 16:37:50.408 +02:00 [INF] Built VBO for map 27c6a7b2-4e9f-4316-9a0f-e13ec8e16ba2 'Forest' in 277.1798ms
2026-06-20 16:37:50.481 +02:00 [INF] Built VBO for map 9802b09c-f592-4d93-8e11-d3424500716c 'Forest' in 4.7526ms
2026-06-20 16:37:51.031 +02:00 [INF] Built VBO for map a31f210c-f5fb-48bf-9db2-45fab2293a4c 'Forest' in 44.3911ms
2026-06-20 16:37:51.492 +02:00 [INF] Built VBO for map e341d25d-5ff4-4cd6-bcd5-2f2cda710c86 'town' in 4.3693ms
2026-06-20 16:38:26.937 +02:00 [INF] Built VBO for map 15601ad4-9f26-4abe-a6c9-3a7eebaa3045 'Forest' in 4.2949ms
2026-06-20 16:38:27.223 +02:00 [INF] Built VBO for map 27c6a7b2-4e9f-4316-9a0f-e13ec8e16ba2 'Forest' in 285.1948ms
2026-06-20 16:38:27.296 +02:00 [INF] Built VBO for map 9802b09c-f592-4d93-8e11-d3424500716c 'Forest' in 4.9164ms
2026-06-20 16:38:27.884 +02:00 [INF] Built VBO for map a31f210c-f5fb-48bf-9db2-45fab2293a4c 'Forest' in 39.3995ms
2026-06-20 16:38:28.382 +02:00 [INF] Built VBO for map e341d25d-5ff4-4cd6-bcd5-2f2cda710c86 'town' in 3.9548ms
2026-06-20 16:39:00.741 +02:00 [INF] Built VBO for map 9802b09c-f592-4d93-8e11-d3424500716c 'Forest' in 4.821ms
2026-06-20 16:39:00.746 +02:00 [INF] Built VBO for map 15601ad4-9f26-4abe-a6c9-3a7eebaa3045 'Forest' in 4.8021ms
2026-06-20 16:39:01.048 +02:00 [INF] Built VBO for map 27c6a7b2-4e9f-4316-9a0f-e13ec8e16ba2 'Forest' in 301.9541ms
2026-06-20 16:39:01.335 +02:00 [INF] Built VBO for map a31f210c-f5fb-48bf-9db2-45fab2293a4c 'Forest' in 50.996ms
2026-06-20 16:39:01.810 +02:00 [INF] Built VBO for map e341d25d-5ff4-4cd6-bcd5-2f2cda710c86 'town' in 4.1721ms
2026-06-20 16:39:29.231 +02:00 [INF] Built VBO for map 15601ad4-9f26-4abe-a6c9-3a7eebaa3045 'Forest' in 4.1205ms
2026-06-20 16:39:29.521 +02:00 [INF] Built VBO for map 27c6a7b2-4e9f-4316-9a0f-e13ec8e16ba2 'Forest' in 289.1825ms
2026-06-20 16:39:29.598 +02:00 [INF] Built VBO for map 9802b09c-f592-4d93-8e11-d3424500716c 'Forest' in 4.2108ms
2026-06-20 16:39:30.143 +02:00 [INF] Built VBO for map a31f210c-f5fb-48bf-9db2-45fab2293a4c 'Forest' in 45.7962ms
2026-06-20 16:39:30.657 +02:00 [INF] Built VBO for map e341d25d-5ff4-4cd6-bcd5-2f2cda710c86 'town' in 4.5939ms
2026-06-20 16:39:54.188 +02:00 [INF] Built VBO for map 15601ad4-9f26-4abe-a6c9-3a7eebaa3045 'Forest' in 3.5947ms
2026-06-20 16:39:54.475 +02:00 [INF] Built VBO for map 27c6a7b2-4e9f-4316-9a0f-e13ec8e16ba2 'Forest' in 286.8241ms
2026-06-20 16:39:54.546 +02:00 [INF] Built VBO for map 9802b09c-f592-4d93-8e11-d3424500716c 'Forest' in 5.157ms
2026-06-20 16:39:55.142 +02:00 [INF] Built VBO for map a31f210c-f5fb-48bf-9db2-45fab2293a4c 'Forest' in 46.1783ms
2026-06-20 16:39:55.625 +02:00 [INF] Built VBO for map e341d25d-5ff4-4cd6-bcd5-2f2cda710c86 'town' in 5.9272ms
2026-06-20 16:40:43.938 +02:00 [INF] Built VBO for map 27c6a7b2-4e9f-4316-9a0f-e13ec8e16ba2 'Forest' in 291.25ms
2026-06-20 16:40:44.023 +02:00 [INF] Built VBO for map 9802b09c-f592-4d93-8e11-d3424500716c 'Forest' in 5.4221ms
2026-06-20 16:40:44.576 +02:00 [INF] Built VBO for map 15601ad4-9f26-4abe-a6c9-3a7eebaa3045 'Forest' in 3.976ms
2026-06-20 16:40:45.141 +02:00 [INF] Built VBO for map a31f210c-f5fb-48bf-9db2-45fab2293a4c 'Forest' in 45.407ms
2026-06-20 16:40:45.619 +02:00 [INF] Built VBO for map e341d25d-5ff4-4cd6-bcd5-2f2cda710c86 'town' in 4.6196ms
2026-06-20 16:41:07.967 +02:00 [INF] Built VBO for map 15601ad4-9f26-4abe-a6c9-3a7eebaa3045 'Forest' in 3.6381ms
2026-06-20 16:41:08.253 +02:00 [INF] Built VBO for map 27c6a7b2-4e9f-4316-9a0f-e13ec8e16ba2 'Forest' in 285.2031ms
2026-06-20 16:41:08.330 +02:00 [INF] Built VBO for map 9802b09c-f592-4d93-8e11-d3424500716c 'Forest' in 4.4722ms
2026-06-20 16:41:08.907 +02:00 [INF] Built VBO for map a31f210c-f5fb-48bf-9db2-45fab2293a4c 'Forest' in 47.5587ms
2026-06-20 16:41:09.401 +02:00 [INF] Built VBO for map e341d25d-5ff4-4cd6-bcd5-2f2cda710c86 'town' in 4.2754ms
2026-06-20 16:41:47.331 +02:00 [INF] Built VBO for map 15601ad4-9f26-4abe-a6c9-3a7eebaa3045 'Forest' in 4.2734ms
2026-06-20 16:41:47.619 +02:00 [INF] Built VBO for map 27c6a7b2-4e9f-4316-9a0f-e13ec8e16ba2 'Forest' in 287.1485ms
2026-06-20 16:41:47.692 +02:00 [INF] Built VBO for map 9802b09c-f592-4d93-8e11-d3424500716c 'Forest' in 4.3538ms
2026-06-20 16:41:48.284 +02:00 [INF] Built VBO for map a31f210c-f5fb-48bf-9db2-45fab2293a4c 'Forest' in 42.7531ms
2026-06-20 16:41:48.765 +02:00 [INF] Built VBO for map e341d25d-5ff4-4cd6-bcd5-2f2cda710c86 'town' in 4.6688ms
2026-06-20 16:42:04.374 +02:00 [INF] Built VBO for map 15601ad4-9f26-4abe-a6c9-3a7eebaa3045 'Forest' in 3.7867ms
2026-06-20 16:42:04.656 +02:00 [INF] Built VBO for map 27c6a7b2-4e9f-4316-9a0f-e13ec8e16ba2 'Forest' in 281.3781ms
2026-06-20 16:42:04.740 +02:00 [INF] Built VBO for map 9802b09c-f592-4d93-8e11-d3424500716c 'Forest' in 8.3417ms
2026-06-20 16:42:05.313 +02:00 [INF] Built VBO for map a31f210c-f5fb-48bf-9db2-45fab2293a4c 'Forest' in 44.3097ms
2026-06-20 16:42:05.817 +02:00 [INF] Built VBO for map e341d25d-5ff4-4cd6-bcd5-2f2cda710c86 'town' in 4.6997ms
2026-06-20 16:46:22.369 +02:00 [INF] System window closing (due to user interaction most likely).
2026-06-20 16:46:22.372 +02:00 [INF] Disconnected [dbd7a127-6458-4a29-ac8d-104d4f1045f1].
2026-06-20 16:46:22.373 +02:00 [INF] Updating active permission set to 'default'
2026-06-20 16:46:22.418 +02:00 [INF] Acquiring context lock... (0ms)
2026-06-20 16:46:22.418 +02:00 [INF] Acquired. (0ms)
2026-06-20 16:46:22.419 +02:00 [INF] Beginning context dispose. (0ms)
2026-06-20 16:46:22.419 +02:00 [INF] GC.SuppressFinalize (0ms)
2026-06-20 16:46:22.419 +02:00 [INF] InternalDispose() completed. (0ms)
2026-06-20 16:46:22.419 +02:00 [INF] Clearing instance... (1ms)
2026-06-20 16:46:22.419 +02:00 [INF] Releasing context lock... (1ms)
2026-06-20 16:46:22.419 +02:00 [INF] Released. (1ms)
