2026-06-26 12:42:08.054 +02:00 [INF] Starting Intersect Client v0.8.0.0-custom+32d39132dace1351f63375b261f241297dd35be8-dirty
2026-06-26 12:42:08.271 +02:00 [INF] Discovered service type: Intersect.Plugins.PluginService
2026-06-26 12:42:08.274 +02:00 [WRN] Directory was specified as a plugin directory but does not exist: 'resources\plugins'
2026-06-26 12:42:08.275 +02:00 [INF] Discovered 0 plugins:

2026-06-26 12:42:10.147 +02:00 [INF] Connecting to 127.0.0.1:5400...
2026-06-26 12:42:10.169 +02:00 [INF] Connected [f37b6ffb-1567-4e73-9c70-a0c7bf3cd406].
2026-06-26 12:42:10.193 +02:00 [INF] Connection approved [f37b6ffb-1567-4e73-9c70-a0c7bf3cd406].
2026-06-26 12:42:10.287 +02:00 [INF] Updated PermissionSet 'default'
2026-06-26 12:42:15.231 +02:00 [INF] Updated PermissionSet 'admin'
2026-06-26 12:42:15.232 +02:00 [INF] Updating active permission set to 'admin'
2026-06-26 12:42:33.657 +02:00 [WRN] 'Me' is null.
2026-06-26 12:42:34.384 +02:00 [ERR] Exception thrown while trying to load 'resources/tilesets/water_shore_marker.png'
System.IO.FileNotFoundException: Could not find file 'F:\game code engine\Intersect_New\Intersect.Client\resources\tilesets\water_shore_marker.png'.
File name: 'F:\game code engine\Intersect_New\Intersect.Client\resources\tilesets\water_shore_marker.png'
   at Microsoft.Win32.SafeHandles.SafeFileHandle.CreateFile(String fullPath, FileMode mode, FileAccess access, FileShare share, FileOptions options)
   at Microsoft.Win32.SafeHandles.SafeFileHandle.Open(String fullPath, FileMode mode, FileAccess access, FileShare share, FileOptions options, Int64 preallocationSize, Nullable`1 unixCreateMode)
   at System.IO.Strategies.OSFileStreamStrategy..ctor(String path, FileMode mode, FileAccess access, FileShare share, FileOptions options, Int64 preallocationSize, Nullable`1 unixCreateMode)
   at System.IO.File.OpenRead(String path)
   at Intersect.Client.Framework.Graphics.GameRenderer.<>c__DisplayClass181_0.<LoadTexture>b__0() in F:\game code engine\Intersect_New\Intersect.Client.Framework\Graphics\GameRenderer.cs:line 1011
   at Intersect.Client.Framework.Graphics.GameTexture`2.LoadPlatformTexture(Boolean force) in F:\game code engine\Intersect_New\Intersect.Client.Framework\Graphics\GameTexture.cs:line 279
2026-06-26 12:42:34.397 +02:00 [INF] Built VBO for map 9802b09c-f592-4d93-8e11-d3424500716c 'Forest' in 47.3397ms
2026-06-26 12:42:34.406 +02:00 [INF] Built VBO for map 15601ad4-9f26-4abe-a6c9-3a7eebaa3045 'Forest' in 8.4536ms
2026-06-26 12:42:34.547 +02:00 [INF] Built VBO for map a31f210c-f5fb-48bf-9db2-45fab2293a4c 'Forest' in 137.1859ms
2026-06-26 12:42:34.854 +02:00 [INF] Built VBO for map 27c6a7b2-4e9f-4316-9a0f-e13ec8e16ba2 'Forest' in 305.9193ms
2026-06-26 12:42:34.867 +02:00 [INF] Built VBO for map e341d25d-5ff4-4cd6-bcd5-2f2cda710c86 'town' in 9.6651ms
2026-06-26 12:43:46.028 +02:00 [WRN] 'Me' is null.
2026-06-26 12:44:00.830 +02:00 [WRN] 'Me' is null.
2026-06-26 12:44:01.175 +02:00 [INF] Built VBO for map 9802b09c-f592-4d93-8e11-d3424500716c 'Forest' in 4.3908ms
2026-06-26 12:44:01.180 +02:00 [INF] Built VBO for map 15601ad4-9f26-4abe-a6c9-3a7eebaa3045 'Forest' in 4.4643ms
2026-06-26 12:44:01.231 +02:00 [INF] Built VBO for map a31f210c-f5fb-48bf-9db2-45fab2293a4c 'Forest' in 45.8895ms
2026-06-26 12:44:01.612 +02:00 [INF] Built VBO for map 27c6a7b2-4e9f-4316-9a0f-e13ec8e16ba2 'Forest' in 380.8866ms
2026-06-26 12:44:01.618 +02:00 [INF] Built VBO for map e341d25d-5ff4-4cd6-bcd5-2f2cda710c86 'town' in 4.3423ms
2026-06-26 12:44:52.462 +02:00 [WRN] 'Me' is null.
2026-06-26 12:45:18.479 +02:00 [WRN] 'Me' is null.
2026-06-26 12:45:18.840 +02:00 [INF] Built VBO for map 9802b09c-f592-4d93-8e11-d3424500716c 'Forest' in 4.071ms
2026-06-26 12:45:18.844 +02:00 [INF] Built VBO for map 15601ad4-9f26-4abe-a6c9-3a7eebaa3045 'Forest' in 3.87ms
2026-06-26 12:45:18.894 +02:00 [INF] Built VBO for map a31f210c-f5fb-48bf-9db2-45fab2293a4c 'Forest' in 45.5558ms
2026-06-26 12:45:19.235 +02:00 [INF] Built VBO for map 27c6a7b2-4e9f-4316-9a0f-e13ec8e16ba2 'Forest' in 340.1694ms
2026-06-26 12:45:19.244 +02:00 [INF] Built VBO for map e341d25d-5ff4-4cd6-bcd5-2f2cda710c86 'town' in 5.4623ms
2026-06-26 12:46:23.517 +02:00 [INF] Disconnected [f37b6ffb-1567-4e73-9c70-a0c7bf3cd406].
2026-06-26 12:46:23.518 +02:00 [INF] Updating active permission set to 'default'
2026-06-26 12:46:24.656 +02:00 [INF] Connecting to 127.0.0.1:5400...
2026-06-26 12:46:24.662 +02:00 [INF] Connected [f3d48246-c3c4-4775-b814-bcaa54276965].
2026-06-26 12:46:24.675 +02:00 [INF] Connection approved [f3d48246-c3c4-4775-b814-bcaa54276965].
2026-06-26 12:46:24.681 +02:00 [INF] Updated PermissionSet 'default'
2026-06-26 12:46:24.681 +02:00 [INF] Updated PermissionSet 'admin'
2026-06-26 12:46:29.094 +02:00 [INF] Updating active permission set to 'admin'
2026-06-26 12:46:47.138 +02:00 [INF] Disconnected [f3d48246-c3c4-4775-b814-bcaa54276965].
2026-06-26 12:46:47.138 +02:00 [INF] Updating active permission set to 'default'
2026-06-26 12:46:48.314 +02:00 [INF] Connecting to 127.0.0.1:5400...
2026-06-26 12:46:48.319 +02:00 [INF] Connected [a886a737-38ed-42db-a7bd-bf1b5ba677da].
2026-06-26 12:46:48.322 +02:00 [INF] Connection approved [a886a737-38ed-42db-a7bd-bf1b5ba677da].
2026-06-26 12:46:48.328 +02:00 [INF] Updated PermissionSet 'default'
2026-06-26 12:46:48.329 +02:00 [INF] Updated PermissionSet 'admin'
2026-06-26 12:46:52.061 +02:00 [INF] Updating active permission set to 'admin'
2026-06-26 12:53:10.606 +02:00 [WRN] 'Me' is null.
2026-06-26 12:53:11.047 +02:00 [INF] Built VBO for map 9802b09c-f592-4d93-8e11-d3424500716c 'Forest' in 4.1192ms
2026-06-26 12:53:11.054 +02:00 [INF] Built VBO for map 15601ad4-9f26-4abe-a6c9-3a7eebaa3045 'Forest' in 5.8731ms
2026-06-26 12:53:11.103 +02:00 [INF] Built VBO for map a31f210c-f5fb-48bf-9db2-45fab2293a4c 'Forest' in 45.2239ms
2026-06-26 12:53:11.461 +02:00 [INF] Built VBO for map 27c6a7b2-4e9f-4316-9a0f-e13ec8e16ba2 'Forest' in 357.3564ms
2026-06-26 12:53:11.469 +02:00 [INF] Built VBO for map e341d25d-5ff4-4cd6-bcd5-2f2cda710c86 'town' in 4.8886ms
2026-06-26 12:57:30.213 +02:00 [INF] System window closing (due to user interaction most likely).
2026-06-26 12:57:30.214 +02:00 [INF] Disconnected [a886a737-38ed-42db-a7bd-bf1b5ba677da].
2026-06-26 12:57:30.214 +02:00 [INF] Updating active permission set to 'default'
2026-06-26 12:57:30.251 +02:00 [INF] Acquiring context lock... (0ms)
2026-06-26 12:57:30.252 +02:00 [INF] Acquired. (0ms)
2026-06-26 12:57:30.252 +02:00 [INF] Beginning context dispose. (0ms)
2026-06-26 12:57:30.253 +02:00 [INF] GC.SuppressFinalize (0ms)
2026-06-26 12:57:30.253 +02:00 [INF] InternalDispose() completed. (0ms)
2026-06-26 12:57:30.253 +02:00 [INF] Clearing instance... (1ms)
2026-06-26 12:57:30.253 +02:00 [INF] Releasing context lock... (1ms)
2026-06-26 12:57:30.253 +02:00 [INF] Released. (1ms)
