2026-04-29 20:49:09.693 +06:00 [INF] Starting Intersect Client v0.8.0.0-custom+32d39132dace1351f63375b261f241297dd35be8-dirty
2026-04-29 20:49:09.949 +06:00 [INF] Discovered service type: Intersect.Plugins.PluginService
2026-04-29 20:49:09.954 +06:00 [WRN] Directory was specified as a plugin directory but does not exist: 'resources\plugins'
2026-04-29 20:49:09.955 +06:00 [INF] Discovered 0 plugins:

2026-04-29 20:49:13.112 +06:00 [INF] Connecting to 127.0.0.1:5400...
2026-04-29 20:49:13.140 +06:00 [INF] Connected [c905f537-9736-4b88-84cd-07ebf68c7673].
2026-04-29 20:49:13.162 +06:00 [INF] Connection approved [c905f537-9736-4b88-84cd-07ebf68c7673].
2026-04-29 20:49:13.258 +06:00 [INF] Updated PermissionSet 'default'
2026-04-29 20:49:17.954 +06:00 [INF] Updated PermissionSet 'admin'
2026-04-29 20:49:17.955 +06:00 [INF] Updating active permission set to 'admin'
2026-04-29 20:49:18.894 +06:00 [WRN] 'Me' is null.
2026-04-29 20:49:19.499 +06:00 [INF] Built VBO for map 27c6a7b2-4e9f-4316-9a0f-e13ec8e16ba2 'Forest' in 9.7002ms
2026-04-29 20:52:16.231 +06:00 [INF] Disconnected [c905f537-9736-4b88-84cd-07ebf68c7673].
2026-04-29 20:52:16.231 +06:00 [INF] Updating active permission set to 'default'
2026-04-29 20:52:19.402 +06:00 [INF] User clicked exit button.
2026-04-29 20:52:19.421 +06:00 [INF] System window closing (due to user interaction most likely).
2026-04-29 20:52:19.453 +06:00 [INF] Acquiring context lock... (0ms)
2026-04-29 20:52:19.453 +06:00 [INF] Acquired. (0ms)
2026-04-29 20:52:19.454 +06:00 [INF] Beginning context dispose. (0ms)
2026-04-29 20:52:19.455 +06:00 [INF] GC.SuppressFinalize (0ms)
2026-04-29 20:52:19.455 +06:00 [INF] InternalDispose() completed. (0ms)
2026-04-29 20:52:19.455 +06:00 [INF] Clearing instance... (1ms)
2026-04-29 20:52:19.455 +06:00 [INF] Releasing context lock... (1ms)
2026-04-29 20:52:19.455 +06:00 [INF] Released. (1ms)
