2026-04-25 15:16:07.636 +06:00 [INF] Starting Intersect Client v0.8.0.0-custom+32d39132dace1351f63375b261f241297dd35be8-dirty
2026-04-25 15:16:07.848 +06:00 [INF] Discovered service type: Intersect.Plugins.PluginService
2026-04-25 15:16:07.851 +06:00 [WRN] Directory was specified as a plugin directory but does not exist: 'resources\plugins'
2026-04-25 15:16:07.852 +06:00 [INF] Discovered 0 plugins:

2026-04-25 15:16:10.069 +06:00 [INF] Connecting to 127.0.0.1:5400...
2026-04-25 15:16:10.087 +06:00 [INF] Connected [3f339d77-ae7c-4522-892a-c5f5e760dd4a].
2026-04-25 15:16:10.104 +06:00 [INF] Connection approved [3f339d77-ae7c-4522-892a-c5f5e760dd4a].
2026-04-25 15:16:10.190 +06:00 [INF] Updated PermissionSet 'default'
2026-04-25 15:16:15.463 +06:00 [INF] Updated PermissionSet 'admin'
2026-04-25 15:16:15.464 +06:00 [INF] Updating active permission set to 'admin'
2026-04-25 15:16:15.603 +06:00 [WRN] Unable to add '_buttonLogout' to the JSON of MainMenu.SelectCharacterWindow._innerPanel._buttonsPanel because a sibling shares the same name
2026-04-25 15:16:16.155 +06:00 [WRN] 'Me' is null.
2026-04-25 15:16:16.822 +06:00 [INF] Built VBO for map 27c6a7b2-4e9f-4316-9a0f-e13ec8e16ba2 'Forest' in 50.409ms
2026-04-25 15:16:16.829 +06:00 [INF] Built VBO for map c15f8299-8999-471f-9760-388ff4cdec7c 'Forest' in 1.8864ms
2026-04-25 15:25:49.270 +06:00 [INF] System window closing (due to user interaction most likely).
2026-04-25 15:25:49.273 +06:00 [INF] Disconnected [3f339d77-ae7c-4522-892a-c5f5e760dd4a].
2026-04-25 15:25:49.274 +06:00 [INF] Updating active permission set to 'default'
2026-04-25 15:25:49.307 +06:00 [INF] Acquiring context lock... (0ms)
2026-04-25 15:25:49.307 +06:00 [INF] Acquired. (0ms)
2026-04-25 15:25:49.308 +06:00 [INF] Beginning context dispose. (0ms)
2026-04-25 15:25:49.308 +06:00 [INF] GC.SuppressFinalize (0ms)
2026-04-25 15:25:49.308 +06:00 [INF] InternalDispose() completed. (0ms)
2026-04-25 15:25:49.308 +06:00 [INF] Clearing instance... (1ms)
2026-04-25 15:25:49.308 +06:00 [INF] Releasing context lock... (1ms)
2026-04-25 15:25:49.308 +06:00 [INF] Released. (1ms)
