2026-08-28 12:57:51.608 +02:00 [INF] Starting Intersect Client v0.8.0.0-custom+32d39132dace1351f63375b261f241297dd35be8-dirty
2026-08-28 12:57:51.909 +02:00 [INF] Discovered service type: Intersect.Plugins.PluginService
2026-08-28 12:57:51.912 +02:00 [WRN] Directory was specified as a plugin directory but does not exist: 'resources\plugins'
2026-08-28 12:57:51.913 +02:00 [INF] Discovered 0 plugins:

2026-08-28 12:57:52.379 +02:00 [INF] Graphics pacing configured: targetMode=-1, vsync=false, fixedStep=false, backBuffer=1760x990
2026-08-28 12:57:53.963 +02:00 [INF] Connecting to 127.0.0.1:5400...
2026-08-28 12:57:53.971 +02:00 [INF] Connected [f1c31810-bbcd-4e11-a848-09b254274786].
2026-08-28 12:57:53.987 +02:00 [INF] Connection approved [f1c31810-bbcd-4e11-a848-09b254274786].
2026-08-28 12:57:54.082 +02:00 [INF] Updated PermissionSet 'default'
2026-08-28 12:57:54.082 +02:00 [INF] Updated PermissionSet 'admin'
2026-08-28 12:57:59.998 +02:00 [INF] Updating active permission set to 'admin'
2026-08-28 12:58:02.530 +02:00 [WRN] 'Me' is null.
2026-08-28 12:58:03.650 +02:00 [INF] Built VBO for map 9802b09c-f592-4d93-8e11-d3424500716c 'Deep Forest' in 53.1697ms
2026-08-28 12:58:03.665 +02:00 [INF] Built VBO for map 15601ad4-9f26-4abe-a6c9-3a7eebaa3045 'Forest' in 11.8921ms
2026-08-28 12:58:03.690 +02:00 [INF] Built VBO for map d490222a-af25-4a7f-bec3-7ca8016e08d7 'New Map' in 18.8943ms
2026-08-28 12:58:03.812 +02:00 [INF] Built VBO for map a31f210c-f5fb-48bf-9db2-45fab2293a4c 'Forest' in 119.7ms
2026-08-28 12:58:03.870 +02:00 [INF] Built VBO for map 27c6a7b2-4e9f-4316-9a0f-e13ec8e16ba2 'Forest' in 55.0539ms
2026-08-28 12:58:03.897 +02:00 [INF] Built VBO for map e341d25d-5ff4-4cd6-bcd5-2f2cda710c86 'Greenfall Vale' in 24.7803ms
2026-08-28 12:58:09.192 +02:00 [INF] Client frame profile: measured=98.7fps counter=144 targetMode=-1; interval=10.13/336.41ms avg/max; update=0.22/29.72ms (1.00 calls/frame); draw=10.35/304.88ms; world=8.39/266.65ms [scene=8.07/254.98, scene-detail=[tiles=0.77ms/26.0draws (geometry=0.40ms/26.0draws, water=0.37ms/0.0draws), objects=5.51ms/61.9draws, procedural=0.00ms/0.0draws, entities=0.81ms/0.4draws, effects=0.35ms/1.6draws, weather=0.50ms/0.0draws, other=0.13ms], lighting=0.04/8.80, post=0.06/13.86, overlays=0.11/11.37, other=0.11]; gui=1.92/90.38ms [update=1.76/63.61 (minimap=1.38/41.17 [compact=1.38, fullmap=0.00/0.00], other=0.38), render=0.16/26.77, other=0.00]; finish=0.03/1.77ms; outside-update-draw=0.00ms; draws=108, maps=2, entities=23, lights=3
2026-08-28 12:58:14.197 +02:00 [INF] Client frame profile: measured=136.8fps counter=135 targetMode=-1; interval=7.31/28.90ms avg/max; update=0.08/4.13ms (1.00 calls/frame); draw=7.08/28.53ms; world=5.98/18.79ms [scene=5.77/17.16, scene-detail=[tiles=0.64ms/26.0draws (geometry=0.37ms/26.0draws, water=0.27ms/0.0draws), objects=4.38ms/62.0draws, procedural=0.00ms/0.0draws, entities=0.28ms/0.8draws, effects=0.05ms/2.0draws, weather=0.34ms/0.0draws, other=0.08ms], lighting=0.02/0.06, post=0.03/0.14, overlays=0.06/4.46, other=0.10]; gui=1.08/11.87ms [update=1.02/11.77 (minimap=0.81/11.27 [compact=0.81, fullmap=0.00/0.00], other=0.21), render=0.06/0.34, other=0.00]; finish=0.02/0.05ms; outside-update-draw=0.15ms; draws=112, maps=2, entities=23, lights=3
2026-08-28 12:58:18.929 +02:00 [INF] System window closing (due to user interaction most likely).
2026-08-28 12:58:18.932 +02:00 [INF] Disconnected [f1c31810-bbcd-4e11-a848-09b254274786].
2026-08-28 12:58:18.933 +02:00 [INF] Updating active permission set to 'default'
2026-08-28 12:58:18.965 +02:00 [INF] Acquiring context lock... (0ms)
2026-08-28 12:58:18.965 +02:00 [INF] Acquired. (0ms)
2026-08-28 12:58:18.965 +02:00 [INF] Beginning context dispose. (0ms)
2026-08-28 12:58:18.966 +02:00 [INF] GC.SuppressFinalize (0ms)
2026-08-28 12:58:18.966 +02:00 [INF] InternalDispose() completed. (0ms)
2026-08-28 12:58:18.966 +02:00 [INF] Clearing instance... (1ms)
2026-08-28 12:58:18.966 +02:00 [INF] Releasing context lock... (1ms)
2026-08-28 12:58:18.966 +02:00 [INF] Released. (1ms)
