2026-05-30 20:49:03.071 +02:00 [INF] Starting Intersect Client v0.8.0.0-custom+32d39132dace1351f63375b261f241297dd35be8-dirty
2026-05-30 20:49:03.283 +02:00 [INF] Discovered service type: Intersect.Plugins.PluginService
2026-05-30 20:49:03.287 +02:00 [WRN] Directory was specified as a plugin directory but does not exist: 'resources\plugins'
2026-05-30 20:49:03.287 +02:00 [INF] Discovered 0 plugins:

2026-05-30 20:49:05.315 +02:00 [INF] Connecting to 127.0.0.1:5400...
2026-05-30 20:49:05.324 +02:00 [INF] Connected [a137f92b-52c5-4382-8daa-0c17f9bcfb47].
2026-05-30 20:49:05.337 +02:00 [INF] Connection approved [a137f92b-52c5-4382-8daa-0c17f9bcfb47].
2026-05-30 20:49:05.428 +02:00 [INF] Updated PermissionSet 'default'
2026-05-30 20:49:05.428 +02:00 [INF] Updated PermissionSet 'admin'
2026-05-30 20:49:11.311 +02:00 [INF] Updating active permission set to 'admin'
2026-05-30 20:49:11.868 +02:00 [WRN] 'Me' is null.
2026-05-30 20:49:12.827 +02:00 [INF] Built VBO for map a31f210c-f5fb-48bf-9db2-45fab2293a4c 'Forest' in 122.1718ms
2026-05-30 20:49:13.030 +02:00 [INF] Built VBO for map 27c6a7b2-4e9f-4316-9a0f-e13ec8e16ba2 'Forest' in 89.6167ms
2026-05-30 20:49:47.751 +02:00 [INF] Built VBO for map 27c6a7b2-4e9f-4316-9a0f-e13ec8e16ba2 'Forest' in 14.5404ms
2026-05-30 20:50:09.478 +02:00 [INF] Built VBO for map a31f210c-f5fb-48bf-9db2-45fab2293a4c 'Forest' in 53.0974ms
2026-05-30 20:50:09.513 +02:00 [INF] Built VBO for map 27c6a7b2-4e9f-4316-9a0f-e13ec8e16ba2 'Forest' in 16.2657ms
2026-05-30 20:50:56.451 +02:00 [INF] Built VBO for map a31f210c-f5fb-48bf-9db2-45fab2293a4c 'Forest' in 52.6274ms
2026-05-30 20:50:56.485 +02:00 [INF] Built VBO for map 27c6a7b2-4e9f-4316-9a0f-e13ec8e16ba2 'Forest' in 15.1604ms
2026-05-30 20:51:15.858 +02:00 [INF] Built VBO for map a31f210c-f5fb-48bf-9db2-45fab2293a4c 'Forest' in 50.6254ms
2026-05-30 20:51:15.891 +02:00 [INF] Built VBO for map 27c6a7b2-4e9f-4316-9a0f-e13ec8e16ba2 'Forest' in 13.936ms
2026-05-30 20:51:29.248 +02:00 [INF] Built VBO for map a31f210c-f5fb-48bf-9db2-45fab2293a4c 'Forest' in 51.0704ms
2026-05-30 20:51:29.282 +02:00 [INF] Built VBO for map 27c6a7b2-4e9f-4316-9a0f-e13ec8e16ba2 'Forest' in 15.4315ms
2026-05-30 20:51:36.634 +02:00 [INF] Built VBO for map a31f210c-f5fb-48bf-9db2-45fab2293a4c 'Forest' in 53.7206ms
2026-05-30 20:51:36.666 +02:00 [INF] Built VBO for map 27c6a7b2-4e9f-4316-9a0f-e13ec8e16ba2 'Forest' in 14.4066ms
2026-05-30 20:51:47.730 +02:00 [INF] Built VBO for map a31f210c-f5fb-48bf-9db2-45fab2293a4c 'Forest' in 51.4376ms
2026-05-30 20:51:47.762 +02:00 [INF] Built VBO for map 27c6a7b2-4e9f-4316-9a0f-e13ec8e16ba2 'Forest' in 13.823ms
2026-05-30 20:51:54.860 +02:00 [INF] Built VBO for map a31f210c-f5fb-48bf-9db2-45fab2293a4c 'Forest' in 53.1988ms
2026-05-30 20:51:54.894 +02:00 [INF] Built VBO for map 27c6a7b2-4e9f-4316-9a0f-e13ec8e16ba2 'Forest' in 14.8074ms
2026-05-30 20:52:15.404 +02:00 [INF] Built VBO for map 27c6a7b2-4e9f-4316-9a0f-e13ec8e16ba2 'Forest' in 14.742ms
2026-05-30 20:54:46.508 +02:00 [INF] Built VBO for map a31f210c-f5fb-48bf-9db2-45fab2293a4c 'Forest' in 60.2892ms
2026-05-30 20:54:46.540 +02:00 [INF] Built VBO for map 27c6a7b2-4e9f-4316-9a0f-e13ec8e16ba2 'Forest' in 13.8226ms
2026-05-30 20:55:11.726 +02:00 [INF] System window closing (due to user interaction most likely).
2026-05-30 20:55:11.729 +02:00 [INF] Disconnected [a137f92b-52c5-4382-8daa-0c17f9bcfb47].
2026-05-30 20:55:11.730 +02:00 [INF] Updating active permission set to 'default'
2026-05-30 20:55:11.762 +02:00 [INF] Acquiring context lock... (0ms)
2026-05-30 20:55:11.763 +02:00 [INF] Acquired. (0ms)
2026-05-30 20:55:11.763 +02:00 [INF] Beginning context dispose. (0ms)
2026-05-30 20:55:11.763 +02:00 [INF] GC.SuppressFinalize (0ms)
2026-05-30 20:55:11.764 +02:00 [INF] InternalDispose() completed. (0ms)
2026-05-30 20:55:11.764 +02:00 [INF] Clearing instance... (1ms)
2026-05-30 20:55:11.764 +02:00 [INF] Releasing context lock... (1ms)
2026-05-30 20:55:11.764 +02:00 [INF] Released. (1ms)
