2026-05-18 02:21:03.348 +02:00 [INF] Starting Intersect Client v0.8.0.0-custom+32d39132dace1351f63375b261f241297dd35be8-dirty
2026-05-18 02:21:03.561 +02:00 [INF] Discovered service type: Intersect.Plugins.PluginService
2026-05-18 02:21:03.565 +02:00 [WRN] Directory was specified as a plugin directory but does not exist: 'resources\plugins'
2026-05-18 02:21:03.566 +02:00 [INF] Discovered 0 plugins:

2026-05-18 02:21:05.796 +02:00 [INF] Connecting to 127.0.0.1:5400...
2026-05-18 02:21:05.805 +02:00 [INF] Connected [470f3fac-25ba-4abb-bae7-37fca870b5a7].
2026-05-18 02:21:05.821 +02:00 [INF] Connection approved [470f3fac-25ba-4abb-bae7-37fca870b5a7].
2026-05-18 02:21:05.931 +02:00 [INF] Updated PermissionSet 'default'
2026-05-18 02:21:05.931 +02:00 [INF] Updated PermissionSet 'admin'
2026-05-18 02:21:10.898 +02:00 [INF] Updating active permission set to 'admin'
2026-05-18 02:21:12.158 +02:00 [WRN] 'Me' is null.
2026-05-18 02:21:12.876 +02:00 [INF] Built VBO for map e341d25d-5ff4-4cd6-bcd5-2f2cda710c86 'Forest' in 14.159ms
2026-05-18 02:21:39.499 +02:00 [INF] Built VBO for map 27c6a7b2-4e9f-4316-9a0f-e13ec8e16ba2 'Forest' in 77.1424ms
2026-05-18 02:22:14.798 +02:00 [INF] Built VBO for map 27c6a7b2-4e9f-4316-9a0f-e13ec8e16ba2 'Forest' in 6.0471ms
2026-05-18 02:22:14.807 +02:00 [INF] Built VBO for map e341d25d-5ff4-4cd6-bcd5-2f2cda710c86 'Forest' in 3.5035ms
2026-05-18 02:23:27.192 +02:00 [INF] System window closing (due to user interaction most likely).
2026-05-18 02:23:27.195 +02:00 [INF] Disconnected [470f3fac-25ba-4abb-bae7-37fca870b5a7].
2026-05-18 02:23:27.196 +02:00 [INF] Updating active permission set to 'default'
2026-05-18 02:23:27.220 +02:00 [INF] Acquiring context lock... (0ms)
2026-05-18 02:23:27.220 +02:00 [INF] Acquired. (0ms)
2026-05-18 02:23:27.220 +02:00 [INF] Beginning context dispose. (0ms)
2026-05-18 02:23:27.221 +02:00 [INF] GC.SuppressFinalize (0ms)
2026-05-18 02:23:27.221 +02:00 [INF] InternalDispose() completed. (0ms)
2026-05-18 02:23:27.221 +02:00 [INF] Clearing instance... (1ms)
2026-05-18 02:23:27.221 +02:00 [INF] Releasing context lock... (1ms)
2026-05-18 02:23:27.221 +02:00 [INF] Released. (1ms)
