2026-03-22 22:14:06.345 +01:00 [INF] Starting Intersect Client v0.8.0.0-custom+32d39132dace1351f63375b261f241297dd35be8-dirty
2026-03-22 22:14:06.724 +01:00 [INF] Discovered service type: Intersect.Plugins.PluginService
2026-03-22 22:14:06.735 +01:00 [WRN] Directory was specified as a plugin directory but does not exist: 'resources\plugins'
2026-03-22 22:14:06.736 +01:00 [INF] Discovered 0 plugins:

2026-03-22 22:14:09.678 +01:00 [INF] Connecting to 127.0.0.1:5400...
2026-03-22 22:14:09.685 +01:00 [INF] Connected [b7f3d034-9410-4bdd-9476-69ca672963d6].
2026-03-22 22:14:09.702 +01:00 [INF] Connection approved [b7f3d034-9410-4bdd-9476-69ca672963d6].
2026-03-22 22:14:09.794 +01:00 [INF] Updated PermissionSet 'default'
2026-03-22 22:14:09.794 +01:00 [INF] Updated PermissionSet 'admin'
2026-03-22 22:14:13.532 +01:00 [INF] Updating active permission set to 'admin'
2026-03-22 22:14:13.586 +01:00 [WRN] Unable to add '_buttonLogout' to the JSON of MainMenu.SelectCharacterWindow._innerPanel._buttonsPanel because a sibling shares the same name
2026-03-22 22:14:15.442 +01:00 [WRN] 'Me' is null.
2026-03-22 22:14:15.968 +01:00 [INF] Built VBO for map 73ba8458-f8de-4f78-a254-c91b18418ed0 'test 3' in 16.0604ms
2026-03-22 22:14:15.982 +01:00 [INF] Built VBO for map 27c6a7b2-4e9f-4316-9a0f-e13ec8e16ba2 'New Map' in 9.505ms
2026-03-22 22:14:18.077 +01:00 [INF] Built VBO for map 850ddb26-5568-4376-b8e0-346c04cb81ef 'test 4' in 2.4137ms
2026-03-22 22:14:18.084 +01:00 [INF] Built VBO for map 23382d57-1bd1-403a-8f4f-50e5ad24e8a0 'test1' in 6.637ms
2026-03-22 22:20:32.075 +01:00 [INF] System window closing (due to user interaction most likely).
2026-03-22 22:20:32.078 +01:00 [INF] Disconnected [b7f3d034-9410-4bdd-9476-69ca672963d6].
2026-03-22 22:20:32.078 +01:00 [INF] Updating active permission set to 'default'
2026-03-22 22:20:32.188 +01:00 [INF] Acquiring context lock... (0ms)
2026-03-22 22:20:32.188 +01:00 [INF] Acquired. (0ms)
2026-03-22 22:20:32.188 +01:00 [INF] Beginning context dispose. (0ms)
2026-03-22 22:20:32.189 +01:00 [INF] GC.SuppressFinalize (0ms)
2026-03-22 22:20:32.189 +01:00 [INF] InternalDispose() completed. (0ms)
2026-03-22 22:20:32.189 +01:00 [INF] Clearing instance... (1ms)
2026-03-22 22:20:32.189 +01:00 [INF] Releasing context lock... (1ms)
2026-03-22 22:20:32.189 +01:00 [INF] Released. (1ms)
