2026-03-25 18:05:53.598 +01:00 [INF] Starting Intersect Client v0.8.0.0-custom+32d39132dace1351f63375b261f241297dd35be8-dirty
2026-03-25 18:05:53.794 +01:00 [INF] Discovered service type: Intersect.Plugins.PluginService
2026-03-25 18:05:53.797 +01:00 [WRN] Directory was specified as a plugin directory but does not exist: 'resources\plugins'
2026-03-25 18:05:53.798 +01:00 [INF] Discovered 0 plugins:

2026-03-25 18:06:21.850 +01:00 [INF] Connecting to 127.0.0.1:5400...
2026-03-25 18:06:21.869 +01:00 [INF] Connected [b7994155-1281-46b6-86ae-19f75b247f81].
2026-03-25 18:06:21.891 +01:00 [INF] Connection approved [b7994155-1281-46b6-86ae-19f75b247f81].
2026-03-25 18:06:21.972 +01:00 [INF] Updated PermissionSet 'default'
2026-03-25 18:06:23.490 +01:00 [INF] Updated PermissionSet 'admin'
2026-03-25 18:06:23.491 +01:00 [INF] Updating active permission set to 'admin'
2026-03-25 18:06:23.609 +01:00 [WRN] Unable to add '_buttonLogout' to the JSON of MainMenu.SelectCharacterWindow._innerPanel._buttonsPanel because a sibling shares the same name
2026-03-25 18:06:24.715 +01:00 [WRN] 'Me' is null.
2026-03-25 18:06:25.226 +01:00 [INF] Built VBO for map 850ddb26-5568-4376-b8e0-346c04cb81ef 'forest' in 13.9065ms
2026-03-25 18:07:47.909 +01:00 [INF] System window closing (due to user interaction most likely).
2026-03-25 18:07:47.912 +01:00 [INF] Disconnected [b7994155-1281-46b6-86ae-19f75b247f81].
2026-03-25 18:07:47.913 +01:00 [INF] Updating active permission set to 'default'
2026-03-25 18:07:47.950 +01:00 [INF] Acquiring context lock... (0ms)
2026-03-25 18:07:47.950 +01:00 [INF] Acquired. (0ms)
2026-03-25 18:07:47.950 +01:00 [INF] Beginning context dispose. (0ms)
2026-03-25 18:07:47.951 +01:00 [INF] GC.SuppressFinalize (0ms)
2026-03-25 18:07:47.951 +01:00 [INF] InternalDispose() completed. (0ms)
2026-03-25 18:07:47.951 +01:00 [INF] Clearing instance... (1ms)
2026-03-25 18:07:47.951 +01:00 [INF] Releasing context lock... (1ms)
2026-03-25 18:07:47.951 +01:00 [INF] Released. (1ms)
