2026-07-08 14:27:36.856 +02:00 [INF] Starting Intersect Client v0.8.0.0-custom+32d39132dace1351f63375b261f241297dd35be8-dirty
2026-07-08 14:27:37.074 +02:00 [INF] Discovered service type: Intersect.Plugins.PluginService
2026-07-08 14:27:37.077 +02:00 [WRN] Directory was specified as a plugin directory but does not exist: 'resources\plugins'
2026-07-08 14:27:37.078 +02:00 [INF] Discovered 0 plugins:

2026-07-08 14:27:39.380 +02:00 [INF] Connecting to 127.0.0.1:5400...
2026-07-08 14:27:39.398 +02:00 [INF] Connected [f850107d-7fb5-4b38-a7d8-feeceb048653].
2026-07-08 14:27:39.413 +02:00 [INF] Connection approved [f850107d-7fb5-4b38-a7d8-feeceb048653].
2026-07-08 14:27:39.522 +02:00 [INF] Updated PermissionSet 'default'
2026-07-08 14:27:44.426 +02:00 [INF] Updated PermissionSet 'admin'
2026-07-08 14:27:44.426 +02:00 [INF] Updating active permission set to 'admin'
2026-07-08 14:32:13.301 +02:00 [INF] System window closing (due to user interaction most likely).
2026-07-08 14:32:13.305 +02:00 [INF] Disconnected [f850107d-7fb5-4b38-a7d8-feeceb048653].
2026-07-08 14:32:13.305 +02:00 [INF] Updating active permission set to 'default'
2026-07-08 14:32:13.332 +02:00 [INF] Acquiring context lock... (0ms)
2026-07-08 14:32:13.332 +02:00 [INF] Acquired. (0ms)
2026-07-08 14:32:13.333 +02:00 [INF] Beginning context dispose. (0ms)
2026-07-08 14:32:13.333 +02:00 [INF] GC.SuppressFinalize (0ms)
2026-07-08 14:32:13.333 +02:00 [INF] InternalDispose() completed. (0ms)
2026-07-08 14:32:13.333 +02:00 [INF] Clearing instance... (1ms)
2026-07-08 14:32:13.333 +02:00 [INF] Releasing context lock... (1ms)
2026-07-08 14:32:13.333 +02:00 [INF] Released. (1ms)
