2026-07-21 09:09:23.669 +02:00 [INF] Starting Intersect Client v0.8.0.0-custom+32d39132dace1351f63375b261f241297dd35be8-dirty
2026-07-21 09:09:23.894 +02:00 [INF] Discovered service type: Intersect.Plugins.PluginService
2026-07-21 09:09:23.898 +02:00 [WRN] Directory was specified as a plugin directory but does not exist: 'resources\plugins'
2026-07-21 09:09:23.898 +02:00 [INF] Discovered 0 plugins:

2026-07-21 09:09:24.342 +02:00 [INF] Graphics pacing configured: targetMode=-1, vsync=false, fixedStep=false, backBuffer=1760x990
2026-07-21 09:09:27.452 +02:00 [INF] Connecting to 127.0.0.1:5400...
2026-07-21 09:09:27.474 +02:00 [INF] Connected [7f1368af-d9ec-45ed-b85e-97ebf2058726].
2026-07-21 09:09:27.484 +02:00 [INF] Connection approved [7f1368af-d9ec-45ed-b85e-97ebf2058726].
2026-07-21 09:09:27.574 +02:00 [INF] Updated PermissionSet 'default'
2026-07-21 09:09:33.850 +02:00 [INF] Updated PermissionSet 'admin'
2026-07-21 09:09:33.850 +02:00 [INF] Updating active permission set to 'admin'
2026-07-21 09:09:37.972 +02:00 [WRN] 'Me' is null.
2026-07-21 09:09:38.953 +02:00 [INF] Built VBO for map 9802b09c-f592-4d93-8e11-d3424500716c 'Deep Forest' in 49.9683ms
2026-07-21 09:09:38.968 +02:00 [INF] Built VBO for map 15601ad4-9f26-4abe-a6c9-3a7eebaa3045 'Forest' in 11.5281ms
2026-07-21 09:09:38.983 +02:00 [INF] Built VBO for map d490222a-af25-4a7f-bec3-7ca8016e08d7 'New Map' in 9.7485ms
2026-07-21 09:09:39.110 +02:00 [INF] Built VBO for map a31f210c-f5fb-48bf-9db2-45fab2293a4c 'Forest' in 124.4289ms
2026-07-21 09:09:39.170 +02:00 [INF] Built VBO for map 27c6a7b2-4e9f-4316-9a0f-e13ec8e16ba2 'Forest' in 57.1076ms
2026-07-21 09:09:39.197 +02:00 [INF] Built VBO for map e341d25d-5ff4-4cd6-bcd5-2f2cda710c86 'Greenfall Vale' in 24.3295ms
2026-07-21 09:09:44.474 +02:00 [INF] Client frame profile: measured=114.9fps counter=145 targetMode=-1; interval=8.71/372.86ms avg/max; update=0.18/26.26ms (1.00 calls/frame); draw=8.78/345.12ms; world=7.18/314.55ms [scene=6.89/301.96, scene-detail=[tiles=0.52ms/21.0draws (geometry=0.17ms/21.0draws, water=0.34ms/0.0draws), objects=4.91ms/59.9draws, procedural=0.00ms/0.0draws, entities=0.62ms/0.5draws, effects=0.32ms/1.5draws, weather=0.43ms/0.0draws, other=0.08ms], lighting=0.04/6.75, post=0.06/14.63, overlays=0.10/12.30, other=0.10]; gui=1.57/79.64ms [update=1.44/60.38 (minimap=1.05/41.18 [compact=1.05, fullmap=0.00/0.00], other=0.39), render=0.13/19.26, other=0.00]; finish=0.02/0.85ms; outside-update-draw=0.00ms; draws=102, maps=1, entities=18, lights=2
2026-07-21 09:09:49.476 +02:00 [INF] Client frame profile: measured=146.3fps counter=139 targetMode=-1; interval=6.83/27.16ms avg/max; update=0.07/4.03ms (1.00 calls/frame); draw=6.64/26.72ms; world=5.61/17.36ms [scene=5.40/15.84, scene-detail=[tiles=0.45ms/21.0draws (geometry=0.15ms/21.0draws, water=0.29ms/0.0draws), objects=4.27ms/60.0draws, procedural=0.00ms/0.0draws, entities=0.22ms/0.5draws, effects=0.06ms/1.5draws, weather=0.35ms/0.0draws, other=0.05ms], lighting=0.02/0.06, post=0.03/0.06, overlays=0.07/4.17, other=0.09]; gui=1.00/12.79ms [update=0.88/11.30 (minimap=0.64/10.90 [compact=0.64, fullmap=0.00/0.00], other=0.24), render=0.12/8.38, other=0.00]; finish=0.02/0.06ms; outside-update-draw=0.13ms; draws=114, maps=1, entities=18, lights=2
2026-07-21 09:09:49.494 +02:00 [INF] Music volume set to 20 from InGame..SettingsWindow._innerPanel._tabs._innerPanel._audioSettingsTab._scrollPanel._musicSlider._slider
2026-07-21 09:09:49.494 +02:00 [INF] Sound volume set to 20 from InGame..SettingsWindow._innerPanel._tabs._innerPanel._audioSettingsTab._scrollPanel._soundEffectsSlider._slider
2026-07-21 09:09:49.494 +02:00 [INF] Weather sounds volume set to 80 from InGame..SettingsWindow._innerPanel._tabs._innerPanel._audioSettingsTab._scrollPanel._weatherSoundsSlider._slider
2026-07-21 09:09:54.479 +02:00 [INF] Client frame profile: measured=134.7fps counter=135 targetMode=-1; interval=7.42/46.43ms avg/max; update=0.09/12.19ms (1.00 calls/frame); draw=7.21/46.20ms; world=5.66/12.24ms [scene=5.46/11.99, scene-detail=[tiles=0.43ms/21.0draws (geometry=0.16ms/21.0draws, water=0.28ms/0.0draws), objects=4.31ms/60.0draws, procedural=0.00ms/0.0draws, entities=0.24ms/0.6draws, effects=0.07ms/2.0draws, weather=0.35ms/0.0draws, other=0.06ms], lighting=0.02/0.04, post=0.03/0.06, overlays=0.06/0.10, other=0.09]; gui=1.53/40.54ms [update=1.22/13.58 (minimap=0.69/12.83 [compact=0.69, fullmap=0.00/0.00], other=0.52), render=0.32/40.09, other=0.00]; finish=0.01/0.03ms; outside-update-draw=0.12ms; draws=114, maps=1, entities=18, lights=2
2026-07-21 09:09:59.481 +02:00 [INF] Client frame profile: measured=136.0fps counter=131 targetMode=-1; interval=7.36/20.45ms avg/max; update=0.06/0.81ms (1.00 calls/frame); draw=7.07/20.01ms; world=5.77/11.63ms [scene=5.56/11.06, scene-detail=[tiles=0.44ms/21.0draws (geometry=0.16ms/21.0draws, water=0.28ms/0.0draws), objects=4.43ms/60.0draws, procedural=0.00ms/0.0draws, entities=0.22ms/0.0draws, effects=0.07ms/2.0draws, weather=0.35ms/0.0draws, other=0.06ms], lighting=0.02/0.05, post=0.03/0.08, overlays=0.07/0.24, other=0.09]; gui=1.27/12.55ms [update=1.20/12.39 (minimap=0.70/11.29 [compact=0.70, fullmap=0.00/0.00], other=0.49), render=0.07/3.31, other=0.00]; finish=0.02/3.27ms; outside-update-draw=0.22ms; draws=102, maps=1, entities=18, lights=2
2026-07-21 09:10:04.482 +02:00 [INF] Client frame profile: measured=138.0fps counter=137 targetMode=-1; interval=7.25/52.28ms avg/max; update=0.06/0.71ms (1.00 calls/frame); draw=7.04/51.55ms; world=5.79/41.94ms [scene=5.59/41.67, scene-detail=[tiles=0.45ms/21.0draws (geometry=0.16ms/21.0draws, water=0.29ms/0.0draws), objects=4.36ms/60.0draws, procedural=0.00ms/0.0draws, entities=0.27ms/0.0draws, effects=0.10ms/2.0draws, weather=0.34ms/0.0draws, other=0.06ms], lighting=0.02/0.20, post=0.03/0.08, overlays=0.06/0.34, other=0.09]; gui=1.23/12.96ms [update=1.17/12.88 (minimap=0.67/12.28 [compact=0.67, fullmap=0.00/0.00], other=0.50), render=0.06/0.10, other=0.00]; finish=0.02/0.04ms; outside-update-draw=0.14ms; draws=102, maps=1, entities=18, lights=2
2026-07-21 09:10:06.420 +02:00 [INF] System window closing (due to user interaction most likely).
2026-07-21 09:10:06.423 +02:00 [INF] Disconnected [7f1368af-d9ec-45ed-b85e-97ebf2058726].
2026-07-21 09:10:06.423 +02:00 [INF] Updating active permission set to 'default'
2026-07-21 09:10:06.452 +02:00 [INF] Acquiring context lock... (0ms)
2026-07-21 09:10:06.452 +02:00 [INF] Acquired. (0ms)
2026-07-21 09:10:06.452 +02:00 [INF] Beginning context dispose. (0ms)
2026-07-21 09:10:06.453 +02:00 [INF] GC.SuppressFinalize (0ms)
2026-07-21 09:10:06.453 +02:00 [INF] InternalDispose() completed. (0ms)
2026-07-21 09:10:06.453 +02:00 [INF] Clearing instance... (1ms)
2026-07-21 09:10:06.453 +02:00 [INF] Releasing context lock... (1ms)
2026-07-21 09:10:06.453 +02:00 [INF] Released. (1ms)
