2026-04-13 05:31:47.259 +06:00 [INF] Starting Intersect Client v0.8.0.0-custom+32d39132dace1351f63375b261f241297dd35be8-dirty
2026-04-13 05:31:47.456 +06:00 [INF] Discovered service type: Intersect.Plugins.PluginService
2026-04-13 05:31:47.459 +06:00 [WRN] Directory was specified as a plugin directory but does not exist: 'resources\plugins'
2026-04-13 05:31:47.460 +06:00 [INF] Discovered 0 plugins:

2026-04-13 05:31:49.570 +06:00 [INF] Connecting to 127.0.0.1:5400...
2026-04-13 05:31:49.595 +06:00 [INF] Connected [84a0e8fa-0ddf-4879-bad5-f4a53adff004].
2026-04-13 05:31:49.607 +06:00 [INF] Connection approved [84a0e8fa-0ddf-4879-bad5-f4a53adff004].
2026-04-13 05:31:49.699 +06:00 [INF] Updated PermissionSet 'default'
2026-04-13 05:31:53.541 +06:00 [INF] Updated PermissionSet 'admin'
2026-04-13 05:31:53.541 +06:00 [INF] Updating active permission set to 'admin'
2026-04-13 05:31:53.663 +06:00 [WRN] Unable to add '_buttonLogout' to the JSON of MainMenu.SelectCharacterWindow._innerPanel._buttonsPanel because a sibling shares the same name
2026-04-13 05:31:54.648 +06:00 [WRN] 'Me' is null.
2026-04-13 05:31:55.233 +06:00 [INF] Built VBO for map 73ba8458-f8de-4f78-a254-c91b18418ed0 'test 3' in 55.0889ms
2026-04-13 05:31:55.242 +06:00 [INF] Built VBO for map 850ddb26-5568-4376-b8e0-346c04cb81ef 'forest' in 4.4017ms
2026-04-13 05:31:55.247 +06:00 [INF] Built VBO for map 27c6a7b2-4e9f-4316-9a0f-e13ec8e16ba2 'New Map' in 4.2282ms
2026-04-13 05:33:23.056 +06:00 [INF] System window closing (due to user interaction most likely).
2026-04-13 05:33:23.058 +06:00 [INF] Disconnected [84a0e8fa-0ddf-4879-bad5-f4a53adff004].
2026-04-13 05:33:23.059 +06:00 [INF] Updating active permission set to 'default'
2026-04-13 05:33:23.093 +06:00 [INF] Acquiring context lock... (0ms)
2026-04-13 05:33:23.093 +06:00 [INF] Acquired. (0ms)
2026-04-13 05:33:23.094 +06:00 [INF] Beginning context dispose. (0ms)
2026-04-13 05:33:23.094 +06:00 [INF] GC.SuppressFinalize (0ms)
2026-04-13 05:33:23.094 +06:00 [INF] InternalDispose() completed. (0ms)
2026-04-13 05:33:23.094 +06:00 [INF] Clearing instance... (1ms)
2026-04-13 05:33:23.094 +06:00 [INF] Releasing context lock... (1ms)
2026-04-13 05:33:23.094 +06:00 [INF] Released. (1ms)
