2026-06-20 07:57:46.662 +02:00 [INF] Starting Intersect Client v0.8.0.0-custom+32d39132dace1351f63375b261f241297dd35be8-dirty
2026-06-20 07:57:46.886 +02:00 [INF] Discovered service type: Intersect.Plugins.PluginService
2026-06-20 07:57:46.891 +02:00 [WRN] Directory was specified as a plugin directory but does not exist: 'resources\plugins'
2026-06-20 07:57:46.892 +02:00 [INF] Discovered 0 plugins:

2026-06-20 07:57:49.154 +02:00 [INF] Connecting to 127.0.0.1:5400...
2026-06-20 07:57:49.163 +02:00 [INF] Connected [ada34b9e-2b29-4fce-aabc-bb1cf7f186b7].
2026-06-20 07:57:49.180 +02:00 [INF] Connection approved [ada34b9e-2b29-4fce-aabc-bb1cf7f186b7].
2026-06-20 07:57:49.267 +02:00 [INF] Updated PermissionSet 'default'
2026-06-20 07:57:49.267 +02:00 [INF] Updated PermissionSet 'admin'
2026-06-20 07:57:53.616 +02:00 [INF] Updating active permission set to 'admin'
2026-06-20 07:57:54.174 +02:00 [WRN] 'Me' is null.
2026-06-20 07:57:55.045 +02:00 [INF] Built VBO for map 15601ad4-9f26-4abe-a6c9-3a7eebaa3045 'Forest' in 21.618ms
2026-06-20 07:57:55.048 +02:00 [INF] Built VBO for map 27c6a7b2-4e9f-4316-9a0f-e13ec8e16ba2 'Forest' in 1.3516ms
2026-06-20 07:57:55.062 +02:00 [ERR] Exception thrown while trying to load 'resources/tilesets/water_shore_marker.png'
System.IO.FileNotFoundException: Could not find file 'F:\game code engine\Intersect_New\Intersect.Client\resources\tilesets\water_shore_marker.png'.
File name: 'F:\game code engine\Intersect_New\Intersect.Client\resources\tilesets\water_shore_marker.png'
   at Microsoft.Win32.SafeHandles.SafeFileHandle.CreateFile(String fullPath, FileMode mode, FileAccess access, FileShare share, FileOptions options)
   at Microsoft.Win32.SafeHandles.SafeFileHandle.Open(String fullPath, FileMode mode, FileAccess access, FileShare share, FileOptions options, Int64 preallocationSize, Nullable`1 unixCreateMode)
   at System.IO.Strategies.OSFileStreamStrategy..ctor(String path, FileMode mode, FileAccess access, FileShare share, FileOptions options, Int64 preallocationSize, Nullable`1 unixCreateMode)
   at System.IO.Strategies.FileStreamHelpers.ChooseStrategyCore(String path, FileMode mode, FileAccess access, FileShare share, FileOptions options, Int64 preallocationSize, Nullable`1 unixCreateMode)
   at System.IO.File.OpenRead(String path)
   at Intersect.Client.Framework.Graphics.GameRenderer.<>c__DisplayClass181_0.<LoadTexture>b__0() in F:\game code engine\Intersect_New\Intersect.Client.Framework\Graphics\GameRenderer.cs:line 1011
   at Intersect.Client.Framework.Graphics.GameTexture`2.LoadPlatformTexture(Boolean force) in F:\game code engine\Intersect_New\Intersect.Client.Framework\Graphics\GameTexture.cs:line 279
2026-06-20 07:57:55.072 +02:00 [INF] Built VBO for map e341d25d-5ff4-4cd6-bcd5-2f2cda710c86 'town' in 19.9692ms
2026-06-20 07:57:55.086 +02:00 [INF] Built VBO for map 15601ad4-9f26-4abe-a6c9-3a7eebaa3045 'Forest' in 4.6202ms
2026-06-20 07:57:55.417 +02:00 [INF] Built VBO for map e341d25d-5ff4-4cd6-bcd5-2f2cda710c86 'town' in 7.2113ms
2026-06-20 07:58:33.428 +02:00 [INF] System window closing (due to user interaction most likely).
2026-06-20 07:58:33.431 +02:00 [INF] Disconnected [ada34b9e-2b29-4fce-aabc-bb1cf7f186b7].
2026-06-20 07:58:33.432 +02:00 [INF] Updating active permission set to 'default'
2026-06-20 07:58:33.469 +02:00 [INF] Acquiring context lock... (0ms)
2026-06-20 07:58:33.469 +02:00 [INF] Acquired. (0ms)
2026-06-20 07:58:33.470 +02:00 [INF] Beginning context dispose. (0ms)
2026-06-20 07:58:33.470 +02:00 [INF] GC.SuppressFinalize (0ms)
2026-06-20 07:58:33.470 +02:00 [INF] InternalDispose() completed. (0ms)
2026-06-20 07:58:33.470 +02:00 [INF] Clearing instance... (1ms)
2026-06-20 07:58:33.470 +02:00 [INF] Releasing context lock... (1ms)
2026-06-20 07:58:33.470 +02:00 [INF] Released. (1ms)
