2026-08-08 22:38:19.886 +02:00 [INF] Starting Intersect Client v0.8.0.0-custom+32d39132dace1351f63375b261f241297dd35be8-dirty
2026-08-08 22:38:20.117 +02:00 [INF] Discovered service type: Intersect.Plugins.PluginService
2026-08-08 22:38:20.120 +02:00 [WRN] Directory was specified as a plugin directory but does not exist: 'resources\plugins'
2026-08-08 22:38:20.120 +02:00 [INF] Discovered 0 plugins:

2026-08-08 22:38:20.569 +02:00 [INF] Graphics pacing configured: targetMode=-1, vsync=false, fixedStep=false, backBuffer=1760x990
2026-08-08 22:38:22.442 +02:00 [INF] Connecting to 127.0.0.1:5400...
2026-08-08 22:38:22.464 +02:00 [INF] Connected [392c5ea1-8546-4474-a0b3-9b99c4d092ec].
2026-08-08 22:38:22.486 +02:00 [INF] Connection approved [392c5ea1-8546-4474-a0b3-9b99c4d092ec].
2026-08-08 22:38:22.584 +02:00 [INF] Updated PermissionSet 'default'
2026-08-08 22:38:33.375 +02:00 [INF] Updated PermissionSet 'admin'
2026-08-08 22:38:33.375 +02:00 [INF] Updating active permission set to 'admin'
2026-08-08 22:39:27.576 +02:00 [WRN] 'Me' is null.
2026-08-08 22:39:28.654 +02:00 [INF] Built VBO for map 9802b09c-f592-4d93-8e11-d3424500716c 'Deep Forest' in 51.0167ms
2026-08-08 22:39:28.670 +02:00 [INF] Built VBO for map 15601ad4-9f26-4abe-a6c9-3a7eebaa3045 'Forest' in 12.4783ms
2026-08-08 22:39:28.734 +02:00 [INF] Built VBO for map d490222a-af25-4a7f-bec3-7ca8016e08d7 'New Map' in 18.6843ms
2026-08-08 22:39:28.866 +02:00 [INF] Built VBO for map a31f210c-f5fb-48bf-9db2-45fab2293a4c 'Forest' in 128.9616ms
2026-08-08 22:39:28.923 +02:00 [INF] Built VBO for map 27c6a7b2-4e9f-4316-9a0f-e13ec8e16ba2 'Forest' in 53.3542ms
2026-08-08 22:39:28.951 +02:00 [INF] Built VBO for map e341d25d-5ff4-4cd6-bcd5-2f2cda710c86 'Greenfall Vale' in 26.144ms
2026-08-08 22:39:34.195 +02:00 [INF] Client frame profile: measured=22.6fps counter=31 targetMode=-1; interval=44.26/958.17ms avg/max; update=0.54/29.57ms (0.99 calls/frame); draw=25.02/927.36ms; world=18.88/895.21ms [scene=18.26/887.69, scene-detail=[tiles=1.26ms/41.7draws (geometry=0.67ms/41.7draws, water=0.59ms/0.0draws), objects=13.09ms/79.3draws, procedural=0.01ms/0.0draws, entities=2.16ms/1.0draws, effects=0.94ms/0.0draws, weather=0.58ms/0.0draws, other=0.22ms], lighting=0.13/6.04, post=0.18/15.39, overlays=0.17/7.13, other=0.15]; gui=6.07/82.07ms [update=5.73/62.07 (minimap=4.98/42.36 [compact=4.98, fullmap=0.00/0.00], other=0.75), render=0.33/19.99, other=0.00]; finish=0.04/0.58ms; outside-update-draw=18.71ms; draws=145, maps=4, entities=23, lights=5
2026-08-08 22:39:39.198 +02:00 [INF] Client frame profile: measured=68.6fps counter=112 targetMode=-1; interval=14.59/64.48ms avg/max; update=0.19/18.94ms (1.00 calls/frame); draw=9.38/42.42ms; world=7.28/20.21ms [scene=7.01/19.93, scene-detail=[tiles=0.82ms/37.7draws (geometry=0.50ms/37.7draws, water=0.32ms/0.0draws), objects=5.26ms/75.4draws, procedural=0.00ms/0.0draws, entities=0.42ms/0.2draws, effects=0.06ms/0.8draws, weather=0.36ms/0.0draws, other=0.10ms], lighting=0.06/0.14, post=0.03/0.09, overlays=0.08/3.58, other=0.10]; gui=2.06/22.60ms [update=1.99/22.48 (minimap=1.61/21.96 [compact=1.61, fullmap=0.00/0.00], other=0.37), render=0.07/0.24, other=0.00]; finish=0.03/2.01ms; outside-update-draw=5.02ms; draws=141, maps=4, entities=23, lights=5
2026-08-08 22:39:44.203 +02:00 [INF] Client frame profile: measured=117.3fps counter=117 targetMode=-1; interval=8.53/22.64ms avg/max; update=0.08/3.59ms (1.00 calls/frame); draw=8.38/22.50ms; world=7.01/11.11ms [scene=6.78/10.70, scene-detail=[tiles=0.75ms/42.0draws (geometry=0.48ms/42.0draws, water=0.27ms/0.0draws), objects=5.30ms/80.0draws, procedural=0.00ms/0.0draws, entities=0.25ms/0.0draws, effects=0.03ms/1.0draws, weather=0.34ms/0.0draws, other=0.10ms], lighting=0.06/0.11, post=0.02/0.06, overlays=0.06/0.13, other=0.10]; gui=1.34/13.92ms [update=1.28/13.75 (minimap=1.00/13.06 [compact=1.00, fullmap=0.00/0.00], other=0.28), render=0.06/0.22, other=0.00]; finish=0.02/0.48ms; outside-update-draw=0.07ms; draws=141, maps=4, entities=23, lights=5
2026-08-08 22:39:49.205 +02:00 [INF] Client frame profile: measured=118.3fps counter=117 targetMode=-1; interval=8.45/22.84ms avg/max; update=0.08/3.69ms (1.00 calls/frame); draw=8.29/22.04ms; world=6.99/12.58ms [scene=6.76/12.29, scene-detail=[tiles=0.74ms/40.9draws (geometry=0.47ms/40.9draws, water=0.27ms/0.0draws), objects=5.24ms/78.9draws, procedural=0.00ms/0.0draws, entities=0.30ms/2.0draws, effects=0.03ms/0.9draws, weather=0.35ms/0.0draws, other=0.10ms], lighting=0.05/0.09, post=0.02/0.06, overlays=0.05/0.10, other=0.10]; gui=1.28/14.22ms [update=1.22/14.09 (minimap=0.95/13.56 [compact=0.95, fullmap=0.00/0.00], other=0.27), render=0.06/0.12, other=0.00]; finish=0.02/0.34ms; outside-update-draw=0.08ms; draws=110, maps=2, entities=23, lights=5
2026-08-08 22:39:54.210 +02:00 [INF] Client frame profile: measured=130.7fps counter=133 targetMode=-1; interval=7.65/22.35ms avg/max; update=0.06/0.55ms (1.00 calls/frame); draw=7.53/22.19ms; world=6.31/21.55ms [scene=6.10/21.18, scene-detail=[tiles=0.64ms/26.0draws (geometry=0.37ms/26.0draws, water=0.27ms/0.0draws), objects=4.69ms/63.0draws, procedural=0.00ms/0.0draws, entities=0.32ms/2.0draws, effects=0.02ms/1.0draws, weather=0.34ms/0.0draws, other=0.08ms], lighting=0.04/0.11, post=0.02/0.06, overlays=0.05/0.10, other=0.10]; gui=1.19/12.76ms [update=1.14/12.67 (minimap=0.90/12.29 [compact=0.90, fullmap=0.00/0.00], other=0.24), render=0.05/0.14, other=0.00]; finish=0.02/0.28ms; outside-update-draw=0.06ms; draws=110, maps=2, entities=23, lights=5
2026-08-08 22:39:59.215 +02:00 [INF] Client frame profile: measured=127.7fps counter=124 targetMode=-1; interval=7.83/19.15ms avg/max; update=0.09/10.76ms (1.00 calls/frame); draw=7.65/18.69ms; world=6.38/7.76ms [scene=6.16/7.53, scene-detail=[tiles=0.65ms/26.0draws (geometry=0.38ms/26.0draws, water=0.27ms/0.0draws), objects=4.74ms/63.0draws, procedural=0.00ms/0.0draws, entities=0.31ms/2.4draws, effects=0.03ms/1.0draws, weather=0.34ms/0.0draws, other=0.09ms], lighting=0.04/0.08, post=0.02/0.04, overlays=0.05/0.10, other=0.10]; gui=1.24/12.00ms [update=1.19/11.90 (minimap=0.92/11.47 [compact=0.92, fullmap=0.00/0.00], other=0.27), render=0.06/0.16, other=0.00]; finish=0.02/0.06ms; outside-update-draw=0.10ms; draws=112, maps=2, entities=23, lights=5
2026-08-08 22:40:02.676 +02:00 [INF] System window closing (due to user interaction most likely).
2026-08-08 22:40:02.679 +02:00 [INF] Disconnected [392c5ea1-8546-4474-a0b3-9b99c4d092ec].
2026-08-08 22:40:02.680 +02:00 [INF] Updating active permission set to 'default'
2026-08-08 22:40:02.775 +02:00 [INF] Acquiring context lock... (0ms)
2026-08-08 22:40:02.775 +02:00 [INF] Acquired. (0ms)
2026-08-08 22:40:02.776 +02:00 [INF] Beginning context dispose. (0ms)
2026-08-08 22:40:02.776 +02:00 [INF] GC.SuppressFinalize (0ms)
2026-08-08 22:40:02.776 +02:00 [INF] InternalDispose() completed. (0ms)
2026-08-08 22:40:02.776 +02:00 [INF] Clearing instance... (1ms)
2026-08-08 22:40:02.776 +02:00 [INF] Releasing context lock... (1ms)
2026-08-08 22:40:02.776 +02:00 [INF] Released. (1ms)
