2026-04-13 22:28:14.897 +06:00 [INF] Starting Intersect Client v0.8.0.0-custom+32d39132dace1351f63375b261f241297dd35be8-dirty
2026-04-13 22:28:15.270 +06:00 [INF] Discovered service type: Intersect.Plugins.PluginService
2026-04-13 22:28:15.278 +06:00 [WRN] Directory was specified as a plugin directory but does not exist: 'resources\plugins'
2026-04-13 22:28:15.279 +06:00 [INF] Discovered 0 plugins:

2026-04-13 22:28:17.471 +06:00 [INF] Connecting to 127.0.0.1:5400...
2026-04-13 22:28:17.493 +06:00 [INF] Connected [7f51aac6-e57e-431c-a37a-3d1198a64943].
2026-04-13 22:28:17.517 +06:00 [INF] Connection approved [7f51aac6-e57e-431c-a37a-3d1198a64943].
2026-04-13 22:28:17.601 +06:00 [INF] Updated PermissionSet 'default'
2026-04-13 22:28:22.160 +06:00 [INF] Updated PermissionSet 'admin'
2026-04-13 22:28:22.160 +06:00 [INF] Updating active permission set to 'admin'
2026-04-13 22:30:19.416 +06:00 [INF] User clicked exit button.
2026-04-13 22:30:19.602 +06:00 [INF] System window closing (due to user interaction most likely).
2026-04-13 22:30:19.605 +06:00 [INF] Disconnected [7f51aac6-e57e-431c-a37a-3d1198a64943].
2026-04-13 22:30:19.605 +06:00 [INF] Updating active permission set to 'default'
2026-04-13 22:30:19.703 +06:00 [INF] Acquiring context lock... (0ms)
2026-04-13 22:30:19.703 +06:00 [INF] Acquired. (0ms)
2026-04-13 22:30:19.704 +06:00 [INF] Beginning context dispose. (0ms)
2026-04-13 22:30:19.704 +06:00 [INF] GC.SuppressFinalize (0ms)
2026-04-13 22:30:19.704 +06:00 [INF] InternalDispose() completed. (0ms)
2026-04-13 22:30:19.704 +06:00 [INF] Clearing instance... (1ms)
2026-04-13 22:30:19.704 +06:00 [INF] Releasing context lock... (1ms)
2026-04-13 22:30:19.704 +06:00 [INF] Released. (1ms)
