2026-06-04 21:45:59.403 +02:00 [INF] Starting Intersect Client v0.8.0.0-custom+32d39132dace1351f63375b261f241297dd35be8-dirty
2026-06-04 21:45:59.692 +02:00 [INF] Discovered service type: Intersect.Plugins.PluginService
2026-06-04 21:45:59.696 +02:00 [WRN] Directory was specified as a plugin directory but does not exist: 'resources\plugins'
2026-06-04 21:45:59.697 +02:00 [INF] Discovered 0 plugins:

2026-06-04 21:46:02.057 +02:00 [INF] Connecting to 127.0.0.1:5400...
2026-06-04 21:46:02.066 +02:00 [INF] Connected [1bb8ffca-d5b3-485a-a2bc-f816c47b1b35].
2026-06-04 21:46:02.080 +02:00 [INF] Connection approved [1bb8ffca-d5b3-485a-a2bc-f816c47b1b35].
2026-06-04 21:46:02.179 +02:00 [INF] Updated PermissionSet 'default'
2026-06-04 21:46:02.179 +02:00 [INF] Updated PermissionSet 'admin'
2026-06-04 21:46:05.923 +02:00 [INF] Updating active permission set to 'admin'
2026-06-04 21:46:06.597 +02:00 [WRN] 'Me' is null.
2026-06-04 21:46:07.388 +02:00 [INF] Built VBO for map 15601ad4-9f26-4abe-a6c9-3a7eebaa3045 'Forest' in 17.5155ms
2026-06-04 21:46:07.390 +02:00 [INF] Built VBO for map 27c6a7b2-4e9f-4316-9a0f-e13ec8e16ba2 'Forest' in 1.1765ms
2026-06-04 21:46:07.399 +02:00 [ERR] Exception thrown while trying to load 'resources/tilesets/water_shore_marker.png'
System.IO.FileNotFoundException: Could not find file 'F:\game code engine\Intersect_New\Intersect.Client\resources\tilesets\water_shore_marker.png'.
File name: 'F:\game code engine\Intersect_New\Intersect.Client\resources\tilesets\water_shore_marker.png'
   at Microsoft.Win32.SafeHandles.SafeFileHandle.CreateFile(String fullPath, FileMode mode, FileAccess access, FileShare share, FileOptions options)
   at Microsoft.Win32.SafeHandles.SafeFileHandle.Open(String fullPath, FileMode mode, FileAccess access, FileShare share, FileOptions options, Int64 preallocationSize, Nullable`1 unixCreateMode)
   at System.IO.Strategies.OSFileStreamStrategy..ctor(String path, FileMode mode, FileAccess access, FileShare share, FileOptions options, Int64 preallocationSize, Nullable`1 unixCreateMode)
   at System.IO.File.OpenRead(String path)
   at Intersect.Client.Framework.Graphics.GameRenderer.<>c__DisplayClass176_0.<LoadTexture>b__0() in F:\game code engine\Intersect_New\Intersect.Client.Framework\Graphics\GameRenderer.cs:line 921
   at Intersect.Client.Framework.Graphics.GameTexture`2.LoadPlatformTexture(Boolean force) in F:\game code engine\Intersect_New\Intersect.Client.Framework\Graphics\GameTexture.cs:line 279
2026-06-04 21:46:07.408 +02:00 [INF] Built VBO for map e341d25d-5ff4-4cd6-bcd5-2f2cda710c86 'Forest' in 14.8794ms
2026-06-04 21:46:07.423 +02:00 [INF] Built VBO for map 15601ad4-9f26-4abe-a6c9-3a7eebaa3045 'Forest' in 7.3307ms
2026-06-04 21:46:07.636 +02:00 [INF] Built VBO for map e341d25d-5ff4-4cd6-bcd5-2f2cda710c86 'Forest' in 5.3453ms
2026-06-04 21:47:06.387 +02:00 [INF] Built VBO for map 15601ad4-9f26-4abe-a6c9-3a7eebaa3045 'Forest' in 2.8872ms
2026-06-04 21:47:06.391 +02:00 [INF] Built VBO for map e341d25d-5ff4-4cd6-bcd5-2f2cda710c86 'Forest' in 3.1412ms
2026-06-04 21:47:06.437 +02:00 [INF] Built VBO for map 27c6a7b2-4e9f-4316-9a0f-e13ec8e16ba2 'Forest' in 0.3557ms
2026-06-04 21:48:07.120 +02:00 [INF] Built VBO for map 15601ad4-9f26-4abe-a6c9-3a7eebaa3045 'Forest' in 4.6665ms
2026-06-04 21:48:07.124 +02:00 [INF] Built VBO for map e341d25d-5ff4-4cd6-bcd5-2f2cda710c86 'Forest' in 3.3766ms
2026-06-04 21:48:07.180 +02:00 [INF] Built VBO for map 27c6a7b2-4e9f-4316-9a0f-e13ec8e16ba2 'Forest' in 0.3742ms
2026-06-04 21:48:22.441 +02:00 [INF] Built VBO for map 15601ad4-9f26-4abe-a6c9-3a7eebaa3045 'Forest' in 2.6557ms
2026-06-04 21:48:22.445 +02:00 [INF] Built VBO for map e341d25d-5ff4-4cd6-bcd5-2f2cda710c86 'Forest' in 3.5213ms
2026-06-04 21:48:22.503 +02:00 [INF] Built VBO for map 27c6a7b2-4e9f-4316-9a0f-e13ec8e16ba2 'Forest' in 0.3579ms
2026-06-04 21:49:05.448 +02:00 [INF] Built VBO for map 15601ad4-9f26-4abe-a6c9-3a7eebaa3045 'Forest' in 3.815ms
2026-06-04 21:49:05.452 +02:00 [INF] Built VBO for map e341d25d-5ff4-4cd6-bcd5-2f2cda710c86 'Forest' in 3.1597ms
2026-06-04 21:49:05.506 +02:00 [INF] Built VBO for map 27c6a7b2-4e9f-4316-9a0f-e13ec8e16ba2 'Forest' in 0.3601ms
2026-06-04 21:49:40.027 +02:00 [INF] Built VBO for map 27c6a7b2-4e9f-4316-9a0f-e13ec8e16ba2 'Forest' in 31.9461ms
2026-06-04 21:49:42.240 +02:00 [INF] Built VBO for map e341d25d-5ff4-4cd6-bcd5-2f2cda710c86 'Forest' in 2.7612ms
2026-06-04 21:49:43.035 +02:00 [INF] Built VBO for map 27c6a7b2-4e9f-4316-9a0f-e13ec8e16ba2 'Forest' in 6.7588ms
2026-06-04 21:49:45.923 +02:00 [INF] Built VBO for map e341d25d-5ff4-4cd6-bcd5-2f2cda710c86 'Forest' in 3.5129ms
2026-06-04 21:50:11.331 +02:00 [INF] System window closing (due to user interaction most likely).
2026-06-04 21:50:11.334 +02:00 [INF] Disconnected [1bb8ffca-d5b3-485a-a2bc-f816c47b1b35].
2026-06-04 21:50:11.335 +02:00 [INF] Updating active permission set to 'default'
2026-06-04 21:50:11.359 +02:00 [INF] Acquiring context lock... (0ms)
2026-06-04 21:50:11.360 +02:00 [INF] Acquired. (0ms)
2026-06-04 21:50:11.360 +02:00 [INF] Beginning context dispose. (0ms)
2026-06-04 21:50:11.360 +02:00 [INF] GC.SuppressFinalize (0ms)
2026-06-04 21:50:11.360 +02:00 [INF] InternalDispose() completed. (0ms)
2026-06-04 21:50:11.361 +02:00 [INF] Clearing instance... (1ms)
2026-06-04 21:50:11.361 +02:00 [INF] Releasing context lock... (1ms)
2026-06-04 21:50:11.361 +02:00 [INF] Released. (1ms)
