2026-05-01 00:12:27.706 +06:00 [INF] Starting Intersect Client v0.8.0.0-custom+32d39132dace1351f63375b261f241297dd35be8-dirty
2026-05-01 00:12:27.915 +06:00 [INF] Discovered service type: Intersect.Plugins.PluginService
2026-05-01 00:12:27.918 +06:00 [WRN] Directory was specified as a plugin directory but does not exist: 'resources\plugins'
2026-05-01 00:12:27.919 +06:00 [INF] Discovered 0 plugins:

2026-05-01 00:12:30.063 +06:00 [INF] Connecting to 127.0.0.1:5400...
2026-05-01 00:12:30.082 +06:00 [INF] Connected [e648adff-9a32-4788-a920-e35004082413].
2026-05-01 00:12:30.094 +06:00 [INF] Connection approved [e648adff-9a32-4788-a920-e35004082413].
2026-05-01 00:12:30.460 +06:00 [INF] Updated PermissionSet 'default'
2026-05-01 00:12:34.204 +06:00 [INF] Updated PermissionSet 'admin'
2026-05-01 00:12:34.205 +06:00 [INF] Updating active permission set to 'admin'
2026-05-01 00:12:34.945 +06:00 [WRN] 'Me' is null.
2026-05-01 00:12:35.536 +06:00 [INF] Built VBO for map 27c6a7b2-4e9f-4316-9a0f-e13ec8e16ba2 'Forest' in 16.8649ms
2026-05-01 00:27:53.261 +06:00 [INF] System window closing (due to user interaction most likely).
2026-05-01 00:27:53.264 +06:00 [INF] Disconnected [e648adff-9a32-4788-a920-e35004082413].
2026-05-01 00:27:53.265 +06:00 [INF] Updating active permission set to 'default'
2026-05-01 00:27:53.297 +06:00 [INF] Acquiring context lock... (0ms)
2026-05-01 00:27:53.297 +06:00 [INF] Acquired. (0ms)
2026-05-01 00:27:53.298 +06:00 [INF] Beginning context dispose. (0ms)
2026-05-01 00:27:53.298 +06:00 [INF] GC.SuppressFinalize (0ms)
2026-05-01 00:27:53.298 +06:00 [INF] InternalDispose() completed. (0ms)
2026-05-01 00:27:53.299 +06:00 [INF] Clearing instance... (1ms)
2026-05-01 00:27:53.299 +06:00 [INF] Releasing context lock... (1ms)
2026-05-01 00:27:53.299 +06:00 [INF] Released. (1ms)
