2026-05-13 07:08:14.813 +02:00 [INF] Starting Intersect Client v0.8.0.0-custom+32d39132dace1351f63375b261f241297dd35be8-dirty
2026-05-13 07:08:15.009 +02:00 [INF] Discovered service type: Intersect.Plugins.PluginService
2026-05-13 07:08:15.012 +02:00 [WRN] Directory was specified as a plugin directory but does not exist: 'resources\plugins'
2026-05-13 07:08:15.013 +02:00 [INF] Discovered 0 plugins:

2026-05-13 07:08:19.233 +02:00 [INF] Connecting to 127.0.0.1:5400...
2026-05-13 07:08:19.255 +02:00 [INF] Connected [b04f4928-7867-48ba-a579-208691e9c4b6].
2026-05-13 07:08:19.267 +02:00 [INF] Connection approved [b04f4928-7867-48ba-a579-208691e9c4b6].
2026-05-13 07:08:19.381 +02:00 [INF] Updated PermissionSet 'default'
2026-05-13 07:08:23.528 +02:00 [INF] Updated PermissionSet 'admin'
2026-05-13 07:08:23.529 +02:00 [INF] Updating active permission set to 'admin'
2026-05-13 07:08:24.786 +02:00 [WRN] 'Me' is null.
2026-05-13 07:08:25.418 +02:00 [INF] Built VBO for map a31f210c-f5fb-48bf-9db2-45fab2293a4c 'Forest' in 11.1356ms
2026-05-13 07:08:25.454 +02:00 [INF] Built VBO for map 27c6a7b2-4e9f-4316-9a0f-e13ec8e16ba2 'Forest' in 32.4001ms
2026-05-13 07:10:30.935 +02:00 [INF] System window closing (due to user interaction most likely).
2026-05-13 07:10:30.938 +02:00 [INF] Disconnected [b04f4928-7867-48ba-a579-208691e9c4b6].
2026-05-13 07:10:30.938 +02:00 [INF] Updating active permission set to 'default'
2026-05-13 07:10:30.986 +02:00 [INF] Acquiring context lock... (0ms)
2026-05-13 07:10:30.986 +02:00 [INF] Acquired. (0ms)
2026-05-13 07:10:30.987 +02:00 [INF] Beginning context dispose. (0ms)
2026-05-13 07:10:30.987 +02:00 [INF] GC.SuppressFinalize (0ms)
2026-05-13 07:10:30.987 +02:00 [INF] InternalDispose() completed. (0ms)
2026-05-13 07:10:30.987 +02:00 [INF] Clearing instance... (1ms)
2026-05-13 07:10:30.987 +02:00 [INF] Releasing context lock... (1ms)
2026-05-13 07:10:30.987 +02:00 [INF] Released. (1ms)
