2026-03-19 19:23:29.852 +01:00 [INF] Starting Intersect Client v0.8.0.0-custom+32d39132dace1351f63375b261f241297dd35be8-dirty
2026-03-19 19:23:30.101 +01:00 [INF] Discovered service type: Intersect.Plugins.PluginService
2026-03-19 19:23:30.110 +01:00 [WRN] Directory was specified as a plugin directory but does not exist: 'resources\plugins'
2026-03-19 19:23:30.111 +01:00 [INF] Discovered 0 plugins:

2026-03-19 19:23:32.351 +01:00 [INF] Connecting to 127.0.0.1:5400...
2026-03-19 19:23:32.369 +01:00 [INF] Connected [e32d0a35-9e44-47c9-8fcd-24f5ba1d7b59].
2026-03-19 19:23:32.379 +01:00 [INF] Connection approved [e32d0a35-9e44-47c9-8fcd-24f5ba1d7b59].
2026-03-19 19:23:32.459 +01:00 [INF] Updated PermissionSet 'default'
2026-03-19 19:23:33.469 +01:00 [INF] Updated PermissionSet 'admin'
2026-03-19 19:23:33.470 +01:00 [INF] Updating active permission set to 'admin'
2026-03-19 19:23:33.608 +01:00 [WRN] Unable to add '_buttonLogout' to the JSON of MainMenu.SelectCharacterWindow._innerPanel._buttonsPanel because a sibling shares the same name
2026-03-19 19:23:34.826 +01:00 [WRN] 'Me' is null.
2026-03-19 19:23:35.307 +01:00 [INF] Built VBO for map a9f5fb5f-a2e8-421b-9906-03dae4b6224a 'New Map' in 15.593ms
2026-03-19 19:26:59.982 +01:00 [INF] System window closing (due to user interaction most likely).
2026-03-19 19:26:59.985 +01:00 [INF] Disconnected [e32d0a35-9e44-47c9-8fcd-24f5ba1d7b59].
2026-03-19 19:26:59.985 +01:00 [INF] Updating active permission set to 'default'
2026-03-19 19:27:00.061 +01:00 [INF] Acquiring context lock... (0ms)
2026-03-19 19:27:00.061 +01:00 [INF] Acquired. (0ms)
2026-03-19 19:27:00.062 +01:00 [INF] Beginning context dispose. (0ms)
2026-03-19 19:27:00.062 +01:00 [INF] GC.SuppressFinalize (0ms)
2026-03-19 19:27:00.062 +01:00 [INF] InternalDispose() completed. (0ms)
2026-03-19 19:27:00.062 +01:00 [INF] Clearing instance... (1ms)
2026-03-19 19:27:00.062 +01:00 [INF] Releasing context lock... (1ms)
2026-03-19 19:27:00.062 +01:00 [INF] Released. (1ms)
