2026-04-25 01:29:30.465 +06:00 [INF] Starting Intersect Client v0.8.0.0-custom+32d39132dace1351f63375b261f241297dd35be8-dirty
2026-04-25 01:29:30.727 +06:00 [INF] Discovered service type: Intersect.Plugins.PluginService
2026-04-25 01:29:30.731 +06:00 [WRN] Directory was specified as a plugin directory but does not exist: 'resources\plugins'
2026-04-25 01:29:30.732 +06:00 [INF] Discovered 0 plugins:

2026-04-25 01:29:33.023 +06:00 [INF] Connecting to 127.0.0.1:5400...
2026-04-25 01:29:33.031 +06:00 [INF] Connected [5017af8b-153c-44f9-ab82-381f8027b2a0].
2026-04-25 01:29:33.053 +06:00 [INF] Connection approved [5017af8b-153c-44f9-ab82-381f8027b2a0].
2026-04-25 01:29:33.135 +06:00 [INF] Updated PermissionSet 'default'
2026-04-25 01:29:33.135 +06:00 [INF] Updated PermissionSet 'admin'
2026-04-25 01:29:39.034 +06:00 [INF] Updating active permission set to 'admin'
2026-04-25 01:29:39.158 +06:00 [WRN] Unable to add '_buttonLogout' to the JSON of MainMenu.SelectCharacterWindow._innerPanel._buttonsPanel because a sibling shares the same name
2026-04-25 01:29:39.843 +06:00 [WRN] 'Me' is null.
2026-04-25 01:29:40.391 +06:00 [INF] Built VBO for map c15f8299-8999-471f-9760-388ff4cdec7c 'Forest' in 12.0298ms
2026-04-25 01:29:46.787 +06:00 [INF] Built VBO for map 27c6a7b2-4e9f-4316-9a0f-e13ec8e16ba2 'Forest' in 3.5007ms
2026-04-25 01:31:39.952 +06:00 [INF] Built VBO for map 27c6a7b2-4e9f-4316-9a0f-e13ec8e16ba2 'Forest' in 3.4127ms
2026-04-25 01:32:53.153 +06:00 [INF] Built VBO for map 27c6a7b2-4e9f-4316-9a0f-e13ec8e16ba2 'Forest' in 2.4533ms
2026-04-25 01:36:00.569 +06:00 [INF] System window closing (due to user interaction most likely).
2026-04-25 01:36:00.572 +06:00 [INF] Disconnected [5017af8b-153c-44f9-ab82-381f8027b2a0].
2026-04-25 01:36:00.573 +06:00 [INF] Updating active permission set to 'default'
2026-04-25 01:36:00.607 +06:00 [INF] Acquiring context lock... (0ms)
2026-04-25 01:36:00.607 +06:00 [INF] Acquired. (0ms)
2026-04-25 01:36:00.608 +06:00 [INF] Beginning context dispose. (0ms)
2026-04-25 01:36:00.609 +06:00 [INF] GC.SuppressFinalize (0ms)
2026-04-25 01:36:00.609 +06:00 [INF] InternalDispose() completed. (0ms)
2026-04-25 01:36:00.609 +06:00 [INF] Clearing instance... (1ms)
2026-04-25 01:36:00.609 +06:00 [INF] Releasing context lock... (1ms)
2026-04-25 01:36:00.609 +06:00 [INF] Released. (1ms)
