2026-05-26 16:40:59.600 +02:00 [INF] Starting Intersect Client v0.8.0.0-custom+32d39132dace1351f63375b261f241297dd35be8-dirty
2026-05-26 16:40:59.816 +02:00 [INF] Discovered service type: Intersect.Plugins.PluginService
2026-05-26 16:40:59.820 +02:00 [WRN] Directory was specified as a plugin directory but does not exist: 'resources\plugins'
2026-05-26 16:40:59.821 +02:00 [INF] Discovered 0 plugins:

2026-05-26 16:41:07.318 +02:00 [INF] Connecting to 127.0.0.1:5400...
2026-05-26 16:41:07.336 +02:00 [INF] Connected [dec0c742-84b6-4f59-8de8-6a9b8acc5611].
2026-05-26 16:41:07.348 +02:00 [INF] Connection approved [dec0c742-84b6-4f59-8de8-6a9b8acc5611].
2026-05-26 16:41:07.437 +02:00 [INF] Updated PermissionSet 'default'
2026-05-26 16:41:12.675 +02:00 [INF] Updated PermissionSet 'admin'
2026-05-26 16:41:12.675 +02:00 [INF] Updating active permission set to 'admin'
2026-05-26 16:41:13.247 +02:00 [WRN] 'Me' is null.
2026-05-26 16:41:13.864 +02:00 [INF] Built VBO for map d5c08240-0436-454a-8993-362abf5bc477 'New Map' in 12.0479ms
2026-05-26 16:41:13.893 +02:00 [INF] Window light shader 'Intersect.Client.Resources.Shaders.windowlight.mgfxo' loaded successfully with 10 parameters
2026-05-26 16:42:11.815 +02:00 [INF] System window closing (due to user interaction most likely).
2026-05-26 16:42:11.818 +02:00 [INF] Disconnected [dec0c742-84b6-4f59-8de8-6a9b8acc5611].
2026-05-26 16:42:11.819 +02:00 [INF] Updating active permission set to 'default'
2026-05-26 16:42:11.854 +02:00 [INF] Acquiring context lock... (0ms)
2026-05-26 16:42:11.854 +02:00 [INF] Acquired. (0ms)
2026-05-26 16:42:11.855 +02:00 [INF] Beginning context dispose. (0ms)
2026-05-26 16:42:11.856 +02:00 [INF] GC.SuppressFinalize (0ms)
2026-05-26 16:42:11.856 +02:00 [INF] InternalDispose() completed. (0ms)
2026-05-26 16:42:11.856 +02:00 [INF] Clearing instance... (1ms)
2026-05-26 16:42:11.856 +02:00 [INF] Releasing context lock... (2ms)
2026-05-26 16:42:11.856 +02:00 [INF] Released. (2ms)
