2026-04-15 18:34:07.793 +06:00 [INF] Starting Intersect Client v0.8.0.0-custom+32d39132dace1351f63375b261f241297dd35be8-dirty
2026-04-15 18:34:07.992 +06:00 [INF] Discovered service type: Intersect.Plugins.PluginService
2026-04-15 18:34:07.996 +06:00 [WRN] Directory was specified as a plugin directory but does not exist: 'resources\plugins'
2026-04-15 18:34:07.997 +06:00 [INF] Discovered 0 plugins:

2026-04-15 18:34:09.924 +06:00 [INF] Connecting to 127.0.0.1:5400...
2026-04-15 18:34:09.947 +06:00 [INF] Connected [5b437927-161a-4f2f-ae25-0eb499bcabd5].
2026-04-15 18:34:09.959 +06:00 [INF] Connection approved [5b437927-161a-4f2f-ae25-0eb499bcabd5].
2026-04-15 18:34:10.039 +06:00 [INF] Updated PermissionSet 'default'
2026-04-15 18:34:22.850 +06:00 [WRN] Unable to add '_buttonLogout' to the JSON of MainMenu.SelectCharacterWindow._innerPanel._buttonsPanel because a sibling shares the same name
2026-04-15 18:34:23.907 +06:00 [WRN] 'Me' is null.
2026-04-15 18:34:24.528 +06:00 [INF] Built VBO for map 23630ac6-4461-460d-8a3b-9a0d4477096f 'test 8' in 17.4507ms
2026-04-15 18:34:24.578 +06:00 [INF] Built VBO for map 73ba8458-f8de-4f78-a254-c91b18418ed0 'test 3' in 44.9765ms
2026-04-15 18:34:24.583 +06:00 [INF] Built VBO for map 27c6a7b2-4e9f-4316-9a0f-e13ec8e16ba2 'New Map' in 4.6302ms
2026-04-15 18:34:37.129 +06:00 [INF] Updated PermissionSet 'admin'
2026-04-15 19:13:44.651 +06:00 [INF] System window closing (due to user interaction most likely).
2026-04-15 19:13:44.655 +06:00 [INF] Disconnected [5b437927-161a-4f2f-ae25-0eb499bcabd5].
2026-04-15 19:13:44.760 +06:00 [INF] Acquiring context lock... (0ms)
2026-04-15 19:13:44.760 +06:00 [INF] Acquired. (0ms)
2026-04-15 19:13:44.760 +06:00 [INF] Beginning context dispose. (0ms)
2026-04-15 19:13:44.761 +06:00 [INF] GC.SuppressFinalize (0ms)
2026-04-15 19:13:44.761 +06:00 [INF] InternalDispose() completed. (0ms)
2026-04-15 19:13:44.761 +06:00 [INF] Clearing instance... (1ms)
2026-04-15 19:13:44.761 +06:00 [INF] Releasing context lock... (1ms)
2026-04-15 19:13:44.761 +06:00 [INF] Released. (1ms)
