2026-04-15 16:18:01.539 +06:00 [INF] Starting Intersect Client v0.8.0.0-custom+32d39132dace1351f63375b261f241297dd35be8-dirty
2026-04-15 16:18:01.962 +06:00 [INF] Discovered service type: Intersect.Plugins.PluginService
2026-04-15 16:18:01.971 +06:00 [WRN] Directory was specified as a plugin directory but does not exist: 'resources\plugins'
2026-04-15 16:18:01.972 +06:00 [INF] Discovered 0 plugins:

2026-04-15 16:18:03.852 +06:00 [INF] Connecting to 127.0.0.1:5400...
2026-04-15 16:18:03.873 +06:00 [INF] Connected [c93f80c2-465d-414d-8f7b-5e5c84b40a49].
2026-04-15 16:18:03.885 +06:00 [INF] Connection approved [c93f80c2-465d-414d-8f7b-5e5c84b40a49].
2026-04-15 16:18:03.981 +06:00 [INF] Updated PermissionSet 'default'
2026-04-15 16:18:07.202 +06:00 [INF] Updated PermissionSet 'admin'
2026-04-15 16:18:07.203 +06:00 [INF] Updating active permission set to 'admin'
2026-04-15 16:18:07.312 +06:00 [WRN] Unable to add '_buttonLogout' to the JSON of MainMenu.SelectCharacterWindow._innerPanel._buttonsPanel because a sibling shares the same name
2026-04-15 16:18:08.375 +06:00 [WRN] 'Me' is null.
2026-04-15 16:18:08.926 +06:00 [INF] Built VBO for map 411179b7-b772-42ef-bf66-03b7e4d7dca8 'test 5' in 12.6206ms
2026-04-15 16:18:08.938 +06:00 [INF] Built VBO for map 23630ac6-4461-460d-8a3b-9a0d4477096f 'test 8' in 7.4338ms
2026-04-15 16:18:08.980 +06:00 [INF] Built VBO for map 73ba8458-f8de-4f78-a254-c91b18418ed0 'test 3' in 41.3391ms
2026-04-15 16:18:52.967 +06:00 [INF] System window closing (due to user interaction most likely).
2026-04-15 16:18:52.970 +06:00 [INF] Disconnected [c93f80c2-465d-414d-8f7b-5e5c84b40a49].
2026-04-15 16:18:52.971 +06:00 [INF] Updating active permission set to 'default'
2026-04-15 16:18:53.052 +06:00 [INF] Acquiring context lock... (0ms)
2026-04-15 16:18:53.052 +06:00 [INF] Acquired. (0ms)
2026-04-15 16:18:53.053 +06:00 [INF] Beginning context dispose. (0ms)
2026-04-15 16:18:53.053 +06:00 [INF] GC.SuppressFinalize (0ms)
2026-04-15 16:18:53.053 +06:00 [INF] InternalDispose() completed. (0ms)
2026-04-15 16:18:53.053 +06:00 [INF] Clearing instance... (1ms)
2026-04-15 16:18:53.053 +06:00 [INF] Releasing context lock... (1ms)
2026-04-15 16:18:53.053 +06:00 [INF] Released. (1ms)
