2026-04-09 19:00:26.693 +06:00 [INF] Starting Intersect Client v0.8.0.0-custom+32d39132dace1351f63375b261f241297dd35be8-dirty
2026-04-09 19:00:26.951 +06:00 [INF] Discovered service type: Intersect.Plugins.PluginService
2026-04-09 19:00:26.955 +06:00 [WRN] Directory was specified as a plugin directory but does not exist: 'resources\plugins'
2026-04-09 19:00:26.956 +06:00 [INF] Discovered 0 plugins:

2026-04-09 19:00:29.400 +06:00 [INF] Connecting to 127.0.0.1:5400...
2026-04-09 19:00:29.408 +06:00 [INF] Connected [70ebc690-da9c-4a33-b30e-66c21cf8211d].
2026-04-09 19:00:29.421 +06:00 [INF] Connection approved [70ebc690-da9c-4a33-b30e-66c21cf8211d].
2026-04-09 19:00:29.493 +06:00 [INF] Updated PermissionSet 'default'
2026-04-09 19:00:29.493 +06:00 [INF] Updated PermissionSet 'admin'
2026-04-09 19:00:35.063 +06:00 [INF] Updating active permission set to 'admin'
2026-04-09 19:00:35.118 +06:00 [WRN] Unable to add '_buttonLogout' to the JSON of MainMenu.SelectCharacterWindow._innerPanel._buttonsPanel because a sibling shares the same name
2026-04-09 19:00:35.987 +06:00 [WRN] 'Me' is null.
2026-04-09 19:00:36.526 +06:00 [INF] Built VBO for map 73ba8458-f8de-4f78-a254-c91b18418ed0 'test 3' in 18.8755ms
2026-04-09 19:00:50.209 +06:00 [WRN] 'Me' is null.
2026-04-09 19:00:50.245 +06:00 [WRN] Tried to load entity "e6903911-951c-4f58-bbcd-bddbd581105e" (Oran) from packet before in-game UI was ready
2026-04-09 19:00:50.245 +06:00 [WRN] Tried to load entity "e6903911-951c-4f58-bbcd-bddbd581105e" (Oran) from packet before in-game UI was ready
2026-04-09 19:00:50.480 +06:00 [INF] Built VBO for map 411179b7-b772-42ef-bf66-03b7e4d7dca8 'test 5' in 3.1643ms
2026-04-09 19:00:50.482 +06:00 [INF] Built VBO for map 73ba8458-f8de-4f78-a254-c91b18418ed0 'test 3' in 1.7949ms
2026-04-09 19:00:50.488 +06:00 [INF] Built VBO for map 850ddb26-5568-4376-b8e0-346c04cb81ef 'forest' in 5.0155ms
2026-04-09 19:01:13.337 +06:00 [INF] Music volume set to 10 from InGame..SettingsWindow._innerPanel._tabs._innerPanel._audioSettingsTab._scrollPanel._musicSlider._slider
2026-04-09 19:01:13.337 +06:00 [INF] Sound volume set to 15 from InGame..SettingsWindow._innerPanel._tabs._innerPanel._audioSettingsTab._scrollPanel._soundEffectsSlider._slider
2026-04-09 19:01:30.294 +06:00 [INF] Built VBO for map 27c6a7b2-4e9f-4316-9a0f-e13ec8e16ba2 'New Map' in 5.7768ms
2026-04-09 19:01:33.782 +06:00 [INF] Built VBO for map 23630ac6-4461-460d-8a3b-9a0d4477096f 'test 8' in 4.6705ms
2026-04-09 19:04:02.393 +06:00 [INF] System window closing (due to user interaction most likely).
2026-04-09 19:04:02.397 +06:00 [INF] Disconnected [70ebc690-da9c-4a33-b30e-66c21cf8211d].
2026-04-09 19:04:02.397 +06:00 [INF] Updating active permission set to 'default'
2026-04-09 19:04:02.422 +06:00 [INF] Acquiring context lock... (0ms)
2026-04-09 19:04:02.422 +06:00 [INF] Acquired. (0ms)
2026-04-09 19:04:02.422 +06:00 [INF] Beginning context dispose. (0ms)
2026-04-09 19:04:02.423 +06:00 [INF] GC.SuppressFinalize (0ms)
2026-04-09 19:04:02.423 +06:00 [INF] InternalDispose() completed. (0ms)
2026-04-09 19:04:02.423 +06:00 [INF] Clearing instance... (1ms)
2026-04-09 19:04:02.423 +06:00 [INF] Releasing context lock... (1ms)
2026-04-09 19:04:02.423 +06:00 [INF] Released. (1ms)
