2026-05-30 20:09:50.830 +02:00 [INF] Starting Intersect Client v0.8.0.0-custom+32d39132dace1351f63375b261f241297dd35be8-dirty
2026-05-30 20:09:51.052 +02:00 [INF] Discovered service type: Intersect.Plugins.PluginService
2026-05-30 20:09:51.055 +02:00 [WRN] Directory was specified as a plugin directory but does not exist: 'resources\plugins'
2026-05-30 20:09:51.056 +02:00 [INF] Discovered 0 plugins:

2026-05-30 20:09:51.243 +02:00 [WRN] Settings.VolumeWeatherSounds is null.
2026-05-30 20:09:51.244 +02:00 [WRN] Missing strings, overwriting strings file:
	Settings.VolumeWeatherSounds (string)
2026-05-30 20:09:53.215 +02:00 [INF] Connecting to 127.0.0.1:5400...
2026-05-30 20:09:53.224 +02:00 [INF] Connected [7a743178-f56c-4038-b610-650eb5b02a65].
2026-05-30 20:09:53.230 +02:00 [INF] Connection approved [7a743178-f56c-4038-b610-650eb5b02a65].
2026-05-30 20:09:53.318 +02:00 [INF] Updated PermissionSet 'default'
2026-05-30 20:09:53.318 +02:00 [INF] Updated PermissionSet 'admin'
2026-05-30 20:09:58.763 +02:00 [INF] Updating active permission set to 'admin'
2026-05-30 20:09:59.257 +02:00 [WRN] 'Me' is null.
2026-05-30 20:10:00.261 +02:00 [INF] Built VBO for map a31f210c-f5fb-48bf-9db2-45fab2293a4c 'Forest' in 113.0241ms
2026-05-30 20:10:00.385 +02:00 [INF] Built VBO for map 27c6a7b2-4e9f-4316-9a0f-e13ec8e16ba2 'Forest' in 86.2173ms
2026-05-30 20:10:31.670 +02:00 [INF] Built VBO for map a31f210c-f5fb-48bf-9db2-45fab2293a4c 'Forest' in 52.1662ms
2026-05-30 20:10:31.692 +02:00 [WRN] Heat shimmer shader resource 'Intersect.Client.Resources.Shaders.heatshimmer.mgfxo' could not be loaded. Heat shimmer visuals will be skipped.
System.Exception: This MGFX effect was built for a different platform!
   at Microsoft.Xna.Framework.Graphics.Effect.ReadHeader(Byte[] effectCode, Int32 index)
   at Microsoft.Xna.Framework.Graphics.Effect..ctor(GraphicsDevice graphicsDevice, Byte[] effectCode, Int32 index, Int32 count)
   at Microsoft.Xna.Framework.Graphics.Effect..ctor(GraphicsDevice graphicsDevice, Byte[] effectCode)
   at Intersect.Client.MonoGame.Graphics.MonoRenderer.GetHeatShimmerShader() in F:\game code engine\Intersect_New\Intersect.Client.Core\MonoGame\Graphics\MonoRenderer.HeatShimmer.cs:line 189
2026-05-30 20:10:31.709 +02:00 [INF] Built VBO for map 27c6a7b2-4e9f-4316-9a0f-e13ec8e16ba2 'Forest' in 14.234ms
2026-05-30 20:10:55.120 +02:00 [INF] Built VBO for map a31f210c-f5fb-48bf-9db2-45fab2293a4c 'Forest' in 52.8611ms
2026-05-30 20:10:55.153 +02:00 [INF] Built VBO for map 27c6a7b2-4e9f-4316-9a0f-e13ec8e16ba2 'Forest' in 13.9105ms
2026-05-30 20:11:53.116 +02:00 [INF] Built VBO for map a31f210c-f5fb-48bf-9db2-45fab2293a4c 'Forest' in 56.5424ms
2026-05-30 20:11:53.148 +02:00 [INF] Built VBO for map 27c6a7b2-4e9f-4316-9a0f-e13ec8e16ba2 'Forest' in 13.5807ms
2026-05-30 20:12:11.497 +02:00 [INF] Built VBO for map a31f210c-f5fb-48bf-9db2-45fab2293a4c 'Forest' in 52.7532ms
2026-05-30 20:12:11.534 +02:00 [INF] Built VBO for map 27c6a7b2-4e9f-4316-9a0f-e13ec8e16ba2 'Forest' in 18.6945ms
2026-05-30 20:12:51.826 +02:00 [INF] Built VBO for map a31f210c-f5fb-48bf-9db2-45fab2293a4c 'Forest' in 52.569ms
2026-05-30 20:12:51.858 +02:00 [INF] Built VBO for map 27c6a7b2-4e9f-4316-9a0f-e13ec8e16ba2 'Forest' in 13.6377ms
2026-05-30 20:13:09.559 +02:00 [INF] Built VBO for map a31f210c-f5fb-48bf-9db2-45fab2293a4c 'Forest' in 53.9664ms
2026-05-30 20:13:09.590 +02:00 [INF] Built VBO for map 27c6a7b2-4e9f-4316-9a0f-e13ec8e16ba2 'Forest' in 13.1429ms
2026-05-30 20:14:08.055 +02:00 [INF] Built VBO for map 27c6a7b2-4e9f-4316-9a0f-e13ec8e16ba2 'Forest' in 14.0463ms
2026-05-30 20:14:23.989 +02:00 [INF] Built VBO for map a31f210c-f5fb-48bf-9db2-45fab2293a4c 'Forest' in 55.0221ms
2026-05-30 20:14:24.024 +02:00 [INF] Built VBO for map 27c6a7b2-4e9f-4316-9a0f-e13ec8e16ba2 'Forest' in 15.6988ms
2026-05-30 20:14:42.723 +02:00 [INF] Built VBO for map a31f210c-f5fb-48bf-9db2-45fab2293a4c 'Forest' in 55.8419ms
2026-05-30 20:14:42.757 +02:00 [INF] Built VBO for map 27c6a7b2-4e9f-4316-9a0f-e13ec8e16ba2 'Forest' in 14.9911ms
2026-05-30 20:14:51.062 +02:00 [INF] Built VBO for map a31f210c-f5fb-48bf-9db2-45fab2293a4c 'Forest' in 52.0737ms
2026-05-30 20:14:51.097 +02:00 [INF] Built VBO for map 27c6a7b2-4e9f-4316-9a0f-e13ec8e16ba2 'Forest' in 16.4643ms
2026-05-30 20:15:03.795 +02:00 [INF] Built VBO for map a31f210c-f5fb-48bf-9db2-45fab2293a4c 'Forest' in 52.304ms
2026-05-30 20:15:03.828 +02:00 [INF] Built VBO for map 27c6a7b2-4e9f-4316-9a0f-e13ec8e16ba2 'Forest' in 15.438ms
2026-05-30 20:15:14.424 +02:00 [INF] Built VBO for map a31f210c-f5fb-48bf-9db2-45fab2293a4c 'Forest' in 53.0313ms
2026-05-30 20:15:14.516 +02:00 [INF] Built VBO for map 27c6a7b2-4e9f-4316-9a0f-e13ec8e16ba2 'Forest' in 13.5763ms
2026-05-30 20:15:28.196 +02:00 [INF] Built VBO for map a31f210c-f5fb-48bf-9db2-45fab2293a4c 'Forest' in 54.1451ms
2026-05-30 20:15:28.229 +02:00 [INF] Built VBO for map 27c6a7b2-4e9f-4316-9a0f-e13ec8e16ba2 'Forest' in 14.754ms
2026-05-30 20:15:34.562 +02:00 [INF] Built VBO for map a31f210c-f5fb-48bf-9db2-45fab2293a4c 'Forest' in 49.2563ms
2026-05-30 20:15:34.594 +02:00 [INF] Built VBO for map 27c6a7b2-4e9f-4316-9a0f-e13ec8e16ba2 'Forest' in 14.252ms
2026-05-30 20:15:40.792 +02:00 [INF] Built VBO for map a31f210c-f5fb-48bf-9db2-45fab2293a4c 'Forest' in 51.2857ms
2026-05-30 20:15:40.828 +02:00 [INF] Built VBO for map 27c6a7b2-4e9f-4316-9a0f-e13ec8e16ba2 'Forest' in 15.38ms
2026-05-30 20:15:56.851 +02:00 [INF] Built VBO for map a31f210c-f5fb-48bf-9db2-45fab2293a4c 'Forest' in 58.9833ms
2026-05-30 20:15:56.882 +02:00 [INF] Built VBO for map 27c6a7b2-4e9f-4316-9a0f-e13ec8e16ba2 'Forest' in 13.2316ms
2026-05-30 20:16:05.057 +02:00 [INF] Built VBO for map a31f210c-f5fb-48bf-9db2-45fab2293a4c 'Forest' in 80.8759ms
2026-05-30 20:16:05.126 +02:00 [INF] Built VBO for map 27c6a7b2-4e9f-4316-9a0f-e13ec8e16ba2 'Forest' in 44.9553ms
2026-05-30 20:16:10.079 +02:00 [INF] Built VBO for map a31f210c-f5fb-48bf-9db2-45fab2293a4c 'Forest' in 57.4063ms
2026-05-30 20:16:10.125 +02:00 [INF] Built VBO for map 27c6a7b2-4e9f-4316-9a0f-e13ec8e16ba2 'Forest' in 24.4941ms
2026-05-30 20:16:15.867 +02:00 [INF] Built VBO for map a31f210c-f5fb-48bf-9db2-45fab2293a4c 'Forest' in 58.5181ms
2026-05-30 20:16:15.900 +02:00 [INF] Built VBO for map 27c6a7b2-4e9f-4316-9a0f-e13ec8e16ba2 'Forest' in 13.5336ms
2026-05-30 20:16:28.915 +02:00 [INF] Built VBO for map a31f210c-f5fb-48bf-9db2-45fab2293a4c 'Forest' in 56.7193ms
2026-05-30 20:16:28.947 +02:00 [INF] Built VBO for map 27c6a7b2-4e9f-4316-9a0f-e13ec8e16ba2 'Forest' in 13.1417ms
2026-05-30 20:16:31.673 +02:00 [INF] System window closing (due to user interaction most likely).
2026-05-30 20:16:31.676 +02:00 [INF] Disconnected [7a743178-f56c-4038-b610-650eb5b02a65].
2026-05-30 20:16:31.677 +02:00 [INF] Updating active permission set to 'default'
2026-05-30 20:16:31.711 +02:00 [INF] Acquiring context lock... (0ms)
2026-05-30 20:16:31.711 +02:00 [INF] Acquired. (0ms)
2026-05-30 20:16:31.712 +02:00 [INF] Beginning context dispose. (0ms)
2026-05-30 20:16:31.713 +02:00 [INF] GC.SuppressFinalize (0ms)
2026-05-30 20:16:31.713 +02:00 [INF] InternalDispose() completed. (0ms)
2026-05-30 20:16:31.713 +02:00 [INF] Clearing instance... (1ms)
2026-05-30 20:16:31.713 +02:00 [INF] Releasing context lock... (1ms)
2026-05-30 20:16:31.713 +02:00 [INF] Released. (1ms)
