2026-05-26 13:50:00.876 +02:00 [INF] Starting Intersect Client v0.8.0.0-custom+32d39132dace1351f63375b261f241297dd35be8-dirty
2026-05-26 13:50:01.100 +02:00 [INF] Discovered service type: Intersect.Plugins.PluginService
2026-05-26 13:50:01.104 +02:00 [WRN] Directory was specified as a plugin directory but does not exist: 'resources\plugins'
2026-05-26 13:50:01.105 +02:00 [INF] Discovered 0 plugins:

2026-05-26 13:50:03.864 +02:00 [INF] Connecting to 127.0.0.1:5400...
2026-05-26 13:50:03.888 +02:00 [INF] Connected [425a2318-5936-4ca3-9abf-38719f9ac107].
2026-05-26 13:50:03.902 +02:00 [INF] Connection approved [425a2318-5936-4ca3-9abf-38719f9ac107].
2026-05-26 13:50:04.037 +02:00 [INF] Updated PermissionSet 'default'
2026-05-26 13:50:08.632 +02:00 [INF] Updated PermissionSet 'admin'
2026-05-26 13:50:08.633 +02:00 [INF] Updating active permission set to 'admin'
2026-05-26 13:50:09.192 +02:00 [WRN] 'Me' is null.
2026-05-26 13:50:09.950 +02:00 [INF] Built VBO for map d5c08240-0436-454a-8993-362abf5bc477 'New Map' in 13.697ms
2026-05-26 13:50:09.982 +02:00 [INF] Window light shader 'Intersect.Client.Resources.Shaders.windowlight.mgfxo' loaded successfully with 9 parameters
2026-05-26 13:53:48.821 +02:00 [INF] System window closing (due to user interaction most likely).
2026-05-26 13:53:48.824 +02:00 [INF] Disconnected [425a2318-5936-4ca3-9abf-38719f9ac107].
2026-05-26 13:53:48.825 +02:00 [INF] Updating active permission set to 'default'
2026-05-26 13:53:48.867 +02:00 [INF] Acquiring context lock... (0ms)
2026-05-26 13:53:48.867 +02:00 [INF] Acquired. (0ms)
2026-05-26 13:53:48.868 +02:00 [INF] Beginning context dispose. (0ms)
2026-05-26 13:53:48.869 +02:00 [INF] GC.SuppressFinalize (0ms)
2026-05-26 13:53:48.869 +02:00 [INF] InternalDispose() completed. (0ms)
2026-05-26 13:53:48.869 +02:00 [INF] Clearing instance... (1ms)
2026-05-26 13:53:48.869 +02:00 [INF] Releasing context lock... (1ms)
2026-05-26 13:53:48.869 +02:00 [INF] Released. (1ms)
