2026-03-19 16:57:30.269 +01:00 [INF] Starting Intersect Client v0.8.0.0-custom+32d39132dace1351f63375b261f241297dd35be8-dirty
2026-03-19 16:57:30.507 +01:00 [INF] Discovered service type: Intersect.Plugins.PluginService
2026-03-19 16:57:30.515 +01:00 [WRN] Directory was specified as a plugin directory but does not exist: 'resources\plugins'
2026-03-19 16:57:30.515 +01:00 [INF] Discovered 0 plugins:

2026-03-19 16:57:32.589 +01:00 [INF] Connecting to 127.0.0.1:5400...
2026-03-19 16:57:32.611 +01:00 [INF] Connected [58bbb8c4-aba1-4863-8afb-2e66db5bad73].
2026-03-19 16:57:32.623 +01:00 [INF] Connection approved [58bbb8c4-aba1-4863-8afb-2e66db5bad73].
2026-03-19 16:57:32.706 +01:00 [INF] Updated PermissionSet 'default'
2026-03-19 16:57:33.867 +01:00 [INF] Updated PermissionSet 'admin'
2026-03-19 16:57:33.868 +01:00 [INF] Updating active permission set to 'admin'
2026-03-19 16:57:33.997 +01:00 [WRN] Unable to add '_buttonLogout' to the JSON of MainMenu.SelectCharacterWindow._innerPanel._buttonsPanel because a sibling shares the same name
2026-03-19 16:57:34.840 +01:00 [WRN] 'Me' is null.
2026-03-19 16:57:35.315 +01:00 [INF] Built VBO for map a9f5fb5f-a2e8-421b-9906-03dae4b6224a 'New Map' in 15.1972ms
2026-03-19 16:58:26.600 +01:00 [WRN] 'Me' is null.
2026-03-19 16:58:26.609 +01:00 [WRN] Tried to load entity "b3499391-9cc7-4108-98cb-9f946763628d" (Oran) from packet before in-game UI was ready
2026-03-19 16:58:26.729 +01:00 [INF] Built VBO for map a9f5fb5f-a2e8-421b-9906-03dae4b6224a 'New Map' in 1.1259ms
2026-03-19 16:58:29.801 +01:00 [INF] Music volume set to 10 from InGame..SettingsWindow._innerPanel._tabs._innerPanel._audioSettingsTab._scrollPanel._musicSlider._slider
2026-03-19 16:58:29.802 +01:00 [INF] Sound volume set to 15 from InGame..SettingsWindow._innerPanel._tabs._innerPanel._audioSettingsTab._scrollPanel._soundEffectsSlider._slider
2026-03-19 16:58:56.690 +01:00 [INF] Music volume set to 10 from InGame..SettingsWindow._innerPanel._tabs._innerPanel._audioSettingsTab._scrollPanel._musicSlider._slider
2026-03-19 16:58:56.691 +01:00 [INF] Sound volume set to 15 from InGame..SettingsWindow._innerPanel._tabs._innerPanel._audioSettingsTab._scrollPanel._soundEffectsSlider._slider
2026-03-19 17:00:09.267 +01:00 [INF] Music volume set to 10 from InGame..SettingsWindow._innerPanel._tabs._innerPanel._audioSettingsTab._scrollPanel._musicSlider._slider
2026-03-19 17:00:09.267 +01:00 [INF] Sound volume set to 15 from InGame..SettingsWindow._innerPanel._tabs._innerPanel._audioSettingsTab._scrollPanel._soundEffectsSlider._slider
2026-03-19 17:00:55.555 +01:00 [INF] System window closing (due to user interaction most likely).
2026-03-19 17:00:55.558 +01:00 [INF] Disconnected [58bbb8c4-aba1-4863-8afb-2e66db5bad73].
2026-03-19 17:00:55.558 +01:00 [INF] Updating active permission set to 'default'
2026-03-19 17:00:55.659 +01:00 [INF] Acquiring context lock... (0ms)
2026-03-19 17:00:55.659 +01:00 [INF] Acquired. (0ms)
2026-03-19 17:00:55.660 +01:00 [INF] Beginning context dispose. (0ms)
2026-03-19 17:00:55.660 +01:00 [INF] GC.SuppressFinalize (0ms)
2026-03-19 17:00:55.660 +01:00 [INF] InternalDispose() completed. (0ms)
2026-03-19 17:00:55.660 +01:00 [INF] Clearing instance... (1ms)
2026-03-19 17:00:55.660 +01:00 [INF] Releasing context lock... (1ms)
2026-03-19 17:00:55.660 +01:00 [INF] Released. (1ms)
