2026-05-21 13:51:07.922 +02:00 [INF] Starting Intersect Client v0.8.0.0-custom+32d39132dace1351f63375b261f241297dd35be8-dirty
2026-05-21 13:51:08.147 +02:00 [INF] Discovered service type: Intersect.Plugins.PluginService
2026-05-21 13:51:08.151 +02:00 [WRN] Directory was specified as a plugin directory but does not exist: 'resources\plugins'
2026-05-21 13:51:08.152 +02:00 [INF] Discovered 0 plugins:

2026-05-21 13:51:11.926 +02:00 [INF] Connecting to 127.0.0.1:5400...
2026-05-21 13:51:11.935 +02:00 [INF] Connected [61527d58-6b13-4103-9eb2-ae4df4c233ac].
2026-05-21 13:51:11.939 +02:00 [INF] Connection approved [61527d58-6b13-4103-9eb2-ae4df4c233ac].
2026-05-21 13:51:12.031 +02:00 [INF] Updated PermissionSet 'default'
2026-05-21 13:51:12.032 +02:00 [INF] Updated PermissionSet 'admin'
2026-05-21 13:51:24.439 +02:00 [INF] Updating active permission set to 'admin'
2026-05-21 13:51:25.046 +02:00 [WRN] 'Me' is null.
2026-05-21 13:51:25.819 +02:00 [INF] Built VBO for map 27c6a7b2-4e9f-4316-9a0f-e13ec8e16ba2 'Forest' in 71.9127ms
2026-05-21 13:51:48.279 +02:00 [INF] Built VBO for map e341d25d-5ff4-4cd6-bcd5-2f2cda710c86 'Forest' in 7.9943ms
2026-05-21 13:54:27.004 +02:00 [INF] Built VBO for map 27c6a7b2-4e9f-4316-9a0f-e13ec8e16ba2 'Forest' in 44.3359ms
2026-05-21 13:59:07.574 +02:00 [INF] Built VBO for map e341d25d-5ff4-4cd6-bcd5-2f2cda710c86 'Forest' in 3.1773ms
2026-05-21 13:59:18.149 +02:00 [INF] System window closing (due to user interaction most likely).
2026-05-21 13:59:18.152 +02:00 [INF] Disconnected [61527d58-6b13-4103-9eb2-ae4df4c233ac].
2026-05-21 13:59:18.153 +02:00 [INF] Updating active permission set to 'default'
2026-05-21 13:59:18.187 +02:00 [INF] Acquiring context lock... (0ms)
2026-05-21 13:59:18.187 +02:00 [INF] Acquired. (0ms)
2026-05-21 13:59:18.187 +02:00 [INF] Beginning context dispose. (0ms)
2026-05-21 13:59:18.188 +02:00 [INF] GC.SuppressFinalize (0ms)
2026-05-21 13:59:18.188 +02:00 [INF] InternalDispose() completed. (0ms)
2026-05-21 13:59:18.188 +02:00 [INF] Clearing instance... (1ms)
2026-05-21 13:59:18.188 +02:00 [INF] Releasing context lock... (1ms)
2026-05-21 13:59:18.188 +02:00 [INF] Released. (1ms)
