2026-06-19 17:45:59.130 +02:00 [INF] Starting Intersect Client v0.8.0.0-custom+32d39132dace1351f63375b261f241297dd35be8-dirty
2026-06-19 17:45:59.372 +02:00 [INF] Discovered service type: Intersect.Plugins.PluginService
2026-06-19 17:45:59.377 +02:00 [WRN] Directory was specified as a plugin directory but does not exist: 'resources\plugins'
2026-06-19 17:45:59.378 +02:00 [INF] Discovered 0 plugins:

2026-06-19 17:46:01.969 +02:00 [INF] Connecting to 127.0.0.1:5400...
2026-06-19 17:46:01.992 +02:00 [INF] Connected [2a6620a6-91e4-404a-9534-3cf198483d7f].
2026-06-19 17:46:02.025 +02:00 [INF] Connection approved [2a6620a6-91e4-404a-9534-3cf198483d7f].
2026-06-19 17:46:02.109 +02:00 [INF] Updated PermissionSet 'default'
2026-06-19 17:46:05.657 +02:00 [INF] Updated PermissionSet 'admin'
2026-06-19 17:46:05.658 +02:00 [INF] Updating active permission set to 'admin'
2026-06-19 17:46:06.301 +02:00 [WRN] 'Me' is null.
2026-06-19 17:46:07.310 +02:00 [INF] Built VBO for map 9802b09c-f592-4d93-8e11-d3424500716c 'Forest' in 40.9941ms
2026-06-19 17:46:07.315 +02:00 [INF] Built VBO for map 15601ad4-9f26-4abe-a6c9-3a7eebaa3045 'Forest' in 4.1048ms
2026-06-19 17:46:07.326 +02:00 [INF] Built VBO for map a31f210c-f5fb-48bf-9db2-45fab2293a4c 'Forest' in 3.3816ms
2026-06-19 17:46:07.327 +02:00 [INF] Built VBO for map 27c6a7b2-4e9f-4316-9a0f-e13ec8e16ba2 'Forest' in 0.9357ms
2026-06-19 17:46:07.330 +02:00 [INF] Built VBO for map e341d25d-5ff4-4cd6-bcd5-2f2cda710c86 'town' in 1.2898ms
2026-06-19 17:46:07.570 +02:00 [ERR] Exception thrown while trying to load 'resources/tilesets/water_shore_marker.png'
System.IO.FileNotFoundException: Could not find file 'F:\game code engine\Intersect_New\Intersect.Client\resources\tilesets\water_shore_marker.png'.
File name: 'F:\game code engine\Intersect_New\Intersect.Client\resources\tilesets\water_shore_marker.png'
   at Microsoft.Win32.SafeHandles.SafeFileHandle.CreateFile(String fullPath, FileMode mode, FileAccess access, FileShare share, FileOptions options)
   at Microsoft.Win32.SafeHandles.SafeFileHandle.Open(String fullPath, FileMode mode, FileAccess access, FileShare share, FileOptions options, Int64 preallocationSize, Nullable`1 unixCreateMode)
   at System.IO.Strategies.OSFileStreamStrategy..ctor(String path, FileMode mode, FileAccess access, FileShare share, FileOptions options, Int64 preallocationSize, Nullable`1 unixCreateMode)
   at System.IO.Strategies.FileStreamHelpers.ChooseStrategyCore(String path, FileMode mode, FileAccess access, FileShare share, FileOptions options, Int64 preallocationSize, Nullable`1 unixCreateMode)
   at System.IO.File.OpenRead(String path)
   at Intersect.Client.Framework.Graphics.GameRenderer.<>c__DisplayClass181_0.<LoadTexture>b__0() in F:\game code engine\Intersect_New\Intersect.Client.Framework\Graphics\GameRenderer.cs:line 1011
   at Intersect.Client.Framework.Graphics.GameTexture`2.LoadPlatformTexture(Boolean force) in F:\game code engine\Intersect_New\Intersect.Client.Framework\Graphics\GameTexture.cs:line 279
2026-06-19 17:46:07.691 +02:00 [INF] Built VBO for map 15601ad4-9f26-4abe-a6c9-3a7eebaa3045 'Forest' in 1.8216ms
2026-06-19 17:46:07.738 +02:00 [INF] Built VBO for map 27c6a7b2-4e9f-4316-9a0f-e13ec8e16ba2 'Forest' in 47.0911ms
2026-06-19 17:46:23.518 +02:00 [INF] Built VBO for map e341d25d-5ff4-4cd6-bcd5-2f2cda710c86 'town' in 1.4249ms
2026-06-19 17:46:27.205 +02:00 [INF] Built VBO for map e341d25d-5ff4-4cd6-bcd5-2f2cda710c86 'town' in 2.6489ms
2026-06-19 17:46:28.317 +02:00 [INF] Built VBO for map 27c6a7b2-4e9f-4316-9a0f-e13ec8e16ba2 'Forest' in 6.3824ms
2026-06-19 17:46:43.539 +02:00 [INF] Built VBO for map e341d25d-5ff4-4cd6-bcd5-2f2cda710c86 'town' in 3.7271ms
2026-06-19 17:46:48.332 +02:00 [INF] Built VBO for map e341d25d-5ff4-4cd6-bcd5-2f2cda710c86 'town' in 3.8819ms
2026-06-19 17:47:26.991 +02:00 [INF] Music volume set to 20 from InGame..SettingsWindow._innerPanel._tabs._innerPanel._audioSettingsTab._scrollPanel._musicSlider._slider
2026-06-19 17:47:26.992 +02:00 [INF] Sound volume set to 20 from InGame..SettingsWindow._innerPanel._tabs._innerPanel._audioSettingsTab._scrollPanel._soundEffectsSlider._slider
2026-06-19 17:47:26.992 +02:00 [INF] Weather sounds volume set to 80 from InGame..SettingsWindow._innerPanel._tabs._innerPanel._audioSettingsTab._scrollPanel._weatherSoundsSlider._slider
2026-06-19 17:47:32.451 +02:00 [FTL] Game is crashing due to an exception
System.IndexOutOfRangeException: Index was outside the bounds of the array.
   at Intersect.Client.Interface.Game.Character.CharacterWindow.Update() in F:\game code engine\Intersect_New\Intersect.Client.Core\Interface\Game\Character\CharacterWindow.cs:line 266
   at Intersect.Client.Interface.Game.MenuContainer.Update(Boolean updateQuestLog) in F:\game code engine\Intersect_New\Intersect.Client.Core\Interface\Game\MenuContainer.cs:line 252
   at Intersect.Client.Interface.Game.GameInterface.Update(TimeSpan elapsed, TimeSpan total) in F:\game code engine\Intersect_New\Intersect.Client.Core\Interface\Game\GameInterface.cs:line 393
   at Intersect.Client.Interface.Interface.DrawGui(TimeSpan elapsed, TimeSpan total) in F:\game code engine\Intersect_New\Intersect.Client.Core\Interface\Interface.cs:line 342
   at Intersect.Client.Core.Graphics.Render(TimeSpan deltaTime, TimeSpan totalTime) in F:\game code engine\Intersect_New\Intersect.Client.Core\Core\Graphics.cs:line 986
   at Intersect.Client.MonoGame.IntersectGame.Draw(GameTime gameTime) in F:\game code engine\Intersect_New\Intersect.Client.Core\MonoGame\IntersectGame.cs:line 332
   at Microsoft.Xna.Framework.Game.Tick()
   at Microsoft.Xna.Framework.SdlGamePlatform.RunLoop()
   at Microsoft.Xna.Framework.Game.Run(GameRunBehavior runBehavior)
   at Microsoft.Xna.Framework.Game.Run()
   at Intersect.Client.MonoGame.IntersectGame.MonoGameRunner.Start(IClientContext context, Action postStartupAction) in F:\game code engine\Intersect_New\Intersect.Client.Core\MonoGame\IntersectGame.cs:line 627
2026-06-19 17:47:32.540 +02:00 [INF] Acquiring context lock... (0ms)
2026-06-19 17:47:32.541 +02:00 [INF] Acquired. (0ms)
2026-06-19 17:47:32.541 +02:00 [INF] Beginning context dispose. (0ms)
2026-06-19 17:47:32.542 +02:00 [INF] GC.SuppressFinalize (0ms)
2026-06-19 17:47:32.542 +02:00 [INF] InternalDispose() completed. (0ms)
2026-06-19 17:47:32.542 +02:00 [INF] Clearing instance... (1ms)
2026-06-19 17:47:32.542 +02:00 [INF] Releasing context lock... (1ms)
2026-06-19 17:47:32.542 +02:00 [INF] Released. (1ms)
2026-06-19 17:47:32.542 +02:00 [ERR] Failed to start application context
System.IndexOutOfRangeException: Index was outside the bounds of the array.
   at Intersect.Client.Interface.Game.Character.CharacterWindow.Update() in F:\game code engine\Intersect_New\Intersect.Client.Core\Interface\Game\Character\CharacterWindow.cs:line 266
   at Intersect.Client.Interface.Game.MenuContainer.Update(Boolean updateQuestLog) in F:\game code engine\Intersect_New\Intersect.Client.Core\Interface\Game\MenuContainer.cs:line 252
   at Intersect.Client.Interface.Game.GameInterface.Update(TimeSpan elapsed, TimeSpan total) in F:\game code engine\Intersect_New\Intersect.Client.Core\Interface\Game\GameInterface.cs:line 393
   at Intersect.Client.Interface.Interface.DrawGui(TimeSpan elapsed, TimeSpan total) in F:\game code engine\Intersect_New\Intersect.Client.Core\Interface\Interface.cs:line 342
   at Intersect.Client.Core.Graphics.Render(TimeSpan deltaTime, TimeSpan totalTime) in F:\game code engine\Intersect_New\Intersect.Client.Core\Core\Graphics.cs:line 986
   at Intersect.Client.MonoGame.IntersectGame.Draw(GameTime gameTime) in F:\game code engine\Intersect_New\Intersect.Client.Core\MonoGame\IntersectGame.cs:line 332
   at Microsoft.Xna.Framework.Game.Tick()
   at Microsoft.Xna.Framework.SdlGamePlatform.RunLoop()
   at Microsoft.Xna.Framework.Game.Run(GameRunBehavior runBehavior)
   at Microsoft.Xna.Framework.Game.Run()
   at Intersect.Client.MonoGame.IntersectGame.MonoGameRunner.Start(IClientContext context, Action postStartupAction) in F:\game code engine\Intersect_New\Intersect.Client.Core\MonoGame\IntersectGame.cs:line 627
   at Intersect.Client.Core.ClientContext.InternalStart() in F:\game code engine\Intersect_New\Intersect.Client.Core\Core\ClientContext.cs:line 97
   at Intersect.Core.ApplicationContext`2.Start(Boolean lockUntilShutdown) in F:\game code engine\Intersect_New\Intersect (Core)\Core\ApplicationContext`2.cs:line 245
