2026-05-17 06:27:53.384 +02:00 [INF] Starting Intersect Client v0.8.0.0-custom+32d39132dace1351f63375b261f241297dd35be8-dirty
2026-05-17 06:27:53.578 +02:00 [INF] Discovered service type: Intersect.Plugins.PluginService
2026-05-17 06:27:53.582 +02:00 [WRN] Directory was specified as a plugin directory but does not exist: 'resources\plugins'
2026-05-17 06:27:53.583 +02:00 [INF] Discovered 0 plugins:

2026-05-17 06:28:00.007 +02:00 [INF] Connecting to 95.156.227.207:5400...
2026-05-17 06:28:00.067 +02:00 [INF] Connected [f0987696-1bce-403a-b9e9-c7238ae30c32].
2026-05-17 06:28:00.087 +02:00 [INF] Connection approved [f0987696-1bce-403a-b9e9-c7238ae30c32].
2026-05-17 06:28:00.227 +02:00 [INF] Updated PermissionSet 'default'
2026-05-17 06:28:00.227 +02:00 [INF] Updated PermissionSet 'admin'
2026-05-17 06:28:04.791 +02:00 [INF] Updating active permission set to 'admin'
2026-05-17 06:28:05.548 +02:00 [WRN] 'Me' is null.
2026-05-17 06:28:05.713 +02:00 [WRN] Tried to load entity "f748a57f-2b1b-4791-910e-91ddb85352c2" (Oran) from packet before in-game UI was ready
2026-05-17 06:28:05.745 +02:00 [WRN] Tried to load entity "f748a57f-2b1b-4791-910e-91ddb85352c2" (Oran) from packet before in-game UI was ready
2026-05-17 06:28:06.183 +02:00 [INF] Built VBO for map e341d25d-5ff4-4cd6-bcd5-2f2cda710c86 'Forest' in 11.4601ms
2026-05-17 06:28:07.588 +02:00 [INF] Built VBO for map 27c6a7b2-4e9f-4316-9a0f-e13ec8e16ba2 'Forest' in 60.1004ms
2026-05-17 06:28:09.450 +02:00 [INF] Built VBO for map 27c6a7b2-4e9f-4316-9a0f-e13ec8e16ba2 'Forest' in 6.1919ms
2026-05-17 06:28:22.270 +02:00 [INF] Built VBO for map a31f210c-f5fb-48bf-9db2-45fab2293a4c 'Forest' in 10.4955ms
2026-05-17 06:29:15.235 +02:00 [INF] Built VBO for map 27c6a7b2-4e9f-4316-9a0f-e13ec8e16ba2 'Forest' in 4.5886ms
2026-05-17 06:29:24.949 +02:00 [INF] Built VBO for map a31f210c-f5fb-48bf-9db2-45fab2293a4c 'Forest' in 9.6679ms
2026-05-17 06:29:46.270 +02:00 [INF] Built VBO for map 27c6a7b2-4e9f-4316-9a0f-e13ec8e16ba2 'Forest' in 5.3919ms
2026-05-17 06:30:03.186 +02:00 [INF] Built VBO for map e341d25d-5ff4-4cd6-bcd5-2f2cda710c86 'Forest' in 2.6493ms
2026-05-17 06:32:03.282 +02:00 [INF] Built VBO for map 27c6a7b2-4e9f-4316-9a0f-e13ec8e16ba2 'Forest' in 4.871ms
2026-05-17 06:33:03.001 +02:00 [INF] Built VBO for map a31f210c-f5fb-48bf-9db2-45fab2293a4c 'Forest' in 9.9334ms
2026-05-17 06:33:15.432 +02:00 [INF] Built VBO for map 27c6a7b2-4e9f-4316-9a0f-e13ec8e16ba2 'Forest' in 4.3773ms
2026-05-17 06:33:22.661 +02:00 [INF] Built VBO for map e341d25d-5ff4-4cd6-bcd5-2f2cda710c86 'Forest' in 2.8745ms
2026-05-17 06:46:12.247 +02:00 [INF] System window closing (due to user interaction most likely).
2026-05-17 06:46:12.250 +02:00 [INF] Disconnected [f0987696-1bce-403a-b9e9-c7238ae30c32].
2026-05-17 06:46:12.250 +02:00 [INF] Updating active permission set to 'default'
2026-05-17 06:46:12.275 +02:00 [INF] Acquiring context lock... (0ms)
2026-05-17 06:46:12.275 +02:00 [INF] Acquired. (0ms)
2026-05-17 06:46:12.275 +02:00 [INF] Beginning context dispose. (0ms)
2026-05-17 06:46:12.276 +02:00 [INF] GC.SuppressFinalize (0ms)
2026-05-17 06:46:12.276 +02:00 [INF] InternalDispose() completed. (0ms)
2026-05-17 06:46:12.276 +02:00 [INF] Clearing instance... (1ms)
2026-05-17 06:46:12.276 +02:00 [INF] Releasing context lock... (1ms)
2026-05-17 06:46:12.276 +02:00 [INF] Released. (1ms)
