2026-08-09 18:06:32.155 +02:00 [INF] Starting Intersect Client v0.8.0.0-custom+32d39132dace1351f63375b261f241297dd35be8-dirty
2026-08-09 18:06:32.377 +02:00 [INF] Discovered service type: Intersect.Plugins.PluginService
2026-08-09 18:06:32.380 +02:00 [WRN] Directory was specified as a plugin directory but does not exist: 'resources\plugins'
2026-08-09 18:06:32.381 +02:00 [INF] Discovered 0 plugins:

2026-08-09 18:06:32.840 +02:00 [INF] Graphics pacing configured: targetMode=-1, vsync=false, fixedStep=false, backBuffer=1760x990
2026-08-09 18:06:34.432 +02:00 [INF] Connecting to 127.0.0.1:5400...
2026-08-09 18:06:34.455 +02:00 [INF] Connected [3614a80c-4b5c-4c3d-9d58-db3132f502ce].
2026-08-09 18:06:34.482 +02:00 [INF] Connection approved [3614a80c-4b5c-4c3d-9d58-db3132f502ce].
2026-08-09 18:06:34.585 +02:00 [INF] Updated PermissionSet 'default'
2026-08-09 18:06:38.318 +02:00 [INF] Updated PermissionSet 'admin'
2026-08-09 18:06:38.318 +02:00 [INF] Updating active permission set to 'admin'
2026-08-09 18:06:40.891 +02:00 [WRN] 'Me' is null.
2026-08-09 18:06:42.134 +02:00 [INF] Built VBO for map 9802b09c-f592-4d93-8e11-d3424500716c 'Deep Forest' in 49.0742ms
2026-08-09 18:06:42.150 +02:00 [INF] Built VBO for map 15601ad4-9f26-4abe-a6c9-3a7eebaa3045 'Forest' in 12.2023ms
2026-08-09 18:06:42.173 +02:00 [INF] Built VBO for map d490222a-af25-4a7f-bec3-7ca8016e08d7 'New Map' in 17.3215ms
2026-08-09 18:06:42.307 +02:00 [INF] Built VBO for map a31f210c-f5fb-48bf-9db2-45fab2293a4c 'Forest' in 130.5188ms
2026-08-09 18:06:42.367 +02:00 [INF] Built VBO for map 27c6a7b2-4e9f-4316-9a0f-e13ec8e16ba2 'Forest' in 56.9872ms
2026-08-09 18:06:42.395 +02:00 [INF] Built VBO for map e341d25d-5ff4-4cd6-bcd5-2f2cda710c86 'Greenfall Vale' in 25.2834ms
2026-08-09 18:06:47.714 +02:00 [INF] Client frame profile: measured=68.4fps counter=122 targetMode=-1; interval=14.62/973.18ms avg/max; update=0.32/31.98ms (1.00 calls/frame); draw=14.96/939.80ms; world=12.30/908.51ms [scene=11.87/896.83, scene-detail=[tiles=0.97ms/41.9draws (geometry=0.55ms/41.9draws, water=0.41ms/0.0draws), objects=8.68ms/79.8draws, procedural=0.00ms/0.0draws, entities=0.99ms/0.1draws, effects=0.53ms/1.9draws, weather=0.51ms/0.0draws, other=0.18ms], lighting=0.06/9.58, post=0.13/30.16, overlays=0.14/11.36, other=0.11]; gui=2.61/86.59ms [update=2.43/65.39 (minimap=1.98/43.82 [compact=1.98, fullmap=0.00/0.00], other=0.45), render=0.18/21.20, other=0.00]; finish=0.03/0.90ms; outside-update-draw=0.00ms; draws=142, maps=4, entities=23, lights=5
2026-08-09 18:06:52.719 +02:00 [INF] Client frame profile: measured=101.1fps counter=113 targetMode=-1; interval=9.89/40.81ms avg/max; update=0.18/12.64ms (1.00 calls/frame); draw=9.53/40.54ms; world=7.37/28.76ms [scene=7.13/26.07, scene-detail=[tiles=0.83ms/42.0draws (geometry=0.51ms/42.0draws, water=0.31ms/0.0draws), objects=5.37ms/80.0draws, procedural=0.00ms/0.0draws, entities=0.39ms/0.0draws, effects=0.10ms/2.0draws, weather=0.35ms/0.0draws, other=0.10ms], lighting=0.02/0.05, post=0.03/0.10, overlays=0.08/4.73, other=0.10]; gui=2.09/28.71ms [update=1.68/12.92 (minimap=1.07/11.96 [compact=1.07, fullmap=0.00/0.00], other=0.61), render=0.41/28.15, other=0.00]; finish=0.06/3.68ms; outside-update-draw=0.19ms; draws=142, maps=4, entities=23, lights=5
2026-08-09 18:06:57.724 +02:00 [INF] Client frame profile: measured=108.7fps counter=104 targetMode=-1; interval=9.20/44.17ms avg/max; update=0.11/5.01ms (1.00 calls/frame); draw=9.02/41.57ms; world=7.23/29.98ms [scene=7.02/29.39, scene-detail=[tiles=0.75ms/40.7draws (geometry=0.46ms/40.7draws, water=0.28ms/0.0draws), objects=5.31ms/78.6draws, procedural=0.00ms/0.0draws, entities=0.35ms/0.5draws, effects=0.14ms/2.0draws, weather=0.35ms/0.0draws, other=0.11ms], lighting=0.02/0.09, post=0.03/0.05, overlays=0.06/0.34, other=0.10]; gui=1.77/12.60ms [update=1.58/12.19 (minimap=1.10/11.50 [compact=1.10, fullmap=0.00/0.00], other=0.48), render=0.19/2.92, other=0.00]; finish=0.02/0.06ms; outside-update-draw=0.08ms; draws=173, maps=4, entities=23, lights=5
2026-08-09 18:07:02.726 +02:00 [INF] Client frame profile: measured=109.6fps counter=114 targetMode=-1; interval=9.13/21.49ms avg/max; update=0.08/4.61ms (1.00 calls/frame); draw=8.97/21.40ms; world=7.29/15.17ms [scene=7.07/14.92, scene-detail=[tiles=0.70ms/42.0draws (geometry=0.43ms/42.0draws, water=0.27ms/0.0draws), objects=5.42ms/80.0draws, procedural=0.00ms/0.0draws, entities=0.40ms/4.0draws, effects=0.09ms/2.0draws, weather=0.34ms/0.0draws, other=0.12ms], lighting=0.02/0.05, post=0.03/0.04, overlays=0.07/0.10, other=0.10]; gui=1.66/14.16ms [update=1.30/13.74 (minimap=0.87/12.96 [compact=0.87, fullmap=0.00/0.00], other=0.43), render=0.35/0.64, other=0.00]; finish=0.02/0.04ms; outside-update-draw=0.08ms; draws=169, maps=4, entities=23, lights=5
2026-08-09 18:07:07.729 +02:00 [INF] Client frame profile: measured=107.1fps counter=111 targetMode=-1; interval=9.33/20.98ms avg/max; update=0.07/0.19ms (1.00 calls/frame); draw=9.15/20.85ms; world=7.36/17.57ms [scene=7.15/17.30, scene-detail=[tiles=0.71ms/42.0draws (geometry=0.43ms/42.0draws, water=0.27ms/0.0draws), objects=5.42ms/80.0draws, procedural=0.00ms/0.0draws, entities=0.46ms/4.8draws, effects=0.09ms/2.0draws, weather=0.35ms/0.0draws, other=0.12ms], lighting=0.02/0.08, post=0.03/0.08, overlays=0.06/0.36, other=0.10]; gui=1.76/12.41ms [update=1.41/12.00 (minimap=0.97/11.41 [compact=0.97, fullmap=0.00/0.00], other=0.43), render=0.36/0.46, other=0.00]; finish=0.02/0.03ms; outside-update-draw=0.11ms; draws=171, maps=4, entities=23, lights=5
2026-08-09 18:07:12.732 +02:00 [INF] Client frame profile: measured=106.9fps counter=109 targetMode=-1; interval=9.35/37.81ms avg/max; update=0.09/4.97ms (1.00 calls/frame); draw=9.18/37.46ms; world=7.34/26.71ms [scene=7.12/21.37, scene-detail=[tiles=0.73ms/39.3draws (geometry=0.42ms/39.3draws, water=0.31ms/0.0draws), objects=5.35ms/77.1draws, procedural=0.00ms/0.0draws, entities=0.49ms/7.6draws, effects=0.08ms/2.6draws, weather=0.35ms/0.0draws, other=0.12ms], lighting=0.02/0.05, post=0.03/0.05, overlays=0.07/5.12, other=0.10]; gui=1.79/14.08ms [update=1.55/13.55 (minimap=1.07/11.47 [compact=1.07, fullmap=0.00/0.00], other=0.48), render=0.24/0.65, other=0.00]; finish=0.04/3.07ms; outside-update-draw=0.08ms; draws=115, maps=2, entities=22, lights=5
2026-08-09 18:07:17.569 +02:00 [INF] System window closing (due to user interaction most likely).
2026-08-09 18:07:17.572 +02:00 [INF] Disconnected [3614a80c-4b5c-4c3d-9d58-db3132f502ce].
2026-08-09 18:07:17.573 +02:00 [INF] Updating active permission set to 'default'
2026-08-09 18:07:17.606 +02:00 [INF] Acquiring context lock... (0ms)
2026-08-09 18:07:17.606 +02:00 [INF] Acquired. (0ms)
2026-08-09 18:07:17.607 +02:00 [INF] Beginning context dispose. (0ms)
2026-08-09 18:07:17.607 +02:00 [INF] GC.SuppressFinalize (0ms)
2026-08-09 18:07:17.607 +02:00 [INF] InternalDispose() completed. (0ms)
2026-08-09 18:07:17.607 +02:00 [INF] Clearing instance... (1ms)
2026-08-09 18:07:17.608 +02:00 [INF] Releasing context lock... (1ms)
2026-08-09 18:07:17.608 +02:00 [INF] Released. (1ms)
