2026-05-12 18:43:57.613 +02:00 [INF] Starting Intersect Client v0.8.0.0-custom+32d39132dace1351f63375b261f241297dd35be8-dirty
2026-05-12 18:43:57.849 +02:00 [INF] Discovered service type: Intersect.Plugins.PluginService
2026-05-12 18:43:57.852 +02:00 [WRN] Directory was specified as a plugin directory but does not exist: 'resources\plugins'
2026-05-12 18:43:57.853 +02:00 [INF] Discovered 0 plugins:

2026-05-12 18:44:02.149 +02:00 [INF] Connecting to 127.0.0.1:5400...
2026-05-12 18:44:02.173 +02:00 [INF] Connected [b95a3c88-92b2-4e08-827f-e0be4d86c0f2].
2026-05-12 18:44:02.196 +02:00 [INF] Connection approved [b95a3c88-92b2-4e08-827f-e0be4d86c0f2].
2026-05-12 18:44:02.290 +02:00 [INF] Updated PermissionSet 'default'
2026-05-12 18:44:08.082 +02:00 [INF] Updated PermissionSet 'admin'
2026-05-12 18:44:08.083 +02:00 [INF] Updating active permission set to 'admin'
2026-05-12 18:44:09.575 +02:00 [WRN] 'Me' is null.
2026-05-12 18:44:10.224 +02:00 [INF] Built VBO for map 27c6a7b2-4e9f-4316-9a0f-e13ec8e16ba2 'Forest' in 18.1252ms
2026-05-12 18:46:05.870 +02:00 [INF] Built VBO for map 24cc8989-0a45-4ecb-bf58-41efcefcaeb8 'Test' in 6.7541ms
2026-05-12 18:46:06.861 +02:00 [INF] Ignoring warp to map 'Test' ("24cc8989-0a45-4ecb-bf58-41efcefcaeb8") because the player is already on the map
2026-05-12 18:46:08.213 +02:00 [INF] Built VBO for map dda1812e-ed2e-4e41-9f7d-2bc91cb8ff34 'New Map' in 0.0806ms
2026-05-12 18:46:57.959 +02:00 [INF] Ignoring warp to map 'Test' ("24cc8989-0a45-4ecb-bf58-41efcefcaeb8") because the player is already on the map
2026-05-12 18:47:00.507 +02:00 [INF] Built VBO for map a31f210c-f5fb-48bf-9db2-45fab2293a4c 'Forest' in 3.614ms
2026-05-12 18:47:01.117 +02:00 [INF] Built VBO for map 27c6a7b2-4e9f-4316-9a0f-e13ec8e16ba2 'Forest' in 2.369ms
2026-05-12 18:48:39.662 +02:00 [INF] System window closing (due to user interaction most likely).
2026-05-12 18:48:39.665 +02:00 [INF] Disconnected [b95a3c88-92b2-4e08-827f-e0be4d86c0f2].
2026-05-12 18:48:39.666 +02:00 [INF] Updating active permission set to 'default'
2026-05-12 18:48:39.716 +02:00 [INF] Acquiring context lock... (0ms)
2026-05-12 18:48:39.717 +02:00 [INF] Acquired. (0ms)
2026-05-12 18:48:39.717 +02:00 [INF] Beginning context dispose. (0ms)
2026-05-12 18:48:39.718 +02:00 [INF] GC.SuppressFinalize (0ms)
2026-05-12 18:48:39.718 +02:00 [INF] InternalDispose() completed. (0ms)
2026-05-12 18:48:39.718 +02:00 [INF] Clearing instance... (1ms)
2026-05-12 18:48:39.718 +02:00 [INF] Releasing context lock... (1ms)
2026-05-12 18:48:39.718 +02:00 [INF] Released. (1ms)
