2026-04-17 05:39:02.721 +06:00 [INF] Starting Intersect Client v0.8.0.0-custom+32d39132dace1351f63375b261f241297dd35be8-dirty
2026-04-17 05:39:02.916 +06:00 [INF] Discovered service type: Intersect.Plugins.PluginService
2026-04-17 05:39:02.920 +06:00 [WRN] Directory was specified as a plugin directory but does not exist: 'resources\plugins'
2026-04-17 05:39:02.920 +06:00 [INF] Discovered 0 plugins:

2026-04-17 05:39:05.005 +06:00 [INF] Connecting to 127.0.0.1:5400...
2026-04-17 05:39:05.013 +06:00 [INF] Connected [ef40d149-f46f-4cc3-88fd-30efeb65c7a7].
2026-04-17 05:39:05.030 +06:00 [INF] Connection approved [ef40d149-f46f-4cc3-88fd-30efeb65c7a7].
2026-04-17 05:39:05.111 +06:00 [INF] Updated PermissionSet 'default'
2026-04-17 05:39:05.111 +06:00 [INF] Updated PermissionSet 'admin'
2026-04-17 05:39:08.164 +06:00 [WRN] Unable to add '_buttonLogout' to the JSON of MainMenu.SelectCharacterWindow._innerPanel._buttonsPanel because a sibling shares the same name
2026-04-17 05:39:09.245 +06:00 [WRN] 'Me' is null.
2026-04-17 05:39:09.864 +06:00 [INF] Built VBO for map 23630ac6-4461-460d-8a3b-9a0d4477096f 'test 8' in 17.086ms
2026-04-17 05:39:09.887 +06:00 [ERR] Exception thrown while trying to load 'resources/tilesets/pixellab-pixel-art-asset-sheet-featurin-1775656194302.png'
System.IO.FileNotFoundException: Could not find file 'F:\game code engine\Intersect_New\Intersect.Client\resources\tilesets\pixellab-pixel-art-asset-sheet-featurin-1775656194302.png'.
File name: 'F:\game code engine\Intersect_New\Intersect.Client\resources\tilesets\pixellab-pixel-art-asset-sheet-featurin-1775656194302.png'
   at Microsoft.Win32.SafeHandles.SafeFileHandle.CreateFile(String fullPath, FileMode mode, FileAccess access, FileShare share, FileOptions options)
   at Microsoft.Win32.SafeHandles.SafeFileHandle.Open(String fullPath, FileMode mode, FileAccess access, FileShare share, FileOptions options, Int64 preallocationSize, Nullable`1 unixCreateMode)
   at System.IO.Strategies.OSFileStreamStrategy..ctor(String path, FileMode mode, FileAccess access, FileShare share, FileOptions options, Int64 preallocationSize, Nullable`1 unixCreateMode)
   at System.IO.Strategies.FileStreamHelpers.ChooseStrategyCore(String path, FileMode mode, FileAccess access, FileShare share, FileOptions options, Int64 preallocationSize, Nullable`1 unixCreateMode)
   at System.IO.File.OpenRead(String path)
   at Intersect.Client.Framework.Graphics.GameRenderer.<>c__DisplayClass145_0.<LoadTexture>b__0() in F:\game code engine\Intersect_New\Intersect.Client.Framework\Graphics\GameRenderer.cs:line 648
   at Intersect.Client.Framework.Graphics.GameTexture`2.LoadPlatformTexture(Boolean force) in F:\game code engine\Intersect_New\Intersect.Client.Framework\Graphics\GameTexture.cs:line 279
2026-04-17 05:39:09.910 +06:00 [INF] Built VBO for map 73ba8458-f8de-4f78-a254-c91b18418ed0 'forest' in 41.4638ms
2026-04-17 05:39:09.915 +06:00 [INF] Built VBO for map 27c6a7b2-4e9f-4316-9a0f-e13ec8e16ba2 'New Map' in 4.361ms
2026-04-17 05:40:53.073 +06:00 [INF] System window closing (due to user interaction most likely).
2026-04-17 05:40:53.076 +06:00 [INF] Disconnected [ef40d149-f46f-4cc3-88fd-30efeb65c7a7].
2026-04-17 05:40:53.148 +06:00 [INF] Acquiring context lock... (0ms)
2026-04-17 05:40:53.148 +06:00 [INF] Acquired. (0ms)
2026-04-17 05:40:53.149 +06:00 [INF] Beginning context dispose. (0ms)
2026-04-17 05:40:53.149 +06:00 [INF] GC.SuppressFinalize (0ms)
2026-04-17 05:40:53.149 +06:00 [INF] InternalDispose() completed. (0ms)
2026-04-17 05:40:53.149 +06:00 [INF] Clearing instance... (1ms)
2026-04-17 05:40:53.150 +06:00 [INF] Releasing context lock... (1ms)
2026-04-17 05:40:53.150 +06:00 [INF] Released. (1ms)
