2026-05-13 07:41:35.692 +02:00 [INF] Starting Intersect Client v0.8.0.0-custom+32d39132dace1351f63375b261f241297dd35be8-dirty
2026-05-13 07:41:35.965 +02:00 [INF] Discovered service type: Intersect.Plugins.PluginService
2026-05-13 07:41:35.968 +02:00 [WRN] Directory was specified as a plugin directory but does not exist: 'resources\plugins'
2026-05-13 07:41:35.969 +02:00 [INF] Discovered 0 plugins:

2026-05-13 07:41:37.918 +02:00 [INF] Connecting to 127.0.0.1:5400...
2026-05-13 07:41:37.938 +02:00 [INF] Connected [82711257-0e9f-458b-a14e-9548bc3017bc].
2026-05-13 07:41:37.957 +02:00 [INF] Connection approved [82711257-0e9f-458b-a14e-9548bc3017bc].
2026-05-13 07:41:38.046 +02:00 [INF] Updated PermissionSet 'default'
2026-05-13 07:41:43.679 +02:00 [INF] Updated PermissionSet 'admin'
2026-05-13 07:41:43.679 +02:00 [INF] Updating active permission set to 'admin'
2026-05-13 07:41:44.385 +02:00 [WRN] 'Me' is null.
2026-05-13 07:41:45.137 +02:00 [INF] Built VBO for map a31f210c-f5fb-48bf-9db2-45fab2293a4c 'Forest' in 12.4001ms
2026-05-13 07:41:45.171 +02:00 [INF] Built VBO for map 27c6a7b2-4e9f-4316-9a0f-e13ec8e16ba2 'Forest' in 29.7337ms
2026-05-13 07:43:51.748 +02:00 [INF] System window closing (due to user interaction most likely).
2026-05-13 07:43:51.751 +02:00 [INF] Disconnected [82711257-0e9f-458b-a14e-9548bc3017bc].
2026-05-13 07:43:51.752 +02:00 [INF] Updating active permission set to 'default'
2026-05-13 07:43:51.794 +02:00 [INF] Acquiring context lock... (0ms)
2026-05-13 07:43:51.794 +02:00 [INF] Acquired. (0ms)
2026-05-13 07:43:51.796 +02:00 [INF] Beginning context dispose. (0ms)
2026-05-13 07:43:51.796 +02:00 [INF] GC.SuppressFinalize (0ms)
2026-05-13 07:43:51.796 +02:00 [INF] InternalDispose() completed. (0ms)
2026-05-13 07:43:51.796 +02:00 [INF] Clearing instance... (2ms)
2026-05-13 07:43:51.797 +02:00 [INF] Releasing context lock... (2ms)
2026-05-13 07:43:51.797 +02:00 [INF] Released. (2ms)
