2026-04-30 18:50:38.060 +06:00 [INF] Starting Intersect Client v0.8.0.0-custom+32d39132dace1351f63375b261f241297dd35be8-dirty
2026-04-30 18:50:38.262 +06:00 [INF] Discovered service type: Intersect.Plugins.PluginService
2026-04-30 18:50:38.266 +06:00 [WRN] Directory was specified as a plugin directory but does not exist: 'resources\plugins'
2026-04-30 18:50:38.267 +06:00 [INF] Discovered 0 plugins:

2026-04-30 18:50:40.541 +06:00 [INF] Connecting to 127.0.0.1:5400...
2026-04-30 18:50:40.559 +06:00 [INF] Connected [ef48238c-9d27-477f-b55c-59bcc92327d7].
2026-04-30 18:50:40.570 +06:00 [INF] Connection approved [ef48238c-9d27-477f-b55c-59bcc92327d7].
2026-04-30 18:50:40.663 +06:00 [INF] Updated PermissionSet 'default'
2026-04-30 18:50:46.551 +06:00 [INF] Updated PermissionSet 'admin'
2026-04-30 18:50:46.551 +06:00 [INF] Updating active permission set to 'admin'
2026-04-30 18:50:47.359 +06:00 [WRN] 'Me' is null.
2026-04-30 18:50:47.975 +06:00 [INF] Built VBO for map 27c6a7b2-4e9f-4316-9a0f-e13ec8e16ba2 'Forest' in 9.533ms
2026-04-30 18:50:47.995 +06:00 [INF] Built VBO for map c15f8299-8999-471f-9760-388ff4cdec7c 'test' in 6.0308ms
2026-04-30 18:51:55.227 +06:00 [INF] System window closing (due to user interaction most likely).
2026-04-30 18:51:55.230 +06:00 [INF] Disconnected [ef48238c-9d27-477f-b55c-59bcc92327d7].
2026-04-30 18:51:55.231 +06:00 [INF] Updating active permission set to 'default'
2026-04-30 18:51:55.267 +06:00 [INF] Acquiring context lock... (0ms)
2026-04-30 18:51:55.267 +06:00 [INF] Acquired. (0ms)
2026-04-30 18:51:55.268 +06:00 [INF] Beginning context dispose. (0ms)
2026-04-30 18:51:55.268 +06:00 [INF] GC.SuppressFinalize (0ms)
2026-04-30 18:51:55.268 +06:00 [INF] InternalDispose() completed. (0ms)
2026-04-30 18:51:55.268 +06:00 [INF] Clearing instance... (1ms)
2026-04-30 18:51:55.269 +06:00 [INF] Releasing context lock... (1ms)
2026-04-30 18:51:55.269 +06:00 [INF] Released. (1ms)
