2026-04-12 21:49:14.692 +06:00 [INF] Starting Intersect Client v0.8.0.0-custom+32d39132dace1351f63375b261f241297dd35be8-dirty
2026-04-12 21:49:14.890 +06:00 [INF] Discovered service type: Intersect.Plugins.PluginService
2026-04-12 21:49:14.893 +06:00 [WRN] Directory was specified as a plugin directory but does not exist: 'resources\plugins'
2026-04-12 21:49:14.894 +06:00 [INF] Discovered 0 plugins:

2026-04-12 21:49:17.356 +06:00 [INF] Connecting to 127.0.0.1:5400...
2026-04-12 21:49:17.379 +06:00 [INF] Connected [29eb9522-b32a-4e5c-97ea-3ad918319767].
2026-04-12 21:49:17.404 +06:00 [INF] Connection approved [29eb9522-b32a-4e5c-97ea-3ad918319767].
2026-04-12 21:49:17.497 +06:00 [INF] Updated PermissionSet 'default'
2026-04-12 21:49:21.698 +06:00 [INF] Updated PermissionSet 'admin'
2026-04-12 21:49:21.698 +06:00 [INF] Updating active permission set to 'admin'
2026-04-12 21:49:21.837 +06:00 [WRN] Unable to add '_buttonLogout' to the JSON of MainMenu.SelectCharacterWindow._innerPanel._buttonsPanel because a sibling shares the same name
2026-04-12 21:49:22.554 +06:00 [WRN] 'Me' is null.
2026-04-12 21:49:23.098 +06:00 [INF] Built VBO for map 23630ac6-4461-460d-8a3b-9a0d4477096f 'test 8' in 17.2781ms
2026-04-12 21:49:23.143 +06:00 [INF] Built VBO for map 73ba8458-f8de-4f78-a254-c91b18418ed0 'test 3' in 41.0007ms
2026-04-12 21:49:23.149 +06:00 [INF] Built VBO for map 27c6a7b2-4e9f-4316-9a0f-e13ec8e16ba2 'New Map' in 4.4517ms
2026-04-12 21:51:57.763 +06:00 [INF] System window closing (due to user interaction most likely).
2026-04-12 21:51:57.766 +06:00 [INF] Disconnected [29eb9522-b32a-4e5c-97ea-3ad918319767].
2026-04-12 21:51:57.767 +06:00 [INF] Updating active permission set to 'default'
2026-04-12 21:51:57.800 +06:00 [INF] Acquiring context lock... (0ms)
2026-04-12 21:51:57.800 +06:00 [INF] Acquired. (0ms)
2026-04-12 21:51:57.800 +06:00 [INF] Beginning context dispose. (0ms)
2026-04-12 21:51:57.801 +06:00 [INF] GC.SuppressFinalize (0ms)
2026-04-12 21:51:57.801 +06:00 [INF] InternalDispose() completed. (0ms)
2026-04-12 21:51:57.801 +06:00 [INF] Clearing instance... (1ms)
2026-04-12 21:51:57.801 +06:00 [INF] Releasing context lock... (1ms)
2026-04-12 21:51:57.801 +06:00 [INF] Released. (1ms)
