2026-05-20 20:25:35.745 +02:00 [INF] Starting Intersect Client v0.8.0.0-custom+32d39132dace1351f63375b261f241297dd35be8-dirty
2026-05-20 20:25:35.972 +02:00 [INF] Discovered service type: Intersect.Plugins.PluginService
2026-05-20 20:25:35.976 +02:00 [WRN] Directory was specified as a plugin directory but does not exist: 'resources\plugins'
2026-05-20 20:25:35.977 +02:00 [INF] Discovered 0 plugins:

2026-05-20 20:25:37.901 +02:00 [INF] Connecting to 127.0.0.1:5400...
2026-05-20 20:25:37.911 +02:00 [INF] Connected [79d855c5-67f3-4149-a7eb-f27ede10cef1].
2026-05-20 20:25:37.917 +02:00 [INF] Connection approved [79d855c5-67f3-4149-a7eb-f27ede10cef1].
2026-05-20 20:25:38.011 +02:00 [INF] Updated PermissionSet 'default'
2026-05-20 20:25:38.011 +02:00 [INF] Updated PermissionSet 'admin'
2026-05-20 20:25:43.177 +02:00 [INF] Updating active permission set to 'admin'
2026-05-20 20:25:43.767 +02:00 [WRN] 'Me' is null.
2026-05-20 20:25:44.646 +02:00 [INF] Built VBO for map 27c6a7b2-4e9f-4316-9a0f-e13ec8e16ba2 'Forest' in 65.8777ms
2026-05-20 20:25:53.074 +02:00 [INF] System window closing (due to user interaction most likely).
2026-05-20 20:25:53.076 +02:00 [INF] Disconnected [79d855c5-67f3-4149-a7eb-f27ede10cef1].
2026-05-20 20:25:53.077 +02:00 [INF] Updating active permission set to 'default'
2026-05-20 20:25:53.108 +02:00 [INF] Acquiring context lock... (0ms)
2026-05-20 20:25:53.108 +02:00 [INF] Acquired. (0ms)
2026-05-20 20:25:53.109 +02:00 [INF] Beginning context dispose. (0ms)
2026-05-20 20:25:53.109 +02:00 [INF] GC.SuppressFinalize (0ms)
2026-05-20 20:25:53.109 +02:00 [INF] InternalDispose() completed. (0ms)
2026-05-20 20:25:53.109 +02:00 [INF] Clearing instance... (1ms)
2026-05-20 20:25:53.109 +02:00 [INF] Releasing context lock... (1ms)
2026-05-20 20:25:53.109 +02:00 [INF] Released. (1ms)
