2026-06-21 22:20:20.066 +02:00 [INF] Starting Intersect Client v0.8.0.0-custom+32d39132dace1351f63375b261f241297dd35be8-dirty
2026-06-21 22:20:20.284 +02:00 [INF] Discovered service type: Intersect.Plugins.PluginService
2026-06-21 22:20:20.288 +02:00 [WRN] Directory was specified as a plugin directory but does not exist: 'resources\plugins'
2026-06-21 22:20:20.289 +02:00 [INF] Discovered 0 plugins:

2026-06-21 22:20:26.537 +02:00 [INF] Connecting to 127.0.0.1:5400...
2026-06-21 22:20:26.557 +02:00 [INF] Connected [cabdd3e2-2e61-4d38-af26-1d110a4d0fb3].
2026-06-21 22:20:26.572 +02:00 [INF] Connection approved [cabdd3e2-2e61-4d38-af26-1d110a4d0fb3].
2026-06-21 22:20:26.665 +02:00 [INF] Updated PermissionSet 'default'
2026-06-21 22:20:30.733 +02:00 [INF] Updated PermissionSet 'admin'
2026-06-21 22:20:30.733 +02:00 [INF] Updating active permission set to 'admin'
2026-06-21 22:20:33.459 +02:00 [WRN] 'Me' is null.
2026-06-21 22:20:34.268 +02:00 [ERR] Exception thrown while trying to load 'resources/tilesets/water_shore_marker.png'
System.IO.FileNotFoundException: Could not find file 'F:\game code engine\Intersect_New\Intersect.Client\resources\tilesets\water_shore_marker.png'.
File name: 'F:\game code engine\Intersect_New\Intersect.Client\resources\tilesets\water_shore_marker.png'
   at Microsoft.Win32.SafeHandles.SafeFileHandle.CreateFile(String fullPath, FileMode mode, FileAccess access, FileShare share, FileOptions options)
   at Microsoft.Win32.SafeHandles.SafeFileHandle.Open(String fullPath, FileMode mode, FileAccess access, FileShare share, FileOptions options, Int64 preallocationSize, Nullable`1 unixCreateMode)
   at System.IO.Strategies.OSFileStreamStrategy..ctor(String path, FileMode mode, FileAccess access, FileShare share, FileOptions options, Int64 preallocationSize, Nullable`1 unixCreateMode)
   at System.IO.Strategies.FileStreamHelpers.ChooseStrategyCore(String path, FileMode mode, FileAccess access, FileShare share, FileOptions options, Int64 preallocationSize, Nullable`1 unixCreateMode)
   at System.IO.File.OpenRead(String path)
   at Intersect.Client.Framework.Graphics.GameRenderer.<>c__DisplayClass181_0.<LoadTexture>b__0() in F:\game code engine\Intersect_New\Intersect.Client.Framework\Graphics\GameRenderer.cs:line 1011
   at Intersect.Client.Framework.Graphics.GameTexture`2.LoadPlatformTexture(Boolean force) in F:\game code engine\Intersect_New\Intersect.Client.Framework\Graphics\GameTexture.cs:line 279
2026-06-21 22:20:34.281 +02:00 [INF] Built VBO for map 9802b09c-f592-4d93-8e11-d3424500716c 'Forest' in 46.3607ms
2026-06-21 22:20:34.289 +02:00 [INF] Built VBO for map 15601ad4-9f26-4abe-a6c9-3a7eebaa3045 'Forest' in 7.4431ms
2026-06-21 22:20:34.414 +02:00 [INF] Built VBO for map a31f210c-f5fb-48bf-9db2-45fab2293a4c 'Forest' in 120.2255ms
2026-06-21 22:20:34.708 +02:00 [INF] Built VBO for map 27c6a7b2-4e9f-4316-9a0f-e13ec8e16ba2 'Forest' in 292.9286ms
2026-06-21 22:20:34.720 +02:00 [INF] Built VBO for map e341d25d-5ff4-4cd6-bcd5-2f2cda710c86 'town' in 9.0143ms
2026-06-21 22:20:56.217 +02:00 [WRN] 'Me' is null.
2026-06-21 22:20:56.218 +02:00 [WRN] 'Me' is null.
2026-06-21 22:21:02.199 +02:00 [WRN] 'Me' is null.
2026-06-21 22:21:02.612 +02:00 [INF] Built VBO for map 15601ad4-9f26-4abe-a6c9-3a7eebaa3045 'Forest' in 4.0193ms
2026-06-21 22:21:02.942 +02:00 [INF] Built VBO for map 27c6a7b2-4e9f-4316-9a0f-e13ec8e16ba2 'Forest' in 328.6656ms
2026-06-21 22:21:02.948 +02:00 [INF] Built VBO for map e341d25d-5ff4-4cd6-bcd5-2f2cda710c86 'town' in 4.4512ms
2026-06-21 22:21:08.380 +02:00 [WRN] 'Me' is null.
2026-06-21 22:22:34.605 +02:00 [INF] Disconnected [cabdd3e2-2e61-4d38-af26-1d110a4d0fb3].
2026-06-21 22:22:34.605 +02:00 [INF] Updating active permission set to 'default'
2026-06-21 22:22:35.665 +02:00 [INF] User clicked exit button.
2026-06-21 22:22:35.684 +02:00 [INF] System window closing (due to user interaction most likely).
2026-06-21 22:22:35.711 +02:00 [INF] Acquiring context lock... (0ms)
2026-06-21 22:22:35.711 +02:00 [INF] Acquired. (0ms)
2026-06-21 22:22:35.712 +02:00 [INF] Beginning context dispose. (0ms)
2026-06-21 22:22:35.712 +02:00 [INF] GC.SuppressFinalize (0ms)
2026-06-21 22:22:35.712 +02:00 [INF] InternalDispose() completed. (0ms)
2026-06-21 22:22:35.712 +02:00 [INF] Clearing instance... (1ms)
2026-06-21 22:22:35.713 +02:00 [INF] Releasing context lock... (1ms)
2026-06-21 22:22:35.713 +02:00 [INF] Released. (1ms)
