2026-04-28 23:24:11.962 +06:00 [INF] Starting Intersect Client v0.8.0.0-custom+32d39132dace1351f63375b261f241297dd35be8-dirty
2026-04-28 23:24:12.159 +06:00 [INF] Discovered service type: Intersect.Plugins.PluginService
2026-04-28 23:24:12.162 +06:00 [WRN] Directory was specified as a plugin directory but does not exist: 'resources\plugins'
2026-04-28 23:24:12.163 +06:00 [INF] Discovered 0 plugins:

2026-04-28 23:24:18.041 +06:00 [INF] Music volume set to 10 from MainMenu.SettingsWindow._innerPanel._tabs._innerPanel._audioSettingsTab._scrollPanel._musicSlider._slider
2026-04-28 23:24:18.042 +06:00 [INF] Sound volume set to 15 from MainMenu.SettingsWindow._innerPanel._tabs._innerPanel._audioSettingsTab._scrollPanel._soundEffectsSlider._slider
2026-04-28 23:24:21.946 +06:00 [INF] Connecting to 127.0.0.1:5400...
2026-04-28 23:24:21.963 +06:00 [INF] Connected [fb7be07e-e2ea-442f-886f-ff33ff2c39a6].
2026-04-28 23:24:21.986 +06:00 [INF] Connection approved [fb7be07e-e2ea-442f-886f-ff33ff2c39a6].
2026-04-28 23:24:22.055 +06:00 [INF] Updated PermissionSet 'default'
2026-04-28 23:24:25.332 +06:00 [INF] User clicked exit button.
2026-04-28 23:24:25.511 +06:00 [INF] System window closing (due to user interaction most likely).
2026-04-28 23:24:25.514 +06:00 [INF] Disconnected [fb7be07e-e2ea-442f-886f-ff33ff2c39a6].
2026-04-28 23:24:25.539 +06:00 [INF] Acquiring context lock... (0ms)
2026-04-28 23:24:25.539 +06:00 [INF] Acquired. (0ms)
2026-04-28 23:24:25.540 +06:00 [INF] Beginning context dispose. (0ms)
2026-04-28 23:24:25.540 +06:00 [INF] GC.SuppressFinalize (0ms)
2026-04-28 23:24:25.540 +06:00 [INF] InternalDispose() completed. (0ms)
2026-04-28 23:24:25.540 +06:00 [INF] Clearing instance... (1ms)
2026-04-28 23:24:25.540 +06:00 [INF] Releasing context lock... (1ms)
2026-04-28 23:24:25.540 +06:00 [INF] Released. (1ms)
