2026-05-13 11:42:36.048 +02:00 [INF] Starting Intersect Client v0.8.0.0-custom+32d39132dace1351f63375b261f241297dd35be8-dirty
2026-05-13 11:42:36.274 +02:00 [INF] Discovered service type: Intersect.Plugins.PluginService
2026-05-13 11:42:36.277 +02:00 [WRN] Directory was specified as a plugin directory but does not exist: 'resources\plugins'
2026-05-13 11:42:36.278 +02:00 [INF] Discovered 0 plugins:

2026-05-13 11:42:38.278 +02:00 [INF] Connecting to 127.0.0.1:5400...
2026-05-13 11:42:38.287 +02:00 [INF] Connected [5598b5b0-100d-44da-8ff3-cc0b33f0332a].
2026-05-13 11:42:38.296 +02:00 [INF] Connection approved [5598b5b0-100d-44da-8ff3-cc0b33f0332a].
2026-05-13 11:42:38.389 +02:00 [INF] Updated PermissionSet 'default'
2026-05-13 11:42:38.389 +02:00 [INF] Updated PermissionSet 'admin'
2026-05-13 11:42:42.075 +02:00 [INF] Updating active permission set to 'admin'
2026-05-13 11:42:44.954 +02:00 [WRN] 'Me' is null.
2026-05-13 11:42:45.662 +02:00 [INF] Built VBO for map 27c6a7b2-4e9f-4316-9a0f-e13ec8e16ba2 'Forest' in 10.3688ms
2026-05-13 11:42:57.544 +02:00 [INF] Built VBO for map 24cc8989-0a45-4ecb-bf58-41efcefcaeb8 'Test' in 2.7474ms
2026-05-13 11:43:47.622 +02:00 [INF] System window closing (due to user interaction most likely).
2026-05-13 11:43:47.626 +02:00 [INF] Disconnected [5598b5b0-100d-44da-8ff3-cc0b33f0332a].
2026-05-13 11:43:47.627 +02:00 [INF] Updating active permission set to 'default'
2026-05-13 11:43:47.677 +02:00 [INF] Acquiring context lock... (0ms)
2026-05-13 11:43:47.677 +02:00 [INF] Acquired. (0ms)
2026-05-13 11:43:47.678 +02:00 [INF] Beginning context dispose. (0ms)
2026-05-13 11:43:47.678 +02:00 [INF] GC.SuppressFinalize (0ms)
2026-05-13 11:43:47.678 +02:00 [INF] InternalDispose() completed. (0ms)
2026-05-13 11:43:47.678 +02:00 [INF] Clearing instance... (1ms)
2026-05-13 11:43:47.679 +02:00 [INF] Releasing context lock... (1ms)
2026-05-13 11:43:47.679 +02:00 [INF] Released. (1ms)
