2026-04-24 19:09:20.907 +06:00 [INF] Starting Intersect Client v0.8.0.0-custom+32d39132dace1351f63375b261f241297dd35be8-dirty
2026-04-24 19:09:21.106 +06:00 [INF] Discovered service type: Intersect.Plugins.PluginService
2026-04-24 19:09:21.109 +06:00 [WRN] Directory was specified as a plugin directory but does not exist: 'resources\plugins'
2026-04-24 19:09:21.109 +06:00 [INF] Discovered 0 plugins:

2026-04-24 19:09:23.049 +06:00 [INF] Connecting to 127.0.0.1:5400...
2026-04-24 19:09:23.068 +06:00 [INF] Connected [18990d3b-2bff-4cc7-bca7-78a58740b301].
2026-04-24 19:09:23.084 +06:00 [INF] Connection approved [18990d3b-2bff-4cc7-bca7-78a58740b301].
2026-04-24 19:09:23.174 +06:00 [INF] Updated PermissionSet 'default'
2026-04-24 19:09:29.614 +06:00 [INF] Updated PermissionSet 'admin'
2026-04-24 19:09:29.614 +06:00 [INF] Updating active permission set to 'admin'
2026-04-24 19:09:29.737 +06:00 [WRN] Unable to add '_buttonLogout' to the JSON of MainMenu.SelectCharacterWindow._innerPanel._buttonsPanel because a sibling shares the same name
2026-04-24 19:09:32.854 +06:00 [WRN] 'Me' is null.
2026-04-24 19:09:33.400 +06:00 [INF] Built VBO for map 27c6a7b2-4e9f-4316-9a0f-e13ec8e16ba2 'Forest' in 38.2552ms
2026-04-24 19:09:37.170 +06:00 [INF] Disconnected [18990d3b-2bff-4cc7-bca7-78a58740b301].
2026-04-24 19:09:37.170 +06:00 [INF] Updating active permission set to 'default'
2026-04-24 19:09:38.251 +06:00 [INF] Connecting to 127.0.0.1:5400...
2026-04-24 19:09:38.256 +06:00 [INF] Connected [b88bc97c-d226-4890-87b5-2db817b65ad7].
2026-04-24 19:09:38.265 +06:00 [INF] Connection approved [b88bc97c-d226-4890-87b5-2db817b65ad7].
2026-04-24 19:09:38.284 +06:00 [INF] Updated PermissionSet 'default'
2026-04-24 19:09:38.285 +06:00 [INF] Updated PermissionSet 'admin'
2026-04-24 19:10:21.414 +06:00 [INF] Disconnected [b88bc97c-d226-4890-87b5-2db817b65ad7].
2026-04-24 19:10:21.415 +06:00 [INF] Updating active permission set to 'default'
2026-04-24 19:12:04.668 +06:00 [INF] System window closing (due to user interaction most likely).
2026-04-24 19:12:04.708 +06:00 [INF] Acquiring context lock... (0ms)
2026-04-24 19:12:04.708 +06:00 [INF] Acquired. (0ms)
2026-04-24 19:12:04.709 +06:00 [INF] Beginning context dispose. (0ms)
2026-04-24 19:12:04.709 +06:00 [INF] GC.SuppressFinalize (0ms)
2026-04-24 19:12:04.709 +06:00 [INF] InternalDispose() completed. (0ms)
2026-04-24 19:12:04.709 +06:00 [INF] Clearing instance... (1ms)
2026-04-24 19:12:04.709 +06:00 [INF] Releasing context lock... (1ms)
2026-04-24 19:12:04.709 +06:00 [INF] Released. (1ms)
