2026-04-13 03:13:11.283 +06:00 [INF] Starting Intersect Client v0.8.0.0-custom+32d39132dace1351f63375b261f241297dd35be8-dirty
2026-04-13 03:13:11.480 +06:00 [INF] Discovered service type: Intersect.Plugins.PluginService
2026-04-13 03:13:11.483 +06:00 [WRN] Directory was specified as a plugin directory but does not exist: 'resources\plugins'
2026-04-13 03:13:11.484 +06:00 [INF] Discovered 0 plugins:

2026-04-13 03:13:13.381 +06:00 [INF] Connecting to 127.0.0.1:5400...
2026-04-13 03:13:13.399 +06:00 [INF] Connected [f70a1d19-0582-47d3-9370-4fdd4705815e].
2026-04-13 03:13:13.421 +06:00 [INF] Connection approved [f70a1d19-0582-47d3-9370-4fdd4705815e].
2026-04-13 03:13:13.505 +06:00 [INF] Updated PermissionSet 'default'
2026-04-13 03:13:16.869 +06:00 [INF] Updated PermissionSet 'admin'
2026-04-13 03:13:16.869 +06:00 [INF] Updating active permission set to 'admin'
2026-04-13 03:13:16.990 +06:00 [WRN] Unable to add '_buttonLogout' to the JSON of MainMenu.SelectCharacterWindow._innerPanel._buttonsPanel because a sibling shares the same name
2026-04-13 03:13:17.724 +06:00 [WRN] 'Me' is null.
2026-04-13 03:13:18.378 +06:00 [INF] Built VBO for map 73ba8458-f8de-4f78-a254-c91b18418ed0 'test 3' in 56.6968ms
2026-04-13 03:13:18.387 +06:00 [INF] Built VBO for map 850ddb26-5568-4376-b8e0-346c04cb81ef 'forest' in 4.0127ms
2026-04-13 03:13:18.392 +06:00 [INF] Built VBO for map 27c6a7b2-4e9f-4316-9a0f-e13ec8e16ba2 'New Map' in 3.7303ms
2026-04-13 03:13:47.399 +06:00 [INF] Disconnected [f70a1d19-0582-47d3-9370-4fdd4705815e].
2026-04-13 03:13:47.400 +06:00 [INF] Updating active permission set to 'default'
2026-04-13 03:13:48.903 +06:00 [INF] User clicked exit button.
2026-04-13 03:13:48.920 +06:00 [INF] System window closing (due to user interaction most likely).
2026-04-13 03:13:48.946 +06:00 [INF] Acquiring context lock... (0ms)
2026-04-13 03:13:48.946 +06:00 [INF] Acquired. (0ms)
2026-04-13 03:13:48.947 +06:00 [INF] Beginning context dispose. (0ms)
2026-04-13 03:13:48.947 +06:00 [INF] GC.SuppressFinalize (0ms)
2026-04-13 03:13:48.947 +06:00 [INF] InternalDispose() completed. (0ms)
2026-04-13 03:13:48.947 +06:00 [INF] Clearing instance... (1ms)
2026-04-13 03:13:48.947 +06:00 [INF] Releasing context lock... (1ms)
2026-04-13 03:13:48.947 +06:00 [INF] Released. (1ms)
