2026-06-26 13:16:48.861 +02:00 [INF] Starting Intersect Client v0.8.0.0-custom+32d39132dace1351f63375b261f241297dd35be8-dirty
2026-06-26 13:16:49.086 +02:00 [INF] Discovered service type: Intersect.Plugins.PluginService
2026-06-26 13:16:49.090 +02:00 [WRN] Directory was specified as a plugin directory but does not exist: 'resources\plugins'
2026-06-26 13:16:49.091 +02:00 [INF] Discovered 0 plugins:

2026-06-26 13:16:51.297 +02:00 [INF] Connecting to 127.0.0.1:5400...
2026-06-26 13:16:51.305 +02:00 [INF] Connected [bf24f01f-83df-4977-a1af-f50e0537a898].
2026-06-26 13:16:51.321 +02:00 [INF] Connection approved [bf24f01f-83df-4977-a1af-f50e0537a898].
2026-06-26 13:16:51.426 +02:00 [INF] Updated PermissionSet 'default'
2026-06-26 13:16:51.426 +02:00 [INF] Updated PermissionSet 'admin'
2026-06-26 13:16:56.032 +02:00 [INF] Updating active permission set to 'admin'
2026-06-26 13:16:56.910 +02:00 [WRN] 'Me' is null.
2026-06-26 13:16:57.697 +02:00 [ERR] Exception thrown while trying to load 'resources/tilesets/water_shore_marker.png'
System.IO.FileNotFoundException: Could not find file 'F:\game code engine\Intersect_New\Intersect.Client\resources\tilesets\water_shore_marker.png'.
File name: 'F:\game code engine\Intersect_New\Intersect.Client\resources\tilesets\water_shore_marker.png'
   at Microsoft.Win32.SafeHandles.SafeFileHandle.CreateFile(String fullPath, FileMode mode, FileAccess access, FileShare share, FileOptions options)
   at Microsoft.Win32.SafeHandles.SafeFileHandle.Open(String fullPath, FileMode mode, FileAccess access, FileShare share, FileOptions options, Int64 preallocationSize, Nullable`1 unixCreateMode)
   at System.IO.Strategies.OSFileStreamStrategy..ctor(String path, FileMode mode, FileAccess access, FileShare share, FileOptions options, Int64 preallocationSize, Nullable`1 unixCreateMode)
   at System.IO.Strategies.FileStreamHelpers.ChooseStrategyCore(String path, FileMode mode, FileAccess access, FileShare share, FileOptions options, Int64 preallocationSize, Nullable`1 unixCreateMode)
   at System.IO.File.OpenRead(String path)
   at Intersect.Client.Framework.Graphics.GameRenderer.<>c__DisplayClass181_0.<LoadTexture>b__0() in F:\game code engine\Intersect_New\Intersect.Client.Framework\Graphics\GameRenderer.cs:line 1011
   at Intersect.Client.Framework.Graphics.GameTexture`2.LoadPlatformTexture(Boolean force) in F:\game code engine\Intersect_New\Intersect.Client.Framework\Graphics\GameTexture.cs:line 279
2026-06-26 13:16:57.710 +02:00 [INF] Built VBO for map 9802b09c-f592-4d93-8e11-d3424500716c 'Forest' in 46.5428ms
2026-06-26 13:16:57.719 +02:00 [INF] Built VBO for map 15601ad4-9f26-4abe-a6c9-3a7eebaa3045 'Forest' in 8.2606ms
2026-06-26 13:16:57.853 +02:00 [INF] Built VBO for map a31f210c-f5fb-48bf-9db2-45fab2293a4c 'Forest' in 130.1243ms
2026-06-26 13:16:58.166 +02:00 [INF] Built VBO for map 27c6a7b2-4e9f-4316-9a0f-e13ec8e16ba2 'Forest' in 312.5946ms
2026-06-26 13:16:58.178 +02:00 [INF] Built VBO for map e341d25d-5ff4-4cd6-bcd5-2f2cda710c86 'town' in 8.3621ms
2026-06-26 13:18:55.762 +02:00 [INF] System window closing (due to user interaction most likely).
2026-06-26 13:18:55.765 +02:00 [INF] Disconnected [bf24f01f-83df-4977-a1af-f50e0537a898].
2026-06-26 13:18:55.766 +02:00 [INF] Updating active permission set to 'default'
2026-06-26 13:18:55.795 +02:00 [INF] Acquiring context lock... (0ms)
2026-06-26 13:18:55.796 +02:00 [INF] Acquired. (0ms)
2026-06-26 13:18:55.796 +02:00 [INF] Beginning context dispose. (0ms)
2026-06-26 13:18:55.797 +02:00 [INF] GC.SuppressFinalize (0ms)
2026-06-26 13:18:55.797 +02:00 [INF] InternalDispose() completed. (0ms)
2026-06-26 13:18:55.797 +02:00 [INF] Clearing instance... (1ms)
2026-06-26 13:18:55.797 +02:00 [INF] Releasing context lock... (1ms)
2026-06-26 13:18:55.797 +02:00 [INF] Released. (1ms)
