2026-04-28 19:21:58.918 +06:00 [INF] Starting Intersect Client v0.8.0.0-custom+32d39132dace1351f63375b261f241297dd35be8-dirty
2026-04-28 19:21:59.113 +06:00 [INF] Discovered service type: Intersect.Plugins.PluginService
2026-04-28 19:21:59.117 +06:00 [WRN] Directory was specified as a plugin directory but does not exist: 'resources\plugins'
2026-04-28 19:21:59.118 +06:00 [INF] Discovered 0 plugins:

2026-04-28 19:22:01.228 +06:00 [INF] Connecting to 127.0.0.1:5400...
2026-04-28 19:22:01.252 +06:00 [INF] Connected [e05bca64-052f-4e9f-88f0-86ea27d90cbd].
2026-04-28 19:22:01.264 +06:00 [INF] Connection approved [e05bca64-052f-4e9f-88f0-86ea27d90cbd].
2026-04-28 19:22:01.364 +06:00 [INF] Updated PermissionSet 'default'
2026-04-28 19:22:05.916 +06:00 [INF] Updated PermissionSet 'admin'
2026-04-28 19:22:05.917 +06:00 [INF] Updating active permission set to 'admin'
2026-04-28 19:22:06.078 +06:00 [WRN] Unable to add '_buttonLogout' to the JSON of MainMenu.SelectCharacterWindow._innerPanel._buttonsPanel because a sibling shares the same name
2026-04-28 19:22:07.474 +06:00 [WRN] 'Me' is null.
2026-04-28 19:22:08.059 +06:00 [INF] Built VBO for map 27c6a7b2-4e9f-4316-9a0f-e13ec8e16ba2 'Forest' in 20.9967ms
2026-04-28 19:22:08.074 +06:00 [INF] Built VBO for map c15f8299-8999-471f-9760-388ff4cdec7c 'Forest' in 1.6172ms
2026-04-28 19:22:48.460 +06:00 [INF] System window closing (due to user interaction most likely).
2026-04-28 19:22:48.463 +06:00 [INF] Disconnected [e05bca64-052f-4e9f-88f0-86ea27d90cbd].
2026-04-28 19:22:48.464 +06:00 [INF] Updating active permission set to 'default'
2026-04-28 19:22:48.495 +06:00 [INF] Acquiring context lock... (0ms)
2026-04-28 19:22:48.495 +06:00 [INF] Acquired. (0ms)
2026-04-28 19:22:48.496 +06:00 [INF] Beginning context dispose. (0ms)
2026-04-28 19:22:48.496 +06:00 [INF] GC.SuppressFinalize (0ms)
2026-04-28 19:22:48.496 +06:00 [INF] InternalDispose() completed. (0ms)
2026-04-28 19:22:48.496 +06:00 [INF] Clearing instance... (1ms)
2026-04-28 19:22:48.496 +06:00 [INF] Releasing context lock... (1ms)
2026-04-28 19:22:48.496 +06:00 [INF] Released. (1ms)
