2026-06-02 15:28:59.301 +02:00 [INF] Starting Intersect Client v0.8.0.0-custom+32d39132dace1351f63375b261f241297dd35be8-dirty
2026-06-02 15:28:59.525 +02:00 [INF] Discovered service type: Intersect.Plugins.PluginService
2026-06-02 15:28:59.528 +02:00 [WRN] Directory was specified as a plugin directory but does not exist: 'resources\plugins'
2026-06-02 15:28:59.529 +02:00 [INF] Discovered 0 plugins:

2026-06-02 15:29:01.594 +02:00 [INF] Connecting to 127.0.0.1:5400...
2026-06-02 15:29:01.604 +02:00 [INF] Connected [322fb447-fe29-4203-b8e3-f83f2a7cb5a5].
2026-06-02 15:29:01.610 +02:00 [INF] Connection approved [322fb447-fe29-4203-b8e3-f83f2a7cb5a5].
2026-06-02 15:29:01.693 +02:00 [INF] Updated PermissionSet 'default'
2026-06-02 15:29:01.693 +02:00 [INF] Updated PermissionSet 'admin'
2026-06-02 15:29:07.710 +02:00 [INF] Updating active permission set to 'admin'
2026-06-02 15:29:08.351 +02:00 [WRN] 'Me' is null.
2026-06-02 15:29:09.363 +02:00 [INF] Built VBO for map 27c6a7b2-4e9f-4316-9a0f-e13ec8e16ba2 'Forest' in 72.4697ms
2026-06-02 15:29:10.983 +02:00 [INF] Built VBO for map e341d25d-5ff4-4cd6-bcd5-2f2cda710c86 'Forest' in 12.4745ms
2026-06-02 15:30:31.521 +02:00 [INF] System window closing (due to user interaction most likely).
2026-06-02 15:30:31.524 +02:00 [INF] Disconnected [322fb447-fe29-4203-b8e3-f83f2a7cb5a5].
2026-06-02 15:30:31.525 +02:00 [INF] Updating active permission set to 'default'
2026-06-02 15:30:31.550 +02:00 [INF] Acquiring context lock... (0ms)
2026-06-02 15:30:31.550 +02:00 [INF] Acquired. (0ms)
2026-06-02 15:30:31.551 +02:00 [INF] Beginning context dispose. (0ms)
2026-06-02 15:30:31.551 +02:00 [INF] GC.SuppressFinalize (0ms)
2026-06-02 15:30:31.551 +02:00 [INF] InternalDispose() completed. (0ms)
2026-06-02 15:30:31.551 +02:00 [INF] Clearing instance... (1ms)
2026-06-02 15:30:31.551 +02:00 [INF] Releasing context lock... (1ms)
2026-06-02 15:30:31.551 +02:00 [INF] Released. (1ms)
