2026-07-05 20:08:50.297 +02:00 [INF] Starting Intersect Client v0.8.0.0-custom+32d39132dace1351f63375b261f241297dd35be8-dirty
2026-07-05 20:08:50.548 +02:00 [INF] Discovered service type: Intersect.Plugins.PluginService
2026-07-05 20:08:50.552 +02:00 [WRN] Directory was specified as a plugin directory but does not exist: 'resources\plugins'
2026-07-05 20:08:50.553 +02:00 [INF] Discovered 0 plugins:

2026-07-05 20:08:52.680 +02:00 [INF] Connecting to 127.0.0.1:5400...
2026-07-05 20:08:52.690 +02:00 [INF] Connected [2e25efcc-9eda-497b-ae24-3f0bb7f60cb5].
2026-07-05 20:08:52.701 +02:00 [INF] Connection approved [2e25efcc-9eda-497b-ae24-3f0bb7f60cb5].
2026-07-05 20:08:52.796 +02:00 [INF] Updated PermissionSet 'default'
2026-07-05 20:08:52.796 +02:00 [INF] Updated PermissionSet 'admin'
2026-07-05 20:09:03.450 +02:00 [INF] Updating active permission set to 'admin'
2026-07-05 20:09:05.493 +02:00 [WRN] 'Me' is null.
2026-07-05 20:09:06.586 +02:00 [INF] Built VBO for map 15601ad4-9f26-4abe-a6c9-3a7eebaa3045 'Forest' in 36.7364ms
2026-07-05 20:09:06.593 +02:00 [INF] Built VBO for map d490222a-af25-4a7f-bec3-7ca8016e08d7 'New Map' in 6.5722ms
2026-07-05 20:09:06.605 +02:00 [INF] Built VBO for map 000bacda-f0e9-4a92-ab09-e55bd4ad15c1 'New Map' in 6.0022ms
2026-07-05 20:09:06.712 +02:00 [ERR] Exception thrown while trying to load 'resources/tilesets/water_shore_marker.png'
System.IO.FileNotFoundException: Could not find file 'F:\game code engine\Intersect_New\Intersect.Client\resources\tilesets\water_shore_marker.png'.
File name: 'F:\game code engine\Intersect_New\Intersect.Client\resources\tilesets\water_shore_marker.png'
   at Microsoft.Win32.SafeHandles.SafeFileHandle.CreateFile(String fullPath, FileMode mode, FileAccess access, FileShare share, FileOptions options)
   at Microsoft.Win32.SafeHandles.SafeFileHandle.Open(String fullPath, FileMode mode, FileAccess access, FileShare share, FileOptions options, Int64 preallocationSize, Nullable`1 unixCreateMode)
   at System.IO.Strategies.OSFileStreamStrategy..ctor(String path, FileMode mode, FileAccess access, FileShare share, FileOptions options, Int64 preallocationSize, Nullable`1 unixCreateMode)
   at System.IO.File.OpenRead(String path)
   at Intersect.Client.Framework.Graphics.GameRenderer.<>c__DisplayClass182_0.<LoadTexture>b__0() in f:\game code engine\Intersect_New\Intersect.Client.Framework\Graphics\GameRenderer.cs:line 1027
   at Intersect.Client.Framework.Graphics.GameTexture`2.LoadPlatformTexture(Boolean force) in f:\game code engine\Intersect_New\Intersect.Client.Framework\Graphics\GameTexture.cs:line 279
2026-07-05 20:09:06.712 +02:00 [INF] Built VBO for map 27c6a7b2-4e9f-4316-9a0f-e13ec8e16ba2 'Forest' in 107.0643ms
2026-07-05 20:09:06.728 +02:00 [INF] Built VBO for map e341d25d-5ff4-4cd6-bcd5-2f2cda710c86 'Greenfall Vale' in 14.0008ms
2026-07-05 20:09:06.735 +02:00 [INF] Built VBO for map f519d3ea-b6f4-4b17-b87a-1dcf003cd3ec 'New Map' in 5.9481ms
2026-07-05 20:11:26.386 +02:00 [INF] System window closing (due to user interaction most likely).
2026-07-05 20:11:26.389 +02:00 [INF] Disconnected [2e25efcc-9eda-497b-ae24-3f0bb7f60cb5].
2026-07-05 20:11:26.389 +02:00 [INF] Updating active permission set to 'default'
2026-07-05 20:11:26.428 +02:00 [INF] Acquiring context lock... (0ms)
2026-07-05 20:11:26.428 +02:00 [INF] Acquired. (0ms)
2026-07-05 20:11:26.429 +02:00 [INF] Beginning context dispose. (0ms)
2026-07-05 20:11:26.429 +02:00 [INF] GC.SuppressFinalize (0ms)
2026-07-05 20:11:26.429 +02:00 [INF] InternalDispose() completed. (0ms)
2026-07-05 20:11:26.429 +02:00 [INF] Clearing instance... (1ms)
2026-07-05 20:11:26.429 +02:00 [INF] Releasing context lock... (1ms)
2026-07-05 20:11:26.429 +02:00 [INF] Released. (1ms)
