2026-04-30 00:11:21.994 +06:00 [INF] Starting Intersect Client v0.8.0.0-custom+32d39132dace1351f63375b261f241297dd35be8-dirty
2026-04-30 00:11:22.209 +06:00 [INF] Discovered service type: Intersect.Plugins.PluginService
2026-04-30 00:11:22.212 +06:00 [WRN] Directory was specified as a plugin directory but does not exist: 'resources\plugins'
2026-04-30 00:11:22.213 +06:00 [INF] Discovered 0 plugins:

2026-04-30 00:11:47.144 +06:00 [INF] Connecting to 127.0.0.1:5400...
2026-04-30 00:11:47.163 +06:00 [INF] Connected [c4fd2f96-394c-4f82-8a2a-eef2252285d0].
2026-04-30 00:11:47.191 +06:00 [INF] Connection approved [c4fd2f96-394c-4f82-8a2a-eef2252285d0].
2026-04-30 00:11:47.266 +06:00 [INF] Updated PermissionSet 'default'
2026-04-30 00:11:53.756 +06:00 [INF] Updated PermissionSet 'admin'
2026-04-30 00:11:53.756 +06:00 [INF] Updating active permission set to 'admin'
2026-04-30 00:12:20.288 +06:00 [INF] System window closing (due to user interaction most likely).
2026-04-30 00:12:20.292 +06:00 [INF] Disconnected [c4fd2f96-394c-4f82-8a2a-eef2252285d0].
2026-04-30 00:12:20.293 +06:00 [INF] Updating active permission set to 'default'
2026-04-30 00:12:20.331 +06:00 [INF] Acquiring context lock... (0ms)
2026-04-30 00:12:20.331 +06:00 [INF] Acquired. (1ms)
2026-04-30 00:12:20.332 +06:00 [INF] Beginning context dispose. (0ms)
2026-04-30 00:12:20.333 +06:00 [INF] GC.SuppressFinalize (0ms)
2026-04-30 00:12:20.333 +06:00 [INF] InternalDispose() completed. (0ms)
2026-04-30 00:12:20.333 +06:00 [INF] Clearing instance... (2ms)
2026-04-30 00:12:20.333 +06:00 [INF] Releasing context lock... (2ms)
2026-04-30 00:12:20.333 +06:00 [INF] Released. (2ms)
