2026-07-02 05:17:24.648 +02:00 [INF] Starting Intersect Client v0.8.0.0-custom+32d39132dace1351f63375b261f241297dd35be8-dirty
2026-07-02 05:17:24.868 +02:00 [INF] Discovered service type: Intersect.Plugins.PluginService
2026-07-02 05:17:24.872 +02:00 [WRN] Directory was specified as a plugin directory but does not exist: 'resources\plugins'
2026-07-02 05:17:24.873 +02:00 [INF] Discovered 0 plugins:

2026-07-02 05:17:28.555 +02:00 [INF] Connecting to 127.0.0.1:5400...
2026-07-02 05:17:28.576 +02:00 [INF] Connected [fa73d655-b304-4c63-9057-c90d779efa8d].
2026-07-02 05:17:28.595 +02:00 [INF] Connection approved [fa73d655-b304-4c63-9057-c90d779efa8d].
2026-07-02 05:17:28.706 +02:00 [INF] Updated PermissionSet 'default'
2026-07-02 05:17:42.546 +02:00 [INF] Updated PermissionSet 'admin'
2026-07-02 05:17:42.546 +02:00 [INF] Updating active permission set to 'admin'
2026-07-02 05:17:45.589 +02:00 [WRN] 'Me' is null.
2026-07-02 05:17:46.483 +02:00 [INF] Built VBO for map 15601ad4-9f26-4abe-a6c9-3a7eebaa3045 'Forest' in 28.4458ms
2026-07-02 05:17:46.493 +02:00 [INF] Built VBO for map d490222a-af25-4a7f-bec3-7ca8016e08d7 'New Map' in 8.9678ms
2026-07-02 05:17:46.503 +02:00 [INF] Built VBO for map 000bacda-f0e9-4a92-ab09-e55bd4ad15c1 'New Map' in 5.0787ms
2026-07-02 05:17:46.601 +02:00 [ERR] Exception thrown while trying to load 'resources/tilesets/water_shore_marker.png'
System.IO.FileNotFoundException: Could not find file 'F:\game code engine\Intersect_New\Intersect.Client\resources\tilesets\water_shore_marker.png'.
File name: 'F:\game code engine\Intersect_New\Intersect.Client\resources\tilesets\water_shore_marker.png'
   at Microsoft.Win32.SafeHandles.SafeFileHandle.CreateFile(String fullPath, FileMode mode, FileAccess access, FileShare share, FileOptions options)
   at Microsoft.Win32.SafeHandles.SafeFileHandle.Open(String fullPath, FileMode mode, FileAccess access, FileShare share, FileOptions options, Int64 preallocationSize, Nullable`1 unixCreateMode)
   at System.IO.Strategies.OSFileStreamStrategy..ctor(String path, FileMode mode, FileAccess access, FileShare share, FileOptions options, Int64 preallocationSize, Nullable`1 unixCreateMode)
   at System.IO.Strategies.FileStreamHelpers.ChooseStrategyCore(String path, FileMode mode, FileAccess access, FileShare share, FileOptions options, Int64 preallocationSize, Nullable`1 unixCreateMode)
   at System.IO.File.OpenRead(String path)
   at Intersect.Client.Framework.Graphics.GameRenderer.<>c__DisplayClass181_0.<LoadTexture>b__0() in F:\game code engine\Intersect_New\Intersect.Client.Framework\Graphics\GameRenderer.cs:line 1012
   at Intersect.Client.Framework.Graphics.GameTexture`2.LoadPlatformTexture(Boolean force) in F:\game code engine\Intersect_New\Intersect.Client.Framework\Graphics\GameTexture.cs:line 279
2026-07-02 05:17:46.602 +02:00 [INF] Built VBO for map 27c6a7b2-4e9f-4316-9a0f-e13ec8e16ba2 'Forest' in 98.4654ms
2026-07-02 05:17:46.617 +02:00 [INF] Built VBO for map e341d25d-5ff4-4cd6-bcd5-2f2cda710c86 'Greenfall Vale' in 13.6416ms
2026-07-02 05:17:46.625 +02:00 [INF] Built VBO for map f519d3ea-b6f4-4b17-b87a-1dcf003cd3ec 'New Map' in 7.3763ms
2026-07-02 05:18:29.820 +02:00 [INF] Built VBO for map 15601ad4-9f26-4abe-a6c9-3a7eebaa3045 'Forest' in 4.8648ms
2026-07-02 05:18:30.372 +02:00 [INF] Built VBO for map 000bacda-f0e9-4a92-ab09-e55bd4ad15c1 'New Map' in 3.5335ms
2026-07-02 05:18:30.936 +02:00 [INF] Built VBO for map 27c6a7b2-4e9f-4316-9a0f-e13ec8e16ba2 'Forest' in 15.2835ms
2026-07-02 05:18:31.474 +02:00 [INF] Built VBO for map f519d3ea-b6f4-4b17-b87a-1dcf003cd3ec 'New Map' in 3.7994ms
2026-07-02 05:23:12.811 +02:00 [INF] Built VBO for map e341d25d-5ff4-4cd6-bcd5-2f2cda710c86 'Greenfall Vale' in 3.3087ms
2026-07-02 05:23:13.068 +02:00 [INF] Built VBO for map 15601ad4-9f26-4abe-a6c9-3a7eebaa3045 'Forest' in 4.6504ms
2026-07-02 05:23:13.592 +02:00 [INF] Built VBO for map d490222a-af25-4a7f-bec3-7ca8016e08d7 'New Map' in 3.7196ms
2026-07-02 05:23:14.113 +02:00 [INF] Built VBO for map 000bacda-f0e9-4a92-ab09-e55bd4ad15c1 'New Map' in 3.6346ms
2026-07-02 05:23:14.636 +02:00 [INF] Built VBO for map 27c6a7b2-4e9f-4316-9a0f-e13ec8e16ba2 'Forest' in 15.009ms
2026-07-02 05:23:15.125 +02:00 [INF] Built VBO for map f519d3ea-b6f4-4b17-b87a-1dcf003cd3ec 'New Map' in 3.6499ms
2026-07-02 05:24:00.971 +02:00 [WRN] 'Me' is null.
2026-07-02 05:24:00.971 +02:00 [WRN] 'Me' is null.
2026-07-02 05:24:00.971 +02:00 [WRN] 'Me' is null.
2026-07-02 05:24:02.506 +02:00 [WRN] 'Me' is null.
2026-07-02 05:24:02.955 +02:00 [INF] Built VBO for map 15601ad4-9f26-4abe-a6c9-3a7eebaa3045 'Forest' in 3.6822ms
2026-07-02 05:24:02.959 +02:00 [INF] Built VBO for map d490222a-af25-4a7f-bec3-7ca8016e08d7 'New Map' in 3.3043ms
2026-07-02 05:24:02.964 +02:00 [INF] Built VBO for map 000bacda-f0e9-4a92-ab09-e55bd4ad15c1 'New Map' in 2.7243ms
2026-07-02 05:24:02.996 +02:00 [INF] Built VBO for map 27c6a7b2-4e9f-4316-9a0f-e13ec8e16ba2 'Forest' in 31.8793ms
2026-07-02 05:24:03.001 +02:00 [INF] Built VBO for map e341d25d-5ff4-4cd6-bcd5-2f2cda710c86 'Greenfall Vale' in 3.2284ms
2026-07-02 05:24:03.005 +02:00 [INF] Built VBO for map f519d3ea-b6f4-4b17-b87a-1dcf003cd3ec 'New Map' in 3.2641ms
2026-07-02 05:24:45.087 +02:00 [INF] Built VBO for map 15601ad4-9f26-4abe-a6c9-3a7eebaa3045 'Forest' in 3.8009ms
2026-07-02 05:24:45.091 +02:00 [INF] Built VBO for map e341d25d-5ff4-4cd6-bcd5-2f2cda710c86 'Greenfall Vale' in 3.3239ms
2026-07-02 05:24:45.642 +02:00 [INF] Built VBO for map d490222a-af25-4a7f-bec3-7ca8016e08d7 'New Map' in 3.7307ms
2026-07-02 05:24:46.182 +02:00 [INF] Built VBO for map 000bacda-f0e9-4a92-ab09-e55bd4ad15c1 'New Map' in 3.5599ms
2026-07-02 05:24:46.744 +02:00 [INF] Built VBO for map 27c6a7b2-4e9f-4316-9a0f-e13ec8e16ba2 'Forest' in 17.3506ms
2026-07-02 05:24:47.290 +02:00 [INF] Built VBO for map f519d3ea-b6f4-4b17-b87a-1dcf003cd3ec 'New Map' in 3.6407ms
2026-07-02 05:24:56.633 +02:00 [INF] Built VBO for map 15601ad4-9f26-4abe-a6c9-3a7eebaa3045 'Forest' in 3.7284ms
2026-07-02 05:24:56.636 +02:00 [INF] Built VBO for map e341d25d-5ff4-4cd6-bcd5-2f2cda710c86 'Greenfall Vale' in 3.1501ms
2026-07-02 05:24:57.186 +02:00 [INF] Built VBO for map d490222a-af25-4a7f-bec3-7ca8016e08d7 'New Map' in 3.5278ms
2026-07-02 05:24:57.705 +02:00 [INF] Built VBO for map 000bacda-f0e9-4a92-ab09-e55bd4ad15c1 'New Map' in 3.5294ms
2026-07-02 05:24:58.229 +02:00 [INF] Built VBO for map 27c6a7b2-4e9f-4316-9a0f-e13ec8e16ba2 'Forest' in 15.4449ms
2026-07-02 05:24:58.754 +02:00 [INF] Built VBO for map f519d3ea-b6f4-4b17-b87a-1dcf003cd3ec 'New Map' in 3.4759ms
2026-07-02 05:25:20.857 +02:00 [INF] Built VBO for map 15601ad4-9f26-4abe-a6c9-3a7eebaa3045 'Forest' in 3.7626ms
2026-07-02 05:25:21.367 +02:00 [INF] Built VBO for map 000bacda-f0e9-4a92-ab09-e55bd4ad15c1 'New Map' in 4.519ms
2026-07-02 05:25:21.954 +02:00 [INF] Built VBO for map 27c6a7b2-4e9f-4316-9a0f-e13ec8e16ba2 'Forest' in 20.0279ms
2026-07-02 05:25:22.527 +02:00 [INF] Built VBO for map f519d3ea-b6f4-4b17-b87a-1dcf003cd3ec 'New Map' in 3.3962ms
2026-07-02 05:26:33.511 +02:00 [INF] Built VBO for map 9802b09c-f592-4d93-8e11-d3424500716c 'Deep Forest' in 6.7613ms
2026-07-02 05:26:34.083 +02:00 [INF] Built VBO for map a31f210c-f5fb-48bf-9db2-45fab2293a4c 'Forest' in 50.8025ms
2026-07-02 05:26:57.847 +02:00 [INF] System window closing (due to user interaction most likely).
2026-07-02 05:26:57.850 +02:00 [INF] Disconnected [fa73d655-b304-4c63-9057-c90d779efa8d].
2026-07-02 05:26:57.850 +02:00 [INF] Updating active permission set to 'default'
2026-07-02 05:26:57.883 +02:00 [INF] Acquiring context lock... (0ms)
2026-07-02 05:26:57.883 +02:00 [INF] Acquired. (0ms)
2026-07-02 05:26:57.884 +02:00 [INF] Beginning context dispose. (0ms)
2026-07-02 05:26:57.884 +02:00 [INF] GC.SuppressFinalize (0ms)
2026-07-02 05:26:57.885 +02:00 [INF] InternalDispose() completed. (0ms)
2026-07-02 05:26:57.885 +02:00 [INF] Clearing instance... (1ms)
2026-07-02 05:26:57.885 +02:00 [INF] Releasing context lock... (1ms)
2026-07-02 05:26:57.885 +02:00 [INF] Released. (1ms)
