2026-04-27 19:47:51.669 +06:00 [INF] Starting Intersect Client v0.8.0.0-custom+32d39132dace1351f63375b261f241297dd35be8-dirty
2026-04-27 19:47:51.871 +06:00 [INF] Discovered service type: Intersect.Plugins.PluginService
2026-04-27 19:47:51.874 +06:00 [WRN] Directory was specified as a plugin directory but does not exist: 'resources\plugins'
2026-04-27 19:47:51.875 +06:00 [INF] Discovered 0 plugins:

2026-04-27 19:47:55.286 +06:00 [INF] Connecting to 127.0.0.1:5400...
2026-04-27 19:47:55.304 +06:00 [INF] Connected [fde09053-3167-45b1-9b61-989f759a0892].
2026-04-27 19:47:55.314 +06:00 [INF] Connection approved [fde09053-3167-45b1-9b61-989f759a0892].
2026-04-27 19:47:55.410 +06:00 [INF] Updated PermissionSet 'default'
2026-04-27 19:48:04.998 +06:00 [INF] Updated PermissionSet 'admin'
2026-04-27 19:48:04.999 +06:00 [INF] Updating active permission set to 'admin'
2026-04-27 19:48:05.139 +06:00 [WRN] Unable to add '_buttonLogout' to the JSON of MainMenu.SelectCharacterWindow._innerPanel._buttonsPanel because a sibling shares the same name
2026-04-27 19:48:05.705 +06:00 [WRN] 'Me' is null.
2026-04-27 19:48:06.263 +06:00 [INF] Built VBO for map 27c6a7b2-4e9f-4316-9a0f-e13ec8e16ba2 'Forest' in 9.7607ms
2026-04-27 19:48:08.291 +06:00 [INF] Built VBO for map c15f8299-8999-471f-9760-388ff4cdec7c 'Forest' in 9.2489ms
2026-04-27 19:52:45.144 +06:00 [INF] System window closing (due to user interaction most likely).
2026-04-27 19:52:45.147 +06:00 [INF] Disconnected [fde09053-3167-45b1-9b61-989f759a0892].
2026-04-27 19:52:45.148 +06:00 [INF] Updating active permission set to 'default'
2026-04-27 19:52:45.186 +06:00 [INF] Acquiring context lock... (0ms)
2026-04-27 19:52:45.186 +06:00 [INF] Acquired. (0ms)
2026-04-27 19:52:45.187 +06:00 [INF] Beginning context dispose. (0ms)
2026-04-27 19:52:45.188 +06:00 [INF] GC.SuppressFinalize (0ms)
2026-04-27 19:52:45.188 +06:00 [INF] InternalDispose() completed. (0ms)
2026-04-27 19:52:45.188 +06:00 [INF] Clearing instance... (1ms)
2026-04-27 19:52:45.188 +06:00 [INF] Releasing context lock... (1ms)
2026-04-27 19:52:45.188 +06:00 [INF] Released. (1ms)
