2026-03-22 20:05:19.008 +01:00 [INF] Starting Intersect Client v0.8.0.0-custom+32d39132dace1351f63375b261f241297dd35be8-dirty
2026-03-22 20:05:19.343 +01:00 [INF] Discovered service type: Intersect.Plugins.PluginService
2026-03-22 20:05:19.350 +01:00 [WRN] Directory was specified as a plugin directory but does not exist: 'resources\plugins'
2026-03-22 20:05:19.351 +01:00 [INF] Discovered 0 plugins:

2026-03-22 20:05:22.791 +01:00 [INF] Connecting to 127.0.0.1:5400...
2026-03-22 20:05:22.813 +01:00 [INF] Connected [b19c77ca-06df-4d5d-b448-ec3b43087788].
2026-03-22 20:05:22.843 +01:00 [INF] Connection approved [b19c77ca-06df-4d5d-b448-ec3b43087788].
2026-03-22 20:05:22.911 +01:00 [INF] Updated PermissionSet 'default'
2026-03-22 20:05:23.922 +01:00 [INF] Updated PermissionSet 'admin'
2026-03-22 20:05:23.922 +01:00 [INF] Updating active permission set to 'admin'
2026-03-22 20:05:24.048 +01:00 [WRN] Unable to add '_buttonLogout' to the JSON of MainMenu.SelectCharacterWindow._innerPanel._buttonsPanel because a sibling shares the same name
2026-03-22 20:05:24.927 +01:00 [WRN] 'Me' is null.
2026-03-22 20:05:25.421 +01:00 [INF] Built VBO for map 27c6a7b2-4e9f-4316-9a0f-e13ec8e16ba2 'New Map' in 17.4926ms
2026-03-22 20:05:25.429 +01:00 [INF] Built VBO for map 23382d57-1bd1-403a-8f4f-50e5ad24e8a0 'test1' in 3.2179ms
2026-03-22 20:05:43.545 +01:00 [INF] Built VBO for map 73ba8458-f8de-4f78-a254-c91b18418ed0 'test 3' in 6.9851ms
2026-03-22 20:05:43.548 +01:00 [INF] Built VBO for map 850ddb26-5568-4376-b8e0-346c04cb81ef 'test 4' in 2.1465ms
2026-03-22 20:35:51.864 +01:00 [INF] System window closing (due to user interaction most likely).
2026-03-22 20:35:51.868 +01:00 [INF] Disconnected [b19c77ca-06df-4d5d-b448-ec3b43087788].
2026-03-22 20:35:51.868 +01:00 [INF] Updating active permission set to 'default'
2026-03-22 20:35:51.888 +01:00 [INF] Acquiring context lock... (0ms)
2026-03-22 20:35:51.888 +01:00 [INF] Acquired. (0ms)
2026-03-22 20:35:51.889 +01:00 [INF] Beginning context dispose. (0ms)
2026-03-22 20:35:51.889 +01:00 [INF] GC.SuppressFinalize (0ms)
2026-03-22 20:35:51.889 +01:00 [INF] InternalDispose() completed. (0ms)
2026-03-22 20:35:51.890 +01:00 [INF] Clearing instance... (1ms)
2026-03-22 20:35:51.890 +01:00 [INF] Releasing context lock... (1ms)
2026-03-22 20:35:51.890 +01:00 [INF] Released. (1ms)
