2026-03-19 15:34:16.168 +01:00 [INF] Starting Intersect Client v0.8.0.0-custom+32d39132dace1351f63375b261f241297dd35be8-dirty
2026-03-19 15:34:16.415 +01:00 [INF] Discovered service type: Intersect.Plugins.PluginService
2026-03-19 15:34:16.423 +01:00 [WRN] Directory was specified as a plugin directory but does not exist: 'resources\plugins'
2026-03-19 15:34:16.423 +01:00 [INF] Discovered 0 plugins:

2026-03-19 15:34:18.999 +01:00 [INF] Connecting to 127.0.0.1:5400...
2026-03-19 15:34:19.021 +01:00 [INF] Connected [33bb2de3-baa5-4b8b-9c98-e7cdf9b79227].
2026-03-19 15:34:19.032 +01:00 [INF] Connection approved [33bb2de3-baa5-4b8b-9c98-e7cdf9b79227].
2026-03-19 15:34:19.124 +01:00 [INF] Updated PermissionSet 'default'
2026-03-19 15:34:20.499 +01:00 [INF] Updated PermissionSet 'admin'
2026-03-19 15:34:20.499 +01:00 [INF] Updating active permission set to 'admin'
2026-03-19 15:34:20.644 +01:00 [WRN] Unable to add '_buttonLogout' to the JSON of MainMenu.SelectCharacterWindow._innerPanel._buttonsPanel because a sibling shares the same name
2026-03-19 15:34:21.939 +01:00 [WRN] 'Me' is null.
2026-03-19 15:34:22.414 +01:00 [INF] Built VBO for map a9f5fb5f-a2e8-421b-9906-03dae4b6224a 'New Map' in 15.8797ms
2026-03-19 15:35:18.921 +01:00 [INF] System window closing (due to user interaction most likely).
2026-03-19 15:35:18.924 +01:00 [INF] Disconnected [33bb2de3-baa5-4b8b-9c98-e7cdf9b79227].
2026-03-19 15:35:18.925 +01:00 [INF] Updating active permission set to 'default'
2026-03-19 15:35:18.952 +01:00 [INF] Acquiring context lock... (0ms)
2026-03-19 15:35:18.952 +01:00 [INF] Acquired. (0ms)
2026-03-19 15:35:18.953 +01:00 [INF] Beginning context dispose. (0ms)
2026-03-19 15:35:18.954 +01:00 [INF] GC.SuppressFinalize (0ms)
2026-03-19 15:35:18.954 +01:00 [INF] InternalDispose() completed. (0ms)
2026-03-19 15:35:18.954 +01:00 [INF] Clearing instance... (1ms)
2026-03-19 15:35:18.954 +01:00 [INF] Releasing context lock... (1ms)
2026-03-19 15:35:18.954 +01:00 [INF] Released. (1ms)
