2026-06-21 17:50:35.893 +02:00 [INF] Starting Intersect Client v0.8.0.0-custom+32d39132dace1351f63375b261f241297dd35be8-dirty
2026-06-21 17:50:36.112 +02:00 [INF] Discovered service type: Intersect.Plugins.PluginService
2026-06-21 17:50:36.117 +02:00 [WRN] Directory was specified as a plugin directory but does not exist: 'resources\plugins'
2026-06-21 17:50:36.118 +02:00 [INF] Discovered 0 plugins:

2026-06-21 17:50:39.871 +02:00 [INF] Connecting to 127.0.0.1:5400...
2026-06-21 17:50:39.889 +02:00 [INF] Connected [bb5626e6-77a8-4c70-8e49-8c819abc636e].
2026-06-21 17:50:39.910 +02:00 [INF] Connection approved [bb5626e6-77a8-4c70-8e49-8c819abc636e].
2026-06-21 17:50:40.001 +02:00 [INF] Updated PermissionSet 'default'
2026-06-21 17:50:46.747 +02:00 [INF] Updated PermissionSet 'admin'
2026-06-21 17:50:46.747 +02:00 [INF] Updating active permission set to 'admin'
2026-06-21 17:50:47.523 +02:00 [WRN] 'Me' is null.
2026-06-21 17:50:48.279 +02:00 [ERR] Exception thrown while trying to load 'resources/tilesets/water_shore_marker.png'
System.IO.FileNotFoundException: Could not find file 'F:\game code engine\Intersect_New\Intersect.Client\resources\tilesets\water_shore_marker.png'.
File name: 'F:\game code engine\Intersect_New\Intersect.Client\resources\tilesets\water_shore_marker.png'
   at Microsoft.Win32.SafeHandles.SafeFileHandle.CreateFile(String fullPath, FileMode mode, FileAccess access, FileShare share, FileOptions options)
   at Microsoft.Win32.SafeHandles.SafeFileHandle.Open(String fullPath, FileMode mode, FileAccess access, FileShare share, FileOptions options, Int64 preallocationSize, Nullable`1 unixCreateMode)
   at System.IO.Strategies.OSFileStreamStrategy..ctor(String path, FileMode mode, FileAccess access, FileShare share, FileOptions options, Int64 preallocationSize, Nullable`1 unixCreateMode)
   at System.IO.Strategies.FileStreamHelpers.ChooseStrategyCore(String path, FileMode mode, FileAccess access, FileShare share, FileOptions options, Int64 preallocationSize, Nullable`1 unixCreateMode)
   at System.IO.File.OpenRead(String path)
   at Intersect.Client.Framework.Graphics.GameRenderer.<>c__DisplayClass181_0.<LoadTexture>b__0() in F:\game code engine\Intersect_New\Intersect.Client.Framework\Graphics\GameRenderer.cs:line 1011
   at Intersect.Client.Framework.Graphics.GameTexture`2.LoadPlatformTexture(Boolean force) in F:\game code engine\Intersect_New\Intersect.Client.Framework\Graphics\GameTexture.cs:line 279
2026-06-21 17:50:48.292 +02:00 [INF] Built VBO for map 9802b09c-f592-4d93-8e11-d3424500716c 'Forest' in 47.3682ms
2026-06-21 17:50:48.302 +02:00 [INF] Built VBO for map 15601ad4-9f26-4abe-a6c9-3a7eebaa3045 'Forest' in 8.9171ms
2026-06-21 17:50:48.423 +02:00 [INF] Built VBO for map a31f210c-f5fb-48bf-9db2-45fab2293a4c 'Forest' in 118.0755ms
2026-06-21 17:50:48.736 +02:00 [INF] Built VBO for map 27c6a7b2-4e9f-4316-9a0f-e13ec8e16ba2 'Forest' in 307.3452ms
2026-06-21 17:50:48.747 +02:00 [INF] Built VBO for map e341d25d-5ff4-4cd6-bcd5-2f2cda710c86 'town' in 7.9694ms
2026-06-21 17:51:31.413 +02:00 [WRN] 'Me' is null.
2026-06-21 17:51:32.020 +02:00 [INF] Built VBO for map 9802b09c-f592-4d93-8e11-d3424500716c 'Forest' in 3.9216ms
2026-06-21 17:51:32.025 +02:00 [INF] Built VBO for map 15601ad4-9f26-4abe-a6c9-3a7eebaa3045 'Forest' in 4.1874ms
2026-06-21 17:51:32.073 +02:00 [INF] Built VBO for map a31f210c-f5fb-48bf-9db2-45fab2293a4c 'Forest' in 45.4044ms
2026-06-21 17:51:32.410 +02:00 [INF] Built VBO for map 27c6a7b2-4e9f-4316-9a0f-e13ec8e16ba2 'Forest' in 336.9631ms
2026-06-21 17:51:32.418 +02:00 [INF] Built VBO for map e341d25d-5ff4-4cd6-bcd5-2f2cda710c86 'town' in 3.8767ms
2026-06-21 17:52:57.745 +02:00 [WRN] 'Me' is null.
2026-06-21 17:52:58.071 +02:00 [INF] Built VBO for map 9802b09c-f592-4d93-8e11-d3424500716c 'Forest' in 3.6286ms
2026-06-21 17:52:58.075 +02:00 [INF] Built VBO for map 15601ad4-9f26-4abe-a6c9-3a7eebaa3045 'Forest' in 3.9501ms
2026-06-21 17:52:58.123 +02:00 [INF] Built VBO for map a31f210c-f5fb-48bf-9db2-45fab2293a4c 'Forest' in 41.8716ms
2026-06-21 17:52:58.472 +02:00 [INF] Built VBO for map 27c6a7b2-4e9f-4316-9a0f-e13ec8e16ba2 'Forest' in 348.7786ms
2026-06-21 17:52:58.479 +02:00 [INF] Built VBO for map e341d25d-5ff4-4cd6-bcd5-2f2cda710c86 'town' in 4.1138ms
2026-06-21 18:16:33.693 +02:00 [INF] System window closing (due to user interaction most likely).
2026-06-21 18:16:33.696 +02:00 [INF] Disconnected [bb5626e6-77a8-4c70-8e49-8c819abc636e].
2026-06-21 18:16:33.696 +02:00 [INF] Updating active permission set to 'default'
2026-06-21 18:16:33.728 +02:00 [INF] Acquiring context lock... (0ms)
2026-06-21 18:16:33.728 +02:00 [INF] Acquired. (0ms)
2026-06-21 18:16:33.729 +02:00 [INF] Beginning context dispose. (0ms)
2026-06-21 18:16:33.729 +02:00 [INF] GC.SuppressFinalize (0ms)
2026-06-21 18:16:33.729 +02:00 [INF] InternalDispose() completed. (0ms)
2026-06-21 18:16:33.729 +02:00 [INF] Clearing instance... (1ms)
2026-06-21 18:16:33.729 +02:00 [INF] Releasing context lock... (1ms)
2026-06-21 18:16:33.729 +02:00 [INF] Released. (1ms)
