2026-07-01 18:12:28.225 +02:00 [INF] Starting Intersect Client v0.8.0.0-custom+32d39132dace1351f63375b261f241297dd35be8-dirty
2026-07-01 18:12:28.514 +02:00 [INF] Discovered service type: Intersect.Plugins.PluginService
2026-07-01 18:12:28.518 +02:00 [WRN] Directory was specified as a plugin directory but does not exist: 'resources\plugins'
2026-07-01 18:12:28.520 +02:00 [INF] Discovered 0 plugins:

2026-07-01 18:12:32.061 +02:00 [INF] Connecting to 127.0.0.1:5400...
2026-07-01 18:12:32.085 +02:00 [INF] Connected [89ff051b-2a98-46bc-a2c8-e78f782b6eb5].
2026-07-01 18:12:32.099 +02:00 [INF] Connection approved [89ff051b-2a98-46bc-a2c8-e78f782b6eb5].
2026-07-01 18:12:32.219 +02:00 [INF] Updated PermissionSet 'default'
2026-07-01 18:12:37.715 +02:00 [INF] Updated PermissionSet 'admin'
2026-07-01 18:12:37.716 +02:00 [INF] Updating active permission set to 'admin'
2026-07-01 18:12:42.385 +02:00 [WRN] 'Me' is null.
2026-07-01 18:12:43.429 +02:00 [INF] Built VBO for map 15601ad4-9f26-4abe-a6c9-3a7eebaa3045 'Forest' in 29.3314ms
2026-07-01 18:12:43.436 +02:00 [INF] Built VBO for map d490222a-af25-4a7f-bec3-7ca8016e08d7 'New Map' in 6.7867ms
2026-07-01 18:12:43.446 +02:00 [INF] Built VBO for map 000bacda-f0e9-4a92-ab09-e55bd4ad15c1 'New Map' in 6.4064ms
2026-07-01 18:12:43.561 +02:00 [ERR] Exception thrown while trying to load 'resources/tilesets/water_shore_marker.png'
System.IO.FileNotFoundException: Could not find file 'F:\game code engine\Intersect_New\Intersect.Client\resources\tilesets\water_shore_marker.png'.
File name: 'F:\game code engine\Intersect_New\Intersect.Client\resources\tilesets\water_shore_marker.png'
   at Microsoft.Win32.SafeHandles.SafeFileHandle.CreateFile(String fullPath, FileMode mode, FileAccess access, FileShare share, FileOptions options)
   at Microsoft.Win32.SafeHandles.SafeFileHandle.Open(String fullPath, FileMode mode, FileAccess access, FileShare share, FileOptions options, Int64 preallocationSize, Nullable`1 unixCreateMode)
   at System.IO.Strategies.OSFileStreamStrategy..ctor(String path, FileMode mode, FileAccess access, FileShare share, FileOptions options, Int64 preallocationSize, Nullable`1 unixCreateMode)
   at System.IO.Strategies.FileStreamHelpers.ChooseStrategyCore(String path, FileMode mode, FileAccess access, FileShare share, FileOptions options, Int64 preallocationSize, Nullable`1 unixCreateMode)
   at System.IO.File.OpenRead(String path)
   at Intersect.Client.Framework.Graphics.GameRenderer.<>c__DisplayClass181_0.<LoadTexture>b__0() in F:\game code engine\Intersect_New\Intersect.Client.Framework\Graphics\GameRenderer.cs:line 1012
   at Intersect.Client.Framework.Graphics.GameTexture`2.LoadPlatformTexture(Boolean force) in F:\game code engine\Intersect_New\Intersect.Client.Framework\Graphics\GameTexture.cs:line 279
2026-07-01 18:12:43.562 +02:00 [INF] Built VBO for map 27c6a7b2-4e9f-4316-9a0f-e13ec8e16ba2 'Forest' in 115.2862ms
2026-07-01 18:12:43.579 +02:00 [INF] Built VBO for map e341d25d-5ff4-4cd6-bcd5-2f2cda710c86 'Greenfall Vale' in 15.975ms
2026-07-01 18:12:43.587 +02:00 [INF] Built VBO for map f519d3ea-b6f4-4b17-b87a-1dcf003cd3ec 'New Map' in 6.6486ms
2026-07-01 18:13:34.279 +02:00 [INF] Built VBO for map 15601ad4-9f26-4abe-a6c9-3a7eebaa3045 'Forest' in 4.1579ms
2026-07-01 18:13:34.298 +02:00 [INF] Built VBO for map 27c6a7b2-4e9f-4316-9a0f-e13ec8e16ba2 'Forest' in 18.0762ms
2026-07-01 18:13:35.088 +02:00 [INF] Built VBO for map 9802b09c-f592-4d93-8e11-d3424500716c 'Deep Forest' in 6.5825ms
2026-07-01 18:13:35.670 +02:00 [INF] Built VBO for map a31f210c-f5fb-48bf-9db2-45fab2293a4c 'Forest' in 64.8806ms
2026-07-01 18:15:04.549 +02:00 [INF] System window closing (due to user interaction most likely).
2026-07-01 18:15:04.552 +02:00 [INF] Disconnected [89ff051b-2a98-46bc-a2c8-e78f782b6eb5].
2026-07-01 18:15:04.553 +02:00 [INF] Updating active permission set to 'default'
2026-07-01 18:15:04.587 +02:00 [INF] Acquiring context lock... (0ms)
2026-07-01 18:15:04.587 +02:00 [INF] Acquired. (0ms)
2026-07-01 18:15:04.588 +02:00 [INF] Beginning context dispose. (0ms)
2026-07-01 18:15:04.588 +02:00 [INF] GC.SuppressFinalize (0ms)
2026-07-01 18:15:04.588 +02:00 [INF] InternalDispose() completed. (0ms)
2026-07-01 18:15:04.588 +02:00 [INF] Clearing instance... (1ms)
2026-07-01 18:15:04.588 +02:00 [INF] Releasing context lock... (1ms)
2026-07-01 18:15:04.588 +02:00 [INF] Released. (1ms)
