2026-03-19 15:16:37.127 +01:00 [INF] Starting Intersect Client v0.8.0.0-custom+32d39132dace1351f63375b261f241297dd35be8-dirty
2026-03-19 15:16:37.374 +01:00 [INF] Discovered service type: Intersect.Plugins.PluginService
2026-03-19 15:16:37.382 +01:00 [WRN] Directory was specified as a plugin directory but does not exist: 'resources\plugins'
2026-03-19 15:16:37.383 +01:00 [INF] Discovered 0 plugins:

2026-03-19 15:16:39.610 +01:00 [INF] Connecting to 127.0.0.1:5400...
2026-03-19 15:16:39.632 +01:00 [INF] Connected [18a5fee3-5f27-45a8-9b5a-9b1e383467de].
2026-03-19 15:16:39.642 +01:00 [INF] Connection approved [18a5fee3-5f27-45a8-9b5a-9b1e383467de].
2026-03-19 15:16:39.744 +01:00 [INF] Updated PermissionSet 'default'
2026-03-19 15:16:41.163 +01:00 [INF] Updated PermissionSet 'admin'
2026-03-19 15:16:41.164 +01:00 [INF] Updating active permission set to 'admin'
2026-03-19 15:16:41.308 +01:00 [WRN] Unable to add '_buttonLogout' to the JSON of MainMenu.SelectCharacterWindow._innerPanel._buttonsPanel because a sibling shares the same name
2026-03-19 15:16:42.203 +01:00 [WRN] 'Me' is null.
2026-03-19 15:16:42.664 +01:00 [INF] Built VBO for map a9f5fb5f-a2e8-421b-9906-03dae4b6224a 'New Map' in 15.3557ms
2026-03-19 15:18:06.708 +01:00 [INF] System window closing (due to user interaction most likely).
2026-03-19 15:18:06.711 +01:00 [INF] Disconnected [18a5fee3-5f27-45a8-9b5a-9b1e383467de].
2026-03-19 15:18:06.712 +01:00 [INF] Updating active permission set to 'default'
2026-03-19 15:18:06.739 +01:00 [INF] Acquiring context lock... (0ms)
2026-03-19 15:18:06.739 +01:00 [INF] Acquired. (0ms)
2026-03-19 15:18:06.740 +01:00 [INF] Beginning context dispose. (0ms)
2026-03-19 15:18:06.740 +01:00 [INF] GC.SuppressFinalize (0ms)
2026-03-19 15:18:06.740 +01:00 [INF] InternalDispose() completed. (0ms)
2026-03-19 15:18:06.740 +01:00 [INF] Clearing instance... (1ms)
2026-03-19 15:18:06.740 +01:00 [INF] Releasing context lock... (1ms)
2026-03-19 15:18:06.740 +01:00 [INF] Released. (1ms)
