2026-07-15 15:40:19.053 +02:00 [INF] Starting Intersect Client v0.8.0.0-custom+32d39132dace1351f63375b261f241297dd35be8-dirty
2026-07-15 15:40:19.291 +02:00 [INF] Discovered service type: Intersect.Plugins.PluginService
2026-07-15 15:40:19.294 +02:00 [WRN] Directory was specified as a plugin directory but does not exist: 'resources\plugins'
2026-07-15 15:40:19.295 +02:00 [INF] Discovered 0 plugins:

2026-07-15 15:40:19.796 +02:00 [INF] Graphics pacing configured: targetMode=-1, vsync=false, fixedStep=false, backBuffer=1760x990
2026-07-15 15:40:24.782 +02:00 [INF] Connecting to 127.0.0.1:5400...
2026-07-15 15:40:24.804 +02:00 [INF] Connected [8042d8d6-b8f0-4ad2-ab4b-baea464e9fe1].
2026-07-15 15:40:24.821 +02:00 [INF] Connection approved [8042d8d6-b8f0-4ad2-ab4b-baea464e9fe1].
2026-07-15 15:40:24.917 +02:00 [INF] Updated PermissionSet 'default'
2026-07-15 15:40:29.440 +02:00 [INF] Updated PermissionSet 'admin'
2026-07-15 15:40:29.441 +02:00 [INF] Updating active permission set to 'admin'
2026-07-15 15:40:32.512 +02:00 [WRN] 'Me' is null.
2026-07-15 15:40:33.538 +02:00 [INF] Built VBO for map 9802b09c-f592-4d93-8e11-d3424500716c 'Deep Forest' in 53.9263ms
2026-07-15 15:40:33.552 +02:00 [INF] Built VBO for map 15601ad4-9f26-4abe-a6c9-3a7eebaa3045 'Forest' in 10.6819ms
2026-07-15 15:40:33.569 +02:00 [INF] Built VBO for map d490222a-af25-4a7f-bec3-7ca8016e08d7 'New Map' in 12.9701ms
2026-07-15 15:40:33.692 +02:00 [INF] Built VBO for map a31f210c-f5fb-48bf-9db2-45fab2293a4c 'Forest' in 118.9051ms
2026-07-15 15:40:33.757 +02:00 [INF] Built VBO for map 27c6a7b2-4e9f-4316-9a0f-e13ec8e16ba2 'Forest' in 60.7298ms
2026-07-15 15:40:33.779 +02:00 [INF] Built VBO for map e341d25d-5ff4-4cd6-bcd5-2f2cda710c86 'Greenfall Vale' in 20.3057ms
2026-07-15 15:40:39.059 +02:00 [INF] Client frame profile: measured=76.7fps counter=108 targetMode=-1; interval=13.03/777.06ms avg/max; update=0.28/23.65ms (1.00 calls/frame); draw=13.24/751.47ms; world=10.81/718.76ms [scene=10.49/711.77, scene-detail=[tiles=1.00ms/36.9draws (geometry=0.59ms/36.9draws, water=0.41ms/0.0draws), objects=7.40ms/73.8draws, procedural=0.00ms/0.0draws, entities=0.88ms/0.3draws, effects=0.49ms/2.0draws, weather=0.50ms/0.0draws, other=0.21ms], lighting=0.04/5.53, post=0.08/15.47, overlays=0.10/6.72, other=0.11]; gui=2.38/73.20ms [update=2.07/52.79 (minimap=1.50/31.72 [compact=1.50, fullmap=0.00/0.00], other=0.57), render=0.30/20.41, other=0.00]; finish=0.03/1.43ms; outside-update-draw=0.00ms; draws=155, maps=4, entities=13, lights=2
2026-07-15 15:40:44.063 +02:00 [INF] Client frame profile: measured=105.3fps counter=107 targetMode=-1; interval=9.50/39.17ms avg/max; update=0.09/5.05ms (1.00 calls/frame); draw=9.30/38.02ms; world=7.49/26.96ms [scene=7.27/26.73, scene-detail=[tiles=0.87ms/37.0draws (geometry=0.58ms/37.0draws, water=0.29ms/0.0draws), objects=5.40ms/74.0draws, procedural=0.00ms/0.0draws, entities=0.30ms/0.0draws, effects=0.08ms/2.0draws, weather=0.49ms/0.0draws, other=0.14ms], lighting=0.03/0.10, post=0.04/0.27, overlays=0.06/0.21, other=0.09]; gui=1.78/13.44ms [update=1.35/13.00 (minimap=0.93/12.50 [compact=0.93, fullmap=0.00/0.00], other=0.42), render=0.43/1.11, other=0.00]; finish=0.03/0.13ms; outside-update-draw=0.10ms; draws=155, maps=4, entities=13, lights=2
2026-07-15 15:40:49.065 +02:00 [INF] Client frame profile: measured=109.2fps counter=104 targetMode=-1; interval=9.16/28.21ms avg/max; update=0.08/3.92ms (1.00 calls/frame); draw=9.01/28.11ms; world=7.31/26.97ms [scene=7.10/26.66, scene-detail=[tiles=0.85ms/37.0draws (geometry=0.55ms/37.0draws, water=0.29ms/0.0draws), objects=5.28ms/74.0draws, procedural=0.00ms/0.0draws, entities=0.28ms/0.0draws, effects=0.08ms/2.0draws, weather=0.47ms/0.0draws, other=0.13ms], lighting=0.03/0.08, post=0.03/0.10, overlays=0.06/0.12, other=0.09]; gui=1.66/14.31ms [update=1.25/13.52 (minimap=0.85/12.86 [compact=0.85, fullmap=0.00/0.00], other=0.40), render=0.41/0.80, other=0.00]; finish=0.02/0.08ms; outside-update-draw=0.08ms; draws=159, maps=4, entities=13, lights=2
2026-07-15 15:40:54.375 +02:00 [INF] Client frame profile: measured=94.5fps counter=59 targetMode=-1; interval=10.58/637.12ms avg/max; update=0.07/4.76ms (1.00 calls/frame); draw=9.10/37.35ms; world=7.40/28.20ms [scene=7.19/27.89, scene-detail=[tiles=0.84ms/37.0draws (geometry=0.55ms/37.0draws, water=0.29ms/0.0draws), objects=5.29ms/74.0draws, procedural=0.00ms/0.0draws, entities=0.37ms/1.0draws, effects=0.08ms/2.0draws, weather=0.48ms/0.0draws, other=0.13ms], lighting=0.02/0.06, post=0.03/0.07, overlays=0.06/0.12, other=0.09]; gui=1.67/11.41ms [update=1.28/11.17 (minimap=0.90/10.70 [compact=0.90, fullmap=0.00/0.00], other=0.39), render=0.38/0.77, other=0.00]; finish=0.02/0.05ms; outside-update-draw=1.41ms; draws=155, maps=4, entities=13, lights=2
2026-07-15 15:40:58.001 +02:00 [WRN] 'Me' is null.
2026-07-15 15:40:58.001 +02:00 [WRN] 'Me' is null.
2026-07-15 15:40:58.001 +02:00 [WRN] 'Me' is null.
2026-07-15 15:40:58.001 +02:00 [WRN] 'Me' is null.
2026-07-15 15:40:58.001 +02:00 [WRN] 'Me' is null.
2026-07-15 15:40:58.001 +02:00 [WRN] 'Me' is null.
2026-07-15 15:40:58.001 +02:00 [WRN] 'Me' is null.
2026-07-15 15:40:58.001 +02:00 [WRN] 'Me' is null.
2026-07-15 15:40:58.001 +02:00 [WRN] 'Me' is null.
2026-07-15 15:40:58.001 +02:00 [WRN] 'Me' is null.
2026-07-15 15:41:00.693 +02:00 [INF] Disconnected [8042d8d6-b8f0-4ad2-ab4b-baea464e9fe1].
2026-07-15 15:41:00.694 +02:00 [INF] Updating active permission set to 'default'
2026-07-15 15:41:01.354 +02:00 [INF] User clicked exit button.
2026-07-15 15:41:01.355 +02:00 [INF] System window closing (due to user interaction most likely).
2026-07-15 15:41:01.386 +02:00 [INF] Acquiring context lock... (0ms)
2026-07-15 15:41:01.386 +02:00 [INF] Acquired. (0ms)
2026-07-15 15:41:01.386 +02:00 [INF] Beginning context dispose. (0ms)
2026-07-15 15:41:01.387 +02:00 [INF] GC.SuppressFinalize (0ms)
2026-07-15 15:41:01.387 +02:00 [INF] InternalDispose() completed. (0ms)
2026-07-15 15:41:01.387 +02:00 [INF] Clearing instance... (1ms)
2026-07-15 15:41:01.387 +02:00 [INF] Releasing context lock... (1ms)
2026-07-15 15:41:01.387 +02:00 [INF] Released. (1ms)
