2026-06-28 19:08:47.895 +02:00 [INF] Starting Intersect Client v0.8.0.0-custom+32d39132dace1351f63375b261f241297dd35be8-dirty
2026-06-28 19:08:48.255 +02:00 [INF] Discovered service type: Intersect.Plugins.PluginService
2026-06-28 19:08:48.259 +02:00 [WRN] Directory was specified as a plugin directory but does not exist: 'resources\plugins'
2026-06-28 19:08:48.259 +02:00 [INF] Discovered 0 plugins:

2026-06-28 19:08:50.692 +02:00 [INF] Connecting to 127.0.0.1:5400...
2026-06-28 19:08:50.701 +02:00 [INF] Connected [eb1f736b-6dd4-4c90-8ec4-0631056eb9a1].
2026-06-28 19:08:50.707 +02:00 [INF] Connection approved [eb1f736b-6dd4-4c90-8ec4-0631056eb9a1].
2026-06-28 19:08:50.832 +02:00 [INF] Updated PermissionSet 'default'
2026-06-28 19:08:50.832 +02:00 [INF] Updated PermissionSet 'admin'
2026-06-28 19:11:07.058 +02:00 [INF] Disconnected [eb1f736b-6dd4-4c90-8ec4-0631056eb9a1].
2026-06-28 19:11:39.627 +02:00 [INF] Connecting to 127.0.0.1:5400...
2026-06-28 19:11:39.632 +02:00 [INF] Connected [e87f7f88-c0e1-4c43-b34a-3fd2e78d40a9].
2026-06-28 19:11:39.645 +02:00 [INF] Connection approved [e87f7f88-c0e1-4c43-b34a-3fd2e78d40a9].
2026-06-28 19:11:39.661 +02:00 [INF] Updated PermissionSet 'default'
2026-06-28 19:12:38.203 +02:00 [INF] Updated PermissionSet 'admin'
2026-06-28 19:12:43.403 +02:00 [WRN] 'Me' is null.
2026-06-28 19:12:44.056 +02:00 [INF] Built VBO for map 15601ad4-9f26-4abe-a6c9-3a7eebaa3045 'Forest' in 30.1653ms
2026-06-28 19:12:44.175 +02:00 [ERR] Exception thrown while trying to load 'resources/tilesets/water_shore_marker.png'
System.IO.FileNotFoundException: Could not find file 'F:\game code engine\Intersect_New\Intersect.Client\resources\tilesets\water_shore_marker.png'.
File name: 'F:\game code engine\Intersect_New\Intersect.Client\resources\tilesets\water_shore_marker.png'
   at Microsoft.Win32.SafeHandles.SafeFileHandle.CreateFile(String fullPath, FileMode mode, FileAccess access, FileShare share, FileOptions options)
   at Microsoft.Win32.SafeHandles.SafeFileHandle.Open(String fullPath, FileMode mode, FileAccess access, FileShare share, FileOptions options, Int64 preallocationSize, Nullable`1 unixCreateMode)
   at System.IO.Strategies.OSFileStreamStrategy..ctor(String path, FileMode mode, FileAccess access, FileShare share, FileOptions options, Int64 preallocationSize, Nullable`1 unixCreateMode)
   at System.IO.Strategies.FileStreamHelpers.ChooseStrategyCore(String path, FileMode mode, FileAccess access, FileShare share, FileOptions options, Int64 preallocationSize, Nullable`1 unixCreateMode)
   at System.IO.File.OpenRead(String path)
   at Intersect.Client.Framework.Graphics.GameRenderer.<>c__DisplayClass181_0.<LoadTexture>b__0() in F:\game code engine\Intersect_New\Intersect.Client.Framework\Graphics\GameRenderer.cs:line 1011
   at Intersect.Client.Framework.Graphics.GameTexture`2.LoadPlatformTexture(Boolean force) in F:\game code engine\Intersect_New\Intersect.Client.Framework\Graphics\GameTexture.cs:line 279
2026-06-28 19:12:44.529 +02:00 [INF] Built VBO for map 27c6a7b2-4e9f-4316-9a0f-e13ec8e16ba2 'Forest' in 472.3224ms
2026-06-28 19:12:44.555 +02:00 [INF] Built VBO for map e341d25d-5ff4-4cd6-bcd5-2f2cda710c86 'town' in 21.2639ms
2026-06-28 19:17:25.827 +02:00 [INF] System window closing (due to user interaction most likely).
2026-06-28 19:17:25.828 +02:00 [INF] Disconnected [e87f7f88-c0e1-4c43-b34a-3fd2e78d40a9].
2026-06-28 19:17:25.829 +02:00 [INF] Updating active permission set to 'default'
2026-06-28 19:17:25.873 +02:00 [INF] Acquiring context lock... (0ms)
2026-06-28 19:17:25.873 +02:00 [INF] Acquired. (0ms)
2026-06-28 19:17:25.874 +02:00 [INF] Beginning context dispose. (0ms)
2026-06-28 19:17:25.874 +02:00 [INF] GC.SuppressFinalize (0ms)
2026-06-28 19:17:25.874 +02:00 [INF] InternalDispose() completed. (0ms)
2026-06-28 19:17:25.875 +02:00 [INF] Clearing instance... (1ms)
2026-06-28 19:17:25.875 +02:00 [INF] Releasing context lock... (1ms)
2026-06-28 19:17:25.875 +02:00 [INF] Released. (2ms)
