2026-06-02 03:03:41.641 +02:00 [INF] Starting Intersect Client v0.8.0.0-custom+32d39132dace1351f63375b261f241297dd35be8-dirty
2026-06-02 03:03:41.852 +02:00 [INF] Discovered service type: Intersect.Plugins.PluginService
2026-06-02 03:03:41.856 +02:00 [WRN] Directory was specified as a plugin directory but does not exist: 'resources\plugins'
2026-06-02 03:03:41.857 +02:00 [INF] Discovered 0 plugins:

2026-06-02 03:03:44.860 +02:00 [INF] Connecting to 127.0.0.1:5400...
2026-06-02 03:03:44.869 +02:00 [INF] Connected [90218311-12df-4645-86bf-653f26f05258].
2026-06-02 03:03:44.885 +02:00 [INF] Connection approved [90218311-12df-4645-86bf-653f26f05258].
2026-06-02 03:03:44.967 +02:00 [INF] Updated PermissionSet 'default'
2026-06-02 03:03:44.967 +02:00 [INF] Updated PermissionSet 'admin'
2026-06-02 03:03:48.843 +02:00 [INF] Updating active permission set to 'admin'
2026-06-02 03:03:49.518 +02:00 [WRN] 'Me' is null.
2026-06-02 03:03:50.521 +02:00 [INF] Built VBO for map 27c6a7b2-4e9f-4316-9a0f-e13ec8e16ba2 'Forest' in 73.635ms
2026-06-02 03:03:57.341 +02:00 [INF] Built VBO for map e341d25d-5ff4-4cd6-bcd5-2f2cda710c86 'Forest' in 8.5174ms
2026-06-02 03:04:04.383 +02:00 [INF] Built VBO for map 27c6a7b2-4e9f-4316-9a0f-e13ec8e16ba2 'Forest' in 44.8859ms
2026-06-02 03:04:04.395 +02:00 [INF] Built VBO for map e341d25d-5ff4-4cd6-bcd5-2f2cda710c86 'Forest' in 3.8424ms
2026-06-02 03:04:22.780 +02:00 [INF] Built VBO for map 27c6a7b2-4e9f-4316-9a0f-e13ec8e16ba2 'Forest' in 41.0459ms
2026-06-02 03:04:24.500 +02:00 [INF] Built VBO for map e341d25d-5ff4-4cd6-bcd5-2f2cda710c86 'Forest' in 3.0854ms
2026-06-02 03:04:35.079 +02:00 [INF] Built VBO for map 27c6a7b2-4e9f-4316-9a0f-e13ec8e16ba2 'Forest' in 58.3284ms
2026-06-02 03:04:55.893 +02:00 [INF] Built VBO for map 27c6a7b2-4e9f-4316-9a0f-e13ec8e16ba2 'Forest' in 40.2288ms
2026-06-02 03:05:11.042 +02:00 [INF] Built VBO for map e341d25d-5ff4-4cd6-bcd5-2f2cda710c86 'Forest' in 5.0127ms
2026-06-02 03:05:31.172 +02:00 [INF] Built VBO for map 27c6a7b2-4e9f-4316-9a0f-e13ec8e16ba2 'Forest' in 40.6417ms
2026-06-02 03:05:42.025 +02:00 [INF] Built VBO for map 27c6a7b2-4e9f-4316-9a0f-e13ec8e16ba2 'Forest' in 55.7705ms
2026-06-02 03:12:57.411 +02:00 [INF] System window closing (due to user interaction most likely).
2026-06-02 03:12:57.414 +02:00 [INF] Disconnected [90218311-12df-4645-86bf-653f26f05258].
2026-06-02 03:12:57.415 +02:00 [INF] Updating active permission set to 'default'
2026-06-02 03:12:57.453 +02:00 [INF] Acquiring context lock... (0ms)
2026-06-02 03:12:57.453 +02:00 [INF] Acquired. (0ms)
2026-06-02 03:12:57.454 +02:00 [INF] Beginning context dispose. (0ms)
2026-06-02 03:12:57.454 +02:00 [INF] GC.SuppressFinalize (0ms)
2026-06-02 03:12:57.454 +02:00 [INF] InternalDispose() completed. (0ms)
2026-06-02 03:12:57.454 +02:00 [INF] Clearing instance... (1ms)
2026-06-02 03:12:57.454 +02:00 [INF] Releasing context lock... (1ms)
2026-06-02 03:12:57.455 +02:00 [INF] Released. (1ms)
