2026-05-20 20:55:20.109 +02:00 [INF] Starting Intersect Client v0.8.0.0-custom+32d39132dace1351f63375b261f241297dd35be8-dirty
2026-05-20 20:55:20.321 +02:00 [INF] Discovered service type: Intersect.Plugins.PluginService
2026-05-20 20:55:20.325 +02:00 [WRN] Directory was specified as a plugin directory but does not exist: 'resources\plugins'
2026-05-20 20:55:20.326 +02:00 [INF] Discovered 0 plugins:

2026-05-20 20:55:24.147 +02:00 [INF] Connecting to 127.0.0.1:5400...
2026-05-20 20:55:24.166 +02:00 [INF] Connected [79f60395-9891-4746-8b19-a343aab3349b].
2026-05-20 20:55:24.175 +02:00 [INF] Connection approved [79f60395-9891-4746-8b19-a343aab3349b].
2026-05-20 20:55:24.263 +02:00 [INF] Updated PermissionSet 'default'
2026-05-20 20:55:29.763 +02:00 [INF] Updated PermissionSet 'admin'
2026-05-20 20:55:29.763 +02:00 [INF] Updating active permission set to 'admin'
2026-05-20 20:55:30.638 +02:00 [WRN] 'Me' is null.
2026-05-20 20:55:31.477 +02:00 [INF] Built VBO for map 27c6a7b2-4e9f-4316-9a0f-e13ec8e16ba2 'Forest' in 74.0459ms
2026-05-20 20:55:40.163 +02:00 [INF] Built VBO for map e341d25d-5ff4-4cd6-bcd5-2f2cda710c86 'Forest' in 7.9772ms
2026-05-20 20:56:17.931 +02:00 [INF] Built VBO for map 27c6a7b2-4e9f-4316-9a0f-e13ec8e16ba2 'Forest' in 41.0214ms
2026-05-20 20:56:17.939 +02:00 [INF] Built VBO for map e341d25d-5ff4-4cd6-bcd5-2f2cda710c86 'Forest' in 3.2548ms
2026-05-20 20:58:32.264 +02:00 [INF] Built VBO for map 27c6a7b2-4e9f-4316-9a0f-e13ec8e16ba2 'Forest' in 38.0891ms
2026-05-20 20:58:49.832 +02:00 [INF] Built VBO for map 27c6a7b2-4e9f-4316-9a0f-e13ec8e16ba2 'Forest' in 42.9883ms
2026-05-20 20:59:16.398 +02:00 [INF] Built VBO for map a31f210c-f5fb-48bf-9db2-45fab2293a4c 'Forest' in 40.2752ms
2026-05-20 20:59:18.382 +02:00 [INF] System window closing (due to user interaction most likely).
2026-05-20 20:59:18.385 +02:00 [INF] Disconnected [79f60395-9891-4746-8b19-a343aab3349b].
2026-05-20 20:59:18.386 +02:00 [INF] Updating active permission set to 'default'
2026-05-20 20:59:18.422 +02:00 [INF] Acquiring context lock... (0ms)
2026-05-20 20:59:18.422 +02:00 [INF] Acquired. (0ms)
2026-05-20 20:59:18.423 +02:00 [INF] Beginning context dispose. (0ms)
2026-05-20 20:59:18.424 +02:00 [INF] GC.SuppressFinalize (0ms)
2026-05-20 20:59:18.424 +02:00 [INF] InternalDispose() completed. (0ms)
2026-05-20 20:59:18.424 +02:00 [INF] Clearing instance... (1ms)
2026-05-20 20:59:18.424 +02:00 [INF] Releasing context lock... (1ms)
2026-05-20 20:59:18.424 +02:00 [INF] Released. (1ms)
