2026-07-06 19:04:02.533 +02:00 [INF] Starting Intersect Client v0.8.0.0-custom+32d39132dace1351f63375b261f241297dd35be8-dirty
2026-07-06 19:04:02.753 +02:00 [INF] Discovered service type: Intersect.Plugins.PluginService
2026-07-06 19:04:02.756 +02:00 [WRN] Directory was specified as a plugin directory but does not exist: 'resources\plugins'
2026-07-06 19:04:02.756 +02:00 [INF] Discovered 0 plugins:

2026-07-06 19:04:04.766 +02:00 [INF] Connecting to 127.0.0.1:5400...
2026-07-06 19:04:04.790 +02:00 [INF] Connected [de264203-d456-4ee3-bf0a-9b0c768d1411].
2026-07-06 19:04:04.805 +02:00 [INF] Connection approved [de264203-d456-4ee3-bf0a-9b0c768d1411].
2026-07-06 19:04:04.925 +02:00 [INF] Updated PermissionSet 'default'
2026-07-06 19:04:10.330 +02:00 [INF] Updated PermissionSet 'admin'
2026-07-06 19:04:10.330 +02:00 [INF] Updating active permission set to 'admin'
2026-07-06 19:04:12.374 +02:00 [WRN] 'Me' is null.
2026-07-06 19:04:13.431 +02:00 [ERR] Exception thrown while trying to load 'resources/tilesets/water_shore_marker.png'
System.IO.FileNotFoundException: Could not find file 'F:\game code engine\Intersect_New\Intersect.Client\resources\tilesets\water_shore_marker.png'.
File name: 'F:\game code engine\Intersect_New\Intersect.Client\resources\tilesets\water_shore_marker.png'
   at Microsoft.Win32.SafeHandles.SafeFileHandle.CreateFile(String fullPath, FileMode mode, FileAccess access, FileShare share, FileOptions options)
   at Microsoft.Win32.SafeHandles.SafeFileHandle.Open(String fullPath, FileMode mode, FileAccess access, FileShare share, FileOptions options, Int64 preallocationSize, Nullable`1 unixCreateMode)
   at System.IO.Strategies.OSFileStreamStrategy..ctor(String path, FileMode mode, FileAccess access, FileShare share, FileOptions options, Int64 preallocationSize, Nullable`1 unixCreateMode)
   at System.IO.Strategies.FileStreamHelpers.ChooseStrategyCore(String path, FileMode mode, FileAccess access, FileShare share, FileOptions options, Int64 preallocationSize, Nullable`1 unixCreateMode)
   at System.IO.File.OpenRead(String path)
   at Intersect.Client.Framework.Graphics.GameRenderer.<>c__DisplayClass182_0.<LoadTexture>b__0() in F:\game code engine\Intersect_New\Intersect.Client.Framework\Graphics\GameRenderer.cs:line 1027
   at Intersect.Client.Framework.Graphics.GameTexture`2.LoadPlatformTexture(Boolean force) in F:\game code engine\Intersect_New\Intersect.Client.Framework\Graphics\GameTexture.cs:line 279
2026-07-06 19:04:13.445 +02:00 [INF] Built VBO for map 9802b09c-f592-4d93-8e11-d3424500716c 'Deep Forest' in 51.0034ms
2026-07-06 19:04:13.456 +02:00 [INF] Built VBO for map 15601ad4-9f26-4abe-a6c9-3a7eebaa3045 'Forest' in 10.7295ms
2026-07-06 19:04:13.469 +02:00 [INF] Built VBO for map d490222a-af25-4a7f-bec3-7ca8016e08d7 'New Map' in 8.823ms
2026-07-06 19:04:13.592 +02:00 [INF] Built VBO for map a31f210c-f5fb-48bf-9db2-45fab2293a4c 'Forest' in 122.2928ms
2026-07-06 19:04:13.648 +02:00 [INF] Built VBO for map 27c6a7b2-4e9f-4316-9a0f-e13ec8e16ba2 'Forest' in 53.6304ms
2026-07-06 19:04:13.658 +02:00 [INF] Built VBO for map e341d25d-5ff4-4cd6-bcd5-2f2cda710c86 'Greenfall Vale' in 9.6281ms
2026-07-06 19:05:09.566 +02:00 [INF] Built VBO for map 27c6a7b2-4e9f-4316-9a0f-e13ec8e16ba2 'Forest' in 43.0823ms
2026-07-06 19:05:09.652 +02:00 [INF] Built VBO for map e341d25d-5ff4-4cd6-bcd5-2f2cda710c86 'Greenfall Vale' in 7.839ms
2026-07-06 19:05:09.981 +02:00 [INF] Built VBO for map 9802b09c-f592-4d93-8e11-d3424500716c 'Deep Forest' in 9.0418ms
2026-07-06 19:05:10.526 +02:00 [INF] Built VBO for map 15601ad4-9f26-4abe-a6c9-3a7eebaa3045 'Forest' in 7.6393ms
2026-07-06 19:05:11.034 +02:00 [INF] Built VBO for map d490222a-af25-4a7f-bec3-7ca8016e08d7 'New Map' in 10.0165ms
2026-07-06 19:05:11.591 +02:00 [INF] Built VBO for map a31f210c-f5fb-48bf-9db2-45fab2293a4c 'Forest' in 43.9219ms
2026-07-06 19:05:25.847 +02:00 [INF] Built VBO for map d490222a-af25-4a7f-bec3-7ca8016e08d7 'New Map' in 6.5954ms
2026-07-06 19:05:25.869 +02:00 [INF] Built VBO for map e341d25d-5ff4-4cd6-bcd5-2f2cda710c86 'Greenfall Vale' in 7.4994ms
2026-07-06 19:05:26.395 +02:00 [INF] Built VBO for map 000bacda-f0e9-4a92-ab09-e55bd4ad15c1 'New Map' in 7.2495ms
2026-07-06 19:05:26.940 +02:00 [INF] Built VBO for map f519d3ea-b6f4-4b17-b87a-1dcf003cd3ec 'New Map' in 8.5874ms
2026-07-06 19:17:30.743 +02:00 [INF] System window closing (due to user interaction most likely).
2026-07-06 19:17:30.747 +02:00 [INF] Disconnected [de264203-d456-4ee3-bf0a-9b0c768d1411].
2026-07-06 19:17:30.747 +02:00 [INF] Updating active permission set to 'default'
2026-07-06 19:17:30.772 +02:00 [INF] Acquiring context lock... (0ms)
2026-07-06 19:17:30.772 +02:00 [INF] Acquired. (0ms)
2026-07-06 19:17:30.773 +02:00 [INF] Beginning context dispose. (0ms)
2026-07-06 19:17:30.774 +02:00 [INF] GC.SuppressFinalize (0ms)
2026-07-06 19:17:30.774 +02:00 [INF] InternalDispose() completed. (0ms)
2026-07-06 19:17:30.774 +02:00 [INF] Clearing instance... (1ms)
2026-07-06 19:17:30.774 +02:00 [INF] Releasing context lock... (1ms)
2026-07-06 19:17:30.774 +02:00 [INF] Released. (1ms)
