2026-05-30 18:40:58.019 +02:00 [INF] Starting Intersect Client v0.8.0.0-custom+32d39132dace1351f63375b261f241297dd35be8-dirty
2026-05-30 18:40:58.239 +02:00 [INF] Discovered service type: Intersect.Plugins.PluginService
2026-05-30 18:40:58.262 +02:00 [WRN] Directory was specified as a plugin directory but does not exist: 'resources\plugins'
2026-05-30 18:40:58.263 +02:00 [INF] Discovered 0 plugins:

2026-05-30 18:41:00.457 +02:00 [INF] Connecting to 127.0.0.1:5400...
2026-05-30 18:41:00.480 +02:00 [INF] Connected [9fe45dcc-ecc8-4dee-8267-8bbbf2b606c4].
2026-05-30 18:41:00.505 +02:00 [INF] Connection approved [9fe45dcc-ecc8-4dee-8267-8bbbf2b606c4].
2026-05-30 18:41:00.592 +02:00 [INF] Updated PermissionSet 'default'
2026-05-30 18:41:05.307 +02:00 [INF] Updated PermissionSet 'admin'
2026-05-30 18:41:05.308 +02:00 [INF] Updating active permission set to 'admin'
2026-05-30 18:41:05.884 +02:00 [WRN] 'Me' is null.
2026-05-30 18:41:06.857 +02:00 [INF] Built VBO for map a31f210c-f5fb-48bf-9db2-45fab2293a4c 'Forest' in 118.2402ms
2026-05-30 18:41:06.973 +02:00 [INF] Built VBO for map 27c6a7b2-4e9f-4316-9a0f-e13ec8e16ba2 'Forest' in 60.6703ms
2026-05-30 18:41:10.428 +02:00 [WRN] Failed to load object canopy shade shader Intersect.Client.Resources.Shaders.objectcanopyshade.mgfxo
System.Exception: This MGFX effect was built for a different platform!
   at Microsoft.Xna.Framework.Graphics.Effect.ReadHeader(Byte[] effectCode, Int32 index)
   at Microsoft.Xna.Framework.Graphics.Effect..ctor(GraphicsDevice graphicsDevice, Byte[] effectCode, Int32 index, Int32 count)
   at Microsoft.Xna.Framework.Graphics.Effect..ctor(GraphicsDevice graphicsDevice, Byte[] effectCode)
   at Intersect.Client.MonoGame.Graphics.MonoRenderer.GetObjectCanopyShadeShader() in F:\game code engine\Intersect_New\Intersect.Client.Core\MonoGame\Graphics\MonoRenderer.ObjectCanopyShade.cs:line 154
2026-05-30 18:41:24.656 +02:00 [INF] Built VBO for map 27c6a7b2-4e9f-4316-9a0f-e13ec8e16ba2 'Forest' in 13.7634ms
2026-05-30 18:42:48.807 +02:00 [INF] Built VBO for map a31f210c-f5fb-48bf-9db2-45fab2293a4c 'Forest' in 55.9115ms
2026-05-30 18:42:48.847 +02:00 [INF] Built VBO for map 27c6a7b2-4e9f-4316-9a0f-e13ec8e16ba2 'Forest' in 20.3844ms
2026-05-30 18:42:53.609 +02:00 [INF] Built VBO for map a31f210c-f5fb-48bf-9db2-45fab2293a4c 'Forest' in 54.2604ms
2026-05-30 18:42:53.643 +02:00 [INF] Built VBO for map 27c6a7b2-4e9f-4316-9a0f-e13ec8e16ba2 'Forest' in 14.1759ms
2026-05-30 18:43:00.723 +02:00 [INF] Built VBO for map a31f210c-f5fb-48bf-9db2-45fab2293a4c 'Forest' in 95.4974ms
2026-05-30 18:43:00.784 +02:00 [INF] Built VBO for map 27c6a7b2-4e9f-4316-9a0f-e13ec8e16ba2 'Forest' in 31.3243ms
2026-05-30 18:43:03.930 +02:00 [INF] System window closing (due to user interaction most likely).
2026-05-30 18:43:03.933 +02:00 [INF] Disconnected [9fe45dcc-ecc8-4dee-8267-8bbbf2b606c4].
2026-05-30 18:43:03.934 +02:00 [INF] Updating active permission set to 'default'
2026-05-30 18:43:04.021 +02:00 [INF] Acquiring context lock... (0ms)
2026-05-30 18:43:04.021 +02:00 [INF] Acquired. (0ms)
2026-05-30 18:43:04.022 +02:00 [INF] Beginning context dispose. (0ms)
2026-05-30 18:43:04.022 +02:00 [INF] GC.SuppressFinalize (0ms)
2026-05-30 18:43:04.022 +02:00 [INF] InternalDispose() completed. (0ms)
2026-05-30 18:43:04.022 +02:00 [INF] Clearing instance... (1ms)
2026-05-30 18:43:04.022 +02:00 [INF] Releasing context lock... (1ms)
2026-05-30 18:43:04.022 +02:00 [INF] Released. (1ms)
