2026-04-29 22:00:43.776 +06:00 [INF] Starting Intersect Client v0.8.0.0-custom+32d39132dace1351f63375b261f241297dd35be8-dirty
2026-04-29 22:00:43.971 +06:00 [INF] Discovered service type: Intersect.Plugins.PluginService
2026-04-29 22:00:43.974 +06:00 [WRN] Directory was specified as a plugin directory but does not exist: 'resources\plugins'
2026-04-29 22:00:43.975 +06:00 [INF] Discovered 0 plugins:

2026-04-29 22:00:46.446 +06:00 [INF] Connecting to 127.0.0.1:5400...
2026-04-29 22:00:46.469 +06:00 [INF] Connected [f0398011-d0e9-463c-927e-f4021f1b906d].
2026-04-29 22:00:46.481 +06:00 [INF] Connection approved [f0398011-d0e9-463c-927e-f4021f1b906d].
2026-04-29 22:00:46.587 +06:00 [INF] Updated PermissionSet 'default'
2026-04-29 22:00:50.790 +06:00 [INF] Updated PermissionSet 'admin'
2026-04-29 22:00:50.790 +06:00 [INF] Updating active permission set to 'admin'
2026-04-29 22:00:52.397 +06:00 [WRN] 'Me' is null.
2026-04-29 22:00:53.019 +06:00 [INF] Built VBO for map 27c6a7b2-4e9f-4316-9a0f-e13ec8e16ba2 'Forest' in 9.7288ms
2026-04-29 22:00:58.426 +06:00 [INF] Built VBO for map c15f8299-8999-471f-9760-388ff4cdec7c 'Forest' in 1.7117ms
2026-04-29 22:04:08.488 +06:00 [INF] System window closing (due to user interaction most likely).
2026-04-29 22:04:08.491 +06:00 [INF] Disconnected [f0398011-d0e9-463c-927e-f4021f1b906d].
2026-04-29 22:04:08.492 +06:00 [INF] Updating active permission set to 'default'
2026-04-29 22:04:08.537 +06:00 [INF] Acquiring context lock... (0ms)
2026-04-29 22:04:08.537 +06:00 [INF] Acquired. (0ms)
2026-04-29 22:04:08.538 +06:00 [INF] Beginning context dispose. (0ms)
2026-04-29 22:04:08.538 +06:00 [INF] GC.SuppressFinalize (0ms)
2026-04-29 22:04:08.538 +06:00 [INF] InternalDispose() completed. (0ms)
2026-04-29 22:04:08.538 +06:00 [INF] Clearing instance... (1ms)
2026-04-29 22:04:08.538 +06:00 [INF] Releasing context lock... (1ms)
2026-04-29 22:04:08.538 +06:00 [INF] Released. (1ms)
