2026-07-18 03:39:47.624 +02:00 [INF] Starting Intersect Client v0.8.0.0-custom+32d39132dace1351f63375b261f241297dd35be8-dirty
2026-07-18 03:39:47.947 +02:00 [INF] Discovered service type: Intersect.Plugins.PluginService
2026-07-18 03:39:47.951 +02:00 [WRN] Directory was specified as a plugin directory but does not exist: 'resources\plugins'
2026-07-18 03:39:47.952 +02:00 [INF] Discovered 0 plugins:

2026-07-18 03:39:48.550 +02:00 [INF] Graphics pacing configured: targetMode=-1, vsync=false, fixedStep=false, backBuffer=1760x990
2026-07-18 03:39:52.062 +02:00 [INF] Connecting to 127.0.0.1:5400...
2026-07-18 03:39:52.084 +02:00 [INF] Connected [c5336756-a344-4d72-89c4-7e3006da4859].
2026-07-18 03:39:52.105 +02:00 [INF] Connection approved [c5336756-a344-4d72-89c4-7e3006da4859].
2026-07-18 03:39:52.194 +02:00 [INF] Updated PermissionSet 'default'
2026-07-18 03:39:56.833 +02:00 [INF] Updated PermissionSet 'admin'
2026-07-18 03:39:56.834 +02:00 [INF] Updating active permission set to 'admin'
2026-07-18 03:39:59.613 +02:00 [WRN] 'Me' is null.
2026-07-18 03:40:00.927 +02:00 [INF] Built VBO for map 9802b09c-f592-4d93-8e11-d3424500716c 'Deep Forest' in 59.7347ms
2026-07-18 03:40:00.943 +02:00 [INF] Built VBO for map 15601ad4-9f26-4abe-a6c9-3a7eebaa3045 'Forest' in 13.0351ms
2026-07-18 03:40:00.960 +02:00 [INF] Built VBO for map d490222a-af25-4a7f-bec3-7ca8016e08d7 'New Map' in 10.3025ms
2026-07-18 03:40:01.097 +02:00 [INF] Built VBO for map a31f210c-f5fb-48bf-9db2-45fab2293a4c 'Forest' in 134.8089ms
2026-07-18 03:40:01.157 +02:00 [INF] Built VBO for map 27c6a7b2-4e9f-4316-9a0f-e13ec8e16ba2 'Forest' in 55.4308ms
2026-07-18 03:40:01.183 +02:00 [INF] Built VBO for map e341d25d-5ff4-4cd6-bcd5-2f2cda710c86 'Greenfall Vale' in 24.4947ms
2026-07-18 03:40:06.460 +02:00 [INF] Client frame profile: measured=53.6fps counter=67 targetMode=-1; interval=18.67/905.23ms avg/max; update=0.53/33.93ms (1.00 calls/frame); draw=18.56/865.58ms; world=14.66/824.06ms [scene=13.95/811.08, scene-detail=[tiles=0.89ms/29.6draws (geometry=0.37ms/29.6draws, water=0.52ms/0.0draws), objects=9.70ms/72.1draws, procedural=0.01ms/0.0draws, entities=2.05ms/2.8draws, effects=0.47ms/0.4draws, weather=0.65ms/0.0draws, other=0.20ms], lighting=0.11/6.69, post=0.17/28.84, overlays=0.23/12.53, other=0.19]; gui=3.83/98.60ms [update=3.31/73.55 (minimap=2.50/46.59 [compact=2.50, fullmap=0.00/0.00], other=0.81), render=0.51/25.04, other=0.00]; finish=0.05/1.57ms; outside-update-draw=0.00ms; draws=124, maps=1, entities=23, lights=4
2026-07-18 03:40:11.467 +02:00 [INF] Client frame profile: measured=85.7fps counter=80 targetMode=-1; interval=11.67/30.93ms avg/max; update=0.16/4.75ms (1.00 calls/frame); draw=11.36/30.77ms; world=8.67/18.59ms [scene=8.23/18.13, scene-detail=[tiles=0.51ms/20.1draws (geometry=0.18ms/20.1draws, water=0.33ms/0.0draws), objects=6.10ms/61.1draws, procedural=0.00ms/0.0draws, entities=1.03ms/2.0draws, effects=0.07ms/1.0draws, weather=0.43ms/0.0draws, other=0.09ms], lighting=0.09/0.18, post=0.05/0.11, overlays=0.14/4.77, other=0.17]; gui=2.63/19.21ms [update=2.00/18.68 (minimap=1.43/15.99 [compact=1.43, fullmap=0.00/0.00], other=0.57), render=0.62/1.31, other=0.00]; finish=0.04/0.09ms; outside-update-draw=0.16ms; draws=148, maps=2, entities=23, lights=4
2026-07-18 03:40:16.474 +02:00 [INF] Client frame profile: measured=68.7fps counter=67 targetMode=-1; interval=14.55/34.57ms avg/max; update=0.20/3.89ms (1.00 calls/frame); draw=13.84/34.30ms; world=10.37/17.88ms [scene=9.87/17.41, scene-detail=[tiles=0.65ms/24.4draws (geometry=0.29ms/24.4draws, water=0.36ms/0.0draws), objects=7.37ms/66.2draws, procedural=0.00ms/0.0draws, entities=1.21ms/2.0draws, effects=0.08ms/1.0draws, weather=0.46ms/0.0draws, other=0.11ms], lighting=0.10/0.19, post=0.06/0.14, overlays=0.14/2.26, other=0.19]; gui=3.42/17.41ms [update=2.58/16.50 (minimap=1.96/15.88 [compact=1.96, fullmap=0.00/0.00], other=0.62), render=0.84/2.69, other=0.01]; finish=0.04/0.10ms; outside-update-draw=0.51ms; draws=128, maps=1, entities=23, lights=4
2026-07-18 03:40:21.481 +02:00 [INF] Client frame profile: measured=77.5fps counter=79 targetMode=-1; interval=12.91/33.31ms avg/max; update=0.17/3.92ms (1.00 calls/frame); draw=12.50/33.08ms; world=9.52/16.62ms [scene=9.08/16.11, scene-detail=[tiles=0.57ms/20.0draws (geometry=0.22ms/20.0draws, water=0.36ms/0.0draws), objects=6.83ms/61.0draws, procedural=0.00ms/0.0draws, entities=1.07ms/2.0draws, effects=0.07ms/1.0draws, weather=0.45ms/0.0draws, other=0.09ms], lighting=0.07/0.20, post=0.06/0.25, overlays=0.13/0.29, other=0.18]; gui=2.93/17.20ms [update=2.23/16.43 (minimap=1.63/15.83 [compact=1.63, fullmap=0.00/0.00], other=0.59), render=0.70/1.08, other=0.01]; finish=0.03/0.09ms; outside-update-draw=0.24ms; draws=124, maps=1, entities=23, lights=4
2026-07-18 03:40:26.491 +02:00 [INF] Client frame profile: measured=78.0fps counter=82 targetMode=-1; interval=12.81/30.15ms avg/max; update=0.15/0.37ms (1.00 calls/frame); draw=12.43/29.85ms; world=9.47/11.74ms [scene=9.03/11.25, scene-detail=[tiles=0.58ms/20.0draws (geometry=0.24ms/20.0draws, water=0.34ms/0.0draws), objects=6.80ms/61.0draws, procedural=0.00ms/0.0draws, entities=1.05ms/2.1draws, effects=0.07ms/0.9draws, weather=0.45ms/0.0draws, other=0.08ms], lighting=0.07/0.14, post=0.06/0.17, overlays=0.13/0.21, other=0.18]; gui=2.91/20.11ms [update=2.21/19.34 (minimap=1.62/18.73 [compact=1.62, fullmap=0.00/0.00], other=0.59), render=0.70/1.10, other=0.00]; finish=0.03/0.08ms; outside-update-draw=0.23ms; draws=124, maps=1, entities=23, lights=4
2026-07-18 03:40:31.497 +02:00 [INF] Client frame profile: measured=43.7fps counter=64 targetMode=-1; interval=22.86/61.48ms avg/max; update=0.24/4.01ms (1.00 calls/frame); draw=14.60/31.28ms; world=10.27/18.01ms [scene=9.78/17.46, scene-detail=[tiles=0.67ms/20.0draws (geometry=0.30ms/20.0draws, water=0.37ms/0.0draws), objects=7.34ms/61.0draws, procedural=0.00ms/0.0draws, entities=1.12ms/2.0draws, effects=0.07ms/1.0draws, weather=0.49ms/0.0draws, other=0.09ms], lighting=0.08/0.18, post=0.06/0.16, overlays=0.14/0.32, other=0.20]; gui=4.25/18.10ms [update=3.47/17.27 (minimap=2.86/16.58 [compact=2.86, fullmap=0.00/0.00], other=0.62), render=0.77/3.78, other=0.01]; finish=0.06/3.07ms; outside-update-draw=8.02ms; draws=124, maps=1, entities=23, lights=4
2026-07-18 03:40:36.512 +02:00 [INF] Client frame profile: measured=28.7fps counter=29 targetMode=-1; interval=34.83/55.07ms avg/max; update=0.25/2.50ms (1.00 calls/frame); draw=13.95/32.32ms; world=9.03/14.35ms [scene=8.58/13.71, scene-detail=[tiles=0.63ms/20.0draws (geometry=0.26ms/20.0draws, water=0.36ms/0.0draws), objects=6.38ms/61.0draws, procedural=0.00ms/0.0draws, entities=1.02ms/2.0draws, effects=0.07ms/1.0draws, weather=0.41ms/0.0draws, other=0.08ms], lighting=0.08/0.27, post=0.06/0.28, overlays=0.12/0.37, other=0.19]; gui=4.84/20.22ms [update=4.20/19.37 (minimap=3.64/18.69 [compact=3.64, fullmap=0.00/0.00], other=0.56), render=0.63/1.09, other=0.01]; finish=0.04/0.08ms; outside-update-draw=20.63ms; draws=124, maps=1, entities=23, lights=4
2026-07-18 03:40:41.548 +02:00 [INF] Client frame profile: measured=27.0fps counter=27 targetMode=-1; interval=37.03/51.28ms avg/max; update=0.25/0.72ms (1.00 calls/frame); draw=16.06/30.85ms; world=10.05/13.95ms [scene=9.56/13.35, scene-detail=[tiles=0.66ms/20.0draws (geometry=0.29ms/20.0draws, water=0.36ms/0.0draws), objects=7.11ms/61.0draws, procedural=0.00ms/0.0draws, entities=1.16ms/2.0draws, effects=0.07ms/1.0draws, weather=0.46ms/0.0draws, other=0.10ms], lighting=0.10/0.33, post=0.06/0.15, overlays=0.13/0.30, other=0.20]; gui=5.91/18.29ms [update=5.19/17.15 (minimap=4.57/16.56 [compact=4.57, fullmap=0.00/0.00], other=0.62), render=0.72/1.44, other=0.01]; finish=0.05/0.21ms; outside-update-draw=20.71ms; draws=124, maps=1, entities=23, lights=4
2026-07-18 03:40:46.558 +02:00 [INF] Client frame profile: measured=28.1fps counter=27 targetMode=-1; interval=35.53/50.30ms avg/max; update=0.24/2.85ms (1.00 calls/frame); draw=14.59/29.94ms; world=9.26/12.28ms [scene=8.80/11.69, scene-detail=[tiles=0.65ms/20.0draws (geometry=0.29ms/20.0draws, water=0.35ms/0.0draws), objects=6.60ms/61.0draws, procedural=0.00ms/0.0draws, entities=0.97ms/1.6draws, effects=0.07ms/1.0draws, weather=0.43ms/0.0draws, other=0.08ms], lighting=0.09/0.25, post=0.06/0.22, overlays=0.13/0.46, other=0.19]; gui=5.25/17.67ms [update=4.59/16.55 (minimap=4.00/15.80 [compact=4.00, fullmap=0.00/0.00], other=0.59), render=0.65/1.11, other=0.01]; finish=0.05/0.08ms; outside-update-draw=20.70ms; draws=124, maps=1, entities=23, lights=4
2026-07-18 03:40:51.598 +02:00 [INF] Client frame profile: measured=27.2fps counter=29 targetMode=-1; interval=36.79/50.00ms avg/max; update=0.29/2.66ms (1.00 calls/frame); draw=15.82/29.19ms; world=9.97/15.89ms [scene=9.45/15.22, scene-detail=[tiles=0.65ms/20.0draws (geometry=0.27ms/20.0draws, water=0.38ms/0.0draws), objects=7.02ms/61.0draws, procedural=0.00ms/0.0draws, entities=1.17ms/2.0draws, effects=0.07ms/1.0draws, weather=0.44ms/0.0draws, other=0.09ms], lighting=0.11/0.20, post=0.06/0.25, overlays=0.15/0.77, other=0.20]; gui=5.75/18.20ms [update=5.02/17.26 (minimap=4.40/16.17 [compact=4.40, fullmap=0.00/0.00], other=0.62), render=0.72/1.59, other=0.01]; finish=0.05/0.29ms; outside-update-draw=20.68ms; draws=124, maps=1, entities=23, lights=4
2026-07-18 03:40:56.628 +02:00 [INF] Client frame profile: measured=27.2fps counter=27 targetMode=-1; interval=36.72/50.67ms avg/max; update=0.26/1.49ms (1.00 calls/frame); draw=15.76/30.09ms; world=9.94/13.33ms [scene=9.45/12.91, scene-detail=[tiles=0.63ms/20.0draws (geometry=0.26ms/20.0draws, water=0.37ms/0.0draws), objects=6.96ms/61.0draws, procedural=0.00ms/0.0draws, entities=1.24ms/2.6draws, effects=0.07ms/1.0draws, weather=0.45ms/0.0draws, other=0.09ms], lighting=0.10/0.34, post=0.06/0.24, overlays=0.13/0.25, other=0.20]; gui=5.73/17.96ms [update=5.02/16.90 (minimap=4.42/16.30 [compact=4.42, fullmap=0.00/0.00], other=0.60), render=0.70/1.33, other=0.01]; finish=0.05/0.09ms; outside-update-draw=20.71ms; draws=130, maps=1, entities=23, lights=4
2026-07-18 03:41:01.645 +02:00 [INF] Client frame profile: measured=26.9fps counter=27 targetMode=-1; interval=37.16/49.87ms avg/max; update=0.25/0.62ms (1.00 calls/frame); draw=16.24/29.08ms; world=10.10/13.09ms [scene=9.60/12.50, scene-detail=[tiles=0.63ms/20.0draws (geometry=0.27ms/20.0draws, water=0.36ms/0.0draws), objects=6.96ms/61.0draws, procedural=0.00ms/0.0draws, entities=1.39ms/3.6draws, effects=0.07ms/1.0draws, weather=0.46ms/0.0draws, other=0.09ms], lighting=0.10/0.93, post=0.06/0.10, overlays=0.13/0.23, other=0.20]; gui=6.04/18.56ms [update=5.33/17.60 (minimap=4.71/17.01 [compact=4.71, fullmap=0.00/0.00], other=0.61), render=0.71/1.61, other=0.01]; finish=0.05/0.25ms; outside-update-draw=20.67ms; draws=130, maps=1, entities=23, lights=4
2026-07-18 03:41:06.652 +02:00 [INF] Client frame profile: measured=24.2fps counter=23 targetMode=-1; interval=41.38/71.79ms avg/max; update=0.38/4.00ms (1.00 calls/frame); draw=19.21/44.41ms; world=12.32/23.50ms [scene=11.68/22.70, scene-detail=[tiles=0.76ms/20.0draws (geometry=0.31ms/20.0draws, water=0.44ms/0.0draws), objects=8.47ms/61.0draws, procedural=0.00ms/0.0draws, entities=1.75ms/4.1draws, effects=0.09ms/0.9draws, weather=0.49ms/0.0draws, other=0.12ms], lighting=0.13/0.84, post=0.07/0.46, overlays=0.16/0.52, other=0.27]; gui=6.78/26.31ms [update=5.88/22.93 (minimap=5.16/22.29 [compact=5.16, fullmap=0.00/0.00], other=0.72), render=0.89/3.37, other=0.01]; finish=0.07/0.52ms; outside-update-draw=21.78ms; draws=126, maps=1, entities=23, lights=4
2026-07-18 03:41:11.345 +02:00 [INF] System window closing (due to user interaction most likely).
2026-07-18 03:41:11.349 +02:00 [INF] Disconnected [c5336756-a344-4d72-89c4-7e3006da4859].
2026-07-18 03:41:11.350 +02:00 [INF] Updating active permission set to 'default'
2026-07-18 03:41:11.415 +02:00 [INF] Acquiring context lock... (0ms)
2026-07-18 03:41:11.416 +02:00 [INF] Acquired. (0ms)
2026-07-18 03:41:11.417 +02:00 [INF] Beginning context dispose. (0ms)
2026-07-18 03:41:11.417 +02:00 [INF] GC.SuppressFinalize (0ms)
2026-07-18 03:41:11.417 +02:00 [INF] InternalDispose() completed. (0ms)
2026-07-18 03:41:11.417 +02:00 [INF] Clearing instance... (1ms)
2026-07-18 03:41:11.417 +02:00 [INF] Releasing context lock... (2ms)
2026-07-18 03:41:11.417 +02:00 [INF] Released. (2ms)
