2026-04-06 12:24:15.494 +06:00 [INF] Starting Intersect Client v0.8.0.0-custom+32d39132dace1351f63375b261f241297dd35be8-dirty
2026-04-06 12:24:15.810 +06:00 [INF] Discovered service type: Intersect.Plugins.PluginService
2026-04-06 12:24:15.818 +06:00 [WRN] Directory was specified as a plugin directory but does not exist: 'resources\plugins'
2026-04-06 12:24:15.819 +06:00 [INF] Discovered 0 plugins:

2026-04-06 12:24:16.022 +06:00 [WRN] Missing strings, overwriting strings file:
	Chatbox.ChatTabButtons[Combat]
2026-04-06 12:24:17.940 +06:00 [INF] Connecting to 127.0.0.1:5400...
2026-04-06 12:24:17.963 +06:00 [INF] Connected [53fad05a-2d8f-478d-be32-670031fd53bd].
2026-04-06 12:24:17.980 +06:00 [INF] Connection approved [53fad05a-2d8f-478d-be32-670031fd53bd].
2026-04-06 12:24:18.055 +06:00 [INF] Updated PermissionSet 'default'
2026-04-06 12:24:29.451 +06:00 [INF] Updated PermissionSet 'admin'
2026-04-06 12:24:29.451 +06:00 [INF] Updating active permission set to 'admin'
2026-04-06 12:24:29.545 +06:00 [WRN] Unable to add '_buttonLogout' to the JSON of MainMenu.SelectCharacterWindow._innerPanel._buttonsPanel because a sibling shares the same name
2026-04-06 12:24:30.724 +06:00 [WRN] 'Me' is null.
2026-04-06 12:24:31.181 +06:00 [INF] Built VBO for map 73ba8458-f8de-4f78-a254-c91b18418ed0 'test 3' in 15.9893ms
2026-04-06 12:24:31.192 +06:00 [INF] Built VBO for map 27c6a7b2-4e9f-4316-9a0f-e13ec8e16ba2 'New Map' in 6.702ms
2026-04-06 12:24:35.386 +06:00 [FTL] Game is crashing due to an exception
System.Collections.Generic.KeyNotFoundException: The given key 'Combat' was not present in the dictionary.
   at System.Collections.Generic.Dictionary`2.get_Item(TKey key)
   at Intersect.Client.Interface.Game.Chat.Chatbox.SetChannelToTab(ChatboxTab tab) in F:\game code engine\Intersect_New\Intersect.Client.Core\Interface\Game\Chat\Chatbox.cs:line 333
   at Intersect.Client.Interface.Game.Chat.Chatbox.TabButtonClicked(Base sender, MouseButtonState arguments) in F:\game code engine\Intersect_New\Intersect.Client.Core\Interface\Game\Chat\Chatbox.cs:line 319
   at Intersect.Client.Framework.Gwen.Control.Base.InputMouseButtonState(MouseButton mouseButton, Point mousePosition, Boolean pressed, Boolean userAction) in F:\game code engine\Intersect_New\Intersect.Client.Framework\Gwen\Control\Base.cs:line 3507
   at Intersect.Client.Framework.Gwen.Input.InputHandler.OnMouseButtonStateChanged(Base canvas, MouseButton mouseButton, Boolean pressed) in F:\game code engine\Intersect_New\Intersect.Client.Framework\Gwen\Input\InputHandler.cs:line 423
   at Intersect.Client.Framework.Gwen.Control.Canvas.Input_MouseButton(MouseButton button, Boolean down) in F:\game code engine\Intersect_New\Intersect.Client.Framework\Gwen\Control\Canvas.cs:line 369
   at Intersect.Client.Framework.Gwen.Input.IntersectInput.ProcessMessage(Object message) in F:\game code engine\Intersect_New\Intersect.Client.Framework\Gwen\Input\IntersectInput.cs:line 116
   at Intersect.Client.MonoGame.Input.MonoInput.CheckMouseButton(Keys modifier, ButtonState bs, MouseButton mb) in F:\game code engine\Intersect_New\Intersect.Client.Core\MonoGame\Input\MonoInput.cs:line 239
   at Intersect.Client.MonoGame.Input.MonoInput.Update(TimeSpan elapsed) in F:\game code engine\Intersect_New\Intersect.Client.Core\MonoGame\Input\MonoInput.cs:line 507
   at Intersect.Client.Core.Main.Update(TimeSpan deltaTime) in F:\game code engine\Intersect_New\Intersect.Client.Core\Core\Main.cs:line 101
   at Intersect.Client.MonoGame.IntersectGame.Update(GameTime gameTime) in F:\game code engine\Intersect_New\Intersect.Client.Core\MonoGame\IntersectGame.cs:line 230
   at Microsoft.Xna.Framework.Game.Tick()
   at Microsoft.Xna.Framework.SdlGamePlatform.RunLoop()
   at Microsoft.Xna.Framework.Game.Run(GameRunBehavior runBehavior)
   at Microsoft.Xna.Framework.Game.Run()
   at Intersect.Client.MonoGame.IntersectGame.MonoGameRunner.Start(IClientContext context, Action postStartupAction) in F:\game code engine\Intersect_New\Intersect.Client.Core\MonoGame\IntersectGame.cs:line 633
2026-04-06 12:24:35.418 +06:00 [INF] Acquiring context lock... (0ms)
2026-04-06 12:24:35.418 +06:00 [INF] Acquired. (0ms)
2026-04-06 12:24:35.419 +06:00 [INF] Beginning context dispose. (0ms)
2026-04-06 12:24:35.419 +06:00 [INF] GC.SuppressFinalize (0ms)
2026-04-06 12:24:35.419 +06:00 [INF] InternalDispose() completed. (0ms)
2026-04-06 12:24:35.419 +06:00 [INF] Clearing instance... (1ms)
2026-04-06 12:24:35.419 +06:00 [INF] Releasing context lock... (1ms)
2026-04-06 12:24:35.419 +06:00 [INF] Released. (1ms)
2026-04-06 12:24:35.420 +06:00 [ERR] Failed to start application context
System.Collections.Generic.KeyNotFoundException: The given key 'Combat' was not present in the dictionary.
   at System.Collections.Generic.Dictionary`2.get_Item(TKey key)
   at Intersect.Client.Interface.Game.Chat.Chatbox.SetChannelToTab(ChatboxTab tab) in F:\game code engine\Intersect_New\Intersect.Client.Core\Interface\Game\Chat\Chatbox.cs:line 333
   at Intersect.Client.Interface.Game.Chat.Chatbox.TabButtonClicked(Base sender, MouseButtonState arguments) in F:\game code engine\Intersect_New\Intersect.Client.Core\Interface\Game\Chat\Chatbox.cs:line 319
   at Intersect.Client.Framework.Gwen.Control.Base.InputMouseButtonState(MouseButton mouseButton, Point mousePosition, Boolean pressed, Boolean userAction) in F:\game code engine\Intersect_New\Intersect.Client.Framework\Gwen\Control\Base.cs:line 3507
   at Intersect.Client.Framework.Gwen.Input.InputHandler.OnMouseButtonStateChanged(Base canvas, MouseButton mouseButton, Boolean pressed) in F:\game code engine\Intersect_New\Intersect.Client.Framework\Gwen\Input\InputHandler.cs:line 423
   at Intersect.Client.Framework.Gwen.Control.Canvas.Input_MouseButton(MouseButton button, Boolean down) in F:\game code engine\Intersect_New\Intersect.Client.Framework\Gwen\Control\Canvas.cs:line 369
   at Intersect.Client.Framework.Gwen.Input.IntersectInput.ProcessMessage(Object message) in F:\game code engine\Intersect_New\Intersect.Client.Framework\Gwen\Input\IntersectInput.cs:line 116
   at Intersect.Client.MonoGame.Input.MonoInput.CheckMouseButton(Keys modifier, ButtonState bs, MouseButton mb) in F:\game code engine\Intersect_New\Intersect.Client.Core\MonoGame\Input\MonoInput.cs:line 239
   at Intersect.Client.MonoGame.Input.MonoInput.Update(TimeSpan elapsed) in F:\game code engine\Intersect_New\Intersect.Client.Core\MonoGame\Input\MonoInput.cs:line 507
   at Intersect.Client.Core.Main.Update(TimeSpan deltaTime) in F:\game code engine\Intersect_New\Intersect.Client.Core\Core\Main.cs:line 101
   at Intersect.Client.MonoGame.IntersectGame.Update(GameTime gameTime) in F:\game code engine\Intersect_New\Intersect.Client.Core\MonoGame\IntersectGame.cs:line 230
   at Microsoft.Xna.Framework.Game.Tick()
   at Microsoft.Xna.Framework.SdlGamePlatform.RunLoop()
   at Microsoft.Xna.Framework.Game.Run(GameRunBehavior runBehavior)
   at Microsoft.Xna.Framework.Game.Run()
   at Intersect.Client.MonoGame.IntersectGame.MonoGameRunner.Start(IClientContext context, Action postStartupAction) in F:\game code engine\Intersect_New\Intersect.Client.Core\MonoGame\IntersectGame.cs:line 633
   at Intersect.Client.Core.ClientContext.InternalStart() in F:\game code engine\Intersect_New\Intersect.Client.Core\Core\ClientContext.cs:line 97
   at Intersect.Core.ApplicationContext`2.Start(Boolean lockUntilShutdown) in F:\game code engine\Intersect_New\Intersect (Core)\Core\ApplicationContext`2.cs:line 245
