2026-05-14 01:31:41.222 +02:00 [INF] Starting Intersect Client v0.8.0.0-custom+32d39132dace1351f63375b261f241297dd35be8-dirty
2026-05-14 01:31:41.431 +02:00 [INF] Discovered service type: Intersect.Plugins.PluginService
2026-05-14 01:31:41.434 +02:00 [WRN] Directory was specified as a plugin directory but does not exist: 'resources\plugins'
2026-05-14 01:31:41.435 +02:00 [INF] Discovered 0 plugins:

2026-05-14 01:31:43.633 +02:00 [INF] Connecting to 127.0.0.1:5400...
2026-05-14 01:31:43.642 +02:00 [INF] Connected [302a1308-a6f1-414d-9386-5a4a6ade138b].
2026-05-14 01:31:43.661 +02:00 [INF] Connection approved [302a1308-a6f1-414d-9386-5a4a6ade138b].
2026-05-14 01:31:43.757 +02:00 [INF] Updated PermissionSet 'default'
2026-05-14 01:31:43.757 +02:00 [INF] Updated PermissionSet 'admin'
2026-05-14 01:31:52.535 +02:00 [INF] Updating active permission set to 'admin'
2026-05-14 01:31:53.110 +02:00 [WRN] 'Me' is null.
2026-05-14 01:31:53.730 +02:00 [INF] Built VBO for map 24cc8989-0a45-4ecb-bf58-41efcefcaeb8 'Test' in 13.9155ms
2026-05-14 01:32:10.065 +02:00 [INF] System window closing (due to user interaction most likely).
2026-05-14 01:32:10.069 +02:00 [INF] Disconnected [302a1308-a6f1-414d-9386-5a4a6ade138b].
2026-05-14 01:32:10.069 +02:00 [INF] Updating active permission set to 'default'
2026-05-14 01:32:10.184 +02:00 [INF] Acquiring context lock... (0ms)
2026-05-14 01:32:10.184 +02:00 [INF] Acquired. (0ms)
2026-05-14 01:32:10.185 +02:00 [INF] Beginning context dispose. (0ms)
2026-05-14 01:32:10.186 +02:00 [INF] GC.SuppressFinalize (0ms)
2026-05-14 01:32:10.186 +02:00 [INF] InternalDispose() completed. (0ms)
2026-05-14 01:32:10.186 +02:00 [INF] Clearing instance... (1ms)
2026-05-14 01:32:10.186 +02:00 [INF] Releasing context lock... (1ms)
2026-05-14 01:32:10.186 +02:00 [INF] Released. (1ms)
