2026-04-29 02:05:20.595 +06:00 [INF] Starting Intersect Client v0.8.0.0-custom+32d39132dace1351f63375b261f241297dd35be8-dirty
2026-04-29 02:05:20.791 +06:00 [INF] Discovered service type: Intersect.Plugins.PluginService
2026-04-29 02:05:20.795 +06:00 [WRN] Directory was specified as a plugin directory but does not exist: 'resources\plugins'
2026-04-29 02:05:20.796 +06:00 [INF] Discovered 0 plugins:

2026-04-29 02:05:23.039 +06:00 [INF] Connecting to 127.0.0.1:5400...
2026-04-29 02:05:23.061 +06:00 [INF] Connected [79b81365-7283-4321-a39b-93e3bef3afe0].
2026-04-29 02:05:23.078 +06:00 [INF] Connection approved [79b81365-7283-4321-a39b-93e3bef3afe0].
2026-04-29 02:05:23.173 +06:00 [INF] Updated PermissionSet 'default'
2026-04-29 02:05:30.728 +06:00 [INF] Updated PermissionSet 'admin'
2026-04-29 02:05:30.728 +06:00 [INF] Updating active permission set to 'admin'
2026-04-29 02:05:55.091 +06:00 [INF] System window closing (due to user interaction most likely).
2026-04-29 02:05:55.094 +06:00 [INF] Disconnected [79b81365-7283-4321-a39b-93e3bef3afe0].
2026-04-29 02:05:55.095 +06:00 [INF] Updating active permission set to 'default'
2026-04-29 02:05:55.127 +06:00 [INF] Acquiring context lock... (0ms)
2026-04-29 02:05:55.127 +06:00 [INF] Acquired. (0ms)
2026-04-29 02:05:55.128 +06:00 [INF] Beginning context dispose. (0ms)
2026-04-29 02:05:55.128 +06:00 [INF] GC.SuppressFinalize (0ms)
2026-04-29 02:05:55.128 +06:00 [INF] InternalDispose() completed. (0ms)
2026-04-29 02:05:55.128 +06:00 [INF] Clearing instance... (1ms)
2026-04-29 02:05:55.128 +06:00 [INF] Releasing context lock... (1ms)
2026-04-29 02:05:55.129 +06:00 [INF] Released. (1ms)
