2026-07-12 22:09:11.748 +02:00 [INF] Starting Intersect Client v0.8.0.0-custom+32d39132dace1351f63375b261f241297dd35be8-dirty
2026-07-12 22:09:11.973 +02:00 [INF] Discovered service type: Intersect.Plugins.PluginService
2026-07-12 22:09:11.976 +02:00 [WRN] Directory was specified as a plugin directory but does not exist: 'resources\plugins'
2026-07-12 22:09:11.977 +02:00 [INF] Discovered 0 plugins:

2026-07-12 22:09:14.310 +02:00 [INF] Connecting to 127.0.0.1:5400...
2026-07-12 22:09:14.331 +02:00 [INF] Connected [e0d30a7e-5426-4872-93f8-0aab79efd713].
2026-07-12 22:09:14.351 +02:00 [INF] Connection approved [e0d30a7e-5426-4872-93f8-0aab79efd713].
2026-07-12 22:09:14.465 +02:00 [INF] Updated PermissionSet 'default'
2026-07-12 22:09:20.185 +02:00 [INF] Updated PermissionSet 'admin'
2026-07-12 22:09:20.186 +02:00 [INF] Updating active permission set to 'admin'
2026-07-12 22:09:22.546 +02:00 [WRN] 'Me' is null.
2026-07-12 22:09:23.655 +02:00 [ERR] Exception thrown while trying to load 'resources/tilesets/water_shore_marker.png'
System.IO.FileNotFoundException: Could not find file 'F:\game code engine\Intersect_New\Intersect.Client\resources\tilesets\water_shore_marker.png'.
File name: 'F:\game code engine\Intersect_New\Intersect.Client\resources\tilesets\water_shore_marker.png'
   at Microsoft.Win32.SafeHandles.SafeFileHandle.CreateFile(String fullPath, FileMode mode, FileAccess access, FileShare share, FileOptions options)
   at Microsoft.Win32.SafeHandles.SafeFileHandle.Open(String fullPath, FileMode mode, FileAccess access, FileShare share, FileOptions options, Int64 preallocationSize, Nullable`1 unixCreateMode)
   at System.IO.Strategies.OSFileStreamStrategy..ctor(String path, FileMode mode, FileAccess access, FileShare share, FileOptions options, Int64 preallocationSize, Nullable`1 unixCreateMode)
   at System.IO.Strategies.FileStreamHelpers.ChooseStrategyCore(String path, FileMode mode, FileAccess access, FileShare share, FileOptions options, Int64 preallocationSize, Nullable`1 unixCreateMode)
   at System.IO.File.OpenRead(String path)
   at Intersect.Client.Framework.Graphics.GameRenderer.<>c__DisplayClass185_0.<LoadTexture>b__0() in f:\game code engine\Intersect_New\Intersect.Client.Framework\Graphics\GameRenderer.cs:line 1060
   at Intersect.Client.Framework.Graphics.GameTexture`2.LoadPlatformTexture(Boolean force) in f:\game code engine\Intersect_New\Intersect.Client.Framework\Graphics\GameTexture.cs:line 279
2026-07-12 22:09:23.670 +02:00 [INF] Built VBO for map 9802b09c-f592-4d93-8e11-d3424500716c 'Deep Forest' in 50.5826ms
2026-07-12 22:09:23.682 +02:00 [INF] Built VBO for map 15601ad4-9f26-4abe-a6c9-3a7eebaa3045 'Forest' in 11.0908ms
2026-07-12 22:09:23.696 +02:00 [INF] Built VBO for map d490222a-af25-4a7f-bec3-7ca8016e08d7 'New Map' in 8.94ms
2026-07-12 22:09:23.823 +02:00 [INF] Built VBO for map a31f210c-f5fb-48bf-9db2-45fab2293a4c 'Forest' in 126.4416ms
2026-07-12 22:09:23.884 +02:00 [INF] Built VBO for map 27c6a7b2-4e9f-4316-9a0f-e13ec8e16ba2 'Forest' in 58.5587ms
2026-07-12 22:09:23.904 +02:00 [INF] Built VBO for map e341d25d-5ff4-4cd6-bcd5-2f2cda710c86 'Greenfall Vale' in 19.3334ms
2026-07-12 22:10:37.994 +02:00 [INF] System window closing (due to user interaction most likely).
2026-07-12 22:10:37.997 +02:00 [INF] Disconnected [e0d30a7e-5426-4872-93f8-0aab79efd713].
2026-07-12 22:10:37.998 +02:00 [INF] Updating active permission set to 'default'
2026-07-12 22:10:38.031 +02:00 [INF] Acquiring context lock... (0ms)
2026-07-12 22:10:38.031 +02:00 [INF] Acquired. (0ms)
2026-07-12 22:10:38.032 +02:00 [INF] Beginning context dispose. (0ms)
2026-07-12 22:10:38.032 +02:00 [INF] GC.SuppressFinalize (0ms)
2026-07-12 22:10:38.033 +02:00 [INF] InternalDispose() completed. (0ms)
2026-07-12 22:10:38.033 +02:00 [INF] Clearing instance... (1ms)
2026-07-12 22:10:38.033 +02:00 [INF] Releasing context lock... (1ms)
2026-07-12 22:10:38.033 +02:00 [INF] Released. (1ms)
