2026-07-13 16:36:22.051 +02:00 [INF] Starting Intersect Client v0.8.0.0-custom+32d39132dace1351f63375b261f241297dd35be8-dirty
2026-07-13 16:36:22.290 +02:00 [INF] Discovered service type: Intersect.Plugins.PluginService
2026-07-13 16:36:22.294 +02:00 [WRN] Directory was specified as a plugin directory but does not exist: 'resources\plugins'
2026-07-13 16:36:22.295 +02:00 [INF] Discovered 0 plugins:

2026-07-13 16:36:26.501 +02:00 [INF] Connecting to 127.0.0.1:5400...
2026-07-13 16:36:26.522 +02:00 [INF] Connected [330c66d2-ffdd-48f6-8740-f301df36e349].
2026-07-13 16:36:26.539 +02:00 [INF] Connection approved [330c66d2-ffdd-48f6-8740-f301df36e349].
2026-07-13 16:36:26.649 +02:00 [INF] Updated PermissionSet 'default'
2026-07-13 16:36:32.982 +02:00 [INF] Updated PermissionSet 'admin'
2026-07-13 16:36:32.982 +02:00 [INF] Updating active permission set to 'admin'
2026-07-13 16:36:35.824 +02:00 [WRN] 'Me' is null.
2026-07-13 16:36:36.952 +02:00 [INF] Built VBO for map 9802b09c-f592-4d93-8e11-d3424500716c 'Deep Forest' in 53.1443ms
2026-07-13 16:36:36.967 +02:00 [INF] Built VBO for map 15601ad4-9f26-4abe-a6c9-3a7eebaa3045 'Forest' in 12.5024ms
2026-07-13 16:36:36.983 +02:00 [INF] Built VBO for map d490222a-af25-4a7f-bec3-7ca8016e08d7 'New Map' in 10.1117ms
2026-07-13 16:36:37.120 +02:00 [INF] Built VBO for map a31f210c-f5fb-48bf-9db2-45fab2293a4c 'Forest' in 134.1837ms
2026-07-13 16:36:37.184 +02:00 [INF] Built VBO for map 27c6a7b2-4e9f-4316-9a0f-e13ec8e16ba2 'Forest' in 58.5054ms
2026-07-13 16:36:37.206 +02:00 [INF] Built VBO for map e341d25d-5ff4-4cd6-bcd5-2f2cda710c86 'Greenfall Vale' in 20.1388ms
2026-07-13 16:36:49.558 +02:00 [WRN] Buff flourish shader resource 'Intersect.Client.Resources.Shaders.buffflourish.mgfxo' is missing parameter 'ShapeMode'. Buff flourish effects will be skipped.
2026-07-13 16:38:05.310 +02:00 [INF] System window closing (due to user interaction most likely).
2026-07-13 16:38:05.313 +02:00 [INF] Disconnected [330c66d2-ffdd-48f6-8740-f301df36e349].
2026-07-13 16:38:05.314 +02:00 [INF] Updating active permission set to 'default'
2026-07-13 16:38:05.340 +02:00 [INF] Acquiring context lock... (0ms)
2026-07-13 16:38:05.341 +02:00 [INF] Acquired. (0ms)
2026-07-13 16:38:05.341 +02:00 [INF] Beginning context dispose. (0ms)
2026-07-13 16:38:05.342 +02:00 [INF] GC.SuppressFinalize (0ms)
2026-07-13 16:38:05.342 +02:00 [INF] InternalDispose() completed. (0ms)
2026-07-13 16:38:05.342 +02:00 [INF] Clearing instance... (1ms)
2026-07-13 16:38:05.342 +02:00 [INF] Releasing context lock... (1ms)
2026-07-13 16:38:05.342 +02:00 [INF] Released. (1ms)
