2026-04-22 20:59:00.292 +06:00 [INF] Starting Intersect Client v0.8.0.0-custom+32d39132dace1351f63375b261f241297dd35be8-dirty
2026-04-22 20:59:00.495 +06:00 [INF] Discovered service type: Intersect.Plugins.PluginService
2026-04-22 20:59:00.499 +06:00 [WRN] Directory was specified as a plugin directory but does not exist: 'resources\plugins'
2026-04-22 20:59:00.500 +06:00 [INF] Discovered 0 plugins:

2026-04-22 20:59:02.420 +06:00 [INF] Connecting to 127.0.0.1:5400...
2026-04-22 20:59:02.429 +06:00 [INF] Connected [5932e5b7-5ec8-4cc0-a900-dc581e84a400].
2026-04-22 20:59:02.445 +06:00 [INF] Connection approved [5932e5b7-5ec8-4cc0-a900-dc581e84a400].
2026-04-22 20:59:02.519 +06:00 [INF] Updated PermissionSet 'default'
2026-04-22 20:59:02.519 +06:00 [INF] Updated PermissionSet 'admin'
2026-04-22 20:59:07.228 +06:00 [WRN] Unable to add '_buttonLogout' to the JSON of MainMenu.SelectCharacterWindow._innerPanel._buttonsPanel because a sibling shares the same name
2026-04-22 20:59:07.803 +06:00 [WRN] 'Me' is null.
2026-04-22 20:59:08.409 +06:00 [INF] Built VBO for map 27c6a7b2-4e9f-4316-9a0f-e13ec8e16ba2 'Forest' in 45.1449ms
2026-04-22 20:59:41.290 +06:00 [INF] Built VBO for map c15f8299-8999-471f-9760-388ff4cdec7c 'Forest' in 9.4362ms
2026-04-22 21:01:31.707 +06:00 [INF] System window closing (due to user interaction most likely).
2026-04-22 21:01:31.710 +06:00 [INF] Disconnected [5932e5b7-5ec8-4cc0-a900-dc581e84a400].
2026-04-22 21:01:31.780 +06:00 [INF] Acquiring context lock... (0ms)
2026-04-22 21:01:31.780 +06:00 [INF] Acquired. (0ms)
2026-04-22 21:01:31.780 +06:00 [INF] Beginning context dispose. (0ms)
2026-04-22 21:01:31.781 +06:00 [INF] GC.SuppressFinalize (0ms)
2026-04-22 21:01:31.781 +06:00 [INF] InternalDispose() completed. (0ms)
2026-04-22 21:01:31.781 +06:00 [INF] Clearing instance... (1ms)
2026-04-22 21:01:31.781 +06:00 [INF] Releasing context lock... (1ms)
2026-04-22 21:01:31.781 +06:00 [INF] Released. (1ms)
