2026-03-25 13:52:27.920 +01:00 [INF] Starting Intersect Client v0.8.0.0-custom+32d39132dace1351f63375b261f241297dd35be8-dirty
2026-03-25 13:52:28.330 +01:00 [INF] Discovered service type: Intersect.Plugins.PluginService
2026-03-25 13:52:28.338 +01:00 [WRN] Directory was specified as a plugin directory but does not exist: 'resources\plugins'
2026-03-25 13:52:28.339 +01:00 [INF] Discovered 0 plugins:

2026-03-25 13:52:30.624 +01:00 [INF] Connecting to 127.0.0.1:5400...
2026-03-25 13:52:30.646 +01:00 [INF] Connected [f68e1c5c-28d8-4ac7-837c-86ab9506dc4a].
2026-03-25 13:52:30.665 +01:00 [INF] Connection approved [f68e1c5c-28d8-4ac7-837c-86ab9506dc4a].
2026-03-25 13:52:30.743 +01:00 [INF] Updated PermissionSet 'default'
2026-03-25 13:52:36.030 +01:00 [INF] Updated PermissionSet 'admin'
2026-03-25 13:52:36.031 +01:00 [INF] Updating active permission set to 'admin'
2026-03-25 13:52:36.150 +01:00 [WRN] Unable to add '_buttonLogout' to the JSON of MainMenu.SelectCharacterWindow._innerPanel._buttonsPanel because a sibling shares the same name
2026-03-25 13:52:39.760 +01:00 [WRN] 'Me' is null.
2026-03-25 13:52:40.258 +01:00 [INF] Built VBO for map 850ddb26-5568-4376-b8e0-346c04cb81ef 'forest' in 13.629ms
2026-03-25 13:56:26.078 +01:00 [INF] System window closing (due to user interaction most likely).
2026-03-25 13:56:26.081 +01:00 [INF] Disconnected [f68e1c5c-28d8-4ac7-837c-86ab9506dc4a].
2026-03-25 13:56:26.082 +01:00 [INF] Updating active permission set to 'default'
2026-03-25 13:56:26.191 +01:00 [INF] Acquiring context lock... (0ms)
2026-03-25 13:56:26.192 +01:00 [INF] Acquired. (0ms)
2026-03-25 13:56:26.192 +01:00 [INF] Beginning context dispose. (0ms)
2026-03-25 13:56:26.193 +01:00 [INF] GC.SuppressFinalize (0ms)
2026-03-25 13:56:26.193 +01:00 [INF] InternalDispose() completed. (0ms)
2026-03-25 13:56:26.193 +01:00 [INF] Clearing instance... (1ms)
2026-03-25 13:56:26.193 +01:00 [INF] Releasing context lock... (1ms)
2026-03-25 13:56:26.193 +01:00 [INF] Released. (1ms)
