2026-05-19 08:38:57.922 +02:00 [INF] Starting Intersect Client v0.8.0.0-custom+32d39132dace1351f63375b261f241297dd35be8-dirty
2026-05-19 08:38:58.132 +02:00 [INF] Discovered service type: Intersect.Plugins.PluginService
2026-05-19 08:38:58.135 +02:00 [WRN] Directory was specified as a plugin directory but does not exist: 'resources\plugins'
2026-05-19 08:38:58.136 +02:00 [INF] Discovered 0 plugins:

2026-05-19 08:39:00.079 +02:00 [INF] Connecting to 127.0.0.1:5400...
2026-05-19 08:39:00.102 +02:00 [INF] Connected [7c26c925-243f-412d-b0fb-3501c3ad922e].
2026-05-19 08:39:00.120 +02:00 [INF] Connection approved [7c26c925-243f-412d-b0fb-3501c3ad922e].
2026-05-19 08:39:00.210 +02:00 [INF] Updated PermissionSet 'default'
2026-05-19 08:39:05.527 +02:00 [INF] Updated PermissionSet 'admin'
2026-05-19 08:39:05.528 +02:00 [INF] Updating active permission set to 'admin'
2026-05-19 08:39:06.033 +02:00 [WRN] 'Me' is null.
2026-05-19 08:39:06.931 +02:00 [INF] Built VBO for map 27c6a7b2-4e9f-4316-9a0f-e13ec8e16ba2 'Forest' in 63.7874ms
2026-05-19 08:40:53.735 +02:00 [INF] Built VBO for map 27c6a7b2-4e9f-4316-9a0f-e13ec8e16ba2 'Forest' in 37.8802ms
2026-05-19 08:43:54.477 +02:00 [INF] Built VBO for map e341d25d-5ff4-4cd6-bcd5-2f2cda710c86 'Forest' in 7.2208ms
2026-05-19 08:44:16.034 +02:00 [INF] System window closing (due to user interaction most likely).
2026-05-19 08:44:16.038 +02:00 [INF] Disconnected [7c26c925-243f-412d-b0fb-3501c3ad922e].
2026-05-19 08:44:16.038 +02:00 [INF] Updating active permission set to 'default'
2026-05-19 08:44:16.079 +02:00 [INF] Acquiring context lock... (0ms)
2026-05-19 08:44:16.079 +02:00 [INF] Acquired. (0ms)
2026-05-19 08:44:16.080 +02:00 [INF] Beginning context dispose. (0ms)
2026-05-19 08:44:16.080 +02:00 [INF] GC.SuppressFinalize (0ms)
2026-05-19 08:44:16.080 +02:00 [INF] InternalDispose() completed. (0ms)
2026-05-19 08:44:16.080 +02:00 [INF] Clearing instance... (1ms)
2026-05-19 08:44:16.081 +02:00 [INF] Releasing context lock... (1ms)
2026-05-19 08:44:16.081 +02:00 [INF] Released. (1ms)
