2026-04-26 19:09:51.018 +06:00 [INF] Starting Intersect Client v0.8.0.0-custom+32d39132dace1351f63375b261f241297dd35be8-dirty
2026-04-26 19:09:51.221 +06:00 [INF] Discovered service type: Intersect.Plugins.PluginService
2026-04-26 19:09:51.224 +06:00 [WRN] Directory was specified as a plugin directory but does not exist: 'resources\plugins'
2026-04-26 19:09:51.225 +06:00 [INF] Discovered 0 plugins:

2026-04-26 19:09:53.206 +06:00 [INF] Connecting to 127.0.0.1:5400...
2026-04-26 19:09:53.224 +06:00 [INF] Connected [9b281f1d-7a44-4d9c-8edd-ab9e0c52df64].
2026-04-26 19:09:53.233 +06:00 [INF] Connection approved [9b281f1d-7a44-4d9c-8edd-ab9e0c52df64].
2026-04-26 19:09:53.332 +06:00 [INF] Updated PermissionSet 'default'
2026-04-26 19:09:58.739 +06:00 [INF] Updated PermissionSet 'admin'
2026-04-26 19:09:58.739 +06:00 [INF] Updating active permission set to 'admin'
2026-04-26 19:09:58.896 +06:00 [WRN] Unable to add '_buttonLogout' to the JSON of MainMenu.SelectCharacterWindow._innerPanel._buttonsPanel because a sibling shares the same name
2026-04-26 19:10:00.111 +06:00 [WRN] 'Me' is null.
2026-04-26 19:10:00.669 +06:00 [INF] Built VBO for map 27c6a7b2-4e9f-4316-9a0f-e13ec8e16ba2 'Forest' in 9.6925ms
2026-04-26 19:10:00.687 +06:00 [INF] Built VBO for map c15f8299-8999-471f-9760-388ff4cdec7c 'Forest' in 13.1055ms
2026-04-26 19:11:59.470 +06:00 [INF] System window closing (due to user interaction most likely).
2026-04-26 19:11:59.473 +06:00 [INF] Disconnected [9b281f1d-7a44-4d9c-8edd-ab9e0c52df64].
2026-04-26 19:11:59.474 +06:00 [INF] Updating active permission set to 'default'
2026-04-26 19:11:59.586 +06:00 [INF] Acquiring context lock... (0ms)
2026-04-26 19:11:59.587 +06:00 [INF] Acquired. (0ms)
2026-04-26 19:11:59.587 +06:00 [INF] Beginning context dispose. (0ms)
2026-04-26 19:11:59.588 +06:00 [INF] GC.SuppressFinalize (0ms)
2026-04-26 19:11:59.588 +06:00 [INF] InternalDispose() completed. (0ms)
2026-04-26 19:11:59.588 +06:00 [INF] Clearing instance... (1ms)
2026-04-26 19:11:59.588 +06:00 [INF] Releasing context lock... (1ms)
2026-04-26 19:11:59.588 +06:00 [INF] Released. (1ms)
