2026-03-25 00:51:05.969 +01:00 [INF] Starting Intersect Client v0.8.0.0-custom+32d39132dace1351f63375b261f241297dd35be8-dirty
2026-03-25 00:51:06.301 +01:00 [INF] Discovered service type: Intersect.Plugins.PluginService
2026-03-25 00:51:06.309 +01:00 [WRN] Directory was specified as a plugin directory but does not exist: 'resources\plugins'
2026-03-25 00:51:06.310 +01:00 [INF] Discovered 0 plugins:

2026-03-25 00:51:08.738 +01:00 [INF] Connecting to 127.0.0.1:5400...
2026-03-25 00:51:08.760 +01:00 [INF] Connected [075986ee-41f4-4369-bfd5-9fb3f7ed90bb].
2026-03-25 00:51:08.770 +01:00 [INF] Connection approved [075986ee-41f4-4369-bfd5-9fb3f7ed90bb].
2026-03-25 00:51:08.872 +01:00 [INF] Updated PermissionSet 'default'
2026-03-25 00:51:10.066 +01:00 [INF] Updated PermissionSet 'admin'
2026-03-25 00:51:10.067 +01:00 [INF] Updating active permission set to 'admin'
2026-03-25 00:51:10.198 +01:00 [WRN] Unable to add '_buttonLogout' to the JSON of MainMenu.SelectCharacterWindow._innerPanel._buttonsPanel because a sibling shares the same name
2026-03-25 00:51:11.289 +01:00 [WRN] 'Me' is null.
2026-03-25 00:51:11.821 +01:00 [INF] Built VBO for map 73ba8458-f8de-4f78-a254-c91b18418ed0 'test 3' in 15.9279ms
2026-03-25 00:51:11.833 +01:00 [INF] Built VBO for map 27c6a7b2-4e9f-4316-9a0f-e13ec8e16ba2 'New Map' in 6.8545ms
2026-03-25 00:51:27.053 +01:00 [INF] Built VBO for map 850ddb26-5568-4376-b8e0-346c04cb81ef 'test 4' in 2.1776ms
2026-03-25 00:51:27.059 +01:00 [INF] Built VBO for map 23382d57-1bd1-403a-8f4f-50e5ad24e8a0 'test1' in 5.7208ms
2026-03-25 00:55:16.205 +01:00 [INF] System window closing (due to user interaction most likely).
2026-03-25 00:55:16.208 +01:00 [INF] Disconnected [075986ee-41f4-4369-bfd5-9fb3f7ed90bb].
2026-03-25 00:55:16.209 +01:00 [INF] Updating active permission set to 'default'
2026-03-25 00:55:16.239 +01:00 [INF] Acquiring context lock... (0ms)
2026-03-25 00:55:16.239 +01:00 [INF] Acquired. (0ms)
2026-03-25 00:55:16.240 +01:00 [INF] Beginning context dispose. (0ms)
2026-03-25 00:55:16.240 +01:00 [INF] GC.SuppressFinalize (0ms)
2026-03-25 00:55:16.240 +01:00 [INF] InternalDispose() completed. (0ms)
2026-03-25 00:55:16.240 +01:00 [INF] Clearing instance... (1ms)
2026-03-25 00:55:16.240 +01:00 [INF] Releasing context lock... (1ms)
2026-03-25 00:55:16.240 +01:00 [INF] Released. (1ms)
