2026-05-03 05:35:48.170 +06:00 [INF] Starting Intersect Client v0.8.0.0-custom+32d39132dace1351f63375b261f241297dd35be8-dirty
2026-05-03 05:35:48.377 +06:00 [INF] Discovered service type: Intersect.Plugins.PluginService
2026-05-03 05:35:48.380 +06:00 [WRN] Directory was specified as a plugin directory but does not exist: 'resources\plugins'
2026-05-03 05:35:48.381 +06:00 [INF] Discovered 0 plugins:

2026-05-03 05:35:52.821 +06:00 [INF] Connecting to 127.0.0.1:5400...
2026-05-03 05:35:52.846 +06:00 [INF] Connected [69e7da20-1877-4db2-82e9-f4a39f9d3312].
2026-05-03 05:35:52.862 +06:00 [INF] Connection approved [69e7da20-1877-4db2-82e9-f4a39f9d3312].
2026-05-03 05:35:52.957 +06:00 [INF] Updated PermissionSet 'default'
2026-05-03 05:35:59.052 +06:00 [INF] Updated PermissionSet 'admin'
2026-05-03 05:35:59.052 +06:00 [INF] Updating active permission set to 'admin'
2026-05-03 05:35:59.827 +06:00 [WRN] 'Me' is null.
2026-05-03 05:36:00.451 +06:00 [INF] Built VBO for map 27c6a7b2-4e9f-4316-9a0f-e13ec8e16ba2 'Forest' in 9.9429ms
2026-05-03 05:36:25.959 +06:00 [INF] Built VBO for map c15f8299-8999-471f-9760-388ff4cdec7c 'test' in 6.4337ms
2026-05-03 05:36:25.961 +06:00 [INF] Built VBO for map 17031e42-3e0a-487c-ab96-b317096cd6ce 'New Map' in 1.775ms
2026-05-03 05:39:24.953 +06:00 [INF] Built VBO for map 27c6a7b2-4e9f-4316-9a0f-e13ec8e16ba2 'Forest' in 2.2307ms
2026-05-03 05:41:17.501 +06:00 [INF] Built VBO for map 27c6a7b2-4e9f-4316-9a0f-e13ec8e16ba2 'Forest' in 1.8179ms
2026-05-03 05:42:14.271 +06:00 [INF] Disconnected [69e7da20-1877-4db2-82e9-f4a39f9d3312].
2026-05-03 05:42:14.272 +06:00 [INF] Updating active permission set to 'default'
2026-05-03 05:42:14.567 +06:00 [WRN] 'Me' is null.
2026-05-03 05:42:14.567 +06:00 [WRN] 'Me' is null.
2026-05-03 05:42:30.869 +06:00 [INF] Connecting to 127.0.0.1:5400...
2026-05-03 05:42:30.875 +06:00 [INF] Connected [ab03a295-850a-42b0-b020-4192367a5b63].
2026-05-03 05:42:30.887 +06:00 [INF] Connection approved [ab03a295-850a-42b0-b020-4192367a5b63].
2026-05-03 05:42:30.900 +06:00 [INF] Updated PermissionSet 'default'
2026-05-03 05:42:30.900 +06:00 [INF] Updated PermissionSet 'admin'
2026-05-03 05:42:40.548 +06:00 [INF] Disconnected [ab03a295-850a-42b0-b020-4192367a5b63].
2026-05-03 05:42:40.548 +06:00 [INF] Updating active permission set to 'default'
2026-05-03 05:42:42.863 +06:00 [INF] User clicked exit button.
2026-05-03 05:42:42.884 +06:00 [INF] System window closing (due to user interaction most likely).
2026-05-03 05:42:42.908 +06:00 [INF] Acquiring context lock... (0ms)
2026-05-03 05:42:42.908 +06:00 [INF] Acquired. (0ms)
2026-05-03 05:42:42.909 +06:00 [INF] Beginning context dispose. (0ms)
2026-05-03 05:42:42.910 +06:00 [INF] GC.SuppressFinalize (0ms)
2026-05-03 05:42:42.910 +06:00 [INF] InternalDispose() completed. (0ms)
2026-05-03 05:42:42.910 +06:00 [INF] Clearing instance... (1ms)
2026-05-03 05:42:42.910 +06:00 [INF] Releasing context lock... (1ms)
2026-05-03 05:42:42.910 +06:00 [INF] Released. (1ms)
