2026-05-30 13:02:50.813 +02:00 [INF] Starting Intersect Client v0.8.0.0-custom+32d39132dace1351f63375b261f241297dd35be8-dirty
2026-05-30 13:02:51.021 +02:00 [INF] Discovered service type: Intersect.Plugins.PluginService
2026-05-30 13:02:51.025 +02:00 [WRN] Directory was specified as a plugin directory but does not exist: 'resources\plugins'
2026-05-30 13:02:51.026 +02:00 [INF] Discovered 0 plugins:

2026-05-30 13:02:53.377 +02:00 [INF] Connecting to 127.0.0.1:5400...
2026-05-30 13:02:53.394 +02:00 [INF] Connected [e98957cf-9c58-4b46-9e8f-cf1be29734c8].
2026-05-30 13:02:53.411 +02:00 [INF] Connection approved [e98957cf-9c58-4b46-9e8f-cf1be29734c8].
2026-05-30 13:02:53.518 +02:00 [INF] Updated PermissionSet 'default'
2026-05-30 13:02:57.596 +02:00 [INF] Updated PermissionSet 'admin'
2026-05-30 13:02:57.597 +02:00 [INF] Updating active permission set to 'admin'
2026-05-30 13:02:58.738 +02:00 [WRN] 'Me' is null.
2026-05-30 13:02:59.558 +02:00 [INF] Built VBO for map a31f210c-f5fb-48bf-9db2-45fab2293a4c 'Forest' in 98.3168ms
2026-05-30 13:02:59.683 +02:00 [INF] Built VBO for map 27c6a7b2-4e9f-4316-9a0f-e13ec8e16ba2 'Forest' in 83.8582ms
2026-05-30 13:03:32.035 +02:00 [INF] Built VBO for map a31f210c-f5fb-48bf-9db2-45fab2293a4c 'Forest' in 54.2831ms
2026-05-30 13:03:32.068 +02:00 [INF] Built VBO for map 27c6a7b2-4e9f-4316-9a0f-e13ec8e16ba2 'Forest' in 14.6102ms
2026-05-30 13:03:43.134 +02:00 [INF] Built VBO for map a31f210c-f5fb-48bf-9db2-45fab2293a4c 'Forest' in 48.7811ms
2026-05-30 13:03:43.172 +02:00 [INF] Built VBO for map 27c6a7b2-4e9f-4316-9a0f-e13ec8e16ba2 'Forest' in 17.1676ms
2026-05-30 13:03:53.388 +02:00 [INF] Built VBO for map a31f210c-f5fb-48bf-9db2-45fab2293a4c 'Forest' in 45.8344ms
2026-05-30 13:03:53.420 +02:00 [INF] Built VBO for map 27c6a7b2-4e9f-4316-9a0f-e13ec8e16ba2 'Forest' in 13.7605ms
2026-05-30 13:04:04.088 +02:00 [INF] Built VBO for map a31f210c-f5fb-48bf-9db2-45fab2293a4c 'Forest' in 47.8997ms
2026-05-30 13:04:04.122 +02:00 [INF] Built VBO for map 27c6a7b2-4e9f-4316-9a0f-e13ec8e16ba2 'Forest' in 13.7154ms
2026-05-30 13:04:12.272 +02:00 [INF] Built VBO for map a31f210c-f5fb-48bf-9db2-45fab2293a4c 'Forest' in 48.5202ms
2026-05-30 13:04:12.304 +02:00 [INF] Built VBO for map 27c6a7b2-4e9f-4316-9a0f-e13ec8e16ba2 'Forest' in 14.0387ms
2026-05-30 13:04:21.860 +02:00 [INF] Built VBO for map a31f210c-f5fb-48bf-9db2-45fab2293a4c 'Forest' in 46.4345ms
2026-05-30 13:04:21.892 +02:00 [INF] Built VBO for map 27c6a7b2-4e9f-4316-9a0f-e13ec8e16ba2 'Forest' in 13.0119ms
2026-05-30 13:04:53.487 +02:00 [INF] Built VBO for map a31f210c-f5fb-48bf-9db2-45fab2293a4c 'Forest' in 50.5696ms
2026-05-30 13:04:53.518 +02:00 [INF] Built VBO for map 27c6a7b2-4e9f-4316-9a0f-e13ec8e16ba2 'Forest' in 13.0841ms
2026-05-30 13:09:19.722 +02:00 [INF] Built VBO for map a31f210c-f5fb-48bf-9db2-45fab2293a4c 'Forest' in 51.2998ms
2026-05-30 13:09:19.756 +02:00 [INF] Built VBO for map 27c6a7b2-4e9f-4316-9a0f-e13ec8e16ba2 'Forest' in 13.2421ms
2026-05-30 13:09:25.025 +02:00 [INF] System window closing (due to user interaction most likely).
2026-05-30 13:09:25.028 +02:00 [INF] Disconnected [e98957cf-9c58-4b46-9e8f-cf1be29734c8].
2026-05-30 13:09:25.029 +02:00 [INF] Updating active permission set to 'default'
2026-05-30 13:09:25.064 +02:00 [INF] Acquiring context lock... (0ms)
2026-05-30 13:09:25.064 +02:00 [INF] Acquired. (0ms)
2026-05-30 13:09:25.065 +02:00 [INF] Beginning context dispose. (0ms)
2026-05-30 13:09:25.065 +02:00 [INF] GC.SuppressFinalize (0ms)
2026-05-30 13:09:25.065 +02:00 [INF] InternalDispose() completed. (0ms)
2026-05-30 13:09:25.065 +02:00 [INF] Clearing instance... (1ms)
2026-05-30 13:09:25.065 +02:00 [INF] Releasing context lock... (1ms)
2026-05-30 13:09:25.065 +02:00 [INF] Released. (1ms)
