2026-04-17 02:41:34.195 +06:00 [INF] Starting Intersect Client v0.8.0.0-custom+32d39132dace1351f63375b261f241297dd35be8-dirty
2026-04-17 02:41:34.399 +06:00 [INF] Discovered service type: Intersect.Plugins.PluginService
2026-04-17 02:41:34.402 +06:00 [WRN] Directory was specified as a plugin directory but does not exist: 'resources\plugins'
2026-04-17 02:41:34.402 +06:00 [INF] Discovered 0 plugins:

2026-04-17 02:41:36.173 +06:00 [INF] Connecting to 127.0.0.1:5400...
2026-04-17 02:41:36.180 +06:00 [INF] Connected [6454c5a3-58b5-40cd-99a1-2e0a2b1a5fc6].
2026-04-17 02:41:36.192 +06:00 [INF] Connection approved [6454c5a3-58b5-40cd-99a1-2e0a2b1a5fc6].
2026-04-17 02:41:36.261 +06:00 [INF] Updated PermissionSet 'default'
2026-04-17 02:41:36.261 +06:00 [INF] Updated PermissionSet 'admin'
2026-04-17 02:41:40.232 +06:00 [WRN] Unable to add '_buttonLogout' to the JSON of MainMenu.SelectCharacterWindow._innerPanel._buttonsPanel because a sibling shares the same name
2026-04-17 02:41:41.306 +06:00 [WRN] 'Me' is null.
2026-04-17 02:41:41.959 +06:00 [INF] Built VBO for map 23630ac6-4461-460d-8a3b-9a0d4477096f 'test 8' in 16.7754ms
2026-04-17 02:41:42.007 +06:00 [INF] Built VBO for map 73ba8458-f8de-4f78-a254-c91b18418ed0 'forest' in 43.5214ms
2026-04-17 02:41:42.013 +06:00 [INF] Built VBO for map 27c6a7b2-4e9f-4316-9a0f-e13ec8e16ba2 'New Map' in 4.7298ms
2026-04-17 02:45:24.633 +06:00 [INF] System window closing (due to user interaction most likely).
2026-04-17 02:45:24.636 +06:00 [INF] Disconnected [6454c5a3-58b5-40cd-99a1-2e0a2b1a5fc6].
2026-04-17 02:45:24.663 +06:00 [INF] Acquiring context lock... (0ms)
2026-04-17 02:45:24.663 +06:00 [INF] Acquired. (0ms)
2026-04-17 02:45:24.664 +06:00 [INF] Beginning context dispose. (0ms)
2026-04-17 02:45:24.664 +06:00 [INF] GC.SuppressFinalize (0ms)
2026-04-17 02:45:24.664 +06:00 [INF] InternalDispose() completed. (0ms)
2026-04-17 02:45:24.664 +06:00 [INF] Clearing instance... (1ms)
2026-04-17 02:45:24.664 +06:00 [INF] Releasing context lock... (1ms)
2026-04-17 02:45:24.664 +06:00 [INF] Released. (1ms)
