2026-06-01 01:54:15.477 +02:00 [INF] Starting Intersect Client v0.8.0.0-custom+32d39132dace1351f63375b261f241297dd35be8-dirty
2026-06-01 01:54:15.703 +02:00 [INF] Discovered service type: Intersect.Plugins.PluginService
2026-06-01 01:54:15.706 +02:00 [WRN] Directory was specified as a plugin directory but does not exist: 'resources\plugins'
2026-06-01 01:54:15.706 +02:00 [INF] Discovered 0 plugins:

2026-06-01 01:54:17.571 +02:00 [INF] Connecting to 127.0.0.1:5400...
2026-06-01 01:54:17.580 +02:00 [INF] Connected [22de12d1-24ee-438d-9aa3-a64f51632fa3].
2026-06-01 01:54:17.588 +02:00 [INF] Connection approved [22de12d1-24ee-438d-9aa3-a64f51632fa3].
2026-06-01 01:54:17.676 +02:00 [INF] Updated PermissionSet 'default'
2026-06-01 01:54:17.676 +02:00 [INF] Updated PermissionSet 'admin'
2026-06-01 01:54:23.976 +02:00 [INF] Updating active permission set to 'admin'
2026-06-01 01:54:24.584 +02:00 [WRN] 'Me' is null.
2026-06-01 01:54:25.546 +02:00 [INF] Built VBO for map 27c6a7b2-4e9f-4316-9a0f-e13ec8e16ba2 'Forest' in 70.5361ms
2026-06-01 01:54:48.970 +02:00 [INF] Built VBO for map 27c6a7b2-4e9f-4316-9a0f-e13ec8e16ba2 'Forest' in 41.4987ms
2026-06-01 01:55:09.201 +02:00 [INF] Built VBO for map 27c6a7b2-4e9f-4316-9a0f-e13ec8e16ba2 'Forest' in 58.4553ms
2026-06-01 01:55:29.745 +02:00 [INF] Built VBO for map 27c6a7b2-4e9f-4316-9a0f-e13ec8e16ba2 'Forest' in 43.6777ms
2026-06-01 01:55:45.105 +02:00 [INF] Built VBO for map 27c6a7b2-4e9f-4316-9a0f-e13ec8e16ba2 'Forest' in 41.1916ms
2026-06-01 01:56:15.798 +02:00 [INF] Built VBO for map 27c6a7b2-4e9f-4316-9a0f-e13ec8e16ba2 'Forest' in 47.5829ms
2026-06-01 01:56:47.495 +02:00 [INF] Built VBO for map 27c6a7b2-4e9f-4316-9a0f-e13ec8e16ba2 'Forest' in 47.1796ms
2026-06-01 01:57:08.398 +02:00 [INF] Built VBO for map 27c6a7b2-4e9f-4316-9a0f-e13ec8e16ba2 'Forest' in 40.1486ms
2026-06-01 01:57:11.254 +02:00 [INF] Built VBO for map a31f210c-f5fb-48bf-9db2-45fab2293a4c 'Forest' in 57.2962ms
2026-06-01 01:57:42.639 +02:00 [INF] Built VBO for map 27c6a7b2-4e9f-4316-9a0f-e13ec8e16ba2 'Forest' in 42.0605ms
2026-06-01 01:57:45.354 +02:00 [INF] Built VBO for map a31f210c-f5fb-48bf-9db2-45fab2293a4c 'Forest' in 36.0273ms
2026-06-01 02:03:07.424 +02:00 [INF] Disconnected [22de12d1-24ee-438d-9aa3-a64f51632fa3].
2026-06-01 02:03:07.425 +02:00 [INF] Updating active permission set to 'default'
2026-06-01 02:03:09.717 +02:00 [INF] User clicked exit button.
2026-06-01 02:03:09.745 +02:00 [INF] System window closing (due to user interaction most likely).
2026-06-01 02:03:09.766 +02:00 [INF] Acquiring context lock... (0ms)
2026-06-01 02:03:09.766 +02:00 [INF] Acquired. (0ms)
2026-06-01 02:03:09.767 +02:00 [INF] Beginning context dispose. (0ms)
2026-06-01 02:03:09.767 +02:00 [INF] GC.SuppressFinalize (0ms)
2026-06-01 02:03:09.768 +02:00 [INF] InternalDispose() completed. (0ms)
2026-06-01 02:03:09.768 +02:00 [INF] Clearing instance... (1ms)
2026-06-01 02:03:09.768 +02:00 [INF] Releasing context lock... (1ms)
2026-06-01 02:03:09.768 +02:00 [INF] Released. (1ms)
