2026-04-14 12:18:06.411 +06:00 [INF] Starting Intersect Client v0.8.0.0-custom+32d39132dace1351f63375b261f241297dd35be8-dirty
2026-04-14 12:18:06.776 +06:00 [INF] Discovered service type: Intersect.Plugins.PluginService
2026-04-14 12:18:06.785 +06:00 [WRN] Directory was specified as a plugin directory but does not exist: 'resources\plugins'
2026-04-14 12:18:06.786 +06:00 [INF] Discovered 0 plugins:

2026-04-14 12:18:08.995 +06:00 [INF] Connecting to 127.0.0.1:5400...
2026-04-14 12:18:09.015 +06:00 [INF] Connected [4bc9666f-5f16-48ee-86f4-7e90a9d321b5].
2026-04-14 12:18:09.028 +06:00 [INF] Connection approved [4bc9666f-5f16-48ee-86f4-7e90a9d321b5].
2026-04-14 12:18:09.111 +06:00 [INF] Updated PermissionSet 'default'
2026-04-14 12:18:31.918 +06:00 [INF] Updated PermissionSet 'admin'
2026-04-14 12:18:31.919 +06:00 [INF] Updating active permission set to 'admin'
2026-04-14 12:18:32.013 +06:00 [WRN] Unable to add '_buttonLogout' to the JSON of MainMenu.SelectCharacterWindow._innerPanel._buttonsPanel because a sibling shares the same name
2026-04-14 12:18:34.426 +06:00 [WRN] 'Me' is null.
2026-04-14 12:18:34.957 +06:00 [INF] Built VBO for map 73ba8458-f8de-4f78-a254-c91b18418ed0 'test 3' in 55.239ms
2026-04-14 12:18:34.966 +06:00 [INF] Built VBO for map 27c6a7b2-4e9f-4316-9a0f-e13ec8e16ba2 'New Map' in 3.9113ms
2026-04-14 12:18:41.626 +06:00 [INF] Built VBO for map 23630ac6-4461-460d-8a3b-9a0d4477096f 'test 8' in 7.3207ms
2026-04-14 12:22:37.791 +06:00 [INF] System window closing (due to user interaction most likely).
2026-04-14 12:22:37.794 +06:00 [INF] Disconnected [4bc9666f-5f16-48ee-86f4-7e90a9d321b5].
2026-04-14 12:22:37.794 +06:00 [INF] Updating active permission set to 'default'
2026-04-14 12:22:37.915 +06:00 [INF] Acquiring context lock... (0ms)
2026-04-14 12:22:37.915 +06:00 [INF] Acquired. (0ms)
2026-04-14 12:22:37.916 +06:00 [INF] Beginning context dispose. (0ms)
2026-04-14 12:22:37.916 +06:00 [INF] GC.SuppressFinalize (0ms)
2026-04-14 12:22:37.916 +06:00 [INF] InternalDispose() completed. (0ms)
2026-04-14 12:22:37.916 +06:00 [INF] Clearing instance... (1ms)
2026-04-14 12:22:37.916 +06:00 [INF] Releasing context lock... (1ms)
2026-04-14 12:22:37.916 +06:00 [INF] Released. (1ms)
