2026-04-14 01:14:52.708 +06:00 [INF] Starting Intersect Client v0.8.0.0-custom+32d39132dace1351f63375b261f241297dd35be8-dirty
2026-04-14 01:14:52.904 +06:00 [INF] Discovered service type: Intersect.Plugins.PluginService
2026-04-14 01:14:52.908 +06:00 [WRN] Directory was specified as a plugin directory but does not exist: 'resources\plugins'
2026-04-14 01:14:52.909 +06:00 [INF] Discovered 0 plugins:

2026-04-14 01:14:54.749 +06:00 [INF] Connecting to 127.0.0.1:5400...
2026-04-14 01:14:54.767 +06:00 [INF] Connected [b5a725cf-ddb6-4930-a1e4-70afa22f4c1e].
2026-04-14 01:14:54.790 +06:00 [INF] Connection approved [b5a725cf-ddb6-4930-a1e4-70afa22f4c1e].
2026-04-14 01:14:54.872 +06:00 [INF] Updated PermissionSet 'default'
2026-04-14 01:14:57.960 +06:00 [INF] Updated PermissionSet 'admin'
2026-04-14 01:14:57.960 +06:00 [INF] Updating active permission set to 'admin'
2026-04-14 01:14:58.102 +06:00 [WRN] Unable to add '_buttonLogout' to the JSON of MainMenu.SelectCharacterWindow._innerPanel._buttonsPanel because a sibling shares the same name
2026-04-14 01:15:17.551 +06:00 [WRN] 'Me' is null.
2026-04-14 01:15:18.128 +06:00 [INF] Built VBO for map 23630ac6-4461-460d-8a3b-9a0d4477096f 'test 8' in 16.2381ms
2026-04-14 01:15:18.174 +06:00 [INF] Built VBO for map 73ba8458-f8de-4f78-a254-c91b18418ed0 'test 3' in 40.8709ms
2026-04-14 01:15:18.179 +06:00 [INF] Built VBO for map 27c6a7b2-4e9f-4316-9a0f-e13ec8e16ba2 'New Map' in 4.2128ms
2026-04-14 01:15:28.931 +06:00 [INF] Disconnected [b5a725cf-ddb6-4930-a1e4-70afa22f4c1e].
2026-04-14 01:15:28.932 +06:00 [INF] Updating active permission set to 'default'
2026-04-14 01:15:30.095 +06:00 [INF] Connecting to 127.0.0.1:5400...
2026-04-14 01:15:30.100 +06:00 [INF] Connected [2c6edbe4-422f-4d8f-ae3e-dfde818b1dc2].
2026-04-14 01:15:30.115 +06:00 [INF] Connection approved [2c6edbe4-422f-4d8f-ae3e-dfde818b1dc2].
2026-04-14 01:15:30.133 +06:00 [INF] Updated PermissionSet 'default'
2026-04-14 01:15:30.133 +06:00 [INF] Updated PermissionSet 'admin'
2026-04-14 01:15:34.558 +06:00 [INF] System window closing (due to user interaction most likely).
2026-04-14 01:15:34.560 +06:00 [INF] Disconnected [2c6edbe4-422f-4d8f-ae3e-dfde818b1dc2].
2026-04-14 01:15:34.560 +06:00 [INF] Updating active permission set to 'default'
2026-04-14 01:15:34.595 +06:00 [INF] Acquiring context lock... (0ms)
2026-04-14 01:15:34.595 +06:00 [INF] Acquired. (0ms)
2026-04-14 01:15:34.596 +06:00 [INF] Beginning context dispose. (0ms)
2026-04-14 01:15:34.596 +06:00 [INF] GC.SuppressFinalize (0ms)
2026-04-14 01:15:34.596 +06:00 [INF] InternalDispose() completed. (0ms)
2026-04-14 01:15:34.596 +06:00 [INF] Clearing instance... (1ms)
2026-04-14 01:15:34.596 +06:00 [INF] Releasing context lock... (1ms)
2026-04-14 01:15:34.597 +06:00 [INF] Released. (1ms)
