2026-05-17 13:33:47.046 +02:00 [INF] Starting Intersect Client v0.8.0.0-custom+32d39132dace1351f63375b261f241297dd35be8-dirty
2026-05-17 13:33:47.258 +02:00 [INF] Discovered service type: Intersect.Plugins.PluginService
2026-05-17 13:33:47.261 +02:00 [WRN] Directory was specified as a plugin directory but does not exist: 'resources\plugins'
2026-05-17 13:33:47.262 +02:00 [INF] Discovered 0 plugins:

2026-05-17 13:33:49.514 +02:00 [INF] Connecting to 127.0.0.1:5400...
2026-05-17 13:33:49.538 +02:00 [INF] Connected [e3f2d3f8-ec13-4733-ac7e-b7b84ae650e9].
2026-05-17 13:33:49.549 +02:00 [INF] Connection approved [e3f2d3f8-ec13-4733-ac7e-b7b84ae650e9].
2026-05-17 13:33:49.648 +02:00 [INF] Updated PermissionSet 'default'
2026-05-17 13:33:53.716 +02:00 [INF] Updated PermissionSet 'admin'
2026-05-17 13:33:53.716 +02:00 [INF] Updating active permission set to 'admin'
2026-05-17 13:33:54.240 +02:00 [WRN] 'Me' is null.
2026-05-17 13:33:54.496 +02:00 [WRN] Tried to load entity "f748a57f-2b1b-4791-910e-91ddb85352c2" (Oran) from packet before in-game UI was ready
2026-05-17 13:33:54.503 +02:00 [WRN] Tried to load entity "f748a57f-2b1b-4791-910e-91ddb85352c2" (Oran) from packet before in-game UI was ready
2026-05-17 13:33:55.106 +02:00 [INF] Built VBO for map 27c6a7b2-4e9f-4316-9a0f-e13ec8e16ba2 'Forest' in 26.3013ms
2026-05-17 13:35:08.109 +02:00 [INF] System window closing (due to user interaction most likely).
2026-05-17 13:35:08.113 +02:00 [INF] Disconnected [e3f2d3f8-ec13-4733-ac7e-b7b84ae650e9].
2026-05-17 13:35:08.114 +02:00 [INF] Updating active permission set to 'default'
2026-05-17 13:35:08.146 +02:00 [INF] Acquiring context lock... (0ms)
2026-05-17 13:35:08.146 +02:00 [INF] Acquired. (0ms)
2026-05-17 13:35:08.147 +02:00 [INF] Beginning context dispose. (0ms)
2026-05-17 13:35:08.147 +02:00 [INF] GC.SuppressFinalize (0ms)
2026-05-17 13:35:08.147 +02:00 [INF] InternalDispose() completed. (0ms)
2026-05-17 13:35:08.147 +02:00 [INF] Clearing instance... (1ms)
2026-05-17 13:35:08.148 +02:00 [INF] Releasing context lock... (1ms)
2026-05-17 13:35:08.148 +02:00 [INF] Released. (1ms)
