2026-06-19 08:52:55.381 +02:00 [INF] Starting Intersect Client v0.8.0.0-custom+32d39132dace1351f63375b261f241297dd35be8-dirty
2026-06-19 08:52:55.596 +02:00 [INF] Discovered service type: Intersect.Plugins.PluginService
2026-06-19 08:52:55.599 +02:00 [WRN] Directory was specified as a plugin directory but does not exist: 'resources\plugins'
2026-06-19 08:52:55.600 +02:00 [INF] Discovered 0 plugins:

2026-06-19 08:52:58.985 +02:00 [INF] Connecting to 127.0.0.1:5400...
2026-06-19 08:52:59.003 +02:00 [INF] Connected [19d41272-6307-4c4c-a77d-19ba284c9bff].
2026-06-19 08:52:59.027 +02:00 [INF] Connection approved [19d41272-6307-4c4c-a77d-19ba284c9bff].
2026-06-19 08:52:59.114 +02:00 [INF] Updated PermissionSet 'default'
2026-06-19 08:53:09.336 +02:00 [INF] Updated PermissionSet 'admin'
2026-06-19 08:53:09.336 +02:00 [INF] Updating active permission set to 'admin'
2026-06-19 08:54:02.431 +02:00 [WRN] 'Me' is null.
2026-06-19 08:54:03.210 +02:00 [INF] Built VBO for map 9802b09c-f592-4d93-8e11-d3424500716c 'Forest' in 47.6809ms
2026-06-19 08:54:03.217 +02:00 [INF] Built VBO for map 15601ad4-9f26-4abe-a6c9-3a7eebaa3045 'Forest' in 6.3265ms
2026-06-19 08:54:03.253 +02:00 [ERR] Exception thrown while trying to load 'resources/tilesets/water_shore_marker.png'
System.IO.FileNotFoundException: Could not find file 'F:\game code engine\Intersect_New\Intersect.Client\resources\tilesets\water_shore_marker.png'.
File name: 'F:\game code engine\Intersect_New\Intersect.Client\resources\tilesets\water_shore_marker.png'
   at Microsoft.Win32.SafeHandles.SafeFileHandle.CreateFile(String fullPath, FileMode mode, FileAccess access, FileShare share, FileOptions options)
   at Microsoft.Win32.SafeHandles.SafeFileHandle.Open(String fullPath, FileMode mode, FileAccess access, FileShare share, FileOptions options, Int64 preallocationSize, Nullable`1 unixCreateMode)
   at System.IO.Strategies.OSFileStreamStrategy..ctor(String path, FileMode mode, FileAccess access, FileShare share, FileOptions options, Int64 preallocationSize, Nullable`1 unixCreateMode)
   at System.IO.File.OpenRead(String path)
   at Intersect.Client.Framework.Graphics.GameRenderer.<>c__DisplayClass181_0.<LoadTexture>b__0() in F:\game code engine\Intersect_New\Intersect.Client.Framework\Graphics\GameRenderer.cs:line 1011
   at Intersect.Client.Framework.Graphics.GameTexture`2.LoadPlatformTexture(Boolean force) in F:\game code engine\Intersect_New\Intersect.Client.Framework\Graphics\GameTexture.cs:line 279
2026-06-19 08:54:03.255 +02:00 [INF] Built VBO for map a31f210c-f5fb-48bf-9db2-45fab2293a4c 'Forest' in 33.8813ms
2026-06-19 08:54:03.257 +02:00 [INF] Built VBO for map 27c6a7b2-4e9f-4316-9a0f-e13ec8e16ba2 'Forest' in 0.4114ms
2026-06-19 08:54:03.261 +02:00 [INF] Built VBO for map e341d25d-5ff4-4cd6-bcd5-2f2cda710c86 'town' in 2.8004ms
2026-06-19 08:54:03.636 +02:00 [INF] Built VBO for map 9802b09c-f592-4d93-8e11-d3424500716c 'Forest' in 2.2094ms
2026-06-19 08:54:03.639 +02:00 [INF] Built VBO for map 15601ad4-9f26-4abe-a6c9-3a7eebaa3045 'Forest' in 2.4022ms
2026-06-19 08:54:03.682 +02:00 [INF] Built VBO for map a31f210c-f5fb-48bf-9db2-45fab2293a4c 'Forest' in 34.8506ms
2026-06-19 08:54:03.749 +02:00 [INF] Built VBO for map 27c6a7b2-4e9f-4316-9a0f-e13ec8e16ba2 'Forest' in 32.3819ms
2026-06-19 08:54:16.796 +02:00 [INF] Built VBO for map 15601ad4-9f26-4abe-a6c9-3a7eebaa3045 'Forest' in 1.4255ms
2026-06-19 08:54:16.811 +02:00 [INF] Built VBO for map 27c6a7b2-4e9f-4316-9a0f-e13ec8e16ba2 'Forest' in 14.6514ms
2026-06-19 08:54:22.958 +02:00 [INF] Built VBO for map 15601ad4-9f26-4abe-a6c9-3a7eebaa3045 'Forest' in 1.6577ms
2026-06-19 08:54:22.971 +02:00 [INF] Built VBO for map 27c6a7b2-4e9f-4316-9a0f-e13ec8e16ba2 'Forest' in 12.7273ms
2026-06-19 08:54:24.989 +02:00 [INF] Built VBO for map e341d25d-5ff4-4cd6-bcd5-2f2cda710c86 'town' in 1.411ms
2026-06-19 08:54:28.861 +02:00 [INF] Built VBO for map e341d25d-5ff4-4cd6-bcd5-2f2cda710c86 'town' in 2.8127ms
2026-06-19 08:54:29.148 +02:00 [INF] Built VBO for map 27c6a7b2-4e9f-4316-9a0f-e13ec8e16ba2 'Forest' in 7.6589ms
2026-06-19 08:54:31.901 +02:00 [INF] Built VBO for map e341d25d-5ff4-4cd6-bcd5-2f2cda710c86 'town' in 3.3932ms
2026-06-19 08:54:36.053 +02:00 [INF] Built VBO for map e341d25d-5ff4-4cd6-bcd5-2f2cda710c86 'town' in 4.6364ms
2026-06-19 08:54:44.539 +02:00 [INF] Built VBO for map 27c6a7b2-4e9f-4316-9a0f-e13ec8e16ba2 'Forest' in 6.5147ms
2026-06-19 08:55:11.570 +02:00 [INF] Built VBO for map 27c6a7b2-4e9f-4316-9a0f-e13ec8e16ba2 'Forest' in 6.3564ms
2026-06-19 08:55:18.625 +02:00 [INF] Built VBO for map 27c6a7b2-4e9f-4316-9a0f-e13ec8e16ba2 'Forest' in 10.0988ms
2026-06-19 08:55:20.655 +02:00 [INF] Built VBO for map 27c6a7b2-4e9f-4316-9a0f-e13ec8e16ba2 'Forest' in 11.591ms
2026-06-19 08:55:23.628 +02:00 [INF] Built VBO for map 27c6a7b2-4e9f-4316-9a0f-e13ec8e16ba2 'Forest' in 13.0895ms
2026-06-19 08:55:38.527 +02:00 [INF] Built VBO for map a31f210c-f5fb-48bf-9db2-45fab2293a4c 'Forest' in 28.0628ms
2026-06-19 08:55:42.631 +02:00 [INF] Built VBO for map 15601ad4-9f26-4abe-a6c9-3a7eebaa3045 'Forest' in 1.2102ms
2026-06-19 08:55:43.790 +02:00 [INF] Built VBO for map 9802b09c-f592-4d93-8e11-d3424500716c 'Forest' in 3.03ms
2026-06-19 08:55:47.204 +02:00 [INF] Built VBO for map 9802b09c-f592-4d93-8e11-d3424500716c 'Forest' in 4.076ms
2026-06-19 08:55:48.805 +02:00 [INF] Built VBO for map a31f210c-f5fb-48bf-9db2-45fab2293a4c 'Forest' in 12.6433ms
2026-06-19 08:55:52.101 +02:00 [INF] Built VBO for map 9802b09c-f592-4d93-8e11-d3424500716c 'Forest' in 4.2434ms
2026-06-19 08:55:58.038 +02:00 [INF] Built VBO for map 9802b09c-f592-4d93-8e11-d3424500716c 'Forest' in 4.4511ms
2026-06-19 08:56:10.270 +02:00 [INF] Built VBO for map 15601ad4-9f26-4abe-a6c9-3a7eebaa3045 'Forest' in 1.5623ms
2026-06-19 08:56:13.246 +02:00 [INF] Built VBO for map a31f210c-f5fb-48bf-9db2-45fab2293a4c 'Forest' in 12.9581ms
2026-06-19 08:56:15.211 +02:00 [INF] Built VBO for map 15601ad4-9f26-4abe-a6c9-3a7eebaa3045 'Forest' in 1.2901ms
2026-06-19 08:56:15.884 +02:00 [INF] Built VBO for map a31f210c-f5fb-48bf-9db2-45fab2293a4c 'Forest' in 8.0901ms
2026-06-19 08:56:17.770 +02:00 [INF] Built VBO for map 27c6a7b2-4e9f-4316-9a0f-e13ec8e16ba2 'Forest' in 12.1304ms
2026-06-19 08:56:20.888 +02:00 [INF] Built VBO for map 15601ad4-9f26-4abe-a6c9-3a7eebaa3045 'Forest' in 1.71ms
2026-06-19 08:56:23.008 +02:00 [INF] Built VBO for map 27c6a7b2-4e9f-4316-9a0f-e13ec8e16ba2 'Forest' in 12.6405ms
2026-06-19 08:56:27.739 +02:00 [INF] Built VBO for map 27c6a7b2-4e9f-4316-9a0f-e13ec8e16ba2 'Forest' in 8.1204ms
2026-06-19 08:56:32.862 +02:00 [INF] Built VBO for map 27c6a7b2-4e9f-4316-9a0f-e13ec8e16ba2 'Forest' in 10.6245ms
2026-06-19 08:56:41.211 +02:00 [INF] Built VBO for map 27c6a7b2-4e9f-4316-9a0f-e13ec8e16ba2 'Forest' in 13.5557ms
2026-06-19 08:56:44.429 +02:00 [INF] Built VBO for map a31f210c-f5fb-48bf-9db2-45fab2293a4c 'Forest' in 8.227ms
2026-06-19 09:02:50.434 +02:00 [INF] System window closing (due to user interaction most likely).
2026-06-19 09:02:50.437 +02:00 [INF] Disconnected [19d41272-6307-4c4c-a77d-19ba284c9bff].
2026-06-19 09:02:50.438 +02:00 [INF] Updating active permission set to 'default'
2026-06-19 09:02:50.529 +02:00 [INF] Acquiring context lock... (0ms)
2026-06-19 09:02:50.530 +02:00 [INF] Acquired. (0ms)
2026-06-19 09:02:50.530 +02:00 [INF] Beginning context dispose. (0ms)
2026-06-19 09:02:50.531 +02:00 [INF] GC.SuppressFinalize (0ms)
2026-06-19 09:02:50.531 +02:00 [INF] InternalDispose() completed. (0ms)
2026-06-19 09:02:50.531 +02:00 [INF] Clearing instance... (1ms)
2026-06-19 09:02:50.531 +02:00 [INF] Releasing context lock... (1ms)
2026-06-19 09:02:50.531 +02:00 [INF] Released. (1ms)
