2026-04-25 00:17:55.412 +06:00 [INF] Starting Intersect Client v0.8.0.0-custom+32d39132dace1351f63375b261f241297dd35be8-dirty
2026-04-25 00:17:55.632 +06:00 [INF] Discovered service type: Intersect.Plugins.PluginService
2026-04-25 00:17:55.635 +06:00 [WRN] Directory was specified as a plugin directory but does not exist: 'resources\plugins'
2026-04-25 00:17:55.635 +06:00 [INF] Discovered 0 plugins:

2026-04-25 00:18:12.953 +06:00 [INF] Connecting to 127.0.0.1:5400...
2026-04-25 00:18:12.973 +06:00 [INF] Connected [8ba03b1d-86a9-4f3d-b4cc-14d263f41c22].
2026-04-25 00:18:12.985 +06:00 [INF] Connection approved [8ba03b1d-86a9-4f3d-b4cc-14d263f41c22].
2026-04-25 00:18:13.063 +06:00 [INF] Updated PermissionSet 'default'
2026-04-25 00:18:26.021 +06:00 [INF] Updated PermissionSet 'admin'
2026-04-25 00:18:26.021 +06:00 [INF] Updating active permission set to 'admin'
2026-04-25 00:18:26.147 +06:00 [WRN] Unable to add '_buttonLogout' to the JSON of MainMenu.SelectCharacterWindow._innerPanel._buttonsPanel because a sibling shares the same name
2026-04-25 00:18:26.779 +06:00 [WRN] 'Me' is null.
2026-04-25 00:18:27.238 +06:00 [INF] Built VBO for map 27c6a7b2-4e9f-4316-9a0f-e13ec8e16ba2 'Forest' in 18.9219ms
2026-04-25 00:19:33.736 +06:00 [INF] Built VBO for map c15f8299-8999-471f-9760-388ff4cdec7c 'Forest' in 10.9338ms
2026-04-25 00:19:52.025 +06:00 [INF] System window closing (due to user interaction most likely).
2026-04-25 00:19:52.028 +06:00 [INF] Disconnected [8ba03b1d-86a9-4f3d-b4cc-14d263f41c22].
2026-04-25 00:19:52.029 +06:00 [INF] Updating active permission set to 'default'
2026-04-25 00:19:52.059 +06:00 [INF] Acquiring context lock... (0ms)
2026-04-25 00:19:52.059 +06:00 [INF] Acquired. (0ms)
2026-04-25 00:19:52.060 +06:00 [INF] Beginning context dispose. (0ms)
2026-04-25 00:19:52.060 +06:00 [INF] GC.SuppressFinalize (0ms)
2026-04-25 00:19:52.060 +06:00 [INF] InternalDispose() completed. (0ms)
2026-04-25 00:19:52.060 +06:00 [INF] Clearing instance... (1ms)
2026-04-25 00:19:52.061 +06:00 [INF] Releasing context lock... (1ms)
2026-04-25 00:19:52.061 +06:00 [INF] Released. (1ms)
