2026-07-05 16:29:47.376 +02:00 [INF] Starting Intersect Client v0.8.0.0-custom+32d39132dace1351f63375b261f241297dd35be8-dirty
2026-07-05 16:29:47.595 +02:00 [INF] Discovered service type: Intersect.Plugins.PluginService
2026-07-05 16:29:47.599 +02:00 [WRN] Directory was specified as a plugin directory but does not exist: 'resources\plugins'
2026-07-05 16:29:47.600 +02:00 [INF] Discovered 0 plugins:

2026-07-05 16:29:51.208 +02:00 [INF] Connecting to 127.0.0.1:5400...
2026-07-05 16:29:51.227 +02:00 [INF] Connected [edcd507c-bc75-4c6e-91bb-e1de33a01d31].
2026-07-05 16:29:51.237 +02:00 [INF] Connection approved [edcd507c-bc75-4c6e-91bb-e1de33a01d31].
2026-07-05 16:29:51.359 +02:00 [INF] Updated PermissionSet 'default'
2026-07-05 16:29:55.836 +02:00 [INF] Updated PermissionSet 'admin'
2026-07-05 16:29:55.836 +02:00 [INF] Updating active permission set to 'admin'
2026-07-05 16:30:00.878 +02:00 [WRN] 'Me' is null.
2026-07-05 16:30:01.826 +02:00 [INF] Built VBO for map 15601ad4-9f26-4abe-a6c9-3a7eebaa3045 'Forest' in 28.6004ms
2026-07-05 16:30:01.832 +02:00 [INF] Built VBO for map d490222a-af25-4a7f-bec3-7ca8016e08d7 'New Map' in 5.6809ms
2026-07-05 16:30:01.841 +02:00 [INF] Built VBO for map 000bacda-f0e9-4a92-ab09-e55bd4ad15c1 'New Map' in 5.1187ms
2026-07-05 16:30:01.936 +02:00 [ERR] Exception thrown while trying to load 'resources/tilesets/water_shore_marker.png'
System.IO.FileNotFoundException: Could not find file 'F:\game code engine\Intersect_New\Intersect.Client\resources\tilesets\water_shore_marker.png'.
File name: 'F:\game code engine\Intersect_New\Intersect.Client\resources\tilesets\water_shore_marker.png'
   at Microsoft.Win32.SafeHandles.SafeFileHandle.CreateFile(String fullPath, FileMode mode, FileAccess access, FileShare share, FileOptions options)
   at Microsoft.Win32.SafeHandles.SafeFileHandle.Open(String fullPath, FileMode mode, FileAccess access, FileShare share, FileOptions options, Int64 preallocationSize, Nullable`1 unixCreateMode)
   at System.IO.Strategies.OSFileStreamStrategy..ctor(String path, FileMode mode, FileAccess access, FileShare share, FileOptions options, Int64 preallocationSize, Nullable`1 unixCreateMode)
   at System.IO.Strategies.FileStreamHelpers.ChooseStrategyCore(String path, FileMode mode, FileAccess access, FileShare share, FileOptions options, Int64 preallocationSize, Nullable`1 unixCreateMode)
   at System.IO.File.OpenRead(String path)
   at Intersect.Client.Framework.Graphics.GameRenderer.<>c__DisplayClass182_0.<LoadTexture>b__0() in f:\game code engine\Intersect_New\Intersect.Client.Framework\Graphics\GameRenderer.cs:line 1027
   at Intersect.Client.Framework.Graphics.GameTexture`2.LoadPlatformTexture(Boolean force) in f:\game code engine\Intersect_New\Intersect.Client.Framework\Graphics\GameTexture.cs:line 279
2026-07-05 16:30:01.937 +02:00 [INF] Built VBO for map 27c6a7b2-4e9f-4316-9a0f-e13ec8e16ba2 'Forest' in 95.2648ms
2026-07-05 16:30:01.954 +02:00 [INF] Built VBO for map e341d25d-5ff4-4cd6-bcd5-2f2cda710c86 'Greenfall Vale' in 13.5801ms
2026-07-05 16:30:01.960 +02:00 [INF] Built VBO for map f519d3ea-b6f4-4b17-b87a-1dcf003cd3ec 'New Map' in 5.378ms
2026-07-05 16:32:59.660 +02:00 [INF] Built VBO for map 27c6a7b2-4e9f-4316-9a0f-e13ec8e16ba2 'Forest' in 13.4139ms
2026-07-05 16:32:59.863 +02:00 [INF] Built VBO for map 15601ad4-9f26-4abe-a6c9-3a7eebaa3045 'Forest' in 4.9454ms
2026-07-05 16:33:00.408 +02:00 [INF] Built VBO for map 000bacda-f0e9-4a92-ab09-e55bd4ad15c1 'New Map' in 3.0401ms
2026-07-05 16:33:00.914 +02:00 [INF] Built VBO for map f519d3ea-b6f4-4b17-b87a-1dcf003cd3ec 'New Map' in 3.0052ms
2026-07-05 16:33:10.903 +02:00 [INF] Built VBO for map 9802b09c-f592-4d93-8e11-d3424500716c 'Deep Forest' in 5.2693ms
2026-07-05 16:33:11.448 +02:00 [INF] Built VBO for map a31f210c-f5fb-48bf-9db2-45fab2293a4c 'Forest' in 41.2526ms
2026-07-05 16:43:40.126 +02:00 [INF] System window closing (due to user interaction most likely).
2026-07-05 16:43:40.129 +02:00 [INF] Disconnected [edcd507c-bc75-4c6e-91bb-e1de33a01d31].
2026-07-05 16:43:40.130 +02:00 [INF] Updating active permission set to 'default'
2026-07-05 16:43:40.178 +02:00 [INF] Acquiring context lock... (0ms)
2026-07-05 16:43:40.178 +02:00 [INF] Acquired. (0ms)
2026-07-05 16:43:40.178 +02:00 [INF] Beginning context dispose. (0ms)
2026-07-05 16:43:40.179 +02:00 [INF] GC.SuppressFinalize (0ms)
2026-07-05 16:43:40.179 +02:00 [INF] InternalDispose() completed. (0ms)
2026-07-05 16:43:40.179 +02:00 [INF] Clearing instance... (1ms)
2026-07-05 16:43:40.179 +02:00 [INF] Releasing context lock... (1ms)
2026-07-05 16:43:40.179 +02:00 [INF] Released. (1ms)
