2026-05-01 16:12:47.675 +06:00 [INF] Starting Intersect Client v0.8.0.0-custom+32d39132dace1351f63375b261f241297dd35be8-dirty
2026-05-01 16:12:47.976 +06:00 [INF] Discovered service type: Intersect.Plugins.PluginService
2026-05-01 16:12:47.980 +06:00 [WRN] Directory was specified as a plugin directory but does not exist: 'resources\plugins'
2026-05-01 16:12:47.981 +06:00 [INF] Discovered 0 plugins:

2026-05-01 16:12:49.896 +06:00 [INF] Connecting to 127.0.0.1:5400...
2026-05-01 16:12:49.907 +06:00 [INF] Connected [].
2026-05-01 16:12:49.925 +06:00 [INF] Connection approved [ef742a58-c946-45d2-93a0-a590b34199d9].
2026-05-01 16:12:50.022 +06:00 [INF] Updated PermissionSet 'default'
2026-05-01 16:12:50.022 +06:00 [INF] Updated PermissionSet 'admin'
2026-05-01 16:12:53.775 +06:00 [INF] Updating active permission set to 'admin'
2026-05-01 16:12:54.349 +06:00 [WRN] 'Me' is null.
2026-05-01 16:12:55.020 +06:00 [INF] Built VBO for map 27c6a7b2-4e9f-4316-9a0f-e13ec8e16ba2 'Forest' in 13.7443ms
2026-05-01 16:14:06.270 +06:00 [INF] System window closing (due to user interaction most likely).
2026-05-01 16:14:06.273 +06:00 [INF] Disconnected [ef742a58-c946-45d2-93a0-a590b34199d9].
2026-05-01 16:14:06.274 +06:00 [INF] Updating active permission set to 'default'
2026-05-01 16:14:06.310 +06:00 [INF] Acquiring context lock... (0ms)
2026-05-01 16:14:06.310 +06:00 [INF] Acquired. (0ms)
2026-05-01 16:14:06.311 +06:00 [INF] Beginning context dispose. (0ms)
2026-05-01 16:14:06.311 +06:00 [INF] GC.SuppressFinalize (0ms)
2026-05-01 16:14:06.311 +06:00 [INF] InternalDispose() completed. (0ms)
2026-05-01 16:14:06.311 +06:00 [INF] Clearing instance... (1ms)
2026-05-01 16:14:06.311 +06:00 [INF] Releasing context lock... (1ms)
2026-05-01 16:14:06.311 +06:00 [INF] Released. (1ms)
