2026-04-28 05:34:07.378 +06:00 [INF] Starting Intersect Client v0.8.0.0-custom+32d39132dace1351f63375b261f241297dd35be8-dirty
2026-04-28 05:34:07.572 +06:00 [INF] Discovered service type: Intersect.Plugins.PluginService
2026-04-28 05:34:07.575 +06:00 [WRN] Directory was specified as a plugin directory but does not exist: 'resources\plugins'
2026-04-28 05:34:07.575 +06:00 [INF] Discovered 0 plugins:

2026-04-28 05:34:09.937 +06:00 [INF] Connecting to 127.0.0.1:5400...
2026-04-28 05:34:09.960 +06:00 [INF] Connected [2a6c83aa-ba86-42fb-8538-521db59ffef4].
2026-04-28 05:34:09.973 +06:00 [INF] Connection approved [2a6c83aa-ba86-42fb-8538-521db59ffef4].
2026-04-28 05:34:10.080 +06:00 [INF] Updated PermissionSet 'default'
2026-04-28 05:35:59.461 +06:00 [INF] Disconnected [2a6c83aa-ba86-42fb-8538-521db59ffef4].
2026-04-28 05:36:05.736 +06:00 [INF] Connecting to 127.0.0.1:5400...
2026-04-28 05:36:05.740 +06:00 [INF] Connected [22bb77fc-6e24-4996-b66f-88fb76bada77].
2026-04-28 05:36:05.750 +06:00 [INF] Connection approved [22bb77fc-6e24-4996-b66f-88fb76bada77].
2026-04-28 05:36:05.763 +06:00 [INF] Updated PermissionSet 'default'
2026-04-28 05:36:09.240 +06:00 [INF] Disconnected [22bb77fc-6e24-4996-b66f-88fb76bada77].
2026-04-28 05:36:09.240 +06:00 [INF] Updating active permission set to 'default'
2026-04-28 05:37:15.761 +06:00 [INF] User clicked exit button.
2026-04-28 05:37:15.788 +06:00 [INF] System window closing (due to user interaction most likely).
2026-04-28 05:37:15.824 +06:00 [INF] Acquiring context lock... (0ms)
2026-04-28 05:37:15.824 +06:00 [INF] Acquired. (0ms)
2026-04-28 05:37:15.825 +06:00 [INF] Beginning context dispose. (0ms)
2026-04-28 05:37:15.825 +06:00 [INF] GC.SuppressFinalize (0ms)
2026-04-28 05:37:15.825 +06:00 [INF] InternalDispose() completed. (0ms)
2026-04-28 05:37:15.825 +06:00 [INF] Clearing instance... (1ms)
2026-04-28 05:37:15.825 +06:00 [INF] Releasing context lock... (1ms)
2026-04-28 05:37:15.825 +06:00 [INF] Released. (1ms)
