2026-05-14 09:24:15.765 +02:00 [INF] Starting Intersect Client v0.8.0.0-custom+32d39132dace1351f63375b261f241297dd35be8-dirty
2026-05-14 09:24:15.986 +02:00 [INF] Discovered service type: Intersect.Plugins.PluginService
2026-05-14 09:24:15.989 +02:00 [WRN] Directory was specified as a plugin directory but does not exist: 'resources\plugins'
2026-05-14 09:24:15.990 +02:00 [INF] Discovered 0 plugins:

2026-05-14 09:24:18.316 +02:00 [INF] Connecting to 127.0.0.1:5400...
2026-05-14 09:24:18.337 +02:00 [INF] Connected [8b8685c4-86e5-4faa-b62a-83dfcdde42f1].
2026-05-14 09:24:18.362 +02:00 [INF] Connection approved [8b8685c4-86e5-4faa-b62a-83dfcdde42f1].
2026-05-14 09:24:18.464 +02:00 [INF] Updated PermissionSet 'default'
2026-05-14 09:24:22.663 +02:00 [INF] Updated PermissionSet 'admin'
2026-05-14 09:24:22.663 +02:00 [INF] Updating active permission set to 'admin'
2026-05-14 09:24:23.171 +02:00 [WRN] 'Me' is null.
2026-05-14 09:24:23.927 +02:00 [INF] Built VBO for map 24cc8989-0a45-4ecb-bf58-41efcefcaeb8 'Test' in 22.1983ms
2026-05-14 09:24:43.748 +02:00 [INF] Ignoring warp to map 'Test' ("24cc8989-0a45-4ecb-bf58-41efcefcaeb8") because the player is already on the map
2026-05-14 09:24:44.821 +02:00 [INF] Built VBO for map 27c6a7b2-4e9f-4316-9a0f-e13ec8e16ba2 'Forest' in 31.3466ms
2026-05-14 09:24:57.530 +02:00 [INF] Built VBO for map 24cc8989-0a45-4ecb-bf58-41efcefcaeb8 'Test' in 5.0311ms
2026-05-14 09:28:08.800 +02:00 [INF] System window closing (due to user interaction most likely).
2026-05-14 09:28:08.803 +02:00 [INF] Disconnected [8b8685c4-86e5-4faa-b62a-83dfcdde42f1].
2026-05-14 09:28:08.803 +02:00 [INF] Updating active permission set to 'default'
2026-05-14 09:28:08.853 +02:00 [INF] Acquiring context lock... (0ms)
2026-05-14 09:28:08.853 +02:00 [INF] Acquired. (0ms)
2026-05-14 09:28:08.854 +02:00 [INF] Beginning context dispose. (0ms)
2026-05-14 09:28:08.854 +02:00 [INF] GC.SuppressFinalize (0ms)
2026-05-14 09:28:08.854 +02:00 [INF] InternalDispose() completed. (0ms)
2026-05-14 09:28:08.855 +02:00 [INF] Clearing instance... (1ms)
2026-05-14 09:28:08.855 +02:00 [INF] Releasing context lock... (1ms)
2026-05-14 09:28:08.855 +02:00 [INF] Released. (1ms)
