2026-06-02 03:29:08.634 +02:00 [INF] Starting Intersect Client v0.8.0.0-custom+32d39132dace1351f63375b261f241297dd35be8-dirty
2026-06-02 03:29:08.842 +02:00 [INF] Discovered service type: Intersect.Plugins.PluginService
2026-06-02 03:29:08.845 +02:00 [WRN] Directory was specified as a plugin directory but does not exist: 'resources\plugins'
2026-06-02 03:29:08.846 +02:00 [INF] Discovered 0 plugins:

2026-06-02 03:29:10.774 +02:00 [INF] Connecting to 127.0.0.1:5400...
2026-06-02 03:29:10.797 +02:00 [INF] Connected [3d9fede5-f63f-4b6e-8677-0e484061465c].
2026-06-02 03:29:10.823 +02:00 [INF] Connection approved [3d9fede5-f63f-4b6e-8677-0e484061465c].
2026-06-02 03:29:10.923 +02:00 [INF] Updated PermissionSet 'default'
2026-06-02 03:29:16.586 +02:00 [INF] Updated PermissionSet 'admin'
2026-06-02 03:29:16.586 +02:00 [INF] Updating active permission set to 'admin'
2026-06-02 03:29:17.261 +02:00 [WRN] 'Me' is null.
2026-06-02 03:29:18.160 +02:00 [INF] Built VBO for map 27c6a7b2-4e9f-4316-9a0f-e13ec8e16ba2 'Forest' in 74.7562ms
2026-06-02 03:31:30.349 +02:00 [INF] Built VBO for map e341d25d-5ff4-4cd6-bcd5-2f2cda710c86 'Forest' in 5.5908ms
2026-06-02 03:31:52.701 +02:00 [INF] Built VBO for map 27c6a7b2-4e9f-4316-9a0f-e13ec8e16ba2 'Forest' in 44.0185ms
2026-06-02 03:32:01.803 +02:00 [INF] Built VBO for map 27c6a7b2-4e9f-4316-9a0f-e13ec8e16ba2 'Forest' in 46.5319ms
2026-06-02 03:32:22.672 +02:00 [INF] Built VBO for map e341d25d-5ff4-4cd6-bcd5-2f2cda710c86 'Forest' in 3.1505ms
2026-06-02 03:32:58.474 +02:00 [INF] Built VBO for map a31f210c-f5fb-48bf-9db2-45fab2293a4c 'Forest' in 57.0004ms
2026-06-02 03:36:03.071 +02:00 [INF] System window closing (due to user interaction most likely).
2026-06-02 03:36:03.074 +02:00 [INF] Disconnected [3d9fede5-f63f-4b6e-8677-0e484061465c].
2026-06-02 03:36:03.075 +02:00 [INF] Updating active permission set to 'default'
2026-06-02 03:36:03.118 +02:00 [INF] Acquiring context lock... (0ms)
2026-06-02 03:36:03.118 +02:00 [INF] Acquired. (0ms)
2026-06-02 03:36:03.119 +02:00 [INF] Beginning context dispose. (0ms)
2026-06-02 03:36:03.119 +02:00 [INF] GC.SuppressFinalize (0ms)
2026-06-02 03:36:03.119 +02:00 [INF] InternalDispose() completed. (0ms)
2026-06-02 03:36:03.119 +02:00 [INF] Clearing instance... (1ms)
2026-06-02 03:36:03.119 +02:00 [INF] Releasing context lock... (1ms)
2026-06-02 03:36:03.119 +02:00 [INF] Released. (1ms)
