2026-04-07 13:28:47.495 +06:00 [INF] Starting Intersect Client v0.8.0.0-custom+32d39132dace1351f63375b261f241297dd35be8-dirty
2026-04-07 13:28:47.757 +06:00 [INF] Discovered service type: Intersect.Plugins.PluginService
2026-04-07 13:28:47.760 +06:00 [WRN] Directory was specified as a plugin directory but does not exist: 'resources\plugins'
2026-04-07 13:28:47.761 +06:00 [INF] Discovered 0 plugins:

2026-04-07 13:28:50.834 +06:00 [INF] Connecting to 127.0.0.1:5400...
2026-04-07 13:28:50.843 +06:00 [INF] Connected [dff34762-a2e3-4f8e-8dca-630872a48300].
2026-04-07 13:28:50.848 +06:00 [INF] Connection approved [dff34762-a2e3-4f8e-8dca-630872a48300].
2026-04-07 13:28:50.925 +06:00 [INF] Updated PermissionSet 'default'
2026-04-07 13:28:50.925 +06:00 [INF] Updated PermissionSet 'admin'
2026-04-07 13:28:54.260 +06:00 [WRN] Unable to add '_buttonLogout' to the JSON of MainMenu.SelectCharacterWindow._innerPanel._buttonsPanel because a sibling shares the same name
2026-04-07 13:28:55.041 +06:00 [WRN] 'Me' is null.
2026-04-07 13:28:55.546 +06:00 [INF] Built VBO for map 73ba8458-f8de-4f78-a254-c91b18418ed0 'test 3' in 16.5499ms
2026-04-07 13:28:55.559 +06:00 [INF] Built VBO for map 27c6a7b2-4e9f-4316-9a0f-e13ec8e16ba2 'New Map' in 7.692ms
2026-04-07 13:30:20.846 +06:00 [INF] System window closing (due to user interaction most likely).
2026-04-07 13:30:20.849 +06:00 [INF] Disconnected [dff34762-a2e3-4f8e-8dca-630872a48300].
2026-04-07 13:30:20.935 +06:00 [INF] Acquiring context lock... (0ms)
2026-04-07 13:30:20.935 +06:00 [INF] Acquired. (0ms)
2026-04-07 13:30:20.936 +06:00 [INF] Beginning context dispose. (0ms)
2026-04-07 13:30:20.936 +06:00 [INF] GC.SuppressFinalize (0ms)
2026-04-07 13:30:20.936 +06:00 [INF] InternalDispose() completed. (0ms)
2026-04-07 13:30:20.936 +06:00 [INF] Clearing instance... (1ms)
2026-04-07 13:30:20.936 +06:00 [INF] Releasing context lock... (1ms)
2026-04-07 13:30:20.936 +06:00 [INF] Released. (1ms)
