2026-04-26 15:02:20.698 +06:00 [INF] Starting Intersect Client v0.8.0.0-custom+32d39132dace1351f63375b261f241297dd35be8-dirty
2026-04-26 15:02:20.952 +06:00 [INF] Discovered service type: Intersect.Plugins.PluginService
2026-04-26 15:02:20.956 +06:00 [WRN] Directory was specified as a plugin directory but does not exist: 'resources\plugins'
2026-04-26 15:02:20.957 +06:00 [INF] Discovered 0 plugins:

2026-04-26 15:02:23.046 +06:00 [INF] Connecting to 127.0.0.1:5400...
2026-04-26 15:02:23.055 +06:00 [INF] Connected [9d9fe207-e69c-4265-9d90-9f96b8c30729].
2026-04-26 15:02:23.065 +06:00 [INF] Connection approved [9d9fe207-e69c-4265-9d90-9f96b8c30729].
2026-04-26 15:02:23.142 +06:00 [INF] Updated PermissionSet 'default'
2026-04-26 15:02:23.142 +06:00 [INF] Updated PermissionSet 'admin'
2026-04-26 15:02:27.934 +06:00 [INF] Updating active permission set to 'admin'
2026-04-26 15:02:28.073 +06:00 [WRN] Unable to add '_buttonLogout' to the JSON of MainMenu.SelectCharacterWindow._innerPanel._buttonsPanel because a sibling shares the same name
2026-04-26 15:02:28.609 +06:00 [WRN] 'Me' is null.
2026-04-26 15:02:28.960 +06:00 [WRN] Failed to deserialized cached data for ObjectCacheKey { Id = Id { Guid = c15f8299-8999-471f-9760-388ff4cdec7c }, Checksum = , Version =  }, will fetch again
2026-04-26 15:02:28.961 +06:00 [WRN] Failed to deserialized cached data for ObjectCacheKey { Id = Id { Guid = 27c6a7b2-4e9f-4316-9a0f-e13ec8e16ba2 }, Checksum = , Version =  }, will fetch again
2026-04-26 15:02:29.220 +06:00 [INF] Built VBO for map 27c6a7b2-4e9f-4316-9a0f-e13ec8e16ba2 'Forest' in 11.0216ms
2026-04-26 15:02:31.969 +06:00 [INF] Built VBO for map c15f8299-8999-471f-9760-388ff4cdec7c 'Forest' in 10.7109ms
2026-04-26 15:07:10.827 +06:00 [INF] Built VBO for map c15f8299-8999-471f-9760-388ff4cdec7c 'Forest' in 1.3544ms
2026-04-26 15:10:59.013 +06:00 [INF] Built VBO for map c15f8299-8999-471f-9760-388ff4cdec7c 'Forest' in 1.2472ms
2026-04-26 15:12:29.862 +06:00 [INF] System window closing (due to user interaction most likely).
2026-04-26 15:12:29.865 +06:00 [INF] Disconnected [9d9fe207-e69c-4265-9d90-9f96b8c30729].
2026-04-26 15:12:29.866 +06:00 [INF] Updating active permission set to 'default'
2026-04-26 15:12:29.895 +06:00 [INF] Acquiring context lock... (0ms)
2026-04-26 15:12:29.895 +06:00 [INF] Acquired. (0ms)
2026-04-26 15:12:29.896 +06:00 [INF] Beginning context dispose. (0ms)
2026-04-26 15:12:29.896 +06:00 [INF] GC.SuppressFinalize (0ms)
2026-04-26 15:12:29.896 +06:00 [INF] InternalDispose() completed. (0ms)
2026-04-26 15:12:29.896 +06:00 [INF] Clearing instance... (1ms)
2026-04-26 15:12:29.896 +06:00 [INF] Releasing context lock... (1ms)
2026-04-26 15:12:29.896 +06:00 [INF] Released. (1ms)
