2026-05-14 04:54:46.662 +02:00 [INF] Starting Intersect Client v0.8.0.0-custom+32d39132dace1351f63375b261f241297dd35be8-dirty
2026-05-14 04:54:46.926 +02:00 [INF] Discovered service type: Intersect.Plugins.PluginService
2026-05-14 04:54:46.930 +02:00 [WRN] Directory was specified as a plugin directory but does not exist: 'resources\plugins'
2026-05-14 04:54:46.931 +02:00 [INF] Discovered 0 plugins:

2026-05-14 04:54:50.066 +02:00 [INF] Connecting to 127.0.0.1:5400...
2026-05-14 04:54:50.089 +02:00 [INF] Connected [e7d083e2-1314-4c60-b779-0ba8d6ec087d].
2026-05-14 04:54:50.101 +02:00 [INF] Connection approved [e7d083e2-1314-4c60-b779-0ba8d6ec087d].
2026-05-14 04:54:50.212 +02:00 [INF] Updated PermissionSet 'default'
2026-05-14 04:54:55.802 +02:00 [INF] Updated PermissionSet 'admin'
2026-05-14 04:54:55.802 +02:00 [INF] Updating active permission set to 'admin'
2026-05-14 04:54:56.514 +02:00 [WRN] 'Me' is null.
2026-05-14 04:54:57.156 +02:00 [INF] Built VBO for map 24cc8989-0a45-4ecb-bf58-41efcefcaeb8 'Test' in 22.4019ms
2026-05-14 04:55:53.924 +02:00 [INF] System window closing (due to user interaction most likely).
2026-05-14 04:55:53.927 +02:00 [INF] Disconnected [e7d083e2-1314-4c60-b779-0ba8d6ec087d].
2026-05-14 04:55:53.928 +02:00 [INF] Updating active permission set to 'default'
2026-05-14 04:55:53.963 +02:00 [INF] Acquiring context lock... (0ms)
2026-05-14 04:55:53.963 +02:00 [INF] Acquired. (0ms)
2026-05-14 04:55:53.964 +02:00 [INF] Beginning context dispose. (0ms)
2026-05-14 04:55:53.965 +02:00 [INF] GC.SuppressFinalize (0ms)
2026-05-14 04:55:53.965 +02:00 [INF] InternalDispose() completed. (0ms)
2026-05-14 04:55:53.965 +02:00 [INF] Clearing instance... (1ms)
2026-05-14 04:55:53.965 +02:00 [INF] Releasing context lock... (1ms)
2026-05-14 04:55:53.965 +02:00 [INF] Released. (1ms)
