2026-06-19 14:24:22.453 +02:00 [INF] Starting Intersect Client v0.8.0.0-custom+32d39132dace1351f63375b261f241297dd35be8-dirty
2026-06-19 14:24:22.662 +02:00 [INF] Discovered service type: Intersect.Plugins.PluginService
2026-06-19 14:24:22.664 +02:00 [WRN] Directory was specified as a plugin directory but does not exist: 'resources\plugins'
2026-06-19 14:24:22.665 +02:00 [INF] Discovered 0 plugins:

2026-06-19 14:24:24.581 +02:00 [INF] Connecting to 127.0.0.1:5400...
2026-06-19 14:24:24.601 +02:00 [INF] Connected [1c773bc6-564b-41d3-aadd-e823d2f06403].
2026-06-19 14:24:24.636 +02:00 [INF] Connection approved [1c773bc6-564b-41d3-aadd-e823d2f06403].
2026-06-19 14:24:24.728 +02:00 [INF] Updated PermissionSet 'default'
2026-06-19 14:24:29.009 +02:00 [INF] Updated PermissionSet 'admin'
2026-06-19 14:24:29.010 +02:00 [INF] Updating active permission set to 'admin'
2026-06-19 14:25:27.384 +02:00 [WRN] 'Me' is null.
2026-06-19 14:25:28.165 +02:00 [INF] Built VBO for map 9802b09c-f592-4d93-8e11-d3424500716c 'Forest' in 40.6208ms
2026-06-19 14:25:28.170 +02:00 [INF] Built VBO for map 15601ad4-9f26-4abe-a6c9-3a7eebaa3045 'Forest' in 4.2204ms
2026-06-19 14:25:28.204 +02:00 [ERR] Exception thrown while trying to load 'resources/tilesets/water_shore_marker.png'
System.IO.FileNotFoundException: Could not find file 'F:\game code engine\Intersect_New\Intersect.Client\resources\tilesets\water_shore_marker.png'.
File name: 'F:\game code engine\Intersect_New\Intersect.Client\resources\tilesets\water_shore_marker.png'
   at Microsoft.Win32.SafeHandles.SafeFileHandle.CreateFile(String fullPath, FileMode mode, FileAccess access, FileShare share, FileOptions options)
   at Microsoft.Win32.SafeHandles.SafeFileHandle.Open(String fullPath, FileMode mode, FileAccess access, FileShare share, FileOptions options, Int64 preallocationSize, Nullable`1 unixCreateMode)
   at System.IO.Strategies.OSFileStreamStrategy..ctor(String path, FileMode mode, FileAccess access, FileShare share, FileOptions options, Int64 preallocationSize, Nullable`1 unixCreateMode)
   at System.IO.File.OpenRead(String path)
   at Intersect.Client.Framework.Graphics.GameRenderer.<>c__DisplayClass181_0.<LoadTexture>b__0() in F:\game code engine\Intersect_New\Intersect.Client.Framework\Graphics\GameRenderer.cs:line 1011
   at Intersect.Client.Framework.Graphics.GameTexture`2.LoadPlatformTexture(Boolean force) in F:\game code engine\Intersect_New\Intersect.Client.Framework\Graphics\GameTexture.cs:line 279
2026-06-19 14:25:28.206 +02:00 [INF] Built VBO for map a31f210c-f5fb-48bf-9db2-45fab2293a4c 'Forest' in 31.2944ms
2026-06-19 14:25:28.207 +02:00 [INF] Built VBO for map 27c6a7b2-4e9f-4316-9a0f-e13ec8e16ba2 'Forest' in 0.3713ms
2026-06-19 14:25:28.210 +02:00 [INF] Built VBO for map e341d25d-5ff4-4cd6-bcd5-2f2cda710c86 'town' in 1.3908ms
2026-06-19 14:25:28.554 +02:00 [INF] Built VBO for map 9802b09c-f592-4d93-8e11-d3424500716c 'Forest' in 2.315ms
2026-06-19 14:25:28.557 +02:00 [INF] Built VBO for map 15601ad4-9f26-4abe-a6c9-3a7eebaa3045 'Forest' in 2.2586ms
2026-06-19 14:25:28.598 +02:00 [INF] Built VBO for map a31f210c-f5fb-48bf-9db2-45fab2293a4c 'Forest' in 34.8992ms
2026-06-19 14:25:28.663 +02:00 [INF] Built VBO for map 27c6a7b2-4e9f-4316-9a0f-e13ec8e16ba2 'Forest' in 32.6717ms
2026-06-19 14:27:56.737 +02:00 [INF] Built VBO for map 15601ad4-9f26-4abe-a6c9-3a7eebaa3045 'Forest' in 1.5499ms
2026-06-19 14:27:56.750 +02:00 [INF] Built VBO for map 27c6a7b2-4e9f-4316-9a0f-e13ec8e16ba2 'Forest' in 13.1987ms
2026-06-19 14:27:59.416 +02:00 [INF] Built VBO for map 15601ad4-9f26-4abe-a6c9-3a7eebaa3045 'Forest' in 1.3472ms
2026-06-19 14:27:59.434 +02:00 [INF] Built VBO for map 27c6a7b2-4e9f-4316-9a0f-e13ec8e16ba2 'Forest' in 17.4459ms
2026-06-19 14:28:04.317 +02:00 [INF] Built VBO for map e341d25d-5ff4-4cd6-bcd5-2f2cda710c86 'town' in 1.3596ms
2026-06-19 14:29:08.862 +02:00 [INF] Built VBO for map e341d25d-5ff4-4cd6-bcd5-2f2cda710c86 'town' in 2.4518ms
2026-06-19 14:29:11.433 +02:00 [INF] Built VBO for map e341d25d-5ff4-4cd6-bcd5-2f2cda710c86 'town' in 3.3747ms
2026-06-19 14:29:19.968 +02:00 [INF] Built VBO for map 27c6a7b2-4e9f-4316-9a0f-e13ec8e16ba2 'Forest' in 5.6092ms
2026-06-19 14:29:30.738 +02:00 [INF] Built VBO for map 27c6a7b2-4e9f-4316-9a0f-e13ec8e16ba2 'Forest' in 9.2278ms
2026-06-19 14:29:37.083 +02:00 [INF] Built VBO for map 27c6a7b2-4e9f-4316-9a0f-e13ec8e16ba2 'Forest' in 11.6998ms
2026-06-19 14:29:50.935 +02:00 [INF] System window closing (due to user interaction most likely).
2026-06-19 14:29:50.938 +02:00 [INF] Disconnected [1c773bc6-564b-41d3-aadd-e823d2f06403].
2026-06-19 14:29:50.939 +02:00 [INF] Updating active permission set to 'default'
2026-06-19 14:29:51.012 +02:00 [INF] Acquiring context lock... (0ms)
2026-06-19 14:29:51.012 +02:00 [INF] Acquired. (0ms)
2026-06-19 14:29:51.013 +02:00 [INF] Beginning context dispose. (0ms)
2026-06-19 14:29:51.013 +02:00 [INF] GC.SuppressFinalize (0ms)
2026-06-19 14:29:51.013 +02:00 [INF] InternalDispose() completed. (0ms)
2026-06-19 14:29:51.013 +02:00 [INF] Clearing instance... (1ms)
2026-06-19 14:29:51.013 +02:00 [INF] Releasing context lock... (1ms)
2026-06-19 14:29:51.013 +02:00 [INF] Released. (1ms)
