2026-03-25 14:02:16.659 +01:00 [INF] Starting Intersect Client v0.8.0.0-custom+32d39132dace1351f63375b261f241297dd35be8-dirty
2026-03-25 14:02:17.007 +01:00 [INF] Discovered service type: Intersect.Plugins.PluginService
2026-03-25 14:02:17.015 +01:00 [WRN] Directory was specified as a plugin directory but does not exist: 'resources\plugins'
2026-03-25 14:02:17.016 +01:00 [INF] Discovered 0 plugins:

2026-03-25 14:02:21.155 +01:00 [INF] Connecting to 127.0.0.1:5400...
2026-03-25 14:02:21.177 +01:00 [INF] Connected [f9aae952-f462-4cc7-bdc0-f9c8f143f61b].
2026-03-25 14:02:21.189 +01:00 [INF] Connection approved [f9aae952-f462-4cc7-bdc0-f9c8f143f61b].
2026-03-25 14:02:21.268 +01:00 [INF] Updated PermissionSet 'default'
2026-03-25 14:02:22.378 +01:00 [INF] Updated PermissionSet 'admin'
2026-03-25 14:02:22.379 +01:00 [INF] Updating active permission set to 'admin'
2026-03-25 14:02:22.499 +01:00 [WRN] Unable to add '_buttonLogout' to the JSON of MainMenu.SelectCharacterWindow._innerPanel._buttonsPanel because a sibling shares the same name
2026-03-25 14:02:23.619 +01:00 [WRN] 'Me' is null.
2026-03-25 14:02:24.141 +01:00 [INF] Built VBO for map 850ddb26-5568-4376-b8e0-346c04cb81ef 'forest' in 15.4117ms
2026-03-25 14:05:34.236 +01:00 [INF] Music volume set to 10 from InGame..SettingsWindow._innerPanel._tabs._innerPanel._audioSettingsTab._scrollPanel._musicSlider._slider
2026-03-25 14:05:34.236 +01:00 [INF] Sound volume set to 15 from InGame..SettingsWindow._innerPanel._tabs._innerPanel._audioSettingsTab._scrollPanel._soundEffectsSlider._slider
2026-03-25 14:05:41.256 +01:00 [INF] System window closing (due to user interaction most likely).
2026-03-25 14:05:41.259 +01:00 [INF] Disconnected [f9aae952-f462-4cc7-bdc0-f9c8f143f61b].
2026-03-25 14:05:41.259 +01:00 [INF] Updating active permission set to 'default'
2026-03-25 14:05:41.289 +01:00 [INF] Acquiring context lock... (0ms)
2026-03-25 14:05:41.289 +01:00 [INF] Acquired. (0ms)
2026-03-25 14:05:41.289 +01:00 [INF] Beginning context dispose. (0ms)
2026-03-25 14:05:41.290 +01:00 [INF] GC.SuppressFinalize (0ms)
2026-03-25 14:05:41.290 +01:00 [INF] InternalDispose() completed. (0ms)
2026-03-25 14:05:41.290 +01:00 [INF] Clearing instance... (1ms)
2026-03-25 14:05:41.290 +01:00 [INF] Releasing context lock... (1ms)
2026-03-25 14:05:41.290 +01:00 [INF] Released. (1ms)
