2026-04-16 02:41:06.008 +06:00 [INF] Starting Intersect Client v0.8.0.0-custom+32d39132dace1351f63375b261f241297dd35be8-dirty
2026-04-16 02:41:06.442 +06:00 [INF] Discovered service type: Intersect.Plugins.PluginService
2026-04-16 02:41:06.451 +06:00 [WRN] Directory was specified as a plugin directory but does not exist: 'resources\plugins'
2026-04-16 02:41:06.452 +06:00 [INF] Discovered 0 plugins:

2026-04-16 02:41:08.489 +06:00 [INF] Connecting to 127.0.0.1:5400...
2026-04-16 02:41:08.511 +06:00 [INF] Connected [a11b772c-0af4-4987-bfe2-e587d660f034].
2026-04-16 02:41:08.526 +06:00 [INF] Connection approved [a11b772c-0af4-4987-bfe2-e587d660f034].
2026-04-16 02:41:08.602 +06:00 [INF] Updated PermissionSet 'default'
2026-04-16 02:41:13.032 +06:00 [INF] Updated PermissionSet 'admin'
2026-04-16 02:41:13.032 +06:00 [INF] Updating active permission set to 'admin'
2026-04-16 02:41:13.166 +06:00 [WRN] Unable to add '_buttonLogout' to the JSON of MainMenu.SelectCharacterWindow._innerPanel._buttonsPanel because a sibling shares the same name
2026-04-16 02:41:15.072 +06:00 [WRN] 'Me' is null.
2026-04-16 02:41:15.669 +06:00 [INF] Built VBO for map 23630ac6-4461-460d-8a3b-9a0d4477096f 'test 8' in 18.7963ms
2026-04-16 02:41:15.736 +06:00 [INF] Built VBO for map 73ba8458-f8de-4f78-a254-c91b18418ed0 'test 3' in 61.7398ms
2026-04-16 02:41:15.742 +06:00 [INF] Built VBO for map 27c6a7b2-4e9f-4316-9a0f-e13ec8e16ba2 'New Map' in 5.9315ms
2026-04-16 02:41:58.756 +06:00 [INF] Built VBO for map 850ddb26-5568-4376-b8e0-346c04cb81ef 'forest' in 8.0921ms
2026-04-16 02:42:33.903 +06:00 [INF] Built VBO for map 411179b7-b772-42ef-bf66-03b7e4d7dca8 'test 5' in 6.2407ms
2026-04-16 02:44:00.866 +06:00 [INF] Built VBO for map 23630ac6-4461-460d-8a3b-9a0d4477096f 'test 8' in 3.2828ms
2026-04-16 02:47:23.389 +06:00 [INF] Built VBO for map 73ba8458-f8de-4f78-a254-c91b18418ed0 'test 3' in 2.4603ms
2026-04-16 02:48:09.573 +06:00 [INF] Built VBO for map 73ba8458-f8de-4f78-a254-c91b18418ed0 'test 3' in 3.0576ms
2026-04-16 02:49:03.194 +06:00 [INF] Built VBO for map 73ba8458-f8de-4f78-a254-c91b18418ed0 'test 3' in 3.1278ms
2026-04-16 02:49:24.330 +06:00 [INF] Built VBO for map 73ba8458-f8de-4f78-a254-c91b18418ed0 'test 3' in 3.183ms
2026-04-16 02:50:03.553 +06:00 [INF] Built VBO for map 73ba8458-f8de-4f78-a254-c91b18418ed0 'test 3' in 3.1269ms
2026-04-16 02:50:17.058 +06:00 [INF] System window closing (due to user interaction most likely).
2026-04-16 02:50:17.061 +06:00 [INF] Disconnected [a11b772c-0af4-4987-bfe2-e587d660f034].
2026-04-16 02:50:17.062 +06:00 [INF] Updating active permission set to 'default'
2026-04-16 02:50:17.148 +06:00 [INF] Acquiring context lock... (0ms)
2026-04-16 02:50:17.148 +06:00 [INF] Acquired. (0ms)
2026-04-16 02:50:17.149 +06:00 [INF] Beginning context dispose. (0ms)
2026-04-16 02:50:17.149 +06:00 [INF] GC.SuppressFinalize (0ms)
2026-04-16 02:50:17.149 +06:00 [INF] InternalDispose() completed. (0ms)
2026-04-16 02:50:17.149 +06:00 [INF] Clearing instance... (1ms)
2026-04-16 02:50:17.149 +06:00 [INF] Releasing context lock... (1ms)
2026-04-16 02:50:17.149 +06:00 [INF] Released. (1ms)
