2026-07-20 13:35:46.185 +02:00 [INF] Starting Intersect Client v0.8.0.0-custom+32d39132dace1351f63375b261f241297dd35be8-dirty
2026-07-20 13:35:46.407 +02:00 [INF] Discovered service type: Intersect.Plugins.PluginService
2026-07-20 13:35:46.410 +02:00 [WRN] Directory was specified as a plugin directory but does not exist: 'resources\plugins'
2026-07-20 13:35:46.411 +02:00 [INF] Discovered 0 plugins:

2026-07-20 13:35:46.855 +02:00 [INF] Graphics pacing configured: targetMode=-1, vsync=false, fixedStep=false, backBuffer=1760x990
2026-07-20 13:35:48.351 +02:00 [INF] Connecting to 127.0.0.1:5400...
2026-07-20 13:35:48.374 +02:00 [INF] Connected [9921609f-cae2-4fbe-8eb7-907ed5139cbf].
2026-07-20 13:35:48.394 +02:00 [INF] Connection approved [9921609f-cae2-4fbe-8eb7-907ed5139cbf].
2026-07-20 13:35:48.484 +02:00 [INF] Updated PermissionSet 'default'
2026-07-20 13:35:52.037 +02:00 [INF] Updated PermissionSet 'admin'
2026-07-20 13:35:52.037 +02:00 [INF] Updating active permission set to 'admin'
2026-07-20 13:35:54.444 +02:00 [WRN] 'Me' is null.
2026-07-20 13:35:55.534 +02:00 [INF] Built VBO for map 9802b09c-f592-4d93-8e11-d3424500716c 'Deep Forest' in 48.1201ms
2026-07-20 13:35:55.549 +02:00 [INF] Built VBO for map 15601ad4-9f26-4abe-a6c9-3a7eebaa3045 'Forest' in 11.5096ms
2026-07-20 13:35:55.563 +02:00 [INF] Built VBO for map d490222a-af25-4a7f-bec3-7ca8016e08d7 'New Map' in 9.6386ms
2026-07-20 13:35:55.683 +02:00 [INF] Built VBO for map a31f210c-f5fb-48bf-9db2-45fab2293a4c 'Forest' in 117.5665ms
2026-07-20 13:35:55.742 +02:00 [INF] Built VBO for map 27c6a7b2-4e9f-4316-9a0f-e13ec8e16ba2 'Forest' in 54.4558ms
2026-07-20 13:35:55.769 +02:00 [INF] Built VBO for map e341d25d-5ff4-4cd6-bcd5-2f2cda710c86 'Greenfall Vale' in 24.3278ms
2026-07-20 13:36:01.042 +02:00 [INF] Client frame profile: measured=103.2fps counter=147 targetMode=-1; interval=9.69/392.18ms avg/max; update=0.27/26.04ms (1.00 calls/frame); draw=9.83/365.81ms; world=7.90/334.41ms [scene=7.59/321.55, scene-detail=[tiles=0.54ms/21.0draws (geometry=0.17ms/21.0draws, water=0.37ms/0.0draws), objects=5.23ms/59.9draws, procedural=0.00ms/0.0draws, entities=0.86ms/0.1draws, effects=0.36ms/1.9draws, weather=0.49ms/0.0draws, other=0.10ms], lighting=0.05/8.47, post=0.06/14.16, overlays=0.11/12.65, other=0.09]; gui=1.87/78.56ms [update=1.73/58.26 (minimap=1.35/38.60 [compact=1.35, fullmap=0.00/0.00], other=0.37), render=0.14/20.29, other=0.00]; finish=0.04/3.63ms; outside-update-draw=0.00ms; draws=125, maps=1, entities=15, lights=2
2026-07-20 13:36:06.043 +02:00 [INF] Client frame profile: measured=145.8fps counter=147 targetMode=-1; interval=6.86/35.69ms avg/max; update=0.08/4.47ms (1.00 calls/frame); draw=6.71/33.65ms; world=5.56/27.57ms [scene=5.38/23.73, scene-detail=[tiles=0.44ms/21.0draws (geometry=0.14ms/21.0draws, water=0.31ms/0.0draws), objects=4.14ms/60.0draws, procedural=0.00ms/0.0draws, entities=0.32ms/0.3draws, effects=0.08ms/2.0draws, weather=0.34ms/0.0draws, other=0.05ms], lighting=0.02/0.08, post=0.03/0.05, overlays=0.06/4.52, other=0.08]; gui=1.12/11.47ms [update=0.86/11.38 (minimap=0.66/10.96 [compact=0.66, fullmap=0.00/0.00], other=0.20), render=0.26/0.57, other=0.00]; finish=0.02/2.90ms; outside-update-draw=0.06ms; draws=126, maps=1, entities=16, lights=2
2026-07-20 13:36:11.055 +02:00 [INF] Client frame profile: measured=137.5fps counter=131 targetMode=-1; interval=7.27/33.10ms avg/max; update=0.06/6.63ms (1.00 calls/frame); draw=7.06/32.86ms; world=5.53/20.58ms [scene=5.36/20.32, scene-detail=[tiles=0.43ms/21.0draws (geometry=0.15ms/21.0draws, water=0.28ms/0.0draws), objects=4.21ms/60.0draws, procedural=0.00ms/0.0draws, entities=0.28ms/0.1draws, effects=0.06ms/2.0draws, weather=0.33ms/0.0draws, other=0.05ms], lighting=0.02/0.05, post=0.03/0.05, overlays=0.04/0.09, other=0.07]; gui=1.51/27.17ms [update=1.00/11.40 (minimap=0.70/10.75 [compact=0.70, fullmap=0.00/0.00], other=0.30), render=0.51/26.65, other=0.00]; finish=0.02/0.05ms; outside-update-draw=0.15ms; draws=196, maps=1, entities=15, lights=2
2026-07-20 13:36:16.058 +02:00 [INF] Client frame profile: measured=136.5fps counter=136 targetMode=-1; interval=7.32/18.48ms avg/max; update=0.06/4.17ms (1.00 calls/frame); draw=7.16/17.70ms; world=5.42/7.45ms [scene=5.26/7.28, scene-detail=[tiles=0.42ms/21.0draws (geometry=0.14ms/21.0draws, water=0.28ms/0.0draws), objects=4.15ms/60.0draws, procedural=0.00ms/0.0draws, entities=0.26ms/1.7draws, effects=0.06ms/1.9draws, weather=0.33ms/0.0draws, other=0.05ms], lighting=0.02/0.04, post=0.03/0.06, overlays=0.04/0.06, other=0.07]; gui=1.72/12.25ms [update=0.98/11.43 (minimap=0.65/10.71 [compact=0.65, fullmap=0.00/0.00], other=0.33), render=0.73/3.77, other=0.00]; finish=0.01/0.04ms; outside-update-draw=0.10ms; draws=192, maps=1, entities=15, lights=2
2026-07-20 13:36:21.071 +02:00 [INF] Client frame profile: measured=137.8fps counter=138 targetMode=-1; interval=7.26/29.69ms avg/max; update=0.09/11.84ms (1.00 calls/frame); draw=6.98/29.62ms; world=5.57/8.79ms [scene=5.40/8.61, scene-detail=[tiles=0.41ms/21.0draws (geometry=0.14ms/21.0draws, water=0.27ms/0.0draws), objects=4.27ms/60.0draws, procedural=0.00ms/0.0draws, entities=0.29ms/2.8draws, effects=0.06ms/1.4draws, weather=0.33ms/0.0draws, other=0.05ms], lighting=0.02/0.04, post=0.03/0.05, overlays=0.04/0.07, other=0.07]; gui=1.39/24.11ms [update=1.08/15.72 (minimap=0.66/12.64 [compact=0.66, fullmap=0.00/0.00], other=0.41), render=0.31/23.85, other=0.00]; finish=0.02/0.04ms; outside-update-draw=0.18ms; draws=118, maps=1, entities=15, lights=2
2026-07-20 13:36:23.436 +02:00 [WRN] 'Me' is null.
2026-07-20 13:36:23.857 +02:00 [INF] Built VBO for map 9802b09c-f592-4d93-8e11-d3424500716c 'Deep Forest' in 3.4386ms
2026-07-20 13:36:23.861 +02:00 [INF] Built VBO for map 15601ad4-9f26-4abe-a6c9-3a7eebaa3045 'Forest' in 3.6356ms
2026-07-20 13:36:23.867 +02:00 [INF] Built VBO for map d490222a-af25-4a7f-bec3-7ca8016e08d7 'New Map' in 3.2159ms
2026-07-20 13:36:23.903 +02:00 [INF] Built VBO for map a31f210c-f5fb-48bf-9db2-45fab2293a4c 'Forest' in 35.1035ms
2026-07-20 13:36:23.935 +02:00 [INF] Built VBO for map 27c6a7b2-4e9f-4316-9a0f-e13ec8e16ba2 'Forest' in 29.9248ms
2026-07-20 13:36:23.945 +02:00 [INF] Built VBO for map e341d25d-5ff4-4cd6-bcd5-2f2cda710c86 'Greenfall Vale' in 9.7152ms
2026-07-20 13:36:28.963 +02:00 [INF] Client frame profile: measured=138.9fps counter=135 targetMode=-1; interval=7.20/73.67ms avg/max; update=0.06/1.69ms (1.00 calls/frame); draw=6.98/73.43ms; world=5.74/61.55ms [scene=5.58/61.33, scene-detail=[tiles=0.41ms/21.0draws (geometry=0.13ms/21.0draws, water=0.28ms/0.0draws), objects=4.39ms/59.9draws, procedural=0.00ms/0.0draws, entities=0.33ms/3.9draws, effects=0.06ms/2.0draws, weather=0.34ms/0.0draws, other=0.05ms], lighting=0.02/0.05, post=0.03/0.05, overlays=0.04/0.16, other=0.07]; gui=1.21/13.21ms [update=0.96/11.76 (minimap=0.71/11.20 [compact=0.71, fullmap=0.00/0.00], other=0.25), render=0.25/10.93, other=0.00]; finish=0.02/0.82ms; outside-update-draw=0.16ms; draws=139, maps=1, entities=15, lights=2
2026-07-20 13:36:34.109 +02:00 [INF] Client frame profile: measured=127.7fps counter=114 targetMode=-1; interval=7.83/341.48ms avg/max; update=0.07/2.36ms (1.00 calls/frame); draw=7.59/341.41ms; world=6.22/331.12ms [scene=6.04/330.89, scene-detail=[tiles=0.41ms/21.0draws (geometry=0.13ms/21.0draws, water=0.28ms/0.0draws), objects=4.83ms/60.0draws, procedural=0.00ms/0.0draws, entities=0.35ms/4.0draws, effects=0.06ms/2.0draws, weather=0.34ms/0.0draws, other=0.05ms], lighting=0.02/0.09, post=0.03/0.06, overlays=0.05/0.11, other=0.08]; gui=1.35/12.16ms [update=1.06/11.53 (minimap=0.73/10.97 [compact=0.73, fullmap=0.00/0.00], other=0.33), render=0.28/3.35, other=0.00]; finish=0.02/0.04ms; outside-update-draw=0.17ms; draws=128, maps=2, entities=16, lights=2
2026-07-20 13:36:38.543 +02:00 [INF] System window closing (due to user interaction most likely).
2026-07-20 13:36:38.546 +02:00 [INF] Disconnected [9921609f-cae2-4fbe-8eb7-907ed5139cbf].
2026-07-20 13:36:38.547 +02:00 [INF] Updating active permission set to 'default'
2026-07-20 13:36:38.574 +02:00 [INF] Acquiring context lock... (0ms)
2026-07-20 13:36:38.574 +02:00 [INF] Acquired. (0ms)
2026-07-20 13:36:38.575 +02:00 [INF] Beginning context dispose. (0ms)
2026-07-20 13:36:38.575 +02:00 [INF] GC.SuppressFinalize (0ms)
2026-07-20 13:36:38.575 +02:00 [INF] InternalDispose() completed. (0ms)
2026-07-20 13:36:38.575 +02:00 [INF] Clearing instance... (1ms)
2026-07-20 13:36:38.575 +02:00 [INF] Releasing context lock... (1ms)
2026-07-20 13:36:38.575 +02:00 [INF] Released. (1ms)
