2026-07-10 20:50:34.852 +02:00 [INF] Starting Intersect Client v0.8.0.0-custom+32d39132dace1351f63375b261f241297dd35be8-dirty
2026-07-10 20:50:35.084 +02:00 [INF] Discovered service type: Intersect.Plugins.PluginService
2026-07-10 20:50:35.087 +02:00 [WRN] Directory was specified as a plugin directory but does not exist: 'resources\plugins'
2026-07-10 20:50:35.088 +02:00 [INF] Discovered 0 plugins:

2026-07-10 20:50:40.552 +02:00 [INF] Connecting to 127.0.0.1:5400...
2026-07-10 20:50:40.572 +02:00 [INF] Connected [01bc78c7-a27d-4f97-af90-db9d1a68d1f0].
2026-07-10 20:50:40.583 +02:00 [INF] Connection approved [01bc78c7-a27d-4f97-af90-db9d1a68d1f0].
2026-07-10 20:50:40.698 +02:00 [INF] Updated PermissionSet 'default'
2026-07-10 20:50:44.358 +02:00 [INF] Updated PermissionSet 'admin'
2026-07-10 20:50:44.359 +02:00 [INF] Updating active permission set to 'admin'
2026-07-10 20:50:46.968 +02:00 [WRN] 'Me' is null.
2026-07-10 20:50:47.958 +02:00 [ERR] Exception thrown while trying to load 'resources/tilesets/water_shore_marker.png'
System.IO.FileNotFoundException: Could not find file 'F:\game code engine\Intersect_New\Intersect.Client\resources\tilesets\water_shore_marker.png'.
File name: 'F:\game code engine\Intersect_New\Intersect.Client\resources\tilesets\water_shore_marker.png'
   at Microsoft.Win32.SafeHandles.SafeFileHandle.CreateFile(String fullPath, FileMode mode, FileAccess access, FileShare share, FileOptions options)
   at Microsoft.Win32.SafeHandles.SafeFileHandle.Open(String fullPath, FileMode mode, FileAccess access, FileShare share, FileOptions options, Int64 preallocationSize, Nullable`1 unixCreateMode)
   at System.IO.Strategies.OSFileStreamStrategy..ctor(String path, FileMode mode, FileAccess access, FileShare share, FileOptions options, Int64 preallocationSize, Nullable`1 unixCreateMode)
   at System.IO.Strategies.FileStreamHelpers.ChooseStrategyCore(String path, FileMode mode, FileAccess access, FileShare share, FileOptions options, Int64 preallocationSize, Nullable`1 unixCreateMode)
   at System.IO.File.OpenRead(String path)
   at Intersect.Client.Framework.Graphics.GameRenderer.<>c__DisplayClass182_0.<LoadTexture>b__0() in F:\game code engine\Intersect_New\Intersect.Client.Framework\Graphics\GameRenderer.cs:line 1027
   at Intersect.Client.Framework.Graphics.GameTexture`2.LoadPlatformTexture(Boolean force) in F:\game code engine\Intersect_New\Intersect.Client.Framework\Graphics\GameTexture.cs:line 279
2026-07-10 20:50:47.972 +02:00 [INF] Built VBO for map 9802b09c-f592-4d93-8e11-d3424500716c 'Deep Forest' in 48.7218ms
2026-07-10 20:50:47.985 +02:00 [INF] Built VBO for map 15601ad4-9f26-4abe-a6c9-3a7eebaa3045 'Forest' in 12.0769ms
2026-07-10 20:50:48.000 +02:00 [INF] Built VBO for map d490222a-af25-4a7f-bec3-7ca8016e08d7 'New Map' in 9.3528ms
2026-07-10 20:50:48.119 +02:00 [INF] Built VBO for map a31f210c-f5fb-48bf-9db2-45fab2293a4c 'Forest' in 118.9756ms
2026-07-10 20:50:48.184 +02:00 [INF] Built VBO for map 27c6a7b2-4e9f-4316-9a0f-e13ec8e16ba2 'Forest' in 62.2217ms
2026-07-10 20:50:48.205 +02:00 [INF] Built VBO for map e341d25d-5ff4-4cd6-bcd5-2f2cda710c86 'Greenfall Vale' in 20.0738ms
2026-07-10 20:56:04.554 +02:00 [INF] System window closing (due to user interaction most likely).
2026-07-10 20:56:04.557 +02:00 [INF] Disconnected [01bc78c7-a27d-4f97-af90-db9d1a68d1f0].
2026-07-10 20:56:04.558 +02:00 [INF] Updating active permission set to 'default'
2026-07-10 20:56:04.590 +02:00 [INF] Acquiring context lock... (0ms)
2026-07-10 20:56:04.591 +02:00 [INF] Acquired. (0ms)
2026-07-10 20:56:04.591 +02:00 [INF] Beginning context dispose. (0ms)
2026-07-10 20:56:04.591 +02:00 [INF] GC.SuppressFinalize (0ms)
2026-07-10 20:56:04.592 +02:00 [INF] InternalDispose() completed. (0ms)
2026-07-10 20:56:04.592 +02:00 [INF] Clearing instance... (1ms)
2026-07-10 20:56:04.592 +02:00 [INF] Releasing context lock... (1ms)
2026-07-10 20:56:04.592 +02:00 [INF] Released. (1ms)
