2026-04-07 00:53:18.204 +06:00 [INF] Starting Intersect Client v0.8.0.0-custom+32d39132dace1351f63375b261f241297dd35be8-dirty
2026-04-07 00:53:18.402 +06:00 [INF] Discovered service type: Intersect.Plugins.PluginService
2026-04-07 00:53:18.405 +06:00 [WRN] Directory was specified as a plugin directory but does not exist: 'resources\plugins'
2026-04-07 00:53:18.406 +06:00 [INF] Discovered 0 plugins:

2026-04-07 00:53:20.865 +06:00 [INF] Connecting to 127.0.0.1:5400...
2026-04-07 00:53:20.872 +06:00 [INF] Connected [fea2e876-1b43-43e4-afa9-adb18f6222da].
2026-04-07 00:53:20.884 +06:00 [INF] Connection approved [fea2e876-1b43-43e4-afa9-adb18f6222da].
2026-04-07 00:53:20.961 +06:00 [INF] Updated PermissionSet 'default'
2026-04-07 00:53:20.961 +06:00 [INF] Updated PermissionSet 'admin'
2026-04-07 00:53:25.788 +06:00 [INF] Updating active permission set to 'admin'
2026-04-07 00:53:25.861 +06:00 [WRN] Unable to add '_buttonLogout' to the JSON of MainMenu.SelectCharacterWindow._innerPanel._buttonsPanel because a sibling shares the same name
2026-04-07 00:53:27.177 +06:00 [WRN] 'Me' is null.
2026-04-07 00:53:27.766 +06:00 [INF] Built VBO for map 73ba8458-f8de-4f78-a254-c91b18418ed0 'test 3' in 16.04ms
2026-04-07 00:53:27.778 +06:00 [INF] Built VBO for map 27c6a7b2-4e9f-4316-9a0f-e13ec8e16ba2 'New Map' in 7.5704ms
2026-04-07 01:00:43.433 +06:00 [INF] Built VBO for map 850ddb26-5568-4376-b8e0-346c04cb81ef 'forest' in 3.5617ms
2026-04-07 01:21:31.940 +06:00 [INF] System window closing (due to user interaction most likely).
2026-04-07 01:21:31.943 +06:00 [INF] Disconnected [fea2e876-1b43-43e4-afa9-adb18f6222da].
2026-04-07 01:21:31.944 +06:00 [INF] Updating active permission set to 'default'
2026-04-07 01:21:31.970 +06:00 [INF] Acquiring context lock... (0ms)
2026-04-07 01:21:31.970 +06:00 [INF] Acquired. (0ms)
2026-04-07 01:21:31.971 +06:00 [INF] Beginning context dispose. (0ms)
2026-04-07 01:21:31.972 +06:00 [INF] GC.SuppressFinalize (0ms)
2026-04-07 01:21:31.972 +06:00 [INF] InternalDispose() completed. (0ms)
2026-04-07 01:21:31.972 +06:00 [INF] Clearing instance... (1ms)
2026-04-07 01:21:31.972 +06:00 [INF] Releasing context lock... (1ms)
2026-04-07 01:21:31.972 +06:00 [INF] Released. (1ms)
