2026-05-30 22:24:14.359 +02:00 [INF] Starting Intersect Client v0.8.0.0-custom+32d39132dace1351f63375b261f241297dd35be8-dirty
2026-05-30 22:24:14.564 +02:00 [INF] Discovered service type: Intersect.Plugins.PluginService
2026-05-30 22:24:14.568 +02:00 [WRN] Directory was specified as a plugin directory but does not exist: 'resources\plugins'
2026-05-30 22:24:14.569 +02:00 [INF] Discovered 0 plugins:

2026-05-30 22:24:26.223 +02:00 [INF] Connecting to 127.0.0.1:5400...
2026-05-30 22:24:26.241 +02:00 [INF] Connected [5e35c5c8-1d34-4702-8b3a-b606b7fcee89].
2026-05-30 22:24:26.257 +02:00 [INF] Connection approved [5e35c5c8-1d34-4702-8b3a-b606b7fcee89].
2026-05-30 22:24:26.351 +02:00 [INF] Updated PermissionSet 'default'
2026-05-30 22:24:31.243 +02:00 [INF] Updated PermissionSet 'admin'
2026-05-30 22:24:31.243 +02:00 [INF] Updating active permission set to 'admin'
2026-05-30 22:24:31.735 +02:00 [WRN] 'Me' is null.
2026-05-30 22:24:32.660 +02:00 [INF] Built VBO for map a31f210c-f5fb-48bf-9db2-45fab2293a4c 'Forest' in 106.7837ms
2026-05-30 22:24:32.791 +02:00 [INF] Built VBO for map 27c6a7b2-4e9f-4316-9a0f-e13ec8e16ba2 'Forest' in 85.3251ms
2026-05-30 22:25:15.918 +02:00 [INF] System window closing (due to user interaction most likely).
2026-05-30 22:25:15.921 +02:00 [INF] Disconnected [5e35c5c8-1d34-4702-8b3a-b606b7fcee89].
2026-05-30 22:25:15.921 +02:00 [INF] Updating active permission set to 'default'
2026-05-30 22:25:16.032 +02:00 [INF] Acquiring context lock... (0ms)
2026-05-30 22:25:16.032 +02:00 [INF] Acquired. (0ms)
2026-05-30 22:25:16.033 +02:00 [INF] Beginning context dispose. (0ms)
2026-05-30 22:25:16.033 +02:00 [INF] GC.SuppressFinalize (0ms)
2026-05-30 22:25:16.033 +02:00 [INF] InternalDispose() completed. (0ms)
2026-05-30 22:25:16.033 +02:00 [INF] Clearing instance... (1ms)
2026-05-30 22:25:16.033 +02:00 [INF] Releasing context lock... (1ms)
2026-05-30 22:25:16.033 +02:00 [INF] Released. (1ms)
