2026-05-14 03:59:15.213 +02:00 [INF] Starting Intersect Client v0.8.0.0-custom+32d39132dace1351f63375b261f241297dd35be8-dirty
2026-05-14 03:59:15.435 +02:00 [INF] Discovered service type: Intersect.Plugins.PluginService
2026-05-14 03:59:15.438 +02:00 [WRN] Directory was specified as a plugin directory but does not exist: 'resources\plugins'
2026-05-14 03:59:15.439 +02:00 [INF] Discovered 0 plugins:

2026-05-14 03:59:28.229 +02:00 [INF] Connecting to 127.0.0.1:5400...
2026-05-14 03:59:28.252 +02:00 [INF] Connected [e6b2a98e-0abf-4b24-88d6-d9800d9e5058].
2026-05-14 03:59:28.268 +02:00 [INF] Connection approved [e6b2a98e-0abf-4b24-88d6-d9800d9e5058].
2026-05-14 03:59:28.364 +02:00 [INF] Updated PermissionSet 'default'
2026-05-14 03:59:39.513 +02:00 [INF] Updated PermissionSet 'admin'
2026-05-14 03:59:39.514 +02:00 [INF] Updating active permission set to 'admin'
2026-05-14 03:59:40.240 +02:00 [WRN] 'Me' is null.
2026-05-14 03:59:40.893 +02:00 [INF] Built VBO for map 24cc8989-0a45-4ecb-bf58-41efcefcaeb8 'Test' in 13.9451ms
2026-05-14 04:05:32.812 +02:00 [INF] System window closing (due to user interaction most likely).
2026-05-14 04:05:32.817 +02:00 [INF] Disconnected [e6b2a98e-0abf-4b24-88d6-d9800d9e5058].
2026-05-14 04:05:32.817 +02:00 [INF] Updating active permission set to 'default'
2026-05-14 04:05:32.916 +02:00 [INF] Acquiring context lock... (0ms)
2026-05-14 04:05:32.917 +02:00 [INF] Acquired. (0ms)
2026-05-14 04:05:32.918 +02:00 [INF] Beginning context dispose. (0ms)
2026-05-14 04:05:32.918 +02:00 [INF] GC.SuppressFinalize (0ms)
2026-05-14 04:05:32.918 +02:00 [INF] InternalDispose() completed. (0ms)
2026-05-14 04:05:32.918 +02:00 [INF] Clearing instance... (2ms)
2026-05-14 04:05:32.919 +02:00 [INF] Releasing context lock... (2ms)
2026-05-14 04:05:32.919 +02:00 [INF] Released. (2ms)
