2026-07-13 20:25:36.841 +02:00 [INF] Starting Intersect Client v0.8.0.0-custom+32d39132dace1351f63375b261f241297dd35be8-dirty
2026-07-13 20:25:37.071 +02:00 [INF] Discovered service type: Intersect.Plugins.PluginService
2026-07-13 20:25:37.074 +02:00 [WRN] Directory was specified as a plugin directory but does not exist: 'resources\plugins'
2026-07-13 20:25:37.075 +02:00 [INF] Discovered 0 plugins:

2026-07-13 20:25:50.382 +02:00 [INF] Connecting to 127.0.0.1:5400...
2026-07-13 20:25:50.402 +02:00 [INF] Connected [d9409a95-3bb1-4cb1-9c11-eb2efb0d8401].
2026-07-13 20:25:50.415 +02:00 [INF] Connection approved [d9409a95-3bb1-4cb1-9c11-eb2efb0d8401].
2026-07-13 20:25:50.519 +02:00 [INF] Updated PermissionSet 'default'
2026-07-13 20:25:56.653 +02:00 [INF] Updated PermissionSet 'admin'
2026-07-13 20:25:56.653 +02:00 [INF] Updating active permission set to 'admin'
2026-07-13 20:25:58.965 +02:00 [WRN] 'Me' is null.
2026-07-13 20:26:00.055 +02:00 [INF] Built VBO for map 9802b09c-f592-4d93-8e11-d3424500716c 'Deep Forest' in 52.2366ms
2026-07-13 20:26:00.069 +02:00 [INF] Built VBO for map 15601ad4-9f26-4abe-a6c9-3a7eebaa3045 'Forest' in 11.2122ms
2026-07-13 20:26:00.083 +02:00 [INF] Built VBO for map d490222a-af25-4a7f-bec3-7ca8016e08d7 'New Map' in 8.752ms
2026-07-13 20:26:00.212 +02:00 [INF] Built VBO for map a31f210c-f5fb-48bf-9db2-45fab2293a4c 'Forest' in 125.6583ms
2026-07-13 20:26:00.275 +02:00 [INF] Built VBO for map 27c6a7b2-4e9f-4316-9a0f-e13ec8e16ba2 'Forest' in 56.9927ms
2026-07-13 20:26:00.297 +02:00 [INF] Built VBO for map e341d25d-5ff4-4cd6-bcd5-2f2cda710c86 'Greenfall Vale' in 19.1155ms
2026-07-13 20:26:00.437 +02:00 [WRN] World post-process shader loaded but is missing required parameter 'DayAmount'. Falling back to legacy post-process passes.
2026-07-13 20:26:19.235 +02:00 [INF] Built VBO for map e341d25d-5ff4-4cd6-bcd5-2f2cda710c86 'Greenfall Vale' in 8.2281ms
2026-07-13 20:26:19.628 +02:00 [INF] Built VBO for map d490222a-af25-4a7f-bec3-7ca8016e08d7 'New Map' in 6.8815ms
2026-07-13 20:26:20.190 +02:00 [INF] Built VBO for map 000bacda-f0e9-4a92-ab09-e55bd4ad15c1 'New Map' in 6.9179ms
2026-07-13 20:26:20.736 +02:00 [INF] Built VBO for map f519d3ea-b6f4-4b17-b87a-1dcf003cd3ec 'New Map' in 6.7931ms
2026-07-13 20:27:03.490 +02:00 [INF] System window closing (due to user interaction most likely).
2026-07-13 20:27:03.493 +02:00 [INF] Disconnected [d9409a95-3bb1-4cb1-9c11-eb2efb0d8401].
2026-07-13 20:27:03.494 +02:00 [INF] Updating active permission set to 'default'
2026-07-13 20:27:03.525 +02:00 [INF] Acquiring context lock... (0ms)
2026-07-13 20:27:03.526 +02:00 [INF] Acquired. (0ms)
2026-07-13 20:27:03.526 +02:00 [INF] Beginning context dispose. (0ms)
2026-07-13 20:27:03.527 +02:00 [INF] GC.SuppressFinalize (0ms)
2026-07-13 20:27:03.527 +02:00 [INF] InternalDispose() completed. (0ms)
2026-07-13 20:27:03.527 +02:00 [INF] Clearing instance... (1ms)
2026-07-13 20:27:03.527 +02:00 [INF] Releasing context lock... (1ms)
2026-07-13 20:27:03.527 +02:00 [INF] Released. (1ms)
