2026-03-19 21:54:17.173 +01:00 [INF] Starting Intersect Client v0.8.0.0-custom+32d39132dace1351f63375b261f241297dd35be8-dirty
2026-03-19 21:54:17.416 +01:00 [INF] Discovered service type: Intersect.Plugins.PluginService
2026-03-19 21:54:17.424 +01:00 [WRN] Directory was specified as a plugin directory but does not exist: 'resources\plugins'
2026-03-19 21:54:17.425 +01:00 [INF] Discovered 0 plugins:

2026-03-19 21:54:20.095 +01:00 [INF] Connecting to 127.0.0.1:5400...
2026-03-19 21:54:20.112 +01:00 [INF] Connected [7370d805-dd6a-42b3-b134-2a1abec73758].
2026-03-19 21:54:20.134 +01:00 [INF] Connection approved [7370d805-dd6a-42b3-b134-2a1abec73758].
2026-03-19 21:54:20.213 +01:00 [INF] Updated PermissionSet 'default'
2026-03-19 21:54:21.376 +01:00 [INF] Updated PermissionSet 'admin'
2026-03-19 21:54:21.376 +01:00 [INF] Updating active permission set to 'admin'
2026-03-19 21:54:21.521 +01:00 [WRN] Unable to add '_buttonLogout' to the JSON of MainMenu.SelectCharacterWindow._innerPanel._buttonsPanel because a sibling shares the same name
2026-03-19 21:54:22.651 +01:00 [WRN] 'Me' is null.
2026-03-19 21:54:23.117 +01:00 [INF] Built VBO for map a9f5fb5f-a2e8-421b-9906-03dae4b6224a 'New Map' in 14.9569ms
2026-03-19 21:55:58.496 +01:00 [INF] System window closing (due to user interaction most likely).
2026-03-19 21:55:58.499 +01:00 [INF] Disconnected [7370d805-dd6a-42b3-b134-2a1abec73758].
2026-03-19 21:55:58.500 +01:00 [INF] Updating active permission set to 'default'
2026-03-19 21:55:58.579 +01:00 [INF] Acquiring context lock... (0ms)
2026-03-19 21:55:58.579 +01:00 [INF] Acquired. (0ms)
2026-03-19 21:55:58.580 +01:00 [INF] Beginning context dispose. (0ms)
2026-03-19 21:55:58.580 +01:00 [INF] GC.SuppressFinalize (0ms)
2026-03-19 21:55:58.580 +01:00 [INF] InternalDispose() completed. (0ms)
2026-03-19 21:55:58.580 +01:00 [INF] Clearing instance... (1ms)
2026-03-19 21:55:58.580 +01:00 [INF] Releasing context lock... (1ms)
2026-03-19 21:55:58.580 +01:00 [INF] Released. (1ms)
