2026-03-19 14:44:11.011 +01:00 [INF] Starting Intersect Client v0.8.0.0-custom+32d39132dace1351f63375b261f241297dd35be8-dirty
2026-03-19 14:44:11.247 +01:00 [INF] Discovered service type: Intersect.Plugins.PluginService
2026-03-19 14:44:11.254 +01:00 [WRN] Directory was specified as a plugin directory but does not exist: 'resources\plugins'
2026-03-19 14:44:11.255 +01:00 [INF] Discovered 0 plugins:

2026-03-19 14:44:26.131 +01:00 [INF] Connecting to 127.0.0.1:5400...
2026-03-19 14:44:26.149 +01:00 [INF] Connected [697547c1-1c41-40ff-ba2c-2831008bab3a].
2026-03-19 14:44:26.158 +01:00 [INF] Connection approved [697547c1-1c41-40ff-ba2c-2831008bab3a].
2026-03-19 14:44:26.264 +01:00 [INF] Updated PermissionSet 'default'
2026-03-19 14:44:27.505 +01:00 [INF] Updated PermissionSet 'admin'
2026-03-19 14:44:27.506 +01:00 [INF] Updating active permission set to 'admin'
2026-03-19 14:44:27.626 +01:00 [WRN] Unable to add '_buttonLogout' to the JSON of MainMenu.SelectCharacterWindow._innerPanel._buttonsPanel because a sibling shares the same name
2026-03-19 14:44:28.695 +01:00 [WRN] 'Me' is null.
2026-03-19 14:44:29.142 +01:00 [INF] Built VBO for map a9f5fb5f-a2e8-421b-9906-03dae4b6224a 'New Map' in 15.3281ms
2026-03-19 14:44:37.240 +01:00 [FTL] Game is crashing due to an exception
System.IndexOutOfRangeException: Index was outside the bounds of the array.
   at Intersect.Client.Networking.PacketHandler.HandlePacket(IPacketSender packetSender, EntityMovePacket packet) in F:\game code engine\Intersect_New\Intersect.Client.Core\Networking\PacketHandler.cs:line 812
   at Intersect.Network.PacketHandlerRegistry.<>c__DisplayClass36_1`2.<CreateWeaklyTypedDelegateForMethodInfo>b__1(IPacketSender packetSender, IPacket packet) in F:\game code engine\Intersect_New\Framework\Intersect.Framework.Core\Network\PacketHandlerRegistry.cs:line 100
   at Intersect.Client.Networking.PacketHandler.HandlePacket(IPacket packet) in F:\game code engine\Intersect_New\Intersect.Client.Core\Networking\PacketHandler.cs:line 140
   at Intersect.Client.Networking.PacketHandler.HandlePacket(IPacketSender packetSender, EntityMovementPackets packet) in F:\game code engine\Intersect_New\Intersect.Client.Core\Networking\PacketHandler.cs:line 681
   at Intersect.Network.PacketHandlerRegistry.<>c__DisplayClass36_1`2.<CreateWeaklyTypedDelegateForMethodInfo>b__1(IPacketSender packetSender, IPacket packet) in F:\game code engine\Intersect_New\Framework\Intersect.Framework.Core\Network\PacketHandlerRegistry.cs:line 100
   at Intersect.Client.Networking.PacketHandler.HandlePacket(IPacket packet) in F:\game code engine\Intersect_New\Intersect.Client.Core\Networking\PacketHandler.cs:line 140
   at Intersect.Client.Networking.Network.OnDataReceived(IPacket packet) in F:\game code engine\Intersect_New\Intersect.Client.Core\Networking\Network.cs:line 150
   at Intersect.Client.Framework.Network.GameSocket.OnDataReceived(IPacket packet) in F:\game code engine\Intersect_New\Intersect.Client.Framework\Network\GameSocket.cs:line 33
   at Intersect.Client.MonoGame.Network.MonoSocket.Update() in F:\game code engine\Intersect_New\Intersect.Client.Core\MonoGame\Network\MonoSocket.cs:line 210
   at Intersect.Client.Networking.Network.Update() in F:\game code engine\Intersect_New\Intersect.Client.Core\Networking\Network.cs:line 198
   at Intersect.Client.Core.Main.Update(TimeSpan deltaTime) in F:\game code engine\Intersect_New\Intersect.Client.Core\Core\Main.cs:line 64
   at Intersect.Client.MonoGame.IntersectGame.Update(GameTime gameTime) in F:\game code engine\Intersect_New\Intersect.Client.Core\MonoGame\IntersectGame.cs:line 230
   at Microsoft.Xna.Framework.Game.Tick()
   at Microsoft.Xna.Framework.SdlGamePlatform.RunLoop()
   at Microsoft.Xna.Framework.Game.Run(GameRunBehavior runBehavior)
   at Microsoft.Xna.Framework.Game.Run()
   at Intersect.Client.MonoGame.IntersectGame.MonoGameRunner.Start(IClientContext context, Action postStartupAction) in F:\game code engine\Intersect_New\Intersect.Client.Core\MonoGame\IntersectGame.cs:line 633
2026-03-19 14:44:37.281 +01:00 [INF] Acquiring context lock... (0ms)
2026-03-19 14:44:37.281 +01:00 [INF] Acquired. (0ms)
2026-03-19 14:44:37.282 +01:00 [INF] Beginning context dispose. (0ms)
2026-03-19 14:44:37.282 +01:00 [INF] GC.SuppressFinalize (0ms)
2026-03-19 14:44:37.282 +01:00 [INF] InternalDispose() completed. (0ms)
2026-03-19 14:44:37.282 +01:00 [INF] Clearing instance... (1ms)
2026-03-19 14:44:37.282 +01:00 [INF] Releasing context lock... (1ms)
2026-03-19 14:44:37.282 +01:00 [INF] Released. (1ms)
2026-03-19 14:44:37.282 +01:00 [ERR] Failed to start application context
System.IndexOutOfRangeException: Index was outside the bounds of the array.
   at Intersect.Client.Networking.PacketHandler.HandlePacket(IPacketSender packetSender, EntityMovePacket packet) in F:\game code engine\Intersect_New\Intersect.Client.Core\Networking\PacketHandler.cs:line 812
   at Intersect.Network.PacketHandlerRegistry.<>c__DisplayClass36_1`2.<CreateWeaklyTypedDelegateForMethodInfo>b__1(IPacketSender packetSender, IPacket packet) in F:\game code engine\Intersect_New\Framework\Intersect.Framework.Core\Network\PacketHandlerRegistry.cs:line 100
   at Intersect.Client.Networking.PacketHandler.HandlePacket(IPacket packet) in F:\game code engine\Intersect_New\Intersect.Client.Core\Networking\PacketHandler.cs:line 140
   at Intersect.Client.Networking.PacketHandler.HandlePacket(IPacketSender packetSender, EntityMovementPackets packet) in F:\game code engine\Intersect_New\Intersect.Client.Core\Networking\PacketHandler.cs:line 681
   at Intersect.Network.PacketHandlerRegistry.<>c__DisplayClass36_1`2.<CreateWeaklyTypedDelegateForMethodInfo>b__1(IPacketSender packetSender, IPacket packet) in F:\game code engine\Intersect_New\Framework\Intersect.Framework.Core\Network\PacketHandlerRegistry.cs:line 100
   at Intersect.Client.Networking.PacketHandler.HandlePacket(IPacket packet) in F:\game code engine\Intersect_New\Intersect.Client.Core\Networking\PacketHandler.cs:line 140
   at Intersect.Client.Networking.Network.OnDataReceived(IPacket packet) in F:\game code engine\Intersect_New\Intersect.Client.Core\Networking\Network.cs:line 150
   at Intersect.Client.Framework.Network.GameSocket.OnDataReceived(IPacket packet) in F:\game code engine\Intersect_New\Intersect.Client.Framework\Network\GameSocket.cs:line 33
   at Intersect.Client.MonoGame.Network.MonoSocket.Update() in F:\game code engine\Intersect_New\Intersect.Client.Core\MonoGame\Network\MonoSocket.cs:line 210
   at Intersect.Client.Networking.Network.Update() in F:\game code engine\Intersect_New\Intersect.Client.Core\Networking\Network.cs:line 198
   at Intersect.Client.Core.Main.Update(TimeSpan deltaTime) in F:\game code engine\Intersect_New\Intersect.Client.Core\Core\Main.cs:line 64
   at Intersect.Client.MonoGame.IntersectGame.Update(GameTime gameTime) in F:\game code engine\Intersect_New\Intersect.Client.Core\MonoGame\IntersectGame.cs:line 230
   at Microsoft.Xna.Framework.Game.Tick()
   at Microsoft.Xna.Framework.SdlGamePlatform.RunLoop()
   at Microsoft.Xna.Framework.Game.Run(GameRunBehavior runBehavior)
   at Microsoft.Xna.Framework.Game.Run()
   at Intersect.Client.MonoGame.IntersectGame.MonoGameRunner.Start(IClientContext context, Action postStartupAction) in F:\game code engine\Intersect_New\Intersect.Client.Core\MonoGame\IntersectGame.cs:line 633
   at Intersect.Client.Core.ClientContext.InternalStart() in F:\game code engine\Intersect_New\Intersect.Client.Core\Core\ClientContext.cs:line 97
   at Intersect.Core.ApplicationContext`2.Start(Boolean lockUntilShutdown) in F:\game code engine\Intersect_New\Intersect (Core)\Core\ApplicationContext`2.cs:line 245
