2026-06-02 06:41:55.274 +02:00 [INF] Starting Intersect Client v0.8.0.0-custom+32d39132dace1351f63375b261f241297dd35be8-dirty
2026-06-02 06:41:55.485 +02:00 [INF] Discovered service type: Intersect.Plugins.PluginService
2026-06-02 06:41:55.488 +02:00 [WRN] Directory was specified as a plugin directory but does not exist: 'resources\plugins'
2026-06-02 06:41:55.489 +02:00 [INF] Discovered 0 plugins:

2026-06-02 06:41:57.404 +02:00 [INF] Connecting to 127.0.0.1:5400...
2026-06-02 06:41:57.422 +02:00 [INF] Connected [d94bd09d-45ee-487f-94e0-435c331e0ac7].
2026-06-02 06:41:57.443 +02:00 [INF] Connection approved [d94bd09d-45ee-487f-94e0-435c331e0ac7].
2026-06-02 06:41:57.531 +02:00 [INF] Updated PermissionSet 'default'
2026-06-02 06:42:02.291 +02:00 [INF] Updated PermissionSet 'admin'
2026-06-02 06:42:02.292 +02:00 [INF] Updating active permission set to 'admin'
2026-06-02 06:42:02.916 +02:00 [WRN] 'Me' is null.
2026-06-02 06:42:03.811 +02:00 [INF] Built VBO for map 27c6a7b2-4e9f-4316-9a0f-e13ec8e16ba2 'Forest' in 73.835ms
2026-06-02 06:43:40.941 +02:00 [INF] System window closing (due to user interaction most likely).
2026-06-02 06:43:40.944 +02:00 [INF] Disconnected [d94bd09d-45ee-487f-94e0-435c331e0ac7].
2026-06-02 06:43:40.945 +02:00 [INF] Updating active permission set to 'default'
2026-06-02 06:43:40.969 +02:00 [INF] Acquiring context lock... (0ms)
2026-06-02 06:43:40.970 +02:00 [INF] Acquired. (0ms)
2026-06-02 06:43:40.970 +02:00 [INF] Beginning context dispose. (0ms)
2026-06-02 06:43:40.971 +02:00 [INF] GC.SuppressFinalize (0ms)
2026-06-02 06:43:40.971 +02:00 [INF] InternalDispose() completed. (0ms)
2026-06-02 06:43:40.971 +02:00 [INF] Clearing instance... (1ms)
2026-06-02 06:43:40.971 +02:00 [INF] Releasing context lock... (1ms)
2026-06-02 06:43:40.971 +02:00 [INF] Released. (1ms)
