2026-07-18 07:34:29.502 +02:00 [INF] Starting Intersect Client v0.8.0.0-custom+32d39132dace1351f63375b261f241297dd35be8-dirty
2026-07-18 07:34:29.768 +02:00 [INF] Discovered service type: Intersect.Plugins.PluginService
2026-07-18 07:34:29.773 +02:00 [WRN] Directory was specified as a plugin directory but does not exist: 'resources\plugins'
2026-07-18 07:34:29.774 +02:00 [INF] Discovered 0 plugins:

2026-07-18 07:34:30.283 +02:00 [INF] Graphics pacing configured: targetMode=-1, vsync=false, fixedStep=false, backBuffer=1760x990
2026-07-18 07:34:32.051 +02:00 [INF] Connecting to 127.0.0.1:5400...
2026-07-18 07:34:32.073 +02:00 [INF] Connected [b599bb05-cc1d-4b4c-a3e8-97659bcbafa5].
2026-07-18 07:34:32.091 +02:00 [INF] Connection approved [b599bb05-cc1d-4b4c-a3e8-97659bcbafa5].
2026-07-18 07:34:32.203 +02:00 [INF] Updated PermissionSet 'default'
2026-07-18 07:34:38.949 +02:00 [INF] Updated PermissionSet 'admin'
2026-07-18 07:34:38.949 +02:00 [INF] Updating active permission set to 'admin'
2026-07-18 07:34:43.979 +02:00 [WRN] 'Me' is null.
2026-07-18 07:34:45.510 +02:00 [INF] Built VBO for map 9802b09c-f592-4d93-8e11-d3424500716c 'Deep Forest' in 55.8709ms
2026-07-18 07:34:45.531 +02:00 [INF] Built VBO for map 15601ad4-9f26-4abe-a6c9-3a7eebaa3045 'Forest' in 15.616ms
2026-07-18 07:34:45.547 +02:00 [INF] Built VBO for map d490222a-af25-4a7f-bec3-7ca8016e08d7 'New Map' in 10.5526ms
2026-07-18 07:34:45.697 +02:00 [INF] Built VBO for map a31f210c-f5fb-48bf-9db2-45fab2293a4c 'Forest' in 147.0497ms
2026-07-18 07:34:45.762 +02:00 [INF] Built VBO for map 27c6a7b2-4e9f-4316-9a0f-e13ec8e16ba2 'Forest' in 59.7068ms
2026-07-18 07:34:45.790 +02:00 [INF] Built VBO for map e341d25d-5ff4-4cd6-bcd5-2f2cda710c86 'Greenfall Vale' in 26.3335ms
2026-07-18 07:34:51.173 +02:00 [INF] Client frame profile: measured=68.8fps counter=75 targetMode=-1; interval=14.54/434.30ms avg/max; update=0.38/47.42ms (1.00 calls/frame); draw=14.88/386.78ms; world=11.78/343.32ms [scene=11.09/310.27, scene-detail=[tiles=0.75ms/20.0draws (geometry=0.29ms/20.0draws, water=0.46ms/0.0draws), objects=7.68ms/59.8draws, procedural=0.01ms/0.0draws, entities=1.17ms/0.9draws, effects=0.73ms/1.1draws, weather=0.60ms/0.0draws, other=0.16ms], lighting=0.06/8.10, post=0.18/19.64, overlays=0.30/32.67, other=0.15]; gui=3.02/102.69ms [update=2.78/79.13 (minimap=2.06/51.01 [compact=2.06, fullmap=0.00/0.00], other=0.72), render=0.24/23.56, other=0.00]; finish=0.05/1.78ms; outside-update-draw=0.00ms; draws=101, maps=1, entities=22, lights=2
2026-07-18 07:34:56.186 +02:00 [INF] Client frame profile: measured=77.0fps counter=79 targetMode=-1; interval=12.99/76.78ms avg/max; update=0.35/20.61ms (1.00 calls/frame); draw=12.16/75.90ms; world=8.33/24.01ms [scene=7.97/23.69, scene-detail=[tiles=0.80ms/23.0draws (geometry=0.43ms/23.0draws, water=0.37ms/0.0draws), objects=6.00ms/61.2draws, procedural=0.00ms/0.0draws, entities=0.52ms/0.0draws, effects=0.14ms/2.0draws, weather=0.40ms/0.0draws, other=0.11ms], lighting=0.03/0.08, post=0.06/0.13, overlays=0.14/5.77, other=0.13]; gui=3.78/66.07ms [update=2.45/15.21 (minimap=1.56/14.00 [compact=1.56, fullmap=0.00/0.00], other=0.90), render=1.33/65.17, other=0.00]; finish=0.03/0.09ms; outside-update-draw=0.48ms; draws=203, maps=2, entities=22, lights=2
2026-07-18 07:35:01.196 +02:00 [INF] Client frame profile: measured=74.4fps counter=66 targetMode=-1; interval=13.43/29.97ms avg/max; update=0.23/6.53ms (1.00 calls/frame); draw=13.07/29.51ms; world=8.62/18.07ms [scene=8.25/17.65, scene-detail=[tiles=0.64ms/20.5draws (geometry=0.30ms/20.5draws, water=0.33ms/0.0draws), objects=6.36ms/60.2draws, procedural=0.00ms/0.0draws, entities=0.59ms/0.7draws, effects=0.15ms/2.0draws, weather=0.41ms/0.0draws, other=0.11ms], lighting=0.04/0.08, post=0.06/0.13, overlays=0.12/4.56, other=0.14]; gui=4.40/18.26ms [update=2.74/16.13 (minimap=1.62/14.78 [compact=1.62, fullmap=0.00/0.00], other=1.12), render=1.66/3.02, other=0.00]; finish=0.04/0.10ms; outside-update-draw=0.13ms; draws=196, maps=1, entities=22, lights=2
2026-07-18 07:35:06.204 +02:00 [INF] Client frame profile: measured=74.3fps counter=86 targetMode=-1; interval=13.46/31.42ms avg/max; update=0.23/6.19ms (1.00 calls/frame); draw=12.86/30.04ms; world=8.47/12.42ms [scene=8.12/11.85, scene-detail=[tiles=0.62ms/20.3draws (geometry=0.29ms/20.3draws, water=0.33ms/0.0draws), objects=6.28ms/60.1draws, procedural=0.00ms/0.0draws, entities=0.55ms/0.1draws, effects=0.16ms/2.0draws, weather=0.41ms/0.0draws, other=0.11ms], lighting=0.04/0.08, post=0.06/0.13, overlays=0.11/0.18, other=0.14]; gui=4.32/18.95ms [update=2.64/16.53 (minimap=1.58/15.35 [compact=1.58, fullmap=0.00/0.00], other=1.06), render=1.67/3.07, other=0.00]; finish=0.06/4.29ms; outside-update-draw=0.37ms; draws=200, maps=2, entities=22, lights=2
2026-07-18 07:35:11.205 +02:00 [INF] Client frame profile: measured=72.4fps counter=87 targetMode=-1; interval=13.82/33.30ms avg/max; update=0.25/4.50ms (1.00 calls/frame); draw=12.99/29.21ms; world=9.21/14.82ms [scene=8.82/14.27, scene-detail=[tiles=0.65ms/20.3draws (geometry=0.31ms/20.3draws, water=0.33ms/0.0draws), objects=6.80ms/60.1draws, procedural=0.00ms/0.0draws, entities=0.65ms/0.8draws, effects=0.17ms/2.0draws, weather=0.42ms/0.0draws, other=0.12ms], lighting=0.04/0.10, post=0.07/0.12, overlays=0.12/0.22, other=0.15]; gui=3.73/20.77ms [update=2.94/20.59 (minimap=1.77/19.38 [compact=1.77, fullmap=0.00/0.00], other=1.16), render=0.78/2.61, other=0.01]; finish=0.04/0.12ms; outside-update-draw=0.57ms; draws=101, maps=1, entities=22, lights=2
2026-07-18 07:35:16.228 +02:00 [INF] Client frame profile: measured=71.3fps counter=83 targetMode=-1; interval=14.03/448.82ms avg/max; update=0.16/5.24ms (1.00 calls/frame); draw=13.55/448.54ms; world=10.43/434.58ms [scene=10.07/433.96, scene-detail=[tiles=0.65ms/25.4draws (geometry=0.33ms/25.4draws, water=0.32ms/0.0draws), objects=7.89ms/65.9draws, procedural=0.00ms/0.0draws, entities=0.64ms/1.5draws, effects=0.15ms/2.0draws, weather=0.63ms/0.5draws, other=0.11ms], lighting=0.04/0.11, post=0.07/0.13, overlays=0.11/0.20, other=0.14]; gui=3.07/17.47ms [update=2.93/17.31 (minimap=1.84/16.14 [compact=1.84, fullmap=0.00/0.00], other=1.09), render=0.13/0.91, other=0.01]; finish=0.04/0.33ms; outside-update-draw=0.32ms; draws=125, maps=2, entities=22, lights=2
2026-07-18 07:35:21.261 +02:00 [INF] Client frame profile: measured=43.3fps counter=29 targetMode=-1; interval=23.08/61.72ms avg/max; update=0.20/1.84ms (1.00 calls/frame); draw=15.36/40.02ms; world=11.00/24.99ms [scene=10.59/24.51, scene-detail=[tiles=0.84ms/31.0draws (geometry=0.48ms/31.0draws, water=0.36ms/0.0draws), objects=8.39ms/72.0draws, procedural=0.00ms/0.0draws, entities=0.61ms/0.0draws, effects=0.18ms/2.0draws, weather=0.44ms/1.0draws, other=0.13ms], lighting=0.04/0.38, post=0.07/0.36, overlays=0.13/0.28, other=0.17]; gui=4.28/21.29ms [update=4.12/21.05 (minimap=2.92/19.71 [compact=2.92, fullmap=0.00/0.00], other=1.20), render=0.16/0.80, other=0.01]; finish=0.05/0.14ms; outside-update-draw=7.53ms; draws=130, maps=2, entities=22, lights=2
2026-07-18 07:35:26.295 +02:00 [INF] Client frame profile: measured=26.8fps counter=27 targetMode=-1; interval=37.29/51.25ms avg/max; update=0.25/0.51ms (1.00 calls/frame); draw=16.35/29.97ms; world=10.79/15.30ms [scene=10.39/14.85, scene-detail=[tiles=0.89ms/31.0draws (geometry=0.49ms/31.0draws, water=0.40ms/0.0draws), objects=8.21ms/72.0draws, procedural=0.00ms/0.0draws, entities=0.57ms/0.0draws, effects=0.16ms/2.0draws, weather=0.43ms/1.0draws, other=0.13ms], lighting=0.04/0.22, post=0.07/0.44, overlays=0.12/0.25, other=0.16]; gui=5.48/17.71ms [update=5.32/17.50 (minimap=4.15/16.23 [compact=4.15, fullmap=0.00/0.00], other=1.17), render=0.15/0.35, other=0.01]; finish=0.05/0.09ms; outside-update-draw=20.70ms; draws=125, maps=2, entities=22, lights=2
2026-07-18 07:35:31.301 +02:00 [INF] Client frame profile: measured=26.6fps counter=27 targetMode=-1; interval=37.63/53.73ms avg/max; update=0.34/11.20ms (1.00 calls/frame); draw=16.60/30.66ms; world=10.65/14.54ms [scene=10.24/14.22, scene-detail=[tiles=0.90ms/31.0draws (geometry=0.49ms/31.0draws, water=0.40ms/0.0draws), objects=8.02ms/72.0draws, procedural=0.00ms/0.0draws, entities=0.59ms/0.0draws, effects=0.18ms/2.0draws, weather=0.43ms/1.0draws, other=0.13ms], lighting=0.04/0.27, post=0.07/0.26, overlays=0.13/1.02, other=0.16]; gui=5.87/18.35ms [update=5.71/18.14 (minimap=4.54/16.86 [compact=4.54, fullmap=0.00/0.00], other=1.17), render=0.15/0.44, other=0.01]; finish=0.05/0.15ms; outside-update-draw=20.70ms; draws=129, maps=2, entities=22, lights=2
2026-07-18 07:35:36.311 +02:00 [INF] Client frame profile: measured=37.7fps counter=65 targetMode=-1; interval=26.51/52.08ms avg/max; update=0.23/1.38ms (1.00 calls/frame); draw=15.72/30.70ms; world=11.03/14.70ms [scene=10.61/14.20, scene-detail=[tiles=0.86ms/31.0draws (geometry=0.50ms/31.0draws, water=0.36ms/0.0draws), objects=8.33ms/72.0draws, procedural=0.00ms/0.0draws, entities=0.63ms/0.0draws, effects=0.19ms/2.0draws, weather=0.45ms/1.0draws, other=0.14ms], lighting=0.05/0.19, post=0.08/0.14, overlays=0.13/0.31, other=0.16]; gui=4.62/17.50ms [update=4.45/17.30 (minimap=3.23/15.98 [compact=3.23, fullmap=0.00/0.00], other=1.22), render=0.16/0.34, other=0.01]; finish=0.05/0.08ms; outside-update-draw=10.56ms; draws=125, maps=2, entities=22, lights=2
2026-07-18 07:35:41.313 +02:00 [INF] Client frame profile: measured=66.2fps counter=64 targetMode=-1; interval=15.11/30.28ms avg/max; update=0.17/0.47ms (1.00 calls/frame); draw=14.62/30.05ms; world=11.24/14.19ms [scene=10.84/13.75, scene-detail=[tiles=0.85ms/31.0draws (geometry=0.49ms/31.0draws, water=0.37ms/0.0draws), objects=8.52ms/72.0draws, procedural=0.00ms/0.0draws, entities=0.72ms/1.9draws, effects=0.17ms/2.0draws, weather=0.45ms/1.0draws, other=0.13ms], lighting=0.04/0.11, post=0.08/0.15, overlays=0.13/0.33, other=0.15]; gui=3.31/17.21ms [update=3.14/17.04 (minimap=1.92/15.86 [compact=1.92, fullmap=0.00/0.00], other=1.22), render=0.16/0.32, other=0.01]; finish=0.05/0.10ms; outside-update-draw=0.33ms; draws=127, maps=2, entities=22, lights=2
2026-07-18 07:35:45.605 +02:00 [INF] System window closing (due to user interaction most likely).
2026-07-18 07:35:45.608 +02:00 [INF] Disconnected [b599bb05-cc1d-4b4c-a3e8-97659bcbafa5].
2026-07-18 07:35:45.609 +02:00 [INF] Updating active permission set to 'default'
2026-07-18 07:35:45.660 +02:00 [INF] Acquiring context lock... (0ms)
2026-07-18 07:35:45.660 +02:00 [INF] Acquired. (0ms)
2026-07-18 07:35:45.661 +02:00 [INF] Beginning context dispose. (0ms)
2026-07-18 07:35:45.662 +02:00 [INF] GC.SuppressFinalize (0ms)
2026-07-18 07:35:45.662 +02:00 [INF] InternalDispose() completed. (0ms)
2026-07-18 07:35:45.662 +02:00 [INF] Clearing instance... (1ms)
2026-07-18 07:35:45.662 +02:00 [INF] Releasing context lock... (1ms)
2026-07-18 07:35:45.662 +02:00 [INF] Released. (1ms)
