2026-03-19 18:15:44.441 +01:00 [INF] Starting Intersect Client v0.8.0.0-custom+32d39132dace1351f63375b261f241297dd35be8-dirty
2026-03-19 18:15:44.698 +01:00 [INF] Discovered service type: Intersect.Plugins.PluginService
2026-03-19 18:15:44.706 +01:00 [WRN] Directory was specified as a plugin directory but does not exist: 'resources\plugins'
2026-03-19 18:15:44.707 +01:00 [INF] Discovered 0 plugins:

2026-03-19 18:15:48.521 +01:00 [INF] Connecting to 127.0.0.1:5400...
2026-03-19 18:15:48.544 +01:00 [INF] Connected [3cdde6f7-6458-4a28-a2bc-21e1a3893e5f].
2026-03-19 18:15:48.570 +01:00 [INF] Connection approved [3cdde6f7-6458-4a28-a2bc-21e1a3893e5f].
2026-03-19 18:15:48.663 +01:00 [INF] Updated PermissionSet 'default'
2026-03-19 18:15:49.890 +01:00 [INF] Updated PermissionSet 'admin'
2026-03-19 18:15:49.890 +01:00 [INF] Updating active permission set to 'admin'
2026-03-19 18:15:50.048 +01:00 [WRN] Unable to add '_buttonLogout' to the JSON of MainMenu.SelectCharacterWindow._innerPanel._buttonsPanel because a sibling shares the same name
2026-03-19 18:15:51.012 +01:00 [WRN] 'Me' is null.
2026-03-19 18:15:51.484 +01:00 [INF] Built VBO for map a9f5fb5f-a2e8-421b-9906-03dae4b6224a 'New Map' in 15.4016ms
2026-03-19 18:17:13.759 +01:00 [INF] System window closing (due to user interaction most likely).
2026-03-19 18:17:13.762 +01:00 [INF] Disconnected [3cdde6f7-6458-4a28-a2bc-21e1a3893e5f].
2026-03-19 18:17:13.763 +01:00 [INF] Updating active permission set to 'default'
2026-03-19 18:17:13.851 +01:00 [INF] Acquiring context lock... (0ms)
2026-03-19 18:17:13.851 +01:00 [INF] Acquired. (0ms)
2026-03-19 18:17:13.851 +01:00 [INF] Beginning context dispose. (0ms)
2026-03-19 18:17:13.852 +01:00 [INF] GC.SuppressFinalize (0ms)
2026-03-19 18:17:13.852 +01:00 [INF] InternalDispose() completed. (0ms)
2026-03-19 18:17:13.852 +01:00 [INF] Clearing instance... (1ms)
2026-03-19 18:17:13.852 +01:00 [INF] Releasing context lock... (1ms)
2026-03-19 18:17:13.852 +01:00 [INF] Released. (1ms)
