2026-04-18 11:34:19.760 +06:00 [INF] Starting Intersect Client v0.8.0.0-custom+32d39132dace1351f63375b261f241297dd35be8-dirty
2026-04-18 11:34:19.960 +06:00 [INF] Discovered service type: Intersect.Plugins.PluginService
2026-04-18 11:34:19.964 +06:00 [WRN] Directory was specified as a plugin directory but does not exist: 'resources\plugins'
2026-04-18 11:34:19.965 +06:00 [INF] Discovered 0 plugins:

2026-04-18 11:34:21.968 +06:00 [INF] Connecting to 127.0.0.1:5400...
2026-04-18 11:34:21.976 +06:00 [INF] Connected [e110c8d6-712e-47d1-b30e-07445f7b5179].
2026-04-18 11:34:21.986 +06:00 [INF] Connection approved [e110c8d6-712e-47d1-b30e-07445f7b5179].
2026-04-18 11:34:22.066 +06:00 [INF] Updated PermissionSet 'default'
2026-04-18 11:34:22.066 +06:00 [INF] Updated PermissionSet 'admin'
2026-04-18 11:34:29.288 +06:00 [INF] Updating active permission set to 'admin'
2026-04-18 11:34:29.335 +06:00 [WRN] Unable to add '_buttonLogout' to the JSON of MainMenu.SelectCharacterWindow._innerPanel._buttonsPanel because a sibling shares the same name
2026-04-18 11:34:30.413 +06:00 [WRN] 'Me' is null.
2026-04-18 11:34:30.911 +06:00 [INF] Built VBO for map 411179b7-b772-42ef-bf66-03b7e4d7dca8 'test 5' in 12.4946ms
2026-04-18 11:34:30.923 +06:00 [INF] Built VBO for map 23630ac6-4461-460d-8a3b-9a0d4477096f 'test 8' in 8.095ms
2026-04-18 11:34:30.945 +06:00 [ERR] Exception thrown while trying to load 'resources/tilesets/pixellab-pixel-art-asset-sheet-featurin-1775656194302.png'
System.IO.FileNotFoundException: Could not find file 'F:\game code engine\Intersect_New\Intersect.Client\resources\tilesets\pixellab-pixel-art-asset-sheet-featurin-1775656194302.png'.
File name: 'F:\game code engine\Intersect_New\Intersect.Client\resources\tilesets\pixellab-pixel-art-asset-sheet-featurin-1775656194302.png'
   at Microsoft.Win32.SafeHandles.SafeFileHandle.CreateFile(String fullPath, FileMode mode, FileAccess access, FileShare share, FileOptions options)
   at Microsoft.Win32.SafeHandles.SafeFileHandle.Open(String fullPath, FileMode mode, FileAccess access, FileShare share, FileOptions options, Int64 preallocationSize, Nullable`1 unixCreateMode)
   at System.IO.Strategies.OSFileStreamStrategy..ctor(String path, FileMode mode, FileAccess access, FileShare share, FileOptions options, Int64 preallocationSize, Nullable`1 unixCreateMode)
   at System.IO.Strategies.FileStreamHelpers.ChooseStrategyCore(String path, FileMode mode, FileAccess access, FileShare share, FileOptions options, Int64 preallocationSize, Nullable`1 unixCreateMode)
   at System.IO.File.OpenRead(String path)
   at Intersect.Client.Framework.Graphics.GameRenderer.<>c__DisplayClass145_0.<LoadTexture>b__0() in F:\game code engine\Intersect_New\Intersect.Client.Framework\Graphics\GameRenderer.cs:line 648
   at Intersect.Client.Framework.Graphics.GameTexture`2.LoadPlatformTexture(Boolean force) in F:\game code engine\Intersect_New\Intersect.Client.Framework\Graphics\GameTexture.cs:line 279
2026-04-18 11:34:30.968 +06:00 [INF] Built VBO for map 73ba8458-f8de-4f78-a254-c91b18418ed0 'forest' in 44.1297ms
2026-04-18 11:35:31.332 +06:00 [INF] Built VBO for map 850ddb26-5568-4376-b8e0-346c04cb81ef 'forest' in 24.6592ms
2026-04-18 11:36:28.985 +06:00 [INF] System window closing (due to user interaction most likely).
2026-04-18 11:36:28.988 +06:00 [INF] Disconnected [e110c8d6-712e-47d1-b30e-07445f7b5179].
2026-04-18 11:36:28.988 +06:00 [INF] Updating active permission set to 'default'
2026-04-18 11:36:29.010 +06:00 [INF] Acquiring context lock... (0ms)
2026-04-18 11:36:29.010 +06:00 [INF] Acquired. (0ms)
2026-04-18 11:36:29.011 +06:00 [INF] Beginning context dispose. (0ms)
2026-04-18 11:36:29.011 +06:00 [INF] GC.SuppressFinalize (0ms)
2026-04-18 11:36:29.011 +06:00 [INF] InternalDispose() completed. (0ms)
2026-04-18 11:36:29.011 +06:00 [INF] Clearing instance... (1ms)
2026-04-18 11:36:29.011 +06:00 [INF] Releasing context lock... (1ms)
2026-04-18 11:36:29.011 +06:00 [INF] Released. (1ms)
