2026-03-19 15:28:09.877 +01:00 [INF] Starting Intersect Client v0.8.0.0-custom+32d39132dace1351f63375b261f241297dd35be8-dirty
2026-03-19 15:28:10.123 +01:00 [INF] Discovered service type: Intersect.Plugins.PluginService
2026-03-19 15:28:10.130 +01:00 [WRN] Directory was specified as a plugin directory but does not exist: 'resources\plugins'
2026-03-19 15:28:10.131 +01:00 [INF] Discovered 0 plugins:

2026-03-19 15:28:12.367 +01:00 [INF] Connecting to 127.0.0.1:5400...
2026-03-19 15:28:12.388 +01:00 [INF] Connected [75212e54-587d-441c-a849-1dd9334a920c].
2026-03-19 15:28:12.407 +01:00 [INF] Connection approved [75212e54-587d-441c-a849-1dd9334a920c].
2026-03-19 15:28:12.487 +01:00 [INF] Updated PermissionSet 'default'
2026-03-19 15:28:13.649 +01:00 [INF] Updated PermissionSet 'admin'
2026-03-19 15:28:13.650 +01:00 [INF] Updating active permission set to 'admin'
2026-03-19 15:28:13.796 +01:00 [WRN] Unable to add '_buttonLogout' to the JSON of MainMenu.SelectCharacterWindow._innerPanel._buttonsPanel because a sibling shares the same name
2026-03-19 15:28:15.092 +01:00 [WRN] 'Me' is null.
2026-03-19 15:28:15.552 +01:00 [INF] Built VBO for map a9f5fb5f-a2e8-421b-9906-03dae4b6224a 'New Map' in 15.3013ms
2026-03-19 15:29:22.703 +01:00 [INF] System window closing (due to user interaction most likely).
2026-03-19 15:29:22.706 +01:00 [INF] Disconnected [75212e54-587d-441c-a849-1dd9334a920c].
2026-03-19 15:29:22.707 +01:00 [INF] Updating active permission set to 'default'
2026-03-19 15:29:22.734 +01:00 [INF] Acquiring context lock... (0ms)
2026-03-19 15:29:22.734 +01:00 [INF] Acquired. (0ms)
2026-03-19 15:29:22.735 +01:00 [INF] Beginning context dispose. (0ms)
2026-03-19 15:29:22.735 +01:00 [INF] GC.SuppressFinalize (0ms)
2026-03-19 15:29:22.735 +01:00 [INF] InternalDispose() completed. (0ms)
2026-03-19 15:29:22.735 +01:00 [INF] Clearing instance... (1ms)
2026-03-19 15:29:22.735 +01:00 [INF] Releasing context lock... (1ms)
2026-03-19 15:29:22.735 +01:00 [INF] Released. (1ms)
