2026-05-15 06:10:54.904 +02:00 [INF] Starting Intersect Client v0.8.0.0-custom+32d39132dace1351f63375b261f241297dd35be8-dirty
2026-05-15 06:10:55.128 +02:00 [INF] Discovered service type: Intersect.Plugins.PluginService
2026-05-15 06:10:55.132 +02:00 [WRN] Directory was specified as a plugin directory but does not exist: 'resources\plugins'
2026-05-15 06:10:55.133 +02:00 [INF] Discovered 0 plugins:

2026-05-15 06:10:57.323 +02:00 [INF] Connecting to 127.0.0.1:5400...
2026-05-15 06:10:57.346 +02:00 [INF] Connected [95348e28-e771-4196-b216-26da93b7bc13].
2026-05-15 06:10:57.360 +02:00 [INF] Connection approved [95348e28-e771-4196-b216-26da93b7bc13].
2026-05-15 06:10:57.475 +02:00 [INF] Updated PermissionSet 'default'
2026-05-15 06:11:03.484 +02:00 [INF] Updated PermissionSet 'admin'
2026-05-15 06:11:03.485 +02:00 [INF] Updating active permission set to 'admin'
2026-05-15 06:11:04.142 +02:00 [WRN] 'Me' is null.
2026-05-15 06:11:04.883 +02:00 [INF] Built VBO for map 24cc8989-0a45-4ecb-bf58-41efcefcaeb8 'Test' in 24.9162ms
2026-05-15 06:15:52.698 +02:00 [INF] Built VBO for map 27c6a7b2-4e9f-4316-9a0f-e13ec8e16ba2 'Forest' in 29.7148ms
2026-05-15 06:17:24.996 +02:00 [INF] Built VBO for map 27c6a7b2-4e9f-4316-9a0f-e13ec8e16ba2 'Forest' in 6.7047ms
2026-05-15 06:17:36.396 +02:00 [INF] Built VBO for map 27c6a7b2-4e9f-4316-9a0f-e13ec8e16ba2 'Forest' in 4.4029ms
2026-05-15 06:18:28.832 +02:00 [INF] Built VBO for map 27c6a7b2-4e9f-4316-9a0f-e13ec8e16ba2 'Forest' in 4.5683ms
2026-05-15 06:19:00.029 +02:00 [INF] Built VBO for map 27c6a7b2-4e9f-4316-9a0f-e13ec8e16ba2 'Forest' in 5.0902ms
2026-05-15 06:19:19.993 +02:00 [INF] Built VBO for map 27c6a7b2-4e9f-4316-9a0f-e13ec8e16ba2 'Forest' in 4.7335ms
2026-05-15 06:19:34.385 +02:00 [INF] Built VBO for map a31f210c-f5fb-48bf-9db2-45fab2293a4c 'Forest' in 11.0323ms
2026-05-15 06:22:06.700 +02:00 [INF] Built VBO for map 24cc8989-0a45-4ecb-bf58-41efcefcaeb8 'Test' in 3.6404ms
2026-05-15 06:22:06.738 +02:00 [INF] Built VBO for map 24cc8989-0a45-4ecb-bf58-41efcefcaeb8 'Test' in 4.3769ms
2026-05-15 06:22:16.692 +02:00 [INF] Built VBO for map a31f210c-f5fb-48bf-9db2-45fab2293a4c 'Forest' in 9.5848ms
2026-05-15 06:22:17.929 +02:00 [INF] Built VBO for map 27c6a7b2-4e9f-4316-9a0f-e13ec8e16ba2 'Forest' in 6.4622ms
2026-05-15 06:23:07.868 +02:00 [INF] Built VBO for map 24cc8989-0a45-4ecb-bf58-41efcefcaeb8 'Test' in 4.2856ms
2026-05-15 06:23:07.907 +02:00 [INF] Built VBO for map 24cc8989-0a45-4ecb-bf58-41efcefcaeb8 'Test' in 5.9807ms
2026-05-15 06:23:28.276 +02:00 [INF] Built VBO for map 27c6a7b2-4e9f-4316-9a0f-e13ec8e16ba2 'Forest' in 5.5632ms
2026-05-15 06:23:28.315 +02:00 [INF] Built VBO for map 27c6a7b2-4e9f-4316-9a0f-e13ec8e16ba2 'Forest' in 3.8489ms
2026-05-15 06:24:11.932 +02:00 [INF] Built VBO for map 27c6a7b2-4e9f-4316-9a0f-e13ec8e16ba2 'Forest' in 5.3414ms
2026-05-15 06:26:11.922 +02:00 [INF] Built VBO for map 27c6a7b2-4e9f-4316-9a0f-e13ec8e16ba2 'Forest' in 3.7974ms
2026-05-15 06:27:05.785 +02:00 [INF] Built VBO for map 27c6a7b2-4e9f-4316-9a0f-e13ec8e16ba2 'Forest' in 5.6756ms
2026-05-15 06:27:49.576 +02:00 [INF] Built VBO for map 27c6a7b2-4e9f-4316-9a0f-e13ec8e16ba2 'Forest' in 4.5506ms
2026-05-15 06:28:13.458 +02:00 [INF] Built VBO for map 27c6a7b2-4e9f-4316-9a0f-e13ec8e16ba2 'Forest' in 6.6278ms
2026-05-15 06:28:25.805 +02:00 [INF] Built VBO for map 27c6a7b2-4e9f-4316-9a0f-e13ec8e16ba2 'Forest' in 4.8179ms
2026-05-15 06:28:47.557 +02:00 [INF] Built VBO for map 27c6a7b2-4e9f-4316-9a0f-e13ec8e16ba2 'Forest' in 5.3861ms
2026-05-15 06:29:31.545 +02:00 [INF] Built VBO for map 27c6a7b2-4e9f-4316-9a0f-e13ec8e16ba2 'Forest' in 4.7807ms
2026-05-15 06:29:40.380 +02:00 [INF] Built VBO for map 27c6a7b2-4e9f-4316-9a0f-e13ec8e16ba2 'Forest' in 4.7639ms
2026-05-15 06:30:51.136 +02:00 [INF] System window closing (due to user interaction most likely).
2026-05-15 06:30:51.140 +02:00 [INF] Disconnected [95348e28-e771-4196-b216-26da93b7bc13].
2026-05-15 06:30:51.140 +02:00 [INF] Updating active permission set to 'default'
2026-05-15 06:30:51.189 +02:00 [INF] Acquiring context lock... (0ms)
2026-05-15 06:30:51.189 +02:00 [INF] Acquired. (0ms)
2026-05-15 06:30:51.190 +02:00 [INF] Beginning context dispose. (0ms)
2026-05-15 06:30:51.190 +02:00 [INF] GC.SuppressFinalize (0ms)
2026-05-15 06:30:51.190 +02:00 [INF] InternalDispose() completed. (0ms)
2026-05-15 06:30:51.190 +02:00 [INF] Clearing instance... (1ms)
2026-05-15 06:30:51.190 +02:00 [INF] Releasing context lock... (1ms)
2026-05-15 06:30:51.190 +02:00 [INF] Released. (1ms)
