2026-04-29 18:32:45.529 +06:00 [INF] Starting Intersect Client v0.8.0.0-custom+32d39132dace1351f63375b261f241297dd35be8-dirty
2026-04-29 18:32:45.726 +06:00 [INF] Discovered service type: Intersect.Plugins.PluginService
2026-04-29 18:32:45.730 +06:00 [WRN] Directory was specified as a plugin directory but does not exist: 'resources\plugins'
2026-04-29 18:32:45.731 +06:00 [INF] Discovered 0 plugins:

2026-04-29 18:32:48.123 +06:00 [INF] Connecting to 127.0.0.1:5400...
2026-04-29 18:32:48.146 +06:00 [INF] Connected [ee576890-bd56-41f6-b5e0-a81bd839df5c].
2026-04-29 18:32:48.170 +06:00 [INF] Connection approved [ee576890-bd56-41f6-b5e0-a81bd839df5c].
2026-04-29 18:32:48.278 +06:00 [INF] Updated PermissionSet 'default'
2026-04-29 18:32:54.611 +06:00 [INF] Updated PermissionSet 'admin'
2026-04-29 18:32:54.611 +06:00 [INF] Updating active permission set to 'admin'
2026-04-29 18:32:55.517 +06:00 [WRN] 'Me' is null.
2026-04-29 18:32:56.114 +06:00 [INF] Built VBO for map 27c6a7b2-4e9f-4316-9a0f-e13ec8e16ba2 'Forest' in 9.5178ms
2026-04-29 18:34:48.583 +06:00 [INF] System window closing (due to user interaction most likely).
2026-04-29 18:34:48.586 +06:00 [INF] Disconnected [ee576890-bd56-41f6-b5e0-a81bd839df5c].
2026-04-29 18:34:48.587 +06:00 [INF] Updating active permission set to 'default'
2026-04-29 18:34:48.620 +06:00 [INF] Acquiring context lock... (0ms)
2026-04-29 18:34:48.620 +06:00 [INF] Acquired. (0ms)
2026-04-29 18:34:48.621 +06:00 [INF] Beginning context dispose. (0ms)
2026-04-29 18:34:48.621 +06:00 [INF] GC.SuppressFinalize (0ms)
2026-04-29 18:34:48.621 +06:00 [INF] InternalDispose() completed. (0ms)
2026-04-29 18:34:48.621 +06:00 [INF] Clearing instance... (1ms)
2026-04-29 18:34:48.621 +06:00 [INF] Releasing context lock... (1ms)
2026-04-29 18:34:48.621 +06:00 [INF] Released. (1ms)
