2026-04-14 12:01:57.507 +06:00 [INF] Starting Intersect Client v0.8.0.0-custom+32d39132dace1351f63375b261f241297dd35be8-dirty
2026-04-14 12:01:57.863 +06:00 [INF] Discovered service type: Intersect.Plugins.PluginService
2026-04-14 12:01:57.872 +06:00 [WRN] Directory was specified as a plugin directory but does not exist: 'resources\plugins'
2026-04-14 12:01:57.873 +06:00 [INF] Discovered 0 plugins:

2026-04-14 12:02:00.127 +06:00 [INF] Connecting to 127.0.0.1:5400...
2026-04-14 12:02:00.151 +06:00 [INF] Connected [af9f21f2-f8d7-4c37-8086-79f3824cdf7e].
2026-04-14 12:02:00.172 +06:00 [INF] Connection approved [af9f21f2-f8d7-4c37-8086-79f3824cdf7e].
2026-04-14 12:02:00.263 +06:00 [INF] Updated PermissionSet 'default'
2026-04-14 12:02:04.033 +06:00 [INF] Updated PermissionSet 'admin'
2026-04-14 12:02:04.034 +06:00 [INF] Updating active permission set to 'admin'
2026-04-14 12:02:04.165 +06:00 [WRN] Unable to add '_buttonLogout' to the JSON of MainMenu.SelectCharacterWindow._innerPanel._buttonsPanel because a sibling shares the same name
2026-04-14 12:02:06.823 +06:00 [WRN] 'Me' is null.
2026-04-14 12:02:07.429 +06:00 [INF] Built VBO for map 73ba8458-f8de-4f78-a254-c91b18418ed0 'test 3' in 56.7237ms
2026-04-14 12:02:07.439 +06:00 [INF] Built VBO for map 27c6a7b2-4e9f-4316-9a0f-e13ec8e16ba2 'New Map' in 4.4572ms
2026-04-14 12:06:07.089 +06:00 [INF] Built VBO for map 23630ac6-4461-460d-8a3b-9a0d4477096f 'test 8' in 7.6365ms
2026-04-14 12:06:24.936 +06:00 [INF] System window closing (due to user interaction most likely).
2026-04-14 12:06:24.939 +06:00 [INF] Disconnected [af9f21f2-f8d7-4c37-8086-79f3824cdf7e].
2026-04-14 12:06:24.939 +06:00 [INF] Updating active permission set to 'default'
2026-04-14 12:06:24.973 +06:00 [INF] Acquiring context lock... (0ms)
2026-04-14 12:06:24.973 +06:00 [INF] Acquired. (0ms)
2026-04-14 12:06:24.974 +06:00 [INF] Beginning context dispose. (0ms)
2026-04-14 12:06:24.974 +06:00 [INF] GC.SuppressFinalize (0ms)
2026-04-14 12:06:24.974 +06:00 [INF] InternalDispose() completed. (0ms)
2026-04-14 12:06:24.974 +06:00 [INF] Clearing instance... (1ms)
2026-04-14 12:06:24.974 +06:00 [INF] Releasing context lock... (1ms)
2026-04-14 12:06:24.974 +06:00 [INF] Released. (1ms)
