2026-04-06 03:57:58.039 +06:00 [INF] Starting Intersect Client v0.8.0.0-custom+32d39132dace1351f63375b261f241297dd35be8-dirty
2026-04-06 03:57:58.235 +06:00 [INF] Discovered service type: Intersect.Plugins.PluginService
2026-04-06 03:57:58.238 +06:00 [WRN] Directory was specified as a plugin directory but does not exist: 'resources\plugins'
2026-04-06 03:57:58.239 +06:00 [INF] Discovered 0 plugins:

2026-04-06 03:58:00.357 +06:00 [INF] Connecting to 127.0.0.1:5400...
2026-04-06 03:58:00.364 +06:00 [INF] Connected [b9eefaa6-e03f-4df5-936c-b2829c3e3c1a].
2026-04-06 03:58:00.375 +06:00 [INF] Connection approved [b9eefaa6-e03f-4df5-936c-b2829c3e3c1a].
2026-04-06 03:58:00.458 +06:00 [INF] Updated PermissionSet 'default'
2026-04-06 03:58:00.458 +06:00 [INF] Updated PermissionSet 'admin'
2026-04-06 03:58:09.973 +06:00 [WRN] Unable to add '_buttonLogout' to the JSON of MainMenu.SelectCharacterWindow._innerPanel._buttonsPanel because a sibling shares the same name
2026-04-06 03:58:11.907 +06:00 [WRN] 'Me' is null.
2026-04-06 03:58:12.431 +06:00 [INF] Built VBO for map 73ba8458-f8de-4f78-a254-c91b18418ed0 'forest' in 16.0725ms
2026-04-06 03:58:12.439 +06:00 [INF] Built VBO for map 850ddb26-5568-4376-b8e0-346c04cb81ef 'forest' in 3.9653ms
2026-04-06 03:58:12.446 +06:00 [INF] Built VBO for map 27c6a7b2-4e9f-4316-9a0f-e13ec8e16ba2 'New Map' in 6.5381ms
2026-04-06 04:00:53.921 +06:00 [INF] Built VBO for map 411179b7-b772-42ef-bf66-03b7e4d7dca8 'test 5' in 5.7466ms
2026-04-06 04:00:57.853 +06:00 [INF] Music volume set to 10 from InGame..SettingsWindow._innerPanel._tabs._innerPanel._audioSettingsTab._scrollPanel._musicSlider._slider
2026-04-06 04:00:57.853 +06:00 [INF] Sound volume set to 15 from InGame..SettingsWindow._innerPanel._tabs._innerPanel._audioSettingsTab._scrollPanel._soundEffectsSlider._slider
2026-04-06 04:01:09.148 +06:00 [INF] System window closing (due to user interaction most likely).
2026-04-06 04:01:09.151 +06:00 [INF] Disconnected [b9eefaa6-e03f-4df5-936c-b2829c3e3c1a].
2026-04-06 04:01:09.262 +06:00 [INF] Acquiring context lock... (0ms)
2026-04-06 04:01:09.263 +06:00 [INF] Acquired. (0ms)
2026-04-06 04:01:09.263 +06:00 [INF] Beginning context dispose. (0ms)
2026-04-06 04:01:09.264 +06:00 [INF] GC.SuppressFinalize (0ms)
2026-04-06 04:01:09.264 +06:00 [INF] InternalDispose() completed. (0ms)
2026-04-06 04:01:09.264 +06:00 [INF] Clearing instance... (1ms)
2026-04-06 04:01:09.264 +06:00 [INF] Releasing context lock... (1ms)
2026-04-06 04:01:09.264 +06:00 [INF] Released. (1ms)
