2026-05-17 04:51:13.811 +02:00 [INF] Starting Intersect Client v0.8.0.0-custom+32d39132dace1351f63375b261f241297dd35be8-dirty
2026-05-17 04:51:14.060 +02:00 [INF] Discovered service type: Intersect.Plugins.PluginService
2026-05-17 04:51:14.063 +02:00 [WRN] Directory was specified as a plugin directory but does not exist: 'resources\plugins'
2026-05-17 04:51:14.064 +02:00 [INF] Discovered 0 plugins:

2026-05-17 04:51:19.687 +02:00 [INF] Connecting to 95.156.227.207:5400...
2026-05-17 04:51:19.814 +02:00 [INF] Connected [f9e45f8c-beb7-4a79-98b3-b5e4164a57f5].
2026-05-17 04:51:19.887 +02:00 [INF] Connection approved [f9e45f8c-beb7-4a79-98b3-b5e4164a57f5].
2026-05-17 04:51:20.058 +02:00 [INF] Updated PermissionSet 'default'
2026-05-17 04:51:25.361 +02:00 [INF] Updated PermissionSet 'admin'
2026-05-17 04:51:25.362 +02:00 [INF] Updating active permission set to 'admin'
2026-05-17 04:51:28.086 +02:00 [WRN] 'Me' is null.
2026-05-17 04:51:29.179 +02:00 [INF] Built VBO for map 27c6a7b2-4e9f-4316-9a0f-e13ec8e16ba2 'Forest' in 29.3469ms
2026-05-17 04:52:37.692 +02:00 [INF] Built VBO for map a31f210c-f5fb-48bf-9db2-45fab2293a4c 'Forest' in 12.2186ms
2026-05-17 04:52:54.229 +02:00 [INF] Built VBO for map e341d25d-5ff4-4cd6-bcd5-2f2cda710c86 'Forest' in 7.0777ms
2026-05-17 04:53:17.537 +02:00 [INF] Built VBO for map 27c6a7b2-4e9f-4316-9a0f-e13ec8e16ba2 'Forest' in 4.5289ms
2026-05-17 04:53:58.752 +02:00 [INF] System window closing (due to user interaction most likely).
2026-05-17 04:53:58.755 +02:00 [INF] Disconnected [f9e45f8c-beb7-4a79-98b3-b5e4164a57f5].
2026-05-17 04:53:58.756 +02:00 [INF] Updating active permission set to 'default'
2026-05-17 04:53:58.778 +02:00 [INF] Acquiring context lock... (0ms)
2026-05-17 04:53:58.778 +02:00 [INF] Acquired. (0ms)
2026-05-17 04:53:58.779 +02:00 [INF] Beginning context dispose. (0ms)
2026-05-17 04:53:58.779 +02:00 [INF] GC.SuppressFinalize (0ms)
2026-05-17 04:53:58.779 +02:00 [INF] InternalDispose() completed. (0ms)
2026-05-17 04:53:58.779 +02:00 [INF] Clearing instance... (1ms)
2026-05-17 04:53:58.779 +02:00 [INF] Releasing context lock... (1ms)
2026-05-17 04:53:58.779 +02:00 [INF] Released. (1ms)
