2026-07-10 14:19:45.322 +02:00 [INF] Starting Intersect Client v0.8.0.0-custom+32d39132dace1351f63375b261f241297dd35be8-dirty
2026-07-10 14:19:45.557 +02:00 [INF] Discovered service type: Intersect.Plugins.PluginService
2026-07-10 14:19:45.560 +02:00 [WRN] Directory was specified as a plugin directory but does not exist: 'resources\plugins'
2026-07-10 14:19:45.561 +02:00 [INF] Discovered 0 plugins:

2026-07-10 14:19:48.241 +02:00 [INF] Connecting to 127.0.0.1:5400...
2026-07-10 14:19:48.266 +02:00 [INF] Connected [64c3ca61-ed93-4968-8dae-acc0e95304db].
2026-07-10 14:19:48.305 +02:00 [INF] Connection approved [64c3ca61-ed93-4968-8dae-acc0e95304db].
2026-07-10 14:19:48.412 +02:00 [INF] Updated PermissionSet 'default'
2026-07-10 14:19:57.282 +02:00 [INF] Updated PermissionSet 'admin'
2026-07-10 14:19:57.282 +02:00 [INF] Updating active permission set to 'admin'
2026-07-10 14:20:04.308 +02:00 [WRN] 'Me' is null.
2026-07-10 14:20:05.372 +02:00 [INF] Built VBO for map 15601ad4-9f26-4abe-a6c9-3a7eebaa3045 'Forest' in 33.1469ms
2026-07-10 14:20:05.384 +02:00 [INF] Built VBO for map d490222a-af25-4a7f-bec3-7ca8016e08d7 'New Map' in 11.6434ms
2026-07-10 14:20:05.397 +02:00 [INF] Built VBO for map 000bacda-f0e9-4a92-ab09-e55bd4ad15c1 'New Map' in 8.9885ms
2026-07-10 14:20:05.504 +02:00 [ERR] Exception thrown while trying to load 'resources/tilesets/water_shore_marker.png'
System.IO.FileNotFoundException: Could not find file 'F:\game code engine\Intersect_New\Intersect.Client\resources\tilesets\water_shore_marker.png'.
File name: 'F:\game code engine\Intersect_New\Intersect.Client\resources\tilesets\water_shore_marker.png'
   at Microsoft.Win32.SafeHandles.SafeFileHandle.CreateFile(String fullPath, FileMode mode, FileAccess access, FileShare share, FileOptions options)
   at Microsoft.Win32.SafeHandles.SafeFileHandle.Open(String fullPath, FileMode mode, FileAccess access, FileShare share, FileOptions options, Int64 preallocationSize, Nullable`1 unixCreateMode)
   at System.IO.Strategies.OSFileStreamStrategy..ctor(String path, FileMode mode, FileAccess access, FileShare share, FileOptions options, Int64 preallocationSize, Nullable`1 unixCreateMode)
   at System.IO.File.OpenRead(String path)
   at Intersect.Client.Framework.Graphics.GameRenderer.<>c__DisplayClass182_0.<LoadTexture>b__0() in F:\game code engine\Intersect_New\Intersect.Client.Framework\Graphics\GameRenderer.cs:line 1027
   at Intersect.Client.Framework.Graphics.GameTexture`2.LoadPlatformTexture(Boolean force) in F:\game code engine\Intersect_New\Intersect.Client.Framework\Graphics\GameTexture.cs:line 279
2026-07-10 14:20:05.506 +02:00 [INF] Built VBO for map 27c6a7b2-4e9f-4316-9a0f-e13ec8e16ba2 'Forest' in 107.6346ms
2026-07-10 14:20:05.540 +02:00 [INF] Built VBO for map e341d25d-5ff4-4cd6-bcd5-2f2cda710c86 'Greenfall Vale' in 31.5002ms
2026-07-10 14:20:05.551 +02:00 [INF] Built VBO for map f519d3ea-b6f4-4b17-b87a-1dcf003cd3ec 'New Map' in 10.5329ms
2026-07-10 14:20:44.794 +02:00 [WRN] 'Me' is null.
2026-07-10 14:20:44.794 +02:00 [WRN] 'Me' is null.
2026-07-10 14:20:44.794 +02:00 [WRN] 'Me' is null.
2026-07-10 14:20:44.794 +02:00 [WRN] 'Me' is null.
2026-07-10 14:20:44.794 +02:00 [WRN] 'Me' is null.
2026-07-10 14:20:44.794 +02:00 [WRN] 'Me' is null.
2026-07-10 14:20:44.794 +02:00 [WRN] 'Me' is null.
2026-07-10 14:20:44.794 +02:00 [WRN] 'Me' is null.
2026-07-10 14:20:44.794 +02:00 [WRN] 'Me' is null.
2026-07-10 14:20:49.197 +02:00 [WRN] 'Me' is null.
2026-07-10 14:20:49.724 +02:00 [INF] Built VBO for map 15601ad4-9f26-4abe-a6c9-3a7eebaa3045 'Forest' in 7.5054ms
2026-07-10 14:20:49.732 +02:00 [INF] Built VBO for map d490222a-af25-4a7f-bec3-7ca8016e08d7 'New Map' in 7.2375ms
2026-07-10 14:20:49.741 +02:00 [INF] Built VBO for map 000bacda-f0e9-4a92-ab09-e55bd4ad15c1 'New Map' in 6.3679ms
2026-07-10 14:20:49.783 +02:00 [INF] Built VBO for map 27c6a7b2-4e9f-4316-9a0f-e13ec8e16ba2 'Forest' in 41.3824ms
2026-07-10 14:20:49.794 +02:00 [INF] Built VBO for map e341d25d-5ff4-4cd6-bcd5-2f2cda710c86 'Greenfall Vale' in 9.385ms
2026-07-10 14:20:49.801 +02:00 [INF] Built VBO for map f519d3ea-b6f4-4b17-b87a-1dcf003cd3ec 'New Map' in 6.5166ms
2026-07-10 14:22:15.498 +02:00 [INF] System window closing (due to user interaction most likely).
2026-07-10 14:22:15.501 +02:00 [INF] Disconnected [64c3ca61-ed93-4968-8dae-acc0e95304db].
2026-07-10 14:22:15.502 +02:00 [INF] Updating active permission set to 'default'
2026-07-10 14:22:15.555 +02:00 [INF] Acquiring context lock... (0ms)
2026-07-10 14:22:15.555 +02:00 [INF] Acquired. (0ms)
2026-07-10 14:22:15.556 +02:00 [INF] Beginning context dispose. (0ms)
2026-07-10 14:22:15.556 +02:00 [INF] GC.SuppressFinalize (0ms)
2026-07-10 14:22:15.556 +02:00 [INF] InternalDispose() completed. (0ms)
2026-07-10 14:22:15.556 +02:00 [INF] Clearing instance... (1ms)
2026-07-10 14:22:15.557 +02:00 [INF] Releasing context lock... (1ms)
2026-07-10 14:22:15.557 +02:00 [INF] Released. (1ms)
