2026-04-17 01:21:14.168 +06:00 [INF] Starting Intersect Client v0.8.0.0-custom+32d39132dace1351f63375b261f241297dd35be8-dirty
2026-04-17 01:21:14.366 +06:00 [INF] Discovered service type: Intersect.Plugins.PluginService
2026-04-17 01:21:14.369 +06:00 [WRN] Directory was specified as a plugin directory but does not exist: 'resources\plugins'
2026-04-17 01:21:14.370 +06:00 [INF] Discovered 0 plugins:

2026-04-17 01:21:16.437 +06:00 [INF] Connecting to 127.0.0.1:5400...
2026-04-17 01:21:16.460 +06:00 [INF] Connected [7a64171b-6ec2-49aa-9bb1-5ca76bb65636].
2026-04-17 01:21:16.472 +06:00 [INF] Connection approved [7a64171b-6ec2-49aa-9bb1-5ca76bb65636].
2026-04-17 01:21:16.550 +06:00 [INF] Updated PermissionSet 'default'
2026-04-17 01:21:21.873 +06:00 [INF] Updated PermissionSet 'admin'
2026-04-17 01:21:21.873 +06:00 [INF] Updating active permission set to 'admin'
2026-04-17 01:21:22.043 +06:00 [WRN] Unable to add '_buttonLogout' to the JSON of MainMenu.SelectCharacterWindow._innerPanel._buttonsPanel because a sibling shares the same name
2026-04-17 01:21:22.996 +06:00 [WRN] 'Me' is null.
2026-04-17 01:21:23.617 +06:00 [INF] Built VBO for map 23630ac6-4461-460d-8a3b-9a0d4477096f 'test 8' in 20.7038ms
2026-04-17 01:21:23.689 +06:00 [INF] Built VBO for map 73ba8458-f8de-4f78-a254-c91b18418ed0 'forest' in 66.2767ms
2026-04-17 01:21:23.695 +06:00 [INF] Built VBO for map 27c6a7b2-4e9f-4316-9a0f-e13ec8e16ba2 'New Map' in 5.6375ms
2026-04-17 01:22:24.068 +06:00 [INF] Built VBO for map 850ddb26-5568-4376-b8e0-346c04cb81ef 'forest' in 8.3918ms
2026-04-17 01:24:14.401 +06:00 [INF] Built VBO for map 23630ac6-4461-460d-8a3b-9a0d4477096f 'test 8' in 3.1234ms
2026-04-17 01:28:10.817 +06:00 [INF] Built VBO for map 411179b7-b772-42ef-bf66-03b7e4d7dca8 'test 5' in 4.0809ms
2026-04-17 01:28:48.105 +06:00 [INF] System window closing (due to user interaction most likely).
2026-04-17 01:28:48.108 +06:00 [INF] Disconnected [7a64171b-6ec2-49aa-9bb1-5ca76bb65636].
2026-04-17 01:28:48.108 +06:00 [INF] Updating active permission set to 'default'
2026-04-17 01:28:48.224 +06:00 [INF] Acquiring context lock... (0ms)
2026-04-17 01:28:48.224 +06:00 [INF] Acquired. (0ms)
2026-04-17 01:28:48.225 +06:00 [INF] Beginning context dispose. (0ms)
2026-04-17 01:28:48.225 +06:00 [INF] GC.SuppressFinalize (0ms)
2026-04-17 01:28:48.225 +06:00 [INF] InternalDispose() completed. (0ms)
2026-04-17 01:28:48.225 +06:00 [INF] Clearing instance... (1ms)
2026-04-17 01:28:48.225 +06:00 [INF] Releasing context lock... (1ms)
2026-04-17 01:28:48.225 +06:00 [INF] Released. (1ms)
