2026-06-20 00:53:20.475 +02:00 [INF] Starting Intersect Client v0.8.0.0-custom+32d39132dace1351f63375b261f241297dd35be8-dirty
2026-06-20 00:53:20.728 +02:00 [INF] Discovered service type: Intersect.Plugins.PluginService
2026-06-20 00:53:20.731 +02:00 [WRN] Directory was specified as a plugin directory but does not exist: 'resources\plugins'
2026-06-20 00:53:20.732 +02:00 [INF] Discovered 0 plugins:

2026-06-20 00:53:22.879 +02:00 [INF] Connecting to 127.0.0.1:5400...
2026-06-20 00:53:22.901 +02:00 [INF] Connected [f159bc37-ab93-4f9a-a8d0-e86a0828e395].
2026-06-20 00:53:22.914 +02:00 [INF] Connection approved [f159bc37-ab93-4f9a-a8d0-e86a0828e395].
2026-06-20 00:53:23.028 +02:00 [INF] Updated PermissionSet 'default'
2026-06-20 00:53:27.824 +02:00 [INF] Updated PermissionSet 'admin'
2026-06-20 00:53:27.824 +02:00 [INF] Updating active permission set to 'admin'
2026-06-20 00:53:28.600 +02:00 [WRN] 'Me' is null.
2026-06-20 00:53:29.443 +02:00 [INF] Built VBO for map 9802b09c-f592-4d93-8e11-d3424500716c 'Forest' in 41.5971ms
2026-06-20 00:53:29.447 +02:00 [INF] Built VBO for map 15601ad4-9f26-4abe-a6c9-3a7eebaa3045 'Forest' in 3.5829ms
2026-06-20 00:53:29.462 +02:00 [ERR] Exception thrown while trying to load 'resources/tilesets/water_shore_marker.png'
System.IO.FileNotFoundException: Could not find file 'F:\game code engine\Intersect_New\Intersect.Client\resources\tilesets\water_shore_marker.png'.
File name: 'F:\game code engine\Intersect_New\Intersect.Client\resources\tilesets\water_shore_marker.png'
   at Microsoft.Win32.SafeHandles.SafeFileHandle.CreateFile(String fullPath, FileMode mode, FileAccess access, FileShare share, FileOptions options)
   at Microsoft.Win32.SafeHandles.SafeFileHandle.Open(String fullPath, FileMode mode, FileAccess access, FileShare share, FileOptions options, Int64 preallocationSize, Nullable`1 unixCreateMode)
   at System.IO.Strategies.OSFileStreamStrategy..ctor(String path, FileMode mode, FileAccess access, FileShare share, FileOptions options, Int64 preallocationSize, Nullable`1 unixCreateMode)
   at System.IO.File.OpenRead(String path)
   at Intersect.Client.Framework.Graphics.GameRenderer.<>c__DisplayClass181_0.<LoadTexture>b__0() in F:\game code engine\Intersect_New\Intersect.Client.Framework\Graphics\GameRenderer.cs:line 1011
   at Intersect.Client.Framework.Graphics.GameTexture`2.LoadPlatformTexture(Boolean force) in F:\game code engine\Intersect_New\Intersect.Client.Framework\Graphics\GameTexture.cs:line 279
2026-06-20 00:53:29.465 +02:00 [INF] Built VBO for map a31f210c-f5fb-48bf-9db2-45fab2293a4c 'Forest' in 13.103ms
2026-06-20 00:53:29.466 +02:00 [INF] Built VBO for map 27c6a7b2-4e9f-4316-9a0f-e13ec8e16ba2 'Forest' in 0.8312ms
2026-06-20 00:53:29.469 +02:00 [INF] Built VBO for map e341d25d-5ff4-4cd6-bcd5-2f2cda710c86 'town' in 1.3058ms
2026-06-20 00:53:29.822 +02:00 [INF] Built VBO for map 15601ad4-9f26-4abe-a6c9-3a7eebaa3045 'Forest' in 2.7555ms
2026-06-20 00:53:29.871 +02:00 [INF] Built VBO for map 27c6a7b2-4e9f-4316-9a0f-e13ec8e16ba2 'Forest' in 47.9833ms
2026-06-20 00:54:39.733 +02:00 [INF] Built VBO for map e341d25d-5ff4-4cd6-bcd5-2f2cda710c86 'town' in 1.6836ms
2026-06-20 00:56:03.155 +02:00 [INF] Built VBO for map 27c6a7b2-4e9f-4316-9a0f-e13ec8e16ba2 'Forest' in 9.9463ms
2026-06-20 00:56:35.400 +02:00 [INF] System window closing (due to user interaction most likely).
2026-06-20 00:56:35.404 +02:00 [INF] Disconnected [f159bc37-ab93-4f9a-a8d0-e86a0828e395].
2026-06-20 00:56:35.404 +02:00 [INF] Updating active permission set to 'default'
2026-06-20 00:56:35.431 +02:00 [INF] Acquiring context lock... (0ms)
2026-06-20 00:56:35.431 +02:00 [INF] Acquired. (0ms)
2026-06-20 00:56:35.432 +02:00 [INF] Beginning context dispose. (0ms)
2026-06-20 00:56:35.432 +02:00 [INF] GC.SuppressFinalize (0ms)
2026-06-20 00:56:35.432 +02:00 [INF] InternalDispose() completed. (0ms)
2026-06-20 00:56:35.432 +02:00 [INF] Clearing instance... (1ms)
2026-06-20 00:56:35.432 +02:00 [INF] Releasing context lock... (1ms)
2026-06-20 00:56:35.432 +02:00 [INF] Released. (1ms)
