2026-04-21 12:40:45.386 +06:00 [INF] Starting Intersect Client v0.8.0.0-custom+32d39132dace1351f63375b261f241297dd35be8-dirty
2026-04-21 12:40:45.580 +06:00 [INF] Discovered service type: Intersect.Plugins.PluginService
2026-04-21 12:40:45.584 +06:00 [WRN] Directory was specified as a plugin directory but does not exist: 'resources\plugins'
2026-04-21 12:40:45.584 +06:00 [INF] Discovered 0 plugins:

2026-04-21 12:40:47.574 +06:00 [INF] Connecting to 127.0.0.1:5400...
2026-04-21 12:40:47.583 +06:00 [INF] Connected [a98a1e9e-66b1-4741-b0cc-0e9281a448c8].
2026-04-21 12:40:47.614 +06:00 [INF] Connection approved [a98a1e9e-66b1-4741-b0cc-0e9281a448c8].
2026-04-21 12:40:47.687 +06:00 [INF] Updated PermissionSet 'default'
2026-04-21 12:40:47.688 +06:00 [INF] Updated PermissionSet 'admin'
2026-04-21 12:40:53.630 +06:00 [INF] Updating active permission set to 'admin'
2026-04-21 12:40:53.708 +06:00 [WRN] Unable to add '_buttonLogout' to the JSON of MainMenu.SelectCharacterWindow._innerPanel._buttonsPanel because a sibling shares the same name
2026-04-21 12:40:54.153 +06:00 [WRN] 'Me' is null.
2026-04-21 12:40:54.751 +06:00 [INF] Built VBO for map c15f8299-8999-471f-9760-388ff4cdec7c 'Forest' in 33.4506ms
2026-04-21 12:41:46.361 +06:00 [INF] Built VBO for map c15f8299-8999-471f-9760-388ff4cdec7c 'Forest' in 2.2882ms
2026-04-21 12:48:20.783 +06:00 [INF] Built VBO for map c15f8299-8999-471f-9760-388ff4cdec7c 'Forest' in 1.863ms
2026-04-21 12:48:26.672 +06:00 [INF] System window closing (due to user interaction most likely).
2026-04-21 12:48:26.675 +06:00 [INF] Disconnected [a98a1e9e-66b1-4741-b0cc-0e9281a448c8].
2026-04-21 12:48:26.676 +06:00 [INF] Updating active permission set to 'default'
2026-04-21 12:48:26.702 +06:00 [INF] Acquiring context lock... (0ms)
2026-04-21 12:48:26.702 +06:00 [INF] Acquired. (0ms)
2026-04-21 12:48:26.702 +06:00 [INF] Beginning context dispose. (0ms)
2026-04-21 12:48:26.703 +06:00 [INF] GC.SuppressFinalize (0ms)
2026-04-21 12:48:26.703 +06:00 [INF] InternalDispose() completed. (0ms)
2026-04-21 12:48:26.703 +06:00 [INF] Clearing instance... (1ms)
2026-04-21 12:48:26.703 +06:00 [INF] Releasing context lock... (1ms)
2026-04-21 12:48:26.703 +06:00 [INF] Released. (1ms)
