2026-07-04 21:39:01.056 +02:00 [INF] Starting Intersect Client v0.8.0.0-custom+32d39132dace1351f63375b261f241297dd35be8-dirty
2026-07-04 21:39:01.324 +02:00 [INF] Discovered service type: Intersect.Plugins.PluginService
2026-07-04 21:39:01.328 +02:00 [WRN] Directory was specified as a plugin directory but does not exist: 'resources\plugins'
2026-07-04 21:39:01.329 +02:00 [INF] Discovered 0 plugins:

2026-07-04 21:39:03.456 +02:00 [INF] Connecting to 127.0.0.1:5400...
2026-07-04 21:39:03.468 +02:00 [INF] Connected [cee4340b-fe59-4d37-b7c1-82b094f49ee3].
2026-07-04 21:39:03.475 +02:00 [INF] Connection approved [cee4340b-fe59-4d37-b7c1-82b094f49ee3].
2026-07-04 21:39:03.576 +02:00 [INF] Updated PermissionSet 'default'
2026-07-04 21:39:03.576 +02:00 [INF] Updated PermissionSet 'admin'
2026-07-04 21:39:08.462 +02:00 [INF] Updating active permission set to 'admin'
2026-07-04 21:39:13.021 +02:00 [WRN] 'Me' is null.
2026-07-04 21:39:14.258 +02:00 [INF] Built VBO for map 15601ad4-9f26-4abe-a6c9-3a7eebaa3045 'Forest' in 28.1853ms
2026-07-04 21:39:14.265 +02:00 [INF] Built VBO for map d490222a-af25-4a7f-bec3-7ca8016e08d7 'New Map' in 6.281ms
2026-07-04 21:39:14.274 +02:00 [INF] Built VBO for map 000bacda-f0e9-4a92-ab09-e55bd4ad15c1 'New Map' in 5.2104ms
2026-07-04 21:39:14.375 +02:00 [ERR] Exception thrown while trying to load 'resources/tilesets/water_shore_marker.png'
System.IO.FileNotFoundException: Could not find file 'F:\game code engine\Intersect_New\Intersect.Client\resources\tilesets\water_shore_marker.png'.
File name: 'F:\game code engine\Intersect_New\Intersect.Client\resources\tilesets\water_shore_marker.png'
   at Microsoft.Win32.SafeHandles.SafeFileHandle.CreateFile(String fullPath, FileMode mode, FileAccess access, FileShare share, FileOptions options)
   at Microsoft.Win32.SafeHandles.SafeFileHandle.Open(String fullPath, FileMode mode, FileAccess access, FileShare share, FileOptions options, Int64 preallocationSize, Nullable`1 unixCreateMode)
   at System.IO.Strategies.OSFileStreamStrategy..ctor(String path, FileMode mode, FileAccess access, FileShare share, FileOptions options, Int64 preallocationSize, Nullable`1 unixCreateMode)
   at System.IO.File.OpenRead(String path)
   at Intersect.Client.Framework.Graphics.GameRenderer.<>c__DisplayClass182_0.<LoadTexture>b__0() in F:\game code engine\Intersect_New\Intersect.Client.Framework\Graphics\GameRenderer.cs:line 1027
   at Intersect.Client.Framework.Graphics.GameTexture`2.LoadPlatformTexture(Boolean force) in F:\game code engine\Intersect_New\Intersect.Client.Framework\Graphics\GameTexture.cs:line 279
2026-07-04 21:39:14.376 +02:00 [INF] Built VBO for map 27c6a7b2-4e9f-4316-9a0f-e13ec8e16ba2 'Forest' in 101.5278ms
2026-07-04 21:39:14.394 +02:00 [INF] Built VBO for map e341d25d-5ff4-4cd6-bcd5-2f2cda710c86 'Greenfall Vale' in 14.8667ms
2026-07-04 21:39:14.400 +02:00 [INF] Built VBO for map f519d3ea-b6f4-4b17-b87a-1dcf003cd3ec 'New Map' in 5.2213ms
2026-07-04 21:43:03.985 +02:00 [INF] Built VBO for map 27c6a7b2-4e9f-4316-9a0f-e13ec8e16ba2 'Forest' in 16.6413ms
2026-07-04 21:43:04.182 +02:00 [INF] Built VBO for map 9802b09c-f592-4d93-8e11-d3424500716c 'Deep Forest' in 6.4917ms
2026-07-04 21:43:04.680 +02:00 [INF] Built VBO for map 15601ad4-9f26-4abe-a6c9-3a7eebaa3045 'Forest' in 4.3847ms
2026-07-04 21:43:06.275 +02:00 [INF] Built VBO for map a31f210c-f5fb-48bf-9db2-45fab2293a4c 'Forest' in 52.2249ms
2026-07-04 21:46:49.136 +02:00 [INF] Music volume set to 20 from InGame..SettingsWindow._innerPanel._tabs._innerPanel._audioSettingsTab._scrollPanel._musicSlider._slider
2026-07-04 21:46:49.137 +02:00 [INF] Sound volume set to 20 from InGame..SettingsWindow._innerPanel._tabs._innerPanel._audioSettingsTab._scrollPanel._soundEffectsSlider._slider
2026-07-04 21:46:49.137 +02:00 [INF] Weather sounds volume set to 80 from InGame..SettingsWindow._innerPanel._tabs._innerPanel._audioSettingsTab._scrollPanel._weatherSoundsSlider._slider
2026-07-04 21:52:23.550 +02:00 [WRN] 'Me' is null.
2026-07-04 21:52:23.550 +02:00 [WRN] 'Me' is null.
2026-07-04 21:52:23.550 +02:00 [WRN] 'Me' is null.
2026-07-04 21:52:23.550 +02:00 [WRN] 'Me' is null.
2026-07-04 21:52:28.302 +02:00 [WRN] 'Me' is null.
2026-07-04 21:52:28.892 +02:00 [INF] Built VBO for map 15601ad4-9f26-4abe-a6c9-3a7eebaa3045 'Forest' in 4.9558ms
2026-07-04 21:52:28.899 +02:00 [INF] Built VBO for map d490222a-af25-4a7f-bec3-7ca8016e08d7 'New Map' in 5.779ms
2026-07-04 21:52:28.906 +02:00 [INF] Built VBO for map 000bacda-f0e9-4a92-ab09-e55bd4ad15c1 'New Map' in 3.4936ms
2026-07-04 21:52:28.947 +02:00 [INF] Built VBO for map 27c6a7b2-4e9f-4316-9a0f-e13ec8e16ba2 'Forest' in 41.2286ms
2026-07-04 21:52:28.953 +02:00 [INF] Built VBO for map e341d25d-5ff4-4cd6-bcd5-2f2cda710c86 'Greenfall Vale' in 4.3105ms
2026-07-04 21:52:28.962 +02:00 [INF] Built VBO for map f519d3ea-b6f4-4b17-b87a-1dcf003cd3ec 'New Map' in 8.134ms
2026-07-04 21:52:35.468 +02:00 [INF] Built VBO for map 27c6a7b2-4e9f-4316-9a0f-e13ec8e16ba2 'Forest' in 23.7372ms
2026-07-04 21:52:35.782 +02:00 [INF] Built VBO for map 9802b09c-f592-4d93-8e11-d3424500716c 'Deep Forest' in 4.4428ms
2026-07-04 21:52:36.328 +02:00 [INF] Built VBO for map 15601ad4-9f26-4abe-a6c9-3a7eebaa3045 'Forest' in 9.316ms
2026-07-04 21:52:36.860 +02:00 [INF] Built VBO for map a31f210c-f5fb-48bf-9db2-45fab2293a4c 'Forest' in 47.3634ms
2026-07-04 21:52:43.296 +02:00 [INF] System window closing (due to user interaction most likely).
2026-07-04 21:52:43.299 +02:00 [INF] Disconnected [cee4340b-fe59-4d37-b7c1-82b094f49ee3].
2026-07-04 21:52:43.300 +02:00 [INF] Updating active permission set to 'default'
2026-07-04 21:52:43.362 +02:00 [INF] Acquiring context lock... (0ms)
2026-07-04 21:52:43.362 +02:00 [INF] Acquired. (0ms)
2026-07-04 21:52:43.364 +02:00 [INF] Beginning context dispose. (0ms)
2026-07-04 21:52:43.365 +02:00 [INF] GC.SuppressFinalize (0ms)
2026-07-04 21:52:43.365 +02:00 [INF] InternalDispose() completed. (0ms)
2026-07-04 21:52:43.365 +02:00 [INF] Clearing instance... (2ms)
2026-07-04 21:52:43.365 +02:00 [INF] Releasing context lock... (3ms)
2026-07-04 21:52:43.365 +02:00 [INF] Released. (3ms)
