2026-06-02 16:08:40.771 +02:00 [INF] Starting Intersect Client v0.8.0.0-custom+32d39132dace1351f63375b261f241297dd35be8-dirty
2026-06-02 16:08:40.992 +02:00 [INF] Discovered service type: Intersect.Plugins.PluginService
2026-06-02 16:08:40.996 +02:00 [WRN] Directory was specified as a plugin directory but does not exist: 'resources\plugins'
2026-06-02 16:08:40.997 +02:00 [INF] Discovered 0 plugins:

2026-06-02 16:08:43.013 +02:00 [INF] Connecting to 127.0.0.1:5400...
2026-06-02 16:08:43.032 +02:00 [INF] Connected [60f3ce09-135e-4996-9aea-7455b7aa8549].
2026-06-02 16:08:43.052 +02:00 [INF] Connection approved [60f3ce09-135e-4996-9aea-7455b7aa8549].
2026-06-02 16:08:43.136 +02:00 [INF] Updated PermissionSet 'default'
2026-06-02 16:08:46.973 +02:00 [INF] Updated PermissionSet 'admin'
2026-06-02 16:08:46.973 +02:00 [INF] Updating active permission set to 'admin'
2026-06-02 16:08:47.348 +02:00 [WRN] 'Me' is null.
2026-06-02 16:08:48.346 +02:00 [INF] Built VBO for map 27c6a7b2-4e9f-4316-9a0f-e13ec8e16ba2 'Forest' in 82.4976ms
2026-06-02 16:08:56.862 +02:00 [INF] System window closing (due to user interaction most likely).
2026-06-02 16:08:56.865 +02:00 [INF] Disconnected [60f3ce09-135e-4996-9aea-7455b7aa8549].
2026-06-02 16:08:56.866 +02:00 [INF] Updating active permission set to 'default'
2026-06-02 16:08:56.900 +02:00 [INF] Acquiring context lock... (0ms)
2026-06-02 16:08:56.900 +02:00 [INF] Acquired. (0ms)
2026-06-02 16:08:56.900 +02:00 [INF] Beginning context dispose. (0ms)
2026-06-02 16:08:56.901 +02:00 [INF] GC.SuppressFinalize (0ms)
2026-06-02 16:08:56.901 +02:00 [INF] InternalDispose() completed. (0ms)
2026-06-02 16:08:56.901 +02:00 [INF] Clearing instance... (1ms)
2026-06-02 16:08:56.901 +02:00 [INF] Releasing context lock... (1ms)
2026-06-02 16:08:56.901 +02:00 [INF] Released. (1ms)
