2026-07-24 01:16:04.009 +02:00 [INF] Starting Intersect Client v0.8.0.0-custom+32d39132dace1351f63375b261f241297dd35be8-dirty
2026-07-24 01:16:04.228 +02:00 [INF] Discovered service type: Intersect.Plugins.PluginService
2026-07-24 01:16:04.231 +02:00 [WRN] Directory was specified as a plugin directory but does not exist: 'resources\plugins'
2026-07-24 01:16:04.232 +02:00 [INF] Discovered 0 plugins:

2026-07-24 01:16:04.676 +02:00 [INF] Graphics pacing configured: targetMode=-1, vsync=false, fixedStep=false, backBuffer=1760x990
2026-07-24 01:16:06.307 +02:00 [INF] Connecting to 127.0.0.1:5400...
2026-07-24 01:16:06.316 +02:00 [INF] Connected [95734361-5d1e-4bc6-ba18-9f03e0da6435].
2026-07-24 01:16:06.334 +02:00 [INF] Connection approved [95734361-5d1e-4bc6-ba18-9f03e0da6435].
2026-07-24 01:16:06.425 +02:00 [INF] Updated PermissionSet 'default'
2026-07-24 01:16:06.425 +02:00 [INF] Updated PermissionSet 'admin'
2026-07-24 01:16:10.572 +02:00 [INF] Updating active permission set to 'admin'
2026-07-24 01:16:59.868 +02:00 [INF] Disconnected [95734361-5d1e-4bc6-ba18-9f03e0da6435].
2026-07-24 01:16:59.869 +02:00 [INF] Updating active permission set to 'default'
2026-07-24 01:17:00.592 +02:00 [INF] Connecting to 127.0.0.1:5400...
2026-07-24 01:17:00.598 +02:00 [INF] Connected [c98f9501-27e1-43f8-8587-da52b620d5a0].
2026-07-24 01:17:00.606 +02:00 [INF] Connection approved [c98f9501-27e1-43f8-8587-da52b620d5a0].
2026-07-24 01:17:00.612 +02:00 [INF] Updated PermissionSet 'default'
2026-07-24 01:17:00.612 +02:00 [INF] Updated PermissionSet 'admin'
2026-07-24 01:17:03.712 +02:00 [INF] Updating active permission set to 'admin'
2026-07-24 01:17:19.319 +02:00 [INF] Disconnected [c98f9501-27e1-43f8-8587-da52b620d5a0].
2026-07-24 01:17:19.319 +02:00 [INF] Updating active permission set to 'default'
2026-07-24 01:17:20.272 +02:00 [INF] User clicked exit button.
2026-07-24 01:17:20.274 +02:00 [INF] System window closing (due to user interaction most likely).
2026-07-24 01:17:20.311 +02:00 [INF] Acquiring context lock... (0ms)
2026-07-24 01:17:20.311 +02:00 [INF] Acquired. (0ms)
2026-07-24 01:17:20.311 +02:00 [INF] Beginning context dispose. (0ms)
2026-07-24 01:17:20.312 +02:00 [INF] GC.SuppressFinalize (0ms)
2026-07-24 01:17:20.312 +02:00 [INF] InternalDispose() completed. (0ms)
2026-07-24 01:17:20.312 +02:00 [INF] Clearing instance... (1ms)
2026-07-24 01:17:20.312 +02:00 [INF] Releasing context lock... (1ms)
2026-07-24 01:17:20.312 +02:00 [INF] Released. (1ms)
