2026-05-17 16:01:46.739 +02:00 [INF] Starting Intersect Client v0.8.0.0-custom+32d39132dace1351f63375b261f241297dd35be8-dirty
2026-05-17 16:01:46.952 +02:00 [INF] Discovered service type: Intersect.Plugins.PluginService
2026-05-17 16:01:46.955 +02:00 [WRN] Directory was specified as a plugin directory but does not exist: 'resources\plugins'
2026-05-17 16:01:46.956 +02:00 [INF] Discovered 0 plugins:

2026-05-17 16:01:49.062 +02:00 [INF] Connecting to 127.0.0.1:5400...
2026-05-17 16:01:49.085 +02:00 [INF] Connected [b3d570ab-ef96-413a-a446-0931dcc39182].
2026-05-17 16:01:49.104 +02:00 [INF] Connection approved [b3d570ab-ef96-413a-a446-0931dcc39182].
2026-05-17 16:01:49.205 +02:00 [INF] Updated PermissionSet 'default'
2026-05-17 16:01:54.772 +02:00 [INF] Updated PermissionSet 'admin'
2026-05-17 16:01:54.772 +02:00 [INF] Updating active permission set to 'admin'
2026-05-17 16:01:55.446 +02:00 [WRN] 'Me' is null.
2026-05-17 16:01:56.309 +02:00 [INF] Built VBO for map 27c6a7b2-4e9f-4316-9a0f-e13ec8e16ba2 'Forest' in 25.6355ms
2026-05-17 16:01:56.358 +02:00 [INF] Built VBO for map e341d25d-5ff4-4cd6-bcd5-2f2cda710c86 'Forest' in 5.8142ms
2026-05-17 16:02:05.170 +02:00 [INF] Built VBO for map a31f210c-f5fb-48bf-9db2-45fab2293a4c 'Forest' in 11.7563ms
2026-05-17 16:02:56.150 +02:00 [INF] System window closing (due to user interaction most likely).
2026-05-17 16:02:56.153 +02:00 [INF] Disconnected [b3d570ab-ef96-413a-a446-0931dcc39182].
2026-05-17 16:02:56.154 +02:00 [INF] Updating active permission set to 'default'
2026-05-17 16:02:56.191 +02:00 [INF] Acquiring context lock... (0ms)
2026-05-17 16:02:56.191 +02:00 [INF] Acquired. (0ms)
2026-05-17 16:02:56.192 +02:00 [INF] Beginning context dispose. (0ms)
2026-05-17 16:02:56.192 +02:00 [INF] GC.SuppressFinalize (0ms)
2026-05-17 16:02:56.192 +02:00 [INF] InternalDispose() completed. (0ms)
2026-05-17 16:02:56.192 +02:00 [INF] Clearing instance... (1ms)
2026-05-17 16:02:56.192 +02:00 [INF] Releasing context lock... (1ms)
2026-05-17 16:02:56.192 +02:00 [INF] Released. (1ms)
