2026-07-21 09:04:00.488 +02:00 [INF] Starting Intersect Client v0.8.0.0-custom+32d39132dace1351f63375b261f241297dd35be8-dirty
2026-07-21 09:04:00.716 +02:00 [INF] Discovered service type: Intersect.Plugins.PluginService
2026-07-21 09:04:00.720 +02:00 [WRN] Directory was specified as a plugin directory but does not exist: 'resources\plugins'
2026-07-21 09:04:00.721 +02:00 [INF] Discovered 0 plugins:

2026-07-21 09:04:01.165 +02:00 [INF] Graphics pacing configured: targetMode=-1, vsync=false, fixedStep=false, backBuffer=1760x990
2026-07-21 09:04:02.782 +02:00 [INF] Connecting to 127.0.0.1:5400...
2026-07-21 09:04:02.805 +02:00 [INF] Connected [4e389d86-c93b-422b-bf7c-23796b418563].
2026-07-21 09:04:02.828 +02:00 [INF] Connection approved [4e389d86-c93b-422b-bf7c-23796b418563].
2026-07-21 09:04:02.928 +02:00 [INF] Updated PermissionSet 'default'
2026-07-21 09:04:13.372 +02:00 [INF] Updated PermissionSet 'admin'
2026-07-21 09:04:13.373 +02:00 [INF] Updating active permission set to 'admin'
2026-07-21 09:04:15.886 +02:00 [WRN] 'Me' is null.
2026-07-21 09:04:16.976 +02:00 [INF] Built VBO for map 9802b09c-f592-4d93-8e11-d3424500716c 'Deep Forest' in 49.9955ms
2026-07-21 09:04:16.993 +02:00 [INF] Built VBO for map 15601ad4-9f26-4abe-a6c9-3a7eebaa3045 'Forest' in 12.6281ms
2026-07-21 09:04:17.008 +02:00 [INF] Built VBO for map d490222a-af25-4a7f-bec3-7ca8016e08d7 'New Map' in 9.4286ms
2026-07-21 09:04:17.141 +02:00 [INF] Built VBO for map a31f210c-f5fb-48bf-9db2-45fab2293a4c 'Forest' in 130.0869ms
2026-07-21 09:04:17.200 +02:00 [INF] Built VBO for map 27c6a7b2-4e9f-4316-9a0f-e13ec8e16ba2 'Forest' in 56.1209ms
2026-07-21 09:04:17.226 +02:00 [INF] Built VBO for map e341d25d-5ff4-4cd6-bcd5-2f2cda710c86 'Greenfall Vale' in 24.2482ms
2026-07-21 09:04:22.502 +02:00 [INF] Client frame profile: measured=110.1fps counter=152 targetMode=-1; interval=9.08/373.34ms avg/max; update=0.15/25.79ms (1.00 calls/frame); draw=9.15/345.77ms; world=7.49/311.02ms [scene=7.15/297.58, scene-detail=[tiles=0.55ms/21.0draws (geometry=0.19ms/21.0draws, water=0.36ms/0.0draws), objects=5.15ms/59.9draws, procedural=0.00ms/0.0draws, entities=0.60ms/1.0draws, effects=0.33ms/1.0draws, weather=0.44ms/0.0draws, other=0.08ms], lighting=0.04/7.27, post=0.06/14.26, overlays=0.13/13.19, other=0.10]; gui=1.61/80.22ms [update=1.49/59.96 (minimap=1.12/40.02 [compact=1.12, fullmap=0.00/0.00], other=0.36), render=0.13/20.26, other=0.00]; finish=0.03/3.06ms; outside-update-draw=0.00ms; draws=104, maps=1, entities=18, lights=2
2026-07-21 09:04:24.730 +02:00 [INF] Music volume set to 20 from InGame..SettingsWindow._innerPanel._tabs._innerPanel._audioSettingsTab._scrollPanel._musicSlider._slider
2026-07-21 09:04:24.730 +02:00 [INF] Sound volume set to 20 from InGame..SettingsWindow._innerPanel._tabs._innerPanel._audioSettingsTab._scrollPanel._soundEffectsSlider._slider
2026-07-21 09:04:24.730 +02:00 [INF] Weather sounds volume set to 80 from InGame..SettingsWindow._innerPanel._tabs._innerPanel._audioSettingsTab._scrollPanel._weatherSoundsSlider._slider
2026-07-21 09:04:27.505 +02:00 [INF] Client frame profile: measured=140.9fps counter=151 targetMode=-1; interval=7.10/46.12ms avg/max; update=0.10/11.81ms (1.00 calls/frame); draw=6.85/45.94ms; world=5.50/8.13ms [scene=5.30/7.90, scene-detail=[tiles=0.44ms/21.0draws (geometry=0.16ms/21.0draws, water=0.28ms/0.0draws), objects=4.21ms/60.0draws, procedural=0.00ms/0.0draws, entities=0.19ms/0.1draws, effects=0.07ms/1.9draws, weather=0.34ms/0.0draws, other=0.05ms], lighting=0.02/0.05, post=0.03/0.05, overlays=0.06/0.11, other=0.09]; gui=1.33/40.43ms [update=1.02/11.55 (minimap=0.66/11.17 [compact=0.66, fullmap=0.00/0.00], other=0.36), render=0.30/40.03, other=0.00]; finish=0.01/0.05ms; outside-update-draw=0.15ms; draws=138, maps=1, entities=18, lights=2
2026-07-21 09:04:32.522 +02:00 [INF] Client frame profile: measured=94.3fps counter=33 targetMode=-1; interval=10.61/55.22ms avg/max; update=0.07/0.71ms (1.00 calls/frame); draw=7.45/28.62ms; world=5.73/16.72ms [scene=5.51/16.46, scene-detail=[tiles=0.46ms/21.0draws (geometry=0.17ms/21.0draws, water=0.29ms/0.0draws), objects=4.36ms/60.0draws, procedural=0.00ms/0.0draws, entities=0.23ms/0.0draws, effects=0.07ms/2.0draws, weather=0.34ms/0.0draws, other=0.06ms], lighting=0.02/0.06, post=0.03/0.08, overlays=0.07/0.18, other=0.10]; gui=1.70/12.25ms [update=1.44/11.77 (minimap=0.93/10.78 [compact=0.93, fullmap=0.00/0.00], other=0.51), render=0.26/0.71, other=0.00]; finish=0.01/0.04ms; outside-update-draw=3.08ms; draws=142, maps=1, entities=18, lights=2
2026-07-21 09:04:37.537 +02:00 [INF] Client frame profile: measured=87.2fps counter=33 targetMode=-1; interval=11.47/41.95ms avg/max; update=0.08/1.28ms (1.00 calls/frame); draw=7.49/22.47ms; world=5.72/10.09ms [scene=5.50/9.81, scene-detail=[tiles=0.46ms/21.0draws (geometry=0.17ms/21.0draws, water=0.29ms/0.0draws), objects=4.33ms/60.0draws, procedural=0.00ms/0.0draws, entities=0.24ms/0.2draws, effects=0.07ms/1.8draws, weather=0.34ms/0.0draws, other=0.06ms], lighting=0.02/0.05, post=0.03/0.07, overlays=0.07/1.52, other=0.09]; gui=1.74/16.78ms [update=1.59/16.19 (minimap=1.03/10.95 [compact=1.03, fullmap=0.00/0.00], other=0.56), render=0.15/3.64, other=0.00]; finish=0.02/0.04ms; outside-update-draw=3.90ms; draws=102, maps=1, entities=18, lights=2
2026-07-21 09:04:42.557 +02:00 [INF] Client frame profile: measured=32.9fps counter=34 targetMode=-1; interval=30.43/46.89ms avg/max; update=0.15/1.99ms (1.00 calls/frame); draw=9.68/26.55ms; world=6.13/13.48ms [scene=5.87/13.13, scene-detail=[tiles=0.53ms/21.0draws (geometry=0.21ms/21.0draws, water=0.31ms/0.0draws), objects=4.56ms/60.0draws, procedural=0.00ms/0.0draws, entities=0.26ms/0.0draws, effects=0.09ms/2.0draws, weather=0.36ms/0.0draws, other=0.07ms], lighting=0.03/0.04, post=0.04/0.06, overlays=0.08/0.15, other=0.11]; gui=3.51/20.54ms [update=3.42/20.38 (minimap=2.57/12.82 [compact=2.57, fullmap=0.00/0.00], other=0.85), render=0.08/0.29, other=0.00]; finish=0.02/0.09ms; outside-update-draw=20.59ms; draws=102, maps=1, entities=18, lights=2
2026-07-21 09:04:47.575 +02:00 [INF] Client frame profile: measured=33.1fps counter=33 targetMode=-1; interval=30.23/40.81ms avg/max; update=0.13/0.23ms (1.00 calls/frame); draw=9.49/19.30ms; world=6.13/7.53ms [scene=5.88/7.22, scene-detail=[tiles=0.53ms/21.0draws (geometry=0.21ms/21.0draws, water=0.32ms/0.0draws), objects=4.57ms/60.0draws, procedural=0.00ms/0.0draws, entities=0.27ms/0.1draws, effects=0.09ms/1.9draws, weather=0.36ms/0.0draws, other=0.07ms], lighting=0.03/0.05, post=0.04/0.09, overlays=0.08/0.19, other=0.11]; gui=3.32/12.46ms [update=3.23/12.36 (minimap=2.46/11.52 [compact=2.46, fullmap=0.00/0.00], other=0.77), render=0.08/0.22, other=0.00]; finish=0.02/0.08ms; outside-update-draw=20.61ms; draws=106, maps=1, entities=18, lights=2
2026-07-21 09:04:52.580 +02:00 [INF] Client frame profile: measured=102.1fps counter=132 targetMode=-1; interval=9.79/40.06ms avg/max; update=0.09/0.91ms (1.00 calls/frame); draw=7.74/24.84ms; world=5.99/10.08ms [scene=5.75/9.61, scene-detail=[tiles=0.48ms/21.0draws (geometry=0.19ms/21.0draws, water=0.29ms/0.0draws), objects=4.49ms/60.0draws, procedural=0.00ms/0.0draws, entities=0.26ms/0.0draws, effects=0.09ms/2.0draws, weather=0.36ms/0.0draws, other=0.06ms], lighting=0.03/0.06, post=0.04/0.11, overlays=0.08/0.21, other=0.10]; gui=1.72/16.78ms [update=1.62/16.61 (minimap=0.91/15.41 [compact=0.91, fullmap=0.00/0.00], other=0.71), render=0.10/0.53, other=0.00]; finish=0.02/0.23ms; outside-update-draw=1.96ms; draws=114, maps=1, entities=18, lights=2
2026-07-21 09:04:57.580 +02:00 [INF] Client frame profile: measured=130.4fps counter=135 targetMode=-1; interval=7.67/19.58ms avg/max; update=0.08/1.02ms (1.00 calls/frame); draw=7.41/18.60ms; world=5.75/8.19ms [scene=5.52/7.88, scene-detail=[tiles=0.46ms/21.0draws (geometry=0.17ms/21.0draws, water=0.29ms/0.0draws), objects=4.34ms/60.0draws, procedural=0.00ms/0.0draws, entities=0.24ms/0.1draws, effects=0.08ms/1.9draws, weather=0.34ms/0.0draws, other=0.06ms], lighting=0.02/0.05, post=0.03/0.07, overlays=0.07/0.21, other=0.09]; gui=1.64/13.17ms [update=1.36/12.88 (minimap=0.72/12.05 [compact=0.72, fullmap=0.00/0.00], other=0.63), render=0.28/0.62, other=0.00]; finish=0.02/0.24ms; outside-update-draw=0.19ms; draws=138, maps=1, entities=18, lights=2
2026-07-21 09:05:02.582 +02:00 [INF] Client frame profile: measured=127.2fps counter=139 targetMode=-1; interval=7.86/69.62ms avg/max; update=0.08/2.18ms (1.00 calls/frame); draw=7.64/69.53ms; world=5.91/59.60ms [scene=5.68/59.34, scene-detail=[tiles=0.47ms/21.0draws (geometry=0.18ms/21.0draws, water=0.29ms/0.0draws), objects=4.37ms/60.0draws, procedural=0.00ms/0.0draws, entities=0.25ms/0.1draws, effects=0.08ms/1.3draws, weather=0.44ms/1.3draws, other=0.06ms], lighting=0.02/0.07, post=0.03/0.10, overlays=0.07/0.22, other=0.10]; gui=1.71/15.10ms [update=1.43/14.46 (minimap=0.75/12.92 [compact=0.75, fullmap=0.00/0.00], other=0.68), render=0.28/0.76, other=0.00]; finish=0.02/0.08ms; outside-update-draw=0.14ms; draws=139, maps=1, entities=18, lights=2
2026-07-21 09:05:07.587 +02:00 [INF] Client frame profile: measured=122.7fps counter=117 targetMode=-1; interval=8.15/124.88ms avg/max; update=0.09/5.79ms (1.00 calls/frame); draw=7.67/44.49ms; world=5.87/9.54ms [scene=5.64/9.29, scene-detail=[tiles=0.47ms/21.0draws (geometry=0.18ms/21.0draws, water=0.29ms/0.0draws), objects=4.42ms/60.0draws, procedural=0.00ms/0.0draws, entities=0.25ms/0.0draws, effects=0.08ms/1.0draws, weather=0.36ms/2.0draws, other=0.06ms], lighting=0.02/0.09, post=0.03/0.13, overlays=0.07/0.21, other=0.10]; gui=1.77/37.61ms [update=1.48/12.45 (minimap=0.80/11.41 [compact=0.80, fullmap=0.00/0.00], other=0.67), render=0.29/36.46, other=0.00]; finish=0.02/0.06ms; outside-update-draw=0.40ms; draws=122, maps=1, entities=18, lights=2
2026-07-21 09:05:08.592 +02:00 [INF] System window closing (due to user interaction most likely).
2026-07-21 09:05:08.595 +02:00 [INF] Disconnected [4e389d86-c93b-422b-bf7c-23796b418563].
2026-07-21 09:05:08.596 +02:00 [INF] Updating active permission set to 'default'
2026-07-21 09:05:08.632 +02:00 [INF] Acquiring context lock... (0ms)
2026-07-21 09:05:08.632 +02:00 [INF] Acquired. (0ms)
2026-07-21 09:05:08.633 +02:00 [INF] Beginning context dispose. (0ms)
2026-07-21 09:05:08.633 +02:00 [INF] GC.SuppressFinalize (0ms)
2026-07-21 09:05:08.633 +02:00 [INF] InternalDispose() completed. (0ms)
2026-07-21 09:05:08.633 +02:00 [INF] Clearing instance... (1ms)
2026-07-21 09:05:08.633 +02:00 [INF] Releasing context lock... (1ms)
2026-07-21 09:05:08.633 +02:00 [INF] Released. (1ms)
