2026-05-15 04:26:12.637 +02:00 [INF] Starting Intersect Client v0.8.0.0-custom+32d39132dace1351f63375b261f241297dd35be8-dirty
2026-05-15 04:26:12.844 +02:00 [INF] Discovered service type: Intersect.Plugins.PluginService
2026-05-15 04:26:12.847 +02:00 [WRN] Directory was specified as a plugin directory but does not exist: 'resources\plugins'
2026-05-15 04:26:12.848 +02:00 [INF] Discovered 0 plugins:

2026-05-15 04:26:20.516 +02:00 [INF] Connecting to 127.0.0.1:5400...
2026-05-15 04:26:20.538 +02:00 [INF] Connected [caae1da6-53e3-4bf0-bf22-ff3594ff34df].
2026-05-15 04:26:20.555 +02:00 [INF] Connection approved [caae1da6-53e3-4bf0-bf22-ff3594ff34df].
2026-05-15 04:26:20.659 +02:00 [INF] Updated PermissionSet 'default'
2026-05-15 04:26:27.172 +02:00 [INF] Updated PermissionSet 'admin'
2026-05-15 04:26:27.172 +02:00 [INF] Updating active permission set to 'admin'
2026-05-15 04:26:27.814 +02:00 [WRN] 'Me' is null.
2026-05-15 04:26:28.606 +02:00 [INF] Built VBO for map 24cc8989-0a45-4ecb-bf58-41efcefcaeb8 'Test' in 22.7032ms
2026-05-15 04:29:56.475 +02:00 [INF] System window closing (due to user interaction most likely).
2026-05-15 04:29:56.479 +02:00 [INF] Disconnected [caae1da6-53e3-4bf0-bf22-ff3594ff34df].
2026-05-15 04:29:56.481 +02:00 [INF] Updating active permission set to 'default'
2026-05-15 04:29:56.532 +02:00 [INF] Acquiring context lock... (0ms)
2026-05-15 04:29:56.533 +02:00 [INF] Acquired. (0ms)
2026-05-15 04:29:56.534 +02:00 [INF] Beginning context dispose. (0ms)
2026-05-15 04:29:56.535 +02:00 [INF] GC.SuppressFinalize (0ms)
2026-05-15 04:29:56.535 +02:00 [INF] InternalDispose() completed. (1ms)
2026-05-15 04:29:56.535 +02:00 [INF] Clearing instance... (2ms)
2026-05-15 04:29:56.535 +02:00 [INF] Releasing context lock... (2ms)
2026-05-15 04:29:56.535 +02:00 [INF] Released. (2ms)
