2026-04-18 02:40:45.067 +06:00 [INF] Starting Intersect Client v0.8.0.0-custom+32d39132dace1351f63375b261f241297dd35be8-dirty
2026-04-18 02:40:45.271 +06:00 [INF] Discovered service type: Intersect.Plugins.PluginService
2026-04-18 02:40:45.275 +06:00 [WRN] Directory was specified as a plugin directory but does not exist: 'resources\plugins'
2026-04-18 02:40:45.276 +06:00 [INF] Discovered 0 plugins:

2026-04-18 02:40:47.413 +06:00 [INF] Connecting to 127.0.0.1:5400...
2026-04-18 02:40:47.435 +06:00 [INF] Connected [7dd32b34-5041-4243-85df-526ac1ace809].
2026-04-18 02:40:47.449 +06:00 [INF] Connection approved [7dd32b34-5041-4243-85df-526ac1ace809].
2026-04-18 02:40:47.531 +06:00 [INF] Updated PermissionSet 'default'
2026-04-18 02:40:51.000 +06:00 [INF] Updated PermissionSet 'admin'
2026-04-18 02:40:51.001 +06:00 [INF] Updating active permission set to 'admin'
2026-04-18 02:40:51.161 +06:00 [WRN] Unable to add '_buttonLogout' to the JSON of MainMenu.SelectCharacterWindow._innerPanel._buttonsPanel because a sibling shares the same name
2026-04-18 02:40:51.742 +06:00 [WRN] 'Me' is null.
2026-04-18 02:40:52.417 +06:00 [INF] Built VBO for map 850ddb26-5568-4376-b8e0-346c04cb81ef 'forest' in 43.3473ms
2026-04-18 02:43:57.219 +06:00 [INF] System window closing (due to user interaction most likely).
2026-04-18 02:43:57.221 +06:00 [INF] Disconnected [7dd32b34-5041-4243-85df-526ac1ace809].
2026-04-18 02:43:57.222 +06:00 [INF] Updating active permission set to 'default'
2026-04-18 02:43:57.303 +06:00 [INF] Acquiring context lock... (0ms)
2026-04-18 02:43:57.303 +06:00 [INF] Acquired. (0ms)
2026-04-18 02:43:57.304 +06:00 [INF] Beginning context dispose. (0ms)
2026-04-18 02:43:57.304 +06:00 [INF] GC.SuppressFinalize (0ms)
2026-04-18 02:43:57.304 +06:00 [INF] InternalDispose() completed. (0ms)
2026-04-18 02:43:57.304 +06:00 [INF] Clearing instance... (1ms)
2026-04-18 02:43:57.304 +06:00 [INF] Releasing context lock... (1ms)
2026-04-18 02:43:57.304 +06:00 [INF] Released. (1ms)
