2026-06-21 14:49:47.160 +02:00 [INF] Starting Intersect Client v0.8.0.0-custom+32d39132dace1351f63375b261f241297dd35be8-dirty
2026-06-21 14:49:47.389 +02:00 [INF] Discovered service type: Intersect.Plugins.PluginService
2026-06-21 14:49:47.448 +02:00 [WRN] Directory was specified as a plugin directory but does not exist: 'resources\plugins'
2026-06-21 14:49:47.449 +02:00 [INF] Discovered 0 plugins:

2026-06-21 14:49:49.593 +02:00 [INF] Connecting to 127.0.0.1:5400...
2026-06-21 14:49:49.617 +02:00 [INF] Connected [ef6521bd-8f43-4573-8cd8-86e74c8df74d].
2026-06-21 14:49:49.653 +02:00 [INF] Connection approved [ef6521bd-8f43-4573-8cd8-86e74c8df74d].
2026-06-21 14:49:49.743 +02:00 [INF] Updated PermissionSet 'default'
2026-06-21 14:49:56.921 +02:00 [INF] Updated PermissionSet 'admin'
2026-06-21 14:49:56.922 +02:00 [INF] Updating active permission set to 'admin'
2026-06-21 14:50:03.932 +02:00 [WRN] 'Me' is null.
2026-06-21 14:50:04.820 +02:00 [ERR] Exception thrown while trying to load 'resources/tilesets/water_shore_marker.png'
System.IO.FileNotFoundException: Could not find file 'F:\game code engine\Intersect_New\Intersect.Client\resources\tilesets\water_shore_marker.png'.
File name: 'F:\game code engine\Intersect_New\Intersect.Client\resources\tilesets\water_shore_marker.png'
   at Microsoft.Win32.SafeHandles.SafeFileHandle.CreateFile(String fullPath, FileMode mode, FileAccess access, FileShare share, FileOptions options)
   at Microsoft.Win32.SafeHandles.SafeFileHandle.Open(String fullPath, FileMode mode, FileAccess access, FileShare share, FileOptions options, Int64 preallocationSize, Nullable`1 unixCreateMode)
   at System.IO.Strategies.OSFileStreamStrategy..ctor(String path, FileMode mode, FileAccess access, FileShare share, FileOptions options, Int64 preallocationSize, Nullable`1 unixCreateMode)
   at System.IO.File.OpenRead(String path)
   at Intersect.Client.Framework.Graphics.GameRenderer.<>c__DisplayClass181_0.<LoadTexture>b__0() in F:\game code engine\Intersect_New\Intersect.Client.Framework\Graphics\GameRenderer.cs:line 1011
   at Intersect.Client.Framework.Graphics.GameTexture`2.LoadPlatformTexture(Boolean force) in F:\game code engine\Intersect_New\Intersect.Client.Framework\Graphics\GameTexture.cs:line 279
2026-06-21 14:50:04.835 +02:00 [INF] Built VBO for map 9802b09c-f592-4d93-8e11-d3424500716c 'Forest' in 51.2395ms
2026-06-21 14:50:04.844 +02:00 [INF] Built VBO for map 15601ad4-9f26-4abe-a6c9-3a7eebaa3045 'Forest' in 7.7623ms
2026-06-21 14:50:04.996 +02:00 [INF] Built VBO for map a31f210c-f5fb-48bf-9db2-45fab2293a4c 'Forest' in 147.5862ms
2026-06-21 14:50:05.307 +02:00 [INF] Built VBO for map 27c6a7b2-4e9f-4316-9a0f-e13ec8e16ba2 'Forest' in 310.1656ms
2026-06-21 14:50:05.318 +02:00 [INF] Built VBO for map e341d25d-5ff4-4cd6-bcd5-2f2cda710c86 'town' in 8.1526ms
2026-06-21 14:50:35.667 +02:00 [ERR] Exception thrown while trying to load 'resources/tilesets/water_shore_marker.png'
System.IO.FileNotFoundException: Could not find file 'F:\game code engine\Intersect_New\Intersect.Client\resources\tilesets\water_shore_marker.png'.
File name: 'F:\game code engine\Intersect_New\Intersect.Client\resources\tilesets\water_shore_marker.png'
   at Microsoft.Win32.SafeHandles.SafeFileHandle.CreateFile(String fullPath, FileMode mode, FileAccess access, FileShare share, FileOptions options)
   at Microsoft.Win32.SafeHandles.SafeFileHandle.Open(String fullPath, FileMode mode, FileAccess access, FileShare share, FileOptions options, Int64 preallocationSize, Nullable`1 unixCreateMode)
   at System.IO.Strategies.OSFileStreamStrategy..ctor(String path, FileMode mode, FileAccess access, FileShare share, FileOptions options, Int64 preallocationSize, Nullable`1 unixCreateMode)
   at System.IO.File.OpenRead(String path)
   at Intersect.Client.Framework.Graphics.GameRenderer.<>c__DisplayClass181_0.<LoadTexture>b__0() in F:\game code engine\Intersect_New\Intersect.Client.Framework\Graphics\GameRenderer.cs:line 1011
   at Intersect.Client.Framework.Graphics.GameTexture`2.LoadPlatformTexture(Boolean force) in F:\game code engine\Intersect_New\Intersect.Client.Framework\Graphics\GameTexture.cs:line 279
2026-06-21 14:52:52.684 +02:00 [INF] Built VBO for map 9802b09c-f592-4d93-8e11-d3424500716c 'Forest' in 7.4536ms
2026-06-21 14:52:52.691 +02:00 [INF] Built VBO for map 15601ad4-9f26-4abe-a6c9-3a7eebaa3045 'Forest' in 6.0916ms
2026-06-21 14:52:52.744 +02:00 [INF] Built VBO for map a31f210c-f5fb-48bf-9db2-45fab2293a4c 'Forest' in 52.036ms
2026-06-21 14:52:53.077 +02:00 [INF] Built VBO for map 27c6a7b2-4e9f-4316-9a0f-e13ec8e16ba2 'Forest' in 308.4244ms
2026-06-21 14:52:53.203 +02:00 [INF] Built VBO for map e341d25d-5ff4-4cd6-bcd5-2f2cda710c86 'town' in 4.7486ms
2026-06-21 14:53:53.085 +02:00 [INF] System window closing (due to user interaction most likely).
2026-06-21 14:53:53.088 +02:00 [INF] Disconnected [ef6521bd-8f43-4573-8cd8-86e74c8df74d].
2026-06-21 14:53:53.089 +02:00 [INF] Updating active permission set to 'default'
2026-06-21 14:53:53.115 +02:00 [INF] Acquiring context lock... (0ms)
2026-06-21 14:53:53.116 +02:00 [INF] Acquired. (0ms)
2026-06-21 14:53:53.117 +02:00 [INF] Beginning context dispose. (0ms)
2026-06-21 14:53:53.117 +02:00 [INF] GC.SuppressFinalize (0ms)
2026-06-21 14:53:53.117 +02:00 [INF] InternalDispose() completed. (0ms)
2026-06-21 14:53:53.117 +02:00 [INF] Clearing instance... (2ms)
2026-06-21 14:53:53.117 +02:00 [INF] Releasing context lock... (2ms)
2026-06-21 14:53:53.117 +02:00 [INF] Released. (2ms)
