2026-05-01 03:34:26.802 +06:00 [INF] Starting Intersect Client v0.8.0.0-custom+32d39132dace1351f63375b261f241297dd35be8-dirty
2026-05-01 03:34:26.997 +06:00 [INF] Discovered service type: Intersect.Plugins.PluginService
2026-05-01 03:34:27.001 +06:00 [WRN] Directory was specified as a plugin directory but does not exist: 'resources\plugins'
2026-05-01 03:34:27.001 +06:00 [INF] Discovered 0 plugins:

2026-05-01 03:34:32.342 +06:00 [INF] Music volume set to 100 from MainMenu.SettingsWindow._innerPanel._tabs._innerPanel._audioSettingsTab._scrollPanel._musicSlider._slider
2026-05-01 03:34:32.343 +06:00 [INF] Sound volume set to 15 from MainMenu.SettingsWindow._innerPanel._tabs._innerPanel._audioSettingsTab._scrollPanel._soundEffectsSlider._slider
2026-05-01 03:34:34.715 +06:00 [INF] Music volume set to 98 from MainMenu.SettingsWindow._innerPanel._tabs._innerPanel._audioSettingsTab._scrollPanel._musicSlider._slider
2026-05-01 03:34:34.798 +06:00 [INF] Music volume set to 97 from MainMenu.SettingsWindow._innerPanel._tabs._innerPanel._audioSettingsTab._scrollPanel._musicSlider._slider
2026-05-01 03:34:34.814 +06:00 [INF] Music volume set to 95 from MainMenu.SettingsWindow._innerPanel._tabs._innerPanel._audioSettingsTab._scrollPanel._musicSlider._slider
2026-05-01 03:34:34.833 +06:00 [INF] Music volume set to 94 from MainMenu.SettingsWindow._innerPanel._tabs._innerPanel._audioSettingsTab._scrollPanel._musicSlider._slider
2026-05-01 03:34:34.848 +06:00 [INF] Music volume set to 93 from MainMenu.SettingsWindow._innerPanel._tabs._innerPanel._audioSettingsTab._scrollPanel._musicSlider._slider
2026-05-01 03:34:34.865 +06:00 [INF] Music volume set to 92 from MainMenu.SettingsWindow._innerPanel._tabs._innerPanel._audioSettingsTab._scrollPanel._musicSlider._slider
2026-05-01 03:34:34.881 +06:00 [INF] Music volume set to 91 from MainMenu.SettingsWindow._innerPanel._tabs._innerPanel._audioSettingsTab._scrollPanel._musicSlider._slider
2026-05-01 03:34:34.898 +06:00 [INF] Music volume set to 90 from MainMenu.SettingsWindow._innerPanel._tabs._innerPanel._audioSettingsTab._scrollPanel._musicSlider._slider
2026-05-01 03:34:34.914 +06:00 [INF] Music volume set to 89 from MainMenu.SettingsWindow._innerPanel._tabs._innerPanel._audioSettingsTab._scrollPanel._musicSlider._slider
2026-05-01 03:34:34.932 +06:00 [INF] Music volume set to 88 from MainMenu.SettingsWindow._innerPanel._tabs._innerPanel._audioSettingsTab._scrollPanel._musicSlider._slider
2026-05-01 03:34:34.948 +06:00 [INF] Music volume set to 87 from MainMenu.SettingsWindow._innerPanel._tabs._innerPanel._audioSettingsTab._scrollPanel._musicSlider._slider
2026-05-01 03:34:34.965 +06:00 [INF] Music volume set to 86 from MainMenu.SettingsWindow._innerPanel._tabs._innerPanel._audioSettingsTab._scrollPanel._musicSlider._slider
2026-05-01 03:34:34.981 +06:00 [INF] Music volume set to 85 from MainMenu.SettingsWindow._innerPanel._tabs._innerPanel._audioSettingsTab._scrollPanel._musicSlider._slider
2026-05-01 03:34:35.014 +06:00 [INF] Music volume set to 84 from MainMenu.SettingsWindow._innerPanel._tabs._innerPanel._audioSettingsTab._scrollPanel._musicSlider._slider
2026-05-01 03:34:35.032 +06:00 [INF] Music volume set to 83 from MainMenu.SettingsWindow._innerPanel._tabs._innerPanel._audioSettingsTab._scrollPanel._musicSlider._slider
2026-05-01 03:34:35.048 +06:00 [INF] Music volume set to 82 from MainMenu.SettingsWindow._innerPanel._tabs._innerPanel._audioSettingsTab._scrollPanel._musicSlider._slider
2026-05-01 03:34:35.081 +06:00 [INF] Music volume set to 81 from MainMenu.SettingsWindow._innerPanel._tabs._innerPanel._audioSettingsTab._scrollPanel._musicSlider._slider
2026-05-01 03:34:35.098 +06:00 [INF] Music volume set to 80 from MainMenu.SettingsWindow._innerPanel._tabs._innerPanel._audioSettingsTab._scrollPanel._musicSlider._slider
2026-05-01 03:34:35.131 +06:00 [INF] Music volume set to 79 from MainMenu.SettingsWindow._innerPanel._tabs._innerPanel._audioSettingsTab._scrollPanel._musicSlider._slider
2026-05-01 03:34:35.148 +06:00 [INF] Music volume set to 78 from MainMenu.SettingsWindow._innerPanel._tabs._innerPanel._audioSettingsTab._scrollPanel._musicSlider._slider
2026-05-01 03:34:35.181 +06:00 [INF] Music volume set to 77 from MainMenu.SettingsWindow._innerPanel._tabs._innerPanel._audioSettingsTab._scrollPanel._musicSlider._slider
2026-05-01 03:34:35.198 +06:00 [INF] Music volume set to 76 from MainMenu.SettingsWindow._innerPanel._tabs._innerPanel._audioSettingsTab._scrollPanel._musicSlider._slider
2026-05-01 03:34:35.214 +06:00 [INF] Music volume set to 75 from MainMenu.SettingsWindow._innerPanel._tabs._innerPanel._audioSettingsTab._scrollPanel._musicSlider._slider
2026-05-01 03:34:35.231 +06:00 [INF] Music volume set to 74 from MainMenu.SettingsWindow._innerPanel._tabs._innerPanel._audioSettingsTab._scrollPanel._musicSlider._slider
2026-05-01 03:34:35.265 +06:00 [INF] Music volume set to 73 from MainMenu.SettingsWindow._innerPanel._tabs._innerPanel._audioSettingsTab._scrollPanel._musicSlider._slider
2026-05-01 03:34:35.282 +06:00 [INF] Music volume set to 72 from MainMenu.SettingsWindow._innerPanel._tabs._innerPanel._audioSettingsTab._scrollPanel._musicSlider._slider
2026-05-01 03:34:35.298 +06:00 [INF] Music volume set to 71 from MainMenu.SettingsWindow._innerPanel._tabs._innerPanel._audioSettingsTab._scrollPanel._musicSlider._slider
2026-05-01 03:34:35.314 +06:00 [INF] Music volume set to 70 from MainMenu.SettingsWindow._innerPanel._tabs._innerPanel._audioSettingsTab._scrollPanel._musicSlider._slider
2026-05-01 03:34:35.331 +06:00 [INF] Music volume set to 69 from MainMenu.SettingsWindow._innerPanel._tabs._innerPanel._audioSettingsTab._scrollPanel._musicSlider._slider
2026-05-01 03:34:35.365 +06:00 [INF] Music volume set to 68 from MainMenu.SettingsWindow._innerPanel._tabs._innerPanel._audioSettingsTab._scrollPanel._musicSlider._slider
2026-05-01 03:34:35.381 +06:00 [INF] Music volume set to 67 from MainMenu.SettingsWindow._innerPanel._tabs._innerPanel._audioSettingsTab._scrollPanel._musicSlider._slider
2026-05-01 03:34:35.398 +06:00 [INF] Music volume set to 66 from MainMenu.SettingsWindow._innerPanel._tabs._innerPanel._audioSettingsTab._scrollPanel._musicSlider._slider
2026-05-01 03:34:35.415 +06:00 [INF] Music volume set to 65 from MainMenu.SettingsWindow._innerPanel._tabs._innerPanel._audioSettingsTab._scrollPanel._musicSlider._slider
2026-05-01 03:34:35.432 +06:00 [INF] Music volume set to 64 from MainMenu.SettingsWindow._innerPanel._tabs._innerPanel._audioSettingsTab._scrollPanel._musicSlider._slider
2026-05-01 03:34:35.448 +06:00 [INF] Music volume set to 63 from MainMenu.SettingsWindow._innerPanel._tabs._innerPanel._audioSettingsTab._scrollPanel._musicSlider._slider
2026-05-01 03:34:35.466 +06:00 [INF] Music volume set to 62 from MainMenu.SettingsWindow._innerPanel._tabs._innerPanel._audioSettingsTab._scrollPanel._musicSlider._slider
2026-05-01 03:34:35.499 +06:00 [INF] Music volume set to 61 from MainMenu.SettingsWindow._innerPanel._tabs._innerPanel._audioSettingsTab._scrollPanel._musicSlider._slider
2026-05-01 03:34:35.515 +06:00 [INF] Music volume set to 60 from MainMenu.SettingsWindow._innerPanel._tabs._innerPanel._audioSettingsTab._scrollPanel._musicSlider._slider
2026-05-01 03:34:35.532 +06:00 [INF] Music volume set to 59 from MainMenu.SettingsWindow._innerPanel._tabs._innerPanel._audioSettingsTab._scrollPanel._musicSlider._slider
2026-05-01 03:34:35.566 +06:00 [INF] Music volume set to 58 from MainMenu.SettingsWindow._innerPanel._tabs._innerPanel._audioSettingsTab._scrollPanel._musicSlider._slider
2026-05-01 03:34:35.598 +06:00 [INF] Music volume set to 57 from MainMenu.SettingsWindow._innerPanel._tabs._innerPanel._audioSettingsTab._scrollPanel._musicSlider._slider
2026-05-01 03:34:35.633 +06:00 [INF] Music volume set to 56 from MainMenu.SettingsWindow._innerPanel._tabs._innerPanel._audioSettingsTab._scrollPanel._musicSlider._slider
2026-05-01 03:34:35.665 +06:00 [INF] Music volume set to 55 from MainMenu.SettingsWindow._innerPanel._tabs._innerPanel._audioSettingsTab._scrollPanel._musicSlider._slider
2026-05-01 03:34:35.682 +06:00 [INF] Music volume set to 54 from MainMenu.SettingsWindow._innerPanel._tabs._innerPanel._audioSettingsTab._scrollPanel._musicSlider._slider
2026-05-01 03:34:35.715 +06:00 [INF] Music volume set to 53 from MainMenu.SettingsWindow._innerPanel._tabs._innerPanel._audioSettingsTab._scrollPanel._musicSlider._slider
2026-05-01 03:34:35.751 +06:00 [INF] Music volume set to 52 from MainMenu.SettingsWindow._innerPanel._tabs._innerPanel._audioSettingsTab._scrollPanel._musicSlider._slider
2026-05-01 03:34:35.781 +06:00 [INF] Music volume set to 51 from MainMenu.SettingsWindow._innerPanel._tabs._innerPanel._audioSettingsTab._scrollPanel._musicSlider._slider
2026-05-01 03:34:35.798 +06:00 [INF] Music volume set to 50 from MainMenu.SettingsWindow._innerPanel._tabs._innerPanel._audioSettingsTab._scrollPanel._musicSlider._slider
2026-05-01 03:34:35.832 +06:00 [INF] Music volume set to 49 from MainMenu.SettingsWindow._innerPanel._tabs._innerPanel._audioSettingsTab._scrollPanel._musicSlider._slider
2026-05-01 03:34:35.865 +06:00 [INF] Music volume set to 48 from MainMenu.SettingsWindow._innerPanel._tabs._innerPanel._audioSettingsTab._scrollPanel._musicSlider._slider
2026-05-01 03:34:35.881 +06:00 [INF] Music volume set to 47 from MainMenu.SettingsWindow._innerPanel._tabs._innerPanel._audioSettingsTab._scrollPanel._musicSlider._slider
2026-05-01 03:34:35.932 +06:00 [INF] Music volume set to 46 from MainMenu.SettingsWindow._innerPanel._tabs._innerPanel._audioSettingsTab._scrollPanel._musicSlider._slider
2026-05-01 03:34:35.965 +06:00 [INF] Music volume set to 45 from MainMenu.SettingsWindow._innerPanel._tabs._innerPanel._audioSettingsTab._scrollPanel._musicSlider._slider
2026-05-01 03:34:36.048 +06:00 [INF] Music volume set to 44 from MainMenu.SettingsWindow._innerPanel._tabs._innerPanel._audioSettingsTab._scrollPanel._musicSlider._slider
2026-05-01 03:34:36.433 +06:00 [INF] Music volume set to 43 from MainMenu.SettingsWindow._innerPanel._tabs._innerPanel._audioSettingsTab._scrollPanel._musicSlider._slider
2026-05-01 03:34:36.465 +06:00 [INF] Music volume set to 42 from MainMenu.SettingsWindow._innerPanel._tabs._innerPanel._audioSettingsTab._scrollPanel._musicSlider._slider
2026-05-01 03:34:36.514 +06:00 [INF] Music volume set to 41 from MainMenu.SettingsWindow._innerPanel._tabs._innerPanel._audioSettingsTab._scrollPanel._musicSlider._slider
2026-05-01 03:34:36.565 +06:00 [INF] Music volume set to 40 from MainMenu.SettingsWindow._innerPanel._tabs._innerPanel._audioSettingsTab._scrollPanel._musicSlider._slider
2026-05-01 03:34:36.631 +06:00 [INF] Music volume set to 39 from MainMenu.SettingsWindow._innerPanel._tabs._innerPanel._audioSettingsTab._scrollPanel._musicSlider._slider
2026-05-01 03:34:36.666 +06:00 [INF] Music volume set to 38 from MainMenu.SettingsWindow._innerPanel._tabs._innerPanel._audioSettingsTab._scrollPanel._musicSlider._slider
2026-05-01 03:34:36.731 +06:00 [INF] Music volume set to 37 from MainMenu.SettingsWindow._innerPanel._tabs._innerPanel._audioSettingsTab._scrollPanel._musicSlider._slider
2026-05-01 03:34:36.865 +06:00 [INF] Music volume set to 36 from MainMenu.SettingsWindow._innerPanel._tabs._innerPanel._audioSettingsTab._scrollPanel._musicSlider._slider
2026-05-01 03:34:36.932 +06:00 [INF] Music volume set to 35 from MainMenu.SettingsWindow._innerPanel._tabs._innerPanel._audioSettingsTab._scrollPanel._musicSlider._slider
2026-05-01 03:34:36.999 +06:00 [INF] Music volume set to 34 from MainMenu.SettingsWindow._innerPanel._tabs._innerPanel._audioSettingsTab._scrollPanel._musicSlider._slider
2026-05-01 03:34:37.048 +06:00 [INF] Music volume set to 33 from MainMenu.SettingsWindow._innerPanel._tabs._innerPanel._audioSettingsTab._scrollPanel._musicSlider._slider
2026-05-01 03:34:37.148 +06:00 [INF] Music volume set to 32 from MainMenu.SettingsWindow._innerPanel._tabs._innerPanel._audioSettingsTab._scrollPanel._musicSlider._slider
2026-05-01 03:34:37.248 +06:00 [INF] Music volume set to 31 from MainMenu.SettingsWindow._innerPanel._tabs._innerPanel._audioSettingsTab._scrollPanel._musicSlider._slider
2026-05-01 03:34:37.314 +06:00 [INF] Music volume set to 30 from MainMenu.SettingsWindow._innerPanel._tabs._innerPanel._audioSettingsTab._scrollPanel._musicSlider._slider
2026-05-01 03:34:37.348 +06:00 [INF] Music volume set to 29 from MainMenu.SettingsWindow._innerPanel._tabs._innerPanel._audioSettingsTab._scrollPanel._musicSlider._slider
2026-05-01 03:34:37.398 +06:00 [INF] Music volume set to 28 from MainMenu.SettingsWindow._innerPanel._tabs._innerPanel._audioSettingsTab._scrollPanel._musicSlider._slider
2026-05-01 03:34:37.465 +06:00 [INF] Music volume set to 27 from MainMenu.SettingsWindow._innerPanel._tabs._innerPanel._audioSettingsTab._scrollPanel._musicSlider._slider
2026-05-01 03:34:37.498 +06:00 [INF] Music volume set to 26 from MainMenu.SettingsWindow._innerPanel._tabs._innerPanel._audioSettingsTab._scrollPanel._musicSlider._slider
2026-05-01 03:34:37.531 +06:00 [INF] Music volume set to 25 from MainMenu.SettingsWindow._innerPanel._tabs._innerPanel._audioSettingsTab._scrollPanel._musicSlider._slider
2026-05-01 03:34:37.565 +06:00 [INF] Music volume set to 24 from MainMenu.SettingsWindow._innerPanel._tabs._innerPanel._audioSettingsTab._scrollPanel._musicSlider._slider
2026-05-01 03:34:37.614 +06:00 [INF] Music volume set to 23 from MainMenu.SettingsWindow._innerPanel._tabs._innerPanel._audioSettingsTab._scrollPanel._musicSlider._slider
2026-05-01 03:34:37.665 +06:00 [INF] Music volume set to 22 from MainMenu.SettingsWindow._innerPanel._tabs._innerPanel._audioSettingsTab._scrollPanel._musicSlider._slider
2026-05-01 03:34:37.781 +06:00 [INF] Music volume set to 21 from MainMenu.SettingsWindow._innerPanel._tabs._innerPanel._audioSettingsTab._scrollPanel._musicSlider._slider
2026-05-01 03:34:38.165 +06:00 [INF] Music volume set to 22 from MainMenu.SettingsWindow._innerPanel._tabs._innerPanel._audioSettingsTab._scrollPanel._musicSlider._slider
2026-05-01 03:34:38.181 +06:00 [INF] Music volume set to 23 from MainMenu.SettingsWindow._innerPanel._tabs._innerPanel._audioSettingsTab._scrollPanel._musicSlider._slider
2026-05-01 03:34:38.198 +06:00 [INF] Music volume set to 24 from MainMenu.SettingsWindow._innerPanel._tabs._innerPanel._audioSettingsTab._scrollPanel._musicSlider._slider
2026-05-01 03:34:38.214 +06:00 [INF] Music volume set to 25 from MainMenu.SettingsWindow._innerPanel._tabs._innerPanel._audioSettingsTab._scrollPanel._musicSlider._slider
2026-05-01 03:34:38.231 +06:00 [INF] Music volume set to 26 from MainMenu.SettingsWindow._innerPanel._tabs._innerPanel._audioSettingsTab._scrollPanel._musicSlider._slider
2026-05-01 03:34:38.248 +06:00 [INF] Music volume set to 27 from MainMenu.SettingsWindow._innerPanel._tabs._innerPanel._audioSettingsTab._scrollPanel._musicSlider._slider
2026-05-01 03:34:38.265 +06:00 [INF] Music volume set to 28 from MainMenu.SettingsWindow._innerPanel._tabs._innerPanel._audioSettingsTab._scrollPanel._musicSlider._slider
2026-05-01 03:34:38.281 +06:00 [INF] Music volume set to 29 from MainMenu.SettingsWindow._innerPanel._tabs._innerPanel._audioSettingsTab._scrollPanel._musicSlider._slider
2026-05-01 03:34:38.298 +06:00 [INF] Music volume set to 30 from MainMenu.SettingsWindow._innerPanel._tabs._innerPanel._audioSettingsTab._scrollPanel._musicSlider._slider
2026-05-01 03:34:38.314 +06:00 [INF] Music volume set to 31 from MainMenu.SettingsWindow._innerPanel._tabs._innerPanel._audioSettingsTab._scrollPanel._musicSlider._slider
2026-05-01 03:34:38.331 +06:00 [INF] Music volume set to 32 from MainMenu.SettingsWindow._innerPanel._tabs._innerPanel._audioSettingsTab._scrollPanel._musicSlider._slider
2026-05-01 03:34:38.348 +06:00 [INF] Music volume set to 33 from MainMenu.SettingsWindow._innerPanel._tabs._innerPanel._audioSettingsTab._scrollPanel._musicSlider._slider
2026-05-01 03:34:38.365 +06:00 [INF] Music volume set to 35 from MainMenu.SettingsWindow._innerPanel._tabs._innerPanel._audioSettingsTab._scrollPanel._musicSlider._slider
2026-05-01 03:34:38.381 +06:00 [INF] Music volume set to 37 from MainMenu.SettingsWindow._innerPanel._tabs._innerPanel._audioSettingsTab._scrollPanel._musicSlider._slider
2026-05-01 03:34:38.398 +06:00 [INF] Music volume set to 38 from MainMenu.SettingsWindow._innerPanel._tabs._innerPanel._audioSettingsTab._scrollPanel._musicSlider._slider
2026-05-01 03:34:38.414 +06:00 [INF] Music volume set to 39 from MainMenu.SettingsWindow._innerPanel._tabs._innerPanel._audioSettingsTab._scrollPanel._musicSlider._slider
2026-05-01 03:34:38.614 +06:00 [INF] Music volume set to 38 from MainMenu.SettingsWindow._innerPanel._tabs._innerPanel._audioSettingsTab._scrollPanel._musicSlider._slider
2026-05-01 03:34:38.665 +06:00 [INF] Music volume set to 37 from MainMenu.SettingsWindow._innerPanel._tabs._innerPanel._audioSettingsTab._scrollPanel._musicSlider._slider
2026-05-01 03:34:38.998 +06:00 [INF] Music volume set to 38 from MainMenu.SettingsWindow._innerPanel._tabs._innerPanel._audioSettingsTab._scrollPanel._musicSlider._slider
2026-05-01 03:34:39.433 +06:00 [INF] Music volume set to 39 from MainMenu.SettingsWindow._innerPanel._tabs._innerPanel._audioSettingsTab._scrollPanel._musicSlider._slider
2026-05-01 03:34:40.181 +06:00 [INF] Music volume set to 40 from MainMenu.SettingsWindow._innerPanel._tabs._innerPanel._audioSettingsTab._scrollPanel._musicSlider._slider
2026-05-01 03:34:57.750 +06:00 [INF] Music volume set to 39 from MainMenu.SettingsWindow._innerPanel._tabs._innerPanel._audioSettingsTab._scrollPanel._musicSlider._slider
2026-05-01 03:34:57.784 +06:00 [INF] Music volume set to 38 from MainMenu.SettingsWindow._innerPanel._tabs._innerPanel._audioSettingsTab._scrollPanel._musicSlider._slider
2026-05-01 03:34:57.832 +06:00 [INF] Music volume set to 37 from MainMenu.SettingsWindow._innerPanel._tabs._innerPanel._audioSettingsTab._scrollPanel._musicSlider._slider
2026-05-01 03:34:57.865 +06:00 [INF] Music volume set to 36 from MainMenu.SettingsWindow._innerPanel._tabs._innerPanel._audioSettingsTab._scrollPanel._musicSlider._slider
2026-05-01 03:34:57.898 +06:00 [INF] Music volume set to 35 from MainMenu.SettingsWindow._innerPanel._tabs._innerPanel._audioSettingsTab._scrollPanel._musicSlider._slider
2026-05-01 03:34:57.949 +06:00 [INF] Music volume set to 34 from MainMenu.SettingsWindow._innerPanel._tabs._innerPanel._audioSettingsTab._scrollPanel._musicSlider._slider
2026-05-01 03:34:58.016 +06:00 [INF] Music volume set to 33 from MainMenu.SettingsWindow._innerPanel._tabs._innerPanel._audioSettingsTab._scrollPanel._musicSlider._slider
2026-05-01 03:34:58.064 +06:00 [INF] Music volume set to 32 from MainMenu.SettingsWindow._innerPanel._tabs._innerPanel._audioSettingsTab._scrollPanel._musicSlider._slider
2026-05-01 03:34:58.148 +06:00 [INF] Music volume set to 31 from MainMenu.SettingsWindow._innerPanel._tabs._innerPanel._audioSettingsTab._scrollPanel._musicSlider._slider
2026-05-01 03:34:58.231 +06:00 [INF] Music volume set to 30 from MainMenu.SettingsWindow._innerPanel._tabs._innerPanel._audioSettingsTab._scrollPanel._musicSlider._slider
2026-05-01 03:34:58.315 +06:00 [INF] Music volume set to 29 from MainMenu.SettingsWindow._innerPanel._tabs._innerPanel._audioSettingsTab._scrollPanel._musicSlider._slider
2026-05-01 03:34:59.047 +06:00 [INF] Music volume set to 30 from MainMenu.SettingsWindow._innerPanel._tabs._innerPanel._audioSettingsTab._scrollPanel._musicSlider._slider
2026-05-01 03:35:11.641 +06:00 [INF] Music volume set to 28 from MainMenu.SettingsWindow._innerPanel._tabs._innerPanel._audioSettingsTab._scrollPanel._musicSlider._slider
2026-05-01 03:35:11.683 +06:00 [INF] Music volume set to 27 from MainMenu.SettingsWindow._innerPanel._tabs._innerPanel._audioSettingsTab._scrollPanel._musicSlider._slider
2026-05-01 03:35:11.701 +06:00 [INF] Music volume set to 26 from MainMenu.SettingsWindow._innerPanel._tabs._innerPanel._audioSettingsTab._scrollPanel._musicSlider._slider
2026-05-01 03:35:11.717 +06:00 [INF] Music volume set to 25 from MainMenu.SettingsWindow._innerPanel._tabs._innerPanel._audioSettingsTab._scrollPanel._musicSlider._slider
2026-05-01 03:35:11.750 +06:00 [INF] Music volume set to 24 from MainMenu.SettingsWindow._innerPanel._tabs._innerPanel._audioSettingsTab._scrollPanel._musicSlider._slider
2026-05-01 03:35:11.782 +06:00 [INF] Music volume set to 23 from MainMenu.SettingsWindow._innerPanel._tabs._innerPanel._audioSettingsTab._scrollPanel._musicSlider._slider
2026-05-01 03:35:11.799 +06:00 [INF] Music volume set to 22 from MainMenu.SettingsWindow._innerPanel._tabs._innerPanel._audioSettingsTab._scrollPanel._musicSlider._slider
2026-05-01 03:35:11.848 +06:00 [INF] Music volume set to 21 from MainMenu.SettingsWindow._innerPanel._tabs._innerPanel._audioSettingsTab._scrollPanel._musicSlider._slider
2026-05-01 03:35:11.948 +06:00 [INF] Music volume set to 20 from MainMenu.SettingsWindow._innerPanel._tabs._innerPanel._audioSettingsTab._scrollPanel._musicSlider._slider
2026-05-01 03:35:12.047 +06:00 [INF] Music volume set to 19 from MainMenu.SettingsWindow._innerPanel._tabs._innerPanel._audioSettingsTab._scrollPanel._musicSlider._slider
2026-05-01 03:35:12.214 +06:00 [INF] Music volume set to 18 from MainMenu.SettingsWindow._innerPanel._tabs._innerPanel._audioSettingsTab._scrollPanel._musicSlider._slider
2026-05-01 03:35:12.447 +06:00 [INF] Music volume set to 19 from MainMenu.SettingsWindow._innerPanel._tabs._innerPanel._audioSettingsTab._scrollPanel._musicSlider._slider
2026-05-01 03:35:12.564 +06:00 [INF] Music volume set to 20 from MainMenu.SettingsWindow._innerPanel._tabs._innerPanel._audioSettingsTab._scrollPanel._musicSlider._slider
2026-05-01 03:35:12.714 +06:00 [INF] Music volume set to 21 from MainMenu.SettingsWindow._innerPanel._tabs._innerPanel._audioSettingsTab._scrollPanel._musicSlider._slider
2026-05-01 03:35:13.131 +06:00 [INF] Music volume set to 22 from MainMenu.SettingsWindow._innerPanel._tabs._innerPanel._audioSettingsTab._scrollPanel._musicSlider._slider
2026-05-01 03:35:13.681 +06:00 [INF] Music volume set to 21 from MainMenu.SettingsWindow._innerPanel._tabs._innerPanel._audioSettingsTab._scrollPanel._musicSlider._slider
2026-05-01 03:35:14.147 +06:00 [INF] Music volume set to 20 from MainMenu.SettingsWindow._innerPanel._tabs._innerPanel._audioSettingsTab._scrollPanel._musicSlider._slider
2026-05-01 03:35:22.764 +06:00 [INF] Sound volume set to 16 from MainMenu.SettingsWindow._innerPanel._tabs._innerPanel._audioSettingsTab._scrollPanel._soundEffectsSlider._slider
2026-05-01 03:35:22.780 +06:00 [INF] Sound volume set to 17 from MainMenu.SettingsWindow._innerPanel._tabs._innerPanel._audioSettingsTab._scrollPanel._soundEffectsSlider._slider
2026-05-01 03:35:22.798 +06:00 [INF] Sound volume set to 18 from MainMenu.SettingsWindow._innerPanel._tabs._innerPanel._audioSettingsTab._scrollPanel._soundEffectsSlider._slider
2026-05-01 03:35:22.814 +06:00 [INF] Sound volume set to 19 from MainMenu.SettingsWindow._innerPanel._tabs._innerPanel._audioSettingsTab._scrollPanel._soundEffectsSlider._slider
2026-05-01 03:35:22.831 +06:00 [INF] Sound volume set to 20 from MainMenu.SettingsWindow._innerPanel._tabs._innerPanel._audioSettingsTab._scrollPanel._soundEffectsSlider._slider
2026-05-01 03:35:22.847 +06:00 [INF] Sound volume set to 22 from MainMenu.SettingsWindow._innerPanel._tabs._innerPanel._audioSettingsTab._scrollPanel._soundEffectsSlider._slider
2026-05-01 03:35:22.864 +06:00 [INF] Sound volume set to 24 from MainMenu.SettingsWindow._innerPanel._tabs._innerPanel._audioSettingsTab._scrollPanel._soundEffectsSlider._slider
2026-05-01 03:35:22.880 +06:00 [INF] Sound volume set to 27 from MainMenu.SettingsWindow._innerPanel._tabs._innerPanel._audioSettingsTab._scrollPanel._soundEffectsSlider._slider
2026-05-01 03:35:22.897 +06:00 [INF] Sound volume set to 30 from MainMenu.SettingsWindow._innerPanel._tabs._innerPanel._audioSettingsTab._scrollPanel._soundEffectsSlider._slider
2026-05-01 03:35:22.913 +06:00 [INF] Sound volume set to 33 from MainMenu.SettingsWindow._innerPanel._tabs._innerPanel._audioSettingsTab._scrollPanel._soundEffectsSlider._slider
2026-05-01 03:35:22.931 +06:00 [INF] Sound volume set to 36 from MainMenu.SettingsWindow._innerPanel._tabs._innerPanel._audioSettingsTab._scrollPanel._soundEffectsSlider._slider
2026-05-01 03:35:22.947 +06:00 [INF] Sound volume set to 40 from MainMenu.SettingsWindow._innerPanel._tabs._innerPanel._audioSettingsTab._scrollPanel._soundEffectsSlider._slider
2026-05-01 03:35:22.964 +06:00 [INF] Sound volume set to 44 from MainMenu.SettingsWindow._innerPanel._tabs._innerPanel._audioSettingsTab._scrollPanel._soundEffectsSlider._slider
2026-05-01 03:35:22.980 +06:00 [INF] Sound volume set to 49 from MainMenu.SettingsWindow._innerPanel._tabs._innerPanel._audioSettingsTab._scrollPanel._soundEffectsSlider._slider
2026-05-01 03:35:22.998 +06:00 [INF] Sound volume set to 53 from MainMenu.SettingsWindow._innerPanel._tabs._innerPanel._audioSettingsTab._scrollPanel._soundEffectsSlider._slider
2026-05-01 03:35:23.014 +06:00 [INF] Sound volume set to 57 from MainMenu.SettingsWindow._innerPanel._tabs._innerPanel._audioSettingsTab._scrollPanel._soundEffectsSlider._slider
2026-05-01 03:35:23.031 +06:00 [INF] Sound volume set to 61 from MainMenu.SettingsWindow._innerPanel._tabs._innerPanel._audioSettingsTab._scrollPanel._soundEffectsSlider._slider
2026-05-01 03:35:23.047 +06:00 [INF] Sound volume set to 66 from MainMenu.SettingsWindow._innerPanel._tabs._innerPanel._audioSettingsTab._scrollPanel._soundEffectsSlider._slider
2026-05-01 03:35:23.066 +06:00 [INF] Sound volume set to 70 from MainMenu.SettingsWindow._innerPanel._tabs._innerPanel._audioSettingsTab._scrollPanel._soundEffectsSlider._slider
2026-05-01 03:35:23.080 +06:00 [INF] Sound volume set to 74 from MainMenu.SettingsWindow._innerPanel._tabs._innerPanel._audioSettingsTab._scrollPanel._soundEffectsSlider._slider
2026-05-01 03:35:23.097 +06:00 [INF] Sound volume set to 77 from MainMenu.SettingsWindow._innerPanel._tabs._innerPanel._audioSettingsTab._scrollPanel._soundEffectsSlider._slider
2026-05-01 03:35:23.114 +06:00 [INF] Sound volume set to 80 from MainMenu.SettingsWindow._innerPanel._tabs._innerPanel._audioSettingsTab._scrollPanel._soundEffectsSlider._slider
2026-05-01 03:35:23.131 +06:00 [INF] Sound volume set to 82 from MainMenu.SettingsWindow._innerPanel._tabs._innerPanel._audioSettingsTab._scrollPanel._soundEffectsSlider._slider
2026-05-01 03:35:23.147 +06:00 [INF] Sound volume set to 85 from MainMenu.SettingsWindow._innerPanel._tabs._innerPanel._audioSettingsTab._scrollPanel._soundEffectsSlider._slider
2026-05-01 03:35:23.164 +06:00 [INF] Sound volume set to 87 from MainMenu.SettingsWindow._innerPanel._tabs._innerPanel._audioSettingsTab._scrollPanel._soundEffectsSlider._slider
2026-05-01 03:35:23.180 +06:00 [INF] Sound volume set to 89 from MainMenu.SettingsWindow._innerPanel._tabs._innerPanel._audioSettingsTab._scrollPanel._soundEffectsSlider._slider
2026-05-01 03:35:23.197 +06:00 [INF] Sound volume set to 91 from MainMenu.SettingsWindow._innerPanel._tabs._innerPanel._audioSettingsTab._scrollPanel._soundEffectsSlider._slider
2026-05-01 03:35:23.214 +06:00 [INF] Sound volume set to 92 from MainMenu.SettingsWindow._innerPanel._tabs._innerPanel._audioSettingsTab._scrollPanel._soundEffectsSlider._slider
2026-05-01 03:35:23.231 +06:00 [INF] Sound volume set to 94 from MainMenu.SettingsWindow._innerPanel._tabs._innerPanel._audioSettingsTab._scrollPanel._soundEffectsSlider._slider
2026-05-01 03:35:23.247 +06:00 [INF] Sound volume set to 95 from MainMenu.SettingsWindow._innerPanel._tabs._innerPanel._audioSettingsTab._scrollPanel._soundEffectsSlider._slider
2026-05-01 03:35:23.264 +06:00 [INF] Sound volume set to 96 from MainMenu.SettingsWindow._innerPanel._tabs._innerPanel._audioSettingsTab._scrollPanel._soundEffectsSlider._slider
2026-05-01 03:35:23.280 +06:00 [INF] Sound volume set to 97 from MainMenu.SettingsWindow._innerPanel._tabs._innerPanel._audioSettingsTab._scrollPanel._soundEffectsSlider._slider
2026-05-01 03:35:23.297 +06:00 [INF] Sound volume set to 98 from MainMenu.SettingsWindow._innerPanel._tabs._innerPanel._audioSettingsTab._scrollPanel._soundEffectsSlider._slider
2026-05-01 03:35:23.314 +06:00 [INF] Sound volume set to 99 from MainMenu.SettingsWindow._innerPanel._tabs._innerPanel._audioSettingsTab._scrollPanel._soundEffectsSlider._slider
2026-05-01 03:35:23.331 +06:00 [INF] Sound volume set to 100 from MainMenu.SettingsWindow._innerPanel._tabs._innerPanel._audioSettingsTab._scrollPanel._soundEffectsSlider._slider
2026-05-01 03:35:25.931 +06:00 [INF] Music volume set to 19 from MainMenu.SettingsWindow._innerPanel._tabs._innerPanel._audioSettingsTab._scrollPanel._musicSlider._slider
2026-05-01 03:35:40.214 +06:00 [INF] Music volume set to 20 from MainMenu.SettingsWindow._innerPanel._tabs._innerPanel._audioSettingsTab._scrollPanel._musicSlider._slider
2026-05-01 03:35:40.415 +06:00 [INF] Music volume set to 21 from MainMenu.SettingsWindow._innerPanel._tabs._innerPanel._audioSettingsTab._scrollPanel._musicSlider._slider
2026-05-01 03:35:42.247 +06:00 [INF] Music volume set to 20 from MainMenu.SettingsWindow._innerPanel._tabs._innerPanel._audioSettingsTab._scrollPanel._musicSlider._slider
2026-05-01 03:36:33.496 +06:00 [INF] User clicked exit button.
2026-05-01 03:36:33.688 +06:00 [INF] System window closing (due to user interaction most likely).
2026-05-01 03:36:33.729 +06:00 [INF] Acquiring context lock... (0ms)
2026-05-01 03:36:33.729 +06:00 [INF] Acquired. (0ms)
2026-05-01 03:36:33.730 +06:00 [INF] Beginning context dispose. (0ms)
2026-05-01 03:36:33.730 +06:00 [INF] GC.SuppressFinalize (0ms)
2026-05-01 03:36:33.730 +06:00 [INF] InternalDispose() completed. (0ms)
2026-05-01 03:36:33.730 +06:00 [INF] Clearing instance... (1ms)
2026-05-01 03:36:33.730 +06:00 [INF] Releasing context lock... (1ms)
2026-05-01 03:36:33.730 +06:00 [INF] Released. (1ms)
