2026-04-17 11:31:09.562 +06:00 [INF] Starting Intersect Client v0.8.0.0-custom+32d39132dace1351f63375b261f241297dd35be8-dirty
2026-04-17 11:31:09.820 +06:00 [INF] Discovered service type: Intersect.Plugins.PluginService
2026-04-17 11:31:09.824 +06:00 [WRN] Directory was specified as a plugin directory but does not exist: 'resources\plugins'
2026-04-17 11:31:09.825 +06:00 [INF] Discovered 0 plugins:

2026-04-17 11:31:13.017 +06:00 [INF] Connecting to 127.0.0.1:5400...
2026-04-17 11:31:13.042 +06:00 [INF] Connected [cc56954e-e2af-43c0-b361-2d9c62f02b4d].
2026-04-17 11:31:13.078 +06:00 [INF] Connection approved [cc56954e-e2af-43c0-b361-2d9c62f02b4d].
2026-04-17 11:31:13.165 +06:00 [INF] Updated PermissionSet 'default'
2026-04-17 11:31:18.187 +06:00 [INF] Updated PermissionSet 'admin'
2026-04-17 11:31:18.187 +06:00 [INF] Updating active permission set to 'admin'
2026-04-17 11:31:18.347 +06:00 [WRN] Unable to add '_buttonLogout' to the JSON of MainMenu.SelectCharacterWindow._innerPanel._buttonsPanel because a sibling shares the same name
2026-04-17 11:31:19.610 +06:00 [WRN] 'Me' is null.
2026-04-17 11:31:20.177 +06:00 [INF] Built VBO for map 850ddb26-5568-4376-b8e0-346c04cb81ef 'forest' in 40.0116ms
2026-04-17 11:34:30.901 +06:00 [INF] System window closing (due to user interaction most likely).
2026-04-17 11:34:30.904 +06:00 [INF] Disconnected [cc56954e-e2af-43c0-b361-2d9c62f02b4d].
2026-04-17 11:34:30.904 +06:00 [INF] Updating active permission set to 'default'
2026-04-17 11:34:30.985 +06:00 [INF] Acquiring context lock... (0ms)
2026-04-17 11:34:30.985 +06:00 [INF] Acquired. (0ms)
2026-04-17 11:34:30.986 +06:00 [INF] Beginning context dispose. (0ms)
2026-04-17 11:34:30.986 +06:00 [INF] GC.SuppressFinalize (0ms)
2026-04-17 11:34:30.986 +06:00 [INF] InternalDispose() completed. (0ms)
2026-04-17 11:34:30.986 +06:00 [INF] Clearing instance... (1ms)
2026-04-17 11:34:30.987 +06:00 [INF] Releasing context lock... (1ms)
2026-04-17 11:34:30.987 +06:00 [INF] Released. (1ms)
