2026-06-01 00:52:23.583 +02:00 [INF] Starting Intersect Client v0.8.0.0-custom+32d39132dace1351f63375b261f241297dd35be8-dirty
2026-06-01 00:52:23.878 +02:00 [INF] Discovered service type: Intersect.Plugins.PluginService
2026-06-01 00:52:23.882 +02:00 [WRN] Directory was specified as a plugin directory but does not exist: 'resources\plugins'
2026-06-01 00:52:23.883 +02:00 [INF] Discovered 0 plugins:

2026-06-01 00:52:26.081 +02:00 [INF] Connecting to 127.0.0.1:5400...
2026-06-01 00:52:26.090 +02:00 [INF] Connected [82d01a0c-946a-4faa-9b8a-ff242f64211d].
2026-06-01 00:52:26.121 +02:00 [INF] Connection approved [82d01a0c-946a-4faa-9b8a-ff242f64211d].
2026-06-01 00:52:26.204 +02:00 [INF] Updated PermissionSet 'default'
2026-06-01 00:52:26.205 +02:00 [INF] Updated PermissionSet 'admin'
2026-06-01 00:52:29.712 +02:00 [INF] Updating active permission set to 'admin'
2026-06-01 00:52:30.287 +02:00 [WRN] 'Me' is null.
2026-06-01 00:52:31.315 +02:00 [INF] Built VBO for map a31f210c-f5fb-48bf-9db2-45fab2293a4c 'Forest' in 136.5454ms
2026-06-01 00:52:31.467 +02:00 [INF] Built VBO for map 27c6a7b2-4e9f-4316-9a0f-e13ec8e16ba2 'Forest' in 95.3888ms
2026-06-01 00:52:34.729 +02:00 [INF] Built VBO for map 27c6a7b2-4e9f-4316-9a0f-e13ec8e16ba2 'Forest' in 14.172ms
2026-06-01 00:52:53.493 +02:00 [INF] Built VBO for map e341d25d-5ff4-4cd6-bcd5-2f2cda710c86 'Forest' in 8.5628ms
2026-06-01 00:55:03.460 +02:00 [INF] System window closing (due to user interaction most likely).
2026-06-01 00:55:03.463 +02:00 [INF] Disconnected [82d01a0c-946a-4faa-9b8a-ff242f64211d].
2026-06-01 00:55:03.464 +02:00 [INF] Updating active permission set to 'default'
2026-06-01 00:55:03.492 +02:00 [INF] Acquiring context lock... (0ms)
2026-06-01 00:55:03.492 +02:00 [INF] Acquired. (0ms)
2026-06-01 00:55:03.492 +02:00 [INF] Beginning context dispose. (0ms)
2026-06-01 00:55:03.493 +02:00 [INF] GC.SuppressFinalize (0ms)
2026-06-01 00:55:03.493 +02:00 [INF] InternalDispose() completed. (0ms)
2026-06-01 00:55:03.493 +02:00 [INF] Clearing instance... (1ms)
2026-06-01 00:55:03.493 +02:00 [INF] Releasing context lock... (1ms)
2026-06-01 00:55:03.493 +02:00 [INF] Released. (1ms)
