2026-05-01 02:36:42.294 +06:00 [INF] Starting Intersect Client v0.8.0.0-custom+32d39132dace1351f63375b261f241297dd35be8-dirty
2026-05-01 02:36:42.527 +06:00 [INF] Discovered service type: Intersect.Plugins.PluginService
2026-05-01 02:36:42.531 +06:00 [WRN] Directory was specified as a plugin directory but does not exist: 'resources\plugins'
2026-05-01 02:36:42.532 +06:00 [INF] Discovered 0 plugins:

2026-05-01 02:36:44.655 +06:00 [INF] Connecting to 127.0.0.1:5400...
2026-05-01 02:36:44.672 +06:00 [INF] Connected [3eaad5ea-ea6f-4f71-bca1-15636044f8ff].
2026-05-01 02:36:44.692 +06:00 [INF] Connection approved [3eaad5ea-ea6f-4f71-bca1-15636044f8ff].
2026-05-01 02:36:44.779 +06:00 [INF] Updated PermissionSet 'default'
2026-05-01 02:36:49.932 +06:00 [INF] Updated PermissionSet 'admin'
2026-05-01 02:36:49.932 +06:00 [INF] Updating active permission set to 'admin'
2026-05-01 02:36:50.822 +06:00 [WRN] 'Me' is null.
2026-05-01 02:36:51.430 +06:00 [INF] Built VBO for map 27c6a7b2-4e9f-4316-9a0f-e13ec8e16ba2 'Forest' in 9.7321ms
2026-05-01 02:44:21.283 +06:00 [INF] System window closing (due to user interaction most likely).
2026-05-01 02:44:21.287 +06:00 [INF] Disconnected [3eaad5ea-ea6f-4f71-bca1-15636044f8ff].
2026-05-01 02:44:21.288 +06:00 [INF] Updating active permission set to 'default'
2026-05-01 02:44:21.358 +06:00 [INF] Acquiring context lock... (0ms)
2026-05-01 02:44:21.358 +06:00 [INF] Acquired. (0ms)
2026-05-01 02:44:21.359 +06:00 [INF] Beginning context dispose. (0ms)
2026-05-01 02:44:21.359 +06:00 [INF] GC.SuppressFinalize (0ms)
2026-05-01 02:44:21.359 +06:00 [INF] InternalDispose() completed. (0ms)
2026-05-01 02:44:21.359 +06:00 [INF] Clearing instance... (1ms)
2026-05-01 02:44:21.359 +06:00 [INF] Releasing context lock... (1ms)
2026-05-01 02:44:21.359 +06:00 [INF] Released. (1ms)
