2026-05-18 19:44:26.335 +02:00 [INF] Starting Intersect Client v0.8.0.0-custom+32d39132dace1351f63375b261f241297dd35be8-dirty
2026-05-18 19:44:26.544 +02:00 [INF] Discovered service type: Intersect.Plugins.PluginService
2026-05-18 19:44:26.548 +02:00 [WRN] Directory was specified as a plugin directory but does not exist: 'resources\plugins'
2026-05-18 19:44:26.549 +02:00 [INF] Discovered 0 plugins:

2026-05-18 19:44:28.952 +02:00 [INF] Connecting to 127.0.0.1:5400...
2026-05-18 19:44:28.960 +02:00 [INF] Connected [6df6e08b-34d1-4efd-8b35-c01c949ab7ac].
2026-05-18 19:44:28.965 +02:00 [INF] Connection approved [6df6e08b-34d1-4efd-8b35-c01c949ab7ac].
2026-05-18 19:44:29.054 +02:00 [INF] Updated PermissionSet 'default'
2026-05-18 19:44:33.036 +02:00 [INF] Updated PermissionSet 'admin'
2026-05-18 19:44:33.037 +02:00 [INF] Updating active permission set to 'admin'
2026-05-18 19:44:33.525 +02:00 [WRN] 'Me' is null.
2026-05-18 19:44:34.410 +02:00 [INF] Built VBO for map 27c6a7b2-4e9f-4316-9a0f-e13ec8e16ba2 'Forest' in 62.3185ms
2026-05-18 19:44:43.384 +02:00 [INF] Built VBO for map a31f210c-f5fb-48bf-9db2-45fab2293a4c 'Forest' in 34.6796ms
2026-05-18 19:45:16.445 +02:00 [INF] Built VBO for map a31f210c-f5fb-48bf-9db2-45fab2293a4c 'Forest' in 31.1652ms
2026-05-18 19:45:18.257 +02:00 [INF] Built VBO for map 27c6a7b2-4e9f-4316-9a0f-e13ec8e16ba2 'Forest' in 8.5593ms
2026-05-18 19:46:43.905 +02:00 [INF] Built VBO for map a31f210c-f5fb-48bf-9db2-45fab2293a4c 'Forest' in 30.1834ms
2026-05-18 19:46:43.933 +02:00 [INF] Built VBO for map 27c6a7b2-4e9f-4316-9a0f-e13ec8e16ba2 'Forest' in 8.6263ms
2026-05-18 19:48:42.965 +02:00 [INF] System window closing (due to user interaction most likely).
2026-05-18 19:48:42.967 +02:00 [INF] Disconnected [6df6e08b-34d1-4efd-8b35-c01c949ab7ac].
2026-05-18 19:48:42.968 +02:00 [INF] Updating active permission set to 'default'
2026-05-18 19:48:43.001 +02:00 [INF] Acquiring context lock... (0ms)
2026-05-18 19:48:43.001 +02:00 [INF] Acquired. (0ms)
2026-05-18 19:48:43.001 +02:00 [INF] Beginning context dispose. (0ms)
2026-05-18 19:48:43.002 +02:00 [INF] GC.SuppressFinalize (0ms)
2026-05-18 19:48:43.002 +02:00 [INF] InternalDispose() completed. (0ms)
2026-05-18 19:48:43.002 +02:00 [INF] Clearing instance... (1ms)
2026-05-18 19:48:43.002 +02:00 [INF] Releasing context lock... (1ms)
2026-05-18 19:48:43.002 +02:00 [INF] Released. (1ms)
