2026-05-19 08:25:56.773 +02:00 [INF] Starting Intersect Client v0.8.0.0-custom+32d39132dace1351f63375b261f241297dd35be8-dirty
2026-05-19 08:25:56.992 +02:00 [INF] Discovered service type: Intersect.Plugins.PluginService
2026-05-19 08:25:56.996 +02:00 [WRN] Directory was specified as a plugin directory but does not exist: 'resources\plugins'
2026-05-19 08:25:56.997 +02:00 [INF] Discovered 0 plugins:

2026-05-19 08:25:59.612 +02:00 [INF] Connecting to 127.0.0.1:5400...
2026-05-19 08:25:59.622 +02:00 [INF] Connected [f3362a6c-69d2-495c-9310-1b18540cbfb9].
2026-05-19 08:25:59.640 +02:00 [INF] Connection approved [f3362a6c-69d2-495c-9310-1b18540cbfb9].
2026-05-19 08:25:59.722 +02:00 [INF] Updated PermissionSet 'default'
2026-05-19 08:25:59.722 +02:00 [INF] Updated PermissionSet 'admin'
2026-05-19 08:26:04.974 +02:00 [INF] Updating active permission set to 'admin'
2026-05-19 08:26:05.580 +02:00 [WRN] 'Me' is null.
2026-05-19 08:26:06.377 +02:00 [INF] Built VBO for map 27c6a7b2-4e9f-4316-9a0f-e13ec8e16ba2 'Forest' in 65.3822ms
2026-05-19 08:26:33.007 +02:00 [INF] Built VBO for map 27c6a7b2-4e9f-4316-9a0f-e13ec8e16ba2 'Forest' in 41.2509ms
2026-05-19 08:30:19.007 +02:00 [INF] System window closing (due to user interaction most likely).
2026-05-19 08:30:19.010 +02:00 [INF] Disconnected [f3362a6c-69d2-495c-9310-1b18540cbfb9].
2026-05-19 08:30:19.011 +02:00 [INF] Updating active permission set to 'default'
2026-05-19 08:30:19.041 +02:00 [INF] Acquiring context lock... (0ms)
2026-05-19 08:30:19.041 +02:00 [INF] Acquired. (0ms)
2026-05-19 08:30:19.042 +02:00 [INF] Beginning context dispose. (0ms)
2026-05-19 08:30:19.042 +02:00 [INF] GC.SuppressFinalize (0ms)
2026-05-19 08:30:19.042 +02:00 [INF] InternalDispose() completed. (0ms)
2026-05-19 08:30:19.042 +02:00 [INF] Clearing instance... (1ms)
2026-05-19 08:30:19.043 +02:00 [INF] Releasing context lock... (1ms)
2026-05-19 08:30:19.043 +02:00 [INF] Released. (1ms)
