2026-04-07 03:40:59.689 +06:00 [INF] Starting Intersect Client v0.8.0.0-custom+32d39132dace1351f63375b261f241297dd35be8-dirty
2026-04-07 03:40:59.938 +06:00 [INF] Discovered service type: Intersect.Plugins.PluginService
2026-04-07 03:40:59.941 +06:00 [WRN] Directory was specified as a plugin directory but does not exist: 'resources\plugins'
2026-04-07 03:40:59.942 +06:00 [INF] Discovered 0 plugins:

2026-04-07 03:41:02.082 +06:00 [INF] Connecting to 127.0.0.1:5400...
2026-04-07 03:41:02.090 +06:00 [INF] Connected [eadca1d2-47b0-439c-85ed-b66b3a38ed94].
2026-04-07 03:41:02.098 +06:00 [INF] Connection approved [eadca1d2-47b0-439c-85ed-b66b3a38ed94].
2026-04-07 03:41:02.169 +06:00 [INF] Updated PermissionSet 'default'
2026-04-07 03:41:02.170 +06:00 [INF] Updated PermissionSet 'admin'
2026-04-07 03:41:13.100 +06:00 [WRN] Unable to add '_buttonLogout' to the JSON of MainMenu.SelectCharacterWindow._innerPanel._buttonsPanel because a sibling shares the same name
2026-04-07 03:41:13.669 +06:00 [WRN] 'Me' is null.
2026-04-07 03:41:14.193 +06:00 [INF] Built VBO for map 73ba8458-f8de-4f78-a254-c91b18418ed0 'test 3' in 15.4228ms
2026-04-07 03:41:14.204 +06:00 [INF] Built VBO for map 27c6a7b2-4e9f-4316-9a0f-e13ec8e16ba2 'New Map' in 6.7159ms
2026-04-07 03:55:02.984 +06:00 [INF] Built VBO for map 73ba8458-f8de-4f78-a254-c91b18418ed0 'test 3' in 2.9706ms
2026-04-07 03:59:31.405 +06:00 [INF] System window closing (due to user interaction most likely).
2026-04-07 03:59:31.408 +06:00 [INF] Disconnected [eadca1d2-47b0-439c-85ed-b66b3a38ed94].
2026-04-07 03:59:31.437 +06:00 [INF] Acquiring context lock... (0ms)
2026-04-07 03:59:31.437 +06:00 [INF] Acquired. (0ms)
2026-04-07 03:59:31.437 +06:00 [INF] Beginning context dispose. (0ms)
2026-04-07 03:59:31.438 +06:00 [INF] GC.SuppressFinalize (0ms)
2026-04-07 03:59:31.438 +06:00 [INF] InternalDispose() completed. (0ms)
2026-04-07 03:59:31.438 +06:00 [INF] Clearing instance... (1ms)
2026-04-07 03:59:31.438 +06:00 [INF] Releasing context lock... (1ms)
2026-04-07 03:59:31.438 +06:00 [INF] Released. (1ms)
