2026-04-05 06:43:21.858 +06:00 [INF] Starting Intersect Client v0.8.0.0-custom+32d39132dace1351f63375b261f241297dd35be8-dirty
2026-04-05 06:43:22.177 +06:00 [INF] Discovered service type: Intersect.Plugins.PluginService
2026-04-05 06:43:22.185 +06:00 [WRN] Directory was specified as a plugin directory but does not exist: 'resources\plugins'
2026-04-05 06:43:22.186 +06:00 [INF] Discovered 0 plugins:

2026-04-05 06:43:24.734 +06:00 [INF] Connecting to 127.0.0.1:5400...
2026-04-05 06:43:24.744 +06:00 [INF] Connected [3548f308-2ee7-4756-9c89-c0d9be3bbb7c].
2026-04-05 06:43:24.749 +06:00 [INF] Connection approved [3548f308-2ee7-4756-9c89-c0d9be3bbb7c].
2026-04-05 06:43:24.834 +06:00 [INF] Updated PermissionSet 'default'
2026-04-05 06:43:24.834 +06:00 [INF] Updated PermissionSet 'admin'
2026-04-05 06:43:26.741 +06:00 [INF] Updating active permission set to 'admin'
2026-04-05 06:43:26.871 +06:00 [WRN] Unable to add '_buttonLogout' to the JSON of MainMenu.SelectCharacterWindow._innerPanel._buttonsPanel because a sibling shares the same name
2026-04-05 06:43:27.797 +06:00 [WRN] 'Me' is null.
2026-04-05 06:43:28.337 +06:00 [INF] Built VBO for map 73ba8458-f8de-4f78-a254-c91b18418ed0 'forest' in 13.8359ms
2026-04-05 06:43:28.351 +06:00 [INF] Built VBO for map 27c6a7b2-4e9f-4316-9a0f-e13ec8e16ba2 'New Map' in 8.8994ms
2026-04-05 06:44:35.140 +06:00 [INF] Built VBO for map 850ddb26-5568-4376-b8e0-346c04cb81ef 'forest' in 6.44ms
2026-04-05 06:44:59.843 +06:00 [INF] Built VBO for map 411179b7-b772-42ef-bf66-03b7e4d7dca8 'test 5' in 3.1347ms
2026-04-05 06:47:09.016 +06:00 [INF] System window closing (due to user interaction most likely).
2026-04-05 06:47:09.019 +06:00 [INF] Disconnected [3548f308-2ee7-4756-9c89-c0d9be3bbb7c].
2026-04-05 06:47:09.020 +06:00 [INF] Updating active permission set to 'default'
2026-04-05 06:47:09.113 +06:00 [INF] Acquiring context lock... (0ms)
2026-04-05 06:47:09.113 +06:00 [INF] Acquired. (0ms)
2026-04-05 06:47:09.114 +06:00 [INF] Beginning context dispose. (0ms)
2026-04-05 06:47:09.114 +06:00 [INF] GC.SuppressFinalize (0ms)
2026-04-05 06:47:09.114 +06:00 [INF] InternalDispose() completed. (0ms)
2026-04-05 06:47:09.114 +06:00 [INF] Clearing instance... (1ms)
2026-04-05 06:47:09.114 +06:00 [INF] Releasing context lock... (1ms)
2026-04-05 06:47:09.115 +06:00 [INF] Released. (1ms)
