2026-05-04 00:45:55.002 +06:00 [INF] Starting Intersect Client v0.8.0.0-custom+32d39132dace1351f63375b261f241297dd35be8-dirty
2026-05-04 00:45:56.123 +06:00 [INF] Discovered service type: Intersect.Plugins.PluginService
2026-05-04 00:45:56.277 +06:00 [WRN] Directory was specified as a plugin directory but does not exist: 'resources\plugins'
2026-05-04 00:45:56.278 +06:00 [INF] Discovered 0 plugins:

2026-05-04 00:46:14.076 +06:00 [INF] Connecting to 127.0.0.1:5400...
2026-05-04 00:46:14.096 +06:00 [INF] Connected [9bb3e0c9-1e16-44b6-b099-7f584ac7bc4a].
2026-05-04 00:46:14.110 +06:00 [INF] Connection approved [9bb3e0c9-1e16-44b6-b099-7f584ac7bc4a].
2026-05-04 00:46:14.216 +06:00 [INF] Updated PermissionSet 'default'
2026-05-04 00:46:18.515 +06:00 [INF] Updated PermissionSet 'admin'
2026-05-04 00:46:18.515 +06:00 [INF] Updating active permission set to 'admin'
2026-05-04 00:46:19.239 +06:00 [WRN] 'Me' is null.
2026-05-04 00:46:19.814 +06:00 [INF] Built VBO for map a31f210c-f5fb-48bf-9db2-45fab2293a4c 'Forest' in 11.6344ms
2026-05-04 00:46:19.828 +06:00 [INF] Built VBO for map 27c6a7b2-4e9f-4316-9a0f-e13ec8e16ba2 'Forest' in 9.3288ms
2026-05-04 00:48:03.303 +06:00 [INF] Music volume set to 20 from InGame..SettingsWindow._innerPanel._tabs._innerPanel._audioSettingsTab._scrollPanel._musicSlider._slider
2026-05-04 00:48:03.303 +06:00 [INF] Sound volume set to 100 from InGame..SettingsWindow._innerPanel._tabs._innerPanel._audioSettingsTab._scrollPanel._soundEffectsSlider._slider
2026-05-04 00:49:37.468 +06:00 [INF] System window closing (due to user interaction most likely).
2026-05-04 00:49:37.471 +06:00 [INF] Disconnected [9bb3e0c9-1e16-44b6-b099-7f584ac7bc4a].
2026-05-04 00:49:37.472 +06:00 [INF] Updating active permission set to 'default'
2026-05-04 00:49:37.506 +06:00 [INF] Acquiring context lock... (0ms)
2026-05-04 00:49:37.506 +06:00 [INF] Acquired. (0ms)
2026-05-04 00:49:37.506 +06:00 [INF] Beginning context dispose. (0ms)
2026-05-04 00:49:37.507 +06:00 [INF] GC.SuppressFinalize (0ms)
2026-05-04 00:49:37.507 +06:00 [INF] InternalDispose() completed. (0ms)
2026-05-04 00:49:37.507 +06:00 [INF] Clearing instance... (1ms)
2026-05-04 00:49:37.507 +06:00 [INF] Releasing context lock... (1ms)
2026-05-04 00:49:37.507 +06:00 [INF] Released. (1ms)
