2026-03-19 18:06:35.827 +01:00 [INF] Starting Intersect Client v0.8.0.0-custom+32d39132dace1351f63375b261f241297dd35be8-dirty
2026-03-19 18:06:36.087 +01:00 [INF] Discovered service type: Intersect.Plugins.PluginService
2026-03-19 18:06:36.095 +01:00 [WRN] Directory was specified as a plugin directory but does not exist: 'resources\plugins'
2026-03-19 18:06:36.096 +01:00 [INF] Discovered 0 plugins:

2026-03-19 18:06:38.600 +01:00 [INF] Connecting to 127.0.0.1:5400...
2026-03-19 18:06:38.623 +01:00 [INF] Connected [cc7f2d69-9362-4ca2-ac69-bf699751adf1].
2026-03-19 18:06:38.648 +01:00 [INF] Connection approved [cc7f2d69-9362-4ca2-ac69-bf699751adf1].
2026-03-19 18:06:38.727 +01:00 [INF] Updated PermissionSet 'default'
2026-03-19 18:06:40.775 +01:00 [INF] Updated PermissionSet 'admin'
2026-03-19 18:06:40.775 +01:00 [INF] Updating active permission set to 'admin'
2026-03-19 18:06:40.901 +01:00 [WRN] Unable to add '_buttonLogout' to the JSON of MainMenu.SelectCharacterWindow._innerPanel._buttonsPanel because a sibling shares the same name
2026-03-19 18:06:42.317 +01:00 [WRN] 'Me' is null.
2026-03-19 18:06:42.787 +01:00 [INF] Built VBO for map a9f5fb5f-a2e8-421b-9906-03dae4b6224a 'New Map' in 15.8088ms
2026-03-19 18:09:22.125 +01:00 [INF] System window closing (due to user interaction most likely).
2026-03-19 18:09:22.128 +01:00 [INF] Disconnected [cc7f2d69-9362-4ca2-ac69-bf699751adf1].
2026-03-19 18:09:22.129 +01:00 [INF] Updating active permission set to 'default'
2026-03-19 18:09:22.240 +01:00 [INF] Acquiring context lock... (0ms)
2026-03-19 18:09:22.240 +01:00 [INF] Acquired. (0ms)
2026-03-19 18:09:22.241 +01:00 [INF] Beginning context dispose. (0ms)
2026-03-19 18:09:22.241 +01:00 [INF] GC.SuppressFinalize (0ms)
2026-03-19 18:09:22.241 +01:00 [INF] InternalDispose() completed. (0ms)
2026-03-19 18:09:22.241 +01:00 [INF] Clearing instance... (1ms)
2026-03-19 18:09:22.241 +01:00 [INF] Releasing context lock... (1ms)
2026-03-19 18:09:22.241 +01:00 [INF] Released. (1ms)
