2026-05-01 01:33:34.937 +06:00 [INF] Starting Intersect Client v0.8.0.0-custom+32d39132dace1351f63375b261f241297dd35be8-dirty
2026-05-01 01:33:35.139 +06:00 [INF] Discovered service type: Intersect.Plugins.PluginService
2026-05-01 01:33:35.143 +06:00 [WRN] Directory was specified as a plugin directory but does not exist: 'resources\plugins'
2026-05-01 01:33:35.144 +06:00 [INF] Discovered 0 plugins:

2026-05-01 01:33:48.430 +06:00 [INF] Connecting to 127.0.0.1:5400...
2026-05-01 01:33:48.448 +06:00 [INF] Connected [78b676b9-18de-4df7-b430-53cbad38c865].
2026-05-01 01:33:48.469 +06:00 [INF] Connection approved [78b676b9-18de-4df7-b430-53cbad38c865].
2026-05-01 01:33:48.548 +06:00 [INF] Updated PermissionSet 'default'
2026-05-01 01:34:04.619 +06:00 [INF] Updated PermissionSet 'admin'
2026-05-01 01:34:04.619 +06:00 [INF] Updating active permission set to 'admin'
2026-05-01 01:34:05.409 +06:00 [WRN] 'Me' is null.
2026-05-01 01:34:05.987 +06:00 [INF] Built VBO for map 27c6a7b2-4e9f-4316-9a0f-e13ec8e16ba2 'Forest' in 19.0198ms
2026-05-01 01:34:06.000 +06:00 [INF] Built VBO for map c15f8299-8999-471f-9760-388ff4cdec7c 'test' in 1.6139ms
2026-05-01 01:36:24.319 +06:00 [INF] System window closing (due to user interaction most likely).
2026-05-01 01:36:24.322 +06:00 [INF] Disconnected [78b676b9-18de-4df7-b430-53cbad38c865].
2026-05-01 01:36:24.322 +06:00 [INF] Updating active permission set to 'default'
2026-05-01 01:36:24.362 +06:00 [INF] Acquiring context lock... (0ms)
2026-05-01 01:36:24.362 +06:00 [INF] Acquired. (0ms)
2026-05-01 01:36:24.362 +06:00 [INF] Beginning context dispose. (0ms)
2026-05-01 01:36:24.363 +06:00 [INF] GC.SuppressFinalize (0ms)
2026-05-01 01:36:24.363 +06:00 [INF] InternalDispose() completed. (0ms)
2026-05-01 01:36:24.363 +06:00 [INF] Clearing instance... (1ms)
2026-05-01 01:36:24.363 +06:00 [INF] Releasing context lock... (1ms)
2026-05-01 01:36:24.363 +06:00 [INF] Released. (1ms)
