2026-04-14 10:18:33.309 +06:00 [INF] Starting Intersect Client v0.8.0.0-custom+32d39132dace1351f63375b261f241297dd35be8-dirty
2026-04-14 10:18:33.651 +06:00 [INF] Discovered service type: Intersect.Plugins.PluginService
2026-04-14 10:18:33.659 +06:00 [WRN] Directory was specified as a plugin directory but does not exist: 'resources\plugins'
2026-04-14 10:18:33.660 +06:00 [INF] Discovered 0 plugins:

2026-04-14 10:18:35.813 +06:00 [INF] Connecting to 127.0.0.1:5400...
2026-04-14 10:18:35.837 +06:00 [INF] Connected [be5935a2-20dc-495c-98a7-59458b10ce2e].
2026-04-14 10:18:35.852 +06:00 [INF] Connection approved [be5935a2-20dc-495c-98a7-59458b10ce2e].
2026-04-14 10:18:35.934 +06:00 [INF] Updated PermissionSet 'default'
2026-04-14 10:18:40.727 +06:00 [INF] Updated PermissionSet 'admin'
2026-04-14 10:18:40.728 +06:00 [INF] Updating active permission set to 'admin'
2026-04-14 10:18:40.869 +06:00 [WRN] Unable to add '_buttonLogout' to the JSON of MainMenu.SelectCharacterWindow._innerPanel._buttonsPanel because a sibling shares the same name
2026-04-14 10:19:10.683 +06:00 [WRN] 'Me' is null.
2026-04-14 10:19:11.245 +06:00 [INF] Built VBO for map 23630ac6-4461-460d-8a3b-9a0d4477096f 'test 8' in 16.2108ms
2026-04-14 10:19:11.289 +06:00 [INF] Built VBO for map 73ba8458-f8de-4f78-a254-c91b18418ed0 'test 3' in 38.8068ms
2026-04-14 10:19:11.296 +06:00 [INF] Built VBO for map 27c6a7b2-4e9f-4316-9a0f-e13ec8e16ba2 'New Map' in 6.5096ms
2026-04-14 10:30:01.245 +06:00 [INF] System window closing (due to user interaction most likely).
2026-04-14 10:30:01.248 +06:00 [INF] Disconnected [be5935a2-20dc-495c-98a7-59458b10ce2e].
2026-04-14 10:30:01.248 +06:00 [INF] Updating active permission set to 'default'
2026-04-14 10:30:01.359 +06:00 [INF] Acquiring context lock... (0ms)
2026-04-14 10:30:01.359 +06:00 [INF] Acquired. (0ms)
2026-04-14 10:30:01.360 +06:00 [INF] Beginning context dispose. (0ms)
2026-04-14 10:30:01.360 +06:00 [INF] GC.SuppressFinalize (0ms)
2026-04-14 10:30:01.360 +06:00 [INF] InternalDispose() completed. (0ms)
2026-04-14 10:30:01.360 +06:00 [INF] Clearing instance... (1ms)
2026-04-14 10:30:01.361 +06:00 [INF] Releasing context lock... (1ms)
2026-04-14 10:30:01.361 +06:00 [INF] Released. (1ms)
