2026-04-23 20:31:27.405 +06:00 [INF] Starting Intersect Client v0.8.0.0-custom+32d39132dace1351f63375b261f241297dd35be8-dirty
2026-04-23 20:31:27.624 +06:00 [INF] Discovered service type: Intersect.Plugins.PluginService
2026-04-23 20:31:27.628 +06:00 [WRN] Directory was specified as a plugin directory but does not exist: 'resources\plugins'
2026-04-23 20:31:27.629 +06:00 [INF] Discovered 0 plugins:

2026-04-23 20:31:29.571 +06:00 [INF] Connecting to 127.0.0.1:5400...
2026-04-23 20:31:29.580 +06:00 [INF] Connected [54264141-ec59-4c3a-8e82-643b08460187].
2026-04-23 20:31:29.586 +06:00 [INF] Connection approved [54264141-ec59-4c3a-8e82-643b08460187].
2026-04-23 20:31:29.657 +06:00 [INF] Updated PermissionSet 'default'
2026-04-23 20:31:29.657 +06:00 [INF] Updated PermissionSet 'admin'
2026-04-23 20:31:38.935 +06:00 [INF] Updating active permission set to 'admin'
2026-04-23 20:31:39.052 +06:00 [WRN] Unable to add '_buttonLogout' to the JSON of MainMenu.SelectCharacterWindow._innerPanel._buttonsPanel because a sibling shares the same name
2026-04-23 20:31:39.609 +06:00 [WRN] 'Me' is null.
2026-04-23 20:31:40.116 +06:00 [INF] Built VBO for map 27c6a7b2-4e9f-4316-9a0f-e13ec8e16ba2 'Forest' in 37.8739ms
2026-04-23 20:32:10.869 +06:00 [INF] Built VBO for map 27c6a7b2-4e9f-4316-9a0f-e13ec8e16ba2 'Forest' in 3.3134ms
2026-04-23 20:32:40.080 +06:00 [INF] Built VBO for map c15f8299-8999-471f-9760-388ff4cdec7c 'Forest' in 10.4603ms
2026-04-23 20:33:01.533 +06:00 [INF] Built VBO for map 27c6a7b2-4e9f-4316-9a0f-e13ec8e16ba2 'Forest' in 3.0612ms
2026-04-23 20:34:38.913 +06:00 [INF] Built VBO for map 27c6a7b2-4e9f-4316-9a0f-e13ec8e16ba2 'Forest' in 2.6172ms
2026-04-23 20:36:10.287 +06:00 [INF] Built VBO for map 27c6a7b2-4e9f-4316-9a0f-e13ec8e16ba2 'Forest' in 2.6192ms
2026-04-23 20:43:19.784 +06:00 [INF] Built VBO for map 27c6a7b2-4e9f-4316-9a0f-e13ec8e16ba2 'Forest' in 2.4903ms
2026-04-23 20:45:11.506 +06:00 [INF] Built VBO for map 27c6a7b2-4e9f-4316-9a0f-e13ec8e16ba2 'Forest' in 3.1878ms
2026-04-23 20:49:04.175 +06:00 [WRN] 'Me' is null.
2026-04-23 20:49:04.175 +06:00 [WRN] 'Me' is null.
2026-04-23 20:49:04.175 +06:00 [WRN] 'Me' is null.
2026-04-23 20:49:05.619 +06:00 [WRN] 'Me' is null.
2026-04-23 20:49:05.633 +06:00 [WRN] Tried to load entity "31d24595-6847-4bec-b802-87b05f4da3a9" (Oran) from packet before in-game UI was ready
2026-04-23 20:49:05.805 +06:00 [INF] Built VBO for map 27c6a7b2-4e9f-4316-9a0f-e13ec8e16ba2 'Forest' in 2.3811ms
2026-04-23 20:49:10.479 +06:00 [WRN] 'Me' is null.
2026-04-23 20:49:10.480 +06:00 [WRN] 'Me' is null.
2026-04-23 20:49:10.480 +06:00 [WRN] 'Me' is null.
2026-04-23 20:49:10.480 +06:00 [WRN] 'Me' is null.
2026-04-23 20:49:26.103 +06:00 [INF] Disconnected [54264141-ec59-4c3a-8e82-643b08460187].
2026-04-23 20:49:26.103 +06:00 [INF] Updating active permission set to 'default'
2026-04-23 20:49:27.641 +06:00 [INF] Connecting to 127.0.0.1:5400...
2026-04-23 20:49:27.648 +06:00 [INF] Connected [a0008612-3657-4a4d-b879-f186967a25f0].
2026-04-23 20:49:27.653 +06:00 [INF] Connection approved [a0008612-3657-4a4d-b879-f186967a25f0].
2026-04-23 20:49:27.673 +06:00 [INF] Updated PermissionSet 'default'
2026-04-23 20:49:27.673 +06:00 [INF] Updated PermissionSet 'admin'
2026-04-23 20:49:35.636 +06:00 [WRN] 'Me' is null.
2026-04-23 20:49:35.659 +06:00 [WRN] Tried to load entity "9fe24955-5cbc-42ab-8b6a-480c73a0d714" (test12345) from packet before in-game UI was ready
2026-04-23 20:49:35.659 +06:00 [WRN] Tried to load entity "9fe24955-5cbc-42ab-8b6a-480c73a0d714" (test12345) from packet before in-game UI was ready
2026-04-23 20:49:35.822 +06:00 [INF] Built VBO for map 27c6a7b2-4e9f-4316-9a0f-e13ec8e16ba2 'Forest' in 2.5451ms
2026-04-23 20:49:46.855 +06:00 [INF] Disconnected [a0008612-3657-4a4d-b879-f186967a25f0].
2026-04-23 20:49:46.855 +06:00 [INF] Updating active permission set to 'default'
2026-04-23 20:49:49.338 +06:00 [INF] System window closing (due to user interaction most likely).
2026-04-23 20:49:49.376 +06:00 [INF] Acquiring context lock... (0ms)
2026-04-23 20:49:49.376 +06:00 [INF] Acquired. (0ms)
2026-04-23 20:49:49.377 +06:00 [INF] Beginning context dispose. (0ms)
2026-04-23 20:49:49.377 +06:00 [INF] GC.SuppressFinalize (0ms)
2026-04-23 20:49:49.377 +06:00 [INF] InternalDispose() completed. (0ms)
2026-04-23 20:49:49.377 +06:00 [INF] Clearing instance... (1ms)
2026-04-23 20:49:49.377 +06:00 [INF] Releasing context lock... (1ms)
2026-04-23 20:49:49.377 +06:00 [INF] Released. (1ms)
