2026-04-23 18:13:01.119 +06:00 [INF] Starting Intersect Client v0.8.0.0-custom+32d39132dace1351f63375b261f241297dd35be8-dirty
2026-04-23 18:13:01.318 +06:00 [INF] Discovered service type: Intersect.Plugins.PluginService
2026-04-23 18:13:01.321 +06:00 [WRN] Directory was specified as a plugin directory but does not exist: 'resources\plugins'
2026-04-23 18:13:01.322 +06:00 [INF] Discovered 0 plugins:

2026-04-23 18:13:03.494 +06:00 [INF] Connecting to 127.0.0.1:5400...
2026-04-23 18:13:03.517 +06:00 [INF] Connected [b7273aca-cabf-4a26-be2c-892c5934f70b].
2026-04-23 18:13:03.537 +06:00 [INF] Connection approved [b7273aca-cabf-4a26-be2c-892c5934f70b].
2026-04-23 18:13:03.626 +06:00 [INF] Updated PermissionSet 'default'
2026-04-23 18:13:07.270 +06:00 [INF] Updated PermissionSet 'admin'
2026-04-23 18:13:07.270 +06:00 [INF] Updating active permission set to 'admin'
2026-04-23 18:13:07.429 +06:00 [WRN] Unable to add '_buttonLogout' to the JSON of MainMenu.SelectCharacterWindow._innerPanel._buttonsPanel because a sibling shares the same name
2026-04-23 18:13:08.059 +06:00 [WRN] 'Me' is null.
2026-04-23 18:13:08.588 +06:00 [INF] Built VBO for map 27c6a7b2-4e9f-4316-9a0f-e13ec8e16ba2 'Forest' in 41.9287ms
2026-04-23 18:13:38.468 +06:00 [INF] System window closing (due to user interaction most likely).
2026-04-23 18:13:38.471 +06:00 [INF] Disconnected [b7273aca-cabf-4a26-be2c-892c5934f70b].
2026-04-23 18:13:38.472 +06:00 [INF] Updating active permission set to 'default'
2026-04-23 18:13:38.501 +06:00 [INF] Acquiring context lock... (0ms)
2026-04-23 18:13:38.501 +06:00 [INF] Acquired. (0ms)
2026-04-23 18:13:38.502 +06:00 [INF] Beginning context dispose. (0ms)
2026-04-23 18:13:38.502 +06:00 [INF] GC.SuppressFinalize (0ms)
2026-04-23 18:13:38.502 +06:00 [INF] InternalDispose() completed. (0ms)
2026-04-23 18:13:38.502 +06:00 [INF] Clearing instance... (1ms)
2026-04-23 18:13:38.502 +06:00 [INF] Releasing context lock... (1ms)
2026-04-23 18:13:38.502 +06:00 [INF] Released. (1ms)
