2026-05-01 02:05:48.583 +06:00 [INF] Starting Intersect Client v0.8.0.0-custom+32d39132dace1351f63375b261f241297dd35be8-dirty
2026-05-01 02:05:48.781 +06:00 [INF] Discovered service type: Intersect.Plugins.PluginService
2026-05-01 02:05:48.784 +06:00 [WRN] Directory was specified as a plugin directory but does not exist: 'resources\plugins'
2026-05-01 02:05:48.785 +06:00 [INF] Discovered 0 plugins:

2026-05-01 02:05:51.167 +06:00 [INF] Connecting to 127.0.0.1:5400...
2026-05-01 02:05:51.174 +06:00 [INF] Connected [d45ca573-2d8b-467e-83f2-205a7a18eac3].
2026-05-01 02:05:51.192 +06:00 [INF] Connection approved [d45ca573-2d8b-467e-83f2-205a7a18eac3].
2026-05-01 02:05:51.279 +06:00 [INF] Updated PermissionSet 'default'
2026-05-01 02:05:57.058 +06:00 [INF] Updated PermissionSet 'admin'
2026-05-01 02:05:57.058 +06:00 [INF] Updating active permission set to 'admin'
2026-05-01 02:05:57.849 +06:00 [WRN] 'Me' is null.
2026-05-01 02:05:58.474 +06:00 [INF] Built VBO for map 27c6a7b2-4e9f-4316-9a0f-e13ec8e16ba2 'Forest' in 9.8237ms
2026-05-01 02:05:58.495 +06:00 [INF] Built VBO for map c15f8299-8999-471f-9760-388ff4cdec7c 'test' in 6.4105ms
2026-05-01 02:07:42.609 +06:00 [INF] System window closing (due to user interaction most likely).
2026-05-01 02:07:42.613 +06:00 [INF] Disconnected [d45ca573-2d8b-467e-83f2-205a7a18eac3].
2026-05-01 02:07:42.613 +06:00 [INF] Updating active permission set to 'default'
2026-05-01 02:07:42.653 +06:00 [INF] Acquiring context lock... (0ms)
2026-05-01 02:07:42.653 +06:00 [INF] Acquired. (0ms)
2026-05-01 02:07:42.653 +06:00 [INF] Beginning context dispose. (0ms)
2026-05-01 02:07:42.654 +06:00 [INF] GC.SuppressFinalize (0ms)
2026-05-01 02:07:42.654 +06:00 [INF] InternalDispose() completed. (0ms)
2026-05-01 02:07:42.654 +06:00 [INF] Clearing instance... (1ms)
2026-05-01 02:07:42.654 +06:00 [INF] Releasing context lock... (1ms)
2026-05-01 02:07:42.654 +06:00 [INF] Released. (1ms)
