2026-05-12 17:27:28.145 +02:00 [INF] Starting Intersect Client v0.8.0.0-custom+32d39132dace1351f63375b261f241297dd35be8-dirty
2026-05-12 17:27:28.374 +02:00 [INF] Discovered service type: Intersect.Plugins.PluginService
2026-05-12 17:27:28.378 +02:00 [WRN] Directory was specified as a plugin directory but does not exist: 'resources\plugins'
2026-05-12 17:27:28.379 +02:00 [INF] Discovered 0 plugins:

2026-05-12 17:27:30.560 +02:00 [INF] Connecting to 127.0.0.1:5400...
2026-05-12 17:27:30.568 +02:00 [INF] Connected [b9dca727-f6fc-45be-b8ef-0be6ea5e1cb6].
2026-05-12 17:27:30.577 +02:00 [INF] Connection approved [b9dca727-f6fc-45be-b8ef-0be6ea5e1cb6].
2026-05-12 17:27:30.668 +02:00 [INF] Updated PermissionSet 'default'
2026-05-12 17:27:30.669 +02:00 [INF] Updated PermissionSet 'admin'
2026-05-12 17:27:35.661 +02:00 [INF] Updating active permission set to 'admin'
2026-05-12 17:27:36.419 +02:00 [WRN] 'Me' is null.
2026-05-12 17:27:37.067 +02:00 [INF] Built VBO for map 24cc8989-0a45-4ecb-bf58-41efcefcaeb8 'Test' in 10.2339ms
2026-05-12 17:27:37.073 +02:00 [INF] Built VBO for map dda1812e-ed2e-4e41-9f7d-2bc91cb8ff34 'New Map' in 0.0793ms
2026-05-12 17:31:02.403 +02:00 [INF] System window closing (due to user interaction most likely).
2026-05-12 17:31:02.406 +02:00 [INF] Disconnected [b9dca727-f6fc-45be-b8ef-0be6ea5e1cb6].
2026-05-12 17:31:02.407 +02:00 [INF] Updating active permission set to 'default'
2026-05-12 17:31:02.449 +02:00 [INF] Acquiring context lock... (0ms)
2026-05-12 17:31:02.449 +02:00 [INF] Acquired. (0ms)
2026-05-12 17:31:02.450 +02:00 [INF] Beginning context dispose. (0ms)
2026-05-12 17:31:02.450 +02:00 [INF] GC.SuppressFinalize (0ms)
2026-05-12 17:31:02.450 +02:00 [INF] InternalDispose() completed. (0ms)
2026-05-12 17:31:02.450 +02:00 [INF] Clearing instance... (1ms)
2026-05-12 17:31:02.451 +02:00 [INF] Releasing context lock... (1ms)
2026-05-12 17:31:02.451 +02:00 [INF] Released. (1ms)
