2026-05-30 15:55:35.025 +02:00 [INF] Starting Intersect Client v0.8.0.0-custom+32d39132dace1351f63375b261f241297dd35be8-dirty
2026-05-30 15:55:35.245 +02:00 [INF] Discovered service type: Intersect.Plugins.PluginService
2026-05-30 15:55:35.248 +02:00 [WRN] Directory was specified as a plugin directory but does not exist: 'resources\plugins'
2026-05-30 15:55:35.249 +02:00 [INF] Discovered 0 plugins:

2026-05-30 15:55:37.324 +02:00 [INF] Connecting to 127.0.0.1:5400...
2026-05-30 15:55:37.333 +02:00 [INF] Connected [0c9fbce6-a39f-480d-87c3-2a16397e32ec].
2026-05-30 15:55:37.343 +02:00 [INF] Connection approved [0c9fbce6-a39f-480d-87c3-2a16397e32ec].
2026-05-30 15:55:37.438 +02:00 [INF] Updated PermissionSet 'default'
2026-05-30 15:55:37.438 +02:00 [INF] Updated PermissionSet 'admin'
2026-05-30 15:55:42.417 +02:00 [INF] Updating active permission set to 'admin'
2026-05-30 15:55:43.024 +02:00 [WRN] 'Me' is null.
2026-05-30 15:55:44.026 +02:00 [INF] Built VBO for map a31f210c-f5fb-48bf-9db2-45fab2293a4c 'Forest' in 116.2873ms
2026-05-30 15:55:44.266 +02:00 [INF] Built VBO for map 27c6a7b2-4e9f-4316-9a0f-e13ec8e16ba2 'Forest' in 85.0564ms
2026-05-30 15:56:03.750 +02:00 [INF] Built VBO for map a31f210c-f5fb-48bf-9db2-45fab2293a4c 'Forest' in 51.1837ms
2026-05-30 15:56:20.275 +02:00 [INF] System window closing (due to user interaction most likely).
2026-05-30 15:56:20.278 +02:00 [INF] Disconnected [0c9fbce6-a39f-480d-87c3-2a16397e32ec].
2026-05-30 15:56:20.278 +02:00 [INF] Updating active permission set to 'default'
2026-05-30 15:56:20.312 +02:00 [INF] Acquiring context lock... (0ms)
2026-05-30 15:56:20.312 +02:00 [INF] Acquired. (0ms)
2026-05-30 15:56:20.313 +02:00 [INF] Beginning context dispose. (0ms)
2026-05-30 15:56:20.313 +02:00 [INF] GC.SuppressFinalize (0ms)
2026-05-30 15:56:20.313 +02:00 [INF] InternalDispose() completed. (0ms)
2026-05-30 15:56:20.313 +02:00 [INF] Clearing instance... (1ms)
2026-05-30 15:56:20.313 +02:00 [INF] Releasing context lock... (1ms)
2026-05-30 15:56:20.313 +02:00 [INF] Released. (1ms)
