2026-05-29 22:56:11.552 +02:00 [INF] Starting Intersect Client v0.8.0.0-custom+32d39132dace1351f63375b261f241297dd35be8-dirty
2026-05-29 22:56:11.775 +02:00 [INF] Discovered service type: Intersect.Plugins.PluginService
2026-05-29 22:56:11.778 +02:00 [WRN] Directory was specified as a plugin directory but does not exist: 'resources\plugins'
2026-05-29 22:56:11.779 +02:00 [INF] Discovered 0 plugins:

2026-05-29 22:56:13.935 +02:00 [INF] Connecting to 127.0.0.1:5400...
2026-05-29 22:56:13.944 +02:00 [INF] Connected [518fbb54-84bc-4713-a546-a7ae99d0149b].
2026-05-29 22:56:13.968 +02:00 [INF] Connection approved [518fbb54-84bc-4713-a546-a7ae99d0149b].
2026-05-29 22:56:14.047 +02:00 [INF] Updated PermissionSet 'default'
2026-05-29 22:56:14.047 +02:00 [INF] Updated PermissionSet 'admin'
2026-05-29 22:56:18.748 +02:00 [INF] Updating active permission set to 'admin'
2026-05-29 22:56:19.387 +02:00 [WRN] 'Me' is null.
2026-05-29 22:56:19.575 +02:00 [WRN] Tried to load entity "f748a57f-2b1b-4791-910e-91ddb85352c2" (Oran) from packet before in-game UI was ready
2026-05-29 22:56:19.580 +02:00 [WRN] Tried to load entity "f748a57f-2b1b-4791-910e-91ddb85352c2" (Oran) from packet before in-game UI was ready
2026-05-29 22:56:20.089 +02:00 [INF] Built VBO for map d5c08240-0436-454a-8993-362abf5bc477 'New Map' in 12.7401ms
2026-05-29 22:56:27.548 +02:00 [INF] Window light shader 'Intersect.Client.Resources.Shaders.windowlight.mgfxo' loaded successfully with 11 parameters
2026-05-29 22:56:58.729 +02:00 [INF] Built VBO for map d5c08240-0436-454a-8993-362abf5bc477 'New Map' in 1.1457ms
2026-05-29 22:57:12.949 +02:00 [INF] Built VBO for map d5c08240-0436-454a-8993-362abf5bc477 'New Map' in 1.608ms
2026-05-29 22:57:30.234 +02:00 [INF] Built VBO for map d5c08240-0436-454a-8993-362abf5bc477 'New Map' in 0.9774ms
2026-05-29 22:57:44.012 +02:00 [INF] Built VBO for map d5c08240-0436-454a-8993-362abf5bc477 'New Map' in 1.332ms
2026-05-29 22:57:56.371 +02:00 [INF] Built VBO for map d5c08240-0436-454a-8993-362abf5bc477 'New Map' in 1.0584ms
2026-05-29 22:58:06.147 +02:00 [INF] Built VBO for map d5c08240-0436-454a-8993-362abf5bc477 'New Map' in 0.9994ms
2026-05-29 22:58:19.735 +02:00 [INF] Built VBO for map d5c08240-0436-454a-8993-362abf5bc477 'New Map' in 0.9605ms
2026-05-29 23:00:39.755 +02:00 [INF] Built VBO for map d5c08240-0436-454a-8993-362abf5bc477 'New Map' in 0.9551ms
2026-05-29 23:01:25.635 +02:00 [INF] Built VBO for map d5c08240-0436-454a-8993-362abf5bc477 'New Map' in 1.3226ms
2026-05-29 23:01:50.950 +02:00 [INF] Built VBO for map d5c08240-0436-454a-8993-362abf5bc477 'New Map' in 1.1094ms
2026-05-29 23:01:59.788 +02:00 [INF] Built VBO for map d5c08240-0436-454a-8993-362abf5bc477 'New Map' in 0.9701ms
2026-05-29 23:17:45.101 +02:00 [INF] System window closing (due to user interaction most likely).
2026-05-29 23:17:45.104 +02:00 [INF] Disconnected [518fbb54-84bc-4713-a546-a7ae99d0149b].
2026-05-29 23:17:45.105 +02:00 [INF] Updating active permission set to 'default'
2026-05-29 23:17:45.135 +02:00 [INF] Acquiring context lock... (0ms)
2026-05-29 23:17:45.135 +02:00 [INF] Acquired. (0ms)
2026-05-29 23:17:45.136 +02:00 [INF] Beginning context dispose. (0ms)
2026-05-29 23:17:45.136 +02:00 [INF] GC.SuppressFinalize (0ms)
2026-05-29 23:17:45.136 +02:00 [INF] InternalDispose() completed. (0ms)
2026-05-29 23:17:45.136 +02:00 [INF] Clearing instance... (1ms)
2026-05-29 23:17:45.136 +02:00 [INF] Releasing context lock... (1ms)
2026-05-29 23:17:45.136 +02:00 [INF] Released. (1ms)
