2026-04-24 12:53:55.184 +06:00 [INF] Starting Intersect Client v0.8.0.0-custom+32d39132dace1351f63375b261f241297dd35be8-dirty
2026-04-24 12:53:55.380 +06:00 [INF] Discovered service type: Intersect.Plugins.PluginService
2026-04-24 12:53:55.383 +06:00 [WRN] Directory was specified as a plugin directory but does not exist: 'resources\plugins'
2026-04-24 12:53:55.384 +06:00 [INF] Discovered 0 plugins:

2026-04-24 12:53:57.721 +06:00 [INF] Connecting to 127.0.0.1:5400...
2026-04-24 12:53:57.730 +06:00 [INF] Connected [843ddeb3-f9a7-4bd7-a241-e54f258035bc].
2026-04-24 12:53:57.735 +06:00 [INF] Connection approved [843ddeb3-f9a7-4bd7-a241-e54f258035bc].
2026-04-24 12:53:57.810 +06:00 [INF] Updated PermissionSet 'default'
2026-04-24 12:53:57.810 +06:00 [INF] Updated PermissionSet 'admin'
2026-04-24 12:54:02.914 +06:00 [INF] Updating active permission set to 'admin'
2026-04-24 12:54:03.030 +06:00 [WRN] Unable to add '_buttonLogout' to the JSON of MainMenu.SelectCharacterWindow._innerPanel._buttonsPanel because a sibling shares the same name
2026-04-24 12:54:04.024 +06:00 [WRN] 'Me' is null.
2026-04-24 12:54:04.633 +06:00 [INF] Built VBO for map 27c6a7b2-4e9f-4316-9a0f-e13ec8e16ba2 'Forest' in 38.4848ms
2026-04-24 12:54:04.647 +06:00 [INF] Built VBO for map c15f8299-8999-471f-9760-388ff4cdec7c 'Forest' in 9.533ms
2026-04-24 12:54:49.116 +06:00 [INF] Built VBO for map 27c6a7b2-4e9f-4316-9a0f-e13ec8e16ba2 'Forest' in 2.9917ms
2026-04-24 12:55:06.253 +06:00 [INF] Built VBO for map 27c6a7b2-4e9f-4316-9a0f-e13ec8e16ba2 'Forest' in 3.1686ms
2026-04-24 12:56:25.558 +06:00 [INF] Built VBO for map 27c6a7b2-4e9f-4316-9a0f-e13ec8e16ba2 'Forest' in 3.5884ms
2026-04-24 12:56:30.165 +06:00 [INF] System window closing (due to user interaction most likely).
2026-04-24 12:56:30.168 +06:00 [INF] Disconnected [843ddeb3-f9a7-4bd7-a241-e54f258035bc].
2026-04-24 12:56:30.168 +06:00 [INF] Updating active permission set to 'default'
2026-04-24 12:56:30.202 +06:00 [INF] Acquiring context lock... (0ms)
2026-04-24 12:56:30.202 +06:00 [INF] Acquired. (0ms)
2026-04-24 12:56:30.203 +06:00 [INF] Beginning context dispose. (0ms)
2026-04-24 12:56:30.203 +06:00 [INF] GC.SuppressFinalize (0ms)
2026-04-24 12:56:30.203 +06:00 [INF] InternalDispose() completed. (0ms)
2026-04-24 12:56:30.203 +06:00 [INF] Clearing instance... (1ms)
2026-04-24 12:56:30.203 +06:00 [INF] Releasing context lock... (1ms)
2026-04-24 12:56:30.203 +06:00 [INF] Released. (1ms)
