2026-03-22 17:37:52.817 +01:00 [INF] Starting Intersect Client v0.8.0.0-custom+32d39132dace1351f63375b261f241297dd35be8-dirty
2026-03-22 17:37:53.251 +01:00 [INF] Discovered service type: Intersect.Plugins.PluginService
2026-03-22 17:37:53.260 +01:00 [WRN] Directory was specified as a plugin directory but does not exist: 'resources\plugins'
2026-03-22 17:37:53.260 +01:00 [INF] Discovered 0 plugins:

2026-03-22 17:38:00.274 +01:00 [INF] Music volume set to 10 from MainMenu.SettingsWindow._innerPanel._tabs._innerPanel._audioSettingsTab._scrollPanel._musicSlider._slider
2026-03-22 17:38:00.275 +01:00 [INF] Sound volume set to 15 from MainMenu.SettingsWindow._innerPanel._tabs._innerPanel._audioSettingsTab._scrollPanel._soundEffectsSlider._slider
2026-03-22 17:38:06.539 +01:00 [INF] Connecting to 127.0.0.1:5400...
2026-03-22 17:38:06.547 +01:00 [INF] Connected [be160380-a370-4537-86be-ba00c240868f].
2026-03-22 17:38:06.562 +01:00 [INF] Connection approved [be160380-a370-4537-86be-ba00c240868f].
2026-03-22 17:38:06.647 +01:00 [INF] Updated PermissionSet 'default'
2026-03-22 17:38:06.647 +01:00 [INF] Updated PermissionSet 'admin'
2026-03-22 17:38:07.504 +01:00 [INF] Updating active permission set to 'admin'
2026-03-22 17:38:07.589 +01:00 [WRN] Unable to add '_buttonLogout' to the JSON of MainMenu.SelectCharacterWindow._innerPanel._buttonsPanel because a sibling shares the same name
2026-03-22 17:38:08.564 +01:00 [WRN] 'Me' is null.
2026-03-22 17:38:09.210 +01:00 [INF] Built VBO for map 27c6a7b2-4e9f-4316-9a0f-e13ec8e16ba2 'New Map' in 20.1115ms
2026-03-22 17:38:09.218 +01:00 [INF] Built VBO for map 23382d57-1bd1-403a-8f4f-50e5ad24e8a0 'test1' in 2.9254ms
2026-03-22 17:39:25.747 +01:00 [INF] Disconnected [be160380-a370-4537-86be-ba00c240868f].
2026-03-22 17:39:25.748 +01:00 [INF] Updating active permission set to 'default'
2026-03-22 17:39:27.742 +01:00 [INF] User clicked exit button.
2026-03-22 17:39:27.766 +01:00 [INF] System window closing (due to user interaction most likely).
2026-03-22 17:39:27.797 +01:00 [INF] Acquiring context lock... (0ms)
2026-03-22 17:39:27.797 +01:00 [INF] Acquired. (0ms)
2026-03-22 17:39:27.797 +01:00 [INF] Beginning context dispose. (0ms)
2026-03-22 17:39:27.798 +01:00 [INF] GC.SuppressFinalize (0ms)
2026-03-22 17:39:27.798 +01:00 [INF] InternalDispose() completed. (0ms)
2026-03-22 17:39:27.798 +01:00 [INF] Clearing instance... (1ms)
2026-03-22 17:39:27.798 +01:00 [INF] Releasing context lock... (1ms)
2026-03-22 17:39:27.798 +01:00 [INF] Released. (1ms)
