2026-06-20 08:09:05.297 +02:00 [INF] Starting Intersect Client v0.8.0.0-custom+32d39132dace1351f63375b261f241297dd35be8-dirty
2026-06-20 08:09:05.535 +02:00 [INF] Discovered service type: Intersect.Plugins.PluginService
2026-06-20 08:09:05.539 +02:00 [WRN] Directory was specified as a plugin directory but does not exist: 'resources\plugins'
2026-06-20 08:09:05.540 +02:00 [INF] Discovered 0 plugins:

2026-06-20 08:09:07.866 +02:00 [INF] Connecting to 127.0.0.1:5400...
2026-06-20 08:09:07.889 +02:00 [INF] Connected [59b551a3-45f0-41f0-b7a9-60189e4a56fe].
2026-06-20 08:09:07.917 +02:00 [INF] Connection approved [59b551a3-45f0-41f0-b7a9-60189e4a56fe].
2026-06-20 08:09:08.015 +02:00 [INF] Updated PermissionSet 'default'
2026-06-20 08:09:11.937 +02:00 [INF] Updated PermissionSet 'admin'
2026-06-20 08:09:11.937 +02:00 [INF] Updating active permission set to 'admin'
2026-06-20 08:09:12.727 +02:00 [WRN] 'Me' is null.
2026-06-20 08:09:13.448 +02:00 [INF] Built VBO for map 15601ad4-9f26-4abe-a6c9-3a7eebaa3045 'Forest' in 19.1924ms
2026-06-20 08:09:13.451 +02:00 [INF] Built VBO for map 27c6a7b2-4e9f-4316-9a0f-e13ec8e16ba2 'Forest' in 1.528ms
2026-06-20 08:09:13.457 +02:00 [ERR] Exception thrown while trying to load 'resources/tilesets/water_shore_marker.png'
System.IO.FileNotFoundException: Could not find file 'F:\game code engine\Intersect_New\Intersect.Client\resources\tilesets\water_shore_marker.png'.
File name: 'F:\game code engine\Intersect_New\Intersect.Client\resources\tilesets\water_shore_marker.png'
   at Microsoft.Win32.SafeHandles.SafeFileHandle.CreateFile(String fullPath, FileMode mode, FileAccess access, FileShare share, FileOptions options)
   at Microsoft.Win32.SafeHandles.SafeFileHandle.Open(String fullPath, FileMode mode, FileAccess access, FileShare share, FileOptions options, Int64 preallocationSize, Nullable`1 unixCreateMode)
   at System.IO.Strategies.OSFileStreamStrategy..ctor(String path, FileMode mode, FileAccess access, FileShare share, FileOptions options, Int64 preallocationSize, Nullable`1 unixCreateMode)
   at System.IO.Strategies.FileStreamHelpers.ChooseStrategyCore(String path, FileMode mode, FileAccess access, FileShare share, FileOptions options, Int64 preallocationSize, Nullable`1 unixCreateMode)
   at System.IO.File.OpenRead(String path)
   at Intersect.Client.Framework.Graphics.GameRenderer.<>c__DisplayClass181_0.<LoadTexture>b__0() in F:\game code engine\Intersect_New\Intersect.Client.Framework\Graphics\GameRenderer.cs:line 1011
   at Intersect.Client.Framework.Graphics.GameTexture`2.LoadPlatformTexture(Boolean force) in F:\game code engine\Intersect_New\Intersect.Client.Framework\Graphics\GameTexture.cs:line 279
2026-06-20 08:09:13.467 +02:00 [INF] Built VBO for map e341d25d-5ff4-4cd6-bcd5-2f2cda710c86 'town' in 12.6563ms
2026-06-20 08:09:13.483 +02:00 [INF] Built VBO for map 15601ad4-9f26-4abe-a6c9-3a7eebaa3045 'Forest' in 6.7265ms
2026-06-20 08:09:13.800 +02:00 [INF] Built VBO for map 27c6a7b2-4e9f-4316-9a0f-e13ec8e16ba2 'Forest' in 38.4491ms
2026-06-20 08:09:13.958 +02:00 [INF] Built VBO for map e341d25d-5ff4-4cd6-bcd5-2f2cda710c86 'town' in 4.2915ms
2026-06-20 08:09:19.073 +02:00 [INF] Music volume set to 20 from InGame..SettingsWindow._innerPanel._tabs._innerPanel._audioSettingsTab._scrollPanel._musicSlider._slider
2026-06-20 08:09:19.074 +02:00 [INF] Sound volume set to 20 from InGame..SettingsWindow._innerPanel._tabs._innerPanel._audioSettingsTab._scrollPanel._soundEffectsSlider._slider
2026-06-20 08:09:19.074 +02:00 [INF] Weather sounds volume set to 80 from InGame..SettingsWindow._innerPanel._tabs._innerPanel._audioSettingsTab._scrollPanel._weatherSoundsSlider._slider
2026-06-20 08:09:29.585 +02:00 [INF] Built VBO for map 9802b09c-f592-4d93-8e11-d3424500716c 'Forest' in 0.3786ms
2026-06-20 08:09:29.608 +02:00 [INF] Built VBO for map 27c6a7b2-4e9f-4316-9a0f-e13ec8e16ba2 'Forest' in 12.598ms
2026-06-20 08:09:29.778 +02:00 [INF] Built VBO for map 15601ad4-9f26-4abe-a6c9-3a7eebaa3045 'Forest' in 3.5163ms
2026-06-20 08:09:29.983 +02:00 [INF] Built VBO for map a31f210c-f5fb-48bf-9db2-45fab2293a4c 'Forest' in 11.5143ms
2026-06-20 08:10:04.052 +02:00 [WRN] 'Me' is null.
2026-06-20 08:10:04.052 +02:00 [WRN] 'Me' is null.
2026-06-20 08:10:05.735 +02:00 [WRN] 'Me' is null.
2026-06-20 08:10:06.102 +02:00 [INF] Built VBO for map 9802b09c-f592-4d93-8e11-d3424500716c 'Forest' in 6.8634ms
2026-06-20 08:10:06.104 +02:00 [INF] Built VBO for map 15601ad4-9f26-4abe-a6c9-3a7eebaa3045 'Forest' in 1.125ms
2026-06-20 08:10:06.115 +02:00 [INF] Built VBO for map a31f210c-f5fb-48bf-9db2-45fab2293a4c 'Forest' in 8.6393ms
2026-06-20 08:10:06.149 +02:00 [INF] Built VBO for map 27c6a7b2-4e9f-4316-9a0f-e13ec8e16ba2 'Forest' in 33.272ms
2026-06-20 08:10:06.153 +02:00 [INF] Built VBO for map e341d25d-5ff4-4cd6-bcd5-2f2cda710c86 'town' in 2.7085ms
2026-06-20 08:10:06.300 +02:00 [INF] Built VBO for map 27c6a7b2-4e9f-4316-9a0f-e13ec8e16ba2 'Forest' in 12.1789ms
2026-06-20 08:10:06.515 +02:00 [INF] Built VBO for map e341d25d-5ff4-4cd6-bcd5-2f2cda710c86 'town' in 1.6334ms
2026-06-20 08:11:07.168 +02:00 [INF] System window closing (due to user interaction most likely).
2026-06-20 08:11:07.171 +02:00 [INF] Disconnected [59b551a3-45f0-41f0-b7a9-60189e4a56fe].
2026-06-20 08:11:07.172 +02:00 [INF] Updating active permission set to 'default'
2026-06-20 08:11:07.270 +02:00 [INF] Acquiring context lock... (0ms)
2026-06-20 08:11:07.270 +02:00 [INF] Acquired. (0ms)
2026-06-20 08:11:07.271 +02:00 [INF] Beginning context dispose. (0ms)
2026-06-20 08:11:07.271 +02:00 [INF] GC.SuppressFinalize (0ms)
2026-06-20 08:11:07.272 +02:00 [INF] InternalDispose() completed. (0ms)
2026-06-20 08:11:07.272 +02:00 [INF] Clearing instance... (1ms)
2026-06-20 08:11:07.272 +02:00 [INF] Releasing context lock... (1ms)
2026-06-20 08:11:07.272 +02:00 [INF] Released. (1ms)
