2026-07-06 01:06:26.293 +02:00 [INF] Starting Intersect Client v0.8.0.0-custom+32d39132dace1351f63375b261f241297dd35be8-dirty
2026-07-06 01:06:26.531 +02:00 [INF] Discovered service type: Intersect.Plugins.PluginService
2026-07-06 01:06:26.535 +02:00 [WRN] Directory was specified as a plugin directory but does not exist: 'resources\plugins'
2026-07-06 01:06:26.536 +02:00 [INF] Discovered 0 plugins:

2026-07-06 01:06:28.568 +02:00 [INF] Connecting to 127.0.0.1:5400...
2026-07-06 01:06:28.591 +02:00 [INF] Connected [1cf21ff4-2f77-4476-97b7-103946241441].
2026-07-06 01:06:28.614 +02:00 [INF] Connection approved [1cf21ff4-2f77-4476-97b7-103946241441].
2026-07-06 01:06:28.731 +02:00 [INF] Updated PermissionSet 'default'
2026-07-06 01:06:33.499 +02:00 [INF] Updated PermissionSet 'admin'
2026-07-06 01:06:33.500 +02:00 [INF] Updating active permission set to 'admin'
2026-07-06 01:06:35.460 +02:00 [WRN] 'Me' is null.
2026-07-06 01:06:36.596 +02:00 [INF] Built VBO for map 15601ad4-9f26-4abe-a6c9-3a7eebaa3045 'Forest' in 26.1194ms
2026-07-06 01:06:36.602 +02:00 [INF] Built VBO for map d490222a-af25-4a7f-bec3-7ca8016e08d7 'New Map' in 5.5476ms
2026-07-06 01:06:36.610 +02:00 [INF] Built VBO for map 000bacda-f0e9-4a92-ab09-e55bd4ad15c1 'New Map' in 5.0328ms
2026-07-06 01:06:36.705 +02:00 [ERR] Exception thrown while trying to load 'resources/tilesets/water_shore_marker.png'
System.IO.FileNotFoundException: Could not find file 'F:\game code engine\Intersect_New\Intersect.Client\resources\tilesets\water_shore_marker.png'.
File name: 'F:\game code engine\Intersect_New\Intersect.Client\resources\tilesets\water_shore_marker.png'
   at Microsoft.Win32.SafeHandles.SafeFileHandle.CreateFile(String fullPath, FileMode mode, FileAccess access, FileShare share, FileOptions options)
   at Microsoft.Win32.SafeHandles.SafeFileHandle.Open(String fullPath, FileMode mode, FileAccess access, FileShare share, FileOptions options, Int64 preallocationSize, Nullable`1 unixCreateMode)
   at System.IO.Strategies.OSFileStreamStrategy..ctor(String path, FileMode mode, FileAccess access, FileShare share, FileOptions options, Int64 preallocationSize, Nullable`1 unixCreateMode)
   at System.IO.Strategies.FileStreamHelpers.ChooseStrategyCore(String path, FileMode mode, FileAccess access, FileShare share, FileOptions options, Int64 preallocationSize, Nullable`1 unixCreateMode)
   at System.IO.File.OpenRead(String path)
   at Intersect.Client.Framework.Graphics.GameRenderer.<>c__DisplayClass182_0.<LoadTexture>b__0() in f:\game code engine\Intersect_New\Intersect.Client.Framework\Graphics\GameRenderer.cs:line 1027
   at Intersect.Client.Framework.Graphics.GameTexture`2.LoadPlatformTexture(Boolean force) in f:\game code engine\Intersect_New\Intersect.Client.Framework\Graphics\GameTexture.cs:line 279
2026-07-06 01:06:36.706 +02:00 [INF] Built VBO for map 27c6a7b2-4e9f-4316-9a0f-e13ec8e16ba2 'Forest' in 95.1821ms
2026-07-06 01:06:36.723 +02:00 [INF] Built VBO for map e341d25d-5ff4-4cd6-bcd5-2f2cda710c86 'Greenfall Vale' in 14.1543ms
2026-07-06 01:06:36.729 +02:00 [INF] Built VBO for map f519d3ea-b6f4-4b17-b87a-1dcf003cd3ec 'New Map' in 5.2271ms
2026-07-06 01:07:30.617 +02:00 [INF] Built VBO for map 27c6a7b2-4e9f-4316-9a0f-e13ec8e16ba2 'Forest' in 13.5868ms
2026-07-06 01:07:30.993 +02:00 [INF] Built VBO for map 9802b09c-f592-4d93-8e11-d3424500716c 'Deep Forest' in 6.2195ms
2026-07-06 01:07:31.533 +02:00 [INF] Built VBO for map 15601ad4-9f26-4abe-a6c9-3a7eebaa3045 'Forest' in 5.1223ms
2026-07-06 01:07:32.077 +02:00 [INF] Built VBO for map a31f210c-f5fb-48bf-9db2-45fab2293a4c 'Forest' in 41.8518ms
2026-07-06 01:10:32.374 +02:00 [INF] Built VBO for map 15601ad4-9f26-4abe-a6c9-3a7eebaa3045 'Forest' in 4.364ms
2026-07-06 01:10:32.412 +02:00 [INF] Built VBO for map 27c6a7b2-4e9f-4316-9a0f-e13ec8e16ba2 'Forest' in 35.8025ms
2026-07-06 01:10:32.745 +02:00 [INF] Built VBO for map 9802b09c-f592-4d93-8e11-d3424500716c 'Deep Forest' in 4.7411ms
2026-07-06 01:10:33.293 +02:00 [INF] Built VBO for map d490222a-af25-4a7f-bec3-7ca8016e08d7 'New Map' in 5.0381ms
2026-07-06 01:10:33.885 +02:00 [INF] Built VBO for map a31f210c-f5fb-48bf-9db2-45fab2293a4c 'Forest' in 38.7109ms
2026-07-06 01:10:34.361 +02:00 [INF] Built VBO for map e341d25d-5ff4-4cd6-bcd5-2f2cda710c86 'Greenfall Vale' in 4.3876ms
2026-07-06 01:10:47.654 +02:00 [INF] Built VBO for map 15601ad4-9f26-4abe-a6c9-3a7eebaa3045 'Forest' in 4.3022ms
2026-07-06 01:10:47.690 +02:00 [INF] Built VBO for map 27c6a7b2-4e9f-4316-9a0f-e13ec8e16ba2 'Forest' in 33.6386ms
2026-07-06 01:10:48.078 +02:00 [INF] Built VBO for map 9802b09c-f592-4d93-8e11-d3424500716c 'Deep Forest' in 4.7558ms
2026-07-06 01:10:48.643 +02:00 [INF] Built VBO for map d490222a-af25-4a7f-bec3-7ca8016e08d7 'New Map' in 3.7118ms
2026-07-06 01:10:49.219 +02:00 [INF] Built VBO for map a31f210c-f5fb-48bf-9db2-45fab2293a4c 'Forest' in 36.0532ms
2026-07-06 01:10:49.693 +02:00 [INF] Built VBO for map e341d25d-5ff4-4cd6-bcd5-2f2cda710c86 'Greenfall Vale' in 4.3674ms
2026-07-06 01:17:08.866 +02:00 [INF] Built VBO for map 9802b09c-f592-4d93-8e11-d3424500716c 'Deep Forest' in 4.1952ms
2026-07-06 01:17:08.870 +02:00 [INF] Built VBO for map 15601ad4-9f26-4abe-a6c9-3a7eebaa3045 'Forest' in 4.2941ms
2026-07-06 01:17:08.906 +02:00 [INF] Built VBO for map 27c6a7b2-4e9f-4316-9a0f-e13ec8e16ba2 'Forest' in 34.3393ms
2026-07-06 01:17:09.401 +02:00 [INF] Built VBO for map d490222a-af25-4a7f-bec3-7ca8016e08d7 'New Map' in 4.7754ms
2026-07-06 01:17:09.947 +02:00 [INF] Built VBO for map a31f210c-f5fb-48bf-9db2-45fab2293a4c 'Forest' in 40.5109ms
2026-07-06 01:17:10.454 +02:00 [INF] Built VBO for map e341d25d-5ff4-4cd6-bcd5-2f2cda710c86 'Greenfall Vale' in 3.8443ms
2026-07-06 01:17:27.118 +02:00 [INF] Built VBO for map 15601ad4-9f26-4abe-a6c9-3a7eebaa3045 'Forest' in 4.025ms
2026-07-06 01:17:27.152 +02:00 [INF] Built VBO for map 27c6a7b2-4e9f-4316-9a0f-e13ec8e16ba2 'Forest' in 32.3562ms
2026-07-06 01:17:27.265 +02:00 [INF] Built VBO for map 9802b09c-f592-4d93-8e11-d3424500716c 'Deep Forest' in 5.11ms
2026-07-06 01:17:27.798 +02:00 [INF] Built VBO for map d490222a-af25-4a7f-bec3-7ca8016e08d7 'New Map' in 3.8559ms
2026-07-06 01:17:28.371 +02:00 [INF] Built VBO for map a31f210c-f5fb-48bf-9db2-45fab2293a4c 'Forest' in 40.4268ms
2026-07-06 01:17:28.845 +02:00 [INF] Built VBO for map e341d25d-5ff4-4cd6-bcd5-2f2cda710c86 'Greenfall Vale' in 3.4076ms
2026-07-06 01:17:58.740 +02:00 [INF] System window closing (due to user interaction most likely).
2026-07-06 01:17:58.743 +02:00 [INF] Disconnected [1cf21ff4-2f77-4476-97b7-103946241441].
2026-07-06 01:17:58.744 +02:00 [INF] Updating active permission set to 'default'
2026-07-06 01:17:58.784 +02:00 [INF] Acquiring context lock... (0ms)
2026-07-06 01:17:58.784 +02:00 [INF] Acquired. (0ms)
2026-07-06 01:17:58.784 +02:00 [INF] Beginning context dispose. (0ms)
2026-07-06 01:17:58.785 +02:00 [INF] GC.SuppressFinalize (0ms)
2026-07-06 01:17:58.785 +02:00 [INF] InternalDispose() completed. (0ms)
2026-07-06 01:17:58.785 +02:00 [INF] Clearing instance... (1ms)
2026-07-06 01:17:58.785 +02:00 [INF] Releasing context lock... (1ms)
2026-07-06 01:17:58.785 +02:00 [INF] Released. (1ms)
