2026-05-25 03:17:03.266 +02:00 [INF] Starting Intersect Client v0.8.0.0-custom+32d39132dace1351f63375b261f241297dd35be8-dirty
2026-05-25 03:17:03.475 +02:00 [INF] Discovered service type: Intersect.Plugins.PluginService
2026-05-25 03:17:03.479 +02:00 [WRN] Directory was specified as a plugin directory but does not exist: 'resources\plugins'
2026-05-25 03:17:03.480 +02:00 [INF] Discovered 0 plugins:

2026-05-25 03:17:05.453 +02:00 [INF] Connecting to 127.0.0.1:5400...
2026-05-25 03:17:05.471 +02:00 [INF] Connected [6cd78b6f-b5fe-4eb3-bdf2-8e1395031493].
2026-05-25 03:17:05.484 +02:00 [INF] Connection approved [6cd78b6f-b5fe-4eb3-bdf2-8e1395031493].
2026-05-25 03:17:05.581 +02:00 [INF] Updated PermissionSet 'default'
2026-05-25 03:17:15.447 +02:00 [INF] Updated PermissionSet 'admin'
2026-05-25 03:17:15.447 +02:00 [INF] Updating active permission set to 'admin'
2026-05-25 03:17:15.990 +02:00 [WRN] 'Me' is null.
2026-05-25 03:17:16.788 +02:00 [INF] Built VBO for map a31f210c-f5fb-48bf-9db2-45fab2293a4c 'Forest' in 102.6323ms
2026-05-25 03:17:16.883 +02:00 [INF] Built VBO for map 27c6a7b2-4e9f-4316-9a0f-e13ec8e16ba2 'Forest' in 59.3103ms
2026-05-25 03:18:02.265 +02:00 [INF] Built VBO for map 27c6a7b2-4e9f-4316-9a0f-e13ec8e16ba2 'Forest' in 42.16ms
2026-05-25 03:18:07.302 +02:00 [INF] Built VBO for map a31f210c-f5fb-48bf-9db2-45fab2293a4c 'Forest' in 34.7669ms
2026-05-25 03:18:40.595 +02:00 [INF] Built VBO for map a31f210c-f5fb-48bf-9db2-45fab2293a4c 'Forest' in 35.5031ms
2026-05-25 03:18:40.655 +02:00 [INF] Built VBO for map 27c6a7b2-4e9f-4316-9a0f-e13ec8e16ba2 'Forest' in 39.9919ms
2026-05-25 03:22:34.994 +02:00 [INF] System window closing (due to user interaction most likely).
2026-05-25 03:22:34.997 +02:00 [INF] Disconnected [6cd78b6f-b5fe-4eb3-bdf2-8e1395031493].
2026-05-25 03:22:34.997 +02:00 [INF] Updating active permission set to 'default'
2026-05-25 03:22:35.040 +02:00 [INF] Acquiring context lock... (0ms)
2026-05-25 03:22:35.040 +02:00 [INF] Acquired. (0ms)
2026-05-25 03:22:35.041 +02:00 [INF] Beginning context dispose. (0ms)
2026-05-25 03:22:35.041 +02:00 [INF] GC.SuppressFinalize (0ms)
2026-05-25 03:22:35.041 +02:00 [INF] InternalDispose() completed. (0ms)
2026-05-25 03:22:35.042 +02:00 [INF] Clearing instance... (1ms)
2026-05-25 03:22:35.042 +02:00 [INF] Releasing context lock... (1ms)
2026-05-25 03:22:35.042 +02:00 [INF] Released. (2ms)
