2026-06-20 07:31:36.118 +02:00 [INF] Starting Intersect Client v0.8.0.0-custom+32d39132dace1351f63375b261f241297dd35be8-dirty
2026-06-20 07:31:36.335 +02:00 [INF] Discovered service type: Intersect.Plugins.PluginService
2026-06-20 07:31:36.339 +02:00 [WRN] Directory was specified as a plugin directory but does not exist: 'resources\plugins'
2026-06-20 07:31:36.340 +02:00 [INF] Discovered 0 plugins:

2026-06-20 07:31:43.290 +02:00 [INF] Connecting to 127.0.0.1:5400...
2026-06-20 07:31:43.313 +02:00 [INF] Connected [73b611cc-aae1-43b3-b7e6-514cb1efeb2a].
2026-06-20 07:31:43.337 +02:00 [INF] Connection approved [73b611cc-aae1-43b3-b7e6-514cb1efeb2a].
2026-06-20 07:31:43.433 +02:00 [INF] Updated PermissionSet 'default'
2026-06-20 07:31:48.145 +02:00 [INF] Updated PermissionSet 'admin'
2026-06-20 07:31:48.145 +02:00 [INF] Updating active permission set to 'admin'
2026-06-20 07:31:48.905 +02:00 [WRN] 'Me' is null.
2026-06-20 07:31:49.690 +02:00 [INF] Built VBO for map 9802b09c-f592-4d93-8e11-d3424500716c 'Forest' in 52.0686ms
2026-06-20 07:31:49.696 +02:00 [INF] Built VBO for map 15601ad4-9f26-4abe-a6c9-3a7eebaa3045 'Forest' in 4.5933ms
2026-06-20 07:31:49.712 +02:00 [ERR] Exception thrown while trying to load 'resources/tilesets/water_shore_marker.png'
System.IO.FileNotFoundException: Could not find file 'F:\game code engine\Intersect_New\Intersect.Client\resources\tilesets\water_shore_marker.png'.
File name: 'F:\game code engine\Intersect_New\Intersect.Client\resources\tilesets\water_shore_marker.png'
   at Microsoft.Win32.SafeHandles.SafeFileHandle.CreateFile(String fullPath, FileMode mode, FileAccess access, FileShare share, FileOptions options)
   at Microsoft.Win32.SafeHandles.SafeFileHandle.Open(String fullPath, FileMode mode, FileAccess access, FileShare share, FileOptions options, Int64 preallocationSize, Nullable`1 unixCreateMode)
   at System.IO.Strategies.OSFileStreamStrategy..ctor(String path, FileMode mode, FileAccess access, FileShare share, FileOptions options, Int64 preallocationSize, Nullable`1 unixCreateMode)
   at System.IO.Strategies.FileStreamHelpers.ChooseStrategyCore(String path, FileMode mode, FileAccess access, FileShare share, FileOptions options, Int64 preallocationSize, Nullable`1 unixCreateMode)
   at System.IO.File.OpenRead(String path)
   at Intersect.Client.Framework.Graphics.GameRenderer.<>c__DisplayClass181_0.<LoadTexture>b__0() in F:\game code engine\Intersect_New\Intersect.Client.Framework\Graphics\GameRenderer.cs:line 1011
   at Intersect.Client.Framework.Graphics.GameTexture`2.LoadPlatformTexture(Boolean force) in F:\game code engine\Intersect_New\Intersect.Client.Framework\Graphics\GameTexture.cs:line 279
2026-06-20 07:31:49.714 +02:00 [INF] Built VBO for map a31f210c-f5fb-48bf-9db2-45fab2293a4c 'Forest' in 13.6787ms
2026-06-20 07:31:49.716 +02:00 [INF] Built VBO for map 27c6a7b2-4e9f-4316-9a0f-e13ec8e16ba2 'Forest' in 1.2349ms
2026-06-20 07:31:49.719 +02:00 [INF] Built VBO for map e341d25d-5ff4-4cd6-bcd5-2f2cda710c86 'town' in 1.2405ms
2026-06-20 07:31:50.110 +02:00 [INF] Built VBO for map 15601ad4-9f26-4abe-a6c9-3a7eebaa3045 'Forest' in 2.3526ms
2026-06-20 07:31:50.159 +02:00 [INF] Built VBO for map 27c6a7b2-4e9f-4316-9a0f-e13ec8e16ba2 'Forest' in 48.6614ms
2026-06-20 07:31:59.139 +02:00 [INF] Built VBO for map e341d25d-5ff4-4cd6-bcd5-2f2cda710c86 'town' in 1.5904ms
2026-06-20 07:32:04.239 +02:00 [INF] Built VBO for map 27c6a7b2-4e9f-4316-9a0f-e13ec8e16ba2 'Forest' in 9.4442ms
2026-06-20 07:32:05.065 +02:00 [INF] Built VBO for map e341d25d-5ff4-4cd6-bcd5-2f2cda710c86 'town' in 2.4333ms
2026-06-20 07:32:14.472 +02:00 [INF] Built VBO for map 27c6a7b2-4e9f-4316-9a0f-e13ec8e16ba2 'Forest' in 14.2254ms
2026-06-20 07:33:17.715 +02:00 [INF] Built VBO for map 27c6a7b2-4e9f-4316-9a0f-e13ec8e16ba2 'Forest' in 7.311ms
2026-06-20 07:33:25.070 +02:00 [INF] Built VBO for map 27c6a7b2-4e9f-4316-9a0f-e13ec8e16ba2 'Forest' in 12.1611ms
2026-06-20 07:33:31.023 +02:00 [INF] Built VBO for map 27c6a7b2-4e9f-4316-9a0f-e13ec8e16ba2 'Forest' in 9.0634ms
2026-06-20 07:39:09.543 +02:00 [INF] Built VBO for map e341d25d-5ff4-4cd6-bcd5-2f2cda710c86 'town' in 3.2454ms
2026-06-20 07:39:14.032 +02:00 [INF] Built VBO for map e341d25d-5ff4-4cd6-bcd5-2f2cda710c86 'town' in 4.4179ms
2026-06-20 07:39:19.876 +02:00 [INF] Built VBO for map e341d25d-5ff4-4cd6-bcd5-2f2cda710c86 'town' in 3.4896ms
2026-06-20 07:40:05.637 +02:00 [INF] Built VBO for map e341d25d-5ff4-4cd6-bcd5-2f2cda710c86 'town' in 3.078ms
2026-06-20 07:40:23.772 +02:00 [INF] System window closing (due to user interaction most likely).
2026-06-20 07:40:23.775 +02:00 [INF] Disconnected [73b611cc-aae1-43b3-b7e6-514cb1efeb2a].
2026-06-20 07:40:23.775 +02:00 [INF] Updating active permission set to 'default'
2026-06-20 07:40:23.817 +02:00 [INF] Acquiring context lock... (0ms)
2026-06-20 07:40:23.817 +02:00 [INF] Acquired. (0ms)
2026-06-20 07:40:23.818 +02:00 [INF] Beginning context dispose. (0ms)
2026-06-20 07:40:23.818 +02:00 [INF] GC.SuppressFinalize (0ms)
2026-06-20 07:40:23.818 +02:00 [INF] InternalDispose() completed. (0ms)
2026-06-20 07:40:23.818 +02:00 [INF] Clearing instance... (1ms)
2026-06-20 07:40:23.819 +02:00 [INF] Releasing context lock... (1ms)
2026-06-20 07:40:23.819 +02:00 [INF] Released. (1ms)
