2026-06-25 11:58:21.192 +02:00 [INF] Starting Intersect Client v0.8.0.0-custom+32d39132dace1351f63375b261f241297dd35be8-dirty
2026-06-25 11:58:21.415 +02:00 [INF] Discovered service type: Intersect.Plugins.PluginService
2026-06-25 11:58:21.419 +02:00 [WRN] Directory was specified as a plugin directory but does not exist: 'resources\plugins'
2026-06-25 11:58:21.420 +02:00 [INF] Discovered 0 plugins:

2026-06-25 11:58:23.402 +02:00 [INF] Connecting to 127.0.0.1:5400...
2026-06-25 11:58:23.425 +02:00 [INF] Connected [c556ec88-4c09-47f5-a1c8-bc05ead7ca6f].
2026-06-25 11:58:23.442 +02:00 [INF] Connection approved [c556ec88-4c09-47f5-a1c8-bc05ead7ca6f].
2026-06-25 11:58:23.550 +02:00 [INF] Updated PermissionSet 'default'
2026-06-25 11:58:28.423 +02:00 [INF] Updated PermissionSet 'admin'
2026-06-25 11:58:28.424 +02:00 [INF] Updating active permission set to 'admin'
2026-06-25 11:58:29.116 +02:00 [WRN] 'Me' is null.
2026-06-25 11:58:30.136 +02:00 [ERR] Exception thrown while trying to load 'resources/tilesets/water_shore_marker.png'
System.IO.FileNotFoundException: Could not find file 'F:\game code engine\Intersect_New\Intersect.Client\resources\tilesets\water_shore_marker.png'.
File name: 'F:\game code engine\Intersect_New\Intersect.Client\resources\tilesets\water_shore_marker.png'
   at Microsoft.Win32.SafeHandles.SafeFileHandle.CreateFile(String fullPath, FileMode mode, FileAccess access, FileShare share, FileOptions options)
   at Microsoft.Win32.SafeHandles.SafeFileHandle.Open(String fullPath, FileMode mode, FileAccess access, FileShare share, FileOptions options, Int64 preallocationSize, Nullable`1 unixCreateMode)
   at System.IO.Strategies.OSFileStreamStrategy..ctor(String path, FileMode mode, FileAccess access, FileShare share, FileOptions options, Int64 preallocationSize, Nullable`1 unixCreateMode)
   at System.IO.Strategies.FileStreamHelpers.ChooseStrategyCore(String path, FileMode mode, FileAccess access, FileShare share, FileOptions options, Int64 preallocationSize, Nullable`1 unixCreateMode)
   at System.IO.File.OpenRead(String path)
   at Intersect.Client.Framework.Graphics.GameRenderer.<>c__DisplayClass181_0.<LoadTexture>b__0() in F:\game code engine\Intersect_New\Intersect.Client.Framework\Graphics\GameRenderer.cs:line 1011
   at Intersect.Client.Framework.Graphics.GameTexture`2.LoadPlatformTexture(Boolean force) in F:\game code engine\Intersect_New\Intersect.Client.Framework\Graphics\GameTexture.cs:line 279
2026-06-25 11:58:30.149 +02:00 [INF] Built VBO for map 9802b09c-f592-4d93-8e11-d3424500716c 'Forest' in 48.4907ms
2026-06-25 11:58:30.158 +02:00 [INF] Built VBO for map 15601ad4-9f26-4abe-a6c9-3a7eebaa3045 'Forest' in 7.6922ms
2026-06-25 11:58:30.285 +02:00 [INF] Built VBO for map a31f210c-f5fb-48bf-9db2-45fab2293a4c 'Forest' in 123.4044ms
2026-06-25 11:58:30.598 +02:00 [INF] Built VBO for map 27c6a7b2-4e9f-4316-9a0f-e13ec8e16ba2 'Forest' in 312.361ms
2026-06-25 11:58:30.612 +02:00 [INF] Built VBO for map e341d25d-5ff4-4cd6-bcd5-2f2cda710c86 'town' in 8.5496ms
2026-06-25 11:59:22.212 +02:00 [INF] Built VBO for map 27c6a7b2-4e9f-4316-9a0f-e13ec8e16ba2 'Forest' in 285.9285ms
2026-06-25 11:59:22.312 +02:00 [INF] Built VBO for map 9802b09c-f592-4d93-8e11-d3424500716c 'Forest' in 4.8186ms
2026-06-25 11:59:22.870 +02:00 [INF] Built VBO for map 15601ad4-9f26-4abe-a6c9-3a7eebaa3045 'Forest' in 5.5401ms
2026-06-25 11:59:23.463 +02:00 [INF] Built VBO for map a31f210c-f5fb-48bf-9db2-45fab2293a4c 'Forest' in 41.2848ms
2026-06-25 11:59:23.957 +02:00 [INF] Built VBO for map e341d25d-5ff4-4cd6-bcd5-2f2cda710c86 'town' in 4.8316ms
2026-06-25 11:59:37.829 +02:00 [INF] Built VBO for map 27c6a7b2-4e9f-4316-9a0f-e13ec8e16ba2 'Forest' in 281.0628ms
2026-06-25 11:59:37.924 +02:00 [INF] Built VBO for map 9802b09c-f592-4d93-8e11-d3424500716c 'Forest' in 4.6823ms
2026-06-25 11:59:38.479 +02:00 [INF] Built VBO for map 15601ad4-9f26-4abe-a6c9-3a7eebaa3045 'Forest' in 3.7163ms
2026-06-25 11:59:39.069 +02:00 [INF] Built VBO for map a31f210c-f5fb-48bf-9db2-45fab2293a4c 'Forest' in 40.715ms
2026-06-25 11:59:39.558 +02:00 [INF] Built VBO for map e341d25d-5ff4-4cd6-bcd5-2f2cda710c86 'town' in 4.7132ms
2026-06-25 12:01:07.908 +02:00 [INF] Built VBO for map 27c6a7b2-4e9f-4316-9a0f-e13ec8e16ba2 'Forest' in 301.6907ms
2026-06-25 12:01:08.002 +02:00 [INF] Built VBO for map 9802b09c-f592-4d93-8e11-d3424500716c 'Forest' in 4.5031ms
2026-06-25 12:01:08.555 +02:00 [INF] Built VBO for map 15601ad4-9f26-4abe-a6c9-3a7eebaa3045 'Forest' in 4.5527ms
2026-06-25 12:01:09.108 +02:00 [INF] Built VBO for map a31f210c-f5fb-48bf-9db2-45fab2293a4c 'Forest' in 42.1587ms
2026-06-25 12:01:09.587 +02:00 [INF] Built VBO for map e341d25d-5ff4-4cd6-bcd5-2f2cda710c86 'town' in 4.7312ms
2026-06-25 12:01:40.425 +02:00 [INF] Built VBO for map 27c6a7b2-4e9f-4316-9a0f-e13ec8e16ba2 'Forest' in 293.1151ms
2026-06-25 12:01:40.521 +02:00 [INF] Built VBO for map 9802b09c-f592-4d93-8e11-d3424500716c 'Forest' in 4.6677ms
2026-06-25 12:01:41.079 +02:00 [INF] Built VBO for map 15601ad4-9f26-4abe-a6c9-3a7eebaa3045 'Forest' in 4.8332ms
2026-06-25 12:01:41.644 +02:00 [INF] Built VBO for map a31f210c-f5fb-48bf-9db2-45fab2293a4c 'Forest' in 42.4159ms
2026-06-25 12:01:42.142 +02:00 [INF] Built VBO for map e341d25d-5ff4-4cd6-bcd5-2f2cda710c86 'town' in 5.1816ms
2026-06-25 12:01:44.379 +02:00 [INF] System window closing (due to user interaction most likely).
2026-06-25 12:01:44.382 +02:00 [INF] Disconnected [c556ec88-4c09-47f5-a1c8-bc05ead7ca6f].
2026-06-25 12:01:44.383 +02:00 [INF] Updating active permission set to 'default'
2026-06-25 12:01:44.424 +02:00 [INF] Acquiring context lock... (0ms)
2026-06-25 12:01:44.424 +02:00 [INF] Acquired. (0ms)
2026-06-25 12:01:44.425 +02:00 [INF] Beginning context dispose. (0ms)
2026-06-25 12:01:44.425 +02:00 [INF] GC.SuppressFinalize (0ms)
2026-06-25 12:01:44.425 +02:00 [INF] InternalDispose() completed. (0ms)
2026-06-25 12:01:44.425 +02:00 [INF] Clearing instance... (1ms)
2026-06-25 12:01:44.425 +02:00 [INF] Releasing context lock... (1ms)
2026-06-25 12:01:44.425 +02:00 [INF] Released. (1ms)
