2026-04-28 20:20:15.067 +06:00 [INF] Starting Intersect Client v0.8.0.0-custom+32d39132dace1351f63375b261f241297dd35be8-dirty
2026-04-28 20:20:15.283 +06:00 [INF] Discovered service type: Intersect.Plugins.PluginService
2026-04-28 20:20:15.287 +06:00 [WRN] Directory was specified as a plugin directory but does not exist: 'resources\plugins'
2026-04-28 20:20:15.288 +06:00 [INF] Discovered 0 plugins:

2026-04-28 20:20:32.785 +06:00 [INF] Connecting to 127.0.0.1:5400...
2026-04-28 20:20:32.802 +06:00 [INF] Connected [0a1f3cf5-e5df-4da0-8edd-e44ec185594b].
2026-04-28 20:20:32.833 +06:00 [INF] Connection approved [0a1f3cf5-e5df-4da0-8edd-e44ec185594b].
2026-04-28 20:20:32.908 +06:00 [INF] Updated PermissionSet 'default'
2026-04-28 20:20:37.344 +06:00 [INF] Updated PermissionSet 'admin'
2026-04-28 20:20:37.344 +06:00 [INF] Updating active permission set to 'admin'
2026-04-28 20:20:37.496 +06:00 [WRN] Unable to add '_buttonLogout' to the JSON of MainMenu.SelectCharacterWindow._innerPanel._buttonsPanel because a sibling shares the same name
2026-04-28 20:20:38.017 +06:00 [WRN] 'Me' is null.
2026-04-28 20:20:38.601 +06:00 [INF] Built VBO for map 27c6a7b2-4e9f-4316-9a0f-e13ec8e16ba2 'Forest' in 18.0101ms
2026-04-28 20:20:38.615 +06:00 [INF] Built VBO for map c15f8299-8999-471f-9760-388ff4cdec7c 'Forest' in 1.5332ms
2026-04-28 20:23:02.147 +06:00 [INF] System window closing (due to user interaction most likely).
2026-04-28 20:23:02.150 +06:00 [INF] Disconnected [0a1f3cf5-e5df-4da0-8edd-e44ec185594b].
2026-04-28 20:23:02.151 +06:00 [INF] Updating active permission set to 'default'
2026-04-28 20:23:02.192 +06:00 [INF] Acquiring context lock... (0ms)
2026-04-28 20:23:02.192 +06:00 [INF] Acquired. (0ms)
2026-04-28 20:23:02.192 +06:00 [INF] Beginning context dispose. (0ms)
2026-04-28 20:23:02.193 +06:00 [INF] GC.SuppressFinalize (0ms)
2026-04-28 20:23:02.193 +06:00 [INF] InternalDispose() completed. (0ms)
2026-04-28 20:23:02.193 +06:00 [INF] Clearing instance... (1ms)
2026-04-28 20:23:02.193 +06:00 [INF] Releasing context lock... (1ms)
2026-04-28 20:23:02.193 +06:00 [INF] Released. (1ms)
