2026-04-23 13:27:26.484 +06:00 [INF] Starting Intersect Client v0.8.0.0-custom+32d39132dace1351f63375b261f241297dd35be8-dirty
2026-04-23 13:27:26.685 +06:00 [INF] Discovered service type: Intersect.Plugins.PluginService
2026-04-23 13:27:26.689 +06:00 [WRN] Directory was specified as a plugin directory but does not exist: 'resources\plugins'
2026-04-23 13:27:26.690 +06:00 [INF] Discovered 0 plugins:

2026-04-23 13:27:28.668 +06:00 [INF] Connecting to 127.0.0.1:5400...
2026-04-23 13:27:28.691 +06:00 [INF] Connected [c6a3d52a-4554-41ec-b1fa-044048ea4573].
2026-04-23 13:27:28.731 +06:00 [INF] Connection approved [c6a3d52a-4554-41ec-b1fa-044048ea4573].
2026-04-23 13:27:28.801 +06:00 [INF] Updated PermissionSet 'default'
2026-04-23 13:27:31.992 +06:00 [INF] Updated PermissionSet 'admin'
2026-04-23 13:27:31.993 +06:00 [INF] Updating active permission set to 'admin'
2026-04-23 13:27:32.164 +06:00 [WRN] Unable to add '_buttonLogout' to the JSON of MainMenu.SelectCharacterWindow._innerPanel._buttonsPanel because a sibling shares the same name
2026-04-23 13:27:32.734 +06:00 [WRN] 'Me' is null.
2026-04-23 13:27:33.325 +06:00 [INF] Built VBO for map 27c6a7b2-4e9f-4316-9a0f-e13ec8e16ba2 'Forest' in 44.8347ms
2026-04-23 13:27:41.867 +06:00 [INF] Built VBO for map c15f8299-8999-471f-9760-388ff4cdec7c 'Forest' in 8.1415ms
2026-04-23 13:33:11.643 +06:00 [INF] System window closing (due to user interaction most likely).
2026-04-23 13:33:11.646 +06:00 [INF] Disconnected [c6a3d52a-4554-41ec-b1fa-044048ea4573].
2026-04-23 13:33:11.647 +06:00 [INF] Updating active permission set to 'default'
2026-04-23 13:33:11.675 +06:00 [INF] Acquiring context lock... (0ms)
2026-04-23 13:33:11.675 +06:00 [INF] Acquired. (0ms)
2026-04-23 13:33:11.676 +06:00 [INF] Beginning context dispose. (0ms)
2026-04-23 13:33:11.676 +06:00 [INF] GC.SuppressFinalize (0ms)
2026-04-23 13:33:11.676 +06:00 [INF] InternalDispose() completed. (0ms)
2026-04-23 13:33:11.676 +06:00 [INF] Clearing instance... (1ms)
2026-04-23 13:33:11.676 +06:00 [INF] Releasing context lock... (1ms)
2026-04-23 13:33:11.676 +06:00 [INF] Released. (1ms)
