2026-05-30 00:55:25.758 +02:00 [INF] Starting Intersect Client v0.8.0.0-custom+32d39132dace1351f63375b261f241297dd35be8-dirty
2026-05-30 00:55:25.974 +02:00 [INF] Discovered service type: Intersect.Plugins.PluginService
2026-05-30 00:55:25.978 +02:00 [WRN] Directory was specified as a plugin directory but does not exist: 'resources\plugins'
2026-05-30 00:55:25.978 +02:00 [INF] Discovered 0 plugins:

2026-05-30 00:55:28.136 +02:00 [INF] Connecting to 127.0.0.1:5400...
2026-05-30 00:55:28.146 +02:00 [INF] Connected [8a6d7aa9-daa1-45ff-a033-d1bbabc1eed1].
2026-05-30 00:55:28.159 +02:00 [INF] Connection approved [8a6d7aa9-daa1-45ff-a033-d1bbabc1eed1].
2026-05-30 00:55:28.245 +02:00 [INF] Updated PermissionSet 'default'
2026-05-30 00:55:28.245 +02:00 [INF] Updated PermissionSet 'admin'
2026-05-30 00:55:32.843 +02:00 [INF] Updating active permission set to 'admin'
2026-05-30 00:55:33.484 +02:00 [WRN] 'Me' is null.
2026-05-30 00:55:34.462 +02:00 [INF] Built VBO for map 27c6a7b2-4e9f-4316-9a0f-e13ec8e16ba2 'Forest' in 75.1653ms
2026-05-30 00:55:45.289 +02:00 [INF] Built VBO for map a31f210c-f5fb-48bf-9db2-45fab2293a4c 'Forest' in 46.929ms
2026-05-30 00:56:06.064 +02:00 [INF] Built VBO for map 27c6a7b2-4e9f-4316-9a0f-e13ec8e16ba2 'Forest' in 14.3133ms
2026-05-30 00:59:49.596 +02:00 [INF] System window closing (due to user interaction most likely).
2026-05-30 00:59:49.600 +02:00 [INF] Disconnected [8a6d7aa9-daa1-45ff-a033-d1bbabc1eed1].
2026-05-30 00:59:49.600 +02:00 [INF] Updating active permission set to 'default'
2026-05-30 00:59:49.639 +02:00 [INF] Acquiring context lock... (0ms)
2026-05-30 00:59:49.639 +02:00 [INF] Acquired. (0ms)
2026-05-30 00:59:49.640 +02:00 [INF] Beginning context dispose. (0ms)
2026-05-30 00:59:49.640 +02:00 [INF] GC.SuppressFinalize (0ms)
2026-05-30 00:59:49.640 +02:00 [INF] InternalDispose() completed. (0ms)
2026-05-30 00:59:49.640 +02:00 [INF] Clearing instance... (1ms)
2026-05-30 00:59:49.640 +02:00 [INF] Releasing context lock... (1ms)
2026-05-30 00:59:49.640 +02:00 [INF] Released. (1ms)
