2026-03-22 22:01:44.579 +01:00 [INF] Starting Intersect Client v0.8.0.0-custom+32d39132dace1351f63375b261f241297dd35be8-dirty
2026-03-22 22:01:44.879 +01:00 [INF] Discovered service type: Intersect.Plugins.PluginService
2026-03-22 22:01:44.887 +01:00 [WRN] Directory was specified as a plugin directory but does not exist: 'resources\plugins'
2026-03-22 22:01:44.888 +01:00 [INF] Discovered 0 plugins:

2026-03-22 22:01:47.316 +01:00 [INF] Connecting to 127.0.0.1:5400...
2026-03-22 22:01:47.325 +01:00 [INF] Connected [ff99a1b2-3701-441e-8e0a-b8596cdd283c].
2026-03-22 22:01:47.336 +01:00 [INF] Connection approved [ff99a1b2-3701-441e-8e0a-b8596cdd283c].
2026-03-22 22:01:47.422 +01:00 [INF] Updated PermissionSet 'default'
2026-03-22 22:01:47.422 +01:00 [INF] Updated PermissionSet 'admin'
2026-03-22 22:01:48.240 +01:00 [INF] Updating active permission set to 'admin'
2026-03-22 22:01:48.318 +01:00 [WRN] Unable to add '_buttonLogout' to the JSON of MainMenu.SelectCharacterWindow._innerPanel._buttonsPanel because a sibling shares the same name
2026-03-22 22:01:49.329 +01:00 [WRN] 'Me' is null.
2026-03-22 22:01:49.870 +01:00 [INF] Built VBO for map 73ba8458-f8de-4f78-a254-c91b18418ed0 'test 3' in 15.622ms
2026-03-22 22:01:49.881 +01:00 [INF] Built VBO for map 27c6a7b2-4e9f-4316-9a0f-e13ec8e16ba2 'New Map' in 6.5994ms
2026-03-22 22:01:50.909 +01:00 [INF] Built VBO for map 850ddb26-5568-4376-b8e0-346c04cb81ef 'test 4' in 2.1875ms
2026-03-22 22:01:50.916 +01:00 [INF] Built VBO for map 23382d57-1bd1-403a-8f4f-50e5ad24e8a0 'test1' in 6.4978ms
2026-03-22 22:06:48.697 +01:00 [INF] System window closing (due to user interaction most likely).
2026-03-22 22:06:48.700 +01:00 [INF] Disconnected [ff99a1b2-3701-441e-8e0a-b8596cdd283c].
2026-03-22 22:06:48.701 +01:00 [INF] Updating active permission set to 'default'
2026-03-22 22:06:48.801 +01:00 [INF] Acquiring context lock... (0ms)
2026-03-22 22:06:48.801 +01:00 [INF] Acquired. (0ms)
2026-03-22 22:06:48.801 +01:00 [INF] Beginning context dispose. (0ms)
2026-03-22 22:06:48.802 +01:00 [INF] GC.SuppressFinalize (0ms)
2026-03-22 22:06:48.802 +01:00 [INF] InternalDispose() completed. (0ms)
2026-03-22 22:06:48.802 +01:00 [INF] Clearing instance... (1ms)
2026-03-22 22:06:48.802 +01:00 [INF] Releasing context lock... (1ms)
2026-03-22 22:06:48.802 +01:00 [INF] Released. (1ms)
