2026-09-04 13:12:46.422 +02:00 [INF] Starting Intersect Client v0.8.0.0-custom+32d39132dace1351f63375b261f241297dd35be8-dirty
2026-09-04 13:12:46.666 +02:00 [INF] Discovered service type: Intersect.Plugins.PluginService
2026-09-04 13:12:46.669 +02:00 [WRN] Directory was specified as a plugin directory but does not exist: 'resources\plugins'
2026-09-04 13:12:46.670 +02:00 [INF] Discovered 0 plugins:

2026-09-04 13:12:47.142 +02:00 [INF] Graphics pacing configured: targetMode=-1, vsync=false, fixedStep=false, backBuffer=1760x990
2026-09-04 13:12:48.652 +02:00 [INF] Connecting to 127.0.0.1:5400...
2026-09-04 13:12:48.661 +02:00 [INF] Connected [017c06a0-58a3-4011-b39b-e63fc14b45b4].
2026-09-04 13:12:48.677 +02:00 [INF] Connection approved [017c06a0-58a3-4011-b39b-e63fc14b45b4].
2026-09-04 13:12:48.772 +02:00 [INF] Updated PermissionSet 'default'
2026-09-04 13:12:48.772 +02:00 [INF] Updated PermissionSet 'admin'
2026-09-04 13:12:53.104 +02:00 [INF] Updating active permission set to 'admin'
2026-09-04 13:12:55.256 +02:00 [WRN] 'Me' is null.
2026-09-04 13:12:56.441 +02:00 [INF] Built VBO for map 9802b09c-f592-4d93-8e11-d3424500716c 'Deep Forest' in 56.1828ms
2026-09-04 13:12:56.456 +02:00 [INF] Built VBO for map 15601ad4-9f26-4abe-a6c9-3a7eebaa3045 'Forest' in 11.7943ms
2026-09-04 13:12:56.479 +02:00 [INF] Built VBO for map d490222a-af25-4a7f-bec3-7ca8016e08d7 'New Map' in 16.9311ms
2026-09-04 13:12:56.600 +02:00 [INF] Built VBO for map a31f210c-f5fb-48bf-9db2-45fab2293a4c 'Forest' in 118.1536ms
2026-09-04 13:12:56.655 +02:00 [INF] Built VBO for map 27c6a7b2-4e9f-4316-9a0f-e13ec8e16ba2 'Forest' in 52.3122ms
2026-09-04 13:12:56.686 +02:00 [INF] Built VBO for map e341d25d-5ff4-4cd6-bcd5-2f2cda710c86 'Greenfall Vale' in 28.4845ms
2026-09-04 13:13:01.982 +02:00 [INF] Client frame profile: measured=74.1fps counter=108 targetMode=-1; interval=13.49/777.53ms avg/max; update=0.31/33.76ms (1.00 calls/frame); draw=13.65/741.68ms; world=10.60/708.41ms [scene=10.23/696.58, scene-detail=[tiles=0.67ms/32.9draws (geometry=0.22ms/32.9draws, water=0.45ms/0.0draws), objects=7.45ms/71.8draws, procedural=0.00ms/0.0draws, entities=1.02ms/3.0draws, effects=0.47ms/1.0draws, weather=0.50ms/0.0draws, other=0.12ms], lighting=0.05/7.27, post=0.07/13.80, overlays=0.12/11.55, other=0.12]; gui=3.02/94.31ms [update=2.53/69.10 (minimap=1.82/44.26 [compact=1.82, fullmap=0.00/0.00], other=0.71), render=0.49/36.99, other=0.00]; finish=0.02/1.25ms; outside-update-draw=0.00ms; draws=151, maps=2, entities=23, lights=3
2026-09-04 13:13:06.984 +02:00 [INF] Client frame profile: measured=122.1fps counter=120 targetMode=-1; interval=8.19/27.66ms avg/max; update=0.15/11.42ms (1.00 calls/frame); draw=7.94/27.57ms; world=6.40/26.38ms [scene=6.19/26.13, scene-detail=[tiles=0.46ms/33.0draws (geometry=0.17ms/33.0draws, water=0.29ms/0.0draws), objects=4.80ms/72.0draws, procedural=0.00ms/0.0draws, entities=0.45ms/2.8draws, effects=0.08ms/1.8draws, weather=0.34ms/0.0draws, other=0.05ms], lighting=0.02/0.04, post=0.03/0.06, overlays=0.07/4.27, other=0.10]; gui=1.52/12.57ms [update=1.24/12.18 (minimap=0.88/11.58 [compact=0.88, fullmap=0.00/0.00], other=0.36), render=0.28/1.55, other=0.00]; finish=0.01/0.06ms; outside-update-draw=0.09ms; draws=133, maps=2, entities=23, lights=3
2026-09-04 13:13:12.006 +02:00 [INF] Client frame profile: measured=120.5fps counter=126 targetMode=-1; interval=8.30/40.51ms avg/max; update=0.06/1.36ms (1.00 calls/frame); draw=7.79/19.63ms; world=6.22/12.20ms [scene=6.01/9.74, scene-detail=[tiles=0.46ms/33.0draws (geometry=0.18ms/33.0draws, water=0.28ms/0.0draws), objects=4.71ms/72.0draws, procedural=0.00ms/0.0draws, entities=0.37ms/2.0draws, effects=0.07ms/2.0draws, weather=0.35ms/0.0draws, other=0.05ms], lighting=0.02/0.04, post=0.03/0.06, overlays=0.06/5.21, other=0.10]; gui=1.55/12.53ms [update=1.28/12.25 (minimap=0.98/11.77 [compact=0.98, fullmap=0.00/0.00], other=0.31), render=0.27/3.89, other=0.00]; finish=0.01/0.12ms; outside-update-draw=0.44ms; draws=133, maps=2, entities=23, lights=3
2026-09-04 13:13:14.629 +02:00 [INF] System window closing (due to user interaction most likely).
2026-09-04 13:13:14.632 +02:00 [INF] Disconnected [017c06a0-58a3-4011-b39b-e63fc14b45b4].
2026-09-04 13:13:14.633 +02:00 [INF] Updating active permission set to 'default'
2026-09-04 13:13:14.666 +02:00 [INF] Acquiring context lock... (0ms)
2026-09-04 13:13:14.666 +02:00 [INF] Acquired. (0ms)
2026-09-04 13:13:14.666 +02:00 [INF] Beginning context dispose. (0ms)
2026-09-04 13:13:14.667 +02:00 [INF] GC.SuppressFinalize (0ms)
2026-09-04 13:13:14.667 +02:00 [INF] InternalDispose() completed. (0ms)
2026-09-04 13:13:14.667 +02:00 [INF] Clearing instance... (1ms)
2026-09-04 13:13:14.667 +02:00 [INF] Releasing context lock... (1ms)
2026-09-04 13:13:14.667 +02:00 [INF] Released. (1ms)
