2026-06-09 18:04:39.613 +02:00 [INF] Starting Intersect Client v0.8.0.0-custom+32d39132dace1351f63375b261f241297dd35be8-dirty
2026-06-09 18:04:39.825 +02:00 [INF] Discovered service type: Intersect.Plugins.PluginService
2026-06-09 18:04:39.829 +02:00 [WRN] Directory was specified as a plugin directory but does not exist: 'resources\plugins'
2026-06-09 18:04:39.830 +02:00 [INF] Discovered 0 plugins:

2026-06-09 18:04:41.770 +02:00 [INF] Connecting to 127.0.0.1:5400...
2026-06-09 18:04:41.789 +02:00 [INF] Connected [4fbb1ed2-7d30-4cc9-9f74-c68b953c045a].
2026-06-09 18:04:41.809 +02:00 [INF] Connection approved [4fbb1ed2-7d30-4cc9-9f74-c68b953c045a].
2026-06-09 18:04:41.897 +02:00 [INF] Updated PermissionSet 'default'
2026-06-09 18:04:46.827 +02:00 [INF] Updated PermissionSet 'admin'
2026-06-09 18:04:46.827 +02:00 [INF] Updating active permission set to 'admin'
2026-06-09 18:04:47.303 +02:00 [WRN] 'Me' is null.
2026-06-09 18:04:48.653 +02:00 [INF] Built VBO for map 9802b09c-f592-4d93-8e11-d3424500716c 'Forest' in 38.8406ms
2026-06-09 18:04:48.657 +02:00 [INF] Built VBO for map 15601ad4-9f26-4abe-a6c9-3a7eebaa3045 'Forest' in 3.493ms
2026-06-09 18:04:48.708 +02:00 [ERR] Exception thrown while trying to load 'resources/tilesets/water_shore_marker.png'
System.IO.FileNotFoundException: Could not find file 'F:\game code engine\Intersect_New\Intersect.Client\resources\tilesets\water_shore_marker.png'.
File name: 'F:\game code engine\Intersect_New\Intersect.Client\resources\tilesets\water_shore_marker.png'
   at Microsoft.Win32.SafeHandles.SafeFileHandle.CreateFile(String fullPath, FileMode mode, FileAccess access, FileShare share, FileOptions options)
   at Microsoft.Win32.SafeHandles.SafeFileHandle.Open(String fullPath, FileMode mode, FileAccess access, FileShare share, FileOptions options, Int64 preallocationSize, Nullable`1 unixCreateMode)
   at System.IO.Strategies.OSFileStreamStrategy..ctor(String path, FileMode mode, FileAccess access, FileShare share, FileOptions options, Int64 preallocationSize, Nullable`1 unixCreateMode)
   at System.IO.Strategies.FileStreamHelpers.ChooseStrategyCore(String path, FileMode mode, FileAccess access, FileShare share, FileOptions options, Int64 preallocationSize, Nullable`1 unixCreateMode)
   at System.IO.File.OpenRead(String path)
   at Intersect.Client.Framework.Graphics.GameRenderer.<>c__DisplayClass177_0.<LoadTexture>b__0() in F:\game code engine\Intersect_New\Intersect.Client.Framework\Graphics\GameRenderer.cs:line 939
   at Intersect.Client.Framework.Graphics.GameTexture`2.LoadPlatformTexture(Boolean force) in F:\game code engine\Intersect_New\Intersect.Client.Framework\Graphics\GameTexture.cs:line 279
2026-06-09 18:04:48.710 +02:00 [INF] Built VBO for map a31f210c-f5fb-48bf-9db2-45fab2293a4c 'Forest' in 49.0373ms
2026-06-09 18:04:48.761 +02:00 [INF] Built VBO for map 27c6a7b2-4e9f-4316-9a0f-e13ec8e16ba2 'Forest' in 49.9231ms
2026-06-09 18:04:48.764 +02:00 [INF] Built VBO for map e341d25d-5ff4-4cd6-bcd5-2f2cda710c86 'town' in 1.5207ms
2026-06-09 18:04:49.174 +02:00 [INF] Built VBO for map 27c6a7b2-4e9f-4316-9a0f-e13ec8e16ba2 'Forest' in 23.3835ms
2026-06-09 18:05:04.835 +02:00 [INF] Built VBO for map 9802b09c-f592-4d93-8e11-d3424500716c 'Forest' in 3.0806ms
2026-06-09 18:05:04.872 +02:00 [INF] Built VBO for map 27c6a7b2-4e9f-4316-9a0f-e13ec8e16ba2 'Forest' in 36.0101ms
2026-06-09 18:05:04.964 +02:00 [INF] Built VBO for map 15601ad4-9f26-4abe-a6c9-3a7eebaa3045 'Forest' in 1.5665ms
2026-06-09 18:05:05.057 +02:00 [INF] Built VBO for map a31f210c-f5fb-48bf-9db2-45fab2293a4c 'Forest' in 6.497ms
2026-06-09 18:05:05.145 +02:00 [INF] Built VBO for map e341d25d-5ff4-4cd6-bcd5-2f2cda710c86 'town' in 1.1767ms
2026-06-09 18:05:13.319 +02:00 [INF] Built VBO for map 9802b09c-f592-4d93-8e11-d3424500716c 'Forest' in 2.8933ms
2026-06-09 18:05:13.351 +02:00 [INF] Built VBO for map 27c6a7b2-4e9f-4316-9a0f-e13ec8e16ba2 'Forest' in 31.5214ms
2026-06-09 18:05:13.436 +02:00 [INF] Built VBO for map 15601ad4-9f26-4abe-a6c9-3a7eebaa3045 'Forest' in 1.393ms
2026-06-09 18:05:13.529 +02:00 [INF] Built VBO for map a31f210c-f5fb-48bf-9db2-45fab2293a4c 'Forest' in 6.165ms
2026-06-09 18:05:13.617 +02:00 [INF] Built VBO for map e341d25d-5ff4-4cd6-bcd5-2f2cda710c86 'town' in 1.2549ms
2026-06-09 18:05:18.123 +02:00 [INF] Built VBO for map e341d25d-5ff4-4cd6-bcd5-2f2cda710c86 'town' in 1.6559ms
2026-06-09 18:06:39.323 +02:00 [INF] Built VBO for map 9802b09c-f592-4d93-8e11-d3424500716c 'Forest' in 2.7346ms
2026-06-09 18:06:39.340 +02:00 [INF] Built VBO for map 27c6a7b2-4e9f-4316-9a0f-e13ec8e16ba2 'Forest' in 16.5664ms
2026-06-09 18:06:39.355 +02:00 [INF] Built VBO for map e341d25d-5ff4-4cd6-bcd5-2f2cda710c86 'town' in 2.0464ms
2026-06-09 18:06:39.452 +02:00 [INF] Built VBO for map 15601ad4-9f26-4abe-a6c9-3a7eebaa3045 'Forest' in 1.4866ms
2026-06-09 18:06:39.524 +02:00 [INF] Built VBO for map a31f210c-f5fb-48bf-9db2-45fab2293a4c 'Forest' in 6.4077ms
2026-06-09 18:06:46.595 +02:00 [INF] Built VBO for map 27c6a7b2-4e9f-4316-9a0f-e13ec8e16ba2 'Forest' in 22.9379ms
2026-06-09 18:07:15.565 +02:00 [INF] Built VBO for map 9802b09c-f592-4d93-8e11-d3424500716c 'Forest' in 2.9212ms
2026-06-09 18:07:15.601 +02:00 [INF] Built VBO for map 27c6a7b2-4e9f-4316-9a0f-e13ec8e16ba2 'Forest' in 34.7616ms
2026-06-09 18:07:15.673 +02:00 [INF] Built VBO for map 15601ad4-9f26-4abe-a6c9-3a7eebaa3045 'Forest' in 1.775ms
2026-06-09 18:07:15.746 +02:00 [INF] Built VBO for map a31f210c-f5fb-48bf-9db2-45fab2293a4c 'Forest' in 5.8067ms
2026-06-09 18:07:15.816 +02:00 [INF] Built VBO for map e341d25d-5ff4-4cd6-bcd5-2f2cda710c86 'town' in 1.8636ms
2026-06-09 18:07:25.937 +02:00 [INF] Built VBO for map 9802b09c-f592-4d93-8e11-d3424500716c 'Forest' in 2.7191ms
2026-06-09 18:07:25.970 +02:00 [INF] Built VBO for map 27c6a7b2-4e9f-4316-9a0f-e13ec8e16ba2 'Forest' in 32.138ms
2026-06-09 18:07:26.037 +02:00 [INF] Built VBO for map 15601ad4-9f26-4abe-a6c9-3a7eebaa3045 'Forest' in 1.3976ms
2026-06-09 18:07:26.108 +02:00 [INF] Built VBO for map a31f210c-f5fb-48bf-9db2-45fab2293a4c 'Forest' in 6.4327ms
2026-06-09 18:07:26.176 +02:00 [INF] Built VBO for map e341d25d-5ff4-4cd6-bcd5-2f2cda710c86 'town' in 1.8582ms
2026-06-09 18:07:52.712 +02:00 [INF] Built VBO for map 9802b09c-f592-4d93-8e11-d3424500716c 'Forest' in 4.0062ms
2026-06-09 18:07:52.749 +02:00 [INF] Built VBO for map 27c6a7b2-4e9f-4316-9a0f-e13ec8e16ba2 'Forest' in 35.9167ms
2026-06-09 18:07:52.833 +02:00 [INF] Built VBO for map 15601ad4-9f26-4abe-a6c9-3a7eebaa3045 'Forest' in 1.3132ms
2026-06-09 18:07:52.905 +02:00 [INF] Built VBO for map a31f210c-f5fb-48bf-9db2-45fab2293a4c 'Forest' in 6.5515ms
2026-06-09 18:07:52.973 +02:00 [INF] Built VBO for map e341d25d-5ff4-4cd6-bcd5-2f2cda710c86 'town' in 1.8116ms
2026-06-09 18:09:13.950 +02:00 [INF] Built VBO for map 9802b09c-f592-4d93-8e11-d3424500716c 'Forest' in 2.7417ms
2026-06-09 18:09:13.983 +02:00 [INF] Built VBO for map 27c6a7b2-4e9f-4316-9a0f-e13ec8e16ba2 'Forest' in 33.1982ms
2026-06-09 18:09:14.050 +02:00 [INF] Built VBO for map 15601ad4-9f26-4abe-a6c9-3a7eebaa3045 'Forest' in 1.3501ms
2026-06-09 18:09:14.123 +02:00 [INF] Built VBO for map a31f210c-f5fb-48bf-9db2-45fab2293a4c 'Forest' in 6.5772ms
2026-06-09 18:09:14.191 +02:00 [INF] Built VBO for map e341d25d-5ff4-4cd6-bcd5-2f2cda710c86 'town' in 1.9296ms
2026-06-09 18:09:25.835 +02:00 [INF] Built VBO for map 9802b09c-f592-4d93-8e11-d3424500716c 'Forest' in 2.8227ms
2026-06-09 18:09:25.865 +02:00 [INF] Built VBO for map 27c6a7b2-4e9f-4316-9a0f-e13ec8e16ba2 'Forest' in 29.7597ms
2026-06-09 18:09:25.932 +02:00 [INF] Built VBO for map 15601ad4-9f26-4abe-a6c9-3a7eebaa3045 'Forest' in 1.3776ms
2026-06-09 18:09:26.007 +02:00 [INF] Built VBO for map a31f210c-f5fb-48bf-9db2-45fab2293a4c 'Forest' in 6.0854ms
2026-06-09 18:09:26.072 +02:00 [INF] Built VBO for map e341d25d-5ff4-4cd6-bcd5-2f2cda710c86 'town' in 1.8915ms
2026-06-09 18:09:38.662 +02:00 [INF] Built VBO for map 9802b09c-f592-4d93-8e11-d3424500716c 'Forest' in 3.8378ms
2026-06-09 18:09:38.691 +02:00 [INF] Built VBO for map 27c6a7b2-4e9f-4316-9a0f-e13ec8e16ba2 'Forest' in 28.9293ms
2026-06-09 18:09:38.757 +02:00 [INF] Built VBO for map 15601ad4-9f26-4abe-a6c9-3a7eebaa3045 'Forest' in 1.3925ms
2026-06-09 18:09:38.833 +02:00 [INF] Built VBO for map a31f210c-f5fb-48bf-9db2-45fab2293a4c 'Forest' in 6.434ms
2026-06-09 18:09:38.900 +02:00 [INF] Built VBO for map e341d25d-5ff4-4cd6-bcd5-2f2cda710c86 'town' in 1.7388ms
2026-06-09 18:11:16.349 +02:00 [INF] System window closing (due to user interaction most likely).
2026-06-09 18:11:16.352 +02:00 [INF] Disconnected [4fbb1ed2-7d30-4cc9-9f74-c68b953c045a].
2026-06-09 18:11:16.353 +02:00 [INF] Updating active permission set to 'default'
2026-06-09 18:11:16.393 +02:00 [INF] Acquiring context lock... (0ms)
2026-06-09 18:11:16.393 +02:00 [INF] Acquired. (0ms)
2026-06-09 18:11:16.394 +02:00 [INF] Beginning context dispose. (0ms)
2026-06-09 18:11:16.394 +02:00 [INF] GC.SuppressFinalize (0ms)
2026-06-09 18:11:16.394 +02:00 [INF] InternalDispose() completed. (0ms)
2026-06-09 18:11:16.395 +02:00 [INF] Clearing instance... (1ms)
2026-06-09 18:11:16.395 +02:00 [INF] Releasing context lock... (1ms)
2026-06-09 18:11:16.395 +02:00 [INF] Released. (1ms)
