2026-07-13 15:06:39.156 +02:00 [INF] Starting Intersect Client v0.8.0.0-custom+32d39132dace1351f63375b261f241297dd35be8-dirty
2026-07-13 15:06:39.412 +02:00 [INF] Discovered service type: Intersect.Plugins.PluginService
2026-07-13 15:06:39.415 +02:00 [WRN] Directory was specified as a plugin directory but does not exist: 'resources\plugins'
2026-07-13 15:06:39.416 +02:00 [INF] Discovered 0 plugins:

2026-07-13 15:06:44.048 +02:00 [INF] Connecting to 127.0.0.1:5400...
2026-07-13 15:06:44.071 +02:00 [INF] Connected [376f8451-cd7c-443e-b307-cc8627863777].
2026-07-13 15:06:44.091 +02:00 [INF] Connection approved [376f8451-cd7c-443e-b307-cc8627863777].
2026-07-13 15:06:44.203 +02:00 [INF] Updated PermissionSet 'default'
2026-07-13 15:06:48.329 +02:00 [INF] Updated PermissionSet 'admin'
2026-07-13 15:06:48.330 +02:00 [INF] Updating active permission set to 'admin'
2026-07-13 15:06:51.138 +02:00 [WRN] 'Me' is null.
2026-07-13 15:06:52.253 +02:00 [INF] Built VBO for map 9802b09c-f592-4d93-8e11-d3424500716c 'Deep Forest' in 60.184ms
2026-07-13 15:06:52.267 +02:00 [INF] Built VBO for map 15601ad4-9f26-4abe-a6c9-3a7eebaa3045 'Forest' in 11.5275ms
2026-07-13 15:06:52.281 +02:00 [INF] Built VBO for map d490222a-af25-4a7f-bec3-7ca8016e08d7 'New Map' in 9.0547ms
2026-07-13 15:06:52.407 +02:00 [INF] Built VBO for map a31f210c-f5fb-48bf-9db2-45fab2293a4c 'Forest' in 123.9746ms
2026-07-13 15:06:52.482 +02:00 [INF] Built VBO for map 27c6a7b2-4e9f-4316-9a0f-e13ec8e16ba2 'Forest' in 69.2131ms
2026-07-13 15:06:52.510 +02:00 [INF] Built VBO for map e341d25d-5ff4-4cd6-bcd5-2f2cda710c86 'Greenfall Vale' in 25.6729ms
2026-07-13 15:09:23.920 +02:00 [INF] Music volume set to 20 from InGame..SettingsWindow._innerPanel._tabs._innerPanel._audioSettingsTab._scrollPanel._musicSlider._slider
2026-07-13 15:09:23.920 +02:00 [INF] Sound volume set to 20 from InGame..SettingsWindow._innerPanel._tabs._innerPanel._audioSettingsTab._scrollPanel._soundEffectsSlider._slider
2026-07-13 15:09:23.921 +02:00 [INF] Weather sounds volume set to 80 from InGame..SettingsWindow._innerPanel._tabs._innerPanel._audioSettingsTab._scrollPanel._weatherSoundsSlider._slider
2026-07-13 15:09:48.766 +02:00 [INF] Built VBO for map d490222a-af25-4a7f-bec3-7ca8016e08d7 'New Map' in 6.7068ms
2026-07-13 15:09:48.789 +02:00 [INF] Built VBO for map e341d25d-5ff4-4cd6-bcd5-2f2cda710c86 'Greenfall Vale' in 8.1907ms
2026-07-13 15:09:49.247 +02:00 [INF] Built VBO for map 000bacda-f0e9-4a92-ab09-e55bd4ad15c1 'New Map' in 6.8213ms
2026-07-13 15:09:49.761 +02:00 [INF] Built VBO for map f519d3ea-b6f4-4b17-b87a-1dcf003cd3ec 'New Map' in 6.8652ms
2026-07-13 15:10:11.186 +02:00 [INF] System window closing (due to user interaction most likely).
2026-07-13 15:10:11.189 +02:00 [INF] Disconnected [376f8451-cd7c-443e-b307-cc8627863777].
2026-07-13 15:10:11.190 +02:00 [INF] Updating active permission set to 'default'
2026-07-13 15:10:11.266 +02:00 [INF] Acquiring context lock... (0ms)
2026-07-13 15:10:11.266 +02:00 [INF] Acquired. (0ms)
2026-07-13 15:10:11.267 +02:00 [INF] Beginning context dispose. (0ms)
2026-07-13 15:10:11.267 +02:00 [INF] GC.SuppressFinalize (0ms)
2026-07-13 15:10:11.267 +02:00 [INF] InternalDispose() completed. (0ms)
2026-07-13 15:10:11.267 +02:00 [INF] Clearing instance... (1ms)
2026-07-13 15:10:11.267 +02:00 [INF] Releasing context lock... (1ms)
2026-07-13 15:10:11.267 +02:00 [INF] Released. (1ms)
