2026-03-25 18:16:05.102 +01:00 [INF] Starting Intersect Client v0.8.0.0-custom+32d39132dace1351f63375b261f241297dd35be8-dirty
2026-03-25 18:16:05.287 +01:00 [INF] Discovered service type: Intersect.Plugins.PluginService
2026-03-25 18:16:05.291 +01:00 [WRN] Directory was specified as a plugin directory but does not exist: 'resources\plugins'
2026-03-25 18:16:05.292 +01:00 [INF] Discovered 0 plugins:

2026-03-25 18:16:08.313 +01:00 [INF] Connecting to 127.0.0.1:5400...
2026-03-25 18:16:08.334 +01:00 [INF] Connected [2e6f23bb-d24c-4de3-b9fa-4a133e3cc41c].
2026-03-25 18:16:08.351 +01:00 [INF] Connection approved [2e6f23bb-d24c-4de3-b9fa-4a133e3cc41c].
2026-03-25 18:16:08.446 +01:00 [INF] Updated PermissionSet 'default'
2026-03-25 18:16:09.507 +01:00 [INF] Updated PermissionSet 'admin'
2026-03-25 18:16:09.508 +01:00 [INF] Updating active permission set to 'admin'
2026-03-25 18:16:09.634 +01:00 [WRN] Unable to add '_buttonLogout' to the JSON of MainMenu.SelectCharacterWindow._innerPanel._buttonsPanel because a sibling shares the same name
2026-03-25 18:16:11.147 +01:00 [WRN] 'Me' is null.
2026-03-25 18:16:11.652 +01:00 [INF] Built VBO for map 850ddb26-5568-4376-b8e0-346c04cb81ef 'forest' in 14.0549ms
2026-03-25 18:40:19.204 +01:00 [INF] Disconnected [2e6f23bb-d24c-4de3-b9fa-4a133e3cc41c].
2026-03-25 18:40:19.204 +01:00 [INF] Updating active permission set to 'default'
2026-03-25 18:40:23.700 +01:00 [INF] System window closing (due to user interaction most likely).
2026-03-25 18:40:23.735 +01:00 [INF] Acquiring context lock... (0ms)
2026-03-25 18:40:23.735 +01:00 [INF] Acquired. (0ms)
2026-03-25 18:40:23.735 +01:00 [INF] Beginning context dispose. (0ms)
2026-03-25 18:40:23.736 +01:00 [INF] GC.SuppressFinalize (0ms)
2026-03-25 18:40:23.736 +01:00 [INF] InternalDispose() completed. (0ms)
2026-03-25 18:40:23.736 +01:00 [INF] Clearing instance... (1ms)
2026-03-25 18:40:23.736 +01:00 [INF] Releasing context lock... (1ms)
2026-03-25 18:40:23.736 +01:00 [INF] Released. (1ms)
