2026-05-16 11:28:56.865 +02:00 [INF] Starting Intersect Client v0.8.0.0-custom+32d39132dace1351f63375b261f241297dd35be8-dirty
2026-05-16 11:28:57.124 +02:00 [INF] Discovered service type: Intersect.Plugins.PluginService
2026-05-16 11:28:57.127 +02:00 [WRN] Directory was specified as a plugin directory but does not exist: 'resources\plugins'
2026-05-16 11:28:57.128 +02:00 [INF] Discovered 0 plugins:

2026-05-16 11:28:59.158 +02:00 [INF] Connecting to 127.0.0.1:5400...
2026-05-16 11:28:59.179 +02:00 [INF] Connected [88f3353e-169a-4500-a9bf-5166fad31b81].
2026-05-16 11:28:59.203 +02:00 [INF] Connection approved [88f3353e-169a-4500-a9bf-5166fad31b81].
2026-05-16 11:28:59.282 +02:00 [INF] Updated PermissionSet 'default'
2026-05-16 11:29:03.431 +02:00 [INF] Updated PermissionSet 'admin'
2026-05-16 11:29:03.431 +02:00 [INF] Updating active permission set to 'admin'
2026-05-16 11:29:04.072 +02:00 [WRN] 'Me' is null.
2026-05-16 11:29:04.325 +02:00 [WRN] Tried to load entity "f748a57f-2b1b-4791-910e-91ddb85352c2" (Oran) from packet before in-game UI was ready
2026-05-16 11:29:04.333 +02:00 [WRN] Tried to load entity "f748a57f-2b1b-4791-910e-91ddb85352c2" (Oran) from packet before in-game UI was ready
2026-05-16 11:29:04.840 +02:00 [INF] Built VBO for map 27c6a7b2-4e9f-4316-9a0f-e13ec8e16ba2 'Forest' in 18.6948ms
2026-05-16 11:29:10.383 +02:00 [INF] Built VBO for map e341d25d-5ff4-4cd6-bcd5-2f2cda710c86 'New Map' in 2.7155ms
2026-05-16 11:32:42.486 +02:00 [INF] Built VBO for map 27c6a7b2-4e9f-4316-9a0f-e13ec8e16ba2 'Forest' in 9.679ms
2026-05-16 11:32:42.499 +02:00 [INF] Built VBO for map e341d25d-5ff4-4cd6-bcd5-2f2cda710c86 'New Map' in 6.6256ms
2026-05-16 11:33:22.657 +02:00 [INF] System window closing (due to user interaction most likely).
2026-05-16 11:33:22.660 +02:00 [INF] Disconnected [88f3353e-169a-4500-a9bf-5166fad31b81].
2026-05-16 11:33:22.661 +02:00 [INF] Updating active permission set to 'default'
2026-05-16 11:33:22.692 +02:00 [INF] Acquiring context lock... (0ms)
2026-05-16 11:33:22.692 +02:00 [INF] Acquired. (0ms)
2026-05-16 11:33:22.693 +02:00 [INF] Beginning context dispose. (0ms)
2026-05-16 11:33:22.693 +02:00 [INF] GC.SuppressFinalize (0ms)
2026-05-16 11:33:22.693 +02:00 [INF] InternalDispose() completed. (0ms)
2026-05-16 11:33:22.693 +02:00 [INF] Clearing instance... (1ms)
2026-05-16 11:33:22.693 +02:00 [INF] Releasing context lock... (1ms)
2026-05-16 11:33:22.693 +02:00 [INF] Released. (1ms)
