2026-04-27 20:00:25.030 +06:00 [INF] Starting Intersect Client v0.8.0.0-custom+32d39132dace1351f63375b261f241297dd35be8-dirty
2026-04-27 20:00:25.231 +06:00 [INF] Discovered service type: Intersect.Plugins.PluginService
2026-04-27 20:00:25.234 +06:00 [WRN] Directory was specified as a plugin directory but does not exist: 'resources\plugins'
2026-04-27 20:00:25.235 +06:00 [INF] Discovered 0 plugins:

2026-04-27 20:00:27.801 +06:00 [INF] Connecting to 127.0.0.1:5400...
2026-04-27 20:00:27.811 +06:00 [INF] Connected [beee1a64-7fb6-40a8-a614-2be3a2db5bf2].
2026-04-27 20:00:27.820 +06:00 [INF] Connection approved [beee1a64-7fb6-40a8-a614-2be3a2db5bf2].
2026-04-27 20:00:27.897 +06:00 [INF] Updated PermissionSet 'default'
2026-04-27 20:00:27.898 +06:00 [INF] Updated PermissionSet 'admin'
2026-04-27 20:00:35.069 +06:00 [INF] Updating active permission set to 'admin'
2026-04-27 20:00:35.189 +06:00 [WRN] Unable to add '_buttonLogout' to the JSON of MainMenu.SelectCharacterWindow._innerPanel._buttonsPanel because a sibling shares the same name
2026-04-27 20:00:35.743 +06:00 [WRN] 'Me' is null.
2026-04-27 20:00:36.327 +06:00 [INF] Built VBO for map 27c6a7b2-4e9f-4316-9a0f-e13ec8e16ba2 'Forest' in 9.6618ms
2026-04-27 20:01:08.827 +06:00 [INF] Built VBO for map 27c6a7b2-4e9f-4316-9a0f-e13ec8e16ba2 'Forest' in 2.01ms
2026-04-27 20:01:32.933 +06:00 [INF] Built VBO for map 27c6a7b2-4e9f-4316-9a0f-e13ec8e16ba2 'Forest' in 2.1306ms
2026-04-27 20:01:43.675 +06:00 [INF] Built VBO for map 27c6a7b2-4e9f-4316-9a0f-e13ec8e16ba2 'Forest' in 2.1784ms
2026-04-27 20:02:09.474 +06:00 [INF] Built VBO for map c15f8299-8999-471f-9760-388ff4cdec7c 'Forest' in 9.5341ms
2026-04-27 20:04:10.471 +06:00 [INF] System window closing (due to user interaction most likely).
2026-04-27 20:04:10.474 +06:00 [INF] Disconnected [beee1a64-7fb6-40a8-a614-2be3a2db5bf2].
2026-04-27 20:04:10.474 +06:00 [INF] Updating active permission set to 'default'
2026-04-27 20:04:10.514 +06:00 [INF] Acquiring context lock... (0ms)
2026-04-27 20:04:10.515 +06:00 [INF] Acquired. (0ms)
2026-04-27 20:04:10.515 +06:00 [INF] Beginning context dispose. (0ms)
2026-04-27 20:04:10.516 +06:00 [INF] GC.SuppressFinalize (0ms)
2026-04-27 20:04:10.516 +06:00 [INF] InternalDispose() completed. (0ms)
2026-04-27 20:04:10.516 +06:00 [INF] Clearing instance... (1ms)
2026-04-27 20:04:10.516 +06:00 [INF] Releasing context lock... (1ms)
2026-04-27 20:04:10.516 +06:00 [INF] Released. (1ms)
