2026-07-05 04:07:16.947 +02:00 [INF] Starting Intersect Client v0.8.0.0-custom+32d39132dace1351f63375b261f241297dd35be8-dirty
2026-07-05 04:07:17.181 +02:00 [INF] Discovered service type: Intersect.Plugins.PluginService
2026-07-05 04:07:17.185 +02:00 [WRN] Directory was specified as a plugin directory but does not exist: 'resources\plugins'
2026-07-05 04:07:17.186 +02:00 [INF] Discovered 0 plugins:

2026-07-05 04:07:19.377 +02:00 [INF] Connecting to 127.0.0.1:5400...
2026-07-05 04:07:19.396 +02:00 [INF] Connected [068294db-ed8c-4047-bcbc-e16e50880377].
2026-07-05 04:07:19.409 +02:00 [INF] Connection approved [068294db-ed8c-4047-bcbc-e16e50880377].
2026-07-05 04:07:19.522 +02:00 [INF] Updated PermissionSet 'default'
2026-07-05 04:07:23.060 +02:00 [INF] Updated PermissionSet 'admin'
2026-07-05 04:07:23.061 +02:00 [INF] Updating active permission set to 'admin'
2026-07-05 04:07:25.070 +02:00 [WRN] 'Me' is null.
2026-07-05 04:07:26.161 +02:00 [ERR] Exception thrown while trying to load 'resources/tilesets/water_shore_marker.png'
System.IO.FileNotFoundException: Could not find file 'F:\game code engine\Intersect_New\Intersect.Client\resources\tilesets\water_shore_marker.png'.
File name: 'F:\game code engine\Intersect_New\Intersect.Client\resources\tilesets\water_shore_marker.png'
   at Microsoft.Win32.SafeHandles.SafeFileHandle.CreateFile(String fullPath, FileMode mode, FileAccess access, FileShare share, FileOptions options)
   at Microsoft.Win32.SafeHandles.SafeFileHandle.Open(String fullPath, FileMode mode, FileAccess access, FileShare share, FileOptions options, Int64 preallocationSize, Nullable`1 unixCreateMode)
   at System.IO.Strategies.OSFileStreamStrategy..ctor(String path, FileMode mode, FileAccess access, FileShare share, FileOptions options, Int64 preallocationSize, Nullable`1 unixCreateMode)
   at System.IO.Strategies.FileStreamHelpers.ChooseStrategyCore(String path, FileMode mode, FileAccess access, FileShare share, FileOptions options, Int64 preallocationSize, Nullable`1 unixCreateMode)
   at System.IO.File.OpenRead(String path)
   at Intersect.Client.Framework.Graphics.GameRenderer.<>c__DisplayClass182_0.<LoadTexture>b__0() in F:\game code engine\Intersect_New\Intersect.Client.Framework\Graphics\GameRenderer.cs:line 1027
   at Intersect.Client.Framework.Graphics.GameTexture`2.LoadPlatformTexture(Boolean force) in F:\game code engine\Intersect_New\Intersect.Client.Framework\Graphics\GameTexture.cs:line 279
2026-07-05 04:07:26.174 +02:00 [INF] Built VBO for map 9802b09c-f592-4d93-8e11-d3424500716c 'Deep Forest' in 46.1188ms
2026-07-05 04:07:26.182 +02:00 [INF] Built VBO for map 15601ad4-9f26-4abe-a6c9-3a7eebaa3045 'Forest' in 7.0347ms
2026-07-05 04:07:26.192 +02:00 [INF] Built VBO for map d490222a-af25-4a7f-bec3-7ca8016e08d7 'New Map' in 5.6901ms
2026-07-05 04:07:26.296 +02:00 [INF] Built VBO for map a31f210c-f5fb-48bf-9db2-45fab2293a4c 'Forest' in 102.8091ms
2026-07-05 04:07:26.344 +02:00 [INF] Built VBO for map 27c6a7b2-4e9f-4316-9a0f-e13ec8e16ba2 'Forest' in 46.0759ms
2026-07-05 04:07:26.350 +02:00 [INF] Built VBO for map e341d25d-5ff4-4cd6-bcd5-2f2cda710c86 'Greenfall Vale' in 6.0523ms
2026-07-05 04:07:29.131 +02:00 [INF] Built VBO for map e341d25d-5ff4-4cd6-bcd5-2f2cda710c86 'Greenfall Vale' in 3.6714ms
2026-07-05 04:07:29.498 +02:00 [INF] Built VBO for map d490222a-af25-4a7f-bec3-7ca8016e08d7 'New Map' in 3.3856ms
2026-07-05 04:07:29.995 +02:00 [INF] Built VBO for map 000bacda-f0e9-4a92-ab09-e55bd4ad15c1 'New Map' in 3.3714ms
2026-07-05 04:07:30.528 +02:00 [INF] Built VBO for map f519d3ea-b6f4-4b17-b87a-1dcf003cd3ec 'New Map' in 3.5326ms
2026-07-05 04:12:44.023 +02:00 [INF] Built VBO for map 000bacda-f0e9-4a92-ab09-e55bd4ad15c1 'New Map' in 3.804ms
2026-07-05 04:12:44.574 +02:00 [INF] Built VBO for map f519d3ea-b6f4-4b17-b87a-1dcf003cd3ec 'New Map' in 4.8428ms
2026-07-05 04:20:11.424 +02:00 [INF] System window closing (due to user interaction most likely).
2026-07-05 04:20:11.427 +02:00 [INF] Disconnected [068294db-ed8c-4047-bcbc-e16e50880377].
2026-07-05 04:20:11.428 +02:00 [INF] Updating active permission set to 'default'
2026-07-05 04:20:11.468 +02:00 [INF] Acquiring context lock... (0ms)
2026-07-05 04:20:11.468 +02:00 [INF] Acquired. (0ms)
2026-07-05 04:20:11.469 +02:00 [INF] Beginning context dispose. (0ms)
2026-07-05 04:20:11.469 +02:00 [INF] GC.SuppressFinalize (0ms)
2026-07-05 04:20:11.469 +02:00 [INF] InternalDispose() completed. (0ms)
2026-07-05 04:20:11.469 +02:00 [INF] Clearing instance... (1ms)
2026-07-05 04:20:11.469 +02:00 [INF] Releasing context lock... (1ms)
2026-07-05 04:20:11.469 +02:00 [INF] Released. (1ms)
