2026-04-06 17:38:02.816 +06:00 [INF] Starting Intersect Client v0.8.0.0-custom+32d39132dace1351f63375b261f241297dd35be8-dirty
2026-04-06 17:38:03.092 +06:00 [INF] Discovered service type: Intersect.Plugins.PluginService
2026-04-06 17:38:03.100 +06:00 [WRN] Directory was specified as a plugin directory but does not exist: 'resources\plugins'
2026-04-06 17:38:03.100 +06:00 [INF] Discovered 0 plugins:

2026-04-06 17:38:06.269 +06:00 [INF] Connecting to 127.0.0.1:5400...
2026-04-06 17:38:06.286 +06:00 [INF] Connected [228c73fa-30f4-4c53-8bf7-6a038ee94d45].
2026-04-06 17:38:06.300 +06:00 [INF] Connection approved [228c73fa-30f4-4c53-8bf7-6a038ee94d45].
2026-04-06 17:38:06.385 +06:00 [INF] Updated PermissionSet 'default'
2026-04-06 17:38:14.028 +06:00 [INF] Updated PermissionSet 'admin'
2026-04-06 17:38:14.029 +06:00 [INF] Updating active permission set to 'admin'
2026-04-06 17:38:14.154 +06:00 [WRN] Unable to add '_buttonLogout' to the JSON of MainMenu.SelectCharacterWindow._innerPanel._buttonsPanel because a sibling shares the same name
2026-04-06 17:38:15.952 +06:00 [WRN] 'Me' is null.
2026-04-06 17:38:16.510 +06:00 [INF] Built VBO for map 73ba8458-f8de-4f78-a254-c91b18418ed0 'test 3' in 20.5127ms
2026-04-06 17:38:27.782 +06:00 [INF] Built VBO for map 411179b7-b772-42ef-bf66-03b7e4d7dca8 'test 5' in 4.0478ms
2026-04-06 17:38:36.102 +06:00 [INF] Built VBO for map 850ddb26-5568-4376-b8e0-346c04cb81ef 'forest' in 6.4783ms
2026-04-06 17:38:55.740 +06:00 [INF] Built VBO for map 27c6a7b2-4e9f-4316-9a0f-e13ec8e16ba2 'New Map' in 9.1808ms
2026-04-06 17:56:21.768 +06:00 [INF] Built VBO for map 73ba8458-f8de-4f78-a254-c91b18418ed0 'test 3' in 1.6242ms
2026-04-06 17:56:30.928 +06:00 [WRN] 'Me' is null.
2026-04-06 17:56:30.953 +06:00 [WRN] Tried to load entity "d8387828-caae-49b1-9bf4-03bd51349c42" (Oran) from packet before in-game UI was ready
2026-04-06 17:56:31.080 +06:00 [INF] Built VBO for map 73ba8458-f8de-4f78-a254-c91b18418ed0 'test 3' in 1.6106ms
2026-04-06 17:56:31.083 +06:00 [INF] Built VBO for map 850ddb26-5568-4376-b8e0-346c04cb81ef 'forest' in 2.2899ms
2026-04-06 17:56:31.092 +06:00 [INF] Built VBO for map 27c6a7b2-4e9f-4316-9a0f-e13ec8e16ba2 'New Map' in 8.6133ms
2026-04-06 17:56:34.193 +06:00 [INF] Music volume set to 10 from InGame..SettingsWindow._innerPanel._tabs._innerPanel._audioSettingsTab._scrollPanel._musicSlider._slider
2026-04-06 17:56:34.193 +06:00 [INF] Sound volume set to 15 from InGame..SettingsWindow._innerPanel._tabs._innerPanel._audioSettingsTab._scrollPanel._soundEffectsSlider._slider
2026-04-06 17:56:49.796 +06:00 [INF] Built VBO for map 411179b7-b772-42ef-bf66-03b7e4d7dca8 'test 5' in 1.2799ms
2026-04-06 17:57:27.412 +06:00 [ERR] Tried to decrease visible count below 0 of a data provider
2026-04-06 17:57:27.412 +06:00 [ERR] Tried to decrease visible count below 0 of a data provider
2026-04-06 17:58:34.997 +06:00 [INF] Built VBO for map 73ba8458-f8de-4f78-a254-c91b18418ed0 'test 3' in 1.5435ms
2026-04-06 18:00:43.082 +06:00 [INF] System window closing (due to user interaction most likely).
2026-04-06 18:00:43.085 +06:00 [INF] Disconnected [228c73fa-30f4-4c53-8bf7-6a038ee94d45].
2026-04-06 18:00:43.086 +06:00 [INF] Updating active permission set to 'default'
2026-04-06 18:00:43.115 +06:00 [INF] Acquiring context lock... (0ms)
2026-04-06 18:00:43.115 +06:00 [INF] Acquired. (0ms)
2026-04-06 18:00:43.115 +06:00 [INF] Beginning context dispose. (0ms)
2026-04-06 18:00:43.116 +06:00 [INF] GC.SuppressFinalize (0ms)
2026-04-06 18:00:43.116 +06:00 [INF] InternalDispose() completed. (0ms)
2026-04-06 18:00:43.116 +06:00 [INF] Clearing instance... (1ms)
2026-04-06 18:00:43.116 +06:00 [INF] Releasing context lock... (1ms)
2026-04-06 18:00:43.116 +06:00 [INF] Released. (1ms)
