2026-05-01 02:32:56.040 +06:00 [INF] Starting Intersect Client v0.8.0.0-custom+32d39132dace1351f63375b261f241297dd35be8-dirty
2026-05-01 02:32:56.294 +06:00 [INF] Discovered service type: Intersect.Plugins.PluginService
2026-05-01 02:32:56.298 +06:00 [WRN] Directory was specified as a plugin directory but does not exist: 'resources\plugins'
2026-05-01 02:32:56.299 +06:00 [INF] Discovered 0 plugins:

2026-05-01 02:32:58.584 +06:00 [INF] Connecting to 127.0.0.1:5400...
2026-05-01 02:32:58.605 +06:00 [INF] Connected [3cd75a51-2342-4d44-a0cb-abea0a1ae239].
2026-05-01 02:32:58.614 +06:00 [INF] Connection approved [3cd75a51-2342-4d44-a0cb-abea0a1ae239].
2026-05-01 02:32:58.698 +06:00 [INF] Updated PermissionSet 'default'
2026-05-01 02:33:10.435 +06:00 [INF] Updated PermissionSet 'admin'
2026-05-01 02:33:10.435 +06:00 [INF] Updating active permission set to 'admin'
2026-05-01 02:33:11.392 +06:00 [WRN] 'Me' is null.
2026-05-01 02:33:11.940 +06:00 [INF] Built VBO for map 27c6a7b2-4e9f-4316-9a0f-e13ec8e16ba2 'Forest' in 9.6355ms
2026-05-01 02:33:57.628 +06:00 [INF] System window closing (due to user interaction most likely).
2026-05-01 02:33:57.631 +06:00 [INF] Disconnected [3cd75a51-2342-4d44-a0cb-abea0a1ae239].
2026-05-01 02:33:57.631 +06:00 [INF] Updating active permission set to 'default'
2026-05-01 02:33:57.667 +06:00 [INF] Acquiring context lock... (0ms)
2026-05-01 02:33:57.667 +06:00 [INF] Acquired. (0ms)
2026-05-01 02:33:57.668 +06:00 [INF] Beginning context dispose. (0ms)
2026-05-01 02:33:57.668 +06:00 [INF] GC.SuppressFinalize (0ms)
2026-05-01 02:33:57.669 +06:00 [INF] InternalDispose() completed. (0ms)
2026-05-01 02:33:57.669 +06:00 [INF] Clearing instance... (1ms)
2026-05-01 02:33:57.669 +06:00 [INF] Releasing context lock... (1ms)
2026-05-01 02:33:57.669 +06:00 [INF] Released. (1ms)
