2026-05-01 15:46:23.406 +06:00 [INF] Starting Intersect Client v0.8.0.0-custom+32d39132dace1351f63375b261f241297dd35be8-dirty
2026-05-01 15:46:23.659 +06:00 [INF] Discovered service type: Intersect.Plugins.PluginService
2026-05-01 15:46:23.663 +06:00 [WRN] Directory was specified as a plugin directory but does not exist: 'resources\plugins'
2026-05-01 15:46:23.664 +06:00 [INF] Discovered 0 plugins:

2026-05-01 15:46:41.062 +06:00 [INF] Connecting to 127.0.0.1:5400...
2026-05-01 15:46:41.084 +06:00 [INF] Connected [64af54b4-45b9-4dfa-bb23-65259aa862e6].
2026-05-01 15:46:41.094 +06:00 [INF] Connection approved [64af54b4-45b9-4dfa-bb23-65259aa862e6].
2026-05-01 15:46:41.188 +06:00 [INF] Updated PermissionSet 'default'
2026-05-01 15:46:46.258 +06:00 [INF] Updated PermissionSet 'admin'
2026-05-01 15:46:46.258 +06:00 [INF] Updating active permission set to 'admin'
2026-05-01 15:46:47.598 +06:00 [WRN] 'Me' is null.
2026-05-01 15:46:48.214 +06:00 [INF] Built VBO for map 27c6a7b2-4e9f-4316-9a0f-e13ec8e16ba2 'Forest' in 10.1092ms
2026-05-01 15:46:55.277 +06:00 [INF] System window closing (due to user interaction most likely).
2026-05-01 15:46:55.280 +06:00 [INF] Disconnected [64af54b4-45b9-4dfa-bb23-65259aa862e6].
2026-05-01 15:46:55.281 +06:00 [INF] Updating active permission set to 'default'
2026-05-01 15:46:55.356 +06:00 [INF] Acquiring context lock... (0ms)
2026-05-01 15:46:55.356 +06:00 [INF] Acquired. (0ms)
2026-05-01 15:46:55.357 +06:00 [INF] Beginning context dispose. (0ms)
2026-05-01 15:46:55.357 +06:00 [INF] GC.SuppressFinalize (0ms)
2026-05-01 15:46:55.357 +06:00 [INF] InternalDispose() completed. (0ms)
2026-05-01 15:46:55.357 +06:00 [INF] Clearing instance... (1ms)
2026-05-01 15:46:55.357 +06:00 [INF] Releasing context lock... (1ms)
2026-05-01 15:46:55.357 +06:00 [INF] Released. (1ms)
