2026-05-02 01:20:09.943 +06:00 [INF] Starting Intersect Client v0.8.0.0-custom+32d39132dace1351f63375b261f241297dd35be8-dirty
2026-05-02 01:20:10.151 +06:00 [INF] Discovered service type: Intersect.Plugins.PluginService
2026-05-02 01:20:10.154 +06:00 [WRN] Directory was specified as a plugin directory but does not exist: 'resources\plugins'
2026-05-02 01:20:10.155 +06:00 [INF] Discovered 0 plugins:

2026-05-02 01:20:13.649 +06:00 [INF] Connecting to 127.0.0.1:5400...
2026-05-02 01:20:13.670 +06:00 [INF] Connected [13005b36-9ca0-494e-8016-f94c26e079a5].
2026-05-02 01:20:13.692 +06:00 [INF] Connection approved [13005b36-9ca0-494e-8016-f94c26e079a5].
2026-05-02 01:20:13.780 +06:00 [INF] Updated PermissionSet 'default'
2026-05-02 01:20:25.032 +06:00 [INF] Updated PermissionSet 'admin'
2026-05-02 01:20:25.032 +06:00 [INF] Updating active permission set to 'admin'
2026-05-02 01:20:26.256 +06:00 [WRN] 'Me' is null.
2026-05-02 01:20:26.770 +06:00 [INF] Built VBO for map 27c6a7b2-4e9f-4316-9a0f-e13ec8e16ba2 'Forest' in 9.7717ms
2026-05-02 01:20:26.792 +06:00 [INF] Built VBO for map c15f8299-8999-471f-9760-388ff4cdec7c 'test' in 6.9043ms
2026-05-02 01:23:23.036 +06:00 [INF] System window closing (due to user interaction most likely).
2026-05-02 01:23:23.038 +06:00 [INF] Disconnected [13005b36-9ca0-494e-8016-f94c26e079a5].
2026-05-02 01:23:23.039 +06:00 [INF] Updating active permission set to 'default'
2026-05-02 01:23:23.076 +06:00 [INF] Acquiring context lock... (0ms)
2026-05-02 01:23:23.077 +06:00 [INF] Acquired. (0ms)
2026-05-02 01:23:23.077 +06:00 [INF] Beginning context dispose. (0ms)
2026-05-02 01:23:23.078 +06:00 [INF] GC.SuppressFinalize (0ms)
2026-05-02 01:23:23.078 +06:00 [INF] InternalDispose() completed. (0ms)
2026-05-02 01:23:23.078 +06:00 [INF] Clearing instance... (1ms)
2026-05-02 01:23:23.078 +06:00 [INF] Releasing context lock... (1ms)
2026-05-02 01:23:23.078 +06:00 [INF] Released. (1ms)
