2026-04-05 15:34:11.561 +06:00 [INF] Starting Intersect Client v0.8.0.0-custom+32d39132dace1351f63375b261f241297dd35be8-dirty
2026-04-05 15:34:11.905 +06:00 [INF] Discovered service type: Intersect.Plugins.PluginService
2026-04-05 15:34:11.912 +06:00 [WRN] Directory was specified as a plugin directory but does not exist: 'resources\plugins'
2026-04-05 15:34:11.913 +06:00 [INF] Discovered 0 plugins:

2026-04-05 15:34:14.101 +06:00 [INF] Connecting to 127.0.0.1:5400...
2026-04-05 15:34:14.121 +06:00 [INF] Connected [fbd8770f-f171-4da4-a1c9-f6e10f8addc5].
2026-04-05 15:34:14.139 +06:00 [INF] Connection approved [fbd8770f-f171-4da4-a1c9-f6e10f8addc5].
2026-04-05 15:34:14.218 +06:00 [INF] Updated PermissionSet 'default'
2026-04-05 15:34:15.194 +06:00 [INF] Updated PermissionSet 'admin'
2026-04-05 15:34:15.194 +06:00 [INF] Updating active permission set to 'admin'
2026-04-05 15:34:15.325 +06:00 [WRN] Unable to add '_buttonLogout' to the JSON of MainMenu.SelectCharacterWindow._innerPanel._buttonsPanel because a sibling shares the same name
2026-04-05 15:34:16.116 +06:00 [WRN] 'Me' is null.
2026-04-05 15:34:16.632 +06:00 [INF] Built VBO for map 73ba8458-f8de-4f78-a254-c91b18418ed0 'forest' in 13.7817ms
2026-04-05 15:34:18.701 +06:00 [INF] Built VBO for map 850ddb26-5568-4376-b8e0-346c04cb81ef 'forest' in 7.4465ms
2026-04-05 15:34:19.797 +06:00 [INF] Built VBO for map 411179b7-b772-42ef-bf66-03b7e4d7dca8 'test 5' in 2.9051ms
2026-04-05 15:34:29.164 +06:00 [INF] Built VBO for map 27c6a7b2-4e9f-4316-9a0f-e13ec8e16ba2 'New Map' in 6.7299ms
2026-04-05 15:37:28.761 +06:00 [INF] Music volume set to 10 from InGame..SettingsWindow._innerPanel._tabs._innerPanel._audioSettingsTab._scrollPanel._musicSlider._slider
2026-04-05 15:37:28.762 +06:00 [INF] Sound volume set to 15 from InGame..SettingsWindow._innerPanel._tabs._innerPanel._audioSettingsTab._scrollPanel._soundEffectsSlider._slider
2026-04-05 15:43:00.251 +06:00 [INF] System window closing (due to user interaction most likely).
2026-04-05 15:43:00.254 +06:00 [INF] Disconnected [fbd8770f-f171-4da4-a1c9-f6e10f8addc5].
2026-04-05 15:43:00.254 +06:00 [INF] Updating active permission set to 'default'
2026-04-05 15:43:00.338 +06:00 [INF] Acquiring context lock... (0ms)
2026-04-05 15:43:00.338 +06:00 [INF] Acquired. (0ms)
2026-04-05 15:43:00.338 +06:00 [INF] Beginning context dispose. (0ms)
2026-04-05 15:43:00.339 +06:00 [INF] GC.SuppressFinalize (0ms)
2026-04-05 15:43:00.339 +06:00 [INF] InternalDispose() completed. (0ms)
2026-04-05 15:43:00.339 +06:00 [INF] Clearing instance... (1ms)
2026-04-05 15:43:00.339 +06:00 [INF] Releasing context lock... (1ms)
2026-04-05 15:43:00.339 +06:00 [INF] Released. (1ms)
