2026-06-19 18:27:20.871 +02:00 [INF] Starting Intersect Client v0.8.0.0-custom+32d39132dace1351f63375b261f241297dd35be8-dirty
2026-06-19 18:27:21.085 +02:00 [INF] Discovered service type: Intersect.Plugins.PluginService
2026-06-19 18:27:21.089 +02:00 [WRN] Directory was specified as a plugin directory but does not exist: 'resources\plugins'
2026-06-19 18:27:21.090 +02:00 [INF] Discovered 0 plugins:

2026-06-19 18:27:23.130 +02:00 [INF] Connecting to 127.0.0.1:5400...
2026-06-19 18:27:23.153 +02:00 [INF] Connected [0ae5cae9-52ec-4219-8e90-81ff57ed6f26].
2026-06-19 18:27:23.175 +02:00 [INF] Connection approved [0ae5cae9-52ec-4219-8e90-81ff57ed6f26].
2026-06-19 18:27:23.283 +02:00 [INF] Updated PermissionSet 'default'
2026-06-19 18:27:27.436 +02:00 [INF] Updated PermissionSet 'admin'
2026-06-19 18:27:27.437 +02:00 [INF] Updating active permission set to 'admin'
2026-06-19 18:28:53.450 +02:00 [INF] Disconnected [0ae5cae9-52ec-4219-8e90-81ff57ed6f26].
2026-06-19 18:28:53.451 +02:00 [INF] Updating active permission set to 'default'
2026-06-19 18:28:54.856 +02:00 [INF] User clicked exit button.
2026-06-19 18:28:54.884 +02:00 [INF] System window closing (due to user interaction most likely).
2026-06-19 18:28:54.993 +02:00 [INF] Acquiring context lock... (0ms)
2026-06-19 18:28:54.993 +02:00 [INF] Acquired. (0ms)
2026-06-19 18:28:54.994 +02:00 [INF] Beginning context dispose. (0ms)
2026-06-19 18:28:54.994 +02:00 [INF] GC.SuppressFinalize (0ms)
2026-06-19 18:28:54.994 +02:00 [INF] InternalDispose() completed. (0ms)
2026-06-19 18:28:54.994 +02:00 [INF] Clearing instance... (2ms)
2026-06-19 18:28:54.994 +02:00 [INF] Releasing context lock... (2ms)
2026-06-19 18:28:54.994 +02:00 [INF] Released. (2ms)
