2026-04-18 14:55:05.016 +06:00 [INF] Starting Intersect Client v0.8.0.0-custom+32d39132dace1351f63375b261f241297dd35be8-dirty
2026-04-18 14:55:05.340 +06:00 [INF] Discovered service type: Intersect.Plugins.PluginService
2026-04-18 14:55:05.344 +06:00 [WRN] Directory was specified as a plugin directory but does not exist: 'resources\plugins'
2026-04-18 14:55:05.345 +06:00 [INF] Discovered 0 plugins:

2026-04-18 14:55:07.339 +06:00 [INF] Connecting to 127.0.0.1:5400...
2026-04-18 14:55:07.361 +06:00 [INF] Connected [d6cdbbc3-3857-45d3-b4a7-ccae0261f049].
2026-04-18 14:55:07.371 +06:00 [INF] Connection approved [d6cdbbc3-3857-45d3-b4a7-ccae0261f049].
2026-04-18 14:55:07.469 +06:00 [INF] Updated PermissionSet 'default'
2026-04-18 14:55:11.063 +06:00 [INF] Updated PermissionSet 'admin'
2026-04-18 14:55:11.063 +06:00 [INF] Updating active permission set to 'admin'
2026-04-18 14:55:11.205 +06:00 [WRN] Unable to add '_buttonLogout' to the JSON of MainMenu.SelectCharacterWindow._innerPanel._buttonsPanel because a sibling shares the same name
2026-04-18 14:55:15.636 +06:00 [WRN] 'Me' is null.
2026-04-18 14:55:16.214 +06:00 [ERR] Exception thrown while trying to load 'resources/tilesets/pixellab-pixel-art-asset-sheet-featurin-1775656194302.png'
System.IO.FileNotFoundException: Could not find file 'F:\game code engine\Intersect_New\Intersect.Client\resources\tilesets\pixellab-pixel-art-asset-sheet-featurin-1775656194302.png'.
File name: 'F:\game code engine\Intersect_New\Intersect.Client\resources\tilesets\pixellab-pixel-art-asset-sheet-featurin-1775656194302.png'
   at Microsoft.Win32.SafeHandles.SafeFileHandle.CreateFile(String fullPath, FileMode mode, FileAccess access, FileShare share, FileOptions options)
   at Microsoft.Win32.SafeHandles.SafeFileHandle.Open(String fullPath, FileMode mode, FileAccess access, FileShare share, FileOptions options, Int64 preallocationSize, Nullable`1 unixCreateMode)
   at System.IO.Strategies.OSFileStreamStrategy..ctor(String path, FileMode mode, FileAccess access, FileShare share, FileOptions options, Int64 preallocationSize, Nullable`1 unixCreateMode)
   at System.IO.Strategies.FileStreamHelpers.ChooseStrategyCore(String path, FileMode mode, FileAccess access, FileShare share, FileOptions options, Int64 preallocationSize, Nullable`1 unixCreateMode)
   at System.IO.File.OpenRead(String path)
   at Intersect.Client.Framework.Graphics.GameRenderer.<>c__DisplayClass145_0.<LoadTexture>b__0() in F:\game code engine\Intersect_New\Intersect.Client.Framework\Graphics\GameRenderer.cs:line 648
   at Intersect.Client.Framework.Graphics.GameTexture`2.LoadPlatformTexture(Boolean force) in F:\game code engine\Intersect_New\Intersect.Client.Framework\Graphics\GameTexture.cs:line 279
2026-04-18 14:55:16.232 +06:00 [ERR] Exception thrown while trying to load 'resources/tilesets/xtnn74w7jhrmw0cxdt1vtnm4bw_preview_0-ezremove (2).png'
System.IO.FileNotFoundException: Could not find file 'F:\game code engine\Intersect_New\Intersect.Client\resources\tilesets\xtnn74w7jhrmw0cxdt1vtnm4bw_preview_0-ezremove (2).png'.
File name: 'F:\game code engine\Intersect_New\Intersect.Client\resources\tilesets\xtnn74w7jhrmw0cxdt1vtnm4bw_preview_0-ezremove (2).png'
   at Microsoft.Win32.SafeHandles.SafeFileHandle.CreateFile(String fullPath, FileMode mode, FileAccess access, FileShare share, FileOptions options)
   at Microsoft.Win32.SafeHandles.SafeFileHandle.Open(String fullPath, FileMode mode, FileAccess access, FileShare share, FileOptions options, Int64 preallocationSize, Nullable`1 unixCreateMode)
   at System.IO.Strategies.OSFileStreamStrategy..ctor(String path, FileMode mode, FileAccess access, FileShare share, FileOptions options, Int64 preallocationSize, Nullable`1 unixCreateMode)
   at System.IO.Strategies.FileStreamHelpers.ChooseStrategyCore(String path, FileMode mode, FileAccess access, FileShare share, FileOptions options, Int64 preallocationSize, Nullable`1 unixCreateMode)
   at System.IO.File.OpenRead(String path)
   at Intersect.Client.Framework.Graphics.GameRenderer.<>c__DisplayClass145_0.<LoadTexture>b__0() in F:\game code engine\Intersect_New\Intersect.Client.Framework\Graphics\GameRenderer.cs:line 648
   at Intersect.Client.Framework.Graphics.GameTexture`2.LoadPlatformTexture(Boolean force) in F:\game code engine\Intersect_New\Intersect.Client.Framework\Graphics\GameTexture.cs:line 279
2026-04-18 14:55:16.236 +06:00 [INF] Built VBO for map 73ba8458-f8de-4f78-a254-c91b18418ed0 'forest' in 56.3264ms
2026-04-18 14:55:19.904 +06:00 [INF] Built VBO for map 23630ac6-4461-460d-8a3b-9a0d4477096f 'test 8' in 8.0132ms
2026-04-18 14:55:21.835 +06:00 [INF] Built VBO for map 27c6a7b2-4e9f-4316-9a0f-e13ec8e16ba2 'New Map' in 5.4948ms
2026-04-18 14:58:18.367 +06:00 [INF] Built VBO for map 411179b7-b772-42ef-bf66-03b7e4d7dca8 'test 5' in 6.546ms
2026-04-18 14:58:39.771 +06:00 [INF] System window closing (due to user interaction most likely).
2026-04-18 14:58:39.774 +06:00 [INF] Disconnected [d6cdbbc3-3857-45d3-b4a7-ccae0261f049].
2026-04-18 14:58:39.775 +06:00 [INF] Updating active permission set to 'default'
2026-04-18 14:58:39.875 +06:00 [INF] Acquiring context lock... (0ms)
2026-04-18 14:58:39.875 +06:00 [INF] Acquired. (0ms)
2026-04-18 14:58:39.875 +06:00 [INF] Beginning context dispose. (0ms)
2026-04-18 14:58:39.876 +06:00 [INF] GC.SuppressFinalize (0ms)
2026-04-18 14:58:39.876 +06:00 [INF] InternalDispose() completed. (0ms)
2026-04-18 14:58:39.876 +06:00 [INF] Clearing instance... (1ms)
2026-04-18 14:58:39.876 +06:00 [INF] Releasing context lock... (1ms)
2026-04-18 14:58:39.876 +06:00 [INF] Released. (1ms)
