2026-05-26 18:42:25.725 +02:00 [INF] Starting Intersect Client v0.8.0.0-custom+32d39132dace1351f63375b261f241297dd35be8-dirty
2026-05-26 18:42:25.938 +02:00 [INF] Discovered service type: Intersect.Plugins.PluginService
2026-05-26 18:42:25.942 +02:00 [WRN] Directory was specified as a plugin directory but does not exist: 'resources\plugins'
2026-05-26 18:42:25.943 +02:00 [INF] Discovered 0 plugins:

2026-05-26 18:42:28.040 +02:00 [INF] Connecting to 127.0.0.1:5400...
2026-05-26 18:42:28.049 +02:00 [INF] Connected [c2ee6807-73f0-4556-8c13-fe0d8242e789].
2026-05-26 18:42:28.066 +02:00 [INF] Connection approved [c2ee6807-73f0-4556-8c13-fe0d8242e789].
2026-05-26 18:42:28.154 +02:00 [INF] Updated PermissionSet 'default'
2026-05-26 18:42:28.154 +02:00 [INF] Updated PermissionSet 'admin'
2026-05-26 18:42:31.853 +02:00 [INF] Updating active permission set to 'admin'
2026-05-26 18:42:32.494 +02:00 [WRN] 'Me' is null.
2026-05-26 18:42:33.433 +02:00 [INF] Built VBO for map 27c6a7b2-4e9f-4316-9a0f-e13ec8e16ba2 'Forest' in 76.241ms
2026-05-26 18:42:55.102 +02:00 [INF] System window closing (due to user interaction most likely).
2026-05-26 18:42:55.105 +02:00 [INF] Disconnected [c2ee6807-73f0-4556-8c13-fe0d8242e789].
2026-05-26 18:42:55.106 +02:00 [INF] Updating active permission set to 'default'
2026-05-26 18:42:55.130 +02:00 [INF] Acquiring context lock... (0ms)
2026-05-26 18:42:55.130 +02:00 [INF] Acquired. (0ms)
2026-05-26 18:42:55.130 +02:00 [INF] Beginning context dispose. (0ms)
2026-05-26 18:42:55.131 +02:00 [INF] GC.SuppressFinalize (0ms)
2026-05-26 18:42:55.131 +02:00 [INF] InternalDispose() completed. (0ms)
2026-05-26 18:42:55.131 +02:00 [INF] Clearing instance... (1ms)
2026-05-26 18:42:55.131 +02:00 [INF] Releasing context lock... (1ms)
2026-05-26 18:42:55.131 +02:00 [INF] Released. (1ms)
