2026-05-03 01:39:17.953 +06:00 [INF] Starting Intersect Client v0.8.0.0-custom+32d39132dace1351f63375b261f241297dd35be8-dirty
2026-05-03 01:39:18.210 +06:00 [INF] Discovered service type: Intersect.Plugins.PluginService
2026-05-03 01:39:18.213 +06:00 [WRN] Directory was specified as a plugin directory but does not exist: 'resources\plugins'
2026-05-03 01:39:18.214 +06:00 [INF] Discovered 0 plugins:

2026-05-03 01:39:20.308 +06:00 [INF] Connecting to 127.0.0.1:5400...
2026-05-03 01:39:20.316 +06:00 [INF] Connected [c11e627a-fbd6-4e27-b4e3-7620a25143b2].
2026-05-03 01:39:20.326 +06:00 [INF] Connection approved [c11e627a-fbd6-4e27-b4e3-7620a25143b2].
2026-05-03 01:39:20.415 +06:00 [INF] Updated PermissionSet 'default'
2026-05-03 01:39:20.415 +06:00 [INF] Updated PermissionSet 'admin'
2026-05-03 01:39:24.964 +06:00 [INF] Updating active permission set to 'admin'
2026-05-03 01:39:25.903 +06:00 [WRN] 'Me' is null.
2026-05-03 01:39:26.652 +06:00 [INF] Built VBO for map 27c6a7b2-4e9f-4316-9a0f-e13ec8e16ba2 'Forest' in 12.59ms
2026-05-03 01:39:39.433 +06:00 [INF] Built VBO for map c15f8299-8999-471f-9760-388ff4cdec7c 'test' in 10.3009ms
2026-05-03 01:39:39.433 +06:00 [INF] Built VBO for map 17031e42-3e0a-487c-ab96-b317096cd6ce 'New Map' in 0.0718ms
2026-05-03 01:40:00.023 +06:00 [INF] Built VBO for map 27c6a7b2-4e9f-4316-9a0f-e13ec8e16ba2 'Forest' in 6.7127ms
2026-05-03 01:40:21.014 +06:00 [INF] Built VBO for map 27c6a7b2-4e9f-4316-9a0f-e13ec8e16ba2 'Forest' in 1.8558ms
2026-05-03 01:40:34.014 +06:00 [INF] Built VBO for map a31f210c-f5fb-48bf-9db2-45fab2293a4c 'Forest' in 3.2772ms
2026-05-03 01:41:10.517 +06:00 [INF] Built VBO for map 17031e42-3e0a-487c-ab96-b317096cd6ce 'New Map' in 1.7219ms
2026-05-03 01:42:20.068 +06:00 [INF] Built VBO for map 17031e42-3e0a-487c-ab96-b317096cd6ce 'New Map' in 1.6823ms
2026-05-03 01:43:10.115 +06:00 [INF] Built VBO for map 17031e42-3e0a-487c-ab96-b317096cd6ce 'New Map' in 1.4025ms
2026-05-03 01:44:32.307 +06:00 [INF] Built VBO for map 17031e42-3e0a-487c-ab96-b317096cd6ce 'New Map' in 1.5146ms
2026-05-03 01:46:40.251 +06:00 [INF] System window closing (due to user interaction most likely).
2026-05-03 01:46:40.255 +06:00 [INF] Disconnected [c11e627a-fbd6-4e27-b4e3-7620a25143b2].
2026-05-03 01:46:40.255 +06:00 [INF] Updating active permission set to 'default'
2026-05-03 01:46:40.287 +06:00 [INF] Acquiring context lock... (0ms)
2026-05-03 01:46:40.287 +06:00 [INF] Acquired. (0ms)
2026-05-03 01:46:40.288 +06:00 [INF] Beginning context dispose. (0ms)
2026-05-03 01:46:40.288 +06:00 [INF] GC.SuppressFinalize (0ms)
2026-05-03 01:46:40.288 +06:00 [INF] InternalDispose() completed. (0ms)
2026-05-03 01:46:40.288 +06:00 [INF] Clearing instance... (1ms)
2026-05-03 01:46:40.288 +06:00 [INF] Releasing context lock... (1ms)
2026-05-03 01:46:40.288 +06:00 [INF] Released. (1ms)
