2026-05-17 13:42:12.288 +02:00 [INF] Starting Intersect Client v0.8.0.0-custom+32d39132dace1351f63375b261f241297dd35be8-dirty
2026-05-17 13:42:12.588 +02:00 [INF] Discovered service type: Intersect.Plugins.PluginService
2026-05-17 13:42:12.592 +02:00 [WRN] Directory was specified as a plugin directory but does not exist: 'resources\plugins'
2026-05-17 13:42:12.593 +02:00 [INF] Discovered 0 plugins:

2026-05-17 13:42:14.731 +02:00 [INF] Connecting to 127.0.0.1:5400...
2026-05-17 13:42:14.753 +02:00 [INF] Connected [544ad5f1-ef30-416a-9606-ab5abfedfebc].
2026-05-17 13:42:14.781 +02:00 [INF] Connection approved [544ad5f1-ef30-416a-9606-ab5abfedfebc].
2026-05-17 13:42:14.894 +02:00 [INF] Updated PermissionSet 'default'
2026-05-17 13:42:18.924 +02:00 [INF] Updated PermissionSet 'admin'
2026-05-17 13:42:18.924 +02:00 [INF] Updating active permission set to 'admin'
2026-05-17 13:42:19.583 +02:00 [WRN] 'Me' is null.
2026-05-17 13:42:20.528 +02:00 [INF] Built VBO for map 27c6a7b2-4e9f-4316-9a0f-e13ec8e16ba2 'Forest' in 31.0941ms
2026-05-17 13:42:27.969 +02:00 [INF] System window closing (due to user interaction most likely).
2026-05-17 13:42:27.972 +02:00 [INF] Disconnected [544ad5f1-ef30-416a-9606-ab5abfedfebc].
2026-05-17 13:42:27.973 +02:00 [INF] Updating active permission set to 'default'
2026-05-17 13:42:28.014 +02:00 [INF] Acquiring context lock... (0ms)
2026-05-17 13:42:28.014 +02:00 [INF] Acquired. (0ms)
2026-05-17 13:42:28.014 +02:00 [INF] Beginning context dispose. (0ms)
2026-05-17 13:42:28.015 +02:00 [INF] GC.SuppressFinalize (0ms)
2026-05-17 13:42:28.015 +02:00 [INF] InternalDispose() completed. (0ms)
2026-05-17 13:42:28.015 +02:00 [INF] Clearing instance... (1ms)
2026-05-17 13:42:28.015 +02:00 [INF] Releasing context lock... (1ms)
2026-05-17 13:42:28.015 +02:00 [INF] Released. (1ms)
