2026-04-28 17:14:00.225 +06:00 [INF] Starting Intersect Client v0.8.0.0-custom+32d39132dace1351f63375b261f241297dd35be8-dirty
2026-04-28 17:14:00.454 +06:00 [INF] Discovered service type: Intersect.Plugins.PluginService
2026-04-28 17:14:00.459 +06:00 [WRN] Directory was specified as a plugin directory but does not exist: 'resources\plugins'
2026-04-28 17:14:00.460 +06:00 [INF] Discovered 0 plugins:

2026-04-28 17:14:17.912 +06:00 [INF] Connecting to 127.0.0.1:5400...
2026-04-28 17:14:17.931 +06:00 [INF] Connected [ee0e9b2d-f1c5-4c0f-b19f-109c440e4dec].
2026-04-28 17:14:17.942 +06:00 [INF] Connection approved [ee0e9b2d-f1c5-4c0f-b19f-109c440e4dec].
2026-04-28 17:14:18.040 +06:00 [INF] Updated PermissionSet 'default'
2026-04-28 17:14:21.975 +06:00 [INF] Updated PermissionSet 'admin'
2026-04-28 17:14:21.976 +06:00 [INF] Updating active permission set to 'admin'
2026-04-28 17:14:22.110 +06:00 [WRN] Unable to add '_buttonLogout' to the JSON of MainMenu.SelectCharacterWindow._innerPanel._buttonsPanel because a sibling shares the same name
2026-04-28 17:14:22.565 +06:00 [WRN] 'Me' is null.
2026-04-28 17:14:23.132 +06:00 [INF] Built VBO for map 27c6a7b2-4e9f-4316-9a0f-e13ec8e16ba2 'Forest' in 9.5534ms
2026-04-28 17:14:23.152 +06:00 [INF] Built VBO for map c15f8299-8999-471f-9760-388ff4cdec7c 'Forest' in 6.4117ms
2026-04-28 17:14:29.698 +06:00 [INF] System window closing (due to user interaction most likely).
2026-04-28 17:14:29.701 +06:00 [INF] Disconnected [ee0e9b2d-f1c5-4c0f-b19f-109c440e4dec].
2026-04-28 17:14:29.702 +06:00 [INF] Updating active permission set to 'default'
2026-04-28 17:14:29.741 +06:00 [INF] Acquiring context lock... (0ms)
2026-04-28 17:14:29.741 +06:00 [INF] Acquired. (0ms)
2026-04-28 17:14:29.742 +06:00 [INF] Beginning context dispose. (0ms)
2026-04-28 17:14:29.742 +06:00 [INF] GC.SuppressFinalize (0ms)
2026-04-28 17:14:29.742 +06:00 [INF] InternalDispose() completed. (0ms)
2026-04-28 17:14:29.742 +06:00 [INF] Clearing instance... (1ms)
2026-04-28 17:14:29.742 +06:00 [INF] Releasing context lock... (1ms)
2026-04-28 17:14:29.742 +06:00 [INF] Released. (1ms)
