2026-03-22 22:29:29.535 +01:00 [INF] Starting Intersect Client v0.8.0.0-custom+32d39132dace1351f63375b261f241297dd35be8-dirty
2026-03-22 22:29:29.932 +01:00 [INF] Discovered service type: Intersect.Plugins.PluginService
2026-03-22 22:29:29.941 +01:00 [WRN] Directory was specified as a plugin directory but does not exist: 'resources\plugins'
2026-03-22 22:29:29.942 +01:00 [INF] Discovered 0 plugins:

2026-03-22 22:29:35.744 +01:00 [INF] Connecting to 127.0.0.1:5400...
2026-03-22 22:29:35.753 +01:00 [INF] Connected [70ab0da6-2eac-46d9-90f8-e831ce3b9553].
2026-03-22 22:29:35.762 +01:00 [INF] Connection approved [70ab0da6-2eac-46d9-90f8-e831ce3b9553].
2026-03-22 22:29:35.859 +01:00 [INF] Updated PermissionSet 'default'
2026-03-22 22:29:35.859 +01:00 [INF] Updated PermissionSet 'admin'
2026-03-22 22:29:42.533 +01:00 [INF] Updating active permission set to 'admin'
2026-03-22 22:29:42.605 +01:00 [WRN] Unable to add '_buttonLogout' to the JSON of MainMenu.SelectCharacterWindow._innerPanel._buttonsPanel because a sibling shares the same name
2026-03-22 22:29:43.855 +01:00 [WRN] 'Me' is null.
2026-03-22 22:29:44.342 +01:00 [INF] Built VBO for map 27c6a7b2-4e9f-4316-9a0f-e13ec8e16ba2 'New Map' in 16.9501ms
2026-03-22 22:29:45.375 +01:00 [INF] Built VBO for map 73ba8458-f8de-4f78-a254-c91b18418ed0 'test 3' in 8.2225ms
2026-03-22 22:29:45.377 +01:00 [INF] Built VBO for map 850ddb26-5568-4376-b8e0-346c04cb81ef 'test 4' in 2.1478ms
2026-03-22 22:29:45.381 +01:00 [INF] Built VBO for map 23382d57-1bd1-403a-8f4f-50e5ad24e8a0 'test1' in 3.4357ms
2026-03-22 22:33:10.332 +01:00 [INF] Built VBO for map 411179b7-b772-42ef-bf66-03b7e4d7dca8 'test 5' in 1.5707ms
2026-03-22 22:34:32.360 +01:00 [INF] System window closing (due to user interaction most likely).
2026-03-22 22:34:32.363 +01:00 [INF] Disconnected [70ab0da6-2eac-46d9-90f8-e831ce3b9553].
2026-03-22 22:34:32.364 +01:00 [INF] Updating active permission set to 'default'
2026-03-22 22:34:32.456 +01:00 [INF] Acquiring context lock... (0ms)
2026-03-22 22:34:32.456 +01:00 [INF] Acquired. (0ms)
2026-03-22 22:34:32.457 +01:00 [INF] Beginning context dispose. (0ms)
2026-03-22 22:34:32.457 +01:00 [INF] GC.SuppressFinalize (0ms)
2026-03-22 22:34:32.457 +01:00 [INF] InternalDispose() completed. (0ms)
2026-03-22 22:34:32.457 +01:00 [INF] Clearing instance... (1ms)
2026-03-22 22:34:32.457 +01:00 [INF] Releasing context lock... (1ms)
2026-03-22 22:34:32.457 +01:00 [INF] Released. (1ms)
