2026-05-18 04:11:26.854 +02:00 [INF] Starting Intersect Client v0.8.0.0-custom+32d39132dace1351f63375b261f241297dd35be8-dirty
2026-05-18 04:11:27.057 +02:00 [INF] Discovered service type: Intersect.Plugins.PluginService
2026-05-18 04:11:27.060 +02:00 [WRN] Directory was specified as a plugin directory but does not exist: 'resources\plugins'
2026-05-18 04:11:27.060 +02:00 [INF] Discovered 0 plugins:

2026-05-18 04:11:28.849 +02:00 [INF] Connecting to 127.0.0.1:5400...
2026-05-18 04:11:28.858 +02:00 [INF] Connected [96f9a9d9-1d6f-45fe-be9e-a06d4c7fed0a].
2026-05-18 04:11:28.870 +02:00 [INF] Connection approved [96f9a9d9-1d6f-45fe-be9e-a06d4c7fed0a].
2026-05-18 04:11:28.964 +02:00 [INF] Updated PermissionSet 'default'
2026-05-18 04:11:28.964 +02:00 [INF] Updated PermissionSet 'admin'
2026-05-18 04:11:39.977 +02:00 [INF] Updating active permission set to 'admin'
2026-05-18 04:11:40.518 +02:00 [WRN] 'Me' is null.
2026-05-18 04:11:41.091 +02:00 [INF] Built VBO for map e341d25d-5ff4-4cd6-bcd5-2f2cda710c86 'Forest' in 11.7531ms
2026-05-18 04:11:55.242 +02:00 [INF] Built VBO for map e341d25d-5ff4-4cd6-bcd5-2f2cda710c86 'Forest' in 2.4525ms
2026-05-18 04:12:45.691 +02:00 [INF] System window closing (due to user interaction most likely).
2026-05-18 04:12:45.694 +02:00 [INF] Disconnected [96f9a9d9-1d6f-45fe-be9e-a06d4c7fed0a].
2026-05-18 04:12:45.694 +02:00 [INF] Updating active permission set to 'default'
2026-05-18 04:12:45.719 +02:00 [INF] Acquiring context lock... (0ms)
2026-05-18 04:12:45.719 +02:00 [INF] Acquired. (0ms)
2026-05-18 04:12:45.720 +02:00 [INF] Beginning context dispose. (0ms)
2026-05-18 04:12:45.721 +02:00 [INF] GC.SuppressFinalize (0ms)
2026-05-18 04:12:45.721 +02:00 [INF] InternalDispose() completed. (0ms)
2026-05-18 04:12:45.721 +02:00 [INF] Clearing instance... (1ms)
2026-05-18 04:12:45.721 +02:00 [INF] Releasing context lock... (1ms)
2026-05-18 04:12:45.721 +02:00 [INF] Released. (1ms)
