2026-07-20 13:31:19.038 +02:00 [INF] Starting Intersect Client v0.8.0.0-custom+32d39132dace1351f63375b261f241297dd35be8-dirty
2026-07-20 13:31:19.257 +02:00 [INF] Discovered service type: Intersect.Plugins.PluginService
2026-07-20 13:31:19.260 +02:00 [WRN] Directory was specified as a plugin directory but does not exist: 'resources\plugins'
2026-07-20 13:31:19.261 +02:00 [INF] Discovered 0 plugins:

2026-07-20 13:31:19.702 +02:00 [INF] Graphics pacing configured: targetMode=-1, vsync=false, fixedStep=false, backBuffer=1760x990
2026-07-20 13:31:40.664 +02:00 [INF] Connecting to 127.0.0.1:5400...
2026-07-20 13:31:40.683 +02:00 [INF] Connected [bc2594b5-d2fb-4dc6-ba44-f94101868ba4].
2026-07-20 13:31:40.692 +02:00 [INF] Connection approved [bc2594b5-d2fb-4dc6-ba44-f94101868ba4].
2026-07-20 13:31:40.782 +02:00 [INF] Updated PermissionSet 'default'
2026-07-20 13:31:46.274 +02:00 [INF] Updated PermissionSet 'admin'
2026-07-20 13:31:46.274 +02:00 [INF] Updating active permission set to 'admin'
2026-07-20 13:31:48.334 +02:00 [WRN] 'Me' is null.
2026-07-20 13:31:49.399 +02:00 [INF] Built VBO for map 9802b09c-f592-4d93-8e11-d3424500716c 'Deep Forest' in 49.0436ms
2026-07-20 13:31:49.414 +02:00 [INF] Built VBO for map 15601ad4-9f26-4abe-a6c9-3a7eebaa3045 'Forest' in 12.7186ms
2026-07-20 13:31:49.427 +02:00 [INF] Built VBO for map d490222a-af25-4a7f-bec3-7ca8016e08d7 'New Map' in 8.7814ms
2026-07-20 13:31:49.546 +02:00 [INF] Built VBO for map a31f210c-f5fb-48bf-9db2-45fab2293a4c 'Forest' in 116.4735ms
2026-07-20 13:31:49.605 +02:00 [INF] Built VBO for map 27c6a7b2-4e9f-4316-9a0f-e13ec8e16ba2 'Forest' in 54.9569ms
2026-07-20 13:31:49.632 +02:00 [INF] Built VBO for map e341d25d-5ff4-4cd6-bcd5-2f2cda710c86 'Greenfall Vale' in 24.8375ms
2026-07-20 13:31:54.961 +02:00 [INF] Client frame profile: measured=109.8fps counter=149 targetMode=-1; interval=9.11/350.01ms avg/max; update=0.27/27.49ms (1.00 calls/frame); draw=9.22/326.93ms; world=7.44/290.26ms [scene=7.17/276.14, scene-detail=[tiles=0.52ms/21.0draws (geometry=0.16ms/21.0draws, water=0.35ms/0.0draws), objects=5.06ms/59.9draws, procedural=0.00ms/0.0draws, entities=0.56ms/0.0draws, effects=0.33ms/1.0draws, weather=0.62ms/2.0draws, other=0.09ms], lighting=0.04/7.77, post=0.06/14.82, overlays=0.09/13.88, other=0.08]; gui=1.71/77.83ms [update=1.57/58.96 (minimap=1.23/40.23 [compact=1.23, fullmap=0.00/0.00], other=0.34), render=0.14/18.87, other=0.00]; finish=0.05/13.91ms; outside-update-draw=0.00ms; draws=109, maps=1, entities=15, lights=2
2026-07-20 13:31:59.966 +02:00 [INF] Client frame profile: measured=147.2fps counter=151 targetMode=-1; interval=6.79/19.70ms avg/max; update=0.11/5.40ms (1.00 calls/frame); draw=6.56/19.50ms; world=5.57/18.84ms [scene=5.39/16.09, scene-detail=[tiles=0.44ms/21.0draws (geometry=0.14ms/21.0draws, water=0.29ms/0.0draws), objects=4.24ms/60.0draws, procedural=0.00ms/0.0draws, entities=0.23ms/0.0draws, effects=0.07ms/1.0draws, weather=0.35ms/2.0draws, other=0.06ms], lighting=0.02/0.06, post=0.03/0.07, overlays=0.05/4.95, other=0.07]; gui=0.97/12.04ms [update=0.86/11.81 (minimap=0.66/11.34 [compact=0.66, fullmap=0.00/0.00], other=0.21), render=0.10/1.07, other=0.00]; finish=0.02/0.05ms; outside-update-draw=0.12ms; draws=109, maps=1, entities=15, lights=2
2026-07-20 13:32:04.971 +02:00 [INF] Client frame profile: measured=152.7fps counter=154 targetMode=-1; interval=6.55/17.38ms avg/max; update=0.09/0.42ms (1.00 calls/frame); draw=6.38/17.17ms; world=5.48/16.54ms [scene=5.32/16.31, scene-detail=[tiles=0.42ms/21.0draws (geometry=0.14ms/21.0draws, water=0.28ms/0.0draws), objects=4.21ms/60.0draws, procedural=0.00ms/0.0draws, entities=0.21ms/0.0draws, effects=0.07ms/1.0draws, weather=0.35ms/2.0draws, other=0.06ms], lighting=0.02/0.07, post=0.03/0.07, overlays=0.04/0.32, other=0.07]; gui=0.87/11.00ms [update=0.78/10.84 (minimap=0.58/10.51 [compact=0.58, fullmap=0.00/0.00], other=0.19), render=0.10/0.41, other=0.00]; finish=0.02/0.07ms; outside-update-draw=0.07ms; draws=109, maps=1, entities=15, lights=2
2026-07-20 13:32:09.977 +02:00 [INF] Client frame profile: measured=153.6fps counter=149 targetMode=-1; interval=6.51/18.79ms avg/max; update=0.09/0.35ms (1.00 calls/frame); draw=6.34/18.63ms; world=5.46/7.83ms [scene=5.30/7.51, scene-detail=[tiles=0.42ms/21.0draws (geometry=0.14ms/21.0draws, water=0.28ms/0.0draws), objects=4.21ms/60.0draws, procedural=0.00ms/0.0draws, entities=0.20ms/0.0draws, effects=0.07ms/1.0draws, weather=0.35ms/2.0draws, other=0.06ms], lighting=0.02/0.05, post=0.03/0.06, overlays=0.04/0.11, other=0.07]; gui=0.86/13.20ms [update=0.76/13.05 (minimap=0.57/12.71 [compact=0.57, fullmap=0.00/0.00], other=0.19), render=0.10/0.40, other=0.00]; finish=0.02/0.04ms; outside-update-draw=0.08ms; draws=111, maps=1, entities=15, lights=2
2026-07-20 13:32:14.983 +02:00 [INF] Client frame profile: measured=150.6fps counter=150 targetMode=-1; interval=6.64/29.66ms avg/max; update=0.11/6.04ms (1.00 calls/frame); draw=6.44/23.55ms; world=5.50/18.64ms [scene=5.34/18.43, scene-detail=[tiles=0.42ms/21.0draws (geometry=0.14ms/21.0draws, water=0.28ms/0.0draws), objects=4.23ms/60.0draws, procedural=0.00ms/0.0draws, entities=0.22ms/0.0draws, effects=0.07ms/1.0draws, weather=0.34ms/2.0draws, other=0.05ms], lighting=0.02/0.04, post=0.03/0.06, overlays=0.04/0.09, other=0.07]; gui=0.91/11.95ms [update=0.80/11.83 (minimap=0.61/11.34 [compact=0.61, fullmap=0.00/0.00], other=0.19), render=0.11/4.28, other=0.00]; finish=0.03/4.25ms; outside-update-draw=0.09ms; draws=126, maps=1, entities=15, lights=2
2026-07-20 13:32:19.987 +02:00 [INF] Client frame profile: measured=130.5fps counter=134 targetMode=-1; interval=7.66/43.74ms avg/max; update=0.10/5.39ms (1.00 calls/frame); draw=7.39/43.58ms; world=6.03/42.73ms [scene=5.84/42.43, scene-detail=[tiles=0.42ms/21.0draws (geometry=0.14ms/21.0draws, water=0.28ms/0.0draws), objects=4.47ms/60.0draws, procedural=0.00ms/0.0draws, entities=0.42ms/0.3draws, effects=0.11ms/1.0draws, weather=0.36ms/2.0draws, other=0.06ms], lighting=0.02/0.08, post=0.03/0.07, overlays=0.06/5.84, other=0.08]; gui=1.32/13.51ms [update=1.03/13.04 (minimap=0.77/11.43 [compact=0.77, fullmap=0.00/0.00], other=0.26), render=0.29/0.57, other=0.00]; finish=0.03/3.91ms; outside-update-draw=0.18ms; draws=103, maps=1, entities=15, lights=2
2026-07-20 13:32:24.989 +02:00 [INF] Client frame profile: measured=143.5fps counter=142 targetMode=-1; interval=6.97/20.51ms avg/max; update=0.05/0.52ms (1.00 calls/frame); draw=6.73/19.82ms; world=5.73/12.40ms [scene=5.56/10.87, scene-detail=[tiles=0.42ms/21.0draws (geometry=0.15ms/21.0draws, water=0.28ms/0.0draws), objects=4.44ms/60.0draws, procedural=0.00ms/0.0draws, entities=0.23ms/0.0draws, effects=0.07ms/1.0draws, weather=0.35ms/2.0draws, other=0.05ms], lighting=0.02/0.05, post=0.03/0.06, overlays=0.06/6.88, other=0.07]; gui=0.97/14.30ms [update=0.89/11.54 (minimap=0.69/11.17 [compact=0.69, fullmap=0.00/0.00], other=0.20), render=0.08/4.54, other=0.00]; finish=0.03/6.30ms; outside-update-draw=0.18ms; draws=105, maps=1, entities=15, lights=2
2026-07-20 13:32:29.991 +02:00 [INF] Client frame profile: measured=135.2fps counter=136 targetMode=-1; interval=7.40/31.57ms avg/max; update=0.09/13.30ms (1.00 calls/frame); draw=7.13/31.39ms; world=5.79/8.92ms [scene=5.63/8.67, scene-detail=[tiles=0.43ms/21.0draws (geometry=0.15ms/21.0draws, water=0.28ms/0.0draws), objects=4.50ms/60.0draws, procedural=0.00ms/0.0draws, entities=0.23ms/0.0draws, effects=0.07ms/1.0draws, weather=0.35ms/2.0draws, other=0.05ms], lighting=0.02/0.04, post=0.03/0.05, overlays=0.04/0.09, other=0.07]; gui=1.32/25.60ms [update=0.97/11.89 (minimap=0.67/11.43 [compact=0.67, fullmap=0.00/0.00], other=0.30), render=0.34/25.36, other=0.00]; finish=0.01/0.03ms; outside-update-draw=0.17ms; draws=113, maps=1, entities=15, lights=2
2026-07-20 13:32:34.993 +02:00 [INF] Client frame profile: measured=126.7fps counter=117 targetMode=-1; interval=7.89/19.51ms avg/max; update=0.09/7.41ms (1.00 calls/frame); draw=7.61/18.95ms; world=5.93/11.65ms [scene=5.75/11.46, scene-detail=[tiles=0.42ms/21.0draws (geometry=0.14ms/21.0draws, water=0.28ms/0.0draws), objects=4.57ms/60.0draws, procedural=0.00ms/0.0draws, entities=0.27ms/0.3draws, effects=0.08ms/1.0draws, weather=0.35ms/2.0draws, other=0.06ms], lighting=0.02/0.06, post=0.03/0.05, overlays=0.05/0.09, other=0.08]; gui=1.66/12.72ms [update=1.11/11.27 (minimap=0.74/10.86 [compact=0.74, fullmap=0.00/0.00], other=0.37), render=0.55/10.05, other=0.00]; finish=0.02/0.04ms; outside-update-draw=0.18ms; draws=117, maps=1, entities=15, lights=2
2026-07-20 13:32:36.246 +02:00 [WRN] 'Me' is null.
2026-07-20 13:32:36.246 +02:00 [WRN] 'Me' is null.
2026-07-20 13:32:36.246 +02:00 [WRN] 'Me' is null.
2026-07-20 13:32:36.246 +02:00 [WRN] 'Me' is null.
2026-07-20 13:32:36.246 +02:00 [WRN] 'Me' is null.
2026-07-20 13:32:36.246 +02:00 [WRN] 'Me' is null.
2026-07-20 13:32:36.246 +02:00 [WRN] 'Me' is null.
2026-07-20 13:32:36.246 +02:00 [WRN] 'Me' is null.
2026-07-20 13:32:36.246 +02:00 [WRN] 'Me' is null.
2026-07-20 13:32:36.246 +02:00 [WRN] 'Me' is null.
2026-07-20 13:32:36.246 +02:00 [WRN] 'Me' is null.
2026-07-20 13:32:36.246 +02:00 [WRN] 'Me' is null.
2026-07-20 13:33:16.737 +02:00 [INF] Disconnected [bc2594b5-d2fb-4dc6-ba44-f94101868ba4].
2026-07-20 13:33:16.737 +02:00 [INF] Updating active permission set to 'default'
2026-07-20 13:33:17.860 +02:00 [INF] User clicked exit button.
2026-07-20 13:33:17.861 +02:00 [INF] System window closing (due to user interaction most likely).
2026-07-20 13:33:17.895 +02:00 [INF] Acquiring context lock... (0ms)
2026-07-20 13:33:17.895 +02:00 [INF] Acquired. (0ms)
2026-07-20 13:33:17.895 +02:00 [INF] Beginning context dispose. (0ms)
2026-07-20 13:33:17.896 +02:00 [INF] GC.SuppressFinalize (0ms)
2026-07-20 13:33:17.896 +02:00 [INF] InternalDispose() completed. (0ms)
2026-07-20 13:33:17.896 +02:00 [INF] Clearing instance... (1ms)
2026-07-20 13:33:17.896 +02:00 [INF] Releasing context lock... (1ms)
2026-07-20 13:33:17.896 +02:00 [INF] Released. (1ms)
