2026-06-04 15:45:39.171 +02:00 [INF] Starting Intersect Client v0.8.0.0-custom+32d39132dace1351f63375b261f241297dd35be8-dirty
2026-06-04 15:45:39.383 +02:00 [INF] Discovered service type: Intersect.Plugins.PluginService
2026-06-04 15:45:39.386 +02:00 [WRN] Directory was specified as a plugin directory but does not exist: 'resources\plugins'
2026-06-04 15:45:39.387 +02:00 [INF] Discovered 0 plugins:

2026-06-04 15:45:41.867 +02:00 [INF] Connecting to 127.0.0.1:5400...
2026-06-04 15:45:41.884 +02:00 [INF] Connected [3f5c8b87-84bc-488d-9f23-5dd0c0da48ae].
2026-06-04 15:45:41.897 +02:00 [INF] Connection approved [3f5c8b87-84bc-488d-9f23-5dd0c0da48ae].
2026-06-04 15:45:42.000 +02:00 [INF] Updated PermissionSet 'default'
2026-06-04 15:45:45.998 +02:00 [INF] Updated PermissionSet 'admin'
2026-06-04 15:45:45.998 +02:00 [INF] Updating active permission set to 'admin'
2026-06-04 15:45:46.505 +02:00 [WRN] 'Me' is null.
2026-06-04 15:45:47.447 +02:00 [ERR] Exception thrown while trying to load 'resources/tilesets/water_shore_marker.png'
System.IO.FileNotFoundException: Could not find file 'F:\game code engine\Intersect_New\Intersect.Client\resources\tilesets\water_shore_marker.png'.
File name: 'F:\game code engine\Intersect_New\Intersect.Client\resources\tilesets\water_shore_marker.png'
   at Microsoft.Win32.SafeHandles.SafeFileHandle.CreateFile(String fullPath, FileMode mode, FileAccess access, FileShare share, FileOptions options)
   at Microsoft.Win32.SafeHandles.SafeFileHandle.Open(String fullPath, FileMode mode, FileAccess access, FileShare share, FileOptions options, Int64 preallocationSize, Nullable`1 unixCreateMode)
   at System.IO.Strategies.OSFileStreamStrategy..ctor(String path, FileMode mode, FileAccess access, FileShare share, FileOptions options, Int64 preallocationSize, Nullable`1 unixCreateMode)
   at System.IO.Strategies.FileStreamHelpers.ChooseStrategyCore(String path, FileMode mode, FileAccess access, FileShare share, FileOptions options, Int64 preallocationSize, Nullable`1 unixCreateMode)
   at System.IO.File.OpenRead(String path)
   at Intersect.Client.Framework.Graphics.GameRenderer.<>c__DisplayClass176_0.<LoadTexture>b__0() in F:\game code engine\Intersect_New\Intersect.Client.Framework\Graphics\GameRenderer.cs:line 921
   at Intersect.Client.Framework.Graphics.GameTexture`2.LoadPlatformTexture(Boolean force) in F:\game code engine\Intersect_New\Intersect.Client.Framework\Graphics\GameTexture.cs:line 279
2026-06-04 15:45:47.458 +02:00 [INF] Built VBO for map e341d25d-5ff4-4cd6-bcd5-2f2cda710c86 'Forest' in 31.4676ms
2026-06-04 15:48:31.599 +02:00 [INF] Built VBO for map e341d25d-5ff4-4cd6-bcd5-2f2cda710c86 'Forest' in 4.4831ms
2026-06-04 15:49:43.890 +02:00 [INF] Built VBO for map 15601ad4-9f26-4abe-a6c9-3a7eebaa3045 'Forest' in 5.8974ms
2026-06-04 15:49:43.975 +02:00 [INF] Built VBO for map 27c6a7b2-4e9f-4316-9a0f-e13ec8e16ba2 'Forest' in 63.296ms
2026-06-04 15:49:44.623 +02:00 [INF] Built VBO for map 15601ad4-9f26-4abe-a6c9-3a7eebaa3045 'Forest' in 3.3663ms
2026-06-04 15:49:44.638 +02:00 [INF] Built VBO for map 27c6a7b2-4e9f-4316-9a0f-e13ec8e16ba2 'Forest' in 15.12ms
2026-06-04 15:49:48.467 +02:00 [INF] Built VBO for map 9802b09c-f592-4d93-8e11-d3424500716c 'Forest' in 3.9682ms
2026-06-04 15:49:48.512 +02:00 [INF] Built VBO for map a31f210c-f5fb-48bf-9db2-45fab2293a4c 'Forest' in 44.0203ms
2026-06-04 15:50:24.246 +02:00 [INF] System window closing (due to user interaction most likely).
2026-06-04 15:50:24.249 +02:00 [INF] Disconnected [3f5c8b87-84bc-488d-9f23-5dd0c0da48ae].
2026-06-04 15:50:24.249 +02:00 [INF] Updating active permission set to 'default'
2026-06-04 15:50:24.300 +02:00 [INF] Acquiring context lock... (0ms)
2026-06-04 15:50:24.300 +02:00 [INF] Acquired. (0ms)
2026-06-04 15:50:24.301 +02:00 [INF] Beginning context dispose. (0ms)
2026-06-04 15:50:24.301 +02:00 [INF] GC.SuppressFinalize (0ms)
2026-06-04 15:50:24.301 +02:00 [INF] InternalDispose() completed. (0ms)
2026-06-04 15:50:24.302 +02:00 [INF] Clearing instance... (1ms)
2026-06-04 15:50:24.302 +02:00 [INF] Releasing context lock... (1ms)
2026-06-04 15:50:24.302 +02:00 [INF] Released. (1ms)
