2026-05-14 01:19:02.604 +02:00 [INF] Starting Intersect Client v0.8.0.0-custom+32d39132dace1351f63375b261f241297dd35be8-dirty
2026-05-14 01:19:02.820 +02:00 [INF] Discovered service type: Intersect.Plugins.PluginService
2026-05-14 01:19:02.824 +02:00 [WRN] Directory was specified as a plugin directory but does not exist: 'resources\plugins'
2026-05-14 01:19:02.824 +02:00 [INF] Discovered 0 plugins:

2026-05-14 01:19:05.197 +02:00 [INF] Connecting to 127.0.0.1:5400...
2026-05-14 01:19:05.204 +02:00 [INF] Connected [a676637b-b92f-44ab-862a-ce73349c0044].
2026-05-14 01:19:05.215 +02:00 [INF] Connection approved [a676637b-b92f-44ab-862a-ce73349c0044].
2026-05-14 01:19:05.313 +02:00 [INF] Updated PermissionSet 'default'
2026-05-14 01:19:05.313 +02:00 [INF] Updated PermissionSet 'admin'
2026-05-14 01:19:11.599 +02:00 [INF] Updating active permission set to 'admin'
2026-05-14 01:19:12.275 +02:00 [WRN] 'Me' is null.
2026-05-14 01:19:12.921 +02:00 [INF] Built VBO for map 24cc8989-0a45-4ecb-bf58-41efcefcaeb8 'Test' in 14.5524ms
2026-05-14 01:27:30.803 +02:00 [INF] System window closing (due to user interaction most likely).
2026-05-14 01:27:30.806 +02:00 [INF] Disconnected [a676637b-b92f-44ab-862a-ce73349c0044].
2026-05-14 01:27:30.807 +02:00 [INF] Updating active permission set to 'default'
2026-05-14 01:27:30.837 +02:00 [INF] Acquiring context lock... (0ms)
2026-05-14 01:27:30.837 +02:00 [INF] Acquired. (0ms)
2026-05-14 01:27:30.838 +02:00 [INF] Beginning context dispose. (0ms)
2026-05-14 01:27:30.838 +02:00 [INF] GC.SuppressFinalize (0ms)
2026-05-14 01:27:30.838 +02:00 [INF] InternalDispose() completed. (0ms)
2026-05-14 01:27:30.838 +02:00 [INF] Clearing instance... (1ms)
2026-05-14 01:27:30.838 +02:00 [INF] Releasing context lock... (1ms)
2026-05-14 01:27:30.838 +02:00 [INF] Released. (1ms)
