2026-04-13 22:12:05.065 +06:00 [INF] Starting Intersect Client v0.8.0.0-custom+32d39132dace1351f63375b261f241297dd35be8-dirty
2026-04-13 22:12:05.410 +06:00 [INF] Discovered service type: Intersect.Plugins.PluginService
2026-04-13 22:12:05.418 +06:00 [WRN] Directory was specified as a plugin directory but does not exist: 'resources\plugins'
2026-04-13 22:12:05.419 +06:00 [INF] Discovered 0 plugins:

2026-04-13 22:12:07.384 +06:00 [INF] Connecting to 127.0.0.1:5400...
2026-04-13 22:12:07.407 +06:00 [INF] Connected [e139d43f-6936-4488-8032-9abe99940be7].
2026-04-13 22:12:07.423 +06:00 [INF] Connection approved [e139d43f-6936-4488-8032-9abe99940be7].
2026-04-13 22:12:07.511 +06:00 [INF] Updated PermissionSet 'default'
2026-04-13 22:12:23.524 +06:00 [INF] Updated PermissionSet 'admin'
2026-04-13 22:12:23.525 +06:00 [INF] Updating active permission set to 'admin'
2026-04-13 22:13:34.724 +06:00 [INF] User clicked exit button.
2026-04-13 22:13:34.851 +06:00 [INF] System window closing (due to user interaction most likely).
2026-04-13 22:13:34.854 +06:00 [INF] Disconnected [e139d43f-6936-4488-8032-9abe99940be7].
2026-04-13 22:13:34.855 +06:00 [INF] Updating active permission set to 'default'
2026-04-13 22:13:34.952 +06:00 [INF] Acquiring context lock... (0ms)
2026-04-13 22:13:34.952 +06:00 [INF] Acquired. (0ms)
2026-04-13 22:13:34.953 +06:00 [INF] Beginning context dispose. (0ms)
2026-04-13 22:13:34.953 +06:00 [INF] GC.SuppressFinalize (0ms)
2026-04-13 22:13:34.953 +06:00 [INF] InternalDispose() completed. (0ms)
2026-04-13 22:13:34.953 +06:00 [INF] Clearing instance... (1ms)
2026-04-13 22:13:34.953 +06:00 [INF] Releasing context lock... (1ms)
2026-04-13 22:13:34.953 +06:00 [INF] Released. (1ms)
