2026-06-19 09:07:47.689 +02:00 [INF] Starting Intersect Client v0.8.0.0-custom+32d39132dace1351f63375b261f241297dd35be8-dirty
2026-06-19 09:07:47.910 +02:00 [INF] Discovered service type: Intersect.Plugins.PluginService
2026-06-19 09:07:47.913 +02:00 [WRN] Directory was specified as a plugin directory but does not exist: 'resources\plugins'
2026-06-19 09:07:47.914 +02:00 [INF] Discovered 0 plugins:

2026-06-19 09:07:50.174 +02:00 [INF] Connecting to 127.0.0.1:5400...
2026-06-19 09:07:50.196 +02:00 [INF] Connected [aba10685-b2aa-4226-89c7-0d75486463a1].
2026-06-19 09:07:50.217 +02:00 [INF] Connection approved [aba10685-b2aa-4226-89c7-0d75486463a1].
2026-06-19 09:07:50.303 +02:00 [INF] Updated PermissionSet 'default'
2026-06-19 09:07:54.311 +02:00 [INF] Updated PermissionSet 'admin'
2026-06-19 09:07:54.311 +02:00 [INF] Updating active permission set to 'admin'
2026-06-19 09:08:21.671 +02:00 [WRN] 'Me' is null.
2026-06-19 09:08:22.439 +02:00 [INF] Built VBO for map 9802b09c-f592-4d93-8e11-d3424500716c 'Forest' in 40.1258ms
2026-06-19 09:08:22.444 +02:00 [INF] Built VBO for map 15601ad4-9f26-4abe-a6c9-3a7eebaa3045 'Forest' in 4.0244ms
2026-06-19 09:08:22.476 +02:00 [ERR] Exception thrown while trying to load 'resources/tilesets/water_shore_marker.png'
System.IO.FileNotFoundException: Could not find file 'F:\game code engine\Intersect_New\Intersect.Client\resources\tilesets\water_shore_marker.png'.
File name: 'F:\game code engine\Intersect_New\Intersect.Client\resources\tilesets\water_shore_marker.png'
   at Microsoft.Win32.SafeHandles.SafeFileHandle.CreateFile(String fullPath, FileMode mode, FileAccess access, FileShare share, FileOptions options)
   at Microsoft.Win32.SafeHandles.SafeFileHandle.Open(String fullPath, FileMode mode, FileAccess access, FileShare share, FileOptions options, Int64 preallocationSize, Nullable`1 unixCreateMode)
   at System.IO.Strategies.OSFileStreamStrategy..ctor(String path, FileMode mode, FileAccess access, FileShare share, FileOptions options, Int64 preallocationSize, Nullable`1 unixCreateMode)
   at System.IO.File.OpenRead(String path)
   at Intersect.Client.Framework.Graphics.GameRenderer.<>c__DisplayClass181_0.<LoadTexture>b__0() in F:\game code engine\Intersect_New\Intersect.Client.Framework\Graphics\GameRenderer.cs:line 1011
   at Intersect.Client.Framework.Graphics.GameTexture`2.LoadPlatformTexture(Boolean force) in F:\game code engine\Intersect_New\Intersect.Client.Framework\Graphics\GameTexture.cs:line 279
2026-06-19 09:08:22.479 +02:00 [INF] Built VBO for map a31f210c-f5fb-48bf-9db2-45fab2293a4c 'Forest' in 30.7637ms
2026-06-19 09:08:22.480 +02:00 [INF] Built VBO for map 27c6a7b2-4e9f-4316-9a0f-e13ec8e16ba2 'Forest' in 0.3719ms
2026-06-19 09:08:22.483 +02:00 [INF] Built VBO for map e341d25d-5ff4-4cd6-bcd5-2f2cda710c86 'town' in 1.3639ms
2026-06-19 09:08:22.834 +02:00 [INF] Built VBO for map 9802b09c-f592-4d93-8e11-d3424500716c 'Forest' in 2.3981ms
2026-06-19 09:08:22.837 +02:00 [INF] Built VBO for map 15601ad4-9f26-4abe-a6c9-3a7eebaa3045 'Forest' in 2.234ms
2026-06-19 09:08:22.887 +02:00 [INF] Built VBO for map a31f210c-f5fb-48bf-9db2-45fab2293a4c 'Forest' in 39.2061ms
2026-06-19 09:08:22.952 +02:00 [INF] Built VBO for map 27c6a7b2-4e9f-4316-9a0f-e13ec8e16ba2 'Forest' in 31.7773ms
2026-06-19 09:08:33.455 +02:00 [INF] Built VBO for map 15601ad4-9f26-4abe-a6c9-3a7eebaa3045 'Forest' in 1.3945ms
2026-06-19 09:08:33.469 +02:00 [INF] Built VBO for map 27c6a7b2-4e9f-4316-9a0f-e13ec8e16ba2 'Forest' in 13.2629ms
2026-06-19 09:08:35.743 +02:00 [INF] Built VBO for map 15601ad4-9f26-4abe-a6c9-3a7eebaa3045 'Forest' in 1.8237ms
2026-06-19 09:08:35.757 +02:00 [INF] Built VBO for map 27c6a7b2-4e9f-4316-9a0f-e13ec8e16ba2 'Forest' in 13.2189ms
2026-06-19 09:08:38.428 +02:00 [INF] Built VBO for map e341d25d-5ff4-4cd6-bcd5-2f2cda710c86 'town' in 1.8642ms
2026-06-19 09:08:40.958 +02:00 [INF] Built VBO for map 27c6a7b2-4e9f-4316-9a0f-e13ec8e16ba2 'Forest' in 8.1119ms
2026-06-19 09:08:41.036 +02:00 [INF] Built VBO for map e341d25d-5ff4-4cd6-bcd5-2f2cda710c86 'town' in 3.2522ms
2026-06-19 09:08:51.578 +02:00 [INF] Built VBO for map e341d25d-5ff4-4cd6-bcd5-2f2cda710c86 'town' in 3.117ms
2026-06-19 09:10:05.393 +02:00 [INF] Built VBO for map e341d25d-5ff4-4cd6-bcd5-2f2cda710c86 'town' in 3.8082ms
2026-06-19 09:12:07.487 +02:00 [INF] Built VBO for map 27c6a7b2-4e9f-4316-9a0f-e13ec8e16ba2 'Forest' in 7.817ms
2026-06-19 09:12:12.156 +02:00 [INF] Built VBO for map 27c6a7b2-4e9f-4316-9a0f-e13ec8e16ba2 'Forest' in 10.4841ms
2026-06-19 09:12:15.515 +02:00 [INF] Built VBO for map 27c6a7b2-4e9f-4316-9a0f-e13ec8e16ba2 'Forest' in 14.4963ms
2026-06-19 09:18:11.610 +02:00 [INF] System window closing (due to user interaction most likely).
2026-06-19 09:18:11.613 +02:00 [INF] Disconnected [aba10685-b2aa-4226-89c7-0d75486463a1].
2026-06-19 09:18:11.613 +02:00 [INF] Updating active permission set to 'default'
2026-06-19 09:18:11.636 +02:00 [INF] Acquiring context lock... (0ms)
2026-06-19 09:18:11.636 +02:00 [INF] Acquired. (0ms)
2026-06-19 09:18:11.637 +02:00 [INF] Beginning context dispose. (0ms)
2026-06-19 09:18:11.637 +02:00 [INF] GC.SuppressFinalize (0ms)
2026-06-19 09:18:11.637 +02:00 [INF] InternalDispose() completed. (0ms)
2026-06-19 09:18:11.637 +02:00 [INF] Clearing instance... (1ms)
2026-06-19 09:18:11.637 +02:00 [INF] Releasing context lock... (1ms)
2026-06-19 09:18:11.637 +02:00 [INF] Released. (1ms)
