2026-04-07 12:45:15.240 +06:00 [INF] Starting Intersect Client v0.8.0.0-custom+32d39132dace1351f63375b261f241297dd35be8-dirty
2026-04-07 12:45:15.436 +06:00 [INF] Discovered service type: Intersect.Plugins.PluginService
2026-04-07 12:45:15.439 +06:00 [WRN] Directory was specified as a plugin directory but does not exist: 'resources\plugins'
2026-04-07 12:45:15.440 +06:00 [INF] Discovered 0 plugins:

2026-04-07 12:45:17.392 +06:00 [INF] Connecting to 127.0.0.1:5400...
2026-04-07 12:45:17.400 +06:00 [INF] Connected [e9ec29ac-3f66-407c-9e26-3dfc60882187].
2026-04-07 12:45:17.405 +06:00 [INF] Connection approved [e9ec29ac-3f66-407c-9e26-3dfc60882187].
2026-04-07 12:45:17.483 +06:00 [INF] Updated PermissionSet 'default'
2026-04-07 12:45:17.483 +06:00 [INF] Updated PermissionSet 'admin'
2026-04-07 12:45:20.024 +06:00 [WRN] Unable to add '_buttonLogout' to the JSON of MainMenu.SelectCharacterWindow._innerPanel._buttonsPanel because a sibling shares the same name
2026-04-07 12:45:20.822 +06:00 [WRN] 'Me' is null.
2026-04-07 12:45:21.452 +06:00 [INF] Built VBO for map 73ba8458-f8de-4f78-a254-c91b18418ed0 'test 3' in 19.674ms
2026-04-07 12:45:23.410 +06:00 [INF] Built VBO for map 27c6a7b2-4e9f-4316-9a0f-e13ec8e16ba2 'New Map' in 13.4873ms
2026-04-07 12:46:58.960 +06:00 [INF] System window closing (due to user interaction most likely).
2026-04-07 12:46:58.963 +06:00 [INF] Disconnected [e9ec29ac-3f66-407c-9e26-3dfc60882187].
2026-04-07 12:46:59.051 +06:00 [INF] Acquiring context lock... (0ms)
2026-04-07 12:46:59.051 +06:00 [INF] Acquired. (0ms)
2026-04-07 12:46:59.051 +06:00 [INF] Beginning context dispose. (0ms)
2026-04-07 12:46:59.052 +06:00 [INF] GC.SuppressFinalize (0ms)
2026-04-07 12:46:59.052 +06:00 [INF] InternalDispose() completed. (0ms)
2026-04-07 12:46:59.052 +06:00 [INF] Clearing instance... (1ms)
2026-04-07 12:46:59.052 +06:00 [INF] Releasing context lock... (1ms)
2026-04-07 12:46:59.052 +06:00 [INF] Released. (1ms)
