2026-07-03 01:45:56.717 +02:00 [INF] Starting Intersect Client v0.8.0.0-custom+32d39132dace1351f63375b261f241297dd35be8-dirty
2026-07-03 01:45:56.941 +02:00 [INF] Discovered service type: Intersect.Plugins.PluginService
2026-07-03 01:45:56.945 +02:00 [WRN] Directory was specified as a plugin directory but does not exist: 'resources\plugins'
2026-07-03 01:45:56.946 +02:00 [INF] Discovered 0 plugins:

2026-07-03 01:46:00.396 +02:00 [INF] Connecting to 127.0.0.1:5400...
2026-07-03 01:46:00.414 +02:00 [INF] Connected [94e4dd89-d6d5-48f7-a788-918451893951].
2026-07-03 01:46:00.424 +02:00 [INF] Connection approved [94e4dd89-d6d5-48f7-a788-918451893951].
2026-07-03 01:46:00.531 +02:00 [INF] Updated PermissionSet 'default'
2026-07-03 01:46:04.442 +02:00 [INF] Updated PermissionSet 'admin'
2026-07-03 01:46:04.443 +02:00 [INF] Updating active permission set to 'admin'
2026-07-03 01:46:09.235 +02:00 [WRN] 'Me' is null.
2026-07-03 01:46:10.124 +02:00 [ERR] Exception thrown while trying to load 'resources/tilesets/water_shore_marker.png'
System.IO.FileNotFoundException: Could not find file 'F:\game code engine\Intersect_New\Intersect.Client\resources\tilesets\water_shore_marker.png'.
File name: 'F:\game code engine\Intersect_New\Intersect.Client\resources\tilesets\water_shore_marker.png'
   at Microsoft.Win32.SafeHandles.SafeFileHandle.CreateFile(String fullPath, FileMode mode, FileAccess access, FileShare share, FileOptions options)
   at Microsoft.Win32.SafeHandles.SafeFileHandle.Open(String fullPath, FileMode mode, FileAccess access, FileShare share, FileOptions options, Int64 preallocationSize, Nullable`1 unixCreateMode)
   at System.IO.Strategies.OSFileStreamStrategy..ctor(String path, FileMode mode, FileAccess access, FileShare share, FileOptions options, Int64 preallocationSize, Nullable`1 unixCreateMode)
   at System.IO.Strategies.FileStreamHelpers.ChooseStrategyCore(String path, FileMode mode, FileAccess access, FileShare share, FileOptions options, Int64 preallocationSize, Nullable`1 unixCreateMode)
   at System.IO.File.OpenRead(String path)
   at Intersect.Client.Framework.Graphics.GameRenderer.<>c__DisplayClass181_0.<LoadTexture>b__0() in F:\game code engine\Intersect_New\Intersect.Client.Framework\Graphics\GameRenderer.cs:line 1012
   at Intersect.Client.Framework.Graphics.GameTexture`2.LoadPlatformTexture(Boolean force) in F:\game code engine\Intersect_New\Intersect.Client.Framework\Graphics\GameTexture.cs:line 279
2026-07-03 01:46:10.137 +02:00 [INF] Built VBO for map 9802b09c-f592-4d93-8e11-d3424500716c 'Deep Forest' in 47.3377ms
2026-07-03 01:46:10.147 +02:00 [INF] Built VBO for map 15601ad4-9f26-4abe-a6c9-3a7eebaa3045 'Forest' in 9.4311ms
2026-07-03 01:46:10.157 +02:00 [INF] Built VBO for map d490222a-af25-4a7f-bec3-7ca8016e08d7 'New Map' in 6.0103ms
2026-07-03 01:46:10.282 +02:00 [INF] Built VBO for map a31f210c-f5fb-48bf-9db2-45fab2293a4c 'Forest' in 124.4351ms
2026-07-03 01:46:10.339 +02:00 [INF] Built VBO for map 27c6a7b2-4e9f-4316-9a0f-e13ec8e16ba2 'Forest' in 55.3672ms
2026-07-03 01:46:10.346 +02:00 [INF] Built VBO for map e341d25d-5ff4-4cd6-bcd5-2f2cda710c86 'Greenfall Vale' in 5.5144ms
2026-07-03 01:46:39.892 +02:00 [WRN] 'Me' is null.
2026-07-03 01:46:39.892 +02:00 [WRN] 'Me' is null.
2026-07-03 01:46:39.892 +02:00 [WRN] 'Me' is null.
2026-07-03 01:46:56.225 +02:00 [WRN] 'Me' is null.
2026-07-03 01:46:56.817 +02:00 [INF] Built VBO for map 9802b09c-f592-4d93-8e11-d3424500716c 'Deep Forest' in 4.3275ms
2026-07-03 01:46:56.822 +02:00 [INF] Built VBO for map 15601ad4-9f26-4abe-a6c9-3a7eebaa3045 'Forest' in 4.2851ms
2026-07-03 01:46:56.829 +02:00 [INF] Built VBO for map d490222a-af25-4a7f-bec3-7ca8016e08d7 'New Map' in 3.4778ms
2026-07-03 01:46:56.876 +02:00 [INF] Built VBO for map a31f210c-f5fb-48bf-9db2-45fab2293a4c 'Forest' in 46.8525ms
2026-07-03 01:46:56.911 +02:00 [INF] Built VBO for map 27c6a7b2-4e9f-4316-9a0f-e13ec8e16ba2 'Forest' in 33.7592ms
2026-07-03 01:46:56.915 +02:00 [INF] Built VBO for map e341d25d-5ff4-4cd6-bcd5-2f2cda710c86 'Greenfall Vale' in 3.5125ms
2026-07-03 01:50:17.796 +02:00 [INF] System window closing (due to user interaction most likely).
2026-07-03 01:50:17.799 +02:00 [INF] Disconnected [94e4dd89-d6d5-48f7-a788-918451893951].
2026-07-03 01:50:17.800 +02:00 [INF] Updating active permission set to 'default'
2026-07-03 01:50:17.834 +02:00 [INF] Acquiring context lock... (0ms)
2026-07-03 01:50:17.834 +02:00 [INF] Acquired. (0ms)
2026-07-03 01:50:17.835 +02:00 [INF] Beginning context dispose. (0ms)
2026-07-03 01:50:17.835 +02:00 [INF] GC.SuppressFinalize (0ms)
2026-07-03 01:50:17.835 +02:00 [INF] InternalDispose() completed. (0ms)
2026-07-03 01:50:17.835 +02:00 [INF] Clearing instance... (1ms)
2026-07-03 01:50:17.835 +02:00 [INF] Releasing context lock... (1ms)
2026-07-03 01:50:17.835 +02:00 [INF] Released. (1ms)
