2026-07-21 08:24:00.064 +02:00 [INF] Starting Intersect Client v0.8.0.0-custom+32d39132dace1351f63375b261f241297dd35be8-dirty
2026-07-21 08:24:00.310 +02:00 [INF] Discovered service type: Intersect.Plugins.PluginService
2026-07-21 08:24:00.313 +02:00 [WRN] Directory was specified as a plugin directory but does not exist: 'resources\plugins'
2026-07-21 08:24:00.314 +02:00 [INF] Discovered 0 plugins:

2026-07-21 08:24:00.790 +02:00 [INF] Graphics pacing configured: targetMode=-1, vsync=false, fixedStep=false, backBuffer=1760x990
2026-07-21 08:25:13.249 +02:00 [INF] Connecting to 127.0.0.1:5400...
2026-07-21 08:25:13.267 +02:00 [INF] Connected [14bb6c99-eac1-4682-be1a-69e87aec06b1].
2026-07-21 08:25:13.281 +02:00 [INF] Connection approved [14bb6c99-eac1-4682-be1a-69e87aec06b1].
2026-07-21 08:25:13.387 +02:00 [INF] Updated PermissionSet 'default'
2026-07-21 08:25:19.778 +02:00 [INF] Updated PermissionSet 'admin'
2026-07-21 08:25:19.778 +02:00 [INF] Updating active permission set to 'admin'
2026-07-21 08:25:23.507 +02:00 [WRN] 'Me' is null.
2026-07-21 08:25:24.449 +02:00 [INF] Built VBO for map 9802b09c-f592-4d93-8e11-d3424500716c 'Deep Forest' in 48.5425ms
2026-07-21 08:25:24.464 +02:00 [INF] Built VBO for map 15601ad4-9f26-4abe-a6c9-3a7eebaa3045 'Forest' in 11.7642ms
2026-07-21 08:25:24.482 +02:00 [INF] Built VBO for map d490222a-af25-4a7f-bec3-7ca8016e08d7 'New Map' in 9.9521ms
2026-07-21 08:25:24.607 +02:00 [INF] Built VBO for map a31f210c-f5fb-48bf-9db2-45fab2293a4c 'Forest' in 122.4336ms
2026-07-21 08:25:24.667 +02:00 [INF] Built VBO for map 27c6a7b2-4e9f-4316-9a0f-e13ec8e16ba2 'Forest' in 55.0114ms
2026-07-21 08:25:24.694 +02:00 [INF] Built VBO for map e341d25d-5ff4-4cd6-bcd5-2f2cda710c86 'Greenfall Vale' in 24.4373ms
2026-07-21 08:25:29.983 +02:00 [INF] Client frame profile: measured=100.0fps counter=127 targetMode=-1; interval=10.00/365.31ms avg/max; update=0.24/24.75ms (1.00 calls/frame); draw=10.14/339.11ms; world=7.75/308.08ms [scene=7.40/295.19, scene-detail=[tiles=0.53ms/21.0draws (geometry=0.18ms/21.0draws, water=0.35ms/0.0draws), objects=5.27ms/59.9draws, procedural=0.00ms/0.0draws, entities=0.72ms/0.5draws, effects=0.36ms/1.5draws, weather=0.44ms/0.0draws, other=0.08ms], lighting=0.04/6.46, post=0.10/30.98, overlays=0.11/12.63, other=0.10]; gui=2.34/79.68ms [update=1.87/60.31 (minimap=1.32/40.72 [compact=1.32, fullmap=0.00/0.00], other=0.55), render=0.47/23.42, other=0.00]; finish=0.03/2.61ms; outside-update-draw=0.00ms; draws=102, maps=1, entities=18, lights=2
2026-07-21 08:25:34.985 +02:00 [INF] Client frame profile: measured=123.1fps counter=85 targetMode=-1; interval=8.12/319.11ms avg/max; update=0.10/5.21ms (1.00 calls/frame); draw=7.89/318.88ms; world=6.48/309.09ms [scene=6.27/308.85, scene-detail=[tiles=0.46ms/23.7draws (geometry=0.18ms/23.7draws, water=0.29ms/0.0draws), objects=5.05ms/62.7draws, procedural=0.00ms/0.0draws, entities=0.28ms/0.1draws, effects=0.07ms/1.9draws, weather=0.36ms/0.0draws, other=0.05ms], lighting=0.02/0.04, post=0.03/0.06, overlays=0.06/0.12, other=0.09]; gui=1.38/13.74ms [update=1.32/13.63 (minimap=0.82/10.98 [compact=0.82, fullmap=0.00/0.00], other=0.51), render=0.06/0.20, other=0.00]; finish=0.02/2.98ms; outside-update-draw=0.13ms; draws=126, maps=2, entities=18, lights=2
2026-07-21 08:25:39.173 +02:00 [FTL] Game is crashing due to an exception
System.ArgumentException: '18' cannot be greater than 17.6.
   at System.Math.ThrowMinMaxException[T](T min, T max)
   at Intersect.Client.Maps.MapInstance.DrawLootOwnershipSparkle(IMapItemInstance mapItemInstance, ItemDescriptor itemDescriptor, Single centerX, Single centerY, Single mapItemWidth, Single mapItemHeight) in f:\game code engine\Intersect_New\Intersect.Client.Core\Maps\MapInstance.cs:line 5602
   at Intersect.Client.Maps.MapInstance.DrawItemsAndLights() in f:\game code engine\Intersect_New\Intersect.Client.Core\Maps\MapInstance.cs:line 5242
   at Intersect.Client.Core.Graphics.DrawInGame(TimeSpan deltaTime) in f:\game code engine\Intersect_New\Intersect.Client.Core\Core\Graphics.cs:line 734
   at Intersect.Client.Core.Graphics.Render(TimeSpan deltaTime, TimeSpan totalTime) in f:\game code engine\Intersect_New\Intersect.Client.Core\Core\Graphics.cs:line 1169
   at Intersect.Client.MonoGame.IntersectGame.Draw(GameTime gameTime) in f:\game code engine\Intersect_New\Intersect.Client.Core\MonoGame\IntersectGame.cs:line 347
   at Microsoft.Xna.Framework.Game.Tick()
   at Microsoft.Xna.Framework.SdlGamePlatform.RunLoop()
   at Microsoft.Xna.Framework.Game.Run(GameRunBehavior runBehavior)
   at Microsoft.Xna.Framework.Game.Run()
   at Intersect.Client.MonoGame.IntersectGame.MonoGameRunner.Start(IClientContext context, Action postStartupAction) in f:\game code engine\Intersect_New\Intersect.Client.Core\MonoGame\IntersectGame.cs:line 646
2026-07-21 08:25:39.204 +02:00 [INF] Acquiring context lock... (0ms)
2026-07-21 08:25:39.205 +02:00 [INF] Acquired. (0ms)
2026-07-21 08:25:39.205 +02:00 [INF] Beginning context dispose. (0ms)
2026-07-21 08:25:39.205 +02:00 [INF] GC.SuppressFinalize (0ms)
2026-07-21 08:25:39.206 +02:00 [INF] InternalDispose() completed. (0ms)
2026-07-21 08:25:39.206 +02:00 [INF] Clearing instance... (1ms)
2026-07-21 08:25:39.206 +02:00 [INF] Releasing context lock... (1ms)
2026-07-21 08:25:39.206 +02:00 [INF] Released. (1ms)
2026-07-21 08:25:39.206 +02:00 [ERR] Failed to start application context
System.ArgumentException: '18' cannot be greater than 17.6.
   at System.Math.ThrowMinMaxException[T](T min, T max)
   at Intersect.Client.Maps.MapInstance.DrawLootOwnershipSparkle(IMapItemInstance mapItemInstance, ItemDescriptor itemDescriptor, Single centerX, Single centerY, Single mapItemWidth, Single mapItemHeight) in f:\game code engine\Intersect_New\Intersect.Client.Core\Maps\MapInstance.cs:line 5602
   at Intersect.Client.Maps.MapInstance.DrawItemsAndLights() in f:\game code engine\Intersect_New\Intersect.Client.Core\Maps\MapInstance.cs:line 5242
   at Intersect.Client.Core.Graphics.DrawInGame(TimeSpan deltaTime) in f:\game code engine\Intersect_New\Intersect.Client.Core\Core\Graphics.cs:line 734
   at Intersect.Client.Core.Graphics.Render(TimeSpan deltaTime, TimeSpan totalTime) in f:\game code engine\Intersect_New\Intersect.Client.Core\Core\Graphics.cs:line 1169
   at Intersect.Client.MonoGame.IntersectGame.Draw(GameTime gameTime) in f:\game code engine\Intersect_New\Intersect.Client.Core\MonoGame\IntersectGame.cs:line 347
   at Microsoft.Xna.Framework.Game.Tick()
   at Microsoft.Xna.Framework.SdlGamePlatform.RunLoop()
   at Microsoft.Xna.Framework.Game.Run(GameRunBehavior runBehavior)
   at Microsoft.Xna.Framework.Game.Run()
   at Intersect.Client.MonoGame.IntersectGame.MonoGameRunner.Start(IClientContext context, Action postStartupAction) in f:\game code engine\Intersect_New\Intersect.Client.Core\MonoGame\IntersectGame.cs:line 646
   at Intersect.Client.Core.ClientContext.InternalStart() in f:\game code engine\Intersect_New\Intersect.Client.Core\Core\ClientContext.cs:line 97
   at Intersect.Core.ApplicationContext`2.Start(Boolean lockUntilShutdown) in f:\game code engine\Intersect_New\Intersect (Core)\Core\ApplicationContext`2.cs:line 245
