2026-07-24 01:15:38.694 +02:00 [INF] Starting Intersect Client v0.8.0.0-custom+32d39132dace1351f63375b261f241297dd35be8-dirty
2026-07-24 01:15:38.921 +02:00 [INF] Discovered service type: Intersect.Plugins.PluginService
2026-07-24 01:15:38.925 +02:00 [WRN] Directory was specified as a plugin directory but does not exist: 'resources\plugins'
2026-07-24 01:15:38.926 +02:00 [INF] Discovered 0 plugins:

2026-07-24 01:15:39.373 +02:00 [INF] Graphics pacing configured: targetMode=-1, vsync=false, fixedStep=false, backBuffer=1760x990
2026-07-24 01:15:42.314 +02:00 [INF] Connecting to 127.0.0.1:5400...
2026-07-24 01:15:42.332 +02:00 [INF] Connected [0ba49d7f-c15f-4fec-bdd4-04735044c825].
2026-07-24 01:15:42.343 +02:00 [INF] Connection approved [0ba49d7f-c15f-4fec-bdd4-04735044c825].
2026-07-24 01:15:42.432 +02:00 [INF] Updated PermissionSet 'default'
2026-07-24 01:15:46.914 +02:00 [INF] Updated PermissionSet 'admin'
2026-07-24 01:15:46.914 +02:00 [INF] Updating active permission set to 'admin'
2026-07-24 01:15:59.393 +02:00 [INF] Disconnected [0ba49d7f-c15f-4fec-bdd4-04735044c825].
2026-07-24 01:15:59.394 +02:00 [INF] Updating active permission set to 'default'
2026-07-24 01:16:01.784 +02:00 [INF] System window closing (due to user interaction most likely).
2026-07-24 01:16:01.810 +02:00 [INF] Acquiring context lock... (0ms)
2026-07-24 01:16:01.810 +02:00 [INF] Acquired. (0ms)
2026-07-24 01:16:01.811 +02:00 [INF] Beginning context dispose. (0ms)
2026-07-24 01:16:01.811 +02:00 [INF] GC.SuppressFinalize (0ms)
2026-07-24 01:16:01.811 +02:00 [INF] InternalDispose() completed. (0ms)
2026-07-24 01:16:01.811 +02:00 [INF] Clearing instance... (1ms)
2026-07-24 01:16:01.811 +02:00 [INF] Releasing context lock... (1ms)
2026-07-24 01:16:01.811 +02:00 [INF] Released. (1ms)
