2026-05-14 02:06:15.365 +02:00 [INF] Starting Intersect Client v0.8.0.0-custom+32d39132dace1351f63375b261f241297dd35be8-dirty
2026-05-14 02:06:15.585 +02:00 [INF] Discovered service type: Intersect.Plugins.PluginService
2026-05-14 02:06:15.589 +02:00 [WRN] Directory was specified as a plugin directory but does not exist: 'resources\plugins'
2026-05-14 02:06:15.589 +02:00 [INF] Discovered 0 plugins:

2026-05-14 02:06:18.990 +02:00 [INF] Connecting to 127.0.0.1:5400...
2026-05-14 02:06:19.011 +02:00 [INF] Connected [64b606d7-2c16-4637-8d86-0123c42fb7a5].
2026-05-14 02:06:19.033 +02:00 [INF] Connection approved [64b606d7-2c16-4637-8d86-0123c42fb7a5].
2026-05-14 02:06:19.155 +02:00 [INF] Updated PermissionSet 'default'
2026-05-14 02:06:25.347 +02:00 [INF] Updated PermissionSet 'admin'
2026-05-14 02:06:25.347 +02:00 [INF] Updating active permission set to 'admin'
2026-05-14 02:06:26.071 +02:00 [WRN] 'Me' is null.
2026-05-14 02:06:26.698 +02:00 [INF] Built VBO for map 24cc8989-0a45-4ecb-bf58-41efcefcaeb8 'Test' in 13.7117ms
2026-05-14 02:13:25.066 +02:00 [INF] System window closing (due to user interaction most likely).
2026-05-14 02:13:25.069 +02:00 [INF] Disconnected [64b606d7-2c16-4637-8d86-0123c42fb7a5].
2026-05-14 02:13:25.070 +02:00 [INF] Updating active permission set to 'default'
2026-05-14 02:13:25.105 +02:00 [INF] Acquiring context lock... (0ms)
2026-05-14 02:13:25.105 +02:00 [INF] Acquired. (0ms)
2026-05-14 02:13:25.106 +02:00 [INF] Beginning context dispose. (0ms)
2026-05-14 02:13:25.106 +02:00 [INF] GC.SuppressFinalize (0ms)
2026-05-14 02:13:25.106 +02:00 [INF] InternalDispose() completed. (0ms)
2026-05-14 02:13:25.106 +02:00 [INF] Clearing instance... (1ms)
2026-05-14 02:13:25.106 +02:00 [INF] Releasing context lock... (1ms)
2026-05-14 02:13:25.106 +02:00 [INF] Released. (1ms)
