2026-04-28 04:50:09.471 +06:00 [INF] Starting Intersect Client v0.8.0.0-custom+32d39132dace1351f63375b261f241297dd35be8-dirty
2026-04-28 04:50:09.664 +06:00 [INF] Discovered service type: Intersect.Plugins.PluginService
2026-04-28 04:50:09.667 +06:00 [WRN] Directory was specified as a plugin directory but does not exist: 'resources\plugins'
2026-04-28 04:50:09.668 +06:00 [INF] Discovered 0 plugins:

2026-04-28 04:50:11.859 +06:00 [INF] Connecting to 127.0.0.1:5400...
2026-04-28 04:50:11.882 +06:00 [INF] Connected [8dd71105-ba00-43df-ac97-8b8fdd1eae60].
2026-04-28 04:50:11.902 +06:00 [INF] Connection approved [8dd71105-ba00-43df-ac97-8b8fdd1eae60].
2026-04-28 04:50:11.986 +06:00 [INF] Updated PermissionSet 'default'
2026-04-28 04:50:21.305 +06:00 [INF] Updated PermissionSet 'admin'
2026-04-28 04:50:21.305 +06:00 [INF] Updating active permission set to 'admin'
2026-04-28 04:50:21.411 +06:00 [WRN] Unable to add '_buttonLogout' to the JSON of MainMenu.SelectCharacterWindow._innerPanel._buttonsPanel because a sibling shares the same name
2026-04-28 04:50:22.011 +06:00 [WRN] 'Me' is null.
2026-04-28 04:50:22.522 +06:00 [INF] Built VBO for map 27c6a7b2-4e9f-4316-9a0f-e13ec8e16ba2 'Forest' in 9.9162ms
2026-04-28 04:53:12.511 +06:00 [INF] Built VBO for map c15f8299-8999-471f-9760-388ff4cdec7c 'Forest' in 10.0437ms
2026-04-28 04:54:47.055 +06:00 [INF] System window closing (due to user interaction most likely).
2026-04-28 04:54:47.058 +06:00 [INF] Disconnected [8dd71105-ba00-43df-ac97-8b8fdd1eae60].
2026-04-28 04:54:47.058 +06:00 [INF] Updating active permission set to 'default'
2026-04-28 04:54:47.118 +06:00 [INF] Acquiring context lock... (0ms)
2026-04-28 04:54:47.119 +06:00 [INF] Acquired. (0ms)
2026-04-28 04:54:47.119 +06:00 [INF] Beginning context dispose. (0ms)
2026-04-28 04:54:47.120 +06:00 [INF] GC.SuppressFinalize (0ms)
2026-04-28 04:54:47.120 +06:00 [INF] InternalDispose() completed. (0ms)
2026-04-28 04:54:47.120 +06:00 [INF] Clearing instance... (1ms)
2026-04-28 04:54:47.120 +06:00 [INF] Releasing context lock... (1ms)
2026-04-28 04:54:47.120 +06:00 [INF] Released. (1ms)
