2026-03-22 22:52:52.777 +01:00 [INF] Starting Intersect Client v0.8.0.0-custom+32d39132dace1351f63375b261f241297dd35be8-dirty
2026-03-22 22:52:53.132 +01:00 [INF] Discovered service type: Intersect.Plugins.PluginService
2026-03-22 22:52:53.139 +01:00 [WRN] Directory was specified as a plugin directory but does not exist: 'resources\plugins'
2026-03-22 22:52:53.140 +01:00 [INF] Discovered 0 plugins:

2026-03-22 22:52:55.417 +01:00 [INF] Connecting to 127.0.0.1:5400...
2026-03-22 22:52:55.424 +01:00 [INF] Connected [39b1d02e-39ad-4023-b724-46a16812d94b].
2026-03-22 22:52:55.438 +01:00 [INF] Connection approved [39b1d02e-39ad-4023-b724-46a16812d94b].
2026-03-22 22:52:55.519 +01:00 [INF] Updated PermissionSet 'default'
2026-03-22 22:52:55.519 +01:00 [INF] Updated PermissionSet 'admin'
2026-03-22 22:52:56.580 +01:00 [INF] Updating active permission set to 'admin'
2026-03-22 22:52:56.644 +01:00 [WRN] Unable to add '_buttonLogout' to the JSON of MainMenu.SelectCharacterWindow._innerPanel._buttonsPanel because a sibling shares the same name
2026-03-22 22:52:57.670 +01:00 [WRN] 'Me' is null.
2026-03-22 22:52:58.182 +01:00 [INF] Built VBO for map 73ba8458-f8de-4f78-a254-c91b18418ed0 'test 3' in 15.2708ms
2026-03-22 22:52:58.189 +01:00 [INF] Built VBO for map 850ddb26-5568-4376-b8e0-346c04cb81ef 'test 4' in 2.0298ms
2026-03-22 22:52:58.196 +01:00 [INF] Built VBO for map 27c6a7b2-4e9f-4316-9a0f-e13ec8e16ba2 'New Map' in 6.9168ms
2026-03-22 22:52:59.905 +01:00 [INF] Built VBO for map 23382d57-1bd1-403a-8f4f-50e5ad24e8a0 'test1' in 6.2505ms
2026-03-22 22:58:47.496 +01:00 [INF] Built VBO for map 411179b7-b772-42ef-bf66-03b7e4d7dca8 'test 5' in 2.2177ms
2026-03-22 22:59:39.413 +01:00 [INF] System window closing (due to user interaction most likely).
2026-03-22 22:59:39.416 +01:00 [INF] Disconnected [39b1d02e-39ad-4023-b724-46a16812d94b].
2026-03-22 22:59:39.417 +01:00 [INF] Updating active permission set to 'default'
2026-03-22 22:59:39.549 +01:00 [INF] Acquiring context lock... (0ms)
2026-03-22 22:59:39.550 +01:00 [INF] Acquired. (0ms)
2026-03-22 22:59:39.550 +01:00 [INF] Beginning context dispose. (0ms)
2026-03-22 22:59:39.551 +01:00 [INF] GC.SuppressFinalize (0ms)
2026-03-22 22:59:39.551 +01:00 [INF] InternalDispose() completed. (0ms)
2026-03-22 22:59:39.551 +01:00 [INF] Clearing instance... (1ms)
2026-03-22 22:59:39.551 +01:00 [INF] Releasing context lock... (1ms)
2026-03-22 22:59:39.551 +01:00 [INF] Released. (1ms)
