2026-05-03 23:44:03.696 +06:00 [INF] Starting Intersect Client v0.8.0.0-custom+32d39132dace1351f63375b261f241297dd35be8-dirty
2026-05-03 23:44:03.895 +06:00 [INF] Discovered service type: Intersect.Plugins.PluginService
2026-05-03 23:44:03.899 +06:00 [WRN] Directory was specified as a plugin directory but does not exist: 'resources\plugins'
2026-05-03 23:44:03.900 +06:00 [INF] Discovered 0 plugins:

2026-05-03 23:44:05.841 +06:00 [INF] Connecting to 127.0.0.1:5400...
2026-05-03 23:44:05.849 +06:00 [INF] Connected [81768f4d-ddaa-4dec-b6cf-dc00397cac69].
2026-05-03 23:44:05.858 +06:00 [INF] Connection approved [81768f4d-ddaa-4dec-b6cf-dc00397cac69].
2026-05-03 23:44:05.944 +06:00 [INF] Updated PermissionSet 'default'
2026-05-03 23:44:05.944 +06:00 [INF] Updated PermissionSet 'admin'
2026-05-03 23:44:13.429 +06:00 [INF] Updating active permission set to 'admin'
2026-05-03 23:44:14.235 +06:00 [WRN] 'Me' is null.
2026-05-03 23:44:14.782 +06:00 [INF] Built VBO for map 24cc8989-0a45-4ecb-bf58-41efcefcaeb8 'Copy of Forest' in 9.6963ms
2026-05-03 23:44:23.097 +06:00 [INF] Built VBO for map 76be5706-b095-4067-bb9a-6d1601929c5b 'Copy of Forest' in 3.7923ms
2026-05-03 23:47:22.124 +06:00 [INF] System window closing (due to user interaction most likely).
2026-05-03 23:47:22.127 +06:00 [INF] Disconnected [81768f4d-ddaa-4dec-b6cf-dc00397cac69].
2026-05-03 23:47:22.128 +06:00 [INF] Updating active permission set to 'default'
2026-05-03 23:47:22.260 +06:00 [INF] Acquiring context lock... (0ms)
2026-05-03 23:47:22.260 +06:00 [INF] Acquired. (0ms)
2026-05-03 23:47:22.261 +06:00 [INF] Beginning context dispose. (0ms)
2026-05-03 23:47:22.261 +06:00 [INF] GC.SuppressFinalize (0ms)
2026-05-03 23:47:22.261 +06:00 [INF] InternalDispose() completed. (0ms)
2026-05-03 23:47:22.261 +06:00 [INF] Clearing instance... (1ms)
2026-05-03 23:47:22.261 +06:00 [INF] Releasing context lock... (1ms)
2026-05-03 23:47:22.261 +06:00 [INF] Released. (1ms)
