2026-04-15 17:04:23.489 +06:00 [INF] Starting Intersect Client v0.8.0.0-custom+32d39132dace1351f63375b261f241297dd35be8-dirty
2026-04-15 17:04:23.800 +06:00 [INF] Discovered service type: Intersect.Plugins.PluginService
2026-04-15 17:04:23.807 +06:00 [WRN] Directory was specified as a plugin directory but does not exist: 'resources\plugins'
2026-04-15 17:04:23.808 +06:00 [INF] Discovered 0 plugins:

2026-04-15 17:04:25.769 +06:00 [INF] Connecting to 127.0.0.1:5400...
2026-04-15 17:04:25.793 +06:00 [INF] Connected [5ccd460c-d2ca-4fc7-8dab-3804eb9990ca].
2026-04-15 17:04:25.810 +06:00 [INF] Connection approved [5ccd460c-d2ca-4fc7-8dab-3804eb9990ca].
2026-04-15 17:04:25.901 +06:00 [INF] Updated PermissionSet 'default'
2026-04-15 17:04:30.694 +06:00 [INF] Updated PermissionSet 'admin'
2026-04-15 17:04:30.694 +06:00 [INF] Updating active permission set to 'admin'
2026-04-15 17:04:30.838 +06:00 [WRN] Unable to add '_buttonLogout' to the JSON of MainMenu.SelectCharacterWindow._innerPanel._buttonsPanel because a sibling shares the same name
2026-04-15 17:04:32.351 +06:00 [WRN] 'Me' is null.
2026-04-15 17:04:32.918 +06:00 [INF] Built VBO for map 23630ac6-4461-460d-8a3b-9a0d4477096f 'test 8' in 16.8297ms
2026-04-15 17:04:32.966 +06:00 [INF] Built VBO for map 73ba8458-f8de-4f78-a254-c91b18418ed0 'test 3' in 43.0527ms
2026-04-15 17:04:33.900 +06:00 [INF] Built VBO for map 411179b7-b772-42ef-bf66-03b7e4d7dca8 'test 5' in 6.1982ms
2026-04-15 17:04:46.786 +06:00 [INF] Music volume set to 10 from InGame..SettingsWindow._innerPanel._tabs._innerPanel._audioSettingsTab._scrollPanel._musicSlider._slider
2026-04-15 17:04:46.787 +06:00 [INF] Sound volume set to 15 from InGame..SettingsWindow._innerPanel._tabs._innerPanel._audioSettingsTab._scrollPanel._soundEffectsSlider._slider
2026-04-15 17:04:57.929 +06:00 [INF] Music volume set to 10 from InGame..SettingsWindow._innerPanel._tabs._innerPanel._audioSettingsTab._scrollPanel._musicSlider._slider
2026-04-15 17:04:57.929 +06:00 [INF] Sound volume set to 15 from InGame..SettingsWindow._innerPanel._tabs._innerPanel._audioSettingsTab._scrollPanel._soundEffectsSlider._slider
2026-04-15 17:05:21.725 +06:00 [INF] System window closing (due to user interaction most likely).
2026-04-15 17:05:21.728 +06:00 [INF] Disconnected [5ccd460c-d2ca-4fc7-8dab-3804eb9990ca].
2026-04-15 17:05:21.728 +06:00 [INF] Updating active permission set to 'default'
2026-04-15 17:05:21.771 +06:00 [INF] Acquiring context lock... (0ms)
2026-04-15 17:05:21.771 +06:00 [INF] Acquired. (0ms)
2026-04-15 17:05:21.772 +06:00 [INF] Beginning context dispose. (0ms)
2026-04-15 17:05:21.772 +06:00 [INF] GC.SuppressFinalize (0ms)
2026-04-15 17:05:21.772 +06:00 [INF] InternalDispose() completed. (0ms)
2026-04-15 17:05:21.772 +06:00 [INF] Clearing instance... (1ms)
2026-04-15 17:05:21.772 +06:00 [INF] Releasing context lock... (1ms)
2026-04-15 17:05:21.772 +06:00 [INF] Released. (1ms)
