2026-05-17 13:59:59.988 +02:00 [INF] Starting Intersect Client v0.8.0.0-custom+32d39132dace1351f63375b261f241297dd35be8-dirty
2026-05-17 14:00:00.201 +02:00 [INF] Discovered service type: Intersect.Plugins.PluginService
2026-05-17 14:00:00.204 +02:00 [WRN] Directory was specified as a plugin directory but does not exist: 'resources\plugins'
2026-05-17 14:00:00.205 +02:00 [INF] Discovered 0 plugins:

2026-05-17 14:00:16.652 +02:00 [INF] Connecting to 127.0.0.1:5400...
2026-05-17 14:00:16.670 +02:00 [INF] Connected [e3f5d303-4cf5-4c77-a733-3a51ea30d92a].
2026-05-17 14:00:16.709 +02:00 [INF] Connection approved [e3f5d303-4cf5-4c77-a733-3a51ea30d92a].
2026-05-17 14:00:16.786 +02:00 [INF] Updated PermissionSet 'default'
2026-05-17 14:00:21.954 +02:00 [INF] Updated PermissionSet 'admin'
2026-05-17 14:00:21.954 +02:00 [INF] Updating active permission set to 'admin'
2026-05-17 14:00:22.829 +02:00 [WRN] 'Me' is null.
2026-05-17 14:00:23.523 +02:00 [INF] Built VBO for map 27c6a7b2-4e9f-4316-9a0f-e13ec8e16ba2 'Forest' in 26.2089ms
2026-05-17 14:03:18.759 +02:00 [INF] System window closing (due to user interaction most likely).
2026-05-17 14:03:18.762 +02:00 [INF] Disconnected [e3f5d303-4cf5-4c77-a733-3a51ea30d92a].
2026-05-17 14:03:18.762 +02:00 [INF] Updating active permission set to 'default'
2026-05-17 14:03:18.789 +02:00 [INF] Acquiring context lock... (0ms)
2026-05-17 14:03:18.789 +02:00 [INF] Acquired. (0ms)
2026-05-17 14:03:18.790 +02:00 [INF] Beginning context dispose. (0ms)
2026-05-17 14:03:18.790 +02:00 [INF] GC.SuppressFinalize (0ms)
2026-05-17 14:03:18.790 +02:00 [INF] InternalDispose() completed. (0ms)
2026-05-17 14:03:18.790 +02:00 [INF] Clearing instance... (1ms)
2026-05-17 14:03:18.790 +02:00 [INF] Releasing context lock... (1ms)
2026-05-17 14:03:18.790 +02:00 [INF] Released. (1ms)
