2026-07-11 16:38:52.170 +02:00 [INF] Starting Intersect Client v0.8.0.0-custom+32d39132dace1351f63375b261f241297dd35be8-dirty
2026-07-11 16:38:52.428 +02:00 [INF] Discovered service type: Intersect.Plugins.PluginService
2026-07-11 16:38:52.434 +02:00 [WRN] Directory was specified as a plugin directory but does not exist: 'resources\plugins'
2026-07-11 16:38:52.435 +02:00 [INF] Discovered 0 plugins:

2026-07-11 16:38:54.679 +02:00 [INF] Connecting to 127.0.0.1:5400...
2026-07-11 16:38:54.689 +02:00 [INF] Connected [fc0b845e-2e81-4b0e-aedd-476a5112d040].
2026-07-11 16:38:54.694 +02:00 [INF] Connection approved [fc0b845e-2e81-4b0e-aedd-476a5112d040].
2026-07-11 16:38:54.822 +02:00 [INF] Updated PermissionSet 'default'
2026-07-11 16:38:54.823 +02:00 [INF] Updated PermissionSet 'admin'
2026-07-11 16:40:13.950 +02:00 [INF] Disconnected [fc0b845e-2e81-4b0e-aedd-476a5112d040].
2026-07-11 16:40:15.140 +02:00 [INF] Connecting to 127.0.0.1:5400...
2026-07-11 16:40:15.146 +02:00 [INF] Connected [d3b7cd08-24a8-4f36-8abb-53c730ad2dd2].
2026-07-11 16:40:15.154 +02:00 [INF] Connection approved [d3b7cd08-24a8-4f36-8abb-53c730ad2dd2].
2026-07-11 16:40:15.179 +02:00 [INF] Updated PermissionSet 'default'
2026-07-11 16:40:15.179 +02:00 [INF] Updated PermissionSet 'admin'
2026-07-11 16:40:37.989 +02:00 [WRN] 'Me' is null.
2026-07-11 16:40:38.965 +02:00 [ERR] Exception thrown while trying to load 'resources/tilesets/water_shore_marker.png'
System.IO.FileNotFoundException: Could not find file 'F:\game code engine\Intersect_New\Intersect.Client\resources\tilesets\water_shore_marker.png'.
File name: 'F:\game code engine\Intersect_New\Intersect.Client\resources\tilesets\water_shore_marker.png'
   at Microsoft.Win32.SafeHandles.SafeFileHandle.CreateFile(String fullPath, FileMode mode, FileAccess access, FileShare share, FileOptions options)
   at Microsoft.Win32.SafeHandles.SafeFileHandle.Open(String fullPath, FileMode mode, FileAccess access, FileShare share, FileOptions options, Int64 preallocationSize, Nullable`1 unixCreateMode)
   at System.IO.Strategies.OSFileStreamStrategy..ctor(String path, FileMode mode, FileAccess access, FileShare share, FileOptions options, Int64 preallocationSize, Nullable`1 unixCreateMode)
   at System.IO.File.OpenRead(String path)
   at Intersect.Client.Framework.Graphics.GameRenderer.<>c__DisplayClass184_0.<LoadTexture>b__0() in F:\game code engine\Intersect_New\Intersect.Client.Framework\Graphics\GameRenderer.cs:line 1048
   at Intersect.Client.Framework.Graphics.GameTexture`2.LoadPlatformTexture(Boolean force) in F:\game code engine\Intersect_New\Intersect.Client.Framework\Graphics\GameTexture.cs:line 279
2026-07-11 16:40:38.982 +02:00 [INF] Built VBO for map 9802b09c-f592-4d93-8e11-d3424500716c 'Deep Forest' in 55.0681ms
2026-07-11 16:40:38.996 +02:00 [INF] Built VBO for map 15601ad4-9f26-4abe-a6c9-3a7eebaa3045 'Forest' in 12.9381ms
2026-07-11 16:40:39.015 +02:00 [INF] Built VBO for map d490222a-af25-4a7f-bec3-7ca8016e08d7 'New Map' in 11.7102ms
2026-07-11 16:40:39.154 +02:00 [INF] Built VBO for map a31f210c-f5fb-48bf-9db2-45fab2293a4c 'Forest' in 138.9294ms
2026-07-11 16:40:39.225 +02:00 [INF] Built VBO for map 27c6a7b2-4e9f-4316-9a0f-e13ec8e16ba2 'Forest' in 68.9936ms
2026-07-11 16:40:39.246 +02:00 [INF] Built VBO for map e341d25d-5ff4-4cd6-bcd5-2f2cda710c86 'Greenfall Vale' in 20.8567ms
2026-07-11 16:53:51.883 +02:00 [INF] System window closing (due to user interaction most likely).
2026-07-11 16:53:51.885 +02:00 [INF] Disconnected [d3b7cd08-24a8-4f36-8abb-53c730ad2dd2].
2026-07-11 16:53:51.885 +02:00 [INF] Updating active permission set to 'default'
2026-07-11 16:53:51.920 +02:00 [INF] Acquiring context lock... (0ms)
2026-07-11 16:53:51.920 +02:00 [INF] Acquired. (0ms)
2026-07-11 16:53:51.921 +02:00 [INF] Beginning context dispose. (0ms)
2026-07-11 16:53:51.921 +02:00 [INF] GC.SuppressFinalize (0ms)
2026-07-11 16:53:51.922 +02:00 [INF] InternalDispose() completed. (0ms)
2026-07-11 16:53:51.922 +02:00 [INF] Clearing instance... (1ms)
2026-07-11 16:53:51.922 +02:00 [INF] Releasing context lock... (1ms)
2026-07-11 16:53:51.922 +02:00 [INF] Released. (2ms)
