2026-06-01 01:45:45.735 +02:00 [INF] Starting Intersect Client v0.8.0.0-custom+32d39132dace1351f63375b261f241297dd35be8-dirty
2026-06-01 01:45:45.948 +02:00 [INF] Discovered service type: Intersect.Plugins.PluginService
2026-06-01 01:45:45.952 +02:00 [WRN] Directory was specified as a plugin directory but does not exist: 'resources\plugins'
2026-06-01 01:45:45.953 +02:00 [INF] Discovered 0 plugins:

2026-06-01 01:45:47.962 +02:00 [INF] Connecting to 127.0.0.1:5400...
2026-06-01 01:45:47.982 +02:00 [INF] Connected [bcab4f9b-80e1-4851-a7f4-26ea6463b7a0].
2026-06-01 01:45:47.998 +02:00 [INF] Connection approved [bcab4f9b-80e1-4851-a7f4-26ea6463b7a0].
2026-06-01 01:45:48.099 +02:00 [INF] Updated PermissionSet 'default'
2026-06-01 01:45:51.818 +02:00 [INF] Updated PermissionSet 'admin'
2026-06-01 01:45:51.818 +02:00 [INF] Updating active permission set to 'admin'
2026-06-01 01:45:52.443 +02:00 [WRN] 'Me' is null.
2026-06-01 01:45:53.381 +02:00 [INF] Built VBO for map 27c6a7b2-4e9f-4316-9a0f-e13ec8e16ba2 'Forest' in 77.5419ms
2026-06-01 01:46:06.000 +02:00 [INF] Built VBO for map e341d25d-5ff4-4cd6-bcd5-2f2cda710c86 'Forest' in 7.9833ms
2026-06-01 01:46:40.512 +02:00 [INF] Built VBO for map 27c6a7b2-4e9f-4316-9a0f-e13ec8e16ba2 'Forest' in 39.483ms
2026-06-01 01:46:40.524 +02:00 [INF] Built VBO for map e341d25d-5ff4-4cd6-bcd5-2f2cda710c86 'Forest' in 4.0037ms
2026-06-01 01:47:07.635 +02:00 [INF] Built VBO for map 27c6a7b2-4e9f-4316-9a0f-e13ec8e16ba2 'Forest' in 45.0868ms
2026-06-01 01:47:18.806 +02:00 [INF] System window closing (due to user interaction most likely).
2026-06-01 01:47:18.809 +02:00 [INF] Disconnected [bcab4f9b-80e1-4851-a7f4-26ea6463b7a0].
2026-06-01 01:47:18.810 +02:00 [INF] Updating active permission set to 'default'
2026-06-01 01:47:18.836 +02:00 [INF] Acquiring context lock... (0ms)
2026-06-01 01:47:18.836 +02:00 [INF] Acquired. (0ms)
2026-06-01 01:47:18.836 +02:00 [INF] Beginning context dispose. (0ms)
2026-06-01 01:47:18.837 +02:00 [INF] GC.SuppressFinalize (0ms)
2026-06-01 01:47:18.837 +02:00 [INF] InternalDispose() completed. (0ms)
2026-06-01 01:47:18.837 +02:00 [INF] Clearing instance... (1ms)
2026-06-01 01:47:18.837 +02:00 [INF] Releasing context lock... (1ms)
2026-06-01 01:47:18.837 +02:00 [INF] Released. (1ms)
