2026-05-30 13:57:18.911 +02:00 [INF] Starting Intersect Client v0.8.0.0-custom+32d39132dace1351f63375b261f241297dd35be8-dirty
2026-05-30 13:57:19.148 +02:00 [INF] Discovered service type: Intersect.Plugins.PluginService
2026-05-30 13:57:19.151 +02:00 [WRN] Directory was specified as a plugin directory but does not exist: 'resources\plugins'
2026-05-30 13:57:19.152 +02:00 [INF] Discovered 0 plugins:

2026-05-30 13:57:26.048 +02:00 [INF] Connecting to 127.0.0.1:5400...
2026-05-30 13:57:26.056 +02:00 [INF] Connected [79f44dc3-ab3a-4a80-86c3-baeaa2f43544].
2026-05-30 13:57:26.074 +02:00 [INF] Connection approved [79f44dc3-ab3a-4a80-86c3-baeaa2f43544].
2026-05-30 13:57:26.157 +02:00 [INF] Updated PermissionSet 'default'
2026-05-30 13:57:26.157 +02:00 [INF] Updated PermissionSet 'admin'
2026-05-30 13:57:29.960 +02:00 [INF] Updating active permission set to 'admin'
2026-05-30 13:57:30.587 +02:00 [WRN] 'Me' is null.
2026-05-30 13:57:31.404 +02:00 [INF] Built VBO for map 27c6a7b2-4e9f-4316-9a0f-e13ec8e16ba2 'Forest' in 72.2298ms
2026-05-30 13:58:01.727 +02:00 [INF] System window closing (due to user interaction most likely).
2026-05-30 13:58:01.730 +02:00 [INF] Disconnected [79f44dc3-ab3a-4a80-86c3-baeaa2f43544].
2026-05-30 13:58:01.731 +02:00 [INF] Updating active permission set to 'default'
2026-05-30 13:58:01.761 +02:00 [INF] Acquiring context lock... (0ms)
2026-05-30 13:58:01.762 +02:00 [INF] Acquired. (0ms)
2026-05-30 13:58:01.762 +02:00 [INF] Beginning context dispose. (0ms)
2026-05-30 13:58:01.763 +02:00 [INF] GC.SuppressFinalize (0ms)
2026-05-30 13:58:01.763 +02:00 [INF] InternalDispose() completed. (0ms)
2026-05-30 13:58:01.763 +02:00 [INF] Clearing instance... (1ms)
2026-05-30 13:58:01.763 +02:00 [INF] Releasing context lock... (1ms)
2026-05-30 13:58:01.763 +02:00 [INF] Released. (1ms)
