2026-04-14 10:45:11.998 +06:00 [INF] Starting Intersect Client v0.8.0.0-custom+32d39132dace1351f63375b261f241297dd35be8-dirty
2026-04-14 10:45:12.279 +06:00 [INF] Discovered service type: Intersect.Plugins.PluginService
2026-04-14 10:45:12.286 +06:00 [WRN] Directory was specified as a plugin directory but does not exist: 'resources\plugins'
2026-04-14 10:45:12.287 +06:00 [INF] Discovered 0 plugins:

2026-04-14 10:45:15.775 +06:00 [INF] Connecting to 127.0.0.1:5400...
2026-04-14 10:45:15.799 +06:00 [INF] Connected [0572ef55-50f9-4837-b202-e68229a06791].
2026-04-14 10:45:15.817 +06:00 [INF] Connection approved [0572ef55-50f9-4837-b202-e68229a06791].
2026-04-14 10:45:15.910 +06:00 [INF] Updated PermissionSet 'default'
2026-04-14 10:45:19.886 +06:00 [INF] Updated PermissionSet 'admin'
2026-04-14 10:45:19.886 +06:00 [INF] Updating active permission set to 'admin'
2026-04-14 10:45:25.087 +06:00 [WRN] Unable to add '_buttonLogout' to the JSON of MainMenu.SelectCharacterWindow._innerPanel._buttonsPanel because a sibling shares the same name
2026-04-14 10:45:31.575 +06:00 [WRN] 'Me' is null.
2026-04-14 10:45:32.071 +06:00 [INF] Built VBO for map 23630ac6-4461-460d-8a3b-9a0d4477096f 'test 8' in 16.4158ms
2026-04-14 10:45:32.114 +06:00 [INF] Built VBO for map 73ba8458-f8de-4f78-a254-c91b18418ed0 'test 3' in 38.1165ms
2026-04-14 10:45:32.119 +06:00 [INF] Built VBO for map 27c6a7b2-4e9f-4316-9a0f-e13ec8e16ba2 'New Map' in 4.4011ms
2026-04-14 10:45:55.602 +06:00 [WRN] 'Me' is null.
2026-04-14 10:45:55.646 +06:00 [WRN] Tried to load entity "90c73e26-6540-4a93-bd49-a26ca34bcd45" (test124566) from packet before in-game UI was ready
2026-04-14 10:45:55.647 +06:00 [WRN] Tried to load entity "90c73e26-6540-4a93-bd49-a26ca34bcd45" (test124566) from packet before in-game UI was ready
2026-04-14 10:45:55.776 +06:00 [INF] Built VBO for map 23630ac6-4461-460d-8a3b-9a0d4477096f 'test 8' in 3.7551ms
2026-04-14 10:45:55.780 +06:00 [INF] Built VBO for map 73ba8458-f8de-4f78-a254-c91b18418ed0 'test 3' in 2.8818ms
2026-04-14 10:45:55.782 +06:00 [INF] Built VBO for map 27c6a7b2-4e9f-4316-9a0f-e13ec8e16ba2 'New Map' in 2.0812ms
2026-04-14 10:46:12.418 +06:00 [WRN] 'Me' is null.
2026-04-14 10:46:12.443 +06:00 [WRN] Tried to load entity "87969728-86cc-431c-b7e4-67a8159714bb" (test1245) from packet before in-game UI was ready
2026-04-14 10:46:12.666 +06:00 [INF] Built VBO for map 23630ac6-4461-460d-8a3b-9a0d4477096f 'test 8' in 4.1091ms
2026-04-14 10:46:12.670 +06:00 [INF] Built VBO for map 73ba8458-f8de-4f78-a254-c91b18418ed0 'test 3' in 3.5982ms
2026-04-14 10:46:12.673 +06:00 [INF] Built VBO for map 27c6a7b2-4e9f-4316-9a0f-e13ec8e16ba2 'New Map' in 2.411ms
2026-04-14 10:46:29.959 +06:00 [INF] System window closing (due to user interaction most likely).
2026-04-14 10:46:29.962 +06:00 [INF] Disconnected [0572ef55-50f9-4837-b202-e68229a06791].
2026-04-14 10:46:29.962 +06:00 [INF] Updating active permission set to 'default'
2026-04-14 10:46:29.991 +06:00 [INF] Acquiring context lock... (0ms)
2026-04-14 10:46:29.991 +06:00 [INF] Acquired. (0ms)
2026-04-14 10:46:29.991 +06:00 [INF] Beginning context dispose. (0ms)
2026-04-14 10:46:29.992 +06:00 [INF] GC.SuppressFinalize (0ms)
2026-04-14 10:46:29.992 +06:00 [INF] InternalDispose() completed. (0ms)
2026-04-14 10:46:29.992 +06:00 [INF] Clearing instance... (1ms)
2026-04-14 10:46:29.992 +06:00 [INF] Releasing context lock... (1ms)
2026-04-14 10:46:29.992 +06:00 [INF] Released. (1ms)
