2026-05-30 22:00:18.783 +02:00 [INF] Starting Intersect Client v0.8.0.0-custom+32d39132dace1351f63375b261f241297dd35be8-dirty
2026-05-30 22:00:19.003 +02:00 [INF] Discovered service type: Intersect.Plugins.PluginService
2026-05-30 22:00:19.006 +02:00 [WRN] Directory was specified as a plugin directory but does not exist: 'resources\plugins'
2026-05-30 22:00:19.007 +02:00 [INF] Discovered 0 plugins:

2026-05-30 22:00:21.013 +02:00 [INF] Connecting to 127.0.0.1:5400...
2026-05-30 22:00:21.030 +02:00 [INF] Connected [8757b94a-676d-4c94-be34-69f2cf07621b].
2026-05-30 22:00:21.044 +02:00 [INF] Connection approved [8757b94a-676d-4c94-be34-69f2cf07621b].
2026-05-30 22:00:21.143 +02:00 [INF] Updated PermissionSet 'default'
2026-05-30 22:00:26.525 +02:00 [INF] Updated PermissionSet 'admin'
2026-05-30 22:00:26.525 +02:00 [INF] Updating active permission set to 'admin'
2026-05-30 22:00:26.949 +02:00 [WRN] 'Me' is null.
2026-05-30 22:00:27.856 +02:00 [INF] Built VBO for map a31f210c-f5fb-48bf-9db2-45fab2293a4c 'Forest' in 117.7206ms
2026-05-30 22:00:27.991 +02:00 [INF] Built VBO for map 27c6a7b2-4e9f-4316-9a0f-e13ec8e16ba2 'Forest' in 86.812ms
2026-05-30 22:00:46.193 +02:00 [INF] Built VBO for map 27c6a7b2-4e9f-4316-9a0f-e13ec8e16ba2 'Forest' in 15.0762ms
2026-05-30 22:00:59.420 +02:00 [INF] System window closing (due to user interaction most likely).
2026-05-30 22:00:59.423 +02:00 [INF] Disconnected [8757b94a-676d-4c94-be34-69f2cf07621b].
2026-05-30 22:00:59.424 +02:00 [INF] Updating active permission set to 'default'
2026-05-30 22:00:59.449 +02:00 [INF] Acquiring context lock... (0ms)
2026-05-30 22:00:59.449 +02:00 [INF] Acquired. (0ms)
2026-05-30 22:00:59.450 +02:00 [INF] Beginning context dispose. (0ms)
2026-05-30 22:00:59.450 +02:00 [INF] GC.SuppressFinalize (0ms)
2026-05-30 22:00:59.450 +02:00 [INF] InternalDispose() completed. (0ms)
2026-05-30 22:00:59.450 +02:00 [INF] Clearing instance... (1ms)
2026-05-30 22:00:59.450 +02:00 [INF] Releasing context lock... (1ms)
2026-05-30 22:00:59.450 +02:00 [INF] Released. (1ms)
