2026-08-23 00:46:13.770 +02:00 [INF] Starting Intersect Client v0.8.0.0-custom+32d39132dace1351f63375b261f241297dd35be8-dirty
2026-08-23 00:46:14.177 +02:00 [INF] Discovered service type: Intersect.Plugins.PluginService
2026-08-23 00:46:14.184 +02:00 [WRN] Directory was specified as a plugin directory but does not exist: 'resources\plugins'
2026-08-23 00:46:14.185 +02:00 [INF] Discovered 0 plugins:

2026-08-23 00:46:14.925 +02:00 [INF] Graphics pacing configured: targetMode=-1, vsync=false, fixedStep=false, backBuffer=1760x990
2026-08-23 00:46:21.948 +02:00 [INF] Connecting to 127.0.0.1:5400...
2026-08-23 00:46:22.097 +02:00 [INF] Connected [62efe5c5-92b9-4b88-8bdc-8b87a3d8e01e].
2026-08-23 00:46:22.118 +02:00 [INF] Connection approved [62efe5c5-92b9-4b88-8bdc-8b87a3d8e01e].
2026-08-23 00:46:22.251 +02:00 [INF] Updated PermissionSet 'default'
2026-08-23 00:46:27.792 +02:00 [INF] Updated PermissionSet 'admin'
2026-08-23 00:46:27.792 +02:00 [INF] Updating active permission set to 'admin'
2026-08-23 00:46:33.164 +02:00 [WRN] 'Me' is null.
2026-08-23 00:46:34.695 +02:00 [INF] Built VBO for map 9802b09c-f592-4d93-8e11-d3424500716c 'Deep Forest' in 138.525ms
2026-08-23 00:46:34.715 +02:00 [INF] Built VBO for map 15601ad4-9f26-4abe-a6c9-3a7eebaa3045 'Forest' in 15.4554ms
2026-08-23 00:46:34.752 +02:00 [INF] Built VBO for map d490222a-af25-4a7f-bec3-7ca8016e08d7 'New Map' in 30.1415ms
2026-08-23 00:46:34.899 +02:00 [INF] Built VBO for map a31f210c-f5fb-48bf-9db2-45fab2293a4c 'Forest' in 144.3506ms
2026-08-23 00:46:34.977 +02:00 [INF] Built VBO for map 27c6a7b2-4e9f-4316-9a0f-e13ec8e16ba2 'Forest' in 69.706ms
2026-08-23 00:46:35.019 +02:00 [INF] Built VBO for map e341d25d-5ff4-4cd6-bcd5-2f2cda710c86 'Greenfall Vale' in 39.2147ms
2026-08-23 00:46:40.426 +02:00 [INF] Client frame profile: measured=57.6fps counter=94 targetMode=-1; interval=17.37/570.39ms avg/max; update=0.73/43.82ms (1.00 calls/frame); draw=17.65/523.91ms; world=12.94/489.06ms [scene=12.31/480.64, scene-detail=[tiles=1.28ms/25.9draws (geometry=0.53ms/25.9draws, water=0.75ms/0.0draws), objects=8.02ms/62.8draws, procedural=0.01ms/0.0draws, entities=1.32ms/0.2draws, effects=0.77ms/0.8draws, weather=0.69ms/0.0draws, other=0.23ms], lighting=0.10/8.52, post=0.15/29.25, overlays=0.20/7.99, other=0.18]; gui=4.64/118.96ms [update=4.05/87.04 (minimap=2.95/52.29 [compact=2.95, fullmap=0.00/0.00], other=1.10), render=0.59/31.91, other=0.00]; finish=0.05/1.25ms; outside-update-draw=0.00ms; draws=120, maps=2, entities=23, lights=5
2026-08-23 00:46:45.429 +02:00 [INF] Client frame profile: measured=97.9fps counter=91 targetMode=-1; interval=10.21/64.49ms avg/max; update=0.21/13.92ms (1.00 calls/frame); draw=9.78/61.04ms; world=7.46/50.97ms [scene=7.16/50.49, scene-detail=[tiles=0.77ms/26.0draws (geometry=0.44ms/26.0draws, water=0.33ms/0.0draws), objects=5.29ms/63.0draws, procedural=0.00ms/0.0draws, entities=0.50ms/1.6draws, effects=0.05ms/1.0draws, weather=0.43ms/0.0draws, other=0.12ms], lighting=0.04/0.13, post=0.03/0.11, overlays=0.09/0.21, other=0.13]; gui=2.28/15.06ms [update=1.80/14.07 (minimap=1.09/13.12 [compact=1.09, fullmap=0.00/0.00], other=0.72), render=0.48/3.78, other=0.00]; finish=0.03/0.12ms; outside-update-draw=0.22ms; draws=122, maps=2, entities=23, lights=5
2026-08-23 00:46:50.430 +02:00 [INF] Client frame profile: measured=100.6fps counter=101 targetMode=-1; interval=9.94/34.47ms avg/max; update=0.11/6.35ms (1.00 calls/frame); draw=9.66/34.30ms; world=7.38/20.73ms [scene=7.09/20.37, scene-detail=[tiles=0.75ms/26.0draws (geometry=0.43ms/26.0draws, water=0.32ms/0.0draws), objects=5.32ms/63.0draws, procedural=0.00ms/0.0draws, entities=0.42ms/2.0draws, effects=0.04ms/1.0draws, weather=0.44ms/0.0draws, other=0.11ms], lighting=0.04/0.11, post=0.03/0.13, overlays=0.08/0.18, other=0.13]; gui=2.24/16.17ms [update=1.87/15.57 (minimap=1.18/14.79 [compact=1.18, fullmap=0.00/0.00], other=0.69), render=0.37/0.94, other=0.00]; finish=0.03/0.12ms; outside-update-draw=0.17ms; draws=118, maps=2, entities=23, lights=5
2026-08-23 00:46:55.436 +02:00 [INF] Client frame profile: measured=104.1fps counter=101 targetMode=-1; interval=9.61/33.80ms avg/max; update=0.10/1.81ms (1.00 calls/frame); draw=9.33/33.44ms; world=7.25/23.05ms [scene=6.95/22.77, scene-detail=[tiles=0.75ms/26.0draws (geometry=0.42ms/26.0draws, water=0.33ms/0.0draws), objects=5.22ms/63.0draws, procedural=0.00ms/0.0draws, entities=0.40ms/1.4draws, effects=0.04ms/0.9draws, weather=0.43ms/0.0draws, other=0.12ms], lighting=0.05/0.19, post=0.03/0.11, overlays=0.08/0.26, other=0.13]; gui=2.04/16.65ms [update=1.64/16.11 (minimap=0.99/15.46 [compact=0.99, fullmap=0.00/0.00], other=0.66), render=0.39/3.19, other=0.00]; finish=0.03/0.11ms; outside-update-draw=0.18ms; draws=116, maps=2, entities=23, lights=5
2026-08-23 00:47:00.436 +02:00 [INF] Client frame profile: measured=100.6fps counter=98 targetMode=-1; interval=9.94/33.71ms avg/max; update=0.17/17.35ms (1.00 calls/frame); draw=9.52/33.48ms; world=7.30/23.12ms [scene=7.00/22.82, scene-detail=[tiles=0.76ms/26.0draws (geometry=0.42ms/26.0draws, water=0.34ms/0.0draws), objects=5.28ms/63.0draws, procedural=0.00ms/0.0draws, entities=0.37ms/0.0draws, effects=0.04ms/1.0draws, weather=0.44ms/0.0draws, other=0.11ms], lighting=0.05/0.16, post=0.03/0.10, overlays=0.08/0.24, other=0.13]; gui=2.18/14.93ms [update=1.73/14.44 (minimap=1.04/13.69 [compact=1.04, fullmap=0.00/0.00], other=0.70), render=0.44/2.44, other=0.00]; finish=0.03/0.13ms; outside-update-draw=0.26ms; draws=137, maps=2, entities=23, lights=5
2026-08-23 00:47:05.441 +02:00 [INF] Client frame profile: measured=101.5fps counter=102 targetMode=-1; interval=9.85/27.12ms avg/max; update=0.15/4.74ms (1.00 calls/frame); draw=9.44/26.86ms; world=7.21/11.50ms [scene=6.91/11.19, scene-detail=[tiles=0.75ms/26.0draws (geometry=0.41ms/26.0draws, water=0.34ms/0.0draws), objects=5.22ms/63.0draws, procedural=0.00ms/0.0draws, entities=0.35ms/0.9draws, effects=0.04ms/1.0draws, weather=0.42ms/0.0draws, other=0.12ms], lighting=0.05/0.13, post=0.03/0.12, overlays=0.08/0.25, other=0.13]; gui=2.20/15.81ms [update=1.71/15.28 (minimap=1.02/13.99 [compact=1.02, fullmap=0.00/0.00], other=0.69), render=0.49/3.34, other=0.00]; finish=0.02/0.09ms; outside-update-draw=0.27ms; draws=116, maps=2, entities=23, lights=5
2026-08-23 00:47:10.447 +02:00 [INF] Client frame profile: measured=86.7fps counter=85 targetMode=-1; interval=11.53/55.43ms avg/max; update=0.17/9.45ms (1.00 calls/frame); draw=11.09/48.41ms; world=7.40/13.40ms [scene=7.09/12.78, scene-detail=[tiles=0.76ms/26.0draws (geometry=0.42ms/26.0draws, water=0.33ms/0.0draws), objects=5.38ms/63.0draws, procedural=0.00ms/0.0draws, entities=0.37ms/1.0draws, effects=0.04ms/1.0draws, weather=0.43ms/0.0draws, other=0.12ms], lighting=0.05/0.13, post=0.03/0.11, overlays=0.09/0.23, other=0.14]; gui=3.65/39.74ms [update=2.29/19.10 (minimap=1.19/17.90 [compact=1.19, fullmap=0.00/0.00], other=1.09), render=1.36/29.22, other=0.00]; finish=0.02/0.07ms; outside-update-draw=0.27ms; draws=210, maps=2, entities=23, lights=5
2026-08-23 00:47:15.450 +02:00 [INF] Client frame profile: measured=87.9fps counter=87 targetMode=-1; interval=11.37/25.65ms avg/max; update=0.11/0.69ms (1.00 calls/frame); draw=11.05/24.68ms; world=7.30/11.05ms [scene=7.01/10.70, scene-detail=[tiles=0.74ms/26.0draws (geometry=0.42ms/26.0draws, water=0.32ms/0.0draws), objects=5.30ms/63.0draws, procedural=0.00ms/0.0draws, entities=0.39ms/2.1draws, effects=0.04ms/1.0draws, weather=0.43ms/0.0draws, other=0.11ms], lighting=0.05/0.17, post=0.03/0.09, overlays=0.08/0.20, other=0.13]; gui=3.71/16.52ms [update=2.29/15.11 (minimap=1.23/14.02 [compact=1.23, fullmap=0.00/0.00], other=1.06), render=1.42/2.87, other=0.00]; finish=0.03/0.15ms; outside-update-draw=0.21ms; draws=216, maps=2, entities=23, lights=5
2026-08-23 00:47:20.454 +02:00 [INF] Client frame profile: measured=90.7fps counter=94 targetMode=-1; interval=11.02/36.01ms avg/max; update=0.17/15.45ms (1.00 calls/frame); draw=10.56/35.77ms; world=7.34/11.52ms [scene=7.04/11.27, scene-detail=[tiles=0.74ms/26.0draws (geometry=0.42ms/26.0draws, water=0.32ms/0.0draws), objects=5.31ms/63.0draws, procedural=0.00ms/0.0draws, entities=0.41ms/2.9draws, effects=0.04ms/1.0draws, weather=0.43ms/0.0draws, other=0.11ms], lighting=0.05/0.12, post=0.04/0.75, overlays=0.09/0.48, other=0.13]; gui=3.18/27.47ms [update=2.37/15.70 (minimap=1.20/13.99 [compact=1.20, fullmap=0.00/0.00], other=1.18), render=0.80/26.01, other=0.00]; finish=0.03/0.14ms; outside-update-draw=0.29ms; draws=110, maps=2, entities=23, lights=5
2026-08-23 00:47:25.462 +02:00 [INF] Client frame profile: measured=95.9fps counter=96 targetMode=-1; interval=10.43/23.75ms avg/max; update=0.13/3.47ms (1.00 calls/frame); draw=10.10/23.16ms; world=7.29/12.62ms [scene=7.00/12.25, scene-detail=[tiles=0.73ms/26.0draws (geometry=0.40ms/26.0draws, water=0.33ms/0.0draws), objects=5.26ms/63.0draws, procedural=0.00ms/0.0draws, entities=0.43ms/2.7draws, effects=0.04ms/1.0draws, weather=0.43ms/0.0draws, other=0.11ms], lighting=0.05/0.16, post=0.03/0.12, overlays=0.08/0.27, other=0.13]; gui=2.78/15.76ms [update=2.43/15.22 (minimap=0.97/13.67 [compact=0.97, fullmap=0.00/0.00], other=1.46), render=0.34/2.66, other=0.00]; finish=0.02/0.08ms; outside-update-draw=0.20ms; draws=132, maps=2, entities=23, lights=5
2026-08-23 00:47:28.812 +02:00 [INF] System window closing (due to user interaction most likely).
2026-08-23 00:47:28.817 +02:00 [INF] Disconnected [62efe5c5-92b9-4b88-8bdc-8b87a3d8e01e].
2026-08-23 00:47:28.818 +02:00 [INF] Updating active permission set to 'default'
2026-08-23 00:47:28.859 +02:00 [INF] Acquiring context lock... (0ms)
2026-08-23 00:47:28.859 +02:00 [INF] Acquired. (0ms)
2026-08-23 00:47:28.860 +02:00 [INF] Beginning context dispose. (0ms)
2026-08-23 00:47:28.860 +02:00 [INF] GC.SuppressFinalize (0ms)
2026-08-23 00:47:28.860 +02:00 [INF] InternalDispose() completed. (0ms)
2026-08-23 00:47:28.860 +02:00 [INF] Clearing instance... (1ms)
2026-08-23 00:47:28.860 +02:00 [INF] Releasing context lock... (1ms)
2026-08-23 00:47:28.860 +02:00 [INF] Released. (1ms)
