2026-04-18 14:59:57.434 +06:00 [INF] Starting Intersect Client v0.8.0.0-custom+32d39132dace1351f63375b261f241297dd35be8-dirty
2026-04-18 14:59:57.720 +06:00 [INF] Discovered service type: Intersect.Plugins.PluginService
2026-04-18 14:59:57.724 +06:00 [WRN] Directory was specified as a plugin directory but does not exist: 'resources\plugins'
2026-04-18 14:59:57.725 +06:00 [INF] Discovered 0 plugins:

2026-04-18 14:59:59.807 +06:00 [INF] Connecting to 127.0.0.1:5400...
2026-04-18 14:59:59.830 +06:00 [INF] Connected [77d8b88a-7239-47b2-bc8b-61ecc63dea45].
2026-04-18 14:59:59.841 +06:00 [INF] Connection approved [77d8b88a-7239-47b2-bc8b-61ecc63dea45].
2026-04-18 14:59:59.946 +06:00 [INF] Updated PermissionSet 'default'
2026-04-18 15:00:05.459 +06:00 [INF] Updated PermissionSet 'admin'
2026-04-18 15:00:05.459 +06:00 [INF] Updating active permission set to 'admin'
2026-04-18 15:00:05.586 +06:00 [WRN] Unable to add '_buttonLogout' to the JSON of MainMenu.SelectCharacterWindow._innerPanel._buttonsPanel because a sibling shares the same name
2026-04-18 15:00:06.331 +06:00 [WRN] 'Me' is null.
2026-04-18 15:00:06.914 +06:00 [INF] Built VBO for map 411179b7-b772-42ef-bf66-03b7e4d7dca8 'test 5' in 12.5993ms
2026-04-18 15:00:06.926 +06:00 [INF] Built VBO for map 23630ac6-4461-460d-8a3b-9a0d4477096f 'test 8' in 7.8332ms
2026-04-18 15:00:06.951 +06:00 [ERR] Exception thrown while trying to load 'resources/tilesets/pixellab-pixel-art-asset-sheet-featurin-1775656194302.png'
System.IO.FileNotFoundException: Could not find file 'F:\game code engine\Intersect_New\Intersect.Client\resources\tilesets\pixellab-pixel-art-asset-sheet-featurin-1775656194302.png'.
File name: 'F:\game code engine\Intersect_New\Intersect.Client\resources\tilesets\pixellab-pixel-art-asset-sheet-featurin-1775656194302.png'
   at Microsoft.Win32.SafeHandles.SafeFileHandle.CreateFile(String fullPath, FileMode mode, FileAccess access, FileShare share, FileOptions options)
   at Microsoft.Win32.SafeHandles.SafeFileHandle.Open(String fullPath, FileMode mode, FileAccess access, FileShare share, FileOptions options, Int64 preallocationSize, Nullable`1 unixCreateMode)
   at System.IO.Strategies.OSFileStreamStrategy..ctor(String path, FileMode mode, FileAccess access, FileShare share, FileOptions options, Int64 preallocationSize, Nullable`1 unixCreateMode)
   at System.IO.Strategies.FileStreamHelpers.ChooseStrategyCore(String path, FileMode mode, FileAccess access, FileShare share, FileOptions options, Int64 preallocationSize, Nullable`1 unixCreateMode)
   at System.IO.File.OpenRead(String path)
   at Intersect.Client.Framework.Graphics.GameRenderer.<>c__DisplayClass145_0.<LoadTexture>b__0() in F:\game code engine\Intersect_New\Intersect.Client.Framework\Graphics\GameRenderer.cs:line 648
   at Intersect.Client.Framework.Graphics.GameTexture`2.LoadPlatformTexture(Boolean force) in F:\game code engine\Intersect_New\Intersect.Client.Framework\Graphics\GameTexture.cs:line 279
2026-04-18 15:00:06.969 +06:00 [ERR] Exception thrown while trying to load 'resources/tilesets/xtnn74w7jhrmw0cxdt1vtnm4bw_preview_0-ezremove (2).png'
System.IO.FileNotFoundException: Could not find file 'F:\game code engine\Intersect_New\Intersect.Client\resources\tilesets\xtnn74w7jhrmw0cxdt1vtnm4bw_preview_0-ezremove (2).png'.
File name: 'F:\game code engine\Intersect_New\Intersect.Client\resources\tilesets\xtnn74w7jhrmw0cxdt1vtnm4bw_preview_0-ezremove (2).png'
   at Microsoft.Win32.SafeHandles.SafeFileHandle.CreateFile(String fullPath, FileMode mode, FileAccess access, FileShare share, FileOptions options)
   at Microsoft.Win32.SafeHandles.SafeFileHandle.Open(String fullPath, FileMode mode, FileAccess access, FileShare share, FileOptions options, Int64 preallocationSize, Nullable`1 unixCreateMode)
   at System.IO.Strategies.OSFileStreamStrategy..ctor(String path, FileMode mode, FileAccess access, FileShare share, FileOptions options, Int64 preallocationSize, Nullable`1 unixCreateMode)
   at System.IO.Strategies.FileStreamHelpers.ChooseStrategyCore(String path, FileMode mode, FileAccess access, FileShare share, FileOptions options, Int64 preallocationSize, Nullable`1 unixCreateMode)
   at System.IO.File.OpenRead(String path)
   at Intersect.Client.Framework.Graphics.GameRenderer.<>c__DisplayClass145_0.<LoadTexture>b__0() in F:\game code engine\Intersect_New\Intersect.Client.Framework\Graphics\GameRenderer.cs:line 648
   at Intersect.Client.Framework.Graphics.GameTexture`2.LoadPlatformTexture(Boolean force) in F:\game code engine\Intersect_New\Intersect.Client.Framework\Graphics\GameTexture.cs:line 279
2026-04-18 15:00:06.971 +06:00 [INF] Built VBO for map 73ba8458-f8de-4f78-a254-c91b18418ed0 'forest' in 44.0199ms
2026-04-18 15:00:15.300 +06:00 [INF] Built VBO for map 27c6a7b2-4e9f-4316-9a0f-e13ec8e16ba2 'New Map' in 8.8426ms
2026-04-18 15:01:50.481 +06:00 [INF] Built VBO for map 850ddb26-5568-4376-b8e0-346c04cb81ef 'forest' in 23.8929ms
2026-04-18 15:05:54.155 +06:00 [INF] Built VBO for map 411179b7-b772-42ef-bf66-03b7e4d7dca8 'test 5' in 1.6706ms
2026-04-18 15:07:34.464 +06:00 [INF] Built VBO for map 23630ac6-4461-460d-8a3b-9a0d4477096f 'test 8' in 3.1584ms
2026-04-18 15:08:15.493 +06:00 [INF] Built VBO for map 23630ac6-4461-460d-8a3b-9a0d4477096f 'test 8' in 3.375ms
2026-04-18 15:08:50.293 +06:00 [INF] System window closing (due to user interaction most likely).
2026-04-18 15:08:50.296 +06:00 [INF] Disconnected [77d8b88a-7239-47b2-bc8b-61ecc63dea45].
2026-04-18 15:08:50.297 +06:00 [INF] Updating active permission set to 'default'
2026-04-18 15:08:50.386 +06:00 [INF] Acquiring context lock... (0ms)
2026-04-18 15:08:50.387 +06:00 [INF] Acquired. (0ms)
2026-04-18 15:08:50.387 +06:00 [INF] Beginning context dispose. (0ms)
2026-04-18 15:08:50.387 +06:00 [INF] GC.SuppressFinalize (0ms)
2026-04-18 15:08:50.387 +06:00 [INF] InternalDispose() completed. (0ms)
2026-04-18 15:08:50.388 +06:00 [INF] Clearing instance... (1ms)
2026-04-18 15:08:50.388 +06:00 [INF] Releasing context lock... (1ms)
2026-04-18 15:08:50.388 +06:00 [INF] Released. (1ms)
