2026-05-18 12:01:49.491 +02:00 [INF] Starting Intersect Client v0.8.0.0-custom+32d39132dace1351f63375b261f241297dd35be8-dirty
2026-05-18 12:01:49.695 +02:00 [INF] Discovered service type: Intersect.Plugins.PluginService
2026-05-18 12:01:49.698 +02:00 [WRN] Directory was specified as a plugin directory but does not exist: 'resources\plugins'
2026-05-18 12:01:49.698 +02:00 [INF] Discovered 0 plugins:

2026-05-18 12:01:51.620 +02:00 [INF] Connecting to 127.0.0.1:5400...
2026-05-18 12:01:51.642 +02:00 [INF] Connected [bd614ce0-d7e4-4501-8f8f-7f098ee8fb2a].
2026-05-18 12:01:51.656 +02:00 [INF] Connection approved [bd614ce0-d7e4-4501-8f8f-7f098ee8fb2a].
2026-05-18 12:01:51.744 +02:00 [INF] Updated PermissionSet 'default'
2026-05-18 12:01:56.259 +02:00 [INF] Updated PermissionSet 'admin'
2026-05-18 12:01:56.260 +02:00 [INF] Updating active permission set to 'admin'
2026-05-18 12:01:56.717 +02:00 [WRN] 'Me' is null.
2026-05-18 12:01:57.494 +02:00 [INF] Built VBO for map a31f210c-f5fb-48bf-9db2-45fab2293a4c 'Forest' in 35.5819ms
2026-05-18 12:01:57.596 +02:00 [INF] Built VBO for map 27c6a7b2-4e9f-4316-9a0f-e13ec8e16ba2 'Forest' in 56.4786ms
2026-05-18 12:06:55.193 +02:00 [INF] Built VBO for map 27c6a7b2-4e9f-4316-9a0f-e13ec8e16ba2 'Forest' in 6.2179ms
2026-05-18 12:07:22.807 +02:00 [INF] System window closing (due to user interaction most likely).
2026-05-18 12:07:22.810 +02:00 [INF] Disconnected [bd614ce0-d7e4-4501-8f8f-7f098ee8fb2a].
2026-05-18 12:07:22.811 +02:00 [INF] Updating active permission set to 'default'
2026-05-18 12:07:22.841 +02:00 [INF] Acquiring context lock... (0ms)
2026-05-18 12:07:22.842 +02:00 [INF] Acquired. (0ms)
2026-05-18 12:07:22.842 +02:00 [INF] Beginning context dispose. (0ms)
2026-05-18 12:07:22.843 +02:00 [INF] GC.SuppressFinalize (0ms)
2026-05-18 12:07:22.843 +02:00 [INF] InternalDispose() completed. (0ms)
2026-05-18 12:07:22.843 +02:00 [INF] Clearing instance... (1ms)
2026-05-18 12:07:22.843 +02:00 [INF] Releasing context lock... (1ms)
2026-05-18 12:07:22.843 +02:00 [INF] Released. (1ms)
