2026-06-04 15:10:29.534 +02:00 [INF] Starting Intersect Client v0.8.0.0-custom+32d39132dace1351f63375b261f241297dd35be8-dirty
2026-06-04 15:10:29.747 +02:00 [INF] Discovered service type: Intersect.Plugins.PluginService
2026-06-04 15:10:29.750 +02:00 [WRN] Directory was specified as a plugin directory but does not exist: 'resources\plugins'
2026-06-04 15:10:29.751 +02:00 [INF] Discovered 0 plugins:

2026-06-04 15:10:31.659 +02:00 [INF] Connecting to 127.0.0.1:5400...
2026-06-04 15:10:31.669 +02:00 [INF] Connected [523be560-5d3c-4620-b04b-fffd5093f19c].
2026-06-04 15:10:31.681 +02:00 [INF] Connection approved [523be560-5d3c-4620-b04b-fffd5093f19c].
2026-06-04 15:10:31.761 +02:00 [INF] Updated PermissionSet 'default'
2026-06-04 15:10:31.761 +02:00 [INF] Updated PermissionSet 'admin'
2026-06-04 15:10:41.013 +02:00 [INF] Updating active permission set to 'admin'
2026-06-04 15:10:41.683 +02:00 [WRN] 'Me' is null.
2026-06-04 15:10:42.383 +02:00 [ERR] Exception thrown while trying to load 'resources/tilesets/water_shore_marker.png'
System.IO.FileNotFoundException: Could not find file 'F:\game code engine\Intersect_New\Intersect.Client\resources\tilesets\water_shore_marker.png'.
File name: 'F:\game code engine\Intersect_New\Intersect.Client\resources\tilesets\water_shore_marker.png'
   at Microsoft.Win32.SafeHandles.SafeFileHandle.CreateFile(String fullPath, FileMode mode, FileAccess access, FileShare share, FileOptions options)
   at Microsoft.Win32.SafeHandles.SafeFileHandle.Open(String fullPath, FileMode mode, FileAccess access, FileShare share, FileOptions options, Int64 preallocationSize, Nullable`1 unixCreateMode)
   at System.IO.Strategies.OSFileStreamStrategy..ctor(String path, FileMode mode, FileAccess access, FileShare share, FileOptions options, Int64 preallocationSize, Nullable`1 unixCreateMode)
   at System.IO.Strategies.FileStreamHelpers.ChooseStrategyCore(String path, FileMode mode, FileAccess access, FileShare share, FileOptions options, Int64 preallocationSize, Nullable`1 unixCreateMode)
   at System.IO.File.OpenRead(String path)
   at Intersect.Client.Framework.Graphics.GameRenderer.<>c__DisplayClass176_0.<LoadTexture>b__0() in F:\game code engine\Intersect_New\Intersect.Client.Framework\Graphics\GameRenderer.cs:line 921
   at Intersect.Client.Framework.Graphics.GameTexture`2.LoadPlatformTexture(Boolean force) in F:\game code engine\Intersect_New\Intersect.Client.Framework\Graphics\GameTexture.cs:line 279
2026-06-04 15:10:42.510 +02:00 [INF] Built VBO for map 15601ad4-9f26-4abe-a6c9-3a7eebaa3045 'Forest' in 21.6424ms
2026-06-04 15:10:42.570 +02:00 [INF] Built VBO for map 27c6a7b2-4e9f-4316-9a0f-e13ec8e16ba2 'Forest' in 48.9963ms
2026-06-04 15:10:42.632 +02:00 [INF] Built VBO for map e341d25d-5ff4-4cd6-bcd5-2f2cda710c86 'Forest' in 8.2592ms
2026-06-04 15:11:12.290 +02:00 [INF] Built VBO for map 27c6a7b2-4e9f-4316-9a0f-e13ec8e16ba2 'Forest' in 35.1838ms
2026-06-04 15:11:12.307 +02:00 [INF] Built VBO for map e341d25d-5ff4-4cd6-bcd5-2f2cda710c86 'Forest' in 4.1005ms
2026-06-04 15:14:25.535 +02:00 [INF] Built VBO for map 27c6a7b2-4e9f-4316-9a0f-e13ec8e16ba2 'Forest' in 15.6092ms
2026-06-04 15:14:25.552 +02:00 [INF] Built VBO for map e341d25d-5ff4-4cd6-bcd5-2f2cda710c86 'Forest' in 4.3314ms
2026-06-04 15:19:35.908 +02:00 [INF] System window closing (due to user interaction most likely).
2026-06-04 15:19:35.911 +02:00 [INF] Disconnected [523be560-5d3c-4620-b04b-fffd5093f19c].
2026-06-04 15:19:35.911 +02:00 [INF] Updating active permission set to 'default'
2026-06-04 15:19:35.951 +02:00 [INF] Acquiring context lock... (0ms)
2026-06-04 15:19:35.951 +02:00 [INF] Acquired. (0ms)
2026-06-04 15:19:35.952 +02:00 [INF] Beginning context dispose. (0ms)
2026-06-04 15:19:35.952 +02:00 [INF] GC.SuppressFinalize (0ms)
2026-06-04 15:19:35.952 +02:00 [INF] InternalDispose() completed. (0ms)
2026-06-04 15:19:35.952 +02:00 [INF] Clearing instance... (1ms)
2026-06-04 15:19:35.952 +02:00 [INF] Releasing context lock... (1ms)
2026-06-04 15:19:35.952 +02:00 [INF] Released. (1ms)
