2026-04-06 05:37:18.901 +06:00 [INF] Starting Intersect Client v0.8.0.0-custom+32d39132dace1351f63375b261f241297dd35be8-dirty
2026-04-06 05:37:19.235 +06:00 [INF] Discovered service type: Intersect.Plugins.PluginService
2026-04-06 05:37:19.238 +06:00 [WRN] Directory was specified as a plugin directory but does not exist: 'resources\plugins'
2026-04-06 05:37:19.239 +06:00 [INF] Discovered 0 plugins:

2026-04-06 05:37:24.136 +06:00 [INF] Connecting to 127.0.0.1:5400...
2026-04-06 05:37:24.154 +06:00 [INF] Connected [39bce985-7b3c-43d7-9ee1-8206574c67e0].
2026-04-06 05:37:24.167 +06:00 [INF] Connection approved [39bce985-7b3c-43d7-9ee1-8206574c67e0].
2026-04-06 05:37:24.258 +06:00 [INF] Updated PermissionSet 'default'
2026-04-06 05:37:32.468 +06:00 [INF] Updated PermissionSet 'admin'
2026-04-06 05:37:32.468 +06:00 [INF] Updating active permission set to 'admin'
2026-04-06 05:37:32.563 +06:00 [WRN] Unable to add '_buttonLogout' to the JSON of MainMenu.SelectCharacterWindow._innerPanel._buttonsPanel because a sibling shares the same name
2026-04-06 05:37:43.907 +06:00 [WRN] 'Me' is null.
2026-04-06 05:37:44.452 +06:00 [INF] Built VBO for map 73ba8458-f8de-4f78-a254-c91b18418ed0 'b' in 16.1704ms
2026-04-06 05:37:44.465 +06:00 [INF] Built VBO for map 27c6a7b2-4e9f-4316-9a0f-e13ec8e16ba2 'New Map' in 7.746ms
2026-04-06 05:38:50.927 +06:00 [INF] Music volume set to 10 from InGame..SettingsWindow._innerPanel._tabs._innerPanel._audioSettingsTab._scrollPanel._musicSlider._slider
2026-04-06 05:38:50.927 +06:00 [INF] Sound volume set to 15 from InGame..SettingsWindow._innerPanel._tabs._innerPanel._audioSettingsTab._scrollPanel._soundEffectsSlider._slider
2026-04-06 05:40:02.519 +06:00 [INF] System window closing (due to user interaction most likely).
2026-04-06 05:40:02.523 +06:00 [INF] Disconnected [39bce985-7b3c-43d7-9ee1-8206574c67e0].
2026-04-06 05:40:02.523 +06:00 [INF] Updating active permission set to 'default'
2026-04-06 05:40:02.616 +06:00 [INF] Acquiring context lock... (0ms)
2026-04-06 05:40:02.616 +06:00 [INF] Acquired. (0ms)
2026-04-06 05:40:02.617 +06:00 [INF] Beginning context dispose. (0ms)
2026-04-06 05:40:02.617 +06:00 [INF] GC.SuppressFinalize (0ms)
2026-04-06 05:40:02.618 +06:00 [INF] InternalDispose() completed. (0ms)
2026-04-06 05:40:02.618 +06:00 [INF] Clearing instance... (1ms)
2026-04-06 05:40:02.618 +06:00 [INF] Releasing context lock... (1ms)
2026-04-06 05:40:02.618 +06:00 [INF] Released. (1ms)
