2026-04-15 05:16:28.427 +06:00 [INF] Starting Intersect Client v0.8.0.0-custom+32d39132dace1351f63375b261f241297dd35be8-dirty
2026-04-15 05:16:28.816 +06:00 [INF] Discovered service type: Intersect.Plugins.PluginService
2026-04-15 05:16:28.824 +06:00 [WRN] Directory was specified as a plugin directory but does not exist: 'resources\plugins'
2026-04-15 05:16:28.825 +06:00 [INF] Discovered 0 plugins:

2026-04-15 05:16:31.129 +06:00 [INF] Connecting to 127.0.0.1:5400...
2026-04-15 05:16:31.149 +06:00 [INF] Connected [120208ed-cc75-4a55-8617-bcd1c0bad60c].
2026-04-15 05:16:31.163 +06:00 [INF] Connection approved [120208ed-cc75-4a55-8617-bcd1c0bad60c].
2026-04-15 05:16:31.245 +06:00 [INF] Updated PermissionSet 'default'
2026-04-15 05:16:35.988 +06:00 [INF] Updated PermissionSet 'admin'
2026-04-15 05:16:35.988 +06:00 [INF] Updating active permission set to 'admin'
2026-04-15 05:16:36.114 +06:00 [WRN] Unable to add '_buttonLogout' to the JSON of MainMenu.SelectCharacterWindow._innerPanel._buttonsPanel because a sibling shares the same name
2026-04-15 05:16:37.495 +06:00 [WRN] 'Me' is null.
2026-04-15 05:16:38.040 +06:00 [INF] Built VBO for map 23630ac6-4461-460d-8a3b-9a0d4477096f 'test 8' in 17.8287ms
2026-04-15 05:16:38.088 +06:00 [INF] Built VBO for map 73ba8458-f8de-4f78-a254-c91b18418ed0 'test 3' in 43.1941ms
2026-04-15 05:16:38.093 +06:00 [INF] Built VBO for map 27c6a7b2-4e9f-4316-9a0f-e13ec8e16ba2 'New Map' in 3.6672ms
2026-04-15 05:17:09.702 +06:00 [INF] Built VBO for map 73ba8458-f8de-4f78-a254-c91b18418ed0 'test 3' in 2.891ms
2026-04-15 05:20:00.774 +06:00 [INF] System window closing (due to user interaction most likely).
2026-04-15 05:20:00.777 +06:00 [INF] Disconnected [120208ed-cc75-4a55-8617-bcd1c0bad60c].
2026-04-15 05:20:00.778 +06:00 [INF] Updating active permission set to 'default'
2026-04-15 05:20:00.894 +06:00 [INF] Acquiring context lock... (0ms)
2026-04-15 05:20:00.895 +06:00 [INF] Acquired. (0ms)
2026-04-15 05:20:00.895 +06:00 [INF] Beginning context dispose. (0ms)
2026-04-15 05:20:00.895 +06:00 [INF] GC.SuppressFinalize (0ms)
2026-04-15 05:20:00.895 +06:00 [INF] InternalDispose() completed. (0ms)
2026-04-15 05:20:00.896 +06:00 [INF] Clearing instance... (1ms)
2026-04-15 05:20:00.896 +06:00 [INF] Releasing context lock... (1ms)
2026-04-15 05:20:00.896 +06:00 [INF] Released. (1ms)
