2026-05-25 21:22:59.003 +02:00 [INF] Starting Intersect Client v0.8.0.0-custom+32d39132dace1351f63375b261f241297dd35be8-dirty
2026-05-25 21:22:59.218 +02:00 [INF] Discovered service type: Intersect.Plugins.PluginService
2026-05-25 21:22:59.222 +02:00 [WRN] Directory was specified as a plugin directory but does not exist: 'resources\plugins'
2026-05-25 21:22:59.223 +02:00 [INF] Discovered 0 plugins:

2026-05-25 21:23:04.831 +02:00 [INF] Connecting to 127.0.0.1:5400...
2026-05-25 21:23:04.854 +02:00 [INF] Connected [a39c0368-9850-4474-8c99-a7000ad0a38a].
2026-05-25 21:23:04.873 +02:00 [INF] Connection approved [a39c0368-9850-4474-8c99-a7000ad0a38a].
2026-05-25 21:23:04.965 +02:00 [INF] Updated PermissionSet 'default'
2026-05-25 21:23:09.732 +02:00 [INF] Updated PermissionSet 'admin'
2026-05-25 21:23:09.733 +02:00 [INF] Updating active permission set to 'admin'
2026-05-25 21:23:10.307 +02:00 [WRN] 'Me' is null.
2026-05-25 21:23:10.743 +02:00 [INF] Map "d5c08240-0436-454a-8993-362abf5bc477" 'New Map' loaded with 1 window light zone(s)
2026-05-25 21:23:10.911 +02:00 [INF] BuildWindowLightBeams() map "d5c08240-0436-454a-8993-362abf5bc477": WindowLightZones=1
2026-05-25 21:23:10.916 +02:00 [INF] BuildWindowLightBeams() map "d5c08240-0436-454a-8993-362abf5bc477": created 1 beam(s) from 1 zone(s)
2026-05-25 21:23:10.916 +02:00 [INF] Built VBO for map d5c08240-0436-454a-8993-362abf5bc477 'New Map' in 17.4408ms
2026-05-25 21:23:10.941 +02:00 [WRN] Map "d5c08240-0436-454a-8993-362abf5bc477": window light drew 0/1 beams (skipped opacity=1, mask=0, shaderDraw=0). Check Time=Always if testing at night.
2026-05-25 21:28:07.726 +02:00 [INF] System window closing (due to user interaction most likely).
2026-05-25 21:28:07.729 +02:00 [INF] Disconnected [a39c0368-9850-4474-8c99-a7000ad0a38a].
2026-05-25 21:28:07.730 +02:00 [INF] Updating active permission set to 'default'
2026-05-25 21:28:07.765 +02:00 [INF] Acquiring context lock... (0ms)
2026-05-25 21:28:07.765 +02:00 [INF] Acquired. (0ms)
2026-05-25 21:28:07.765 +02:00 [INF] Beginning context dispose. (0ms)
2026-05-25 21:28:07.766 +02:00 [INF] GC.SuppressFinalize (0ms)
2026-05-25 21:28:07.766 +02:00 [INF] InternalDispose() completed. (0ms)
2026-05-25 21:28:07.766 +02:00 [INF] Clearing instance... (1ms)
2026-05-25 21:28:07.766 +02:00 [INF] Releasing context lock... (1ms)
2026-05-25 21:28:07.766 +02:00 [INF] Released. (1ms)
