2026-07-11 04:20:46.493 +02:00 [INF] Starting Intersect Client v0.8.0.0-custom+32d39132dace1351f63375b261f241297dd35be8-dirty
2026-07-11 04:20:46.781 +02:00 [INF] Discovered service type: Intersect.Plugins.PluginService
2026-07-11 04:20:46.785 +02:00 [WRN] Directory was specified as a plugin directory but does not exist: 'resources\plugins'
2026-07-11 04:20:46.786 +02:00 [INF] Discovered 0 plugins:

2026-07-11 04:21:02.043 +02:00 [INF] Connecting to 127.0.0.1:5400...
2026-07-11 04:21:02.053 +02:00 [INF] Connected [15c77c8b-a7b9-430e-81ed-89674a10cb59].
2026-07-11 04:21:02.064 +02:00 [INF] Connection approved [15c77c8b-a7b9-430e-81ed-89674a10cb59].
2026-07-11 04:21:02.156 +02:00 [INF] Updated PermissionSet 'default'
2026-07-11 04:21:02.156 +02:00 [INF] Updated PermissionSet 'admin'
2026-07-11 04:21:06.329 +02:00 [INF] Updating active permission set to 'admin'
2026-07-11 04:21:09.015 +02:00 [WRN] 'Me' is null.
2026-07-11 04:21:10.041 +02:00 [INF] Built VBO for map 15601ad4-9f26-4abe-a6c9-3a7eebaa3045 'Forest' in 34.024ms
2026-07-11 04:21:10.053 +02:00 [INF] Built VBO for map d490222a-af25-4a7f-bec3-7ca8016e08d7 'New Map' in 10.6842ms
2026-07-11 04:21:10.067 +02:00 [INF] Built VBO for map 000bacda-f0e9-4a92-ab09-e55bd4ad15c1 'New Map' in 9.4208ms
2026-07-11 04:21:10.182 +02:00 [ERR] Exception thrown while trying to load 'resources/tilesets/water_shore_marker.png'
System.IO.FileNotFoundException: Could not find file 'F:\game code engine\Intersect_New\Intersect.Client\resources\tilesets\water_shore_marker.png'.
File name: 'F:\game code engine\Intersect_New\Intersect.Client\resources\tilesets\water_shore_marker.png'
   at Microsoft.Win32.SafeHandles.SafeFileHandle.CreateFile(String fullPath, FileMode mode, FileAccess access, FileShare share, FileOptions options)
   at Microsoft.Win32.SafeHandles.SafeFileHandle.Open(String fullPath, FileMode mode, FileAccess access, FileShare share, FileOptions options, Int64 preallocationSize, Nullable`1 unixCreateMode)
   at System.IO.Strategies.OSFileStreamStrategy..ctor(String path, FileMode mode, FileAccess access, FileShare share, FileOptions options, Int64 preallocationSize, Nullable`1 unixCreateMode)
   at System.IO.File.OpenRead(String path)
   at Intersect.Client.Framework.Graphics.GameRenderer.<>c__DisplayClass183_0.<LoadTexture>b__0() in F:\game code engine\Intersect_New\Intersect.Client.Framework\Graphics\GameRenderer.cs:line 1037
   at Intersect.Client.Framework.Graphics.GameTexture`2.LoadPlatformTexture(Boolean force) in F:\game code engine\Intersect_New\Intersect.Client.Framework\Graphics\GameTexture.cs:line 279
2026-07-11 04:21:10.183 +02:00 [INF] Built VBO for map 27c6a7b2-4e9f-4316-9a0f-e13ec8e16ba2 'Forest' in 115.4083ms
2026-07-11 04:21:10.217 +02:00 [INF] Built VBO for map e341d25d-5ff4-4cd6-bcd5-2f2cda710c86 'Greenfall Vale' in 32.7976ms
2026-07-11 04:21:10.227 +02:00 [INF] Built VBO for map f519d3ea-b6f4-4b17-b87a-1dcf003cd3ec 'New Map' in 9.2461ms
2026-07-11 04:22:00.648 +02:00 [INF] Built VBO for map e341d25d-5ff4-4cd6-bcd5-2f2cda710c86 'Greenfall Vale' in 8.832ms
2026-07-11 04:22:00.966 +02:00 [INF] Built VBO for map 15601ad4-9f26-4abe-a6c9-3a7eebaa3045 'Forest' in 8.5944ms
2026-07-11 04:22:01.478 +02:00 [INF] Built VBO for map d490222a-af25-4a7f-bec3-7ca8016e08d7 'New Map' in 8.2844ms
2026-07-11 04:22:02.018 +02:00 [INF] Built VBO for map 27c6a7b2-4e9f-4316-9a0f-e13ec8e16ba2 'Forest' in 46.9831ms
2026-07-11 04:22:34.061 +02:00 [INF] Built VBO for map 27c6a7b2-4e9f-4316-9a0f-e13ec8e16ba2 'Forest' in 19.0899ms
2026-07-11 04:22:34.320 +02:00 [INF] Built VBO for map 9802b09c-f592-4d93-8e11-d3424500716c 'Deep Forest' in 8.8023ms
2026-07-11 04:22:34.834 +02:00 [INF] Built VBO for map 15601ad4-9f26-4abe-a6c9-3a7eebaa3045 'Forest' in 9.9234ms
2026-07-11 04:22:35.388 +02:00 [INF] Built VBO for map a31f210c-f5fb-48bf-9db2-45fab2293a4c 'Forest' in 48.5652ms
2026-07-11 04:28:39.807 +02:00 [INF] System window closing (due to user interaction most likely).
2026-07-11 04:28:39.811 +02:00 [INF] Disconnected [15c77c8b-a7b9-430e-81ed-89674a10cb59].
2026-07-11 04:28:39.812 +02:00 [INF] Updating active permission set to 'default'
2026-07-11 04:28:39.854 +02:00 [INF] Acquiring context lock... (0ms)
2026-07-11 04:28:39.854 +02:00 [INF] Acquired. (0ms)
2026-07-11 04:28:39.855 +02:00 [INF] Beginning context dispose. (0ms)
2026-07-11 04:28:39.855 +02:00 [INF] GC.SuppressFinalize (0ms)
2026-07-11 04:28:39.855 +02:00 [INF] InternalDispose() completed. (0ms)
2026-07-11 04:28:39.856 +02:00 [INF] Clearing instance... (1ms)
2026-07-11 04:28:39.856 +02:00 [INF] Releasing context lock... (1ms)
2026-07-11 04:28:39.856 +02:00 [INF] Released. (1ms)
