2026-04-25 19:14:38.817 +06:00 [INF] Starting Intersect Client v0.8.0.0-custom+32d39132dace1351f63375b261f241297dd35be8-dirty
2026-04-25 19:14:39.027 +06:00 [INF] Discovered service type: Intersect.Plugins.PluginService
2026-04-25 19:14:39.031 +06:00 [WRN] Directory was specified as a plugin directory but does not exist: 'resources\plugins'
2026-04-25 19:14:39.032 +06:00 [INF] Discovered 0 plugins:

2026-04-25 19:14:41.322 +06:00 [INF] Connecting to 127.0.0.1:5400...
2026-04-25 19:14:41.332 +06:00 [INF] Connected [321a6bef-ca30-4909-bbf7-6cec9bfedf2b].
2026-04-25 19:14:41.342 +06:00 [INF] Connection approved [321a6bef-ca30-4909-bbf7-6cec9bfedf2b].
2026-04-25 19:14:41.430 +06:00 [INF] Updated PermissionSet 'default'
2026-04-25 19:14:41.430 +06:00 [INF] Updated PermissionSet 'admin'
2026-04-25 19:14:46.428 +06:00 [INF] Updating active permission set to 'admin'
2026-04-25 19:14:46.486 +06:00 [WRN] Unable to add '_buttonLogout' to the JSON of MainMenu.SelectCharacterWindow._innerPanel._buttonsPanel because a sibling shares the same name
2026-04-25 19:14:49.286 +06:00 [WRN] 'Me' is null.
2026-04-25 19:14:49.999 +06:00 [INF] Built VBO for map 27c6a7b2-4e9f-4316-9a0f-e13ec8e16ba2 'Forest' in 42.7085ms
2026-04-25 19:14:50.008 +06:00 [INF] Built VBO for map c15f8299-8999-471f-9760-388ff4cdec7c 'Forest' in 4.1753ms
2026-04-25 19:16:46.105 +06:00 [INF] System window closing (due to user interaction most likely).
2026-04-25 19:16:46.108 +06:00 [INF] Disconnected [321a6bef-ca30-4909-bbf7-6cec9bfedf2b].
2026-04-25 19:16:46.109 +06:00 [INF] Updating active permission set to 'default'
2026-04-25 19:16:46.131 +06:00 [INF] Acquiring context lock... (0ms)
2026-04-25 19:16:46.131 +06:00 [INF] Acquired. (0ms)
2026-04-25 19:16:46.131 +06:00 [INF] Beginning context dispose. (0ms)
2026-04-25 19:16:46.132 +06:00 [INF] GC.SuppressFinalize (0ms)
2026-04-25 19:16:46.132 +06:00 [INF] InternalDispose() completed. (0ms)
2026-04-25 19:16:46.132 +06:00 [INF] Clearing instance... (1ms)
2026-04-25 19:16:46.132 +06:00 [INF] Releasing context lock... (1ms)
2026-04-25 19:16:46.132 +06:00 [INF] Released. (1ms)
