2026-04-26 16:18:00.215 +06:00 [INF] Starting Intersect Client v0.8.0.0-custom+32d39132dace1351f63375b261f241297dd35be8-dirty
2026-04-26 16:18:00.431 +06:00 [INF] Discovered service type: Intersect.Plugins.PluginService
2026-04-26 16:18:00.435 +06:00 [WRN] Directory was specified as a plugin directory but does not exist: 'resources\plugins'
2026-04-26 16:18:00.436 +06:00 [INF] Discovered 0 plugins:

2026-04-26 16:18:03.082 +06:00 [INF] Connecting to 127.0.0.1:5400...
2026-04-26 16:18:03.106 +06:00 [INF] Connected [bb0327bb-99bc-4d55-b8d0-6af663d79abc].
2026-04-26 16:18:03.119 +06:00 [INF] Connection approved [bb0327bb-99bc-4d55-b8d0-6af663d79abc].
2026-04-26 16:18:03.203 +06:00 [INF] Updated PermissionSet 'default'
2026-04-26 16:18:08.035 +06:00 [INF] Updated PermissionSet 'admin'
2026-04-26 16:18:08.035 +06:00 [INF] Updating active permission set to 'admin'
2026-04-26 16:18:08.189 +06:00 [WRN] Unable to add '_buttonLogout' to the JSON of MainMenu.SelectCharacterWindow._innerPanel._buttonsPanel because a sibling shares the same name
2026-04-26 16:18:08.827 +06:00 [WRN] 'Me' is null.
2026-04-26 16:18:09.387 +06:00 [INF] Built VBO for map 27c6a7b2-4e9f-4316-9a0f-e13ec8e16ba2 'Forest' in 10.1348ms
2026-04-26 16:18:09.403 +06:00 [INF] Built VBO for map c15f8299-8999-471f-9760-388ff4cdec7c 'Forest' in 11.5515ms
2026-04-26 16:19:17.921 +06:00 [INF] System window closing (due to user interaction most likely).
2026-04-26 16:19:17.924 +06:00 [INF] Disconnected [bb0327bb-99bc-4d55-b8d0-6af663d79abc].
2026-04-26 16:19:17.924 +06:00 [INF] Updating active permission set to 'default'
2026-04-26 16:19:17.961 +06:00 [INF] Acquiring context lock... (0ms)
2026-04-26 16:19:17.961 +06:00 [INF] Acquired. (0ms)
2026-04-26 16:19:17.961 +06:00 [INF] Beginning context dispose. (0ms)
2026-04-26 16:19:17.962 +06:00 [INF] GC.SuppressFinalize (0ms)
2026-04-26 16:19:17.962 +06:00 [INF] InternalDispose() completed. (0ms)
2026-04-26 16:19:17.962 +06:00 [INF] Clearing instance... (1ms)
2026-04-26 16:19:17.962 +06:00 [INF] Releasing context lock... (1ms)
2026-04-26 16:19:17.962 +06:00 [INF] Released. (1ms)
