2026-05-14 01:28:29.685 +02:00 [INF] Starting Intersect Client v0.8.0.0-custom+32d39132dace1351f63375b261f241297dd35be8-dirty
2026-05-14 01:28:29.940 +02:00 [INF] Discovered service type: Intersect.Plugins.PluginService
2026-05-14 01:28:29.944 +02:00 [WRN] Directory was specified as a plugin directory but does not exist: 'resources\plugins'
2026-05-14 01:28:29.945 +02:00 [INF] Discovered 0 plugins:

2026-05-14 01:28:35.401 +02:00 [INF] Connecting to 127.0.0.1:5400...
2026-05-14 01:28:35.426 +02:00 [INF] Connected [3fb3f5d2-61df-4ff3-bb04-2ebc7f1a0bcd].
2026-05-14 01:28:35.449 +02:00 [INF] Connection approved [3fb3f5d2-61df-4ff3-bb04-2ebc7f1a0bcd].
2026-05-14 01:28:35.551 +02:00 [INF] Updated PermissionSet 'default'
2026-05-14 01:28:40.984 +02:00 [INF] Updated PermissionSet 'admin'
2026-05-14 01:28:40.984 +02:00 [INF] Updating active permission set to 'admin'
2026-05-14 01:28:42.174 +02:00 [WRN] 'Me' is null.
2026-05-14 01:28:42.918 +02:00 [INF] Built VBO for map 24cc8989-0a45-4ecb-bf58-41efcefcaeb8 'Test' in 14.0034ms
2026-05-14 01:31:29.898 +02:00 [INF] System window closing (due to user interaction most likely).
2026-05-14 01:31:29.901 +02:00 [INF] Disconnected [3fb3f5d2-61df-4ff3-bb04-2ebc7f1a0bcd].
2026-05-14 01:31:29.901 +02:00 [INF] Updating active permission set to 'default'
2026-05-14 01:31:29.945 +02:00 [INF] Acquiring context lock... (0ms)
2026-05-14 01:31:29.945 +02:00 [INF] Acquired. (0ms)
2026-05-14 01:31:29.946 +02:00 [INF] Beginning context dispose. (0ms)
2026-05-14 01:31:29.946 +02:00 [INF] GC.SuppressFinalize (0ms)
2026-05-14 01:31:29.946 +02:00 [INF] InternalDispose() completed. (0ms)
2026-05-14 01:31:29.946 +02:00 [INF] Clearing instance... (1ms)
2026-05-14 01:31:29.946 +02:00 [INF] Releasing context lock... (1ms)
2026-05-14 01:31:29.946 +02:00 [INF] Released. (1ms)
