2026-07-07 23:58:53.792 +02:00 [INF] Starting Intersect Client v0.8.0.0-custom+32d39132dace1351f63375b261f241297dd35be8-dirty
2026-07-07 23:58:54.093 +02:00 [INF] Discovered service type: Intersect.Plugins.PluginService
2026-07-07 23:58:54.096 +02:00 [WRN] Directory was specified as a plugin directory but does not exist: 'resources\plugins'
2026-07-07 23:58:54.097 +02:00 [INF] Discovered 0 plugins:

2026-07-07 23:58:56.334 +02:00 [INF] Connecting to 127.0.0.1:5400...
2026-07-07 23:58:56.342 +02:00 [INF] Connected [08a11856-9e6e-4bc1-ae1d-60f5c4dcd324].
2026-07-07 23:58:56.354 +02:00 [INF] Connection approved [08a11856-9e6e-4bc1-ae1d-60f5c4dcd324].
2026-07-07 23:58:56.458 +02:00 [INF] Updated PermissionSet 'default'
2026-07-07 23:58:56.458 +02:00 [INF] Updated PermissionSet 'admin'
2026-07-07 23:59:00.282 +02:00 [INF] Updating active permission set to 'admin'
2026-07-07 23:59:03.656 +02:00 [WRN] 'Me' is null.
2026-07-07 23:59:04.857 +02:00 [INF] Built VBO for map 15601ad4-9f26-4abe-a6c9-3a7eebaa3045 'Forest' in 35.4139ms
2026-07-07 23:59:04.868 +02:00 [INF] Built VBO for map d490222a-af25-4a7f-bec3-7ca8016e08d7 'New Map' in 10.7879ms
2026-07-07 23:59:04.881 +02:00 [INF] Built VBO for map 000bacda-f0e9-4a92-ab09-e55bd4ad15c1 'New Map' in 8.8586ms
2026-07-07 23:59:05.003 +02:00 [ERR] Exception thrown while trying to load 'resources/tilesets/water_shore_marker.png'
System.IO.FileNotFoundException: Could not find file 'F:\game code engine\Intersect_New\Intersect.Client\resources\tilesets\water_shore_marker.png'.
File name: 'F:\game code engine\Intersect_New\Intersect.Client\resources\tilesets\water_shore_marker.png'
   at Microsoft.Win32.SafeHandles.SafeFileHandle.CreateFile(String fullPath, FileMode mode, FileAccess access, FileShare share, FileOptions options)
   at Microsoft.Win32.SafeHandles.SafeFileHandle.Open(String fullPath, FileMode mode, FileAccess access, FileShare share, FileOptions options, Int64 preallocationSize, Nullable`1 unixCreateMode)
   at System.IO.Strategies.OSFileStreamStrategy..ctor(String path, FileMode mode, FileAccess access, FileShare share, FileOptions options, Int64 preallocationSize, Nullable`1 unixCreateMode)
   at System.IO.Strategies.FileStreamHelpers.ChooseStrategyCore(String path, FileMode mode, FileAccess access, FileShare share, FileOptions options, Int64 preallocationSize, Nullable`1 unixCreateMode)
   at System.IO.File.OpenRead(String path)
   at Intersect.Client.Framework.Graphics.GameRenderer.<>c__DisplayClass182_0.<LoadTexture>b__0() in F:\game code engine\Intersect_New\Intersect.Client.Framework\Graphics\GameRenderer.cs:line 1027
   at Intersect.Client.Framework.Graphics.GameTexture`2.LoadPlatformTexture(Boolean force) in F:\game code engine\Intersect_New\Intersect.Client.Framework\Graphics\GameTexture.cs:line 279
2026-07-07 23:59:05.005 +02:00 [INF] Built VBO for map 27c6a7b2-4e9f-4316-9a0f-e13ec8e16ba2 'Forest' in 123.1631ms
2026-07-07 23:59:05.033 +02:00 [INF] Built VBO for map e341d25d-5ff4-4cd6-bcd5-2f2cda710c86 'Greenfall Vale' in 24.9875ms
2026-07-07 23:59:05.043 +02:00 [INF] Built VBO for map f519d3ea-b6f4-4b17-b87a-1dcf003cd3ec 'New Map' in 8.9799ms
2026-07-07 23:59:28.940 +02:00 [INF] Built VBO for map 000bacda-f0e9-4a92-ab09-e55bd4ad15c1 'New Map' in 6.1988ms
2026-07-07 23:59:28.947 +02:00 [INF] Built VBO for map f519d3ea-b6f4-4b17-b87a-1dcf003cd3ec 'New Map' in 6.4161ms
2026-07-07 23:59:28.976 +02:00 [INF] Built VBO for map 79db075f-0b0f-4061-8f23-d301db793c61 'Beach' in 23.5661ms
2026-07-07 23:59:48.171 +02:00 [INF] Built VBO for map 000bacda-f0e9-4a92-ab09-e55bd4ad15c1 'New Map' in 6.4783ms
2026-07-07 23:59:48.177 +02:00 [INF] Built VBO for map f519d3ea-b6f4-4b17-b87a-1dcf003cd3ec 'New Map' in 6.391ms
2026-07-07 23:59:48.402 +02:00 [INF] Built VBO for map d490222a-af25-4a7f-bec3-7ca8016e08d7 'New Map' in 6.4565ms
2026-07-07 23:59:48.924 +02:00 [INF] Built VBO for map e341d25d-5ff4-4cd6-bcd5-2f2cda710c86 'Greenfall Vale' in 9.2796ms
2026-07-07 23:59:53.083 +02:00 [INF] Built VBO for map 15601ad4-9f26-4abe-a6c9-3a7eebaa3045 'Forest' in 7.288ms
2026-07-07 23:59:53.090 +02:00 [INF] Built VBO for map d490222a-af25-4a7f-bec3-7ca8016e08d7 'New Map' in 6.8669ms
2026-07-07 23:59:53.098 +02:00 [INF] Built VBO for map e341d25d-5ff4-4cd6-bcd5-2f2cda710c86 'Greenfall Vale' in 7.5281ms
2026-07-07 23:59:53.620 +02:00 [INF] Built VBO for map 27c6a7b2-4e9f-4316-9a0f-e13ec8e16ba2 'Forest' in 40.5617ms
2026-07-08 00:00:46.532 +02:00 [INF] Built VBO for map 15601ad4-9f26-4abe-a6c9-3a7eebaa3045 'Forest' in 7.292ms
2026-07-08 00:00:46.540 +02:00 [INF] Built VBO for map e341d25d-5ff4-4cd6-bcd5-2f2cda710c86 'Greenfall Vale' in 7.7719ms
2026-07-08 00:00:47.062 +02:00 [INF] Built VBO for map d490222a-af25-4a7f-bec3-7ca8016e08d7 'New Map' in 7.9173ms
2026-07-08 00:00:47.578 +02:00 [INF] Built VBO for map 000bacda-f0e9-4a92-ab09-e55bd4ad15c1 'New Map' in 7.1457ms
2026-07-08 00:00:48.102 +02:00 [INF] Built VBO for map 27c6a7b2-4e9f-4316-9a0f-e13ec8e16ba2 'Forest' in 17.8083ms
2026-07-08 00:00:48.615 +02:00 [INF] Built VBO for map f519d3ea-b6f4-4b17-b87a-1dcf003cd3ec 'New Map' in 6.7153ms
2026-07-08 00:01:31.244 +02:00 [INF] Built VBO for map 15601ad4-9f26-4abe-a6c9-3a7eebaa3045 'Forest' in 7.3795ms
2026-07-08 00:01:31.252 +02:00 [INF] Built VBO for map e341d25d-5ff4-4cd6-bcd5-2f2cda710c86 'Greenfall Vale' in 7.5471ms
2026-07-08 00:01:31.766 +02:00 [INF] Built VBO for map d490222a-af25-4a7f-bec3-7ca8016e08d7 'New Map' in 7.8135ms
2026-07-08 00:01:32.289 +02:00 [INF] Built VBO for map 000bacda-f0e9-4a92-ab09-e55bd4ad15c1 'New Map' in 6.3301ms
2026-07-08 00:01:32.821 +02:00 [INF] Built VBO for map 27c6a7b2-4e9f-4316-9a0f-e13ec8e16ba2 'Forest' in 17.651ms
2026-07-08 00:01:33.315 +02:00 [INF] Built VBO for map f519d3ea-b6f4-4b17-b87a-1dcf003cd3ec 'New Map' in 6.6443ms
2026-07-08 00:03:09.850 +02:00 [INF] Built VBO for map 15601ad4-9f26-4abe-a6c9-3a7eebaa3045 'Forest' in 7.176ms
2026-07-08 00:03:09.858 +02:00 [INF] Built VBO for map e341d25d-5ff4-4cd6-bcd5-2f2cda710c86 'Greenfall Vale' in 7.5982ms
2026-07-08 00:03:10.372 +02:00 [INF] Built VBO for map d490222a-af25-4a7f-bec3-7ca8016e08d7 'New Map' in 8.0189ms
2026-07-08 00:03:10.902 +02:00 [INF] Built VBO for map 000bacda-f0e9-4a92-ab09-e55bd4ad15c1 'New Map' in 10.2445ms
2026-07-08 00:03:11.422 +02:00 [INF] Built VBO for map 27c6a7b2-4e9f-4316-9a0f-e13ec8e16ba2 'Forest' in 20.8006ms
2026-07-08 00:03:11.946 +02:00 [INF] Built VBO for map f519d3ea-b6f4-4b17-b87a-1dcf003cd3ec 'New Map' in 7.9113ms
2026-07-08 00:05:31.305 +02:00 [INF] System window closing (due to user interaction most likely).
2026-07-08 00:05:31.311 +02:00 [INF] Disconnected [08a11856-9e6e-4bc1-ae1d-60f5c4dcd324].
2026-07-08 00:05:31.312 +02:00 [INF] Updating active permission set to 'default'
2026-07-08 00:05:31.368 +02:00 [INF] Acquiring context lock... (0ms)
2026-07-08 00:05:31.368 +02:00 [INF] Acquired. (0ms)
2026-07-08 00:05:31.369 +02:00 [INF] Beginning context dispose. (0ms)
2026-07-08 00:05:31.370 +02:00 [INF] GC.SuppressFinalize (0ms)
2026-07-08 00:05:31.370 +02:00 [INF] InternalDispose() completed. (0ms)
2026-07-08 00:05:31.370 +02:00 [INF] Clearing instance... (2ms)
2026-07-08 00:05:31.370 +02:00 [INF] Releasing context lock... (2ms)
2026-07-08 00:05:31.370 +02:00 [INF] Released. (2ms)
