2026-05-20 21:48:46.489 +02:00 [INF] Starting Intersect Client v0.8.0.0-custom+32d39132dace1351f63375b261f241297dd35be8-dirty
2026-05-20 21:48:46.710 +02:00 [INF] Discovered service type: Intersect.Plugins.PluginService
2026-05-20 21:48:46.714 +02:00 [WRN] Directory was specified as a plugin directory but does not exist: 'resources\plugins'
2026-05-20 21:48:46.714 +02:00 [INF] Discovered 0 plugins:

2026-05-20 21:48:51.856 +02:00 [INF] Connecting to 127.0.0.1:5400...
2026-05-20 21:48:51.877 +02:00 [INF] Connected [7940ab69-a207-482a-9e38-e6c4ca992334].
2026-05-20 21:48:51.897 +02:00 [INF] Connection approved [7940ab69-a207-482a-9e38-e6c4ca992334].
2026-05-20 21:48:51.993 +02:00 [INF] Updated PermissionSet 'default'
2026-05-20 21:48:55.793 +02:00 [INF] Updated PermissionSet 'admin'
2026-05-20 21:48:55.793 +02:00 [INF] Updating active permission set to 'admin'
2026-05-20 21:48:56.268 +02:00 [WRN] 'Me' is null.
2026-05-20 21:48:57.093 +02:00 [INF] Built VBO for map 27c6a7b2-4e9f-4316-9a0f-e13ec8e16ba2 'Forest' in 89.3245ms
2026-05-20 21:49:22.701 +02:00 [INF] Built VBO for map e341d25d-5ff4-4cd6-bcd5-2f2cda710c86 'Forest' in 7.7343ms
2026-05-20 21:49:39.814 +02:00 [INF] Built VBO for map 27c6a7b2-4e9f-4316-9a0f-e13ec8e16ba2 'Forest' in 41.9079ms
2026-05-20 21:49:39.825 +02:00 [INF] Built VBO for map e341d25d-5ff4-4cd6-bcd5-2f2cda710c86 'Forest' in 4.9721ms
2026-05-20 21:49:59.705 +02:00 [INF] Built VBO for map 27c6a7b2-4e9f-4316-9a0f-e13ec8e16ba2 'Forest' in 41.948ms
2026-05-20 21:51:56.884 +02:00 [INF] Built VBO for map 27c6a7b2-4e9f-4316-9a0f-e13ec8e16ba2 'Forest' in 41.03ms
2026-05-20 21:52:11.078 +02:00 [INF] Built VBO for map 27c6a7b2-4e9f-4316-9a0f-e13ec8e16ba2 'Forest' in 45.1298ms
2026-05-20 21:52:35.738 +02:00 [INF] Built VBO for map e341d25d-5ff4-4cd6-bcd5-2f2cda710c86 'Forest' in 3.1421ms
2026-05-20 21:55:39.986 +02:00 [INF] System window closing (due to user interaction most likely).
2026-05-20 21:55:39.989 +02:00 [INF] Disconnected [7940ab69-a207-482a-9e38-e6c4ca992334].
2026-05-20 21:55:39.990 +02:00 [INF] Updating active permission set to 'default'
2026-05-20 21:55:40.019 +02:00 [INF] Acquiring context lock... (0ms)
2026-05-20 21:55:40.019 +02:00 [INF] Acquired. (0ms)
2026-05-20 21:55:40.020 +02:00 [INF] Beginning context dispose. (0ms)
2026-05-20 21:55:40.021 +02:00 [INF] GC.SuppressFinalize (0ms)
2026-05-20 21:55:40.021 +02:00 [INF] InternalDispose() completed. (0ms)
2026-05-20 21:55:40.021 +02:00 [INF] Clearing instance... (1ms)
2026-05-20 21:55:40.021 +02:00 [INF] Releasing context lock... (1ms)
2026-05-20 21:55:40.021 +02:00 [INF] Released. (2ms)
