2026-05-14 06:10:06.428 +02:00 [INF] Starting Intersect Client v0.8.0.0-custom+32d39132dace1351f63375b261f241297dd35be8-dirty
2026-05-14 06:10:06.658 +02:00 [INF] Discovered service type: Intersect.Plugins.PluginService
2026-05-14 06:10:06.662 +02:00 [WRN] Directory was specified as a plugin directory but does not exist: 'resources\plugins'
2026-05-14 06:10:06.663 +02:00 [INF] Discovered 0 plugins:

2026-05-14 06:10:08.748 +02:00 [INF] Connecting to 127.0.0.1:5400...
2026-05-14 06:10:08.772 +02:00 [INF] Connected [55d5f45e-2c50-423f-a533-787053a9abb8].
2026-05-14 06:10:08.787 +02:00 [INF] Connection approved [55d5f45e-2c50-423f-a533-787053a9abb8].
2026-05-14 06:10:08.879 +02:00 [INF] Updated PermissionSet 'default'
2026-05-14 06:10:16.595 +02:00 [INF] Updated PermissionSet 'admin'
2026-05-14 06:10:16.596 +02:00 [INF] Updating active permission set to 'admin'
2026-05-14 06:10:23.052 +02:00 [WRN] 'Me' is null.
2026-05-14 06:10:23.787 +02:00 [INF] Built VBO for map 27c6a7b2-4e9f-4316-9a0f-e13ec8e16ba2 'Forest' in 26.496ms
2026-05-14 06:10:25.616 +02:00 [INF] Built VBO for map 27c6a7b2-4e9f-4316-9a0f-e13ec8e16ba2 'Forest' in 9.98ms
2026-05-14 06:10:49.336 +02:00 [INF] Built VBO for map 24cc8989-0a45-4ecb-bf58-41efcefcaeb8 'Test' in 4.424ms
2026-05-14 06:11:36.729 +02:00 [INF] Built VBO for map 27c6a7b2-4e9f-4316-9a0f-e13ec8e16ba2 'Forest' in 4.5091ms
2026-05-14 06:12:15.545 +02:00 [INF] Built VBO for map 24cc8989-0a45-4ecb-bf58-41efcefcaeb8 'Test' in 4.3484ms
2026-05-14 06:12:39.244 +02:00 [INF] System window closing (due to user interaction most likely).
2026-05-14 06:12:39.247 +02:00 [INF] Disconnected [55d5f45e-2c50-423f-a533-787053a9abb8].
2026-05-14 06:12:39.247 +02:00 [INF] Updating active permission set to 'default'
2026-05-14 06:12:39.280 +02:00 [INF] Acquiring context lock... (0ms)
2026-05-14 06:12:39.280 +02:00 [INF] Acquired. (0ms)
2026-05-14 06:12:39.281 +02:00 [INF] Beginning context dispose. (0ms)
2026-05-14 06:12:39.282 +02:00 [INF] GC.SuppressFinalize (0ms)
2026-05-14 06:12:39.282 +02:00 [INF] InternalDispose() completed. (0ms)
2026-05-14 06:12:39.282 +02:00 [INF] Clearing instance... (1ms)
2026-05-14 06:12:39.282 +02:00 [INF] Releasing context lock... (1ms)
2026-05-14 06:12:39.282 +02:00 [INF] Released. (1ms)
