2026-07-22 06:56:54.980 +02:00 [INF] Starting Intersect Client v0.8.0.0-custom+32d39132dace1351f63375b261f241297dd35be8-dirty
2026-07-22 06:56:55.293 +02:00 [INF] Discovered service type: Intersect.Plugins.PluginService
2026-07-22 06:56:55.296 +02:00 [WRN] Directory was specified as a plugin directory but does not exist: 'resources\plugins'
2026-07-22 06:56:55.296 +02:00 [INF] Discovered 0 plugins:

2026-07-22 06:56:55.771 +02:00 [INF] Graphics pacing configured: targetMode=-1, vsync=false, fixedStep=false, backBuffer=1760x990
2026-07-22 06:56:57.325 +02:00 [INF] Connecting to 127.0.0.1:5400...
2026-07-22 06:56:57.334 +02:00 [INF] Connected [a60a32c9-498d-4f24-be31-9cbdeee1f4a9].
2026-07-22 06:56:57.339 +02:00 [INF] Connection approved [a60a32c9-498d-4f24-be31-9cbdeee1f4a9].
2026-07-22 06:56:57.422 +02:00 [INF] Updated PermissionSet 'default'
2026-07-22 06:56:57.423 +02:00 [INF] Updated PermissionSet 'admin'
2026-07-22 06:57:01.009 +02:00 [INF] Updating active permission set to 'admin'
2026-07-22 06:57:02.909 +02:00 [WRN] 'Me' is null.
2026-07-22 06:57:03.977 +02:00 [INF] Built VBO for map 15601ad4-9f26-4abe-a6c9-3a7eebaa3045 'Forest' in 31.7325ms
2026-07-22 06:57:03.989 +02:00 [INF] Built VBO for map d490222a-af25-4a7f-bec3-7ca8016e08d7 'New Map' in 9.456ms
2026-07-22 06:57:04.006 +02:00 [INF] Built VBO for map 000bacda-f0e9-4a92-ab09-e55bd4ad15c1 'New Map' in 12.565ms
2026-07-22 06:57:04.111 +02:00 [INF] Built VBO for map 27c6a7b2-4e9f-4316-9a0f-e13ec8e16ba2 'Forest' in 101.9562ms
2026-07-22 06:57:04.153 +02:00 [INF] Built VBO for map e341d25d-5ff4-4cd6-bcd5-2f2cda710c86 'Greenfall Vale' in 36.3792ms
2026-07-22 06:57:04.164 +02:00 [INF] Built VBO for map f519d3ea-b6f4-4b17-b87a-1dcf003cd3ec 'New Map' in 9.4291ms
2026-07-22 06:57:09.398 +02:00 [INF] Client frame profile: measured=102.5fps counter=81 targetMode=-1; interval=9.76/696.65ms avg/max; update=0.30/33.93ms (1.00 calls/frame); draw=9.64/662.18ms; world=6.99/632.33ms [scene=6.56/612.98, scene-detail=[tiles=0.47ms/20.2draws (geometry=0.28ms/20.2draws, water=0.19ms/0.0draws), objects=4.27ms/35.6draws, procedural=0.00ms/0.0draws, entities=0.98ms/1.0draws, effects=0.46ms/3.4draws, weather=0.24ms/0.0draws, other=0.14ms], lighting=0.05/7.32, post=0.12/31.90, overlays=0.16/19.01, other=0.11]; gui=2.59/92.13ms [update=2.46/70.31 (minimap=1.86/46.67 [compact=1.86, fullmap=0.00/0.00], other=0.60), render=0.13/21.81, other=0.00]; finish=0.05/4.29ms; outside-update-draw=0.00ms; draws=127, maps=2, entities=20, lights=2
2026-07-22 06:57:09.748 +02:00 [INF] Built VBO for map 27c6a7b2-4e9f-4316-9a0f-e13ec8e16ba2 'Forest' in 12.1418ms
2026-07-22 06:57:10.132 +02:00 [INF] Built VBO for map 9802b09c-f592-4d93-8e11-d3424500716c 'Deep Forest' in 4.9812ms
2026-07-22 06:57:10.629 +02:00 [INF] Built VBO for map 15601ad4-9f26-4abe-a6c9-3a7eebaa3045 'Forest' in 4.462ms
2026-07-22 06:57:11.156 +02:00 [INF] Built VBO for map a31f210c-f5fb-48bf-9db2-45fab2293a4c 'Forest' in 31.7345ms
2026-07-22 06:57:14.417 +02:00 [INF] Client frame profile: measured=100.6fps counter=133 targetMode=-1; interval=9.94/203.60ms avg/max; update=0.35/85.56ms (1.00 calls/frame); draw=8.16/117.44ms; world=6.71/106.82ms [scene=6.46/106.51, scene-detail=[tiles=0.54ms/24.9draws (geometry=0.22ms/24.9draws, water=0.32ms/0.0draws), objects=5.05ms/63.9draws, procedural=0.00ms/0.0draws, entities=0.33ms/0.1draws, effects=0.08ms/2.0draws, weather=0.37ms/0.0draws, other=0.09ms], lighting=0.02/0.36, post=0.04/0.59, overlays=0.08/4.68, other=0.10]; gui=1.42/13.93ms [update=1.34/13.71 (minimap=0.98/12.98 [compact=0.98, fullmap=0.00/0.00], other=0.36), render=0.07/0.27, other=0.00]; finish=0.03/2.83ms; outside-update-draw=1.43ms; draws=102, maps=1, entities=23, lights=2
2026-07-22 06:57:19.446 +02:00 [INF] Client frame profile: measured=74.4fps counter=134 targetMode=-1; interval=13.44/47.70ms avg/max; update=0.12/4.36ms (1.00 calls/frame); draw=8.38/23.34ms; world=6.55/18.51ms [scene=6.28/18.15, scene-detail=[tiles=0.51ms/21.0draws (geometry=0.21ms/21.0draws, water=0.30ms/0.0draws), objects=4.90ms/60.0draws, procedural=0.00ms/0.0draws, entities=0.35ms/0.0draws, effects=0.09ms/2.0draws, weather=0.38ms/0.0draws, other=0.06ms], lighting=0.03/0.07, post=0.05/0.10, overlays=0.08/1.64, other=0.11]; gui=1.79/14.01ms [update=1.70/13.82 (minimap=1.31/13.18 [compact=1.31, fullmap=0.00/0.00], other=0.39), render=0.08/0.24, other=0.00]; finish=0.03/0.32ms; outside-update-draw=4.95ms; draws=102, maps=1, entities=23, lights=2
2026-07-22 06:57:24.452 +02:00 [INF] Client frame profile: measured=86.1fps counter=120 targetMode=-1; interval=11.62/41.21ms avg/max; update=0.17/12.47ms (1.00 calls/frame); draw=8.43/22.03ms; world=6.63/10.14ms [scene=6.37/9.64, scene-detail=[tiles=0.51ms/21.0draws (geometry=0.21ms/21.0draws, water=0.30ms/0.0draws), objects=4.97ms/60.0draws, procedural=0.00ms/0.0draws, entities=0.33ms/0.0draws, effects=0.10ms/2.0draws, weather=0.38ms/0.0draws, other=0.07ms], lighting=0.03/0.09, post=0.05/0.16, overlays=0.08/0.27, other=0.11]; gui=1.76/13.45ms [update=1.67/13.35 (minimap=1.24/12.92 [compact=1.24, fullmap=0.00/0.00], other=0.43), render=0.09/0.34, other=0.00]; finish=0.03/0.30ms; outside-update-draw=3.02ms; draws=102, maps=1, entities=23, lights=2
2026-07-22 06:57:29.452 +02:00 [INF] Client frame profile: measured=112.4fps counter=119 targetMode=-1; interval=8.90/190.62ms avg/max; update=0.13/11.55ms (1.00 calls/frame); draw=8.42/190.06ms; world=7.01/180.88ms [scene=6.77/180.62, scene-detail=[tiles=0.57ms/27.6draws (geometry=0.20ms/27.6draws, water=0.37ms/0.0draws), objects=5.10ms/71.1draws, procedural=0.15ms/0.0draws, entities=0.32ms/0.0draws, effects=0.07ms/2.0draws, weather=0.50ms/0.0draws, other=0.06ms], lighting=0.02/0.17, post=0.04/0.21, overlays=0.07/0.22, other=0.10]; gui=1.38/19.80ms [update=1.30/19.67 (minimap=0.96/19.17 [compact=0.96, fullmap=0.00/0.00], other=0.34), render=0.07/0.29, other=0.00]; finish=0.02/0.11ms; outside-update-draw=0.35ms; draws=137, maps=2, entities=23, lights=2
2026-07-22 06:57:34.453 +02:00 [INF] Client frame profile: measured=118.2fps counter=118 targetMode=-1; interval=8.46/21.59ms avg/max; update=0.10/12.73ms (1.00 calls/frame); draw=8.23/20.85ms; world=6.88/18.96ms [scene=6.64/18.71, scene-detail=[tiles=0.68ms/34.0draws (geometry=0.22ms/34.0draws, water=0.46ms/0.0draws), objects=4.85ms/82.0draws, procedural=0.01ms/0.0draws, entities=0.30ms/0.1draws, effects=0.08ms/1.9draws, weather=0.65ms/0.0draws, other=0.05ms], lighting=0.02/0.09, post=0.05/0.13, overlays=0.07/0.22, other=0.10]; gui=1.32/13.09ms [update=1.24/12.98 (minimap=0.84/12.44 [compact=0.84, fullmap=0.00/0.00], other=0.40), render=0.08/0.20, other=0.00]; finish=0.02/0.08ms; outside-update-draw=0.14ms; draws=137, maps=2, entities=23, lights=2
2026-07-22 06:57:39.460 +02:00 [INF] Client frame profile: measured=110.8fps counter=101 targetMode=-1; interval=9.02/24.38ms avg/max; update=0.10/3.26ms (1.00 calls/frame); draw=8.66/24.07ms; world=7.09/12.43ms [scene=6.83/11.88, scene-detail=[tiles=0.70ms/34.0draws (geometry=0.23ms/34.0draws, water=0.46ms/0.0draws), objects=4.97ms/82.0draws, procedural=0.02ms/0.0draws, entities=0.33ms/0.0draws, effects=0.09ms/2.0draws, weather=0.67ms/0.0draws, other=0.06ms], lighting=0.03/0.07, post=0.05/0.17, overlays=0.08/0.31, other=0.11]; gui=1.53/14.01ms [update=1.45/13.84 (minimap=1.02/13.19 [compact=1.02, fullmap=0.00/0.00], other=0.43), render=0.09/0.28, other=0.00]; finish=0.03/0.09ms; outside-update-draw=0.27ms; draws=137, maps=2, entities=23, lights=2
2026-07-22 06:57:44.462 +02:00 [INF] Client frame profile: measured=123.0fps counter=127 targetMode=-1; interval=8.13/21.78ms avg/max; update=0.07/0.92ms (1.00 calls/frame); draw=7.89/20.25ms; world=6.63/9.63ms [scene=6.41/9.35, scene-detail=[tiles=0.66ms/34.0draws (geometry=0.21ms/34.0draws, water=0.46ms/0.0draws), objects=4.70ms/82.0draws, procedural=0.01ms/0.0draws, entities=0.27ms/0.0draws, effects=0.08ms/2.0draws, weather=0.63ms/0.0draws, other=0.04ms], lighting=0.02/0.05, post=0.04/0.07, overlays=0.06/0.10, other=0.10]; gui=1.23/11.33ms [update=1.15/11.23 (minimap=0.83/10.79 [compact=0.83, fullmap=0.00/0.00], other=0.32), render=0.07/1.41, other=0.00]; finish=0.02/0.06ms; outside-update-draw=0.17ms; draws=137, maps=2, entities=23, lights=2
2026-07-22 06:57:49.462 +02:00 [INF] Client frame profile: measured=118.6fps counter=115 targetMode=-1; interval=8.43/26.50ms avg/max; update=0.09/2.82ms (1.00 calls/frame); draw=8.25/23.30ms; world=6.84/12.35ms [scene=6.60/12.02, scene-detail=[tiles=0.68ms/34.0draws (geometry=0.22ms/34.0draws, water=0.47ms/0.0draws), objects=4.83ms/82.0draws, procedural=0.01ms/0.0draws, entities=0.30ms/0.0draws, effects=0.08ms/2.0draws, weather=0.65ms/0.0draws, other=0.05ms], lighting=0.02/0.05, post=0.05/0.11, overlays=0.07/0.17, other=0.10]; gui=1.38/12.36ms [update=1.29/12.27 (minimap=0.90/11.76 [compact=0.90, fullmap=0.00/0.00], other=0.40), render=0.08/0.27, other=0.00]; finish=0.02/0.09ms; outside-update-draw=0.10ms; draws=137, maps=2, entities=17, lights=2
2026-07-22 06:57:54.464 +02:00 [INF] Client frame profile: measured=97.4fps counter=92 targetMode=-1; interval=10.27/44.27ms avg/max; update=0.11/4.60ms (1.00 calls/frame); draw=8.70/22.63ms; world=7.14/14.50ms [scene=6.88/13.94, scene-detail=[tiles=0.71ms/34.0draws (geometry=0.23ms/34.0draws, water=0.47ms/0.0draws), objects=4.99ms/82.0draws, procedural=0.02ms/0.0draws, entities=0.35ms/0.0draws, effects=0.09ms/2.0draws, weather=0.67ms/0.0draws, other=0.05ms], lighting=0.03/0.11, post=0.05/0.21, overlays=0.08/0.30, other=0.11]; gui=1.52/13.03ms [update=1.43/12.94 (minimap=0.99/12.43 [compact=0.99, fullmap=0.00/0.00], other=0.45), render=0.09/0.29, other=0.00]; finish=0.03/0.11ms; outside-update-draw=1.46ms; draws=137, maps=2, entities=23, lights=2
2026-07-22 06:57:59.472 +02:00 [INF] Client frame profile: measured=36.5fps counter=33 targetMode=-1; interval=27.37/40.65ms avg/max; update=0.16/0.34ms (1.00 calls/frame); draw=10.21/19.98ms; world=7.32/10.41ms [scene=7.04/9.89, scene-detail=[tiles=0.75ms/34.0draws (geometry=0.26ms/34.0draws, water=0.49ms/0.0draws), objects=5.07ms/82.0draws, procedural=0.02ms/0.0draws, entities=0.36ms/0.0draws, effects=0.10ms/2.0draws, weather=0.68ms/0.0draws, other=0.05ms], lighting=0.03/0.10, post=0.05/0.10, overlays=0.08/0.17, other=0.12]; gui=2.82/12.06ms [update=2.72/11.97 (minimap=2.26/11.51 [compact=2.26, fullmap=0.00/0.00], other=0.47), render=0.09/0.23, other=0.00]; finish=0.05/3.72ms; outside-update-draw=16.99ms; draws=137, maps=2, entities=23, lights=2
2026-07-22 06:58:02.076 +02:00 [INF] System window closing (due to user interaction most likely).
2026-07-22 06:58:02.079 +02:00 [INF] Disconnected [a60a32c9-498d-4f24-be31-9cbdeee1f4a9].
2026-07-22 06:58:02.080 +02:00 [INF] Updating active permission set to 'default'
2026-07-22 06:58:02.118 +02:00 [INF] Acquiring context lock... (0ms)
2026-07-22 06:58:02.118 +02:00 [INF] Acquired. (0ms)
2026-07-22 06:58:02.118 +02:00 [INF] Beginning context dispose. (0ms)
2026-07-22 06:58:02.119 +02:00 [INF] GC.SuppressFinalize (0ms)
2026-07-22 06:58:02.119 +02:00 [INF] InternalDispose() completed. (0ms)
2026-07-22 06:58:02.119 +02:00 [INF] Clearing instance... (1ms)
2026-07-22 06:58:02.119 +02:00 [INF] Releasing context lock... (1ms)
2026-07-22 06:58:02.119 +02:00 [INF] Released. (1ms)
