2026-04-14 08:58:17.906 +06:00 [INF] Starting Intersect Client v0.8.0.0-custom+32d39132dace1351f63375b261f241297dd35be8-dirty
2026-04-14 08:58:18.198 +06:00 [INF] Discovered service type: Intersect.Plugins.PluginService
2026-04-14 08:58:18.205 +06:00 [WRN] Directory was specified as a plugin directory but does not exist: 'resources\plugins'
2026-04-14 08:58:18.206 +06:00 [INF] Discovered 0 plugins:

2026-04-14 08:58:22.916 +06:00 [INF] Connecting to 127.0.0.1:5400...
2026-04-14 08:58:22.936 +06:00 [INF] Connected [4ea50afa-df4e-4103-a8db-3fb2a6d37a9c].
2026-04-14 08:58:22.953 +06:00 [INF] Connection approved [4ea50afa-df4e-4103-a8db-3fb2a6d37a9c].
2026-04-14 08:58:23.039 +06:00 [INF] Updated PermissionSet 'default'
2026-04-14 08:58:27.332 +06:00 [INF] Updated PermissionSet 'admin'
2026-04-14 08:58:27.332 +06:00 [INF] Updating active permission set to 'admin'
2026-04-14 08:59:59.715 +06:00 [WRN] Unable to add '_buttonLogout' to the JSON of MainMenu.SelectCharacterWindow._innerPanel._buttonsPanel because a sibling shares the same name
2026-04-14 09:00:00.729 +06:00 [INF] Disconnected [4ea50afa-df4e-4103-a8db-3fb2a6d37a9c].
2026-04-14 09:00:00.730 +06:00 [INF] Updating active permission set to 'default'
2026-04-14 09:00:03.733 +06:00 [INF] System window closing (due to user interaction most likely).
2026-04-14 09:00:03.858 +06:00 [INF] Acquiring context lock... (0ms)
2026-04-14 09:00:03.858 +06:00 [INF] Acquired. (0ms)
2026-04-14 09:00:03.858 +06:00 [INF] Beginning context dispose. (0ms)
2026-04-14 09:00:03.859 +06:00 [INF] GC.SuppressFinalize (0ms)
2026-04-14 09:00:03.859 +06:00 [INF] InternalDispose() completed. (0ms)
2026-04-14 09:00:03.859 +06:00 [INF] Clearing instance... (1ms)
2026-04-14 09:00:03.859 +06:00 [INF] Releasing context lock... (1ms)
2026-04-14 09:00:03.859 +06:00 [INF] Released. (1ms)
