2026-06-02 05:21:13.317 +02:00 [INF] Starting Intersect Client v0.8.0.0-custom+32d39132dace1351f63375b261f241297dd35be8-dirty
2026-06-02 05:21:13.524 +02:00 [INF] Discovered service type: Intersect.Plugins.PluginService
2026-06-02 05:21:13.527 +02:00 [WRN] Directory was specified as a plugin directory but does not exist: 'resources\plugins'
2026-06-02 05:21:13.528 +02:00 [INF] Discovered 0 plugins:

2026-06-02 05:21:15.500 +02:00 [INF] Connecting to 127.0.0.1:5400...
2026-06-02 05:21:15.521 +02:00 [INF] Connected [e1ed5734-1885-4140-81c3-26c177895861].
2026-06-02 05:21:15.533 +02:00 [INF] Connection approved [e1ed5734-1885-4140-81c3-26c177895861].
2026-06-02 05:21:15.620 +02:00 [INF] Updated PermissionSet 'default'
2026-06-02 05:21:20.154 +02:00 [INF] Updated PermissionSet 'admin'
2026-06-02 05:21:20.154 +02:00 [INF] Updating active permission set to 'admin'
2026-06-02 05:21:20.812 +02:00 [WRN] 'Me' is null.
2026-06-02 05:21:21.725 +02:00 [INF] Built VBO for map 27c6a7b2-4e9f-4316-9a0f-e13ec8e16ba2 'Forest' in 72.136ms
2026-06-02 05:22:31.594 +02:00 [INF] Built VBO for map e341d25d-5ff4-4cd6-bcd5-2f2cda710c86 'Forest' in 8.5297ms
2026-06-02 05:23:31.800 +02:00 [INF] Built VBO for map 27c6a7b2-4e9f-4316-9a0f-e13ec8e16ba2 'Forest' in 41.465ms
2026-06-02 05:23:43.413 +02:00 [INF] Built VBO for map 27c6a7b2-4e9f-4316-9a0f-e13ec8e16ba2 'Forest' in 42.5564ms
2026-06-02 05:26:14.377 +02:00 [INF] System window closing (due to user interaction most likely).
2026-06-02 05:26:14.380 +02:00 [INF] Disconnected [e1ed5734-1885-4140-81c3-26c177895861].
2026-06-02 05:26:14.380 +02:00 [INF] Updating active permission set to 'default'
2026-06-02 05:26:14.420 +02:00 [INF] Acquiring context lock... (0ms)
2026-06-02 05:26:14.420 +02:00 [INF] Acquired. (0ms)
2026-06-02 05:26:14.421 +02:00 [INF] Beginning context dispose. (0ms)
2026-06-02 05:26:14.421 +02:00 [INF] GC.SuppressFinalize (0ms)
2026-06-02 05:26:14.421 +02:00 [INF] InternalDispose() completed. (0ms)
2026-06-02 05:26:14.421 +02:00 [INF] Clearing instance... (1ms)
2026-06-02 05:26:14.421 +02:00 [INF] Releasing context lock... (1ms)
2026-06-02 05:26:14.421 +02:00 [INF] Released. (1ms)
