2026-05-01 01:04:02.913 +06:00 [INF] Starting Intersect Client v0.8.0.0-custom+32d39132dace1351f63375b261f241297dd35be8-dirty
2026-05-01 01:04:03.108 +06:00 [INF] Discovered service type: Intersect.Plugins.PluginService
2026-05-01 01:04:03.111 +06:00 [WRN] Directory was specified as a plugin directory but does not exist: 'resources\plugins'
2026-05-01 01:04:03.111 +06:00 [INF] Discovered 0 plugins:

2026-05-01 01:04:05.233 +06:00 [INF] Connecting to 127.0.0.1:5400...
2026-05-01 01:04:05.256 +06:00 [INF] Connected [8cebf29d-ccd9-4b9b-a7e9-ed0e1de0d62b].
2026-05-01 01:04:05.275 +06:00 [INF] Connection approved [8cebf29d-ccd9-4b9b-a7e9-ed0e1de0d62b].
2026-05-01 01:04:05.379 +06:00 [INF] Updated PermissionSet 'default'
2026-05-01 01:04:09.102 +06:00 [INF] Updated PermissionSet 'admin'
2026-05-01 01:04:09.102 +06:00 [INF] Updating active permission set to 'admin'
2026-05-01 01:04:09.799 +06:00 [WRN] 'Me' is null.
2026-05-01 01:04:10.478 +06:00 [INF] Built VBO for map 27c6a7b2-4e9f-4316-9a0f-e13ec8e16ba2 'Forest' in 12.506ms
2026-05-01 01:04:21.715 +06:00 [INF] System window closing (due to user interaction most likely).
2026-05-01 01:04:21.718 +06:00 [INF] Disconnected [8cebf29d-ccd9-4b9b-a7e9-ed0e1de0d62b].
2026-05-01 01:04:21.719 +06:00 [INF] Updating active permission set to 'default'
2026-05-01 01:04:21.750 +06:00 [INF] Acquiring context lock... (0ms)
2026-05-01 01:04:21.750 +06:00 [INF] Acquired. (0ms)
2026-05-01 01:04:21.751 +06:00 [INF] Beginning context dispose. (0ms)
2026-05-01 01:04:21.751 +06:00 [INF] GC.SuppressFinalize (0ms)
2026-05-01 01:04:21.751 +06:00 [INF] InternalDispose() completed. (0ms)
2026-05-01 01:04:21.751 +06:00 [INF] Clearing instance... (1ms)
2026-05-01 01:04:21.751 +06:00 [INF] Releasing context lock... (1ms)
2026-05-01 01:04:21.751 +06:00 [INF] Released. (1ms)
