2026-04-18 16:37:58.151 +06:00 [INF] Starting Intersect Client v0.8.0.0-custom+32d39132dace1351f63375b261f241297dd35be8-dirty
2026-04-18 16:37:58.387 +06:00 [INF] Discovered service type: Intersect.Plugins.PluginService
2026-04-18 16:37:58.390 +06:00 [WRN] Directory was specified as a plugin directory but does not exist: 'resources\plugins'
2026-04-18 16:37:58.391 +06:00 [INF] Discovered 0 plugins:

2026-04-18 16:38:00.374 +06:00 [INF] Connecting to 127.0.0.1:5400...
2026-04-18 16:38:00.396 +06:00 [INF] Connected [0073deba-3edd-4a4f-9e5e-bec4c4ca8580].
2026-04-18 16:38:00.414 +06:00 [INF] Connection approved [0073deba-3edd-4a4f-9e5e-bec4c4ca8580].
2026-04-18 16:38:00.496 +06:00 [INF] Updated PermissionSet 'default'
2026-04-18 16:38:11.305 +06:00 [WRN] Unable to add '_buttonLogout' to the JSON of MainMenu.SelectCharacterWindow._innerPanel._buttonsPanel because a sibling shares the same name
2026-04-18 16:38:11.930 +06:00 [WRN] 'Me' is null.
2026-04-18 16:38:12.434 +06:00 [INF] Built VBO for map 23630ac6-4461-460d-8a3b-9a0d4477096f 'test 8' in 16.6816ms
2026-04-18 16:38:12.461 +06:00 [ERR] Exception thrown while trying to load 'resources/tilesets/pixellab-pixel-art-asset-sheet-featurin-1775656194302.png'
System.IO.FileNotFoundException: Could not find file 'F:\game code engine\Intersect_New\Intersect.Client\resources\tilesets\pixellab-pixel-art-asset-sheet-featurin-1775656194302.png'.
File name: 'F:\game code engine\Intersect_New\Intersect.Client\resources\tilesets\pixellab-pixel-art-asset-sheet-featurin-1775656194302.png'
   at Microsoft.Win32.SafeHandles.SafeFileHandle.CreateFile(String fullPath, FileMode mode, FileAccess access, FileShare share, FileOptions options)
   at Microsoft.Win32.SafeHandles.SafeFileHandle.Open(String fullPath, FileMode mode, FileAccess access, FileShare share, FileOptions options, Int64 preallocationSize, Nullable`1 unixCreateMode)
   at System.IO.Strategies.OSFileStreamStrategy..ctor(String path, FileMode mode, FileAccess access, FileShare share, FileOptions options, Int64 preallocationSize, Nullable`1 unixCreateMode)
   at System.IO.Strategies.FileStreamHelpers.ChooseStrategyCore(String path, FileMode mode, FileAccess access, FileShare share, FileOptions options, Int64 preallocationSize, Nullable`1 unixCreateMode)
   at System.IO.File.OpenRead(String path)
   at Intersect.Client.Framework.Graphics.GameRenderer.<>c__DisplayClass145_0.<LoadTexture>b__0() in F:\game code engine\Intersect_New\Intersect.Client.Framework\Graphics\GameRenderer.cs:line 648
   at Intersect.Client.Framework.Graphics.GameTexture`2.LoadPlatformTexture(Boolean force) in F:\game code engine\Intersect_New\Intersect.Client.Framework\Graphics\GameTexture.cs:line 279
2026-04-18 16:38:12.479 +06:00 [ERR] Exception thrown while trying to load 'resources/tilesets/xtnn74w7jhrmw0cxdt1vtnm4bw_preview_0-ezremove (2).png'
System.IO.FileNotFoundException: Could not find file 'F:\game code engine\Intersect_New\Intersect.Client\resources\tilesets\xtnn74w7jhrmw0cxdt1vtnm4bw_preview_0-ezremove (2).png'.
File name: 'F:\game code engine\Intersect_New\Intersect.Client\resources\tilesets\xtnn74w7jhrmw0cxdt1vtnm4bw_preview_0-ezremove (2).png'
   at Microsoft.Win32.SafeHandles.SafeFileHandle.CreateFile(String fullPath, FileMode mode, FileAccess access, FileShare share, FileOptions options)
   at Microsoft.Win32.SafeHandles.SafeFileHandle.Open(String fullPath, FileMode mode, FileAccess access, FileShare share, FileOptions options, Int64 preallocationSize, Nullable`1 unixCreateMode)
   at System.IO.Strategies.OSFileStreamStrategy..ctor(String path, FileMode mode, FileAccess access, FileShare share, FileOptions options, Int64 preallocationSize, Nullable`1 unixCreateMode)
   at System.IO.Strategies.FileStreamHelpers.ChooseStrategyCore(String path, FileMode mode, FileAccess access, FileShare share, FileOptions options, Int64 preallocationSize, Nullable`1 unixCreateMode)
   at System.IO.File.OpenRead(String path)
   at Intersect.Client.Framework.Graphics.GameRenderer.<>c__DisplayClass145_0.<LoadTexture>b__0() in F:\game code engine\Intersect_New\Intersect.Client.Framework\Graphics\GameRenderer.cs:line 648
   at Intersect.Client.Framework.Graphics.GameTexture`2.LoadPlatformTexture(Boolean force) in F:\game code engine\Intersect_New\Intersect.Client.Framework\Graphics\GameTexture.cs:line 279
2026-04-18 16:38:12.482 +06:00 [INF] Built VBO for map 73ba8458-f8de-4f78-a254-c91b18418ed0 'forest' in 43.8095ms
2026-04-18 16:38:21.565 +06:00 [INF] Built VBO for map 27c6a7b2-4e9f-4316-9a0f-e13ec8e16ba2 'New Map' in 8.4594ms
2026-04-18 16:38:25.760 +06:00 [INF] Built VBO for map 411179b7-b772-42ef-bf66-03b7e4d7dca8 'test 5' in 2.9469ms
2026-04-18 16:38:51.423 +06:00 [WRN] 'Me' is null.
2026-04-18 16:38:51.469 +06:00 [WRN] Tried to load entity "9fe24955-5cbc-42ab-8b6a-480c73a0d714" (test12345) from packet before in-game UI was ready
2026-04-18 16:38:51.469 +06:00 [WRN] Tried to load entity "9fe24955-5cbc-42ab-8b6a-480c73a0d714" (test12345) from packet before in-game UI was ready
2026-04-18 16:38:51.826 +06:00 [INF] Built VBO for map 23630ac6-4461-460d-8a3b-9a0d4477096f 'test 8' in 3.0747ms
2026-04-18 16:38:51.829 +06:00 [INF] Built VBO for map 73ba8458-f8de-4f78-a254-c91b18418ed0 'forest' in 2.4091ms
2026-04-18 16:38:51.831 +06:00 [INF] Built VBO for map 27c6a7b2-4e9f-4316-9a0f-e13ec8e16ba2 'New Map' in 1.8413ms
2026-04-18 16:39:43.692 +06:00 [INF] Music volume set to 10 from InGame..SettingsWindow._innerPanel._tabs._innerPanel._audioSettingsTab._scrollPanel._musicSlider._slider
2026-04-18 16:39:43.693 +06:00 [INF] Sound volume set to 15 from InGame..SettingsWindow._innerPanel._tabs._innerPanel._audioSettingsTab._scrollPanel._soundEffectsSlider._slider
2026-04-18 16:39:48.149 +06:00 [INF] Disconnected [0073deba-3edd-4a4f-9e5e-bec4c4ca8580].
2026-04-18 16:39:49.334 +06:00 [INF] Connecting to 127.0.0.1:5400...
2026-04-18 16:39:49.340 +06:00 [INF] Connected [c77ccbf0-efd4-43a7-a165-cbde008ccf41].
2026-04-18 16:39:49.345 +06:00 [INF] Connection approved [c77ccbf0-efd4-43a7-a165-cbde008ccf41].
2026-04-18 16:39:49.360 +06:00 [INF] Updated PermissionSet 'default'
2026-04-18 16:39:57.339 +06:00 [INF] Updated PermissionSet 'admin'
2026-04-18 16:39:57.339 +06:00 [INF] Updating active permission set to 'admin'
2026-04-18 16:39:57.905 +06:00 [WRN] 'Me' is null.
2026-04-18 16:39:57.934 +06:00 [WRN] Tried to load entity "31d24595-6847-4bec-b802-87b05f4da3a9" (Oran) from packet before in-game UI was ready
2026-04-18 16:39:58.077 +06:00 [INF] Built VBO for map 73ba8458-f8de-4f78-a254-c91b18418ed0 'forest' in 2.6134ms
2026-04-18 16:39:58.079 +06:00 [INF] Built VBO for map 27c6a7b2-4e9f-4316-9a0f-e13ec8e16ba2 'New Map' in 1.8381ms
2026-04-18 16:40:02.251 +06:00 [INF] Music volume set to 10 from InGame..SettingsWindow._innerPanel._tabs._innerPanel._audioSettingsTab._scrollPanel._musicSlider._slider
2026-04-18 16:40:02.251 +06:00 [INF] Sound volume set to 15 from InGame..SettingsWindow._innerPanel._tabs._innerPanel._audioSettingsTab._scrollPanel._soundEffectsSlider._slider
2026-04-18 16:40:08.175 +06:00 [INF] Built VBO for map 23630ac6-4461-460d-8a3b-9a0d4477096f 'test 8' in 3.3755ms
2026-04-18 16:40:17.893 +06:00 [INF] Disconnected [c77ccbf0-efd4-43a7-a165-cbde008ccf41].
2026-04-18 16:40:17.893 +06:00 [INF] Updating active permission set to 'default'
2026-04-18 16:40:18.896 +06:00 [INF] Connecting to 127.0.0.1:5400...
2026-04-18 16:40:18.900 +06:00 [INF] Connected [e688cd12-c3c0-4ecb-99a8-6b319d2ea288].
2026-04-18 16:40:18.910 +06:00 [INF] Connection approved [e688cd12-c3c0-4ecb-99a8-6b319d2ea288].
2026-04-18 16:40:18.923 +06:00 [INF] Updated PermissionSet 'default'
2026-04-18 16:40:18.923 +06:00 [INF] Updated PermissionSet 'admin'
2026-04-18 16:40:24.238 +06:00 [WRN] 'Me' is null.
2026-04-18 16:40:24.268 +06:00 [WRN] Tried to load entity "9fe24955-5cbc-42ab-8b6a-480c73a0d714" (test12345) from packet before in-game UI was ready
2026-04-18 16:40:24.268 +06:00 [WRN] Tried to load entity "9fe24955-5cbc-42ab-8b6a-480c73a0d714" (test12345) from packet before in-game UI was ready
2026-04-18 16:40:24.392 +06:00 [INF] Built VBO for map 23630ac6-4461-460d-8a3b-9a0d4477096f 'test 8' in 3.5009ms
2026-04-18 16:40:24.395 +06:00 [INF] Built VBO for map 73ba8458-f8de-4f78-a254-c91b18418ed0 'forest' in 2.6405ms
2026-04-18 16:40:26.657 +06:00 [INF] Built VBO for map 27c6a7b2-4e9f-4316-9a0f-e13ec8e16ba2 'New Map' in 1.934ms
2026-04-18 16:40:52.495 +06:00 [INF] Music volume set to 10 from InGame..SettingsWindow._innerPanel._tabs._innerPanel._audioSettingsTab._scrollPanel._musicSlider._slider
2026-04-18 16:40:52.495 +06:00 [INF] Sound volume set to 15 from InGame..SettingsWindow._innerPanel._tabs._innerPanel._audioSettingsTab._scrollPanel._soundEffectsSlider._slider
2026-04-18 16:41:43.453 +06:00 [WRN] 'Me' is null.
2026-04-18 16:41:43.477 +06:00 [WRN] Tried to load entity "30bb442d-1c3d-4f17-b2fc-cf0f177c80e5" (test101) from packet before in-game UI was ready
2026-04-18 16:41:43.607 +06:00 [INF] Built VBO for map 23630ac6-4461-460d-8a3b-9a0d4477096f 'test 8' in 3.5564ms
2026-04-18 16:41:43.615 +06:00 [INF] Built VBO for map 73ba8458-f8de-4f78-a254-c91b18418ed0 'forest' in 7.3536ms
2026-04-18 16:41:43.617 +06:00 [INF] Built VBO for map 27c6a7b2-4e9f-4316-9a0f-e13ec8e16ba2 'New Map' in 1.8181ms
2026-04-18 16:42:18.590 +06:00 [INF] Disconnected [e688cd12-c3c0-4ecb-99a8-6b319d2ea288].
2026-04-18 16:42:18.590 +06:00 [INF] Updating active permission set to 'default'
2026-04-18 16:42:20.328 +06:00 [INF] Connecting to 127.0.0.1:5400...
2026-04-18 16:42:20.332 +06:00 [INF] Connected [f63835a0-fe98-4c5b-859b-d855d52b01ab].
2026-04-18 16:42:20.346 +06:00 [INF] Connection approved [f63835a0-fe98-4c5b-859b-d855d52b01ab].
2026-04-18 16:42:20.356 +06:00 [INF] Updated PermissionSet 'default'
2026-04-18 16:42:20.356 +06:00 [INF] Updated PermissionSet 'admin'
2026-04-18 16:43:22.186 +06:00 [WRN] 'Me' is null.
2026-04-18 16:43:22.211 +06:00 [WRN] Tried to load entity "15b3936d-b194-4454-a611-3b30aa6e83ac" (test123456) from packet before in-game UI was ready
2026-04-18 16:43:22.211 +06:00 [WRN] Tried to load entity "15b3936d-b194-4454-a611-3b30aa6e83ac" (test123456) from packet before in-game UI was ready
2026-04-18 16:43:22.356 +06:00 [INF] Built VBO for map 23630ac6-4461-460d-8a3b-9a0d4477096f 'test 8' in 3.9554ms
2026-04-18 16:43:22.364 +06:00 [INF] Built VBO for map 73ba8458-f8de-4f78-a254-c91b18418ed0 'forest' in 7.396ms
2026-04-18 16:43:22.366 +06:00 [INF] Built VBO for map 27c6a7b2-4e9f-4316-9a0f-e13ec8e16ba2 'New Map' in 1.8964ms
2026-04-18 16:47:58.284 +06:00 [INF] System window closing (due to user interaction most likely).
2026-04-18 16:47:58.285 +06:00 [INF] Disconnected [f63835a0-fe98-4c5b-859b-d855d52b01ab].
2026-04-18 16:47:58.285 +06:00 [INF] Updating active permission set to 'default'
2026-04-18 16:47:58.308 +06:00 [INF] Acquiring context lock... (0ms)
2026-04-18 16:47:58.308 +06:00 [INF] Acquired. (0ms)
2026-04-18 16:47:58.309 +06:00 [INF] Beginning context dispose. (0ms)
2026-04-18 16:47:58.309 +06:00 [INF] GC.SuppressFinalize (0ms)
2026-04-18 16:47:58.309 +06:00 [INF] InternalDispose() completed. (0ms)
2026-04-18 16:47:58.309 +06:00 [INF] Clearing instance... (1ms)
2026-04-18 16:47:58.309 +06:00 [INF] Releasing context lock... (1ms)
2026-04-18 16:47:58.309 +06:00 [INF] Released. (1ms)
