2026-04-27 14:19:42.637 +06:00 [INF] Starting Intersect Client v0.8.0.0-custom+32d39132dace1351f63375b261f241297dd35be8-dirty
2026-04-27 14:19:42.846 +06:00 [INF] Discovered service type: Intersect.Plugins.PluginService
2026-04-27 14:19:42.850 +06:00 [WRN] Directory was specified as a plugin directory but does not exist: 'resources\plugins'
2026-04-27 14:19:42.850 +06:00 [INF] Discovered 0 plugins:

2026-04-27 14:19:44.930 +06:00 [INF] Connecting to 127.0.0.1:5400...
2026-04-27 14:19:44.939 +06:00 [INF] Connected [e9312d78-246b-418e-bae6-e85d91ba04b5].
2026-04-27 14:19:44.956 +06:00 [INF] Connection approved [e9312d78-246b-418e-bae6-e85d91ba04b5].
2026-04-27 14:19:45.035 +06:00 [INF] Updated PermissionSet 'default'
2026-04-27 14:19:45.035 +06:00 [INF] Updated PermissionSet 'admin'
2026-04-27 14:19:49.041 +06:00 [INF] Updating active permission set to 'admin'
2026-04-27 14:19:49.178 +06:00 [WRN] Unable to add '_buttonLogout' to the JSON of MainMenu.SelectCharacterWindow._innerPanel._buttonsPanel because a sibling shares the same name
2026-04-27 14:19:49.647 +06:00 [WRN] 'Me' is null.
2026-04-27 14:19:50.323 +06:00 [INF] Built VBO for map 27c6a7b2-4e9f-4316-9a0f-e13ec8e16ba2 'Forest' in 18.0673ms
2026-04-27 14:20:20.053 +06:00 [INF] Built VBO for map c15f8299-8999-471f-9760-388ff4cdec7c 'Forest' in 9.8444ms
2026-04-27 14:22:07.733 +06:00 [INF] Built VBO for map 27c6a7b2-4e9f-4316-9a0f-e13ec8e16ba2 'Forest' in 2.233ms
2026-04-27 14:22:42.620 +06:00 [INF] Built VBO for map 27c6a7b2-4e9f-4316-9a0f-e13ec8e16ba2 'Forest' in 2.4759ms
2026-04-27 14:23:11.022 +06:00 [INF] Built VBO for map 27c6a7b2-4e9f-4316-9a0f-e13ec8e16ba2 'Forest' in 1.69ms
2026-04-27 14:23:34.728 +06:00 [INF] Built VBO for map 27c6a7b2-4e9f-4316-9a0f-e13ec8e16ba2 'Forest' in 1.7228ms
2026-04-27 14:24:17.907 +06:00 [INF] Built VBO for map 27c6a7b2-4e9f-4316-9a0f-e13ec8e16ba2 'Forest' in 1.6869ms
2026-04-27 14:32:32.097 +06:00 [INF] System window closing (due to user interaction most likely).
2026-04-27 14:32:32.100 +06:00 [INF] Disconnected [e9312d78-246b-418e-bae6-e85d91ba04b5].
2026-04-27 14:32:32.101 +06:00 [INF] Updating active permission set to 'default'
2026-04-27 14:32:32.138 +06:00 [INF] Acquiring context lock... (0ms)
2026-04-27 14:32:32.138 +06:00 [INF] Acquired. (0ms)
2026-04-27 14:32:32.139 +06:00 [INF] Beginning context dispose. (0ms)
2026-04-27 14:32:32.139 +06:00 [INF] GC.SuppressFinalize (0ms)
2026-04-27 14:32:32.139 +06:00 [INF] InternalDispose() completed. (0ms)
2026-04-27 14:32:32.139 +06:00 [INF] Clearing instance... (1ms)
2026-04-27 14:32:32.140 +06:00 [INF] Releasing context lock... (1ms)
2026-04-27 14:32:32.140 +06:00 [INF] Released. (1ms)
