2026-07-14 05:08:12.907 +02:00 [INF] Starting Intersect Client v0.8.0.0-custom+32d39132dace1351f63375b261f241297dd35be8-dirty
2026-07-14 05:08:13.141 +02:00 [INF] Discovered service type: Intersect.Plugins.PluginService
2026-07-14 05:08:13.144 +02:00 [WRN] Directory was specified as a plugin directory but does not exist: 'resources\plugins'
2026-07-14 05:08:13.145 +02:00 [INF] Discovered 0 plugins:

2026-07-14 05:08:13.597 +02:00 [INF] Graphics pacing configured: targetMode=-1, vsync=false, fixedStep=false, backBuffer=1760x990
2026-07-14 05:08:18.564 +02:00 [INF] Music volume set to 20 from MainMenu.SettingsWindow._innerPanel._tabs._innerPanel._audioSettingsTab._scrollPanel._musicSlider._slider
2026-07-14 05:08:18.567 +02:00 [INF] Sound volume set to 20 from MainMenu.SettingsWindow._innerPanel._tabs._innerPanel._audioSettingsTab._scrollPanel._soundEffectsSlider._slider
2026-07-14 05:08:18.567 +02:00 [INF] Weather sounds volume set to 80 from MainMenu.SettingsWindow._innerPanel._tabs._innerPanel._audioSettingsTab._scrollPanel._weatherSoundsSlider._slider
2026-07-14 05:08:22.424 +02:00 [INF] Applying graphics FPS setting: selectedMode=-1, selectedText=No Limit, selectedData=-1, previousMode=-1
2026-07-14 05:08:31.921 +02:00 [INF] Connecting to 127.0.0.1:5400...
2026-07-14 05:08:31.941 +02:00 [INF] Connected [c3060470-5e44-4f5f-aad4-0c225474ce3e].
2026-07-14 05:08:31.965 +02:00 [INF] Connection approved [c3060470-5e44-4f5f-aad4-0c225474ce3e].
2026-07-14 05:08:32.042 +02:00 [INF] Updated PermissionSet 'default'
2026-07-14 05:08:35.783 +02:00 [INF] Updated PermissionSet 'admin'
2026-07-14 05:08:35.784 +02:00 [INF] Updating active permission set to 'admin'
2026-07-14 05:08:40.170 +02:00 [WRN] 'Me' is null.
2026-07-14 05:08:41.172 +02:00 [INF] Built VBO for map 9802b09c-f592-4d93-8e11-d3424500716c 'Deep Forest' in 55.1694ms
2026-07-14 05:08:41.188 +02:00 [INF] Built VBO for map 15601ad4-9f26-4abe-a6c9-3a7eebaa3045 'Forest' in 12.4129ms
2026-07-14 05:08:41.205 +02:00 [INF] Built VBO for map d490222a-af25-4a7f-bec3-7ca8016e08d7 'New Map' in 12.9371ms
2026-07-14 05:08:41.330 +02:00 [INF] Built VBO for map a31f210c-f5fb-48bf-9db2-45fab2293a4c 'Forest' in 123.2514ms
2026-07-14 05:08:41.396 +02:00 [INF] Built VBO for map 27c6a7b2-4e9f-4316-9a0f-e13ec8e16ba2 'Forest' in 62.4168ms
2026-07-14 05:08:41.419 +02:00 [INF] Built VBO for map e341d25d-5ff4-4cd6-bcd5-2f2cda710c86 'Greenfall Vale' in 21.3446ms
2026-07-14 05:08:46.756 +02:00 [INF] Client frame profile: measured=35.7fps counter=43 targetMode=-1; interval=28.02/369.43ms avg/max; update=0.57/21.31ms (0.99 calls/frame); draw=28.48/369.19ms; world=22.55/348.81ms [scene=22.03/348.43, lighting=0.10/6.42, post=0.13/15.47, overlays=0.15/6.03, other=0.13]; gui=5.86/88.44ms [update=5.48/66.66 (minimap=4.72/46.27 [compact=4.72, fullmap=0.00/0.00], other=0.76), render=0.37/22.93, other=0.00]; finish=0.06/1.49ms; outside-update-draw=0.00ms; draws=152, maps=2, entities=13, lights=4
2026-07-14 05:08:51.763 +02:00 [INF] Client frame profile: measured=48.3fps counter=46 targetMode=-1; interval=20.70/38.02ms avg/max; update=0.22/4.29ms (1.00 calls/frame); draw=20.27/37.76ms; world=16.98/29.11ms [scene=16.73/28.79, lighting=0.05/0.11, post=0.04/0.19, overlays=0.08/0.27, other=0.10]; gui=3.24/15.80ms [update=2.88/15.64 (minimap=2.32/15.01 [compact=2.32, fullmap=0.00/0.00], other=0.56), render=0.36/2.64, other=0.00]; finish=0.04/0.15ms; outside-update-draw=0.21ms; draws=177, maps=2, entities=13, lights=4
2026-07-14 05:08:56.793 +02:00 [INF] Client frame profile: measured=48.7fps counter=49 targetMode=-1; interval=20.53/36.14ms avg/max; update=0.13/3.57ms (1.00 calls/frame); draw=20.12/35.33ms; world=16.68/23.46ms [scene=16.42/23.17, lighting=0.05/0.11, post=0.04/0.15, overlays=0.08/0.51, other=0.10]; gui=3.39/15.13ms [update=2.90/14.57 (minimap=2.33/13.37 [compact=2.33, fullmap=0.00/0.00], other=0.56), render=0.49/1.08, other=0.00]; finish=0.04/0.12ms; outside-update-draw=0.28ms; draws=175, maps=2, entities=13, lights=4
2026-07-14 05:08:58.824 +02:00 [INF] System window closing (due to user interaction most likely).
2026-07-14 05:08:58.827 +02:00 [INF] Disconnected [c3060470-5e44-4f5f-aad4-0c225474ce3e].
2026-07-14 05:08:58.827 +02:00 [INF] Updating active permission set to 'default'
2026-07-14 05:08:58.863 +02:00 [INF] Acquiring context lock... (0ms)
2026-07-14 05:08:58.863 +02:00 [INF] Acquired. (0ms)
2026-07-14 05:08:58.864 +02:00 [INF] Beginning context dispose. (0ms)
2026-07-14 05:08:58.864 +02:00 [INF] GC.SuppressFinalize (0ms)
2026-07-14 05:08:58.864 +02:00 [INF] InternalDispose() completed. (0ms)
2026-07-14 05:08:58.864 +02:00 [INF] Clearing instance... (1ms)
2026-07-14 05:08:58.864 +02:00 [INF] Releasing context lock... (1ms)
2026-07-14 05:08:58.864 +02:00 [INF] Released. (1ms)
