2026-05-22 00:02:47.894 +02:00 [INF] Starting Intersect Client v0.8.0.0-custom+32d39132dace1351f63375b261f241297dd35be8-dirty
2026-05-22 00:02:48.105 +02:00 [INF] Discovered service type: Intersect.Plugins.PluginService
2026-05-22 00:02:48.109 +02:00 [WRN] Directory was specified as a plugin directory but does not exist: 'resources\plugins'
2026-05-22 00:02:48.110 +02:00 [INF] Discovered 0 plugins:

2026-05-22 00:02:50.389 +02:00 [INF] Connecting to 127.0.0.1:5400...
2026-05-22 00:02:50.397 +02:00 [INF] Connected [4046d9f8-a28e-4d08-ad03-c66a197f4973].
2026-05-22 00:02:50.405 +02:00 [INF] Connection approved [4046d9f8-a28e-4d08-ad03-c66a197f4973].
2026-05-22 00:02:50.490 +02:00 [INF] Updated PermissionSet 'default'
2026-05-22 00:02:50.491 +02:00 [INF] Updated PermissionSet 'admin'
2026-05-22 00:02:54.400 +02:00 [INF] Updating active permission set to 'admin'
2026-05-22 00:02:55.028 +02:00 [WRN] 'Me' is null.
2026-05-22 00:02:56.044 +02:00 [INF] Built VBO for map 27c6a7b2-4e9f-4316-9a0f-e13ec8e16ba2 'Forest' in 67.8809ms
2026-05-22 00:04:18.169 +02:00 [INF] Built VBO for map 27c6a7b2-4e9f-4316-9a0f-e13ec8e16ba2 'Forest' in 45.3172ms
2026-05-22 00:04:25.292 +02:00 [INF] Built VBO for map a31f210c-f5fb-48bf-9db2-45fab2293a4c 'Forest' in 39.1887ms
2026-05-22 00:05:03.606 +02:00 [INF] Built VBO for map a31f210c-f5fb-48bf-9db2-45fab2293a4c 'Forest' in 38.4417ms
2026-05-22 00:05:03.640 +02:00 [INF] Built VBO for map 27c6a7b2-4e9f-4316-9a0f-e13ec8e16ba2 'Forest' in 10.5894ms
2026-05-22 00:05:06.367 +02:00 [INF] Built VBO for map 27c6a7b2-4e9f-4316-9a0f-e13ec8e16ba2 'Forest' in 10.0762ms
2026-05-22 00:05:14.084 +02:00 [INF] Built VBO for map e341d25d-5ff4-4cd6-bcd5-2f2cda710c86 'Forest' in 7.3068ms
2026-05-22 00:17:55.465 +02:00 [INF] System window closing (due to user interaction most likely).
2026-05-22 00:17:55.468 +02:00 [INF] Disconnected [4046d9f8-a28e-4d08-ad03-c66a197f4973].
2026-05-22 00:17:55.469 +02:00 [INF] Updating active permission set to 'default'
2026-05-22 00:17:55.586 +02:00 [INF] Acquiring context lock... (0ms)
2026-05-22 00:17:55.586 +02:00 [INF] Acquired. (0ms)
2026-05-22 00:17:55.587 +02:00 [INF] Beginning context dispose. (0ms)
2026-05-22 00:17:55.587 +02:00 [INF] GC.SuppressFinalize (0ms)
2026-05-22 00:17:55.587 +02:00 [INF] InternalDispose() completed. (0ms)
2026-05-22 00:17:55.588 +02:00 [INF] Clearing instance... (1ms)
2026-05-22 00:17:55.588 +02:00 [INF] Releasing context lock... (1ms)
2026-05-22 00:17:55.588 +02:00 [INF] Released. (1ms)
