2026-06-20 07:15:38.812 +02:00 [INF] Starting Intersect Client v0.8.0.0-custom+32d39132dace1351f63375b261f241297dd35be8-dirty
2026-06-20 07:15:39.046 +02:00 [INF] Discovered service type: Intersect.Plugins.PluginService
2026-06-20 07:15:39.050 +02:00 [WRN] Directory was specified as a plugin directory but does not exist: 'resources\plugins'
2026-06-20 07:15:39.051 +02:00 [INF] Discovered 0 plugins:

2026-06-20 07:15:41.569 +02:00 [INF] Connecting to 127.0.0.1:5400...
2026-06-20 07:15:41.579 +02:00 [INF] Connected [f416b973-d6c1-4cff-adfd-2e8cde43cc96].
2026-06-20 07:15:41.594 +02:00 [INF] Connection approved [f416b973-d6c1-4cff-adfd-2e8cde43cc96].
2026-06-20 07:15:41.710 +02:00 [INF] Updated PermissionSet 'default'
2026-06-20 07:15:41.710 +02:00 [INF] Updated PermissionSet 'admin'
2026-06-20 07:16:10.522 +02:00 [INF] Updating active permission set to 'admin'
2026-06-20 07:16:12.750 +02:00 [WRN] 'Me' is null.
2026-06-20 07:16:13.743 +02:00 [INF] Built VBO for map 9802b09c-f592-4d93-8e11-d3424500716c 'Forest' in 50.6525ms
2026-06-20 07:16:13.749 +02:00 [INF] Built VBO for map 15601ad4-9f26-4abe-a6c9-3a7eebaa3045 'Forest' in 4.9591ms
2026-06-20 07:16:13.758 +02:00 [INF] Built VBO for map a31f210c-f5fb-48bf-9db2-45fab2293a4c 'Forest' in 4.0649ms
2026-06-20 07:16:13.761 +02:00 [INF] Built VBO for map 27c6a7b2-4e9f-4316-9a0f-e13ec8e16ba2 'Forest' in 1.9467ms
2026-06-20 07:16:13.765 +02:00 [INF] Built VBO for map e341d25d-5ff4-4cd6-bcd5-2f2cda710c86 'town' in 1.5668ms
2026-06-20 07:16:14.128 +02:00 [ERR] Exception thrown while trying to load 'resources/tilesets/water_shore_marker.png'
System.IO.FileNotFoundException: Could not find file 'F:\game code engine\Intersect_New\Intersect.Client\resources\tilesets\water_shore_marker.png'.
File name: 'F:\game code engine\Intersect_New\Intersect.Client\resources\tilesets\water_shore_marker.png'
   at Microsoft.Win32.SafeHandles.SafeFileHandle.CreateFile(String fullPath, FileMode mode, FileAccess access, FileShare share, FileOptions options)
   at Microsoft.Win32.SafeHandles.SafeFileHandle.Open(String fullPath, FileMode mode, FileAccess access, FileShare share, FileOptions options, Int64 preallocationSize, Nullable`1 unixCreateMode)
   at System.IO.Strategies.OSFileStreamStrategy..ctor(String path, FileMode mode, FileAccess access, FileShare share, FileOptions options, Int64 preallocationSize, Nullable`1 unixCreateMode)
   at System.IO.Strategies.FileStreamHelpers.ChooseStrategyCore(String path, FileMode mode, FileAccess access, FileShare share, FileOptions options, Int64 preallocationSize, Nullable`1 unixCreateMode)
   at System.IO.File.OpenRead(String path)
   at Intersect.Client.Framework.Graphics.GameRenderer.<>c__DisplayClass181_0.<LoadTexture>b__0() in F:\game code engine\Intersect_New\Intersect.Client.Framework\Graphics\GameRenderer.cs:line 1011
   at Intersect.Client.Framework.Graphics.GameTexture`2.LoadPlatformTexture(Boolean force) in F:\game code engine\Intersect_New\Intersect.Client.Framework\Graphics\GameTexture.cs:line 279
2026-06-20 07:16:14.255 +02:00 [INF] Built VBO for map 15601ad4-9f26-4abe-a6c9-3a7eebaa3045 'Forest' in 1.5828ms
2026-06-20 07:16:14.322 +02:00 [INF] Built VBO for map 27c6a7b2-4e9f-4316-9a0f-e13ec8e16ba2 'Forest' in 66.1661ms
2026-06-20 07:16:14.554 +02:00 [INF] Built VBO for map e341d25d-5ff4-4cd6-bcd5-2f2cda710c86 'town' in 4.8538ms
2026-06-20 07:16:28.052 +02:00 [INF] Built VBO for map 15601ad4-9f26-4abe-a6c9-3a7eebaa3045 'Forest' in 1.5466ms
2026-06-20 07:16:28.073 +02:00 [INF] Built VBO for map 27c6a7b2-4e9f-4316-9a0f-e13ec8e16ba2 'Forest' in 19.5245ms
2026-06-20 07:16:28.258 +02:00 [INF] Built VBO for map 15601ad4-9f26-4abe-a6c9-3a7eebaa3045 'Forest' in 0.6226ms
2026-06-20 07:16:28.268 +02:00 [INF] Built VBO for map 27c6a7b2-4e9f-4316-9a0f-e13ec8e16ba2 'Forest' in 9.8396ms
2026-06-20 07:16:30.082 +02:00 [INF] Built VBO for map e341d25d-5ff4-4cd6-bcd5-2f2cda710c86 'town' in 2.7664ms
2026-06-20 07:16:31.634 +02:00 [INF] Built VBO for map 27c6a7b2-4e9f-4316-9a0f-e13ec8e16ba2 'Forest' in 11.399ms
2026-06-20 07:16:33.250 +02:00 [INF] Built VBO for map e341d25d-5ff4-4cd6-bcd5-2f2cda710c86 'town' in 2.4585ms
2026-06-20 07:16:35.180 +02:00 [INF] Built VBO for map e341d25d-5ff4-4cd6-bcd5-2f2cda710c86 'town' in 2.7534ms
2026-06-20 07:16:35.367 +02:00 [INF] Built VBO for map e341d25d-5ff4-4cd6-bcd5-2f2cda710c86 'town' in 2.3047ms
2026-06-20 07:16:39.595 +02:00 [INF] Built VBO for map 27c6a7b2-4e9f-4316-9a0f-e13ec8e16ba2 'Forest' in 12.1283ms
2026-06-20 07:16:57.352 +02:00 [INF] Built VBO for map 27c6a7b2-4e9f-4316-9a0f-e13ec8e16ba2 'Forest' in 15.2956ms
2026-06-20 07:17:16.933 +02:00 [INF] Built VBO for map a31f210c-f5fb-48bf-9db2-45fab2293a4c 'Forest' in 16.8698ms
2026-06-20 07:17:29.740 +02:00 [INF] Built VBO for map 9802b09c-f592-4d93-8e11-d3424500716c 'Forest' in 2.8838ms
2026-06-20 07:17:29.748 +02:00 [INF] Built VBO for map a31f210c-f5fb-48bf-9db2-45fab2293a4c 'Forest' in 7.7054ms
2026-06-20 07:17:29.783 +02:00 [INF] Built VBO for map 27c6a7b2-4e9f-4316-9a0f-e13ec8e16ba2 'Forest' in 28.9226ms
2026-06-20 07:17:30.010 +02:00 [INF] Built VBO for map 15601ad4-9f26-4abe-a6c9-3a7eebaa3045 'Forest' in 0.7531ms
2026-06-20 07:17:30.261 +02:00 [INF] Built VBO for map e341d25d-5ff4-4cd6-bcd5-2f2cda710c86 'town' in 1.5009ms
2026-06-20 07:17:39.265 +02:00 [INF] Built VBO for map a31f210c-f5fb-48bf-9db2-45fab2293a4c 'Forest' in 10.5382ms
2026-06-20 07:17:39.280 +02:00 [INF] Built VBO for map 27c6a7b2-4e9f-4316-9a0f-e13ec8e16ba2 'Forest' in 10.502ms
2026-06-20 07:17:42.145 +02:00 [INF] Built VBO for map 9802b09c-f592-4d93-8e11-d3424500716c 'Forest' in 0.8359ms
2026-06-20 07:17:42.146 +02:00 [INF] Built VBO for map 15601ad4-9f26-4abe-a6c9-3a7eebaa3045 'Forest' in 1.1085ms
2026-06-20 07:20:57.520 +02:00 [INF] Built VBO for map 15601ad4-9f26-4abe-a6c9-3a7eebaa3045 'Forest' in 1.6694ms
2026-06-20 07:20:57.535 +02:00 [INF] Built VBO for map 27c6a7b2-4e9f-4316-9a0f-e13ec8e16ba2 'Forest' in 13.8784ms
2026-06-20 07:29:15.403 +02:00 [INF] System window closing (due to user interaction most likely).
2026-06-20 07:29:15.406 +02:00 [INF] Disconnected [f416b973-d6c1-4cff-adfd-2e8cde43cc96].
2026-06-20 07:29:15.407 +02:00 [INF] Updating active permission set to 'default'
2026-06-20 07:29:15.434 +02:00 [INF] Acquiring context lock... (0ms)
2026-06-20 07:29:15.434 +02:00 [INF] Acquired. (0ms)
2026-06-20 07:29:15.434 +02:00 [INF] Beginning context dispose. (0ms)
2026-06-20 07:29:15.435 +02:00 [INF] GC.SuppressFinalize (0ms)
2026-06-20 07:29:15.435 +02:00 [INF] InternalDispose() completed. (0ms)
2026-06-20 07:29:15.435 +02:00 [INF] Clearing instance... (1ms)
2026-06-20 07:29:15.435 +02:00 [INF] Releasing context lock... (1ms)
2026-06-20 07:29:15.435 +02:00 [INF] Released. (1ms)
