2026-03-24 22:09:57.855 +01:00 [INF] Starting Intersect Client v0.8.0.0-custom+32d39132dace1351f63375b261f241297dd35be8-dirty
2026-03-24 22:09:58.045 +01:00 [INF] Discovered service type: Intersect.Plugins.PluginService
2026-03-24 22:09:58.048 +01:00 [WRN] Directory was specified as a plugin directory but does not exist: 'resources\plugins'
2026-03-24 22:09:58.049 +01:00 [INF] Discovered 0 plugins:

2026-03-24 22:10:07.456 +01:00 [INF] Connecting to 127.0.0.1:5400...
2026-03-24 22:10:07.475 +01:00 [INF] Connected [a4b6461f-9529-47bd-b581-28278bd9cfe8].
2026-03-24 22:10:07.489 +01:00 [INF] Connection approved [a4b6461f-9529-47bd-b581-28278bd9cfe8].
2026-03-24 22:10:07.570 +01:00 [INF] Updated PermissionSet 'default'
2026-03-24 22:10:09.579 +01:00 [INF] Updated PermissionSet 'admin'
2026-03-24 22:10:09.579 +01:00 [INF] Updating active permission set to 'admin'
2026-03-24 22:10:09.718 +01:00 [WRN] Unable to add '_buttonLogout' to the JSON of MainMenu.SelectCharacterWindow._innerPanel._buttonsPanel because a sibling shares the same name
2026-03-24 22:10:12.852 +01:00 [WRN] 'Me' is null.
2026-03-24 22:10:13.356 +01:00 [INF] Built VBO for map 73ba8458-f8de-4f78-a254-c91b18418ed0 'test 3' in 15.9723ms
2026-03-24 22:10:13.363 +01:00 [INF] Built VBO for map 850ddb26-5568-4376-b8e0-346c04cb81ef 'test 4' in 2.0386ms
2026-03-24 22:10:13.370 +01:00 [INF] Built VBO for map 27c6a7b2-4e9f-4316-9a0f-e13ec8e16ba2 'New Map' in 6.6888ms
2026-03-24 22:11:39.331 +01:00 [INF] Built VBO for map 411179b7-b772-42ef-bf66-03b7e4d7dca8 'test 5' in 1.6304ms
2026-03-24 22:15:14.214 +01:00 [INF] System window closing (due to user interaction most likely).
2026-03-24 22:15:14.217 +01:00 [INF] Disconnected [a4b6461f-9529-47bd-b581-28278bd9cfe8].
2026-03-24 22:15:14.217 +01:00 [INF] Updating active permission set to 'default'
2026-03-24 22:15:14.314 +01:00 [INF] Acquiring context lock... (0ms)
2026-03-24 22:15:14.314 +01:00 [INF] Acquired. (0ms)
2026-03-24 22:15:14.315 +01:00 [INF] Beginning context dispose. (0ms)
2026-03-24 22:15:14.315 +01:00 [INF] GC.SuppressFinalize (0ms)
2026-03-24 22:15:14.315 +01:00 [INF] InternalDispose() completed. (0ms)
2026-03-24 22:15:14.315 +01:00 [INF] Clearing instance... (1ms)
2026-03-24 22:15:14.316 +01:00 [INF] Releasing context lock... (1ms)
2026-03-24 22:15:14.316 +01:00 [INF] Released. (1ms)
