2026-07-03 11:53:33.107 +02:00 [INF] Starting Intersect Client v0.8.0.0-custom+32d39132dace1351f63375b261f241297dd35be8-dirty
2026-07-03 11:53:33.364 +02:00 [INF] Discovered service type: Intersect.Plugins.PluginService
2026-07-03 11:53:33.367 +02:00 [WRN] Directory was specified as a plugin directory but does not exist: 'resources\plugins'
2026-07-03 11:53:33.368 +02:00 [INF] Discovered 0 plugins:

2026-07-03 11:53:35.372 +02:00 [INF] Connecting to 127.0.0.1:5400...
2026-07-03 11:53:35.383 +02:00 [INF] Connected [d4f60238-fc68-4d12-a1f6-a0ed64cb9d43].
2026-07-03 11:53:35.392 +02:00 [INF] Connection approved [d4f60238-fc68-4d12-a1f6-a0ed64cb9d43].
2026-07-03 11:53:35.505 +02:00 [INF] Updated PermissionSet 'default'
2026-07-03 11:53:35.505 +02:00 [INF] Updated PermissionSet 'admin'
2026-07-03 11:53:39.171 +02:00 [INF] Updating active permission set to 'admin'
2026-07-03 11:53:41.396 +02:00 [WRN] 'Me' is null.
2026-07-03 11:53:42.487 +02:00 [ERR] Exception thrown while trying to load 'resources/tilesets/water_shore_marker.png'
System.IO.FileNotFoundException: Could not find file 'F:\game code engine\Intersect_New\Intersect.Client\resources\tilesets\water_shore_marker.png'.
File name: 'F:\game code engine\Intersect_New\Intersect.Client\resources\tilesets\water_shore_marker.png'
   at Microsoft.Win32.SafeHandles.SafeFileHandle.CreateFile(String fullPath, FileMode mode, FileAccess access, FileShare share, FileOptions options)
   at Microsoft.Win32.SafeHandles.SafeFileHandle.Open(String fullPath, FileMode mode, FileAccess access, FileShare share, FileOptions options, Int64 preallocationSize, Nullable`1 unixCreateMode)
   at System.IO.Strategies.OSFileStreamStrategy..ctor(String path, FileMode mode, FileAccess access, FileShare share, FileOptions options, Int64 preallocationSize, Nullable`1 unixCreateMode)
   at System.IO.Strategies.FileStreamHelpers.ChooseStrategyCore(String path, FileMode mode, FileAccess access, FileShare share, FileOptions options, Int64 preallocationSize, Nullable`1 unixCreateMode)
   at System.IO.File.OpenRead(String path)
   at Intersect.Client.Framework.Graphics.GameRenderer.<>c__DisplayClass182_0.<LoadTexture>b__0() in F:\game code engine\Intersect_New\Intersect.Client.Framework\Graphics\GameRenderer.cs:line 1027
   at Intersect.Client.Framework.Graphics.GameTexture`2.LoadPlatformTexture(Boolean force) in F:\game code engine\Intersect_New\Intersect.Client.Framework\Graphics\GameTexture.cs:line 279
2026-07-03 11:53:42.501 +02:00 [INF] Built VBO for map 9802b09c-f592-4d93-8e11-d3424500716c 'Deep Forest' in 48.9764ms
2026-07-03 11:53:42.509 +02:00 [INF] Built VBO for map 15601ad4-9f26-4abe-a6c9-3a7eebaa3045 'Forest' in 7.667ms
2026-07-03 11:53:42.521 +02:00 [INF] Built VBO for map d490222a-af25-4a7f-bec3-7ca8016e08d7 'New Map' in 8.0381ms
2026-07-03 11:53:42.651 +02:00 [INF] Built VBO for map a31f210c-f5fb-48bf-9db2-45fab2293a4c 'Forest' in 129.2705ms
2026-07-03 11:53:42.714 +02:00 [INF] Built VBO for map 27c6a7b2-4e9f-4316-9a0f-e13ec8e16ba2 'Forest' in 59.4251ms
2026-07-03 11:53:42.721 +02:00 [INF] Built VBO for map e341d25d-5ff4-4cd6-bcd5-2f2cda710c86 'Greenfall Vale' in 6.1103ms
2026-07-03 11:56:45.350 +02:00 [INF] System window closing (due to user interaction most likely).
2026-07-03 11:56:45.353 +02:00 [INF] Disconnected [d4f60238-fc68-4d12-a1f6-a0ed64cb9d43].
2026-07-03 11:56:45.354 +02:00 [INF] Updating active permission set to 'default'
2026-07-03 11:56:45.383 +02:00 [INF] Acquiring context lock... (0ms)
2026-07-03 11:56:45.383 +02:00 [INF] Acquired. (0ms)
2026-07-03 11:56:45.384 +02:00 [INF] Beginning context dispose. (0ms)
2026-07-03 11:56:45.385 +02:00 [INF] GC.SuppressFinalize (0ms)
2026-07-03 11:56:45.385 +02:00 [INF] InternalDispose() completed. (0ms)
2026-07-03 11:56:45.385 +02:00 [INF] Clearing instance... (1ms)
2026-07-03 11:56:45.385 +02:00 [INF] Releasing context lock... (1ms)
2026-07-03 11:56:45.385 +02:00 [INF] Released. (1ms)
