2026-05-30 21:00:48.309 +02:00 [INF] Starting Intersect Client v0.8.0.0-custom+32d39132dace1351f63375b261f241297dd35be8-dirty
2026-05-30 21:00:48.531 +02:00 [INF] Discovered service type: Intersect.Plugins.PluginService
2026-05-30 21:00:48.534 +02:00 [WRN] Directory was specified as a plugin directory but does not exist: 'resources\plugins'
2026-05-30 21:00:48.535 +02:00 [INF] Discovered 0 plugins:

2026-05-30 21:00:51.834 +02:00 [INF] Connecting to 127.0.0.1:5400...
2026-05-30 21:00:51.842 +02:00 [INF] Connected [c6885b7a-f396-4d1c-bafc-c356227bfe21].
2026-05-30 21:00:51.847 +02:00 [INF] Connection approved [c6885b7a-f396-4d1c-bafc-c356227bfe21].
2026-05-30 21:00:51.952 +02:00 [INF] Updated PermissionSet 'default'
2026-05-30 21:00:51.953 +02:00 [INF] Updated PermissionSet 'admin'
2026-05-30 21:00:55.401 +02:00 [INF] Updating active permission set to 'admin'
2026-05-30 21:00:55.891 +02:00 [WRN] 'Me' is null.
2026-05-30 21:00:56.691 +02:00 [INF] Built VBO for map a31f210c-f5fb-48bf-9db2-45fab2293a4c 'Forest' in 111.4766ms
2026-05-30 21:00:56.826 +02:00 [INF] Built VBO for map 27c6a7b2-4e9f-4316-9a0f-e13ec8e16ba2 'Forest' in 89.6522ms
2026-05-30 21:01:40.920 +02:00 [INF] Built VBO for map a31f210c-f5fb-48bf-9db2-45fab2293a4c 'Forest' in 51.4139ms
2026-05-30 21:01:40.955 +02:00 [INF] Built VBO for map 27c6a7b2-4e9f-4316-9a0f-e13ec8e16ba2 'Forest' in 16.4075ms
2026-05-30 21:03:06.434 +02:00 [INF] System window closing (due to user interaction most likely).
2026-05-30 21:03:06.438 +02:00 [INF] Disconnected [c6885b7a-f396-4d1c-bafc-c356227bfe21].
2026-05-30 21:03:06.438 +02:00 [INF] Updating active permission set to 'default'
2026-05-30 21:03:06.473 +02:00 [INF] Acquiring context lock... (0ms)
2026-05-30 21:03:06.473 +02:00 [INF] Acquired. (0ms)
2026-05-30 21:03:06.474 +02:00 [INF] Beginning context dispose. (0ms)
2026-05-30 21:03:06.474 +02:00 [INF] GC.SuppressFinalize (0ms)
2026-05-30 21:03:06.474 +02:00 [INF] InternalDispose() completed. (0ms)
2026-05-30 21:03:06.474 +02:00 [INF] Clearing instance... (1ms)
2026-05-30 21:03:06.474 +02:00 [INF] Releasing context lock... (1ms)
2026-05-30 21:03:06.474 +02:00 [INF] Released. (1ms)
