2026-05-25 01:28:51.281 +02:00 [INF] Starting Intersect Client v0.8.0.0-custom+32d39132dace1351f63375b261f241297dd35be8-dirty
2026-05-25 01:28:51.488 +02:00 [INF] Discovered service type: Intersect.Plugins.PluginService
2026-05-25 01:28:51.492 +02:00 [WRN] Directory was specified as a plugin directory but does not exist: 'resources\plugins'
2026-05-25 01:28:51.493 +02:00 [INF] Discovered 0 plugins:

2026-05-25 01:29:01.877 +02:00 [INF] Connecting to 127.0.0.1:5400...
2026-05-25 01:29:01.895 +02:00 [INF] Connected [8bcdd814-e2c8-4528-bd4c-f738d5285c75].
2026-05-25 01:29:01.913 +02:00 [INF] Connection approved [8bcdd814-e2c8-4528-bd4c-f738d5285c75].
2026-05-25 01:29:02.008 +02:00 [INF] Updated PermissionSet 'default'
2026-05-25 01:29:07.169 +02:00 [INF] Updated PermissionSet 'admin'
2026-05-25 01:29:07.170 +02:00 [INF] Updating active permission set to 'admin'
2026-05-25 01:29:07.810 +02:00 [WRN] 'Me' is null.
2026-05-25 01:29:08.640 +02:00 [INF] Built VBO for map a31f210c-f5fb-48bf-9db2-45fab2293a4c 'Forest' in 107.3988ms
2026-05-25 01:29:08.731 +02:00 [INF] Built VBO for map 27c6a7b2-4e9f-4316-9a0f-e13ec8e16ba2 'Forest' in 57.2806ms
2026-05-25 01:30:34.774 +02:00 [INF] Built VBO for map a31f210c-f5fb-48bf-9db2-45fab2293a4c 'Forest' in 42.5209ms
2026-05-25 01:30:34.839 +02:00 [INF] Built VBO for map 27c6a7b2-4e9f-4316-9a0f-e13ec8e16ba2 'Forest' in 45.3364ms
2026-05-25 01:30:56.455 +02:00 [INF] Built VBO for map a31f210c-f5fb-48bf-9db2-45fab2293a4c 'Forest' in 36.0245ms
2026-05-25 01:30:56.515 +02:00 [INF] Built VBO for map 27c6a7b2-4e9f-4316-9a0f-e13ec8e16ba2 'Forest' in 42.0554ms
2026-05-25 01:31:18.480 +02:00 [INF] Built VBO for map a31f210c-f5fb-48bf-9db2-45fab2293a4c 'Forest' in 33.7826ms
2026-05-25 01:31:18.545 +02:00 [INF] Built VBO for map 27c6a7b2-4e9f-4316-9a0f-e13ec8e16ba2 'Forest' in 45.2544ms
2026-05-25 01:31:41.288 +02:00 [INF] Built VBO for map a31f210c-f5fb-48bf-9db2-45fab2293a4c 'Forest' in 34.0586ms
2026-05-25 01:31:41.347 +02:00 [INF] Built VBO for map 27c6a7b2-4e9f-4316-9a0f-e13ec8e16ba2 'Forest' in 40.2173ms
2026-05-25 01:32:08.107 +02:00 [INF] Built VBO for map 27c6a7b2-4e9f-4316-9a0f-e13ec8e16ba2 'Forest' in 40.6469ms
2026-05-25 01:32:29.699 +02:00 [INF] Built VBO for map 27c6a7b2-4e9f-4316-9a0f-e13ec8e16ba2 'Forest' in 40.3813ms
2026-05-25 01:32:46.947 +02:00 [INF] Built VBO for map 27c6a7b2-4e9f-4316-9a0f-e13ec8e16ba2 'Forest' in 39.8176ms
2026-05-25 01:32:56.583 +02:00 [INF] Built VBO for map 27c6a7b2-4e9f-4316-9a0f-e13ec8e16ba2 'Forest' in 41.3635ms
2026-05-25 01:33:10.697 +02:00 [INF] Built VBO for map 27c6a7b2-4e9f-4316-9a0f-e13ec8e16ba2 'Forest' in 38.9944ms
2026-05-25 01:33:13.296 +02:00 [INF] Built VBO for map a31f210c-f5fb-48bf-9db2-45fab2293a4c 'Forest' in 36.3965ms
2026-05-25 01:38:08.483 +02:00 [INF] Built VBO for map e341d25d-5ff4-4cd6-bcd5-2f2cda710c86 'Forest' in 7.894ms
2026-05-25 01:38:41.237 +02:00 [INF] System window closing (due to user interaction most likely).
2026-05-25 01:38:41.240 +02:00 [INF] Disconnected [8bcdd814-e2c8-4528-bd4c-f738d5285c75].
2026-05-25 01:38:41.240 +02:00 [INF] Updating active permission set to 'default'
2026-05-25 01:38:41.283 +02:00 [INF] Acquiring context lock... (0ms)
2026-05-25 01:38:41.283 +02:00 [INF] Acquired. (0ms)
2026-05-25 01:38:41.284 +02:00 [INF] Beginning context dispose. (0ms)
2026-05-25 01:38:41.284 +02:00 [INF] GC.SuppressFinalize (0ms)
2026-05-25 01:38:41.284 +02:00 [INF] InternalDispose() completed. (0ms)
2026-05-25 01:38:41.284 +02:00 [INF] Clearing instance... (1ms)
2026-05-25 01:38:41.284 +02:00 [INF] Releasing context lock... (1ms)
2026-05-25 01:38:41.284 +02:00 [INF] Released. (1ms)
