2026-04-14 11:04:14.519 +06:00 [INF] Starting Intersect Client v0.8.0.0-custom+32d39132dace1351f63375b261f241297dd35be8-dirty
2026-04-14 11:04:14.820 +06:00 [INF] Discovered service type: Intersect.Plugins.PluginService
2026-04-14 11:04:14.829 +06:00 [WRN] Directory was specified as a plugin directory but does not exist: 'resources\plugins'
2026-04-14 11:04:14.830 +06:00 [INF] Discovered 0 plugins:

2026-04-14 11:04:17.078 +06:00 [INF] Connecting to 127.0.0.1:5400...
2026-04-14 11:04:17.101 +06:00 [INF] Connected [e2da8923-6e95-4bc9-86e4-32766b77d816].
2026-04-14 11:04:17.119 +06:00 [INF] Connection approved [e2da8923-6e95-4bc9-86e4-32766b77d816].
2026-04-14 11:04:17.210 +06:00 [INF] Updated PermissionSet 'default'
2026-04-14 11:04:21.152 +06:00 [INF] Updated PermissionSet 'admin'
2026-04-14 11:04:21.152 +06:00 [INF] Updating active permission set to 'admin'
2026-04-14 11:04:31.975 +06:00 [WRN] 'Me' is null.
2026-04-14 11:04:32.523 +06:00 [INF] Built VBO for map 23630ac6-4461-460d-8a3b-9a0d4477096f 'test 8' in 19.2035ms
2026-04-14 11:04:32.577 +06:00 [INF] Built VBO for map 73ba8458-f8de-4f78-a254-c91b18418ed0 'test 3' in 47.6566ms
2026-04-14 11:04:32.582 +06:00 [INF] Built VBO for map 27c6a7b2-4e9f-4316-9a0f-e13ec8e16ba2 'New Map' in 4.3178ms
2026-04-14 11:04:48.028 +06:00 [INF] Music volume set to 10 from InGame..SettingsWindow._innerPanel._tabs._innerPanel._audioSettingsTab._scrollPanel._musicSlider._slider
2026-04-14 11:04:48.029 +06:00 [INF] Sound volume set to 15 from InGame..SettingsWindow._innerPanel._tabs._innerPanel._audioSettingsTab._scrollPanel._soundEffectsSlider._slider
2026-04-14 11:04:50.223 +06:00 [WRN] Unable to add '_buttonLogout' to the JSON of MainMenu.SelectCharacterWindow._innerPanel._buttonsPanel because a sibling shares the same name
2026-04-14 11:06:42.435 +06:00 [INF] System window closing (due to user interaction most likely).
2026-04-14 11:06:42.438 +06:00 [INF] Disconnected [e2da8923-6e95-4bc9-86e4-32766b77d816].
2026-04-14 11:06:42.439 +06:00 [INF] Updating active permission set to 'default'
2026-04-14 11:06:42.469 +06:00 [INF] Acquiring context lock... (0ms)
2026-04-14 11:06:42.469 +06:00 [INF] Acquired. (0ms)
2026-04-14 11:06:42.470 +06:00 [INF] Beginning context dispose. (0ms)
2026-04-14 11:06:42.470 +06:00 [INF] GC.SuppressFinalize (0ms)
2026-04-14 11:06:42.470 +06:00 [INF] InternalDispose() completed. (0ms)
2026-04-14 11:06:42.470 +06:00 [INF] Clearing instance... (1ms)
2026-04-14 11:06:42.470 +06:00 [INF] Releasing context lock... (1ms)
2026-04-14 11:06:42.470 +06:00 [INF] Released. (1ms)
