2026-05-14 01:33:32.810 +02:00 [INF] Starting Intersect Client v0.8.0.0-custom+32d39132dace1351f63375b261f241297dd35be8-dirty
2026-05-14 01:33:33.051 +02:00 [INF] Discovered service type: Intersect.Plugins.PluginService
2026-05-14 01:33:33.055 +02:00 [WRN] Directory was specified as a plugin directory but does not exist: 'resources\plugins'
2026-05-14 01:33:33.056 +02:00 [INF] Discovered 0 plugins:

2026-05-14 01:33:36.099 +02:00 [INF] Connecting to 127.0.0.1:5400...
2026-05-14 01:33:36.120 +02:00 [INF] Connected [87417872-074f-42c2-b427-de7de34efc2b].
2026-05-14 01:33:36.156 +02:00 [INF] Connection approved [87417872-074f-42c2-b427-de7de34efc2b].
2026-05-14 01:33:36.232 +02:00 [INF] Updated PermissionSet 'default'
2026-05-14 01:33:40.342 +02:00 [INF] Updated PermissionSet 'admin'
2026-05-14 01:33:40.342 +02:00 [INF] Updating active permission set to 'admin'
2026-05-14 01:33:41.050 +02:00 [WRN] 'Me' is null.
2026-05-14 01:33:41.677 +02:00 [INF] Built VBO for map 24cc8989-0a45-4ecb-bf58-41efcefcaeb8 'Test' in 13.4205ms
2026-05-14 01:34:45.648 +02:00 [INF] Built VBO for map 24cc8989-0a45-4ecb-bf58-41efcefcaeb8 'Test' in 5.3194ms
2026-05-14 01:37:36.003 +02:00 [INF] System window closing (due to user interaction most likely).
2026-05-14 01:37:36.006 +02:00 [INF] Disconnected [87417872-074f-42c2-b427-de7de34efc2b].
2026-05-14 01:37:36.007 +02:00 [INF] Updating active permission set to 'default'
2026-05-14 01:37:36.037 +02:00 [INF] Acquiring context lock... (0ms)
2026-05-14 01:37:36.037 +02:00 [INF] Acquired. (0ms)
2026-05-14 01:37:36.038 +02:00 [INF] Beginning context dispose. (0ms)
2026-05-14 01:37:36.038 +02:00 [INF] GC.SuppressFinalize (0ms)
2026-05-14 01:37:36.039 +02:00 [INF] InternalDispose() completed. (0ms)
2026-05-14 01:37:36.039 +02:00 [INF] Clearing instance... (1ms)
2026-05-14 01:37:36.039 +02:00 [INF] Releasing context lock... (1ms)
2026-05-14 01:37:36.039 +02:00 [INF] Released. (1ms)
