2026-04-25 18:14:50.352 +06:00 [INF] Starting Intersect Client v0.8.0.0-custom+32d39132dace1351f63375b261f241297dd35be8-dirty
2026-04-25 18:14:50.547 +06:00 [INF] Discovered service type: Intersect.Plugins.PluginService
2026-04-25 18:14:50.550 +06:00 [WRN] Directory was specified as a plugin directory but does not exist: 'resources\plugins'
2026-04-25 18:14:50.550 +06:00 [INF] Discovered 0 plugins:

2026-04-25 18:14:53.782 +06:00 [INF] Connecting to 127.0.0.1:5400...
2026-04-25 18:14:53.805 +06:00 [INF] Connected [19fb79cc-4891-4a67-8145-98b257f5a977].
2026-04-25 18:14:53.824 +06:00 [INF] Connection approved [19fb79cc-4891-4a67-8145-98b257f5a977].
2026-04-25 18:14:53.911 +06:00 [INF] Updated PermissionSet 'default'
2026-04-25 18:14:58.683 +06:00 [INF] Updated PermissionSet 'admin'
2026-04-25 18:14:58.683 +06:00 [INF] Updating active permission set to 'admin'
2026-04-25 18:14:58.837 +06:00 [WRN] Unable to add '_buttonLogout' to the JSON of MainMenu.SelectCharacterWindow._innerPanel._buttonsPanel because a sibling shares the same name
2026-04-25 18:14:59.406 +06:00 [WRN] 'Me' is null.
2026-04-25 18:14:59.805 +06:00 [INF] Client loaded map "c15f8299-8999-471f-9760-388ff4cdec7c" (Forest) with 0 lights.
2026-04-25 18:14:59.830 +06:00 [INF] Client loaded map "27c6a7b2-4e9f-4316-9a0f-e13ec8e16ba2" (Forest) with 1 lights.
2026-04-25 18:14:59.872 +06:00 [INF] Client loaded map "27c6a7b2-4e9f-4316-9a0f-e13ec8e16ba2" (Forest) with 1 lights.
2026-04-25 18:14:59.999 +06:00 [INF] Built VBO for map 27c6a7b2-4e9f-4316-9a0f-e13ec8e16ba2 'Forest' in 10.5691ms
2026-04-25 18:15:06.760 +06:00 [INF] Built VBO for map c15f8299-8999-471f-9760-388ff4cdec7c 'Forest' in 10.473ms
2026-04-25 18:15:12.283 +06:00 [INF] System window closing (due to user interaction most likely).
2026-04-25 18:15:12.286 +06:00 [INF] Disconnected [19fb79cc-4891-4a67-8145-98b257f5a977].
2026-04-25 18:15:12.287 +06:00 [INF] Updating active permission set to 'default'
2026-04-25 18:15:12.369 +06:00 [INF] Acquiring context lock... (0ms)
2026-04-25 18:15:12.369 +06:00 [INF] Acquired. (0ms)
2026-04-25 18:15:12.369 +06:00 [INF] Beginning context dispose. (0ms)
2026-04-25 18:15:12.370 +06:00 [INF] GC.SuppressFinalize (0ms)
2026-04-25 18:15:12.370 +06:00 [INF] InternalDispose() completed. (0ms)
2026-04-25 18:15:12.370 +06:00 [INF] Clearing instance... (1ms)
2026-04-25 18:15:12.370 +06:00 [INF] Releasing context lock... (1ms)
2026-04-25 18:15:12.370 +06:00 [INF] Released. (1ms)
