2026-06-05 08:16:52.134 +02:00 [INF] Starting Intersect Client v0.8.0.0-custom+32d39132dace1351f63375b261f241297dd35be8-dirty
2026-06-05 08:16:52.371 +02:00 [INF] Discovered service type: Intersect.Plugins.PluginService
2026-06-05 08:16:52.375 +02:00 [WRN] Directory was specified as a plugin directory but does not exist: 'resources\plugins'
2026-06-05 08:16:52.376 +02:00 [INF] Discovered 0 plugins:

2026-06-05 08:16:54.829 +02:00 [INF] Connecting to 95.156.227.207:5400...
2026-06-05 08:16:54.902 +02:00 [INF] Connected [56613e0c-c5fd-4d25-b63c-914d9b18d78f].
2026-06-05 08:16:54.908 +02:00 [INF] Connection approved [56613e0c-c5fd-4d25-b63c-914d9b18d78f].
2026-06-05 08:16:55.012 +02:00 [INF] Updated PermissionSet 'default'
2026-06-05 08:16:55.012 +02:00 [INF] Updated PermissionSet 'admin'
2026-06-05 08:16:59.972 +02:00 [INF] Updating active permission set to 'admin'
2026-06-05 08:17:00.667 +02:00 [WRN] 'Me' is null.
2026-06-05 08:17:01.611 +02:00 [INF] Built VBO for map 15601ad4-9f26-4abe-a6c9-3a7eebaa3045 'Forest' in 24.3263ms
2026-06-05 08:17:01.614 +02:00 [INF] Built VBO for map 27c6a7b2-4e9f-4316-9a0f-e13ec8e16ba2 'Forest' in 1.7022ms
2026-06-05 08:17:01.621 +02:00 [ERR] Exception thrown while trying to load 'resources/tilesets/water_shore_marker.png'
System.IO.FileNotFoundException: Could not find file 'F:\game code engine\Intersect_New\Intersect.Client\resources\tilesets\water_shore_marker.png'.
File name: 'F:\game code engine\Intersect_New\Intersect.Client\resources\tilesets\water_shore_marker.png'
   at Microsoft.Win32.SafeHandles.SafeFileHandle.CreateFile(String fullPath, FileMode mode, FileAccess access, FileShare share, FileOptions options)
   at Microsoft.Win32.SafeHandles.SafeFileHandle.Open(String fullPath, FileMode mode, FileAccess access, FileShare share, FileOptions options, Int64 preallocationSize, Nullable`1 unixCreateMode)
   at System.IO.Strategies.OSFileStreamStrategy..ctor(String path, FileMode mode, FileAccess access, FileShare share, FileOptions options, Int64 preallocationSize, Nullable`1 unixCreateMode)
   at System.IO.Strategies.FileStreamHelpers.ChooseStrategyCore(String path, FileMode mode, FileAccess access, FileShare share, FileOptions options, Int64 preallocationSize, Nullable`1 unixCreateMode)
   at System.IO.File.OpenRead(String path)
   at Intersect.Client.Framework.Graphics.GameRenderer.<>c__DisplayClass176_0.<LoadTexture>b__0() in F:\game code engine\Intersect_New\Intersect.Client.Framework\Graphics\GameRenderer.cs:line 921
   at Intersect.Client.Framework.Graphics.GameTexture`2.LoadPlatformTexture(Boolean force) in F:\game code engine\Intersect_New\Intersect.Client.Framework\Graphics\GameTexture.cs:line 279
2026-06-05 08:17:01.631 +02:00 [INF] Built VBO for map e341d25d-5ff4-4cd6-bcd5-2f2cda710c86 'Forest' in 14.6664ms
2026-06-05 08:17:01.647 +02:00 [INF] Built VBO for map 15601ad4-9f26-4abe-a6c9-3a7eebaa3045 'Forest' in 4.4137ms
2026-06-05 08:17:01.863 +02:00 [INF] Built VBO for map e341d25d-5ff4-4cd6-bcd5-2f2cda710c86 'Forest' in 4.4648ms
2026-06-05 08:17:09.962 +02:00 [INF] Built VBO for map 15601ad4-9f26-4abe-a6c9-3a7eebaa3045 'Forest' in 2.7282ms
2026-06-05 08:17:10.069 +02:00 [INF] Built VBO for map 27c6a7b2-4e9f-4316-9a0f-e13ec8e16ba2 'Forest' in 0.3827ms
2026-06-05 08:17:30.298 +02:00 [INF] Built VBO for map 9802b09c-f592-4d93-8e11-d3424500716c 'Forest' in 1.7631ms
2026-06-05 08:17:30.331 +02:00 [INF] Built VBO for map a31f210c-f5fb-48bf-9db2-45fab2293a4c 'Forest' in 31.4744ms
2026-06-05 08:17:30.539 +02:00 [INF] Built VBO for map 15601ad4-9f26-4abe-a6c9-3a7eebaa3045 'Forest' in 0.2843ms
2026-06-05 08:17:30.658 +02:00 [INF] Built VBO for map 27c6a7b2-4e9f-4316-9a0f-e13ec8e16ba2 'Forest' in 6.2701ms
2026-06-05 08:21:03.720 +02:00 [INF] Built VBO for map 9802b09c-f592-4d93-8e11-d3424500716c 'Forest' in 3.1422ms
2026-06-05 08:21:03.743 +02:00 [INF] Built VBO for map a31f210c-f5fb-48bf-9db2-45fab2293a4c 'Forest' in 23.0005ms
2026-06-05 08:21:07.211 +02:00 [INF] Ignoring warp to map 'Forest' ("9802b09c-f592-4d93-8e11-d3424500716c") because the player is already on the map
2026-06-05 08:21:08.398 +02:00 [INF] Built VBO for map e341d25d-5ff4-4cd6-bcd5-2f2cda710c86 'Forest' in 3.2733ms
2026-06-05 08:21:08.425 +02:00 [INF] Built VBO for map 15601ad4-9f26-4abe-a6c9-3a7eebaa3045 'Forest' in 0.8322ms
2026-06-05 08:21:08.458 +02:00 [INF] Built VBO for map 27c6a7b2-4e9f-4316-9a0f-e13ec8e16ba2 'Forest' in 7.6433ms
2026-06-05 08:21:12.583 +02:00 [INF] Built VBO for map 15601ad4-9f26-4abe-a6c9-3a7eebaa3045 'Forest' in 0.8197ms
2026-06-05 08:21:12.691 +02:00 [INF] Built VBO for map 27c6a7b2-4e9f-4316-9a0f-e13ec8e16ba2 'Forest' in 1.4057ms
2026-06-05 08:21:32.862 +02:00 [INF] Built VBO for map e341d25d-5ff4-4cd6-bcd5-2f2cda710c86 'Forest' in 2.2778ms
2026-06-05 08:21:38.939 +02:00 [INF] System window closing (due to user interaction most likely).
2026-06-05 08:21:38.942 +02:00 [INF] Disconnected [56613e0c-c5fd-4d25-b63c-914d9b18d78f].
2026-06-05 08:21:38.943 +02:00 [INF] Updating active permission set to 'default'
2026-06-05 08:21:38.975 +02:00 [INF] Acquiring context lock... (0ms)
2026-06-05 08:21:38.976 +02:00 [INF] Acquired. (0ms)
2026-06-05 08:21:38.976 +02:00 [INF] Beginning context dispose. (0ms)
2026-06-05 08:21:38.977 +02:00 [INF] GC.SuppressFinalize (0ms)
2026-06-05 08:21:38.977 +02:00 [INF] InternalDispose() completed. (0ms)
2026-06-05 08:21:38.977 +02:00 [INF] Clearing instance... (1ms)
2026-06-05 08:21:38.977 +02:00 [INF] Releasing context lock... (1ms)
2026-06-05 08:21:38.977 +02:00 [INF] Released. (1ms)
