2026-04-23 20:27:09.609 +06:00 [INF] Starting Intersect Client v0.8.0.0-custom+32d39132dace1351f63375b261f241297dd35be8-dirty
2026-04-23 20:27:09.839 +06:00 [INF] Discovered service type: Intersect.Plugins.PluginService
2026-04-23 20:27:09.843 +06:00 [WRN] Directory was specified as a plugin directory but does not exist: 'resources\plugins'
2026-04-23 20:27:09.844 +06:00 [INF] Discovered 0 plugins:

2026-04-23 20:27:11.968 +06:00 [INF] Connecting to 127.0.0.1:5400...
2026-04-23 20:27:11.977 +06:00 [INF] Connected [06a37fcc-2484-45b2-9126-930794a8648d].
2026-04-23 20:27:11.988 +06:00 [INF] Connection approved [06a37fcc-2484-45b2-9126-930794a8648d].
2026-04-23 20:27:12.065 +06:00 [INF] Updated PermissionSet 'default'
2026-04-23 20:27:12.065 +06:00 [INF] Updated PermissionSet 'admin'
2026-04-23 20:27:15.257 +06:00 [INF] Updating active permission set to 'admin'
2026-04-23 20:27:15.336 +06:00 [WRN] Unable to add '_buttonLogout' to the JSON of MainMenu.SelectCharacterWindow._innerPanel._buttonsPanel because a sibling shares the same name
2026-04-23 20:27:15.864 +06:00 [WRN] 'Me' is null.
2026-04-23 20:27:16.447 +06:00 [INF] Built VBO for map 27c6a7b2-4e9f-4316-9a0f-e13ec8e16ba2 'Forest' in 41.7279ms
2026-04-23 20:28:51.791 +06:00 [INF] System window closing (due to user interaction most likely).
2026-04-23 20:28:51.794 +06:00 [INF] Disconnected [06a37fcc-2484-45b2-9126-930794a8648d].
2026-04-23 20:28:51.795 +06:00 [INF] Updating active permission set to 'default'
2026-04-23 20:28:51.830 +06:00 [INF] Acquiring context lock... (0ms)
2026-04-23 20:28:51.830 +06:00 [INF] Acquired. (0ms)
2026-04-23 20:28:51.831 +06:00 [INF] Beginning context dispose. (0ms)
2026-04-23 20:28:51.831 +06:00 [INF] GC.SuppressFinalize (0ms)
2026-04-23 20:28:51.831 +06:00 [INF] InternalDispose() completed. (0ms)
2026-04-23 20:28:51.832 +06:00 [INF] Clearing instance... (1ms)
2026-04-23 20:28:51.832 +06:00 [INF] Releasing context lock... (1ms)
2026-04-23 20:28:51.832 +06:00 [INF] Released. (1ms)
