2026-05-14 11:39:18.025 +02:00 [INF] Starting Intersect Client v0.8.0.0-custom+32d39132dace1351f63375b261f241297dd35be8-dirty
2026-05-14 11:39:18.306 +02:00 [INF] Discovered service type: Intersect.Plugins.PluginService
2026-05-14 11:39:18.310 +02:00 [WRN] Directory was specified as a plugin directory but does not exist: 'resources\plugins'
2026-05-14 11:39:18.311 +02:00 [INF] Discovered 0 plugins:

2026-05-14 11:39:21.230 +02:00 [INF] Connecting to 127.0.0.1:5400...
2026-05-14 11:39:21.254 +02:00 [INF] Connected [93407409-9e9c-45ca-b643-9760bfc552d7].
2026-05-14 11:39:21.267 +02:00 [INF] Connection approved [93407409-9e9c-45ca-b643-9760bfc552d7].
2026-05-14 11:39:21.388 +02:00 [INF] Updated PermissionSet 'default'
2026-05-14 11:39:26.180 +02:00 [INF] Updated PermissionSet 'admin'
2026-05-14 11:39:26.181 +02:00 [INF] Updating active permission set to 'admin'
2026-05-14 11:39:29.354 +02:00 [WRN] 'Me' is null.
2026-05-14 11:39:29.981 +02:00 [INF] Built VBO for map 24cc8989-0a45-4ecb-bf58-41efcefcaeb8 'Test' in 18.2765ms
2026-05-14 11:42:34.620 +02:00 [INF] System window closing (due to user interaction most likely).
2026-05-14 11:42:34.623 +02:00 [INF] Disconnected [93407409-9e9c-45ca-b643-9760bfc552d7].
2026-05-14 11:42:34.624 +02:00 [INF] Updating active permission set to 'default'
2026-05-14 11:42:34.673 +02:00 [INF] Acquiring context lock... (0ms)
2026-05-14 11:42:34.673 +02:00 [INF] Acquired. (0ms)
2026-05-14 11:42:34.674 +02:00 [INF] Beginning context dispose. (0ms)
2026-05-14 11:42:34.675 +02:00 [INF] GC.SuppressFinalize (0ms)
2026-05-14 11:42:34.675 +02:00 [INF] InternalDispose() completed. (0ms)
2026-05-14 11:42:34.675 +02:00 [INF] Clearing instance... (1ms)
2026-05-14 11:42:34.675 +02:00 [INF] Releasing context lock... (2ms)
2026-05-14 11:42:34.675 +02:00 [INF] Released. (2ms)
