2026-07-06 01:23:55.195 +02:00 [INF] Starting Intersect Client v0.8.0.0-custom+32d39132dace1351f63375b261f241297dd35be8-dirty
2026-07-06 01:23:55.420 +02:00 [INF] Discovered service type: Intersect.Plugins.PluginService
2026-07-06 01:23:55.424 +02:00 [WRN] Directory was specified as a plugin directory but does not exist: 'resources\plugins'
2026-07-06 01:23:55.425 +02:00 [INF] Discovered 0 plugins:

2026-07-06 01:23:57.354 +02:00 [INF] Connecting to 127.0.0.1:5400...
2026-07-06 01:23:57.373 +02:00 [INF] Connected [7fc06f7c-1804-4033-aafd-f93fe7ef3439].
2026-07-06 01:23:57.396 +02:00 [INF] Connection approved [7fc06f7c-1804-4033-aafd-f93fe7ef3439].
2026-07-06 01:23:57.492 +02:00 [INF] Updated PermissionSet 'default'
2026-07-06 01:24:01.744 +02:00 [INF] Updated PermissionSet 'admin'
2026-07-06 01:24:01.745 +02:00 [INF] Updating active permission set to 'admin'
2026-07-06 01:24:04.177 +02:00 [WRN] 'Me' is null.
2026-07-06 01:24:05.230 +02:00 [ERR] Exception thrown while trying to load 'resources/tilesets/water_shore_marker.png'
System.IO.FileNotFoundException: Could not find file 'F:\game code engine\Intersect_New\Intersect.Client\resources\tilesets\water_shore_marker.png'.
File name: 'F:\game code engine\Intersect_New\Intersect.Client\resources\tilesets\water_shore_marker.png'
   at Microsoft.Win32.SafeHandles.SafeFileHandle.CreateFile(String fullPath, FileMode mode, FileAccess access, FileShare share, FileOptions options)
   at Microsoft.Win32.SafeHandles.SafeFileHandle.Open(String fullPath, FileMode mode, FileAccess access, FileShare share, FileOptions options, Int64 preallocationSize, Nullable`1 unixCreateMode)
   at System.IO.Strategies.OSFileStreamStrategy..ctor(String path, FileMode mode, FileAccess access, FileShare share, FileOptions options, Int64 preallocationSize, Nullable`1 unixCreateMode)
   at System.IO.Strategies.FileStreamHelpers.ChooseStrategyCore(String path, FileMode mode, FileAccess access, FileShare share, FileOptions options, Int64 preallocationSize, Nullable`1 unixCreateMode)
   at System.IO.File.OpenRead(String path)
   at Intersect.Client.Framework.Graphics.GameRenderer.<>c__DisplayClass182_0.<LoadTexture>b__0() in f:\game code engine\Intersect_New\Intersect.Client.Framework\Graphics\GameRenderer.cs:line 1027
   at Intersect.Client.Framework.Graphics.GameTexture`2.LoadPlatformTexture(Boolean force) in f:\game code engine\Intersect_New\Intersect.Client.Framework\Graphics\GameTexture.cs:line 279
2026-07-06 01:24:05.243 +02:00 [INF] Built VBO for map 9802b09c-f592-4d93-8e11-d3424500716c 'Deep Forest' in 47.5279ms
2026-07-06 01:24:05.253 +02:00 [INF] Built VBO for map 15601ad4-9f26-4abe-a6c9-3a7eebaa3045 'Forest' in 8.7254ms
2026-07-06 01:24:05.263 +02:00 [INF] Built VBO for map d490222a-af25-4a7f-bec3-7ca8016e08d7 'New Map' in 5.7893ms
2026-07-06 01:24:05.364 +02:00 [INF] Built VBO for map a31f210c-f5fb-48bf-9db2-45fab2293a4c 'Forest' in 99.7535ms
2026-07-06 01:24:05.414 +02:00 [INF] Built VBO for map 27c6a7b2-4e9f-4316-9a0f-e13ec8e16ba2 'Forest' in 46.7948ms
2026-07-06 01:24:05.420 +02:00 [INF] Built VBO for map e341d25d-5ff4-4cd6-bcd5-2f2cda710c86 'Greenfall Vale' in 5.0789ms
2026-07-06 01:24:34.646 +02:00 [INF] Built VBO for map 15601ad4-9f26-4abe-a6c9-3a7eebaa3045 'Forest' in 6.0705ms
2026-07-06 01:24:34.680 +02:00 [INF] Built VBO for map 27c6a7b2-4e9f-4316-9a0f-e13ec8e16ba2 'Forest' in 33.3782ms
2026-07-06 01:24:34.814 +02:00 [INF] Built VBO for map 9802b09c-f592-4d93-8e11-d3424500716c 'Deep Forest' in 4.525ms
2026-07-06 01:24:35.313 +02:00 [INF] Built VBO for map d490222a-af25-4a7f-bec3-7ca8016e08d7 'New Map' in 3.9851ms
2026-07-06 01:24:35.895 +02:00 [INF] Built VBO for map a31f210c-f5fb-48bf-9db2-45fab2293a4c 'Forest' in 36.411ms
2026-07-06 01:24:36.397 +02:00 [INF] Built VBO for map e341d25d-5ff4-4cd6-bcd5-2f2cda710c86 'Greenfall Vale' in 3.8549ms
2026-07-06 01:24:44.996 +02:00 [INF] Built VBO for map 15601ad4-9f26-4abe-a6c9-3a7eebaa3045 'Forest' in 7.4449ms
2026-07-06 01:24:45.028 +02:00 [INF] Built VBO for map 27c6a7b2-4e9f-4316-9a0f-e13ec8e16ba2 'Forest' in 30.7337ms
2026-07-06 01:24:45.218 +02:00 [INF] Built VBO for map 9802b09c-f592-4d93-8e11-d3424500716c 'Deep Forest' in 4.9183ms
2026-07-06 01:24:45.777 +02:00 [INF] Built VBO for map d490222a-af25-4a7f-bec3-7ca8016e08d7 'New Map' in 3.8308ms
2026-07-06 01:24:46.362 +02:00 [INF] Built VBO for map a31f210c-f5fb-48bf-9db2-45fab2293a4c 'Forest' in 35.7413ms
2026-07-06 01:24:46.858 +02:00 [INF] Built VBO for map e341d25d-5ff4-4cd6-bcd5-2f2cda710c86 'Greenfall Vale' in 4.2765ms
2026-07-06 01:24:59.541 +02:00 [INF] Built VBO for map 9802b09c-f592-4d93-8e11-d3424500716c 'Deep Forest' in 3.9546ms
2026-07-06 01:24:59.546 +02:00 [INF] Built VBO for map 15601ad4-9f26-4abe-a6c9-3a7eebaa3045 'Forest' in 3.995ms
2026-07-06 01:24:59.579 +02:00 [INF] Built VBO for map 27c6a7b2-4e9f-4316-9a0f-e13ec8e16ba2 'Forest' in 32.5293ms
2026-07-06 01:25:00.061 +02:00 [INF] Built VBO for map d490222a-af25-4a7f-bec3-7ca8016e08d7 'New Map' in 3.1409ms
2026-07-06 01:25:00.644 +02:00 [INF] Built VBO for map a31f210c-f5fb-48bf-9db2-45fab2293a4c 'Forest' in 34.5243ms
2026-07-06 01:25:01.152 +02:00 [INF] Built VBO for map e341d25d-5ff4-4cd6-bcd5-2f2cda710c86 'Greenfall Vale' in 4.3148ms
2026-07-06 01:26:03.293 +02:00 [INF] System window closing (due to user interaction most likely).
2026-07-06 01:26:03.296 +02:00 [INF] Disconnected [7fc06f7c-1804-4033-aafd-f93fe7ef3439].
2026-07-06 01:26:03.297 +02:00 [INF] Updating active permission set to 'default'
2026-07-06 01:26:03.322 +02:00 [INF] Acquiring context lock... (0ms)
2026-07-06 01:26:03.322 +02:00 [INF] Acquired. (0ms)
2026-07-06 01:26:03.323 +02:00 [INF] Beginning context dispose. (0ms)
2026-07-06 01:26:03.323 +02:00 [INF] GC.SuppressFinalize (0ms)
2026-07-06 01:26:03.323 +02:00 [INF] InternalDispose() completed. (0ms)
2026-07-06 01:26:03.323 +02:00 [INF] Clearing instance... (1ms)
2026-07-06 01:26:03.323 +02:00 [INF] Releasing context lock... (1ms)
2026-07-06 01:26:03.323 +02:00 [INF] Released. (1ms)
