2026-05-26 14:55:44.424 +02:00 [INF] Starting Intersect Client v0.8.0.0-custom+32d39132dace1351f63375b261f241297dd35be8-dirty
2026-05-26 14:55:44.752 +02:00 [INF] Discovered service type: Intersect.Plugins.PluginService
2026-05-26 14:55:44.757 +02:00 [WRN] Directory was specified as a plugin directory but does not exist: 'resources\plugins'
2026-05-26 14:55:44.758 +02:00 [INF] Discovered 0 plugins:

2026-05-26 14:55:48.239 +02:00 [INF] Connecting to 127.0.0.1:5400...
2026-05-26 14:55:48.263 +02:00 [INF] Connected [5571a9e2-94d7-4077-a5a9-5654ad80807f].
2026-05-26 14:55:48.276 +02:00 [INF] Connection approved [5571a9e2-94d7-4077-a5a9-5654ad80807f].
2026-05-26 14:55:48.376 +02:00 [INF] Updated PermissionSet 'default'
2026-05-26 14:55:53.238 +02:00 [INF] Updated PermissionSet 'admin'
2026-05-26 14:55:53.238 +02:00 [INF] Updating active permission set to 'admin'
2026-05-26 14:55:53.964 +02:00 [WRN] 'Me' is null.
2026-05-26 14:55:54.640 +02:00 [INF] Built VBO for map d5c08240-0436-454a-8993-362abf5bc477 'New Map' in 12.9213ms
2026-05-26 14:55:54.672 +02:00 [INF] Window light shader 'Intersect.Client.Resources.Shaders.windowlight.mgfxo' loaded successfully with 9 parameters
2026-05-26 14:57:33.806 +02:00 [INF] System window closing (due to user interaction most likely).
2026-05-26 14:57:33.809 +02:00 [INF] Disconnected [5571a9e2-94d7-4077-a5a9-5654ad80807f].
2026-05-26 14:57:33.810 +02:00 [INF] Updating active permission set to 'default'
2026-05-26 14:57:33.852 +02:00 [INF] Acquiring context lock... (0ms)
2026-05-26 14:57:33.852 +02:00 [INF] Acquired. (0ms)
2026-05-26 14:57:33.853 +02:00 [INF] Beginning context dispose. (0ms)
2026-05-26 14:57:33.853 +02:00 [INF] GC.SuppressFinalize (0ms)
2026-05-26 14:57:33.854 +02:00 [INF] InternalDispose() completed. (0ms)
2026-05-26 14:57:33.854 +02:00 [INF] Clearing instance... (1ms)
2026-05-26 14:57:33.854 +02:00 [INF] Releasing context lock... (1ms)
2026-05-26 14:57:33.854 +02:00 [INF] Released. (1ms)
