2026-04-27 18:22:44.470 +06:00 [INF] Starting Intersect Client v0.8.0.0-custom+32d39132dace1351f63375b261f241297dd35be8-dirty
2026-04-27 18:22:44.706 +06:00 [INF] Discovered service type: Intersect.Plugins.PluginService
2026-04-27 18:22:44.710 +06:00 [WRN] Directory was specified as a plugin directory but does not exist: 'resources\plugins'
2026-04-27 18:22:44.710 +06:00 [INF] Discovered 0 plugins:

2026-04-27 18:22:47.796 +06:00 [INF] Connecting to 127.0.0.1:5400...
2026-04-27 18:22:47.815 +06:00 [INF] Connected [3628620c-26a9-460a-9ac4-f44a10dcffba].
2026-04-27 18:22:47.839 +06:00 [INF] Connection approved [3628620c-26a9-460a-9ac4-f44a10dcffba].
2026-04-27 18:22:47.932 +06:00 [INF] Updated PermissionSet 'default'
2026-04-27 18:22:51.790 +06:00 [INF] Updated PermissionSet 'admin'
2026-04-27 18:22:51.791 +06:00 [INF] Updating active permission set to 'admin'
2026-04-27 18:22:51.946 +06:00 [WRN] Unable to add '_buttonLogout' to the JSON of MainMenu.SelectCharacterWindow._innerPanel._buttonsPanel because a sibling shares the same name
2026-04-27 18:22:52.500 +06:00 [WRN] 'Me' is null.
2026-04-27 18:22:53.086 +06:00 [INF] Built VBO for map 27c6a7b2-4e9f-4316-9a0f-e13ec8e16ba2 'Forest' in 19.8515ms
2026-04-27 18:23:38.182 +06:00 [WRN] Missing font 'arial'
2026-04-27 18:23:38.182 +06:00 [WRN] Missing font 'arial'
2026-04-27 18:23:38.182 +06:00 [WRN] Missing font 'arial'
2026-04-27 18:23:38.182 +06:00 [WRN] Missing font 'arial'
2026-04-27 18:23:38.183 +06:00 [WRN] Missing font 'arial'
2026-04-27 18:23:38.183 +06:00 [WRN] Missing font 'arial'
2026-04-27 18:23:38.183 +06:00 [WRN] Missing font 'arial'
2026-04-27 18:23:38.183 +06:00 [WRN] Missing font 'arial'
2026-04-27 18:23:56.218 +06:00 [WRN] 'Me' is null.
2026-04-27 18:23:56.219 +06:00 [WRN] 'Me' is null.
2026-04-27 18:23:56.219 +06:00 [WRN] 'Me' is null.
2026-04-27 18:23:56.219 +06:00 [WRN] 'Me' is null.
2026-04-27 18:23:57.500 +06:00 [WRN] 'Me' is null.
2026-04-27 18:23:57.555 +06:00 [WRN] Tried to load entity "31d24595-6847-4bec-b802-87b05f4da3a9" (Oran) from packet before in-game UI was ready
2026-04-27 18:23:57.556 +06:00 [WRN] Tried to load entity "31d24595-6847-4bec-b802-87b05f4da3a9" (Oran) from packet before in-game UI was ready
2026-04-27 18:23:57.687 +06:00 [INF] Built VBO for map 27c6a7b2-4e9f-4316-9a0f-e13ec8e16ba2 'Forest' in 2.0624ms
2026-04-27 18:24:12.296 +06:00 [WRN] 'Me' is null.
2026-04-27 18:24:12.333 +06:00 [WRN] Tried to load entity "31d24595-6847-4bec-b802-87b05f4da3a9" (Oran) from packet before in-game UI was ready
2026-04-27 18:24:12.333 +06:00 [WRN] Tried to load entity "31d24595-6847-4bec-b802-87b05f4da3a9" (Oran) from packet before in-game UI was ready
2026-04-27 18:24:12.499 +06:00 [INF] Built VBO for map 27c6a7b2-4e9f-4316-9a0f-e13ec8e16ba2 'Forest' in 2.0723ms
2026-04-27 18:26:36.025 +06:00 [WRN] Missing font 'arial'
2026-04-27 18:26:36.025 +06:00 [WRN] Missing font 'arial'
2026-04-27 18:26:36.025 +06:00 [WRN] Missing font 'arial'
2026-04-27 18:26:36.025 +06:00 [WRN] Missing font 'arial'
2026-04-27 18:26:36.025 +06:00 [WRN] Missing font 'arial'
2026-04-27 18:26:36.025 +06:00 [WRN] Missing font 'arial'
2026-04-27 18:26:36.025 +06:00 [WRN] Missing font 'arial'
2026-04-27 18:26:36.025 +06:00 [WRN] Missing font 'arial'
2026-04-27 18:27:53.390 +06:00 [WRN] 'TargetBox' is null.
2026-04-27 18:27:53.439 +06:00 [WRN] 'TargetBox' is null.
2026-04-27 18:27:53.506 +06:00 [WRN] 'TargetBox' is null.
2026-04-27 18:27:53.573 +06:00 [WRN] 'TargetBox' is null.
2026-04-27 18:27:53.623 +06:00 [WRN] 'TargetBox' is null.
2026-04-27 18:27:53.690 +06:00 [WRN] 'TargetBox' is null.
2026-04-27 18:27:53.757 +06:00 [WRN] 'TargetBox' is null.
2026-04-27 18:27:53.807 +06:00 [WRN] 'TargetBox' is null.
2026-04-27 18:27:53.874 +06:00 [WRN] 'TargetBox' is null.
2026-04-27 18:27:53.940 +06:00 [WRN] 'TargetBox' is null.
2026-04-27 18:27:53.991 +06:00 [WRN] 'TargetBox' is null.
2026-04-27 18:27:54.058 +06:00 [WRN] 'TargetBox' is null.
2026-04-27 18:27:54.125 +06:00 [WRN] 'TargetBox' is null.
2026-04-27 18:27:54.192 +06:00 [WRN] 'TargetBox' is null.
2026-04-27 18:27:54.241 +06:00 [WRN] 'TargetBox' is null.
2026-04-27 18:27:54.308 +06:00 [WRN] 'TargetBox' is null.
2026-04-27 18:27:54.375 +06:00 [WRN] 'TargetBox' is null.
2026-04-27 18:27:54.425 +06:00 [WRN] 'TargetBox' is null.
2026-04-27 18:27:54.492 +06:00 [WRN] 'TargetBox' is null.
2026-04-27 18:27:54.558 +06:00 [WRN] 'TargetBox' is null.
2026-04-27 18:27:54.608 +06:00 [WRN] 'TargetBox' is null.
2026-04-27 18:27:54.677 +06:00 [WRN] 'TargetBox' is null.
2026-04-27 18:27:54.742 +06:00 [WRN] 'TargetBox' is null.
2026-04-27 18:27:54.793 +06:00 [WRN] 'TargetBox' is null.
2026-04-27 18:27:54.859 +06:00 [WRN] 'TargetBox' is null.
2026-04-27 18:27:54.926 +06:00 [WRN] 'TargetBox' is null.
2026-04-27 18:27:54.993 +06:00 [WRN] 'TargetBox' is null.
2026-04-27 18:27:55.043 +06:00 [WRN] 'TargetBox' is null.
2026-04-27 18:27:55.126 +06:00 [WRN] 'TargetBox' is null.
2026-04-27 18:27:55.176 +06:00 [WRN] 'TargetBox' is null.
2026-04-27 18:27:55.226 +06:00 [WRN] 'TargetBox' is null.
2026-04-27 18:27:55.293 +06:00 [WRN] 'TargetBox' is null.
2026-04-27 18:27:55.359 +06:00 [WRN] 'TargetBox' is null.
2026-04-27 18:27:55.426 +06:00 [WRN] 'TargetBox' is null.
2026-04-27 18:27:55.476 +06:00 [WRN] 'TargetBox' is null.
2026-04-27 18:27:55.543 +06:00 [WRN] 'TargetBox' is null.
2026-04-27 18:27:55.609 +06:00 [WRN] 'TargetBox' is null.
2026-04-27 18:28:05.563 +06:00 [WRN] 'TargetBox' is null.
2026-04-27 18:28:06.614 +06:00 [WRN] 'TargetBox' is null.
2026-04-27 18:28:06.681 +06:00 [WRN] 'TargetBox' is null.
2026-04-27 18:28:06.748 +06:00 [WRN] 'TargetBox' is null.
2026-04-27 18:28:06.815 +06:00 [WRN] 'TargetBox' is null.
2026-04-27 18:28:06.865 +06:00 [WRN] 'TargetBox' is null.
2026-04-27 18:28:06.932 +06:00 [WRN] 'TargetBox' is null.
2026-04-27 18:28:06.998 +06:00 [WRN] 'TargetBox' is null.
2026-04-27 18:28:07.049 +06:00 [WRN] 'TargetBox' is null.
2026-04-27 18:28:07.132 +06:00 [WRN] 'TargetBox' is null.
2026-04-27 18:28:07.183 +06:00 [WRN] 'TargetBox' is null.
2026-04-27 18:28:07.232 +06:00 [WRN] 'TargetBox' is null.
2026-04-27 18:28:07.299 +06:00 [WRN] 'TargetBox' is null.
2026-04-27 18:28:07.366 +06:00 [WRN] 'TargetBox' is null.
2026-04-27 18:28:14.306 +06:00 [INF] System window closing (due to user interaction most likely).
2026-04-27 18:28:14.309 +06:00 [INF] Disconnected [3628620c-26a9-460a-9ac4-f44a10dcffba].
2026-04-27 18:28:14.310 +06:00 [INF] Updating active permission set to 'default'
2026-04-27 18:28:14.363 +06:00 [INF] Acquiring context lock... (0ms)
2026-04-27 18:28:14.363 +06:00 [INF] Acquired. (0ms)
2026-04-27 18:28:14.365 +06:00 [INF] Beginning context dispose. (0ms)
2026-04-27 18:28:14.365 +06:00 [INF] GC.SuppressFinalize (0ms)
2026-04-27 18:28:14.365 +06:00 [INF] InternalDispose() completed. (0ms)
2026-04-27 18:28:14.365 +06:00 [INF] Clearing instance... (2ms)
2026-04-27 18:28:14.365 +06:00 [INF] Releasing context lock... (2ms)
2026-04-27 18:28:14.365 +06:00 [INF] Released. (2ms)
