2026-04-15 15:23:06.171 +06:00 [INF] Starting Intersect Client v0.8.0.0-custom+32d39132dace1351f63375b261f241297dd35be8-dirty
2026-04-15 15:23:06.370 +06:00 [INF] Discovered service type: Intersect.Plugins.PluginService
2026-04-15 15:23:06.373 +06:00 [WRN] Directory was specified as a plugin directory but does not exist: 'resources\plugins'
2026-04-15 15:23:06.374 +06:00 [INF] Discovered 0 plugins:

2026-04-15 15:23:08.453 +06:00 [INF] Connecting to 127.0.0.1:5400...
2026-04-15 15:23:08.461 +06:00 [INF] Connected [a195c979-7742-4f4d-ba62-0cb5f502fb0e].
2026-04-15 15:23:08.474 +06:00 [INF] Connection approved [a195c979-7742-4f4d-ba62-0cb5f502fb0e].
2026-04-15 15:23:08.561 +06:00 [INF] Updated PermissionSet 'default'
2026-04-15 15:23:08.561 +06:00 [INF] Updated PermissionSet 'admin'
2026-04-15 15:23:17.723 +06:00 [WRN] Unable to add '_buttonLogout' to the JSON of MainMenu.SelectCharacterWindow._innerPanel._buttonsPanel because a sibling shares the same name
2026-04-15 15:24:29.123 +06:00 [WRN] 'Me' is null.
2026-04-15 15:24:29.666 +06:00 [INF] Built VBO for map 73ba8458-f8de-4f78-a254-c91b18418ed0 'test 3' in 55.0457ms
2026-04-15 15:24:29.675 +06:00 [INF] Built VBO for map 27c6a7b2-4e9f-4316-9a0f-e13ec8e16ba2 'New Map' in 4.5441ms
2026-04-15 15:24:32.142 +06:00 [INF] Built VBO for map 23630ac6-4461-460d-8a3b-9a0d4477096f 'test 8' in 8.3504ms
2026-04-15 15:25:36.458 +06:00 [INF] System window closing (due to user interaction most likely).
2026-04-15 15:25:36.461 +06:00 [INF] Disconnected [a195c979-7742-4f4d-ba62-0cb5f502fb0e].
2026-04-15 15:25:36.518 +06:00 [INF] Acquiring context lock... (0ms)
2026-04-15 15:25:36.518 +06:00 [INF] Acquired. (0ms)
2026-04-15 15:25:36.518 +06:00 [INF] Beginning context dispose. (0ms)
2026-04-15 15:25:36.519 +06:00 [INF] GC.SuppressFinalize (0ms)
2026-04-15 15:25:36.519 +06:00 [INF] InternalDispose() completed. (0ms)
2026-04-15 15:25:36.519 +06:00 [INF] Clearing instance... (1ms)
2026-04-15 15:25:36.519 +06:00 [INF] Releasing context lock... (1ms)
2026-04-15 15:25:36.519 +06:00 [INF] Released. (1ms)
