2026-04-05 15:58:58.081 +06:00 [INF] Starting Intersect Client v0.8.0.0-custom+32d39132dace1351f63375b261f241297dd35be8-dirty
2026-04-05 15:58:58.350 +06:00 [INF] Discovered service type: Intersect.Plugins.PluginService
2026-04-05 15:58:58.356 +06:00 [WRN] Directory was specified as a plugin directory but does not exist: 'resources\plugins'
2026-04-05 15:58:58.357 +06:00 [INF] Discovered 0 plugins:

2026-04-05 15:59:04.199 +06:00 [INF] Connecting to 127.0.0.1:5400...
2026-04-05 15:59:04.217 +06:00 [INF] Connected [4d21eb09-466d-46f4-a006-8012f553ddb4].
2026-04-05 15:59:04.234 +06:00 [INF] Connection approved [4d21eb09-466d-46f4-a006-8012f553ddb4].
2026-04-05 15:59:04.315 +06:00 [INF] Updated PermissionSet 'default'
2026-04-05 15:59:05.252 +06:00 [INF] Updated PermissionSet 'admin'
2026-04-05 15:59:05.252 +06:00 [INF] Updating active permission set to 'admin'
2026-04-05 15:59:05.375 +06:00 [WRN] Unable to add '_buttonLogout' to the JSON of MainMenu.SelectCharacterWindow._innerPanel._buttonsPanel because a sibling shares the same name
2026-04-05 15:59:06.391 +06:00 [WRN] 'Me' is null.
2026-04-05 15:59:06.902 +06:00 [INF] Built VBO for map 73ba8458-f8de-4f78-a254-c91b18418ed0 'forest' in 13.3584ms
2026-04-05 15:59:06.918 +06:00 [INF] Built VBO for map 27c6a7b2-4e9f-4316-9a0f-e13ec8e16ba2 'New Map' in 11.7205ms
2026-04-05 15:59:26.541 +06:00 [INF] Built VBO for map 850ddb26-5568-4376-b8e0-346c04cb81ef 'forest' in 6.2395ms
2026-04-05 15:59:27.222 +06:00 [INF] Built VBO for map 411179b7-b772-42ef-bf66-03b7e4d7dca8 'test 5' in 2.9545ms
2026-04-05 15:59:48.658 +06:00 [INF] System window closing (due to user interaction most likely).
2026-04-05 15:59:48.661 +06:00 [INF] Disconnected [4d21eb09-466d-46f4-a006-8012f553ddb4].
2026-04-05 15:59:48.662 +06:00 [INF] Updating active permission set to 'default'
2026-04-05 15:59:48.686 +06:00 [INF] Acquiring context lock... (0ms)
2026-04-05 15:59:48.687 +06:00 [INF] Acquired. (0ms)
2026-04-05 15:59:48.687 +06:00 [INF] Beginning context dispose. (0ms)
2026-04-05 15:59:48.687 +06:00 [INF] GC.SuppressFinalize (0ms)
2026-04-05 15:59:48.688 +06:00 [INF] InternalDispose() completed. (0ms)
2026-04-05 15:59:48.688 +06:00 [INF] Clearing instance... (1ms)
2026-04-05 15:59:48.688 +06:00 [INF] Releasing context lock... (1ms)
2026-04-05 15:59:48.688 +06:00 [INF] Released. (1ms)
