2026-03-25 13:25:27.363 +01:00 [INF] Starting Intersect Client v0.8.0.0-custom+32d39132dace1351f63375b261f241297dd35be8-dirty
2026-03-25 13:25:27.712 +01:00 [INF] Discovered service type: Intersect.Plugins.PluginService
2026-03-25 13:25:27.718 +01:00 [WRN] Directory was specified as a plugin directory but does not exist: 'resources\plugins'
2026-03-25 13:25:27.719 +01:00 [INF] Discovered 0 plugins:

2026-03-25 13:25:29.937 +01:00 [INF] Connecting to 127.0.0.1:5400...
2026-03-25 13:25:29.957 +01:00 [INF] Connected [baab50fd-20a1-486a-a77c-42ac2791bc93].
2026-03-25 13:25:29.969 +01:00 [INF] Connection approved [baab50fd-20a1-486a-a77c-42ac2791bc93].
2026-03-25 13:25:30.048 +01:00 [INF] Updated PermissionSet 'default'
2026-03-25 13:25:31.257 +01:00 [INF] Updated PermissionSet 'admin'
2026-03-25 13:25:31.258 +01:00 [INF] Updating active permission set to 'admin'
2026-03-25 13:25:31.388 +01:00 [WRN] Unable to add '_buttonLogout' to the JSON of MainMenu.SelectCharacterWindow._innerPanel._buttonsPanel because a sibling shares the same name
2026-03-25 13:25:32.597 +01:00 [WRN] 'Me' is null.
2026-03-25 13:25:33.147 +01:00 [INF] Built VBO for map 850ddb26-5568-4376-b8e0-346c04cb81ef 'forest' in 13.7947ms
2026-03-25 13:25:34.165 +01:00 [INF] Built VBO for map 411179b7-b772-42ef-bf66-03b7e4d7dca8 'test 5' in 7.006ms
2026-03-25 13:25:34.168 +01:00 [INF] Built VBO for map 73ba8458-f8de-4f78-a254-c91b18418ed0 'forest' in 1.7655ms
2026-03-25 13:25:34.175 +01:00 [INF] Built VBO for map 27c6a7b2-4e9f-4316-9a0f-e13ec8e16ba2 'New Map' in 6.8259ms
2026-03-25 13:26:39.542 +01:00 [INF] System window closing (due to user interaction most likely).
2026-03-25 13:26:39.545 +01:00 [INF] Disconnected [baab50fd-20a1-486a-a77c-42ac2791bc93].
2026-03-25 13:26:39.546 +01:00 [INF] Updating active permission set to 'default'
2026-03-25 13:26:39.628 +01:00 [INF] Acquiring context lock... (0ms)
2026-03-25 13:26:39.628 +01:00 [INF] Acquired. (0ms)
2026-03-25 13:26:39.629 +01:00 [INF] Beginning context dispose. (0ms)
2026-03-25 13:26:39.629 +01:00 [INF] GC.SuppressFinalize (0ms)
2026-03-25 13:26:39.629 +01:00 [INF] InternalDispose() completed. (0ms)
2026-03-25 13:26:39.629 +01:00 [INF] Clearing instance... (1ms)
2026-03-25 13:26:39.629 +01:00 [INF] Releasing context lock... (1ms)
2026-03-25 13:26:39.629 +01:00 [INF] Released. (1ms)
