2026-07-23 09:28:47.234 +02:00 [INF] Starting Intersect Client v0.8.0.0-custom+32d39132dace1351f63375b261f241297dd35be8-dirty
2026-07-23 09:28:47.486 +02:00 [INF] Discovered service type: Intersect.Plugins.PluginService
2026-07-23 09:28:47.489 +02:00 [WRN] Directory was specified as a plugin directory but does not exist: 'resources\plugins'
2026-07-23 09:28:47.489 +02:00 [INF] Discovered 0 plugins:

2026-07-23 09:28:47.943 +02:00 [INF] Graphics pacing configured: targetMode=-1, vsync=false, fixedStep=false, backBuffer=1760x990
2026-07-23 09:30:34.094 +02:00 [INF] Connecting to 127.0.0.1:5400...
2026-07-23 09:30:34.117 +02:00 [INF] Connected [2ec18d95-61cc-4bca-ade8-304b20551bfd].
2026-07-23 09:30:34.155 +02:00 [INF] Connection approved [2ec18d95-61cc-4bca-ade8-304b20551bfd].
2026-07-23 09:30:34.235 +02:00 [INF] Updated PermissionSet 'default'
2026-07-23 09:30:37.886 +02:00 [INF] Updated PermissionSet 'admin'
2026-07-23 09:30:37.886 +02:00 [INF] Updating active permission set to 'admin'
2026-07-23 09:30:39.743 +02:00 [WRN] 'Me' is null.
2026-07-23 09:30:40.759 +02:00 [INF] Built VBO for map 9802b09c-f592-4d93-8e11-d3424500716c 'Deep Forest' in 55.2529ms
2026-07-23 09:30:40.775 +02:00 [INF] Built VBO for map 15601ad4-9f26-4abe-a6c9-3a7eebaa3045 'Forest' in 12.1924ms
2026-07-23 09:30:40.802 +02:00 [INF] Built VBO for map d490222a-af25-4a7f-bec3-7ca8016e08d7 'New Map' in 22.0559ms
2026-07-23 09:30:40.935 +02:00 [INF] Built VBO for map a31f210c-f5fb-48bf-9db2-45fab2293a4c 'Forest' in 129.8742ms
2026-07-23 09:30:40.992 +02:00 [INF] Built VBO for map 27c6a7b2-4e9f-4316-9a0f-e13ec8e16ba2 'Forest' in 53.9083ms
2026-07-23 09:30:41.016 +02:00 [INF] Built VBO for map e341d25d-5ff4-4cd6-bcd5-2f2cda710c86 'Greenfall Vale' in 21.6921ms
2026-07-23 09:30:46.331 +02:00 [INF] Client frame profile: measured=95.1fps counter=123 targetMode=-1; interval=10.51/409.25ms avg/max; update=0.26/27.35ms (1.00 calls/frame); draw=10.67/380.65ms; world=8.16/348.94ms [scene=7.75/339.65, scene-detail=[tiles=0.58ms/21.0draws (geometry=0.20ms/21.0draws, water=0.38ms/0.0draws), objects=5.41ms/59.9draws, procedural=0.00ms/0.0draws, entities=0.78ms/1.0draws, effects=0.41ms/1.0draws, weather=0.46ms/0.0draws, other=0.10ms], lighting=0.04/6.92, post=0.12/33.86, overlays=0.13/8.97, other=0.11]; gui=2.47/85.56ms [update=2.01/63.92 (minimap=1.25/38.21 [compact=1.25, fullmap=0.00/0.00], other=0.76), render=0.45/29.31, other=0.00]; finish=0.03/1.45ms; outside-update-draw=0.00ms; draws=130, maps=1, entities=23, lights=2
2026-07-23 09:30:51.336 +02:00 [INF] Client frame profile: measured=118.7fps counter=120 targetMode=-1; interval=8.43/37.27ms avg/max; update=0.13/5.68ms (1.00 calls/frame); draw=8.15/36.06ms; world=6.20/25.33ms [scene=5.95/21.51, scene-detail=[tiles=0.53ms/21.0draws (geometry=0.18ms/21.0draws, water=0.35ms/0.0draws), objects=4.55ms/60.0draws, procedural=0.00ms/0.0draws, entities=0.34ms/0.2draws, effects=0.09ms/1.8draws, weather=0.36ms/0.0draws, other=0.07ms], lighting=0.02/0.08, post=0.05/0.11, overlays=0.08/5.02, other=0.10]; gui=1.92/12.94ms [update=1.44/12.43 (minimap=0.80/10.89 [compact=0.80, fullmap=0.00/0.00], other=0.65), render=0.47/2.25, other=0.00]; finish=0.02/0.05ms; outside-update-draw=0.15ms; draws=132, maps=1, entities=23, lights=2
2026-07-23 09:30:56.339 +02:00 [INF] Client frame profile: measured=115.5fps counter=120 targetMode=-1; interval=8.66/23.39ms avg/max; update=0.13/4.67ms (1.00 calls/frame); draw=8.35/23.11ms; world=6.27/21.54ms [scene=6.02/21.23, scene-detail=[tiles=0.50ms/21.0draws (geometry=0.19ms/21.0draws, water=0.31ms/0.0draws), objects=4.62ms/60.0draws, procedural=0.00ms/0.0draws, entities=0.38ms/0.4draws, effects=0.09ms/2.0draws, weather=0.36ms/0.0draws, other=0.07ms], lighting=0.02/0.25, post=0.05/0.09, overlays=0.08/0.14, other=0.10]; gui=2.06/12.19ms [update=1.56/11.64 (minimap=0.91/10.96 [compact=0.91, fullmap=0.00/0.00], other=0.66), render=0.49/7.46, other=0.00]; finish=0.02/0.04ms; outside-update-draw=0.17ms; draws=128, maps=1, entities=23, lights=2
2026-07-23 09:31:01.346 +02:00 [INF] Client frame profile: measured=117.7fps counter=119 targetMode=-1; interval=8.50/23.44ms avg/max; update=0.13/4.91ms (1.00 calls/frame); draw=8.25/23.30ms; world=6.24/10.28ms [scene=5.99/9.87, scene-detail=[tiles=0.49ms/21.0draws (geometry=0.18ms/21.0draws, water=0.30ms/0.0draws), objects=4.62ms/60.0draws, procedural=0.00ms/0.0draws, entities=0.38ms/2.0draws, effects=0.09ms/2.0draws, weather=0.36ms/0.0draws, other=0.07ms], lighting=0.02/0.06, post=0.05/0.17, overlays=0.08/0.21, other=0.10]; gui=1.98/14.82ms [update=1.49/14.34 (minimap=0.84/13.59 [compact=0.84, fullmap=0.00/0.00], other=0.65), render=0.49/2.92, other=0.00]; finish=0.02/0.11ms; outside-update-draw=0.12ms; draws=137, maps=1, entities=23, lights=2
2026-07-23 09:31:06.349 +02:00 [INF] Client frame profile: measured=117.1fps counter=118 targetMode=-1; interval=8.54/20.38ms avg/max; update=0.12/2.63ms (1.00 calls/frame); draw=8.24/20.26ms; world=6.21/8.59ms [scene=5.97/8.33, scene-detail=[tiles=0.48ms/21.0draws (geometry=0.18ms/21.0draws, water=0.29ms/0.0draws), objects=4.61ms/60.0draws, procedural=0.00ms/0.0draws, entities=0.38ms/2.0draws, effects=0.09ms/1.9draws, weather=0.35ms/0.0draws, other=0.07ms], lighting=0.02/0.06, post=0.05/0.10, overlays=0.07/0.14, other=0.10]; gui=2.00/14.32ms [update=1.52/13.81 (minimap=0.88/13.17 [compact=0.88, fullmap=0.00/0.00], other=0.64), render=0.48/3.59, other=0.00]; finish=0.02/0.06ms; outside-update-draw=0.18ms; draws=109, maps=1, entities=23, lights=2
2026-07-23 09:31:08.020 +02:00 [INF] System window closing (due to user interaction most likely).
2026-07-23 09:31:08.023 +02:00 [INF] Disconnected [2ec18d95-61cc-4bca-ade8-304b20551bfd].
2026-07-23 09:31:08.024 +02:00 [INF] Updating active permission set to 'default'
2026-07-23 09:31:08.054 +02:00 [INF] Acquiring context lock... (0ms)
2026-07-23 09:31:08.054 +02:00 [INF] Acquired. (0ms)
2026-07-23 09:31:08.055 +02:00 [INF] Beginning context dispose. (0ms)
2026-07-23 09:31:08.055 +02:00 [INF] GC.SuppressFinalize (0ms)
2026-07-23 09:31:08.055 +02:00 [INF] InternalDispose() completed. (0ms)
2026-07-23 09:31:08.056 +02:00 [INF] Clearing instance... (1ms)
2026-07-23 09:31:08.056 +02:00 [INF] Releasing context lock... (1ms)
2026-07-23 09:31:08.056 +02:00 [INF] Released. (1ms)
