2026-05-20 21:03:31.137 +02:00 [INF] Starting Intersect Client v0.8.0.0-custom+32d39132dace1351f63375b261f241297dd35be8-dirty
2026-05-20 21:03:31.363 +02:00 [INF] Discovered service type: Intersect.Plugins.PluginService
2026-05-20 21:03:31.367 +02:00 [WRN] Directory was specified as a plugin directory but does not exist: 'resources\plugins'
2026-05-20 21:03:31.368 +02:00 [INF] Discovered 0 plugins:

2026-05-20 21:03:33.374 +02:00 [INF] Connecting to 127.0.0.1:5400...
2026-05-20 21:03:33.382 +02:00 [INF] Connected [675a67ca-e5be-4a20-899b-2aa8d068abef].
2026-05-20 21:03:33.395 +02:00 [INF] Connection approved [675a67ca-e5be-4a20-899b-2aa8d068abef].
2026-05-20 21:03:33.480 +02:00 [INF] Updated PermissionSet 'default'
2026-05-20 21:03:33.480 +02:00 [INF] Updated PermissionSet 'admin'
2026-05-20 21:03:42.727 +02:00 [INF] Updating active permission set to 'admin'
2026-05-20 21:03:43.369 +02:00 [WRN] 'Me' is null.
2026-05-20 21:03:44.251 +02:00 [INF] Built VBO for map a31f210c-f5fb-48bf-9db2-45fab2293a4c 'Forest' in 86.5554ms
2026-05-20 21:03:44.338 +02:00 [INF] Built VBO for map 27c6a7b2-4e9f-4316-9a0f-e13ec8e16ba2 'Forest' in 51.8888ms
2026-05-20 21:04:34.411 +02:00 [INF] Built VBO for map 27c6a7b2-4e9f-4316-9a0f-e13ec8e16ba2 'Forest' in 36.5927ms
2026-05-20 21:05:44.941 +02:00 [INF] Built VBO for map e341d25d-5ff4-4cd6-bcd5-2f2cda710c86 'Forest' in 7.0044ms
2026-05-20 21:05:55.041 +02:00 [INF] Built VBO for map 27c6a7b2-4e9f-4316-9a0f-e13ec8e16ba2 'Forest' in 39.0388ms
2026-05-20 21:07:51.991 +02:00 [INF] System window closing (due to user interaction most likely).
2026-05-20 21:07:51.994 +02:00 [INF] Disconnected [675a67ca-e5be-4a20-899b-2aa8d068abef].
2026-05-20 21:07:51.994 +02:00 [INF] Updating active permission set to 'default'
2026-05-20 21:07:52.032 +02:00 [INF] Acquiring context lock... (0ms)
2026-05-20 21:07:52.033 +02:00 [INF] Acquired. (0ms)
2026-05-20 21:07:52.033 +02:00 [INF] Beginning context dispose. (0ms)
2026-05-20 21:07:52.034 +02:00 [INF] GC.SuppressFinalize (0ms)
2026-05-20 21:07:52.034 +02:00 [INF] InternalDispose() completed. (0ms)
2026-05-20 21:07:52.034 +02:00 [INF] Clearing instance... (1ms)
2026-05-20 21:07:52.034 +02:00 [INF] Releasing context lock... (1ms)
2026-05-20 21:07:52.034 +02:00 [INF] Released. (1ms)
