2026-05-03 05:15:14.670 +06:00 [INF] Starting Intersect Client v0.8.0.0-custom+32d39132dace1351f63375b261f241297dd35be8-dirty
2026-05-03 05:15:14.974 +06:00 [INF] Discovered service type: Intersect.Plugins.PluginService
2026-05-03 05:15:14.978 +06:00 [WRN] Directory was specified as a plugin directory but does not exist: 'resources\plugins'
2026-05-03 05:15:14.978 +06:00 [INF] Discovered 0 plugins:

2026-05-03 05:15:17.170 +06:00 [INF] Connecting to 127.0.0.1:5400...
2026-05-03 05:15:17.194 +06:00 [INF] Connected [8ac5202e-2a83-44f1-acac-5815e9be0e68].
2026-05-03 05:15:17.206 +06:00 [INF] Connection approved [8ac5202e-2a83-44f1-acac-5815e9be0e68].
2026-05-03 05:15:17.320 +06:00 [INF] Updated PermissionSet 'default'
2026-05-03 05:15:23.922 +06:00 [INF] Updated PermissionSet 'admin'
2026-05-03 05:15:23.922 +06:00 [INF] Updating active permission set to 'admin'
2026-05-03 05:15:24.783 +06:00 [WRN] 'Me' is null.
2026-05-03 05:15:25.461 +06:00 [INF] Built VBO for map 27c6a7b2-4e9f-4316-9a0f-e13ec8e16ba2 'Forest' in 9.6855ms
2026-05-03 05:15:27.515 +06:00 [INF] Built VBO for map c15f8299-8999-471f-9760-388ff4cdec7c 'test' in 10.2581ms
2026-05-03 05:15:27.517 +06:00 [INF] Built VBO for map 17031e42-3e0a-487c-ab96-b317096cd6ce 'New Map' in 1.1309ms
2026-05-03 05:16:09.516 +06:00 [INF] Built VBO for map 27c6a7b2-4e9f-4316-9a0f-e13ec8e16ba2 'Forest' in 2.1705ms
2026-05-03 05:16:16.418 +06:00 [INF] Built VBO for map 27c6a7b2-4e9f-4316-9a0f-e13ec8e16ba2 'Forest' in 1.7651ms
2026-05-03 05:17:34.309 +06:00 [INF] System window closing (due to user interaction most likely).
2026-05-03 05:17:34.312 +06:00 [INF] Disconnected [8ac5202e-2a83-44f1-acac-5815e9be0e68].
2026-05-03 05:17:34.313 +06:00 [INF] Updating active permission set to 'default'
2026-05-03 05:17:34.348 +06:00 [INF] Acquiring context lock... (0ms)
2026-05-03 05:17:34.348 +06:00 [INF] Acquired. (0ms)
2026-05-03 05:17:34.349 +06:00 [INF] Beginning context dispose. (0ms)
2026-05-03 05:17:34.349 +06:00 [INF] GC.SuppressFinalize (0ms)
2026-05-03 05:17:34.349 +06:00 [INF] InternalDispose() completed. (0ms)
2026-05-03 05:17:34.349 +06:00 [INF] Clearing instance... (1ms)
2026-05-03 05:17:34.349 +06:00 [INF] Releasing context lock... (1ms)
2026-05-03 05:17:34.349 +06:00 [INF] Released. (1ms)
