2026-05-13 12:10:55.826 +02:00 [INF] Starting Intersect Client v0.8.0.0-custom+32d39132dace1351f63375b261f241297dd35be8-dirty
2026-05-13 12:10:56.060 +02:00 [INF] Discovered service type: Intersect.Plugins.PluginService
2026-05-13 12:10:56.064 +02:00 [WRN] Directory was specified as a plugin directory but does not exist: 'resources\plugins'
2026-05-13 12:10:56.065 +02:00 [INF] Discovered 0 plugins:

2026-05-13 12:10:59.113 +02:00 [INF] Connecting to 127.0.0.1:5400...
2026-05-13 12:10:59.136 +02:00 [INF] Connected [8636b98d-9281-48bc-934c-09ed7bda032b].
2026-05-13 12:10:59.152 +02:00 [INF] Connection approved [8636b98d-9281-48bc-934c-09ed7bda032b].
2026-05-13 12:10:59.257 +02:00 [INF] Updated PermissionSet 'default'
2026-05-13 12:11:05.623 +02:00 [INF] Updated PermissionSet 'admin'
2026-05-13 12:11:05.623 +02:00 [INF] Updating active permission set to 'admin'
2026-05-13 12:11:07.180 +02:00 [WRN] 'Me' is null.
2026-05-13 12:11:07.816 +02:00 [INF] Built VBO for map 27c6a7b2-4e9f-4316-9a0f-e13ec8e16ba2 'Forest' in 16.1364ms
2026-05-13 12:12:15.727 +02:00 [INF] System window closing (due to user interaction most likely).
2026-05-13 12:12:15.730 +02:00 [INF] Disconnected [8636b98d-9281-48bc-934c-09ed7bda032b].
2026-05-13 12:12:15.731 +02:00 [INF] Updating active permission set to 'default'
2026-05-13 12:12:15.756 +02:00 [INF] Acquiring context lock... (0ms)
2026-05-13 12:12:15.757 +02:00 [INF] Acquired. (0ms)
2026-05-13 12:12:15.757 +02:00 [INF] Beginning context dispose. (0ms)
2026-05-13 12:12:15.758 +02:00 [INF] GC.SuppressFinalize (0ms)
2026-05-13 12:12:15.758 +02:00 [INF] InternalDispose() completed. (0ms)
2026-05-13 12:12:15.758 +02:00 [INF] Clearing instance... (1ms)
2026-05-13 12:12:15.758 +02:00 [INF] Releasing context lock... (1ms)
2026-05-13 12:12:15.758 +02:00 [INF] Released. (1ms)
