2026-04-27 20:07:34.992 +06:00 [INF] Starting Intersect Client v0.8.0.0-custom+32d39132dace1351f63375b261f241297dd35be8-dirty
2026-04-27 20:07:35.198 +06:00 [INF] Discovered service type: Intersect.Plugins.PluginService
2026-04-27 20:07:35.202 +06:00 [WRN] Directory was specified as a plugin directory but does not exist: 'resources\plugins'
2026-04-27 20:07:35.202 +06:00 [INF] Discovered 0 plugins:

2026-04-27 20:07:37.881 +06:00 [INF] Connecting to 127.0.0.1:5400...
2026-04-27 20:07:37.890 +06:00 [INF] Connected [189eb31a-5a86-4eaf-9291-1ac39aff84a6].
2026-04-27 20:07:37.896 +06:00 [INF] Connection approved [189eb31a-5a86-4eaf-9291-1ac39aff84a6].
2026-04-27 20:07:37.972 +06:00 [INF] Updated PermissionSet 'default'
2026-04-27 20:07:37.972 +06:00 [INF] Updated PermissionSet 'admin'
2026-04-27 20:07:43.345 +06:00 [INF] Updating active permission set to 'admin'
2026-04-27 20:07:43.483 +06:00 [WRN] Unable to add '_buttonLogout' to the JSON of MainMenu.SelectCharacterWindow._innerPanel._buttonsPanel because a sibling shares the same name
2026-04-27 20:07:44.086 +06:00 [WRN] 'Me' is null.
2026-04-27 20:07:44.687 +06:00 [INF] Built VBO for map 27c6a7b2-4e9f-4316-9a0f-e13ec8e16ba2 'Forest' in 9.7579ms
2026-04-27 20:07:44.703 +06:00 [INF] Built VBO for map c15f8299-8999-471f-9760-388ff4cdec7c 'Forest' in 10.8598ms
2026-04-27 20:08:27.103 +06:00 [INF] Built VBO for map 27c6a7b2-4e9f-4316-9a0f-e13ec8e16ba2 'Forest' in 2.0393ms
2026-04-27 20:11:23.042 +06:00 [INF] Disconnected [189eb31a-5a86-4eaf-9291-1ac39aff84a6].
2026-04-27 20:11:23.042 +06:00 [INF] Updating active permission set to 'default'
2026-04-27 20:11:23.261 +06:00 [WRN] 'Me' is null.
2026-04-27 20:11:23.261 +06:00 [WRN] 'Me' is null.
2026-04-27 20:11:23.261 +06:00 [WRN] 'Me' is null.
2026-04-27 20:11:23.261 +06:00 [WRN] 'Me' is null.
2026-04-27 20:12:16.528 +06:00 [INF] System window closing (due to user interaction most likely).
2026-04-27 20:12:16.563 +06:00 [INF] Acquiring context lock... (0ms)
2026-04-27 20:12:16.563 +06:00 [INF] Acquired. (0ms)
2026-04-27 20:12:16.564 +06:00 [INF] Beginning context dispose. (0ms)
2026-04-27 20:12:16.564 +06:00 [INF] GC.SuppressFinalize (0ms)
2026-04-27 20:12:16.564 +06:00 [INF] InternalDispose() completed. (0ms)
2026-04-27 20:12:16.564 +06:00 [INF] Clearing instance... (1ms)
2026-04-27 20:12:16.565 +06:00 [INF] Releasing context lock... (1ms)
2026-04-27 20:12:16.565 +06:00 [INF] Released. (1ms)
