2026-04-15 16:41:52.832 +06:00 [INF] Starting Intersect Client v0.8.0.0-custom+32d39132dace1351f63375b261f241297dd35be8-dirty
2026-04-15 16:41:53.166 +06:00 [INF] Discovered service type: Intersect.Plugins.PluginService
2026-04-15 16:41:53.173 +06:00 [WRN] Directory was specified as a plugin directory but does not exist: 'resources\plugins'
2026-04-15 16:41:53.174 +06:00 [INF] Discovered 0 plugins:

2026-04-15 16:41:55.220 +06:00 [INF] Connecting to 127.0.0.1:5400...
2026-04-15 16:41:55.239 +06:00 [INF] Connected [694a0e34-62a8-4788-b2a4-2f5556834ed4].
2026-04-15 16:41:55.252 +06:00 [INF] Connection approved [694a0e34-62a8-4788-b2a4-2f5556834ed4].
2026-04-15 16:41:55.353 +06:00 [INF] Updated PermissionSet 'default'
2026-04-15 16:42:11.164 +06:00 [INF] Updated PermissionSet 'admin'
2026-04-15 16:42:11.164 +06:00 [INF] Updating active permission set to 'admin'
2026-04-15 16:42:11.257 +06:00 [WRN] Unable to add '_buttonLogout' to the JSON of MainMenu.SelectCharacterWindow._innerPanel._buttonsPanel because a sibling shares the same name
2026-04-15 16:42:12.670 +06:00 [WRN] 'Me' is null.
2026-04-15 16:42:13.174 +06:00 [INF] Built VBO for map 23630ac6-4461-460d-8a3b-9a0d4477096f 'test 8' in 16.5554ms
2026-04-15 16:42:13.222 +06:00 [INF] Built VBO for map 73ba8458-f8de-4f78-a254-c91b18418ed0 'test 3' in 43.7415ms
2026-04-15 16:42:23.496 +06:00 [INF] Built VBO for map 411179b7-b772-42ef-bf66-03b7e4d7dca8 'test 5' in 5.59ms
2026-04-15 16:43:15.200 +06:00 [INF] System window closing (due to user interaction most likely).
2026-04-15 16:43:15.203 +06:00 [INF] Disconnected [694a0e34-62a8-4788-b2a4-2f5556834ed4].
2026-04-15 16:43:15.203 +06:00 [INF] Updating active permission set to 'default'
2026-04-15 16:43:15.228 +06:00 [INF] Acquiring context lock... (0ms)
2026-04-15 16:43:15.228 +06:00 [INF] Acquired. (0ms)
2026-04-15 16:43:15.229 +06:00 [INF] Beginning context dispose. (0ms)
2026-04-15 16:43:15.230 +06:00 [INF] GC.SuppressFinalize (0ms)
2026-04-15 16:43:15.230 +06:00 [INF] InternalDispose() completed. (0ms)
2026-04-15 16:43:15.230 +06:00 [INF] Clearing instance... (1ms)
2026-04-15 16:43:15.230 +06:00 [INF] Releasing context lock... (1ms)
2026-04-15 16:43:15.230 +06:00 [INF] Released. (1ms)
