2026-06-19 01:37:35.823 +02:00 [INF] Starting Intersect Client v0.8.0.0-custom+32d39132dace1351f63375b261f241297dd35be8-dirty
2026-06-19 01:37:36.055 +02:00 [INF] Discovered service type: Intersect.Plugins.PluginService
2026-06-19 01:37:36.058 +02:00 [WRN] Directory was specified as a plugin directory but does not exist: 'resources\plugins'
2026-06-19 01:37:36.059 +02:00 [INF] Discovered 0 plugins:

2026-06-19 01:37:39.179 +02:00 [INF] Connecting to 127.0.0.1:5400...
2026-06-19 01:37:39.204 +02:00 [INF] Connected [5bb3d79b-a208-4f5c-b987-510bc62ddb2b].
2026-06-19 01:37:39.224 +02:00 [INF] Connection approved [5bb3d79b-a208-4f5c-b987-510bc62ddb2b].
2026-06-19 01:37:39.323 +02:00 [INF] Updated PermissionSet 'default'
2026-06-19 01:37:43.263 +02:00 [INF] Updated PermissionSet 'admin'
2026-06-19 01:37:43.263 +02:00 [INF] Updating active permission set to 'admin'
2026-06-19 01:39:52.973 +02:00 [INF] Disconnected [5bb3d79b-a208-4f5c-b987-510bc62ddb2b].
2026-06-19 01:39:52.973 +02:00 [INF] Updating active permission set to 'default'
2026-06-19 01:39:53.895 +02:00 [INF] User clicked exit button.
2026-06-19 01:39:53.913 +02:00 [INF] System window closing (due to user interaction most likely).
2026-06-19 01:39:53.957 +02:00 [INF] Acquiring context lock... (0ms)
2026-06-19 01:39:53.957 +02:00 [INF] Acquired. (0ms)
2026-06-19 01:39:53.958 +02:00 [INF] Beginning context dispose. (0ms)
2026-06-19 01:39:53.959 +02:00 [INF] GC.SuppressFinalize (0ms)
2026-06-19 01:39:53.959 +02:00 [INF] InternalDispose() completed. (0ms)
2026-06-19 01:39:53.959 +02:00 [INF] Clearing instance... (2ms)
2026-06-19 01:39:53.959 +02:00 [INF] Releasing context lock... (2ms)
2026-06-19 01:39:53.959 +02:00 [INF] Released. (2ms)
