2026-04-28 14:36:06.813 +06:00 [INF] Starting Intersect Client v0.8.0.0-custom+32d39132dace1351f63375b261f241297dd35be8-dirty
2026-04-28 14:36:07.006 +06:00 [INF] Discovered service type: Intersect.Plugins.PluginService
2026-04-28 14:36:07.009 +06:00 [WRN] Directory was specified as a plugin directory but does not exist: 'resources\plugins'
2026-04-28 14:36:07.009 +06:00 [INF] Discovered 0 plugins:

2026-04-28 14:36:19.965 +06:00 [INF] Connecting to 127.0.0.1:5400...
2026-04-28 14:36:19.983 +06:00 [INF] Connected [8086c62e-88a3-4ada-be9f-b76b54012c69].
2026-04-28 14:36:20.000 +06:00 [INF] Connection approved [8086c62e-88a3-4ada-be9f-b76b54012c69].
2026-04-28 14:36:20.103 +06:00 [INF] Updated PermissionSet 'default'
2026-04-28 14:36:24.256 +06:00 [INF] Updated PermissionSet 'admin'
2026-04-28 14:36:24.256 +06:00 [INF] Updating active permission set to 'admin'
2026-04-28 14:36:24.424 +06:00 [WRN] Unable to add '_buttonLogout' to the JSON of MainMenu.SelectCharacterWindow._innerPanel._buttonsPanel because a sibling shares the same name
2026-04-28 14:36:24.946 +06:00 [WRN] 'Me' is null.
2026-04-28 14:36:25.498 +06:00 [INF] Built VBO for map 27c6a7b2-4e9f-4316-9a0f-e13ec8e16ba2 'Forest' in 9.3938ms
2026-04-28 14:36:35.084 +06:00 [INF] Built VBO for map c15f8299-8999-471f-9760-388ff4cdec7c 'Forest' in 10.8089ms
2026-04-28 14:39:34.920 +06:00 [INF] Music volume set to 10 from InGame..SettingsWindow._innerPanel._tabs._innerPanel._audioSettingsTab._scrollPanel._musicSlider._slider
2026-04-28 14:39:34.921 +06:00 [INF] Sound volume set to 15 from InGame..SettingsWindow._innerPanel._tabs._innerPanel._audioSettingsTab._scrollPanel._soundEffectsSlider._slider
2026-04-28 14:40:25.614 +06:00 [INF] System window closing (due to user interaction most likely).
2026-04-28 14:40:25.617 +06:00 [INF] Disconnected [8086c62e-88a3-4ada-be9f-b76b54012c69].
2026-04-28 14:40:25.618 +06:00 [INF] Updating active permission set to 'default'
2026-04-28 14:40:25.661 +06:00 [INF] Acquiring context lock... (0ms)
2026-04-28 14:40:25.661 +06:00 [INF] Acquired. (0ms)
2026-04-28 14:40:25.662 +06:00 [INF] Beginning context dispose. (0ms)
2026-04-28 14:40:25.662 +06:00 [INF] GC.SuppressFinalize (0ms)
2026-04-28 14:40:25.662 +06:00 [INF] InternalDispose() completed. (0ms)
2026-04-28 14:40:25.662 +06:00 [INF] Clearing instance... (1ms)
2026-04-28 14:40:25.662 +06:00 [INF] Releasing context lock... (1ms)
2026-04-28 14:40:25.662 +06:00 [INF] Released. (1ms)
