2026-04-30 23:09:33.811 +06:00 [INF] Starting Intersect Client v0.8.0.0-custom+32d39132dace1351f63375b261f241297dd35be8-dirty
2026-04-30 23:09:34.144 +06:00 [INF] Discovered service type: Intersect.Plugins.PluginService
2026-04-30 23:09:34.148 +06:00 [WRN] Directory was specified as a plugin directory but does not exist: 'resources\plugins'
2026-04-30 23:09:34.149 +06:00 [INF] Discovered 0 plugins:

2026-04-30 23:09:36.340 +06:00 [INF] Connecting to 127.0.0.1:5400...
2026-04-30 23:09:36.363 +06:00 [INF] Connected [903bae58-18b2-4061-9548-18cda7c54fc3].
2026-04-30 23:09:36.398 +06:00 [INF] Connection approved [903bae58-18b2-4061-9548-18cda7c54fc3].
2026-04-30 23:09:36.475 +06:00 [INF] Updated PermissionSet 'default'
2026-04-30 23:09:40.343 +06:00 [INF] Updated PermissionSet 'admin'
2026-04-30 23:09:40.344 +06:00 [INF] Updating active permission set to 'admin'
2026-04-30 23:09:41.134 +06:00 [WRN] 'Me' is null.
2026-04-30 23:09:41.779 +06:00 [INF] Built VBO for map 27c6a7b2-4e9f-4316-9a0f-e13ec8e16ba2 'Forest' in 11.1325ms
2026-04-30 23:10:27.182 +06:00 [INF] System window closing (due to user interaction most likely).
2026-04-30 23:10:27.185 +06:00 [INF] Disconnected [903bae58-18b2-4061-9548-18cda7c54fc3].
2026-04-30 23:10:27.186 +06:00 [INF] Updating active permission set to 'default'
2026-04-30 23:10:27.228 +06:00 [INF] Acquiring context lock... (0ms)
2026-04-30 23:10:27.228 +06:00 [INF] Acquired. (0ms)
2026-04-30 23:10:27.229 +06:00 [INF] Beginning context dispose. (0ms)
2026-04-30 23:10:27.230 +06:00 [INF] GC.SuppressFinalize (0ms)
2026-04-30 23:10:27.230 +06:00 [INF] InternalDispose() completed. (0ms)
2026-04-30 23:10:27.230 +06:00 [INF] Clearing instance... (1ms)
2026-04-30 23:10:27.230 +06:00 [INF] Releasing context lock... (1ms)
2026-04-30 23:10:27.230 +06:00 [INF] Released. (1ms)
