2026-04-30 18:17:02.674 +06:00 [INF] Starting Intersect Client v0.8.0.0-custom+32d39132dace1351f63375b261f241297dd35be8-dirty
2026-04-30 18:17:02.889 +06:00 [INF] Discovered service type: Intersect.Plugins.PluginService
2026-04-30 18:17:02.892 +06:00 [WRN] Directory was specified as a plugin directory but does not exist: 'resources\plugins'
2026-04-30 18:17:02.893 +06:00 [INF] Discovered 0 plugins:

2026-04-30 18:17:05.076 +06:00 [INF] Connecting to 127.0.0.1:5400...
2026-04-30 18:17:05.085 +06:00 [INF] Connected [bfd99f41-70f4-41ce-811f-1eb7c57545da].
2026-04-30 18:17:05.101 +06:00 [INF] Connection approved [bfd99f41-70f4-41ce-811f-1eb7c57545da].
2026-04-30 18:17:05.183 +06:00 [INF] Updated PermissionSet 'default'
2026-04-30 18:17:05.183 +06:00 [INF] Updated PermissionSet 'admin'
2026-04-30 18:17:15.393 +06:00 [WRN] 'Me' is null.
2026-04-30 18:17:16.042 +06:00 [INF] Built VBO for map 27c6a7b2-4e9f-4316-9a0f-e13ec8e16ba2 'Forest' in 9.7808ms
2026-04-30 18:17:21.487 +06:00 [INF] Built VBO for map c15f8299-8999-471f-9760-388ff4cdec7c 'test' in 8.2983ms
2026-04-30 18:20:00.458 +06:00 [WRN] 'Me' is null.
2026-04-30 18:20:00.458 +06:00 [WRN] 'Me' is null.
2026-04-30 18:20:00.459 +06:00 [WRN] 'Me' is null.
2026-04-30 18:20:56.723 +06:00 [INF] Disconnected [bfd99f41-70f4-41ce-811f-1eb7c57545da].
2026-04-30 18:21:12.362 +06:00 [INF] System window closing (due to user interaction most likely).
2026-04-30 18:21:12.385 +06:00 [INF] Acquiring context lock... (0ms)
2026-04-30 18:21:12.385 +06:00 [INF] Acquired. (0ms)
2026-04-30 18:21:12.386 +06:00 [INF] Beginning context dispose. (0ms)
2026-04-30 18:21:12.386 +06:00 [INF] GC.SuppressFinalize (0ms)
2026-04-30 18:21:12.386 +06:00 [INF] InternalDispose() completed. (0ms)
2026-04-30 18:21:12.386 +06:00 [INF] Clearing instance... (1ms)
2026-04-30 18:21:12.386 +06:00 [INF] Releasing context lock... (1ms)
2026-04-30 18:21:12.386 +06:00 [INF] Released. (1ms)
