2026-04-05 06:25:25.445 +06:00 [INF] Starting Intersect Client v0.8.0.0-custom+32d39132dace1351f63375b261f241297dd35be8-dirty
2026-04-05 06:25:25.652 +06:00 [INF] Discovered service type: Intersect.Plugins.PluginService
2026-04-05 06:25:25.655 +06:00 [WRN] Directory was specified as a plugin directory but does not exist: 'resources\plugins'
2026-04-05 06:25:25.656 +06:00 [INF] Discovered 0 plugins:

2026-04-05 06:25:27.782 +06:00 [INF] Connecting to 127.0.0.1:5400...
2026-04-05 06:25:27.791 +06:00 [INF] Connected [2006f80b-1a32-45a4-884d-9804dfaf933e].
2026-04-05 06:25:27.796 +06:00 [INF] Connection approved [2006f80b-1a32-45a4-884d-9804dfaf933e].
2026-04-05 06:25:27.880 +06:00 [INF] Updated PermissionSet 'default'
2026-04-05 06:25:27.880 +06:00 [INF] Updated PermissionSet 'admin'
2026-04-05 06:25:28.705 +06:00 [INF] Updating active permission set to 'admin'
2026-04-05 06:25:28.770 +06:00 [WRN] Unable to add '_buttonLogout' to the JSON of MainMenu.SelectCharacterWindow._innerPanel._buttonsPanel because a sibling shares the same name
2026-04-05 06:25:30.061 +06:00 [WRN] 'Me' is null.
2026-04-05 06:25:30.609 +06:00 [INF] Built VBO for map 73ba8458-f8de-4f78-a254-c91b18418ed0 'forest' in 13.4571ms
2026-04-05 06:25:31.653 +06:00 [INF] Built VBO for map 27c6a7b2-4e9f-4316-9a0f-e13ec8e16ba2 'New Map' in 13.2182ms
2026-04-05 06:27:03.375 +06:00 [INF] System window closing (due to user interaction most likely).
2026-04-05 06:27:03.379 +06:00 [INF] Disconnected [2006f80b-1a32-45a4-884d-9804dfaf933e].
2026-04-05 06:27:03.380 +06:00 [INF] Updating active permission set to 'default'
2026-04-05 06:27:03.459 +06:00 [INF] Acquiring context lock... (0ms)
2026-04-05 06:27:03.460 +06:00 [INF] Acquired. (0ms)
2026-04-05 06:27:03.461 +06:00 [INF] Beginning context dispose. (0ms)
2026-04-05 06:27:03.461 +06:00 [INF] GC.SuppressFinalize (0ms)
2026-04-05 06:27:03.461 +06:00 [INF] InternalDispose() completed. (0ms)
2026-04-05 06:27:03.461 +06:00 [INF] Clearing instance... (1ms)
2026-04-05 06:27:03.461 +06:00 [INF] Releasing context lock... (2ms)
2026-04-05 06:27:03.461 +06:00 [INF] Released. (2ms)
