2026-04-28 22:36:41.144 +06:00 [INF] Starting Intersect Client v0.8.0.0-custom+32d39132dace1351f63375b261f241297dd35be8-dirty
2026-04-28 22:36:41.430 +06:00 [INF] Discovered service type: Intersect.Plugins.PluginService
2026-04-28 22:36:41.435 +06:00 [WRN] Directory was specified as a plugin directory but does not exist: 'resources\plugins'
2026-04-28 22:36:41.435 +06:00 [INF] Discovered 0 plugins:

2026-04-28 22:36:58.948 +06:00 [INF] Connecting to 127.0.0.1:5400...
2026-04-28 22:36:58.966 +06:00 [INF] Connected [981a46c9-18c8-41b9-b5b0-969bd192a0ac].
2026-04-28 22:36:58.979 +06:00 [INF] Connection approved [981a46c9-18c8-41b9-b5b0-969bd192a0ac].
2026-04-28 22:36:59.075 +06:00 [INF] Updated PermissionSet 'default'
2026-04-28 22:37:05.112 +06:00 [INF] Music volume set to 10 from MainMenu.SettingsWindow._innerPanel._tabs._innerPanel._audioSettingsTab._scrollPanel._musicSlider._slider
2026-04-28 22:37:05.113 +06:00 [INF] Sound volume set to 15 from MainMenu.SettingsWindow._innerPanel._tabs._innerPanel._audioSettingsTab._scrollPanel._soundEffectsSlider._slider
2026-04-28 22:37:06.276 +06:00 [INF] Disconnected [981a46c9-18c8-41b9-b5b0-969bd192a0ac].
2026-04-28 22:38:22.226 +06:00 [INF] User clicked exit button.
2026-04-28 22:38:22.424 +06:00 [INF] System window closing (due to user interaction most likely).
2026-04-28 22:38:22.519 +06:00 [INF] Acquiring context lock... (0ms)
2026-04-28 22:38:22.519 +06:00 [INF] Acquired. (0ms)
2026-04-28 22:38:22.520 +06:00 [INF] Beginning context dispose. (0ms)
2026-04-28 22:38:22.520 +06:00 [INF] GC.SuppressFinalize (0ms)
2026-04-28 22:38:22.520 +06:00 [INF] InternalDispose() completed. (0ms)
2026-04-28 22:38:22.520 +06:00 [INF] Clearing instance... (1ms)
2026-04-28 22:38:22.520 +06:00 [INF] Releasing context lock... (1ms)
2026-04-28 22:38:22.520 +06:00 [INF] Released. (1ms)
