2026-04-23 18:33:28.086 +06:00 [INF] Starting Intersect Client v0.8.0.0-custom+32d39132dace1351f63375b261f241297dd35be8-dirty
2026-04-23 18:33:28.340 +06:00 [INF] Discovered service type: Intersect.Plugins.PluginService
2026-04-23 18:33:28.343 +06:00 [WRN] Directory was specified as a plugin directory but does not exist: 'resources\plugins'
2026-04-23 18:33:28.344 +06:00 [INF] Discovered 0 plugins:

2026-04-23 18:33:30.294 +06:00 [INF] Connecting to 127.0.0.1:5400...
2026-04-23 18:33:30.303 +06:00 [INF] Connected [af1fd07e-bdec-4e5e-89d2-1c2363022b0c].
2026-04-23 18:33:30.316 +06:00 [INF] Connection approved [af1fd07e-bdec-4e5e-89d2-1c2363022b0c].
2026-04-23 18:33:30.392 +06:00 [INF] Updated PermissionSet 'default'
2026-04-23 18:33:30.392 +06:00 [INF] Updated PermissionSet 'admin'
2026-04-23 18:33:33.372 +06:00 [INF] Updating active permission set to 'admin'
2026-04-23 18:33:33.500 +06:00 [WRN] Unable to add '_buttonLogout' to the JSON of MainMenu.SelectCharacterWindow._innerPanel._buttonsPanel because a sibling shares the same name
2026-04-23 18:33:35.166 +06:00 [WRN] 'Me' is null.
2026-04-23 18:33:35.712 +06:00 [INF] Built VBO for map 27c6a7b2-4e9f-4316-9a0f-e13ec8e16ba2 'Forest' in 43.7332ms
2026-04-23 18:34:41.081 +06:00 [INF] Built VBO for map 27c6a7b2-4e9f-4316-9a0f-e13ec8e16ba2 'Forest' in 3.4976ms
2026-04-23 18:35:07.101 +06:00 [INF] Built VBO for map 27c6a7b2-4e9f-4316-9a0f-e13ec8e16ba2 'Forest' in 3.2642ms
2026-04-23 18:36:19.391 +06:00 [INF] System window closing (due to user interaction most likely).
2026-04-23 18:36:19.394 +06:00 [INF] Disconnected [af1fd07e-bdec-4e5e-89d2-1c2363022b0c].
2026-04-23 18:36:19.395 +06:00 [INF] Updating active permission set to 'default'
2026-04-23 18:36:19.433 +06:00 [INF] Acquiring context lock... (0ms)
2026-04-23 18:36:19.433 +06:00 [INF] Acquired. (0ms)
2026-04-23 18:36:19.434 +06:00 [INF] Beginning context dispose. (0ms)
2026-04-23 18:36:19.434 +06:00 [INF] GC.SuppressFinalize (0ms)
2026-04-23 18:36:19.434 +06:00 [INF] InternalDispose() completed. (0ms)
2026-04-23 18:36:19.434 +06:00 [INF] Clearing instance... (1ms)
2026-04-23 18:36:19.434 +06:00 [INF] Releasing context lock... (1ms)
2026-04-23 18:36:19.434 +06:00 [INF] Released. (1ms)
