2026-04-30 00:26:47.156 +06:00 [INF] Starting Intersect Client v0.8.0.0-custom+32d39132dace1351f63375b261f241297dd35be8-dirty
2026-04-30 00:26:47.424 +06:00 [INF] Discovered service type: Intersect.Plugins.PluginService
2026-04-30 00:26:47.428 +06:00 [WRN] Directory was specified as a plugin directory but does not exist: 'resources\plugins'
2026-04-30 00:26:47.429 +06:00 [INF] Discovered 0 plugins:

2026-04-30 00:26:50.278 +06:00 [INF] Connecting to 127.0.0.1:5400...
2026-04-30 00:26:50.301 +06:00 [INF] Connected [7da1b572-4f96-4ef1-a8dc-6fdcbcb1587d].
2026-04-30 00:26:50.321 +06:00 [INF] Connection approved [7da1b572-4f96-4ef1-a8dc-6fdcbcb1587d].
2026-04-30 00:26:50.433 +06:00 [INF] Updated PermissionSet 'default'
2026-04-30 00:26:54.528 +06:00 [INF] Updated PermissionSet 'admin'
2026-04-30 00:26:54.529 +06:00 [INF] Updating active permission set to 'admin'
2026-04-30 00:31:13.895 +06:00 [INF] System window closing (due to user interaction most likely).
2026-04-30 00:31:13.899 +06:00 [INF] Disconnected [7da1b572-4f96-4ef1-a8dc-6fdcbcb1587d].
2026-04-30 00:31:13.900 +06:00 [INF] Updating active permission set to 'default'
2026-04-30 00:31:13.930 +06:00 [INF] Acquiring context lock... (0ms)
2026-04-30 00:31:13.930 +06:00 [INF] Acquired. (0ms)
2026-04-30 00:31:13.931 +06:00 [INF] Beginning context dispose. (0ms)
2026-04-30 00:31:13.931 +06:00 [INF] GC.SuppressFinalize (0ms)
2026-04-30 00:31:13.932 +06:00 [INF] InternalDispose() completed. (0ms)
2026-04-30 00:31:13.932 +06:00 [INF] Clearing instance... (2ms)
2026-04-30 00:31:13.932 +06:00 [INF] Releasing context lock... (2ms)
2026-04-30 00:31:13.932 +06:00 [INF] Released. (2ms)
