2026-04-17 01:55:10.132 +06:00 [INF] Starting Intersect Client v0.8.0.0-custom+32d39132dace1351f63375b261f241297dd35be8-dirty
2026-04-17 01:55:10.334 +06:00 [INF] Discovered service type: Intersect.Plugins.PluginService
2026-04-17 01:55:10.337 +06:00 [WRN] Directory was specified as a plugin directory but does not exist: 'resources\plugins'
2026-04-17 01:55:10.338 +06:00 [INF] Discovered 0 plugins:

2026-04-17 01:55:12.368 +06:00 [INF] Connecting to 127.0.0.1:5400...
2026-04-17 01:55:12.390 +06:00 [INF] Connected [a57b8f95-3651-482d-87d7-9b217af451b7].
2026-04-17 01:55:12.403 +06:00 [INF] Connection approved [a57b8f95-3651-482d-87d7-9b217af451b7].
2026-04-17 01:55:12.494 +06:00 [INF] Updated PermissionSet 'default'
2026-04-17 01:55:22.117 +06:00 [INF] Updated PermissionSet 'admin'
2026-04-17 01:55:22.118 +06:00 [INF] Updating active permission set to 'admin'
2026-04-17 01:55:22.234 +06:00 [WRN] Unable to add '_buttonLogout' to the JSON of MainMenu.SelectCharacterWindow._innerPanel._buttonsPanel because a sibling shares the same name
2026-04-17 01:55:23.973 +06:00 [WRN] 'Me' is null.
2026-04-17 01:55:24.474 +06:00 [INF] Built VBO for map 23630ac6-4461-460d-8a3b-9a0d4477096f 'test 8' in 17.0077ms
2026-04-17 01:55:24.521 +06:00 [INF] Built VBO for map 73ba8458-f8de-4f78-a254-c91b18418ed0 'forest' in 41.9314ms
2026-04-17 01:56:36.233 +06:00 [WRN] 'Me' is null.
2026-04-17 01:56:36.295 +06:00 [WRN] Tried to load entity "61ed0bb5-9e5b-4b3d-b7c0-e4d65a623456" (test356) from packet before in-game UI was ready
2026-04-17 01:56:36.295 +06:00 [WRN] Tried to load entity "61ed0bb5-9e5b-4b3d-b7c0-e4d65a623456" (test356) from packet before in-game UI was ready
2026-04-17 01:56:36.438 +06:00 [INF] Built VBO for map 23630ac6-4461-460d-8a3b-9a0d4477096f 'test 8' in 3.8465ms
2026-04-17 01:56:36.442 +06:00 [INF] Built VBO for map 73ba8458-f8de-4f78-a254-c91b18418ed0 'forest' in 3.2629ms
2026-04-17 01:56:40.242 +06:00 [INF] System window closing (due to user interaction most likely).
2026-04-17 01:56:40.245 +06:00 [INF] Disconnected [a57b8f95-3651-482d-87d7-9b217af451b7].
2026-04-17 01:56:40.246 +06:00 [INF] Updating active permission set to 'default'
2026-04-17 01:56:40.339 +06:00 [INF] Acquiring context lock... (0ms)
2026-04-17 01:56:40.339 +06:00 [INF] Acquired. (0ms)
2026-04-17 01:56:40.339 +06:00 [INF] Beginning context dispose. (0ms)
2026-04-17 01:56:40.340 +06:00 [INF] GC.SuppressFinalize (0ms)
2026-04-17 01:56:40.340 +06:00 [INF] InternalDispose() completed. (0ms)
2026-04-17 01:56:40.340 +06:00 [INF] Clearing instance... (1ms)
2026-04-17 01:56:40.340 +06:00 [INF] Releasing context lock... (1ms)
2026-04-17 01:56:40.340 +06:00 [INF] Released. (1ms)
