2026-04-29 20:00:03.884 +06:00 [INF] Starting Intersect Client v0.8.0.0-custom+32d39132dace1351f63375b261f241297dd35be8-dirty
2026-04-29 20:00:04.085 +06:00 [INF] Discovered service type: Intersect.Plugins.PluginService
2026-04-29 20:00:04.088 +06:00 [WRN] Directory was specified as a plugin directory but does not exist: 'resources\plugins'
2026-04-29 20:00:04.088 +06:00 [INF] Discovered 0 plugins:

2026-04-29 20:00:32.417 +06:00 [INF] Connecting to 127.0.0.1:5400...
2026-04-29 20:00:32.436 +06:00 [INF] Connected [9bb8eaee-2006-4603-bdc3-24900f31a4a1].
2026-04-29 20:00:32.455 +06:00 [INF] Connection approved [9bb8eaee-2006-4603-bdc3-24900f31a4a1].
2026-04-29 20:00:32.546 +06:00 [INF] Updated PermissionSet 'default'
2026-04-29 20:00:37.415 +06:00 [INF] Updated PermissionSet 'admin'
2026-04-29 20:00:37.415 +06:00 [INF] Updating active permission set to 'admin'
2026-04-29 20:00:38.072 +06:00 [WRN] 'Me' is null.
2026-04-29 20:00:38.722 +06:00 [INF] Built VBO for map 27c6a7b2-4e9f-4316-9a0f-e13ec8e16ba2 'Forest' in 14.9157ms
2026-04-29 20:02:45.816 +06:00 [INF] System window closing (due to user interaction most likely).
2026-04-29 20:02:45.821 +06:00 [INF] Disconnected [9bb8eaee-2006-4603-bdc3-24900f31a4a1].
2026-04-29 20:02:45.821 +06:00 [INF] Updating active permission set to 'default'
2026-04-29 20:02:45.848 +06:00 [INF] Acquiring context lock... (0ms)
2026-04-29 20:02:45.849 +06:00 [INF] Acquired. (0ms)
2026-04-29 20:02:45.849 +06:00 [INF] Beginning context dispose. (0ms)
2026-04-29 20:02:45.850 +06:00 [INF] GC.SuppressFinalize (0ms)
2026-04-29 20:02:45.850 +06:00 [INF] InternalDispose() completed. (0ms)
2026-04-29 20:02:45.850 +06:00 [INF] Clearing instance... (1ms)
2026-04-29 20:02:45.850 +06:00 [INF] Releasing context lock... (1ms)
2026-04-29 20:02:45.850 +06:00 [INF] Released. (1ms)
