2026-03-22 20:38:47.959 +01:00 [INF] Starting Intersect Client v0.8.0.0-custom+32d39132dace1351f63375b261f241297dd35be8-dirty
2026-03-22 20:38:48.165 +01:00 [INF] Discovered service type: Intersect.Plugins.PluginService
2026-03-22 20:38:48.170 +01:00 [WRN] Directory was specified as a plugin directory but does not exist: 'resources\plugins'
2026-03-22 20:38:48.171 +01:00 [INF] Discovered 0 plugins:

2026-03-22 20:38:51.028 +01:00 [INF] Connecting to 127.0.0.1:5400...
2026-03-22 20:38:51.050 +01:00 [INF] Connected [7922de25-ca26-41e8-b0ae-912a12216417].
2026-03-22 20:38:51.070 +01:00 [INF] Connection approved [7922de25-ca26-41e8-b0ae-912a12216417].
2026-03-22 20:38:51.151 +01:00 [INF] Updated PermissionSet 'default'
2026-03-22 20:38:52.461 +01:00 [INF] Updated PermissionSet 'admin'
2026-03-22 20:38:52.462 +01:00 [INF] Updating active permission set to 'admin'
2026-03-22 20:38:52.606 +01:00 [WRN] Unable to add '_buttonLogout' to the JSON of MainMenu.SelectCharacterWindow._innerPanel._buttonsPanel because a sibling shares the same name
2026-03-22 20:38:53.617 +01:00 [WRN] 'Me' is null.
2026-03-22 20:38:54.133 +01:00 [INF] Built VBO for map 73ba8458-f8de-4f78-a254-c91b18418ed0 'test 3' in 26.1582ms
2026-03-22 20:38:54.143 +01:00 [INF] Built VBO for map 850ddb26-5568-4376-b8e0-346c04cb81ef 'test 4' in 2.2083ms
2026-03-22 20:38:54.150 +01:00 [INF] Built VBO for map 27c6a7b2-4e9f-4316-9a0f-e13ec8e16ba2 'New Map' in 6.5095ms
2026-03-22 20:38:54.155 +01:00 [INF] Built VBO for map 23382d57-1bd1-403a-8f4f-50e5ad24e8a0 'test1' in 5.1887ms
2026-03-22 20:42:42.180 +01:00 [INF] System window closing (due to user interaction most likely).
2026-03-22 20:42:42.183 +01:00 [INF] Disconnected [7922de25-ca26-41e8-b0ae-912a12216417].
2026-03-22 20:42:42.184 +01:00 [INF] Updating active permission set to 'default'
2026-03-22 20:42:42.292 +01:00 [INF] Acquiring context lock... (0ms)
2026-03-22 20:42:42.292 +01:00 [INF] Acquired. (0ms)
2026-03-22 20:42:42.293 +01:00 [INF] Beginning context dispose. (0ms)
2026-03-22 20:42:42.293 +01:00 [INF] GC.SuppressFinalize (0ms)
2026-03-22 20:42:42.294 +01:00 [INF] InternalDispose() completed. (0ms)
2026-03-22 20:42:42.294 +01:00 [INF] Clearing instance... (1ms)
2026-03-22 20:42:42.294 +01:00 [INF] Releasing context lock... (1ms)
2026-03-22 20:42:42.294 +01:00 [INF] Released. (1ms)
