2026-05-25 00:43:28.061 +02:00 [INF] Starting Intersect Client v0.8.0.0-custom+32d39132dace1351f63375b261f241297dd35be8-dirty
2026-05-25 00:43:28.296 +02:00 [INF] Discovered service type: Intersect.Plugins.PluginService
2026-05-25 00:43:28.299 +02:00 [WRN] Directory was specified as a plugin directory but does not exist: 'resources\plugins'
2026-05-25 00:43:28.300 +02:00 [INF] Discovered 0 plugins:

2026-05-25 00:43:35.353 +02:00 [INF] Connecting to 127.0.0.1:5400...
2026-05-25 00:43:35.361 +02:00 [INF] Connected [1178e7d9-af5f-4a16-9493-799e9bc815f7].
2026-05-25 00:43:35.372 +02:00 [INF] Connection approved [1178e7d9-af5f-4a16-9493-799e9bc815f7].
2026-05-25 00:43:35.457 +02:00 [INF] Updated PermissionSet 'default'
2026-05-25 00:43:35.457 +02:00 [INF] Updated PermissionSet 'admin'
2026-05-25 00:43:46.772 +02:00 [INF] Updating active permission set to 'admin'
2026-05-25 00:43:47.431 +02:00 [WRN] 'Me' is null.
2026-05-25 00:43:48.176 +02:00 [INF] Built VBO for map a31f210c-f5fb-48bf-9db2-45fab2293a4c 'Forest' in 107.4314ms
2026-05-25 00:43:48.273 +02:00 [INF] Built VBO for map 27c6a7b2-4e9f-4316-9a0f-e13ec8e16ba2 'Forest' in 59.4452ms
2026-05-25 00:46:35.619 +02:00 [INF] Built VBO for map 27c6a7b2-4e9f-4316-9a0f-e13ec8e16ba2 'Forest' in 39.5062ms
2026-05-25 00:46:37.159 +02:00 [INF] Built VBO for map a31f210c-f5fb-48bf-9db2-45fab2293a4c 'Forest' in 32.8756ms
2026-05-25 00:49:14.201 +02:00 [INF] Built VBO for map a31f210c-f5fb-48bf-9db2-45fab2293a4c 'Forest' in 33.4734ms
2026-05-25 00:49:14.262 +02:00 [INF] Built VBO for map 27c6a7b2-4e9f-4316-9a0f-e13ec8e16ba2 'Forest' in 42.4513ms
2026-05-25 00:49:29.728 +02:00 [INF] Built VBO for map a31f210c-f5fb-48bf-9db2-45fab2293a4c 'Forest' in 34.6658ms
2026-05-25 00:49:29.787 +02:00 [INF] Built VBO for map 27c6a7b2-4e9f-4316-9a0f-e13ec8e16ba2 'Forest' in 40.9312ms
2026-05-25 00:49:38.865 +02:00 [INF] System window closing (due to user interaction most likely).
2026-05-25 00:49:38.868 +02:00 [INF] Disconnected [1178e7d9-af5f-4a16-9493-799e9bc815f7].
2026-05-25 00:49:38.869 +02:00 [INF] Updating active permission set to 'default'
2026-05-25 00:49:38.899 +02:00 [INF] Acquiring context lock... (0ms)
2026-05-25 00:49:38.899 +02:00 [INF] Acquired. (0ms)
2026-05-25 00:49:38.900 +02:00 [INF] Beginning context dispose. (0ms)
2026-05-25 00:49:38.900 +02:00 [INF] GC.SuppressFinalize (0ms)
2026-05-25 00:49:38.900 +02:00 [INF] InternalDispose() completed. (0ms)
2026-05-25 00:49:38.900 +02:00 [INF] Clearing instance... (1ms)
2026-05-25 00:49:38.900 +02:00 [INF] Releasing context lock... (1ms)
2026-05-25 00:49:38.900 +02:00 [INF] Released. (1ms)
