2026-05-18 13:19:38.264 +02:00 [INF] Starting Intersect Client v0.8.0.0-custom+32d39132dace1351f63375b261f241297dd35be8-dirty
2026-05-18 13:19:38.463 +02:00 [INF] Discovered service type: Intersect.Plugins.PluginService
2026-05-18 13:19:38.467 +02:00 [WRN] Directory was specified as a plugin directory but does not exist: 'resources\plugins'
2026-05-18 13:19:38.468 +02:00 [INF] Discovered 0 plugins:

2026-05-18 13:19:55.459 +02:00 [INF] Connecting to 127.0.0.1:5400...
2026-05-18 13:19:55.476 +02:00 [INF] Connected [fa9838d9-dcf5-43d8-a583-2ce282f00f47].
2026-05-18 13:19:55.488 +02:00 [INF] Connection approved [fa9838d9-dcf5-43d8-a583-2ce282f00f47].
2026-05-18 13:19:55.576 +02:00 [INF] Updated PermissionSet 'default'
2026-05-18 13:20:01.076 +02:00 [INF] Updated PermissionSet 'admin'
2026-05-18 13:20:01.076 +02:00 [INF] Updating active permission set to 'admin'
2026-05-18 13:20:01.583 +02:00 [WRN] 'Me' is null.
2026-05-18 13:20:02.459 +02:00 [INF] Built VBO for map a31f210c-f5fb-48bf-9db2-45fab2293a4c 'Forest' in 38.6297ms
2026-05-18 13:20:02.675 +02:00 [INF] Built VBO for map 27c6a7b2-4e9f-4316-9a0f-e13ec8e16ba2 'Forest' in 44.0902ms
2026-05-18 13:20:42.486 +02:00 [INF] Built VBO for map a31f210c-f5fb-48bf-9db2-45fab2293a4c 'Forest' in 14.6559ms
2026-05-18 13:20:56.187 +02:00 [INF] Built VBO for map a31f210c-f5fb-48bf-9db2-45fab2293a4c 'Forest' in 13.0798ms
2026-05-18 13:21:06.216 +02:00 [INF] Built VBO for map a31f210c-f5fb-48bf-9db2-45fab2293a4c 'Forest' in 13.1156ms
2026-05-18 13:21:12.447 +02:00 [INF] Built VBO for map a31f210c-f5fb-48bf-9db2-45fab2293a4c 'Forest' in 15.6578ms
2026-05-18 13:21:35.149 +02:00 [INF] Built VBO for map 27c6a7b2-4e9f-4316-9a0f-e13ec8e16ba2 'Forest' in 5.595ms
2026-05-18 13:21:43.852 +02:00 [INF] Built VBO for map 27c6a7b2-4e9f-4316-9a0f-e13ec8e16ba2 'Forest' in 6.6308ms
2026-05-18 13:23:26.103 +02:00 [INF] System window closing (due to user interaction most likely).
2026-05-18 13:23:26.106 +02:00 [INF] Disconnected [fa9838d9-dcf5-43d8-a583-2ce282f00f47].
2026-05-18 13:23:26.106 +02:00 [INF] Updating active permission set to 'default'
2026-05-18 13:23:26.140 +02:00 [INF] Acquiring context lock... (0ms)
2026-05-18 13:23:26.140 +02:00 [INF] Acquired. (0ms)
2026-05-18 13:23:26.141 +02:00 [INF] Beginning context dispose. (0ms)
2026-05-18 13:23:26.141 +02:00 [INF] GC.SuppressFinalize (0ms)
2026-05-18 13:23:26.141 +02:00 [INF] InternalDispose() completed. (0ms)
2026-05-18 13:23:26.141 +02:00 [INF] Clearing instance... (1ms)
2026-05-18 13:23:26.142 +02:00 [INF] Releasing context lock... (1ms)
2026-05-18 13:23:26.142 +02:00 [INF] Released. (1ms)
