2026-04-27 16:43:07.564 +06:00 [INF] Starting Intersect Client v0.8.0.0-custom+32d39132dace1351f63375b261f241297dd35be8-dirty
2026-04-27 16:43:07.784 +06:00 [INF] Discovered service type: Intersect.Plugins.PluginService
2026-04-27 16:43:07.788 +06:00 [WRN] Directory was specified as a plugin directory but does not exist: 'resources\plugins'
2026-04-27 16:43:07.789 +06:00 [INF] Discovered 0 plugins:

2026-04-27 16:43:12.214 +06:00 [INF] Connecting to 127.0.0.1:5400...
2026-04-27 16:43:12.232 +06:00 [INF] Connected [1781fd2a-086f-41ff-b439-0920c9d3e545].
2026-04-27 16:43:12.265 +06:00 [INF] Connection approved [1781fd2a-086f-41ff-b439-0920c9d3e545].
2026-04-27 16:43:12.338 +06:00 [INF] Updated PermissionSet 'default'
2026-04-27 16:43:16.801 +06:00 [INF] Updated PermissionSet 'admin'
2026-04-27 16:43:16.801 +06:00 [INF] Updating active permission set to 'admin'
2026-04-27 16:43:16.940 +06:00 [WRN] Unable to add '_buttonLogout' to the JSON of MainMenu.SelectCharacterWindow._innerPanel._buttonsPanel because a sibling shares the same name
2026-04-27 16:43:17.460 +06:00 [WRN] 'Me' is null.
2026-04-27 16:43:18.022 +06:00 [INF] Built VBO for map 27c6a7b2-4e9f-4316-9a0f-e13ec8e16ba2 'Forest' in 9.8264ms
2026-04-27 16:43:23.590 +06:00 [INF] Built VBO for map c15f8299-8999-471f-9760-388ff4cdec7c 'Forest' in 9.5107ms
2026-04-27 16:47:14.329 +06:00 [FTL] Game is crashing due to an exception
System.ObjectDisposedException: Cannot access a disposed object.
Object name: 'Intersect.Client.Framework.Gwen.Control.Button'.
   at Intersect.Client.Framework.Gwen.Control.Base.Dispose() in F:\game code engine\Intersect_New\Intersect.Client.Framework\Gwen\Control\Base.cs:line 1306
   at Intersect.Client.Framework.Gwen.Control.Base.DisposeChildren(Base this) in F:\game code engine\Intersect_New\Intersect.Client.Framework\Gwen\Control\Base.cs:line 1402
   at Intersect.Client.Framework.Gwen.Control.Base.DisposeChildrenOf(Base target) in F:\game code engine\Intersect_New\Intersect.Client.Framework\Gwen\Control\Base.cs:line 1387
   at Intersect.Client.Framework.Gwen.Control.Base.DisposeChildrenOf(Base target) in F:\game code engine\Intersect_New\Intersect.Client.Framework\Gwen\Control\Base.cs:line 1391
   at Intersect.Client.Framework.Gwen.Control.Base.DisposeChildrenOf(Base target) in F:\game code engine\Intersect_New\Intersect.Client.Framework\Gwen\Control\Base.cs:line 1391
   at Intersect.Client.Framework.Gwen.Control.Base.DisposeChildrenOf(Base target) in F:\game code engine\Intersect_New\Intersect.Client.Framework\Gwen\Control\Base.cs:line 1391
   at Intersect.Client.Framework.Gwen.Control.Base.Dispose() in F:\game code engine\Intersect_New\Intersect.Client.Framework\Gwen\Control\Base.cs:line 1358
   at Intersect.Client.Framework.Gwen.Control.Base.DisposeChildren(Base this) in F:\game code engine\Intersect_New\Intersect.Client.Framework\Gwen\Control\Base.cs:line 1402
   at Intersect.Client.Framework.Gwen.Control.Base.DisposeChildrenOf(Base target) in F:\game code engine\Intersect_New\Intersect.Client.Framework\Gwen\Control\Base.cs:line 1387
   at Intersect.Client.Framework.Gwen.Control.Base.DisposeChildrenOf(Base target) in F:\game code engine\Intersect_New\Intersect.Client.Framework\Gwen\Control\Base.cs:line 1391
   at Intersect.Client.Framework.Gwen.Control.Base.DisposeChildrenOf(Base target) in F:\game code engine\Intersect_New\Intersect.Client.Framework\Gwen\Control\Base.cs:line 1391
   at Intersect.Client.Framework.Gwen.Control.Base.Dispose() in F:\game code engine\Intersect_New\Intersect.Client.Framework\Gwen\Control\Base.cs:line 1358
   at Intersect.Client.Framework.Gwen.Control.Base.DisposeChildren(Base this) in F:\game code engine\Intersect_New\Intersect.Client.Framework\Gwen\Control\Base.cs:line 1402
   at Intersect.Client.Framework.Gwen.Control.Base.DisposeChildrenOf(Base target) in F:\game code engine\Intersect_New\Intersect.Client.Framework\Gwen\Control\Base.cs:line 1387
   at Intersect.Client.Framework.Gwen.Control.Base.DisposeChildrenOf(Base target) in F:\game code engine\Intersect_New\Intersect.Client.Framework\Gwen\Control\Base.cs:line 1391
   at Intersect.Client.Framework.Gwen.Control.Base.Dispose() in F:\game code engine\Intersect_New\Intersect.Client.Framework\Gwen\Control\Base.cs:line 1358
   at Intersect.Client.Framework.Gwen.Control.Base.DisposeChildren(Base this) in F:\game code engine\Intersect_New\Intersect.Client.Framework\Gwen\Control\Base.cs:line 1402
   at Intersect.Client.Framework.Gwen.Control.Base.DisposeChildrenOf(Base target) in F:\game code engine\Intersect_New\Intersect.Client.Framework\Gwen\Control\Base.cs:line 1387
   at Intersect.Client.Framework.Gwen.Control.Base.Dispose() in F:\game code engine\Intersect_New\Intersect.Client.Framework\Gwen\Control\Base.cs:line 1358
   at Intersect.Client.Interface.Game.GameInterface.Dispose() in F:\game code engine\Intersect_New\Intersect.Client.Core\Interface\Game\GameInterface.cs:line 666
   at Intersect.Client.Interface.Interface.InitGwen() in F:\game code engine\Intersect_New\Intersect.Client.Core\Interface\Interface.cs:line 200
   at Intersect.Client.Core.Main.Logout(Boolean characterSelect, Boolean skipFade) in F:\game code engine\Intersect_New\Intersect.Client.Core\Core\Main.cs:line 357
   at Intersect.Client.Interface.Menu.EscapeMenuWindow.LogoutToCharacterSelect(Object sender, EventArgs e) in F:\game code engine\Intersect_New\Intersect.Client.Core\Interface\Menu\EscapeMenuWindow.cs:line 168
   at Intersect.Client.Interface.Menu.EscapeMenuWindow.ReturnToCharacterSelectionButtonOnClicked(Base sender, MouseButtonState arguments) in F:\game code engine\Intersect_New\Intersect.Client.Core\Interface\Menu\EscapeMenuWindow.cs:line 157
   at Intersect.Client.Framework.Gwen.Control.Base.InputMouseButtonState(MouseButton mouseButton, Point mousePosition, Boolean pressed, Boolean userAction) in F:\game code engine\Intersect_New\Intersect.Client.Framework\Gwen\Control\Base.cs:line 3507
   at Intersect.Client.Framework.Gwen.Input.InputHandler.OnMouseButtonStateChanged(Base canvas, MouseButton mouseButton, Boolean pressed) in F:\game code engine\Intersect_New\Intersect.Client.Framework\Gwen\Input\InputHandler.cs:line 423
   at Intersect.Client.Framework.Gwen.Control.Canvas.Input_MouseButton(MouseButton button, Boolean down) in F:\game code engine\Intersect_New\Intersect.Client.Framework\Gwen\Control\Canvas.cs:line 369
   at Intersect.Client.Framework.Gwen.Input.IntersectInput.ProcessMessage(Object message) in F:\game code engine\Intersect_New\Intersect.Client.Framework\Gwen\Input\IntersectInput.cs:line 116
   at Intersect.Client.MonoGame.Input.MonoInput.CheckMouseButton(Keys modifier, ButtonState bs, MouseButton mb) in F:\game code engine\Intersect_New\Intersect.Client.Core\MonoGame\Input\MonoInput.cs:line 239
   at Intersect.Client.MonoGame.Input.MonoInput.Update(TimeSpan elapsed) in F:\game code engine\Intersect_New\Intersect.Client.Core\MonoGame\Input\MonoInput.cs:line 507
   at Intersect.Client.Core.Main.Update(TimeSpan deltaTime) in F:\game code engine\Intersect_New\Intersect.Client.Core\Core\Main.cs:line 105
   at Intersect.Client.MonoGame.IntersectGame.Update(GameTime gameTime) in F:\game code engine\Intersect_New\Intersect.Client.Core\MonoGame\IntersectGame.cs:line 230
   at Microsoft.Xna.Framework.Game.Tick()
   at Microsoft.Xna.Framework.SdlGamePlatform.RunLoop()
   at Microsoft.Xna.Framework.Game.Run(GameRunBehavior runBehavior)
   at Microsoft.Xna.Framework.Game.Run()
   at Intersect.Client.MonoGame.IntersectGame.MonoGameRunner.Start(IClientContext context, Action postStartupAction) in F:\game code engine\Intersect_New\Intersect.Client.Core\MonoGame\IntersectGame.cs:line 633
2026-04-27 16:47:14.370 +06:00 [INF] Acquiring context lock... (0ms)
2026-04-27 16:47:14.370 +06:00 [INF] Acquired. (0ms)
2026-04-27 16:47:14.371 +06:00 [INF] Beginning context dispose. (0ms)
2026-04-27 16:47:14.371 +06:00 [INF] GC.SuppressFinalize (0ms)
2026-04-27 16:47:14.371 +06:00 [INF] InternalDispose() completed. (0ms)
2026-04-27 16:47:14.371 +06:00 [INF] Clearing instance... (1ms)
2026-04-27 16:47:14.371 +06:00 [INF] Releasing context lock... (1ms)
2026-04-27 16:47:14.371 +06:00 [INF] Released. (1ms)
2026-04-27 16:47:14.371 +06:00 [ERR] Failed to start application context
System.ObjectDisposedException: Cannot access a disposed object.
Object name: 'Intersect.Client.Framework.Gwen.Control.Button'.
   at Intersect.Client.Framework.Gwen.Control.Base.Dispose() in F:\game code engine\Intersect_New\Intersect.Client.Framework\Gwen\Control\Base.cs:line 1306
   at Intersect.Client.Framework.Gwen.Control.Base.DisposeChildren(Base this) in F:\game code engine\Intersect_New\Intersect.Client.Framework\Gwen\Control\Base.cs:line 1402
   at Intersect.Client.Framework.Gwen.Control.Base.DisposeChildrenOf(Base target) in F:\game code engine\Intersect_New\Intersect.Client.Framework\Gwen\Control\Base.cs:line 1387
   at Intersect.Client.Framework.Gwen.Control.Base.DisposeChildrenOf(Base target) in F:\game code engine\Intersect_New\Intersect.Client.Framework\Gwen\Control\Base.cs:line 1391
   at Intersect.Client.Framework.Gwen.Control.Base.DisposeChildrenOf(Base target) in F:\game code engine\Intersect_New\Intersect.Client.Framework\Gwen\Control\Base.cs:line 1391
   at Intersect.Client.Framework.Gwen.Control.Base.DisposeChildrenOf(Base target) in F:\game code engine\Intersect_New\Intersect.Client.Framework\Gwen\Control\Base.cs:line 1391
   at Intersect.Client.Framework.Gwen.Control.Base.Dispose() in F:\game code engine\Intersect_New\Intersect.Client.Framework\Gwen\Control\Base.cs:line 1358
   at Intersect.Client.Framework.Gwen.Control.Base.DisposeChildren(Base this) in F:\game code engine\Intersect_New\Intersect.Client.Framework\Gwen\Control\Base.cs:line 1402
   at Intersect.Client.Framework.Gwen.Control.Base.DisposeChildrenOf(Base target) in F:\game code engine\Intersect_New\Intersect.Client.Framework\Gwen\Control\Base.cs:line 1387
   at Intersect.Client.Framework.Gwen.Control.Base.DisposeChildrenOf(Base target) in F:\game code engine\Intersect_New\Intersect.Client.Framework\Gwen\Control\Base.cs:line 1391
   at Intersect.Client.Framework.Gwen.Control.Base.DisposeChildrenOf(Base target) in F:\game code engine\Intersect_New\Intersect.Client.Framework\Gwen\Control\Base.cs:line 1391
   at Intersect.Client.Framework.Gwen.Control.Base.Dispose() in F:\game code engine\Intersect_New\Intersect.Client.Framework\Gwen\Control\Base.cs:line 1358
   at Intersect.Client.Framework.Gwen.Control.Base.DisposeChildren(Base this) in F:\game code engine\Intersect_New\Intersect.Client.Framework\Gwen\Control\Base.cs:line 1402
   at Intersect.Client.Framework.Gwen.Control.Base.DisposeChildrenOf(Base target) in F:\game code engine\Intersect_New\Intersect.Client.Framework\Gwen\Control\Base.cs:line 1387
   at Intersect.Client.Framework.Gwen.Control.Base.DisposeChildrenOf(Base target) in F:\game code engine\Intersect_New\Intersect.Client.Framework\Gwen\Control\Base.cs:line 1391
   at Intersect.Client.Framework.Gwen.Control.Base.Dispose() in F:\game code engine\Intersect_New\Intersect.Client.Framework\Gwen\Control\Base.cs:line 1358
   at Intersect.Client.Framework.Gwen.Control.Base.DisposeChildren(Base this) in F:\game code engine\Intersect_New\Intersect.Client.Framework\Gwen\Control\Base.cs:line 1402
   at Intersect.Client.Framework.Gwen.Control.Base.DisposeChildrenOf(Base target) in F:\game code engine\Intersect_New\Intersect.Client.Framework\Gwen\Control\Base.cs:line 1387
   at Intersect.Client.Framework.Gwen.Control.Base.Dispose() in F:\game code engine\Intersect_New\Intersect.Client.Framework\Gwen\Control\Base.cs:line 1358
   at Intersect.Client.Interface.Game.GameInterface.Dispose() in F:\game code engine\Intersect_New\Intersect.Client.Core\Interface\Game\GameInterface.cs:line 666
   at Intersect.Client.Interface.Interface.InitGwen() in F:\game code engine\Intersect_New\Intersect.Client.Core\Interface\Interface.cs:line 200
   at Intersect.Client.Core.Main.Logout(Boolean characterSelect, Boolean skipFade) in F:\game code engine\Intersect_New\Intersect.Client.Core\Core\Main.cs:line 357
   at Intersect.Client.Interface.Menu.EscapeMenuWindow.LogoutToCharacterSelect(Object sender, EventArgs e) in F:\game code engine\Intersect_New\Intersect.Client.Core\Interface\Menu\EscapeMenuWindow.cs:line 168
   at Intersect.Client.Interface.Menu.EscapeMenuWindow.ReturnToCharacterSelectionButtonOnClicked(Base sender, MouseButtonState arguments) in F:\game code engine\Intersect_New\Intersect.Client.Core\Interface\Menu\EscapeMenuWindow.cs:line 157
   at Intersect.Client.Framework.Gwen.Control.Base.InputMouseButtonState(MouseButton mouseButton, Point mousePosition, Boolean pressed, Boolean userAction) in F:\game code engine\Intersect_New\Intersect.Client.Framework\Gwen\Control\Base.cs:line 3507
   at Intersect.Client.Framework.Gwen.Input.InputHandler.OnMouseButtonStateChanged(Base canvas, MouseButton mouseButton, Boolean pressed) in F:\game code engine\Intersect_New\Intersect.Client.Framework\Gwen\Input\InputHandler.cs:line 423
   at Intersect.Client.Framework.Gwen.Control.Canvas.Input_MouseButton(MouseButton button, Boolean down) in F:\game code engine\Intersect_New\Intersect.Client.Framework\Gwen\Control\Canvas.cs:line 369
   at Intersect.Client.Framework.Gwen.Input.IntersectInput.ProcessMessage(Object message) in F:\game code engine\Intersect_New\Intersect.Client.Framework\Gwen\Input\IntersectInput.cs:line 116
   at Intersect.Client.MonoGame.Input.MonoInput.CheckMouseButton(Keys modifier, ButtonState bs, MouseButton mb) in F:\game code engine\Intersect_New\Intersect.Client.Core\MonoGame\Input\MonoInput.cs:line 239
   at Intersect.Client.MonoGame.Input.MonoInput.Update(TimeSpan elapsed) in F:\game code engine\Intersect_New\Intersect.Client.Core\MonoGame\Input\MonoInput.cs:line 507
   at Intersect.Client.Core.Main.Update(TimeSpan deltaTime) in F:\game code engine\Intersect_New\Intersect.Client.Core\Core\Main.cs:line 105
   at Intersect.Client.MonoGame.IntersectGame.Update(GameTime gameTime) in F:\game code engine\Intersect_New\Intersect.Client.Core\MonoGame\IntersectGame.cs:line 230
   at Microsoft.Xna.Framework.Game.Tick()
   at Microsoft.Xna.Framework.SdlGamePlatform.RunLoop()
   at Microsoft.Xna.Framework.Game.Run(GameRunBehavior runBehavior)
   at Microsoft.Xna.Framework.Game.Run()
   at Intersect.Client.MonoGame.IntersectGame.MonoGameRunner.Start(IClientContext context, Action postStartupAction) in F:\game code engine\Intersect_New\Intersect.Client.Core\MonoGame\IntersectGame.cs:line 633
   at Intersect.Client.Core.ClientContext.InternalStart() in F:\game code engine\Intersect_New\Intersect.Client.Core\Core\ClientContext.cs:line 97
   at Intersect.Core.ApplicationContext`2.Start(Boolean lockUntilShutdown) in F:\game code engine\Intersect_New\Intersect (Core)\Core\ApplicationContext`2.cs:line 245
