2026-05-14 02:14:31.687 +02:00 [INF] Starting Intersect Client v0.8.0.0-custom+32d39132dace1351f63375b261f241297dd35be8-dirty
2026-05-14 02:14:31.960 +02:00 [INF] Discovered service type: Intersect.Plugins.PluginService
2026-05-14 02:14:31.964 +02:00 [WRN] Directory was specified as a plugin directory but does not exist: 'resources\plugins'
2026-05-14 02:14:31.965 +02:00 [INF] Discovered 0 plugins:

2026-05-14 02:14:34.936 +02:00 [INF] Connecting to 127.0.0.1:5400...
2026-05-14 02:14:34.958 +02:00 [INF] Connected [5c2675a5-12f8-40a7-9905-fa8c0f19e9db].
2026-05-14 02:14:34.977 +02:00 [INF] Connection approved [5c2675a5-12f8-40a7-9905-fa8c0f19e9db].
2026-05-14 02:14:35.064 +02:00 [INF] Updated PermissionSet 'default'
2026-05-14 02:14:38.504 +02:00 [INF] Updated PermissionSet 'admin'
2026-05-14 02:14:38.504 +02:00 [INF] Updating active permission set to 'admin'
2026-05-14 02:14:39.046 +02:00 [WRN] 'Me' is null.
2026-05-14 02:14:39.658 +02:00 [INF] Built VBO for map 24cc8989-0a45-4ecb-bf58-41efcefcaeb8 'Test' in 16.2814ms
2026-05-14 02:18:32.219 +02:00 [INF] System window closing (due to user interaction most likely).
2026-05-14 02:18:32.222 +02:00 [INF] Disconnected [5c2675a5-12f8-40a7-9905-fa8c0f19e9db].
2026-05-14 02:18:32.223 +02:00 [INF] Updating active permission set to 'default'
2026-05-14 02:18:32.265 +02:00 [INF] Acquiring context lock... (0ms)
2026-05-14 02:18:32.265 +02:00 [INF] Acquired. (0ms)
2026-05-14 02:18:32.265 +02:00 [INF] Beginning context dispose. (0ms)
2026-05-14 02:18:32.266 +02:00 [INF] GC.SuppressFinalize (0ms)
2026-05-14 02:18:32.266 +02:00 [INF] InternalDispose() completed. (0ms)
2026-05-14 02:18:32.266 +02:00 [INF] Clearing instance... (1ms)
2026-05-14 02:18:32.266 +02:00 [INF] Releasing context lock... (1ms)
2026-05-14 02:18:32.266 +02:00 [INF] Released. (1ms)
