2026-04-15 18:08:36.786 +06:00 [INF] Starting Intersect Client v0.8.0.0-custom+32d39132dace1351f63375b261f241297dd35be8-dirty
2026-04-15 18:08:36.978 +06:00 [INF] Discovered service type: Intersect.Plugins.PluginService
2026-04-15 18:08:36.982 +06:00 [WRN] Directory was specified as a plugin directory but does not exist: 'resources\plugins'
2026-04-15 18:08:36.982 +06:00 [INF] Discovered 0 plugins:

2026-04-15 18:08:38.716 +06:00 [INF] Connecting to 127.0.0.1:5400...
2026-04-15 18:08:38.723 +06:00 [INF] Connected [cd7929b1-e365-4003-877b-fcd1f0d2eb69].
2026-04-15 18:08:38.740 +06:00 [INF] Connection approved [cd7929b1-e365-4003-877b-fcd1f0d2eb69].
2026-04-15 18:08:38.811 +06:00 [INF] Updated PermissionSet 'default'
2026-04-15 18:08:38.811 +06:00 [INF] Updated PermissionSet 'admin'
2026-04-15 18:08:43.848 +06:00 [WRN] Unable to add '_buttonLogout' to the JSON of MainMenu.SelectCharacterWindow._innerPanel._buttonsPanel because a sibling shares the same name
2026-04-15 18:08:44.395 +06:00 [WRN] 'Me' is null.
2026-04-15 18:08:45.067 +06:00 [INF] Built VBO for map 73ba8458-f8de-4f78-a254-c91b18418ed0 'test 3' in 54.8457ms
2026-04-15 18:08:45.076 +06:00 [INF] Built VBO for map 27c6a7b2-4e9f-4316-9a0f-e13ec8e16ba2 'New Map' in 4.3223ms
2026-04-15 18:09:07.213 +06:00 [INF] Built VBO for map 23630ac6-4461-460d-8a3b-9a0d4477096f 'test 8' in 7.7498ms
2026-04-15 18:09:31.470 +06:00 [INF] System window closing (due to user interaction most likely).
2026-04-15 18:09:31.473 +06:00 [INF] Disconnected [cd7929b1-e365-4003-877b-fcd1f0d2eb69].
2026-04-15 18:09:31.510 +06:00 [INF] Acquiring context lock... (0ms)
2026-04-15 18:09:31.510 +06:00 [INF] Acquired. (0ms)
2026-04-15 18:09:31.510 +06:00 [INF] Beginning context dispose. (0ms)
2026-04-15 18:09:31.511 +06:00 [INF] GC.SuppressFinalize (0ms)
2026-04-15 18:09:31.511 +06:00 [INF] InternalDispose() completed. (0ms)
2026-04-15 18:09:31.511 +06:00 [INF] Clearing instance... (1ms)
2026-04-15 18:09:31.511 +06:00 [INF] Releasing context lock... (1ms)
2026-04-15 18:09:31.511 +06:00 [INF] Released. (1ms)
