2026-04-17 06:02:01.168 +06:00 [INF] Starting Intersect Client v0.8.0.0-custom+32d39132dace1351f63375b261f241297dd35be8-dirty
2026-04-17 06:02:01.447 +06:00 [INF] Discovered service type: Intersect.Plugins.PluginService
2026-04-17 06:02:01.453 +06:00 [WRN] Directory was specified as a plugin directory but does not exist: 'resources\plugins'
2026-04-17 06:02:01.454 +06:00 [INF] Discovered 0 plugins:

2026-04-17 06:02:19.002 +06:00 [INF] Connecting to 127.0.0.1:5400...
2026-04-17 06:02:19.021 +06:00 [INF] Connected [46ccb926-693a-4913-a0a6-bf06291edef3].
2026-04-17 06:02:19.041 +06:00 [INF] Connection approved [46ccb926-693a-4913-a0a6-bf06291edef3].
2026-04-17 06:02:19.123 +06:00 [INF] Updated PermissionSet 'default'
2026-04-17 06:02:24.918 +06:00 [INF] Updated PermissionSet 'admin'
2026-04-17 06:02:24.918 +06:00 [INF] Updating active permission set to 'admin'
2026-04-17 06:02:25.060 +06:00 [WRN] Unable to add '_buttonLogout' to the JSON of MainMenu.SelectCharacterWindow._innerPanel._buttonsPanel because a sibling shares the same name
2026-04-17 06:02:26.574 +06:00 [WRN] 'Me' is null.
2026-04-17 06:02:27.109 +06:00 [ERR] Exception thrown while trying to load 'resources/tilesets/pixellab-pixel-art-asset-sheet-featurin-1775656194302.png'
System.IO.FileNotFoundException: Could not find file 'F:\game code engine\Intersect_New\Intersect.Client\resources\tilesets\pixellab-pixel-art-asset-sheet-featurin-1775656194302.png'.
File name: 'F:\game code engine\Intersect_New\Intersect.Client\resources\tilesets\pixellab-pixel-art-asset-sheet-featurin-1775656194302.png'
   at Microsoft.Win32.SafeHandles.SafeFileHandle.CreateFile(String fullPath, FileMode mode, FileAccess access, FileShare share, FileOptions options)
   at Microsoft.Win32.SafeHandles.SafeFileHandle.Open(String fullPath, FileMode mode, FileAccess access, FileShare share, FileOptions options, Int64 preallocationSize, Nullable`1 unixCreateMode)
   at System.IO.Strategies.OSFileStreamStrategy..ctor(String path, FileMode mode, FileAccess access, FileShare share, FileOptions options, Int64 preallocationSize, Nullable`1 unixCreateMode)
   at System.IO.Strategies.FileStreamHelpers.ChooseStrategyCore(String path, FileMode mode, FileAccess access, FileShare share, FileOptions options, Int64 preallocationSize, Nullable`1 unixCreateMode)
   at System.IO.File.OpenRead(String path)
   at Intersect.Client.Framework.Graphics.GameRenderer.<>c__DisplayClass145_0.<LoadTexture>b__0() in F:\game code engine\Intersect_New\Intersect.Client.Framework\Graphics\GameRenderer.cs:line 648
   at Intersect.Client.Framework.Graphics.GameTexture`2.LoadPlatformTexture(Boolean force) in F:\game code engine\Intersect_New\Intersect.Client.Framework\Graphics\GameTexture.cs:line 279
2026-04-17 06:02:27.132 +06:00 [INF] Built VBO for map 73ba8458-f8de-4f78-a254-c91b18418ed0 'forest' in 54.7652ms
2026-04-17 06:02:32.695 +06:00 [INF] Built VBO for map 27c6a7b2-4e9f-4316-9a0f-e13ec8e16ba2 'New Map' in 10.4233ms
2026-04-17 06:02:38.031 +06:00 [INF] Disconnected [46ccb926-693a-4913-a0a6-bf06291edef3].
2026-04-17 06:02:38.031 +06:00 [INF] Updating active permission set to 'default'
2026-04-17 06:02:38.826 +06:00 [INF] Connecting to 127.0.0.1:5400...
2026-04-17 06:02:38.832 +06:00 [INF] Connected [6c64567f-20c6-454d-97cd-9246cc6e7288].
2026-04-17 06:02:38.846 +06:00 [INF] Connection approved [6c64567f-20c6-454d-97cd-9246cc6e7288].
2026-04-17 06:02:38.855 +06:00 [INF] Updated PermissionSet 'default'
2026-04-17 06:02:38.855 +06:00 [INF] Updated PermissionSet 'admin'
2026-04-17 06:02:43.817 +06:00 [WRN] 'Me' is null.
2026-04-17 06:02:43.866 +06:00 [WRN] Tried to load entity "b188ff98-d4cb-417e-a69f-6d18f6bbec80" (Test2456) from packet before in-game UI was ready
2026-04-17 06:02:43.866 +06:00 [WRN] Tried to load entity "b188ff98-d4cb-417e-a69f-6d18f6bbec80" (Test2456) from packet before in-game UI was ready
2026-04-17 06:02:44.007 +06:00 [INF] Built VBO for map 73ba8458-f8de-4f78-a254-c91b18418ed0 'forest' in 2.8387ms
2026-04-17 06:02:44.010 +06:00 [INF] Built VBO for map 27c6a7b2-4e9f-4316-9a0f-e13ec8e16ba2 'New Map' in 2.0892ms
2026-04-17 06:02:55.238 +06:00 [INF] Built VBO for map 23630ac6-4461-460d-8a3b-9a0d4477096f 'test 8' in 4.0838ms
2026-04-17 06:03:45.496 +06:00 [INF] System window closing (due to user interaction most likely).
2026-04-17 06:03:45.498 +06:00 [INF] Disconnected [6c64567f-20c6-454d-97cd-9246cc6e7288].
2026-04-17 06:03:45.499 +06:00 [INF] Updating active permission set to 'default'
2026-04-17 06:03:45.588 +06:00 [INF] Acquiring context lock... (0ms)
2026-04-17 06:03:45.589 +06:00 [INF] Acquired. (0ms)
2026-04-17 06:03:45.589 +06:00 [INF] Beginning context dispose. (0ms)
2026-04-17 06:03:45.589 +06:00 [INF] GC.SuppressFinalize (0ms)
2026-04-17 06:03:45.590 +06:00 [INF] InternalDispose() completed. (0ms)
2026-04-17 06:03:45.590 +06:00 [INF] Clearing instance... (1ms)
2026-04-17 06:03:45.590 +06:00 [INF] Releasing context lock... (1ms)
2026-04-17 06:03:45.590 +06:00 [INF] Released. (1ms)
