2026-04-15 00:48:33.439 +06:00 [INF] Starting Intersect Client v0.8.0.0-custom+32d39132dace1351f63375b261f241297dd35be8-dirty
2026-04-15 00:48:33.634 +06:00 [INF] Discovered service type: Intersect.Plugins.PluginService
2026-04-15 00:48:33.638 +06:00 [WRN] Directory was specified as a plugin directory but does not exist: 'resources\plugins'
2026-04-15 00:48:33.639 +06:00 [INF] Discovered 0 plugins:

2026-04-15 00:48:35.882 +06:00 [INF] Connecting to 127.0.0.1:5400...
2026-04-15 00:48:35.904 +06:00 [INF] Connected [59d44579-1ce0-4e78-b92e-f5a45394ea9c].
2026-04-15 00:48:35.918 +06:00 [INF] Connection approved [59d44579-1ce0-4e78-b92e-f5a45394ea9c].
2026-04-15 00:48:36.013 +06:00 [INF] Updated PermissionSet 'default'
2026-04-15 00:48:48.265 +06:00 [INF] Updated PermissionSet 'admin'
2026-04-15 00:48:48.266 +06:00 [INF] Updating active permission set to 'admin'
2026-04-15 00:48:48.410 +06:00 [WRN] Unable to add '_buttonLogout' to the JSON of MainMenu.SelectCharacterWindow._innerPanel._buttonsPanel because a sibling shares the same name
2026-04-15 00:48:50.289 +06:00 [WRN] 'Me' is null.
2026-04-15 00:48:50.884 +06:00 [INF] Built VBO for map 73ba8458-f8de-4f78-a254-c91b18418ed0 'test 3' in 53.7974ms
2026-04-15 00:48:53.308 +06:00 [INF] Built VBO for map 27c6a7b2-4e9f-4316-9a0f-e13ec8e16ba2 'New Map' in 9.3716ms
2026-04-15 00:49:33.355 +06:00 [INF] Built VBO for map 23630ac6-4461-460d-8a3b-9a0d4477096f 'test 8' in 6.7086ms
2026-04-15 00:49:40.152 +06:00 [INF] Built VBO for map 411179b7-b772-42ef-bf66-03b7e4d7dca8 'test 5' in 4.2908ms
2026-04-15 01:10:52.240 +06:00 [INF] System window closing (due to user interaction most likely).
2026-04-15 01:10:52.243 +06:00 [INF] Disconnected [59d44579-1ce0-4e78-b92e-f5a45394ea9c].
2026-04-15 01:10:52.244 +06:00 [INF] Updating active permission set to 'default'
2026-04-15 01:10:52.265 +06:00 [INF] Acquiring context lock... (0ms)
2026-04-15 01:10:52.265 +06:00 [INF] Acquired. (0ms)
2026-04-15 01:10:52.265 +06:00 [INF] Beginning context dispose. (0ms)
2026-04-15 01:10:52.266 +06:00 [INF] GC.SuppressFinalize (0ms)
2026-04-15 01:10:52.266 +06:00 [INF] InternalDispose() completed. (0ms)
2026-04-15 01:10:52.266 +06:00 [INF] Clearing instance... (1ms)
2026-04-15 01:10:52.266 +06:00 [INF] Releasing context lock... (1ms)
2026-04-15 01:10:52.266 +06:00 [INF] Released. (1ms)
