2026-05-18 09:04:53.409 +02:00 [INF] Starting Intersect Client v0.8.0.0-custom+32d39132dace1351f63375b261f241297dd35be8-dirty
2026-05-18 09:04:53.624 +02:00 [INF] Discovered service type: Intersect.Plugins.PluginService
2026-05-18 09:04:53.627 +02:00 [WRN] Directory was specified as a plugin directory but does not exist: 'resources\plugins'
2026-05-18 09:04:53.628 +02:00 [INF] Discovered 0 plugins:

2026-05-18 09:05:39.551 +02:00 [INF] Connecting to 127.0.0.1:5400...
2026-05-18 09:05:39.558 +02:00 [INF] Connected [77754d26-0bdf-40ce-ae19-268e1c005775].
2026-05-18 09:05:39.571 +02:00 [INF] Connection approved [77754d26-0bdf-40ce-ae19-268e1c005775].
2026-05-18 09:05:39.658 +02:00 [INF] Updated PermissionSet 'default'
2026-05-18 09:05:39.658 +02:00 [INF] Updated PermissionSet 'admin'
2026-05-18 09:05:50.526 +02:00 [INF] Updating active permission set to 'admin'
2026-05-18 09:05:51.150 +02:00 [WRN] 'Me' is null.
2026-05-18 09:05:51.860 +02:00 [INF] Built VBO for map 27c6a7b2-4e9f-4316-9a0f-e13ec8e16ba2 'Forest' in 25.9475ms
2026-05-18 09:05:51.908 +02:00 [INF] Built VBO for map e341d25d-5ff4-4cd6-bcd5-2f2cda710c86 'Forest' in 5.4444ms
2026-05-18 09:06:04.596 +02:00 [INF] Built VBO for map a31f210c-f5fb-48bf-9db2-45fab2293a4c 'Forest' in 12.5158ms
2026-05-18 09:06:30.300 +02:00 [INF] Built VBO for map a31f210c-f5fb-48bf-9db2-45fab2293a4c 'Forest' in 13.5247ms
2026-05-18 09:06:30.374 +02:00 [INF] Built VBO for map 27c6a7b2-4e9f-4316-9a0f-e13ec8e16ba2 'Forest' in 6.2798ms
2026-05-18 09:08:00.803 +02:00 [INF] Built VBO for map 27c6a7b2-4e9f-4316-9a0f-e13ec8e16ba2 'Forest' in 5.24ms
2026-05-18 09:12:17.826 +02:00 [INF] Built VBO for map 27c6a7b2-4e9f-4316-9a0f-e13ec8e16ba2 'Forest' in 5.2395ms
2026-05-18 09:14:49.578 +02:00 [INF] System window closing (due to user interaction most likely).
2026-05-18 09:14:49.582 +02:00 [INF] Disconnected [77754d26-0bdf-40ce-ae19-268e1c005775].
2026-05-18 09:14:49.582 +02:00 [INF] Updating active permission set to 'default'
2026-05-18 09:14:49.617 +02:00 [INF] Acquiring context lock... (0ms)
2026-05-18 09:14:49.617 +02:00 [INF] Acquired. (0ms)
2026-05-18 09:14:49.618 +02:00 [INF] Beginning context dispose. (0ms)
2026-05-18 09:14:49.618 +02:00 [INF] GC.SuppressFinalize (0ms)
2026-05-18 09:14:49.618 +02:00 [INF] InternalDispose() completed. (0ms)
2026-05-18 09:14:49.618 +02:00 [INF] Clearing instance... (1ms)
2026-05-18 09:14:49.618 +02:00 [INF] Releasing context lock... (1ms)
2026-05-18 09:14:49.618 +02:00 [INF] Released. (1ms)
