2026-07-01 18:27:08.592 +02:00 [INF] Starting Intersect Client v0.8.0.0-custom+32d39132dace1351f63375b261f241297dd35be8-dirty
2026-07-01 18:27:08.850 +02:00 [INF] Discovered service type: Intersect.Plugins.PluginService
2026-07-01 18:27:08.855 +02:00 [WRN] Directory was specified as a plugin directory but does not exist: 'resources\plugins'
2026-07-01 18:27:08.856 +02:00 [INF] Discovered 0 plugins:

2026-07-01 18:27:12.982 +02:00 [INF] Connecting to 127.0.0.1:5400...
2026-07-01 18:27:13.004 +02:00 [INF] Connected [f7bd36a3-e89b-4a5b-a151-764f37db1ed0].
2026-07-01 18:27:13.020 +02:00 [INF] Connection approved [f7bd36a3-e89b-4a5b-a151-764f37db1ed0].
2026-07-01 18:27:13.143 +02:00 [INF] Updated PermissionSet 'default'
2026-07-01 18:27:18.292 +02:00 [INF] Updated PermissionSet 'admin'
2026-07-01 18:27:18.292 +02:00 [INF] Updating active permission set to 'admin'
2026-07-01 18:27:20.738 +02:00 [WRN] 'Me' is null.
2026-07-01 18:27:21.754 +02:00 [ERR] Exception thrown while trying to load 'resources/tilesets/water_shore_marker.png'
System.IO.FileNotFoundException: Could not find file 'F:\game code engine\Intersect_New\Intersect.Client\resources\tilesets\water_shore_marker.png'.
File name: 'F:\game code engine\Intersect_New\Intersect.Client\resources\tilesets\water_shore_marker.png'
   at Microsoft.Win32.SafeHandles.SafeFileHandle.CreateFile(String fullPath, FileMode mode, FileAccess access, FileShare share, FileOptions options)
   at Microsoft.Win32.SafeHandles.SafeFileHandle.Open(String fullPath, FileMode mode, FileAccess access, FileShare share, FileOptions options, Int64 preallocationSize, Nullable`1 unixCreateMode)
   at System.IO.Strategies.OSFileStreamStrategy..ctor(String path, FileMode mode, FileAccess access, FileShare share, FileOptions options, Int64 preallocationSize, Nullable`1 unixCreateMode)
   at System.IO.Strategies.FileStreamHelpers.ChooseStrategyCore(String path, FileMode mode, FileAccess access, FileShare share, FileOptions options, Int64 preallocationSize, Nullable`1 unixCreateMode)
   at System.IO.File.OpenRead(String path)
   at Intersect.Client.Framework.Graphics.GameRenderer.<>c__DisplayClass181_0.<LoadTexture>b__0() in F:\game code engine\Intersect_New\Intersect.Client.Framework\Graphics\GameRenderer.cs:line 1012
   at Intersect.Client.Framework.Graphics.GameTexture`2.LoadPlatformTexture(Boolean force) in F:\game code engine\Intersect_New\Intersect.Client.Framework\Graphics\GameTexture.cs:line 279
2026-07-01 18:27:21.768 +02:00 [INF] Built VBO for map 9802b09c-f592-4d93-8e11-d3424500716c 'Deep Forest' in 54.8894ms
2026-07-01 18:27:21.778 +02:00 [INF] Built VBO for map 15601ad4-9f26-4abe-a6c9-3a7eebaa3045 'Forest' in 8.4524ms
2026-07-01 18:27:21.789 +02:00 [INF] Built VBO for map d490222a-af25-4a7f-bec3-7ca8016e08d7 'New Map' in 7.5157ms
2026-07-01 18:27:21.928 +02:00 [INF] Built VBO for map a31f210c-f5fb-48bf-9db2-45fab2293a4c 'Forest' in 137.9557ms
2026-07-01 18:27:21.993 +02:00 [INF] Built VBO for map 27c6a7b2-4e9f-4316-9a0f-e13ec8e16ba2 'Forest' in 63.404ms
2026-07-01 18:27:21.999 +02:00 [INF] Built VBO for map e341d25d-5ff4-4cd6-bcd5-2f2cda710c86 'Greenfall Vale' in 5.3371ms
2026-07-01 18:33:24.700 +02:00 [WRN] 'Me' is null.
2026-07-01 18:33:25.231 +02:00 [INF] Built VBO for map 9802b09c-f592-4d93-8e11-d3424500716c 'Deep Forest' in 4.3744ms
2026-07-01 18:33:25.236 +02:00 [INF] Built VBO for map 15601ad4-9f26-4abe-a6c9-3a7eebaa3045 'Forest' in 4.2909ms
2026-07-01 18:33:25.245 +02:00 [INF] Built VBO for map d490222a-af25-4a7f-bec3-7ca8016e08d7 'New Map' in 3.9762ms
2026-07-01 18:33:25.301 +02:00 [INF] Built VBO for map a31f210c-f5fb-48bf-9db2-45fab2293a4c 'Forest' in 55.2082ms
2026-07-01 18:33:25.343 +02:00 [INF] Built VBO for map 27c6a7b2-4e9f-4316-9a0f-e13ec8e16ba2 'Forest' in 40.9145ms
2026-07-01 18:33:25.347 +02:00 [INF] Built VBO for map e341d25d-5ff4-4cd6-bcd5-2f2cda710c86 'Greenfall Vale' in 3.6381ms
2026-07-01 18:38:30.615 +02:00 [INF] System window closing (due to user interaction most likely).
2026-07-01 18:38:30.619 +02:00 [INF] Disconnected [f7bd36a3-e89b-4a5b-a151-764f37db1ed0].
2026-07-01 18:38:30.619 +02:00 [INF] Updating active permission set to 'default'
2026-07-01 18:38:30.669 +02:00 [INF] Acquiring context lock... (0ms)
2026-07-01 18:38:30.669 +02:00 [INF] Acquired. (0ms)
2026-07-01 18:38:30.670 +02:00 [INF] Beginning context dispose. (0ms)
2026-07-01 18:38:30.671 +02:00 [INF] GC.SuppressFinalize (0ms)
2026-07-01 18:38:30.671 +02:00 [INF] InternalDispose() completed. (0ms)
2026-07-01 18:38:30.671 +02:00 [INF] Clearing instance... (1ms)
2026-07-01 18:38:30.671 +02:00 [INF] Releasing context lock... (1ms)
2026-07-01 18:38:30.671 +02:00 [INF] Released. (1ms)
