2026-07-13 16:50:04.012 +02:00 [INF] Starting Intersect Client v0.8.0.0-custom+32d39132dace1351f63375b261f241297dd35be8-dirty
2026-07-13 16:50:04.253 +02:00 [INF] Discovered service type: Intersect.Plugins.PluginService
2026-07-13 16:50:04.257 +02:00 [WRN] Directory was specified as a plugin directory but does not exist: 'resources\plugins'
2026-07-13 16:50:04.258 +02:00 [INF] Discovered 0 plugins:

2026-07-13 16:50:06.892 +02:00 [INF] Connecting to 127.0.0.1:5400...
2026-07-13 16:50:06.913 +02:00 [INF] Connected [7fcf47c1-fafa-47da-a1be-4c01561d43c7].
2026-07-13 16:50:06.933 +02:00 [INF] Connection approved [7fcf47c1-fafa-47da-a1be-4c01561d43c7].
2026-07-13 16:50:07.052 +02:00 [INF] Updated PermissionSet 'default'
2026-07-13 16:50:11.599 +02:00 [INF] Updated PermissionSet 'admin'
2026-07-13 16:50:11.600 +02:00 [INF] Updating active permission set to 'admin'
2026-07-13 16:50:14.310 +02:00 [WRN] 'Me' is null.
2026-07-13 16:50:15.466 +02:00 [INF] Built VBO for map 9802b09c-f592-4d93-8e11-d3424500716c 'Deep Forest' in 53.2291ms
2026-07-13 16:50:15.481 +02:00 [INF] Built VBO for map 15601ad4-9f26-4abe-a6c9-3a7eebaa3045 'Forest' in 12.4732ms
2026-07-13 16:50:15.499 +02:00 [INF] Built VBO for map d490222a-af25-4a7f-bec3-7ca8016e08d7 'New Map' in 9.2968ms
2026-07-13 16:50:15.626 +02:00 [INF] Built VBO for map a31f210c-f5fb-48bf-9db2-45fab2293a4c 'Forest' in 124.3284ms
2026-07-13 16:50:15.693 +02:00 [INF] Built VBO for map 27c6a7b2-4e9f-4316-9a0f-e13ec8e16ba2 'Forest' in 62.5753ms
2026-07-13 16:50:15.716 +02:00 [INF] Built VBO for map e341d25d-5ff4-4cd6-bcd5-2f2cda710c86 'Greenfall Vale' in 19.7338ms
2026-07-13 16:50:21.241 +02:00 [WRN] Buff flourish shader resource 'Intersect.Client.Resources.Shaders.buffflourish.mgfxo' is missing parameter 'ShapeMode'. Buff flourish effects will be skipped.
2026-07-13 16:54:49.043 +02:00 [INF] System window closing (due to user interaction most likely).
2026-07-13 16:54:49.047 +02:00 [INF] Disconnected [7fcf47c1-fafa-47da-a1be-4c01561d43c7].
2026-07-13 16:54:49.047 +02:00 [INF] Updating active permission set to 'default'
2026-07-13 16:54:49.080 +02:00 [INF] Acquiring context lock... (0ms)
2026-07-13 16:54:49.080 +02:00 [INF] Acquired. (0ms)
2026-07-13 16:54:49.081 +02:00 [INF] Beginning context dispose. (0ms)
2026-07-13 16:54:49.082 +02:00 [INF] GC.SuppressFinalize (0ms)
2026-07-13 16:54:49.082 +02:00 [INF] InternalDispose() completed. (0ms)
2026-07-13 16:54:49.082 +02:00 [INF] Clearing instance... (1ms)
2026-07-13 16:54:49.082 +02:00 [INF] Releasing context lock... (1ms)
2026-07-13 16:54:49.082 +02:00 [INF] Released. (1ms)
