2026-03-25 22:06:33.667 +01:00 [INF] Starting Intersect Client v0.8.0.0-custom+32d39132dace1351f63375b261f241297dd35be8-dirty
2026-03-25 22:06:33.997 +01:00 [INF] Discovered service type: Intersect.Plugins.PluginService
2026-03-25 22:06:34.006 +01:00 [WRN] Directory was specified as a plugin directory but does not exist: 'resources\plugins'
2026-03-25 22:06:34.007 +01:00 [INF] Discovered 0 plugins:

2026-03-25 22:06:36.602 +01:00 [INF] Connecting to 127.0.0.1:5400...
2026-03-25 22:06:36.626 +01:00 [INF] Connected [d019d0b5-4757-4b60-b0d0-fa2bd9ef4d9e].
2026-03-25 22:06:36.646 +01:00 [INF] Connection approved [d019d0b5-4757-4b60-b0d0-fa2bd9ef4d9e].
2026-03-25 22:06:36.757 +01:00 [INF] Updated PermissionSet 'default'
2026-03-25 22:06:37.679 +01:00 [INF] Updated PermissionSet 'admin'
2026-03-25 22:06:37.679 +01:00 [INF] Updating active permission set to 'admin'
2026-03-25 22:06:37.816 +01:00 [WRN] Unable to add '_buttonLogout' to the JSON of MainMenu.SelectCharacterWindow._innerPanel._buttonsPanel because a sibling shares the same name
2026-03-25 22:06:38.771 +01:00 [WRN] 'Me' is null.
2026-03-25 22:06:39.365 +01:00 [INF] Built VBO for map 850ddb26-5568-4376-b8e0-346c04cb81ef 'forest' in 13.0615ms
2026-03-25 22:06:56.593 +01:00 [INF] Built VBO for map 73ba8458-f8de-4f78-a254-c91b18418ed0 'forest' in 6.7779ms
2026-03-25 22:06:56.599 +01:00 [INF] Built VBO for map 27c6a7b2-4e9f-4316-9a0f-e13ec8e16ba2 'New Map' in 5.7328ms
2026-03-25 22:08:15.692 +01:00 [INF] System window closing (due to user interaction most likely).
2026-03-25 22:08:15.695 +01:00 [INF] Disconnected [d019d0b5-4757-4b60-b0d0-fa2bd9ef4d9e].
2026-03-25 22:08:15.696 +01:00 [INF] Updating active permission set to 'default'
2026-03-25 22:08:15.843 +01:00 [INF] Acquiring context lock... (0ms)
2026-03-25 22:08:15.843 +01:00 [INF] Acquired. (0ms)
2026-03-25 22:08:15.844 +01:00 [INF] Beginning context dispose. (0ms)
2026-03-25 22:08:15.844 +01:00 [INF] GC.SuppressFinalize (0ms)
2026-03-25 22:08:15.844 +01:00 [INF] InternalDispose() completed. (0ms)
2026-03-25 22:08:15.844 +01:00 [INF] Clearing instance... (1ms)
2026-03-25 22:08:15.844 +01:00 [INF] Releasing context lock... (1ms)
2026-03-25 22:08:15.844 +01:00 [INF] Released. (1ms)
