2026-06-19 14:13:41.104 +02:00 [INF] Starting Intersect Client v0.8.0.0-custom+32d39132dace1351f63375b261f241297dd35be8-dirty
2026-06-19 14:13:41.317 +02:00 [INF] Discovered service type: Intersect.Plugins.PluginService
2026-06-19 14:13:41.320 +02:00 [WRN] Directory was specified as a plugin directory but does not exist: 'resources\plugins'
2026-06-19 14:13:41.321 +02:00 [INF] Discovered 0 plugins:

2026-06-19 14:13:43.746 +02:00 [INF] Connecting to 127.0.0.1:5400...
2026-06-19 14:13:43.765 +02:00 [INF] Connected [53d7a2e8-33ec-4d60-b58e-f5c7c92a0ce4].
2026-06-19 14:13:43.781 +02:00 [INF] Connection approved [53d7a2e8-33ec-4d60-b58e-f5c7c92a0ce4].
2026-06-19 14:13:43.878 +02:00 [INF] Updated PermissionSet 'default'
2026-06-19 14:13:48.203 +02:00 [INF] Updated PermissionSet 'admin'
2026-06-19 14:13:48.203 +02:00 [INF] Updating active permission set to 'admin'
2026-06-19 14:14:57.328 +02:00 [WRN] 'Me' is null.
2026-06-19 14:14:58.055 +02:00 [INF] Built VBO for map 9802b09c-f592-4d93-8e11-d3424500716c 'Forest' in 37.5534ms
2026-06-19 14:14:58.064 +02:00 [INF] Built VBO for map 15601ad4-9f26-4abe-a6c9-3a7eebaa3045 'Forest' in 8.2192ms
2026-06-19 14:14:58.095 +02:00 [ERR] Exception thrown while trying to load 'resources/tilesets/water_shore_marker.png'
System.IO.FileNotFoundException: Could not find file 'F:\game code engine\Intersect_New\Intersect.Client\resources\tilesets\water_shore_marker.png'.
File name: 'F:\game code engine\Intersect_New\Intersect.Client\resources\tilesets\water_shore_marker.png'
   at Microsoft.Win32.SafeHandles.SafeFileHandle.CreateFile(String fullPath, FileMode mode, FileAccess access, FileShare share, FileOptions options)
   at Microsoft.Win32.SafeHandles.SafeFileHandle.Open(String fullPath, FileMode mode, FileAccess access, FileShare share, FileOptions options, Int64 preallocationSize, Nullable`1 unixCreateMode)
   at System.IO.Strategies.OSFileStreamStrategy..ctor(String path, FileMode mode, FileAccess access, FileShare share, FileOptions options, Int64 preallocationSize, Nullable`1 unixCreateMode)
   at System.IO.File.OpenRead(String path)
   at Intersect.Client.Framework.Graphics.GameRenderer.<>c__DisplayClass181_0.<LoadTexture>b__0() in F:\game code engine\Intersect_New\Intersect.Client.Framework\Graphics\GameRenderer.cs:line 1011
   at Intersect.Client.Framework.Graphics.GameTexture`2.LoadPlatformTexture(Boolean force) in F:\game code engine\Intersect_New\Intersect.Client.Framework\Graphics\GameTexture.cs:line 279
2026-06-19 14:14:58.098 +02:00 [INF] Built VBO for map a31f210c-f5fb-48bf-9db2-45fab2293a4c 'Forest' in 30.7217ms
2026-06-19 14:14:58.099 +02:00 [INF] Built VBO for map 27c6a7b2-4e9f-4316-9a0f-e13ec8e16ba2 'Forest' in 0.3525ms
2026-06-19 14:14:58.102 +02:00 [INF] Built VBO for map e341d25d-5ff4-4cd6-bcd5-2f2cda710c86 'town' in 1.4427ms
2026-06-19 14:14:58.436 +02:00 [INF] Built VBO for map 9802b09c-f592-4d93-8e11-d3424500716c 'Forest' in 2.2939ms
2026-06-19 14:14:58.439 +02:00 [INF] Built VBO for map 15601ad4-9f26-4abe-a6c9-3a7eebaa3045 'Forest' in 2.2479ms
2026-06-19 14:14:58.478 +02:00 [INF] Built VBO for map a31f210c-f5fb-48bf-9db2-45fab2293a4c 'Forest' in 33.0969ms
2026-06-19 14:14:58.542 +02:00 [INF] Built VBO for map 27c6a7b2-4e9f-4316-9a0f-e13ec8e16ba2 'Forest' in 35.6776ms
2026-06-19 14:15:37.164 +02:00 [INF] Built VBO for map 15601ad4-9f26-4abe-a6c9-3a7eebaa3045 'Forest' in 1.7548ms
2026-06-19 14:15:37.179 +02:00 [INF] Built VBO for map 27c6a7b2-4e9f-4316-9a0f-e13ec8e16ba2 'Forest' in 14.2304ms
2026-06-19 14:15:41.961 +02:00 [INF] Built VBO for map 15601ad4-9f26-4abe-a6c9-3a7eebaa3045 'Forest' in 1.652ms
2026-06-19 14:15:41.975 +02:00 [INF] Built VBO for map 27c6a7b2-4e9f-4316-9a0f-e13ec8e16ba2 'Forest' in 13.8445ms
2026-06-19 14:16:33.973 +02:00 [INF] System window closing (due to user interaction most likely).
2026-06-19 14:16:33.976 +02:00 [INF] Disconnected [53d7a2e8-33ec-4d60-b58e-f5c7c92a0ce4].
2026-06-19 14:16:33.977 +02:00 [INF] Updating active permission set to 'default'
2026-06-19 14:16:34.072 +02:00 [INF] Acquiring context lock... (0ms)
2026-06-19 14:16:34.072 +02:00 [INF] Acquired. (0ms)
2026-06-19 14:16:34.073 +02:00 [INF] Beginning context dispose. (0ms)
2026-06-19 14:16:34.073 +02:00 [INF] GC.SuppressFinalize (0ms)
2026-06-19 14:16:34.073 +02:00 [INF] InternalDispose() completed. (0ms)
2026-06-19 14:16:34.073 +02:00 [INF] Clearing instance... (1ms)
2026-06-19 14:16:34.073 +02:00 [INF] Releasing context lock... (1ms)
2026-06-19 14:16:34.073 +02:00 [INF] Released. (1ms)
