2026-04-25 15:33:49.685 +06:00 [INF] Starting Intersect Client v0.8.0.0-custom+32d39132dace1351f63375b261f241297dd35be8-dirty
2026-04-25 15:33:49.884 +06:00 [INF] Discovered service type: Intersect.Plugins.PluginService
2026-04-25 15:33:49.887 +06:00 [WRN] Directory was specified as a plugin directory but does not exist: 'resources\plugins'
2026-04-25 15:33:49.887 +06:00 [INF] Discovered 0 plugins:

2026-04-25 15:33:52.005 +06:00 [INF] Connecting to 127.0.0.1:5400...
2026-04-25 15:33:52.014 +06:00 [INF] Connected [a6d97d13-0cdc-4ad1-8e7d-d1ff43521190].
2026-04-25 15:33:52.031 +06:00 [INF] Connection approved [a6d97d13-0cdc-4ad1-8e7d-d1ff43521190].
2026-04-25 15:33:52.107 +06:00 [INF] Updated PermissionSet 'default'
2026-04-25 15:33:52.108 +06:00 [INF] Updated PermissionSet 'admin'
2026-04-25 15:33:57.130 +06:00 [INF] Updating active permission set to 'admin'
2026-04-25 15:33:57.252 +06:00 [WRN] Unable to add '_buttonLogout' to the JSON of MainMenu.SelectCharacterWindow._innerPanel._buttonsPanel because a sibling shares the same name
2026-04-25 15:33:57.820 +06:00 [WRN] 'Me' is null.
2026-04-25 15:33:58.223 +06:00 [INF] Client loaded map "c15f8299-8999-471f-9760-388ff4cdec7c" (Forest) with 0 lights.
2026-04-25 15:33:58.253 +06:00 [INF] Client loaded map "27c6a7b2-4e9f-4316-9a0f-e13ec8e16ba2" (Forest) with 1 lights.
2026-04-25 15:33:58.300 +06:00 [INF] Client loaded map "27c6a7b2-4e9f-4316-9a0f-e13ec8e16ba2" (Forest) with 1 lights.
2026-04-25 15:33:58.430 +06:00 [INF] Built VBO for map 27c6a7b2-4e9f-4316-9a0f-e13ec8e16ba2 'Forest' in 13.3035ms
2026-04-25 15:33:58.446 +06:00 [INF] Built VBO for map c15f8299-8999-471f-9760-388ff4cdec7c 'Forest' in 11.6655ms
2026-04-25 15:35:51.812 +06:00 [INF] Music volume set to 10 from InGame..SettingsWindow._innerPanel._tabs._innerPanel._audioSettingsTab._scrollPanel._musicSlider._slider
2026-04-25 15:35:51.812 +06:00 [INF] Sound volume set to 15 from InGame..SettingsWindow._innerPanel._tabs._innerPanel._audioSettingsTab._scrollPanel._soundEffectsSlider._slider
2026-04-25 15:42:57.443 +06:00 [INF] System window closing (due to user interaction most likely).
2026-04-25 15:42:57.446 +06:00 [INF] Disconnected [a6d97d13-0cdc-4ad1-8e7d-d1ff43521190].
2026-04-25 15:42:57.446 +06:00 [INF] Updating active permission set to 'default'
2026-04-25 15:42:57.472 +06:00 [INF] Acquiring context lock... (0ms)
2026-04-25 15:42:57.473 +06:00 [INF] Acquired. (0ms)
2026-04-25 15:42:57.473 +06:00 [INF] Beginning context dispose. (0ms)
2026-04-25 15:42:57.473 +06:00 [INF] GC.SuppressFinalize (0ms)
2026-04-25 15:42:57.473 +06:00 [INF] InternalDispose() completed. (0ms)
2026-04-25 15:42:57.473 +06:00 [INF] Clearing instance... (1ms)
2026-04-25 15:42:57.474 +06:00 [INF] Releasing context lock... (1ms)
2026-04-25 15:42:57.474 +06:00 [INF] Released. (1ms)
