2026-05-29 19:51:43.870 +02:00 [INF] Starting Intersect Client v0.8.0.0-custom+32d39132dace1351f63375b261f241297dd35be8-dirty
2026-05-29 19:51:44.119 +02:00 [INF] Discovered service type: Intersect.Plugins.PluginService
2026-05-29 19:51:44.123 +02:00 [WRN] Directory was specified as a plugin directory but does not exist: 'resources\plugins'
2026-05-29 19:51:44.124 +02:00 [INF] Discovered 0 plugins:

2026-05-29 19:51:47.145 +02:00 [INF] Connecting to 127.0.0.1:5400...
2026-05-29 19:51:47.169 +02:00 [INF] Connected [2d7406a4-c9b5-4a9a-a19c-7ecefb4140b7].
2026-05-29 19:51:47.183 +02:00 [INF] Connection approved [2d7406a4-c9b5-4a9a-a19c-7ecefb4140b7].
2026-05-29 19:51:47.271 +02:00 [INF] Updated PermissionSet 'default'
2026-05-29 19:51:53.703 +02:00 [INF] Updated PermissionSet 'admin'
2026-05-29 19:51:53.704 +02:00 [INF] Updating active permission set to 'admin'
2026-05-29 19:51:54.278 +02:00 [WRN] 'Me' is null.
2026-05-29 19:51:55.217 +02:00 [INF] Built VBO for map 27c6a7b2-4e9f-4316-9a0f-e13ec8e16ba2 'Forest' in 74.629ms
2026-05-29 19:51:59.861 +02:00 [INF] Built VBO for map d5c08240-0436-454a-8993-362abf5bc477 'New Map' in 10.2972ms
2026-05-29 19:51:59.872 +02:00 [INF] Window light shader 'Intersect.Client.Resources.Shaders.windowlight.mgfxo' loaded successfully with 10 parameters
2026-05-29 19:52:00.105 +02:00 [INF] Built VBO for map d5c08240-0436-454a-8993-362abf5bc477 'New Map' in 1.1944ms
2026-05-29 19:53:37.725 +02:00 [INF] Built VBO for map d5c08240-0436-454a-8993-362abf5bc477 'New Map' in 0.9901ms
2026-05-29 19:53:53.953 +02:00 [INF] Built VBO for map d5c08240-0436-454a-8993-362abf5bc477 'New Map' in 0.9532ms
2026-05-29 19:54:09.575 +02:00 [INF] Built VBO for map d5c08240-0436-454a-8993-362abf5bc477 'New Map' in 1.0361ms
2026-05-29 19:58:03.777 +02:00 [INF] System window closing (due to user interaction most likely).
2026-05-29 19:58:03.780 +02:00 [INF] Disconnected [2d7406a4-c9b5-4a9a-a19c-7ecefb4140b7].
2026-05-29 19:58:03.781 +02:00 [INF] Updating active permission set to 'default'
2026-05-29 19:58:03.815 +02:00 [INF] Acquiring context lock... (0ms)
2026-05-29 19:58:03.815 +02:00 [INF] Acquired. (0ms)
2026-05-29 19:58:03.816 +02:00 [INF] Beginning context dispose. (0ms)
2026-05-29 19:58:03.816 +02:00 [INF] GC.SuppressFinalize (0ms)
2026-05-29 19:58:03.816 +02:00 [INF] InternalDispose() completed. (0ms)
2026-05-29 19:58:03.816 +02:00 [INF] Clearing instance... (1ms)
2026-05-29 19:58:03.816 +02:00 [INF] Releasing context lock... (1ms)
2026-05-29 19:58:03.816 +02:00 [INF] Released. (1ms)
