2026-05-25 15:21:02.762 +02:00 [INF] Starting Intersect Client v0.8.0.0-custom+32d39132dace1351f63375b261f241297dd35be8-dirty
2026-05-25 15:21:02.974 +02:00 [INF] Discovered service type: Intersect.Plugins.PluginService
2026-05-25 15:21:02.978 +02:00 [WRN] Directory was specified as a plugin directory but does not exist: 'resources\plugins'
2026-05-25 15:21:02.979 +02:00 [INF] Discovered 0 plugins:

2026-05-25 15:21:15.795 +02:00 [INF] Connecting to 127.0.0.1:5400...
2026-05-25 15:21:15.804 +02:00 [INF] Connected [140d75e9-2c1c-459f-bbe6-743d54a055fa].
2026-05-25 15:21:15.821 +02:00 [INF] Connection approved [140d75e9-2c1c-459f-bbe6-743d54a055fa].
2026-05-25 15:21:15.912 +02:00 [INF] Updated PermissionSet 'default'
2026-05-25 15:21:15.912 +02:00 [INF] Updated PermissionSet 'admin'
2026-05-25 15:21:25.426 +02:00 [INF] Updating active permission set to 'admin'
2026-05-25 15:21:26.001 +02:00 [WRN] 'Me' is null.
2026-05-25 15:21:26.570 +02:00 [INF] Built VBO for map d5c08240-0436-454a-8993-362abf5bc477 'New Map' in 18.5251ms
2026-05-25 15:21:50.625 +02:00 [INF] Music volume set to 20 from InGame..SettingsWindow._innerPanel._tabs._innerPanel._audioSettingsTab._scrollPanel._musicSlider._slider
2026-05-25 15:21:50.626 +02:00 [INF] Sound volume set to 20 from InGame..SettingsWindow._innerPanel._tabs._innerPanel._audioSettingsTab._scrollPanel._soundEffectsSlider._slider
2026-05-25 15:22:07.177 +02:00 [INF] Built VBO for map d5c08240-0436-454a-8993-362abf5bc477 'New Map' in 1.1601ms
2026-05-25 15:22:14.283 +02:00 [INF] Built VBO for map d5c08240-0436-454a-8993-362abf5bc477 'New Map' in 1.1911ms
2026-05-25 15:23:25.593 +02:00 [INF] Disconnected [140d75e9-2c1c-459f-bbe6-743d54a055fa].
2026-05-25 15:23:25.594 +02:00 [INF] Updating active permission set to 'default'
2026-05-25 15:23:31.041 +02:00 [INF] User clicked exit button.
2026-05-25 15:23:31.061 +02:00 [INF] System window closing (due to user interaction most likely).
2026-05-25 15:23:31.084 +02:00 [INF] Acquiring context lock... (0ms)
2026-05-25 15:23:31.085 +02:00 [INF] Acquired. (0ms)
2026-05-25 15:23:31.085 +02:00 [INF] Beginning context dispose. (0ms)
2026-05-25 15:23:31.085 +02:00 [INF] GC.SuppressFinalize (0ms)
2026-05-25 15:23:31.085 +02:00 [INF] InternalDispose() completed. (0ms)
2026-05-25 15:23:31.086 +02:00 [INF] Clearing instance... (1ms)
2026-05-25 15:23:31.086 +02:00 [INF] Releasing context lock... (1ms)
2026-05-25 15:23:31.086 +02:00 [INF] Released. (1ms)
