2026-05-05 15:58:41.301 +06:00 [INF] Starting Intersect Client v0.8.0.0-custom+32d39132dace1351f63375b261f241297dd35be8-dirty
2026-05-05 15:58:41.560 +06:00 [INF] Discovered service type: Intersect.Plugins.PluginService
2026-05-05 15:58:41.563 +06:00 [WRN] Directory was specified as a plugin directory but does not exist: 'resources\plugins'
2026-05-05 15:58:41.564 +06:00 [INF] Discovered 0 plugins:

2026-05-05 15:58:43.791 +06:00 [INF] Connecting to 127.0.0.1:5400...
2026-05-05 15:58:43.799 +06:00 [INF] Connected [5a851510-35d4-4973-ad05-f08ecdefca33].
2026-05-05 15:58:43.816 +06:00 [INF] Connection approved [5a851510-35d4-4973-ad05-f08ecdefca33].
2026-05-05 15:58:43.900 +06:00 [INF] Updated PermissionSet 'default'
2026-05-05 15:58:43.900 +06:00 [INF] Updated PermissionSet 'admin'
2026-05-05 15:58:54.084 +06:00 [INF] Updating active permission set to 'admin'
2026-05-05 15:58:54.857 +06:00 [WRN] 'Me' is null.
2026-05-05 15:58:55.485 +06:00 [INF] Built VBO for map 27c6a7b2-4e9f-4316-9a0f-e13ec8e16ba2 'Forest' in 19.7427ms
2026-05-05 16:03:04.896 +06:00 [INF] System window closing (due to user interaction most likely).
2026-05-05 16:03:04.901 +06:00 [INF] Disconnected [5a851510-35d4-4973-ad05-f08ecdefca33].
2026-05-05 16:03:04.902 +06:00 [INF] Updating active permission set to 'default'
2026-05-05 16:03:04.930 +06:00 [INF] Acquiring context lock... (0ms)
2026-05-05 16:03:04.930 +06:00 [INF] Acquired. (0ms)
2026-05-05 16:03:04.931 +06:00 [INF] Beginning context dispose. (0ms)
2026-05-05 16:03:04.931 +06:00 [INF] GC.SuppressFinalize (0ms)
2026-05-05 16:03:04.931 +06:00 [INF] InternalDispose() completed. (0ms)
2026-05-05 16:03:04.931 +06:00 [INF] Clearing instance... (1ms)
2026-05-05 16:03:04.931 +06:00 [INF] Releasing context lock... (1ms)
2026-05-05 16:03:04.931 +06:00 [INF] Released. (1ms)
