2026-04-13 23:44:00.156 +06:00 [INF] Starting Intersect Client v0.8.0.0-custom+32d39132dace1351f63375b261f241297dd35be8-dirty
2026-04-13 23:44:00.464 +06:00 [INF] Discovered service type: Intersect.Plugins.PluginService
2026-04-13 23:44:00.472 +06:00 [WRN] Directory was specified as a plugin directory but does not exist: 'resources\plugins'
2026-04-13 23:44:00.473 +06:00 [INF] Discovered 0 plugins:

2026-04-13 23:44:02.461 +06:00 [INF] Connecting to 127.0.0.1:5400...
2026-04-13 23:44:02.484 +06:00 [INF] Connected [3794b11a-8b3a-4585-8b7c-9d61c4912b71].
2026-04-13 23:44:02.495 +06:00 [INF] Connection approved [3794b11a-8b3a-4585-8b7c-9d61c4912b71].
2026-04-13 23:44:02.580 +06:00 [INF] Updated PermissionSet 'default'
2026-04-13 23:44:06.209 +06:00 [INF] Updated PermissionSet 'admin'
2026-04-13 23:44:06.209 +06:00 [INF] Updating active permission set to 'admin'
2026-04-13 23:44:18.931 +06:00 [WRN] 'Me' is null.
2026-04-13 23:44:19.461 +06:00 [INF] Built VBO for map 23630ac6-4461-460d-8a3b-9a0d4477096f 'test 8' in 16.8807ms
2026-04-13 23:44:19.506 +06:00 [INF] Built VBO for map 73ba8458-f8de-4f78-a254-c91b18418ed0 'test 3' in 40.5983ms
2026-04-13 23:44:19.512 +06:00 [INF] Built VBO for map 27c6a7b2-4e9f-4316-9a0f-e13ec8e16ba2 'New Map' in 4.5529ms
2026-04-13 23:44:46.307 +06:00 [WRN] Unable to add '_buttonLogout' to the JSON of MainMenu.SelectCharacterWindow._innerPanel._buttonsPanel because a sibling shares the same name
2026-04-13 23:46:45.339 +06:00 [WRN] 'Me' is null.
2026-04-13 23:46:45.383 +06:00 [WRN] Tried to load entity "7c51a9d9-c6f4-418c-b129-a7dfc5edcf96" (test12345) from packet before in-game UI was ready
2026-04-13 23:46:45.384 +06:00 [WRN] Tried to load entity "7c51a9d9-c6f4-418c-b129-a7dfc5edcf96" (test12345) from packet before in-game UI was ready
2026-04-13 23:46:45.512 +06:00 [INF] Built VBO for map 73ba8458-f8de-4f78-a254-c91b18418ed0 'test 3' in 2.7729ms
2026-04-13 23:46:45.515 +06:00 [INF] Built VBO for map 27c6a7b2-4e9f-4316-9a0f-e13ec8e16ba2 'New Map' in 1.9815ms
2026-04-13 23:47:18.434 +06:00 [INF] Built VBO for map 23630ac6-4461-460d-8a3b-9a0d4477096f 'test 8' in 3.7257ms
2026-04-13 23:47:42.506 +06:00 [INF] System window closing (due to user interaction most likely).
2026-04-13 23:47:42.508 +06:00 [INF] Disconnected [3794b11a-8b3a-4585-8b7c-9d61c4912b71].
2026-04-13 23:47:42.509 +06:00 [INF] Updating active permission set to 'default'
2026-04-13 23:47:42.603 +06:00 [INF] Acquiring context lock... (0ms)
2026-04-13 23:47:42.603 +06:00 [INF] Acquired. (0ms)
2026-04-13 23:47:42.604 +06:00 [INF] Beginning context dispose. (0ms)
2026-04-13 23:47:42.604 +06:00 [INF] GC.SuppressFinalize (0ms)
2026-04-13 23:47:42.604 +06:00 [INF] InternalDispose() completed. (0ms)
2026-04-13 23:47:42.604 +06:00 [INF] Clearing instance... (1ms)
2026-04-13 23:47:42.604 +06:00 [INF] Releasing context lock... (1ms)
2026-04-13 23:47:42.604 +06:00 [INF] Released. (1ms)
