2026-04-14 09:44:44.897 +06:00 [INF] Starting Intersect Client v0.8.0.0-custom+32d39132dace1351f63375b261f241297dd35be8-dirty
2026-04-14 09:44:45.294 +06:00 [INF] Discovered service type: Intersect.Plugins.PluginService
2026-04-14 09:44:45.302 +06:00 [WRN] Directory was specified as a plugin directory but does not exist: 'resources\plugins'
2026-04-14 09:44:45.303 +06:00 [INF] Discovered 0 plugins:

2026-04-14 09:45:05.897 +06:00 [INF] Connecting to 127.0.0.1:5400...
2026-04-14 09:45:05.915 +06:00 [INF] Connected [c8b20192-2852-478e-b326-4b801ec55f10].
2026-04-14 09:45:05.932 +06:00 [INF] Connection approved [c8b20192-2852-478e-b326-4b801ec55f10].
2026-04-14 09:45:06.012 +06:00 [INF] Updated PermissionSet 'default'
2026-04-14 09:45:10.824 +06:00 [INF] Updated PermissionSet 'admin'
2026-04-14 09:45:10.824 +06:00 [INF] Updating active permission set to 'admin'
2026-04-14 09:47:06.590 +06:00 [WRN] Unable to add '_buttonLogout' to the JSON of MainMenu.SelectCharacterWindow._innerPanel._buttonsPanel because a sibling shares the same name
2026-04-14 09:47:13.965 +06:00 [INF] System window closing (due to user interaction most likely).
2026-04-14 09:47:13.968 +06:00 [INF] Disconnected [c8b20192-2852-478e-b326-4b801ec55f10].
2026-04-14 09:47:13.969 +06:00 [INF] Updating active permission set to 'default'
2026-04-14 09:47:14.067 +06:00 [INF] Acquiring context lock... (0ms)
2026-04-14 09:47:14.068 +06:00 [INF] Acquired. (0ms)
2026-04-14 09:47:14.068 +06:00 [INF] Beginning context dispose. (0ms)
2026-04-14 09:47:14.068 +06:00 [INF] GC.SuppressFinalize (0ms)
2026-04-14 09:47:14.068 +06:00 [INF] InternalDispose() completed. (0ms)
2026-04-14 09:47:14.069 +06:00 [INF] Clearing instance... (1ms)
2026-04-14 09:47:14.069 +06:00 [INF] Releasing context lock... (1ms)
2026-04-14 09:47:14.069 +06:00 [INF] Released. (1ms)
