2026-06-29 21:27:53.587 +02:00 [INF] Starting Intersect Client v0.8.0.0-custom+32d39132dace1351f63375b261f241297dd35be8-dirty
2026-06-29 21:27:53.794 +02:00 [INF] Discovered service type: Intersect.Plugins.PluginService
2026-06-29 21:27:53.798 +02:00 [WRN] Directory was specified as a plugin directory but does not exist: 'resources\plugins'
2026-06-29 21:27:53.799 +02:00 [INF] Discovered 0 plugins:

2026-06-29 21:27:55.888 +02:00 [INF] Connecting to 95.156.227.207:5400...
2026-06-29 21:27:55.951 +02:00 [INF] Connected [9885633b-2888-4b51-ab8d-bb1a4fd76988].
2026-06-29 21:27:55.967 +02:00 [INF] Connection approved [9885633b-2888-4b51-ab8d-bb1a4fd76988].
2026-06-29 21:27:56.052 +02:00 [INF] Updated PermissionSet 'default'
2026-06-29 21:27:56.052 +02:00 [INF] Updated PermissionSet 'admin'
2026-06-29 21:28:01.323 +02:00 [INF] Updating active permission set to 'admin'
2026-06-29 21:28:03.502 +02:00 [WRN] 'Me' is null.
2026-06-29 21:28:04.444 +02:00 [ERR] Exception thrown while trying to load 'resources/tilesets/water_shore_marker.png'
System.IO.FileNotFoundException: Could not find file 'F:\game code engine\Intersect_New\Intersect.Client\resources\tilesets\water_shore_marker.png'.
File name: 'F:\game code engine\Intersect_New\Intersect.Client\resources\tilesets\water_shore_marker.png'
   at Microsoft.Win32.SafeHandles.SafeFileHandle.CreateFile(String fullPath, FileMode mode, FileAccess access, FileShare share, FileOptions options)
   at Microsoft.Win32.SafeHandles.SafeFileHandle.Open(String fullPath, FileMode mode, FileAccess access, FileShare share, FileOptions options, Int64 preallocationSize, Nullable`1 unixCreateMode)
   at System.IO.Strategies.OSFileStreamStrategy..ctor(String path, FileMode mode, FileAccess access, FileShare share, FileOptions options, Int64 preallocationSize, Nullable`1 unixCreateMode)
   at System.IO.File.OpenRead(String path)
   at Intersect.Client.Framework.Graphics.GameRenderer.<>c__DisplayClass181_0.<LoadTexture>b__0() in F:\game code engine\Intersect_New\Intersect.Client.Framework\Graphics\GameRenderer.cs:line 1012
   at Intersect.Client.Framework.Graphics.GameTexture`2.LoadPlatformTexture(Boolean force) in F:\game code engine\Intersect_New\Intersect.Client.Framework\Graphics\GameTexture.cs:line 279
2026-06-29 21:28:04.457 +02:00 [INF] Built VBO for map 9802b09c-f592-4d93-8e11-d3424500716c 'Deep Forest' in 47.72ms
2026-06-29 21:28:04.465 +02:00 [INF] Built VBO for map 15601ad4-9f26-4abe-a6c9-3a7eebaa3045 'Forest' in 8.1132ms
2026-06-29 21:28:04.475 +02:00 [INF] Built VBO for map d490222a-af25-4a7f-bec3-7ca8016e08d7 'New Map' in 4.6783ms
2026-06-29 21:28:04.594 +02:00 [INF] Built VBO for map a31f210c-f5fb-48bf-9db2-45fab2293a4c 'Forest' in 117.9851ms
2026-06-29 21:28:04.645 +02:00 [INF] Built VBO for map 27c6a7b2-4e9f-4316-9a0f-e13ec8e16ba2 'Forest' in 49.4256ms
2026-06-29 21:28:04.651 +02:00 [INF] Built VBO for map e341d25d-5ff4-4cd6-bcd5-2f2cda710c86 'Greenfall Vale' in 5.6192ms
2026-06-29 21:28:17.146 +02:00 [INF] Built VBO for map e341d25d-5ff4-4cd6-bcd5-2f2cda710c86 'Greenfall Vale' in 3.1984ms
2026-06-29 21:28:19.662 +02:00 [INF] Built VBO for map d490222a-af25-4a7f-bec3-7ca8016e08d7 'New Map' in 2.8737ms
2026-06-29 21:28:20.183 +02:00 [INF] Built VBO for map 000bacda-f0e9-4a92-ab09-e55bd4ad15c1 'New Map' in 3.2165ms
2026-06-29 21:28:20.723 +02:00 [INF] Built VBO for map f519d3ea-b6f4-4b17-b87a-1dcf003cd3ec 'New Map' in 2.9398ms
2026-06-29 21:29:04.150 +02:00 [INF] System window closing (due to user interaction most likely).
2026-06-29 21:29:04.154 +02:00 [INF] Disconnected [9885633b-2888-4b51-ab8d-bb1a4fd76988].
2026-06-29 21:29:04.155 +02:00 [INF] Updating active permission set to 'default'
2026-06-29 21:29:04.212 +02:00 [INF] Acquiring context lock... (0ms)
2026-06-29 21:29:04.213 +02:00 [INF] Acquired. (0ms)
2026-06-29 21:29:04.213 +02:00 [INF] Beginning context dispose. (0ms)
2026-06-29 21:29:04.214 +02:00 [INF] GC.SuppressFinalize (0ms)
2026-06-29 21:29:04.214 +02:00 [INF] InternalDispose() completed. (0ms)
2026-06-29 21:29:04.214 +02:00 [INF] Clearing instance... (1ms)
2026-06-29 21:29:04.214 +02:00 [INF] Releasing context lock... (1ms)
2026-06-29 21:29:04.214 +02:00 [INF] Released. (1ms)
