2026-05-01 02:49:20.848 +06:00 [INF] Starting Intersect Client v0.8.0.0-custom+32d39132dace1351f63375b261f241297dd35be8-dirty
2026-05-01 02:49:21.137 +06:00 [INF] Discovered service type: Intersect.Plugins.PluginService
2026-05-01 02:49:21.141 +06:00 [WRN] Directory was specified as a plugin directory but does not exist: 'resources\plugins'
2026-05-01 02:49:21.142 +06:00 [INF] Discovered 0 plugins:

2026-05-01 02:49:23.581 +06:00 [INF] Connecting to 127.0.0.1:5400...
2026-05-01 02:49:23.605 +06:00 [INF] Connected [93c71ff8-ecc2-4541-bbac-5bc92901e2c7].
2026-05-01 02:49:23.627 +06:00 [INF] Connection approved [93c71ff8-ecc2-4541-bbac-5bc92901e2c7].
2026-05-01 02:49:23.720 +06:00 [INF] Updated PermissionSet 'default'
2026-05-01 02:49:35.138 +06:00 [INF] Updated PermissionSet 'admin'
2026-05-01 02:49:35.138 +06:00 [INF] Updating active permission set to 'admin'
2026-05-01 02:49:35.797 +06:00 [WRN] 'Me' is null.
2026-05-01 02:49:36.367 +06:00 [INF] Built VBO for map 27c6a7b2-4e9f-4316-9a0f-e13ec8e16ba2 'Forest' in 10.0306ms
2026-05-01 02:51:33.809 +06:00 [INF] Built VBO for map a31f210c-f5fb-48bf-9db2-45fab2293a4c 'Forest' in 4.0926ms
2026-05-01 02:53:08.542 +06:00 [INF] Built VBO for map c15f8299-8999-471f-9760-388ff4cdec7c 'test' in 7.7219ms
2026-05-01 02:56:37.930 +06:00 [INF] System window closing (due to user interaction most likely).
2026-05-01 02:56:37.933 +06:00 [INF] Disconnected [93c71ff8-ecc2-4541-bbac-5bc92901e2c7].
2026-05-01 02:56:37.933 +06:00 [INF] Updating active permission set to 'default'
2026-05-01 02:56:37.969 +06:00 [INF] Acquiring context lock... (0ms)
2026-05-01 02:56:37.970 +06:00 [INF] Acquired. (0ms)
2026-05-01 02:56:37.970 +06:00 [INF] Beginning context dispose. (0ms)
2026-05-01 02:56:37.971 +06:00 [INF] GC.SuppressFinalize (0ms)
2026-05-01 02:56:37.971 +06:00 [INF] InternalDispose() completed. (0ms)
2026-05-01 02:56:37.971 +06:00 [INF] Clearing instance... (1ms)
2026-05-01 02:56:37.971 +06:00 [INF] Releasing context lock... (1ms)
2026-05-01 02:56:37.971 +06:00 [INF] Released. (1ms)
