2026-05-12 16:48:49.114 +02:00 [INF] Starting Intersect Client v0.8.0.0-custom+32d39132dace1351f63375b261f241297dd35be8-dirty
2026-05-12 16:48:49.324 +02:00 [INF] Discovered service type: Intersect.Plugins.PluginService
2026-05-12 16:48:49.327 +02:00 [WRN] Directory was specified as a plugin directory but does not exist: 'resources\plugins'
2026-05-12 16:48:49.328 +02:00 [INF] Discovered 0 plugins:

2026-05-12 16:48:56.360 +02:00 [INF] Connecting to 127.0.0.1:5400...
2026-05-12 16:48:56.382 +02:00 [INF] Connected [89f79ff3-1676-467c-bfc5-37517186fb31].
2026-05-12 16:48:56.406 +02:00 [INF] Connection approved [89f79ff3-1676-467c-bfc5-37517186fb31].
2026-05-12 16:48:56.504 +02:00 [INF] Updated PermissionSet 'default'
2026-05-12 16:49:01.905 +02:00 [INF] Updated PermissionSet 'admin'
2026-05-12 16:49:01.906 +02:00 [INF] Updating active permission set to 'admin'
2026-05-12 16:49:02.479 +02:00 [WRN] 'Me' is null.
2026-05-12 16:49:03.079 +02:00 [INF] Built VBO for map 24cc8989-0a45-4ecb-bf58-41efcefcaeb8 'Test' in 9.5356ms
2026-05-12 16:49:03.085 +02:00 [INF] Built VBO for map dda1812e-ed2e-4e41-9f7d-2bc91cb8ff34 'New Map' in 0.0733ms
2026-05-12 16:50:48.921 +02:00 [INF] Built VBO for map a31f210c-f5fb-48bf-9db2-45fab2293a4c 'Forest' in 5.1792ms
2026-05-12 16:50:54.872 +02:00 [INF] Built VBO for map 27c6a7b2-4e9f-4316-9a0f-e13ec8e16ba2 'Forest' in 2.7718ms
2026-05-12 16:52:34.079 +02:00 [INF] Built VBO for map 24cc8989-0a45-4ecb-bf58-41efcefcaeb8 'Test' in 1.7578ms
2026-05-12 16:52:34.079 +02:00 [INF] Built VBO for map dda1812e-ed2e-4e41-9f7d-2bc91cb8ff34 'New Map' in 0.0742ms
2026-05-12 16:52:36.568 +02:00 [INF] Ignoring warp to map 'Test' ("24cc8989-0a45-4ecb-bf58-41efcefcaeb8") because the player is already on the map
2026-05-12 16:58:38.833 +02:00 [INF] System window closing (due to user interaction most likely).
2026-05-12 16:58:38.836 +02:00 [INF] Disconnected [89f79ff3-1676-467c-bfc5-37517186fb31].
2026-05-12 16:58:38.837 +02:00 [INF] Updating active permission set to 'default'
2026-05-12 16:58:38.866 +02:00 [INF] Acquiring context lock... (0ms)
2026-05-12 16:58:38.866 +02:00 [INF] Acquired. (0ms)
2026-05-12 16:58:38.867 +02:00 [INF] Beginning context dispose. (0ms)
2026-05-12 16:58:38.867 +02:00 [INF] GC.SuppressFinalize (0ms)
2026-05-12 16:58:38.867 +02:00 [INF] InternalDispose() completed. (0ms)
2026-05-12 16:58:38.867 +02:00 [INF] Clearing instance... (1ms)
2026-05-12 16:58:38.867 +02:00 [INF] Releasing context lock... (1ms)
2026-05-12 16:58:38.867 +02:00 [INF] Released. (1ms)
