2026-05-18 11:00:57.439 +02:00 [INF] Starting Intersect Client v0.8.0.0-custom+32d39132dace1351f63375b261f241297dd35be8-dirty
2026-05-18 11:00:57.647 +02:00 [INF] Discovered service type: Intersect.Plugins.PluginService
2026-05-18 11:00:57.650 +02:00 [WRN] Directory was specified as a plugin directory but does not exist: 'resources\plugins'
2026-05-18 11:00:57.650 +02:00 [INF] Discovered 0 plugins:

2026-05-18 11:00:59.856 +02:00 [INF] Connecting to 127.0.0.1:5400...
2026-05-18 11:00:59.874 +02:00 [INF] Connected [c06b988c-49fe-41f8-ae04-81496d054842].
2026-05-18 11:00:59.896 +02:00 [INF] Connection approved [c06b988c-49fe-41f8-ae04-81496d054842].
2026-05-18 11:00:59.984 +02:00 [INF] Updated PermissionSet 'default'
2026-05-18 11:01:04.462 +02:00 [INF] Updated PermissionSet 'admin'
2026-05-18 11:01:04.463 +02:00 [INF] Updating active permission set to 'admin'
2026-05-18 11:01:04.902 +02:00 [WRN] 'Me' is null.
2026-05-18 11:01:05.675 +02:00 [INF] Built VBO for map a31f210c-f5fb-48bf-9db2-45fab2293a4c 'Forest' in 28.2001ms
2026-05-18 11:01:55.510 +02:00 [INF] Built VBO for map a31f210c-f5fb-48bf-9db2-45fab2293a4c 'Forest' in 13.1519ms
2026-05-18 11:02:12.516 +02:00 [INF] Built VBO for map a31f210c-f5fb-48bf-9db2-45fab2293a4c 'Forest' in 10.8215ms
2026-05-18 11:02:34.948 +02:00 [INF] Built VBO for map 27c6a7b2-4e9f-4316-9a0f-e13ec8e16ba2 'Forest' in 36.7441ms
2026-05-18 11:03:57.842 +02:00 [INF] Built VBO for map 27c6a7b2-4e9f-4316-9a0f-e13ec8e16ba2 'Forest' in 6.0139ms
2026-05-18 11:04:24.538 +02:00 [INF] System window closing (due to user interaction most likely).
2026-05-18 11:04:24.541 +02:00 [INF] Disconnected [c06b988c-49fe-41f8-ae04-81496d054842].
2026-05-18 11:04:24.541 +02:00 [INF] Updating active permission set to 'default'
2026-05-18 11:04:24.573 +02:00 [INF] Acquiring context lock... (0ms)
2026-05-18 11:04:24.573 +02:00 [INF] Acquired. (0ms)
2026-05-18 11:04:24.574 +02:00 [INF] Beginning context dispose. (0ms)
2026-05-18 11:04:24.574 +02:00 [INF] GC.SuppressFinalize (0ms)
2026-05-18 11:04:24.574 +02:00 [INF] InternalDispose() completed. (0ms)
2026-05-18 11:04:24.574 +02:00 [INF] Clearing instance... (1ms)
2026-05-18 11:04:24.575 +02:00 [INF] Releasing context lock... (1ms)
2026-05-18 11:04:24.575 +02:00 [INF] Released. (1ms)
