2026-03-19 19:48:32.024 +01:00 [INF] Starting Intersect Client v0.8.0.0-custom+32d39132dace1351f63375b261f241297dd35be8-dirty
2026-03-19 19:48:32.341 +01:00 [INF] Discovered service type: Intersect.Plugins.PluginService
2026-03-19 19:48:32.349 +01:00 [WRN] Directory was specified as a plugin directory but does not exist: 'resources\plugins'
2026-03-19 19:48:32.350 +01:00 [INF] Discovered 0 plugins:

2026-03-19 19:48:37.885 +01:00 [INF] Connecting to 127.0.0.1:5400...
2026-03-19 19:48:37.907 +01:00 [INF] Connected [69d36c60-ccd3-4a21-a093-471e0af36a9e].
2026-03-19 19:48:37.924 +01:00 [INF] Connection approved [69d36c60-ccd3-4a21-a093-471e0af36a9e].
2026-03-19 19:48:38.020 +01:00 [INF] Updated PermissionSet 'default'
2026-03-19 19:48:39.166 +01:00 [INF] Updated PermissionSet 'admin'
2026-03-19 19:48:39.166 +01:00 [INF] Updating active permission set to 'admin'
2026-03-19 19:48:39.287 +01:00 [WRN] Unable to add '_buttonLogout' to the JSON of MainMenu.SelectCharacterWindow._innerPanel._buttonsPanel because a sibling shares the same name
2026-03-19 19:48:40.305 +01:00 [WRN] 'Me' is null.
2026-03-19 19:48:40.756 +01:00 [INF] Built VBO for map a9f5fb5f-a2e8-421b-9906-03dae4b6224a 'New Map' in 15.2668ms
2026-03-19 19:51:34.301 +01:00 [INF] System window closing (due to user interaction most likely).
2026-03-19 19:51:34.305 +01:00 [INF] Disconnected [69d36c60-ccd3-4a21-a093-471e0af36a9e].
2026-03-19 19:51:34.306 +01:00 [INF] Updating active permission set to 'default'
2026-03-19 19:51:34.374 +01:00 [INF] Acquiring context lock... (0ms)
2026-03-19 19:51:34.375 +01:00 [INF] Acquired. (0ms)
2026-03-19 19:51:34.375 +01:00 [INF] Beginning context dispose. (0ms)
2026-03-19 19:51:34.375 +01:00 [INF] GC.SuppressFinalize (0ms)
2026-03-19 19:51:34.375 +01:00 [INF] InternalDispose() completed. (0ms)
2026-03-19 19:51:34.375 +01:00 [INF] Clearing instance... (1ms)
2026-03-19 19:51:34.376 +01:00 [INF] Releasing context lock... (1ms)
2026-03-19 19:51:34.376 +01:00 [INF] Released. (1ms)
