2026-04-25 01:46:05.340 +06:00 [INF] Starting Intersect Client v0.8.0.0-custom+32d39132dace1351f63375b261f241297dd35be8-dirty
2026-04-25 01:46:05.555 +06:00 [INF] Discovered service type: Intersect.Plugins.PluginService
2026-04-25 01:46:05.558 +06:00 [WRN] Directory was specified as a plugin directory but does not exist: 'resources\plugins'
2026-04-25 01:46:05.559 +06:00 [INF] Discovered 0 plugins:

2026-04-25 01:46:27.110 +06:00 [INF] Connecting to 127.0.0.1:5400...
2026-04-25 01:46:27.134 +06:00 [INF] Connected [64cc8acc-777e-4785-b057-ae06a2777ab2].
2026-04-25 01:46:27.155 +06:00 [INF] Connection approved [64cc8acc-777e-4785-b057-ae06a2777ab2].
2026-04-25 01:46:27.241 +06:00 [INF] Updated PermissionSet 'default'
2026-04-25 01:46:35.147 +06:00 [INF] Updated PermissionSet 'admin'
2026-04-25 01:46:35.147 +06:00 [INF] Updating active permission set to 'admin'
2026-04-25 01:46:35.299 +06:00 [WRN] Unable to add '_buttonLogout' to the JSON of MainMenu.SelectCharacterWindow._innerPanel._buttonsPanel because a sibling shares the same name
2026-04-25 01:46:35.888 +06:00 [WRN] 'Me' is null.
2026-04-25 01:46:36.389 +06:00 [INF] Built VBO for map c15f8299-8999-471f-9760-388ff4cdec7c 'Forest' in 8.7385ms
2026-04-25 01:46:38.880 +06:00 [INF] Built VBO for map 27c6a7b2-4e9f-4316-9a0f-e13ec8e16ba2 'Forest' in 25.7283ms
2026-04-25 01:49:43.909 +06:00 [INF] System window closing (due to user interaction most likely).
2026-04-25 01:49:43.912 +06:00 [INF] Disconnected [64cc8acc-777e-4785-b057-ae06a2777ab2].
2026-04-25 01:49:43.913 +06:00 [INF] Updating active permission set to 'default'
2026-04-25 01:49:43.943 +06:00 [INF] Acquiring context lock... (0ms)
2026-04-25 01:49:43.943 +06:00 [INF] Acquired. (0ms)
2026-04-25 01:49:43.944 +06:00 [INF] Beginning context dispose. (0ms)
2026-04-25 01:49:43.944 +06:00 [INF] GC.SuppressFinalize (0ms)
2026-04-25 01:49:43.944 +06:00 [INF] InternalDispose() completed. (0ms)
2026-04-25 01:49:43.944 +06:00 [INF] Clearing instance... (1ms)
2026-04-25 01:49:43.944 +06:00 [INF] Releasing context lock... (1ms)
2026-04-25 01:49:43.944 +06:00 [INF] Released. (1ms)
