2026-07-08 02:01:05.395 +02:00 [INF] Starting Intersect Client v0.8.0.0-custom+32d39132dace1351f63375b261f241297dd35be8-dirty
2026-07-08 02:01:05.618 +02:00 [INF] Discovered service type: Intersect.Plugins.PluginService
2026-07-08 02:01:05.622 +02:00 [WRN] Directory was specified as a plugin directory but does not exist: 'resources\plugins'
2026-07-08 02:01:05.623 +02:00 [INF] Discovered 0 plugins:

2026-07-08 02:01:07.503 +02:00 [INF] Connecting to 127.0.0.1:5400...
2026-07-08 02:01:07.522 +02:00 [INF] Connected [36591a91-f138-4996-9d13-2ed6cec10b07].
2026-07-08 02:01:07.537 +02:00 [INF] Connection approved [36591a91-f138-4996-9d13-2ed6cec10b07].
2026-07-08 02:01:07.643 +02:00 [INF] Updated PermissionSet 'default'
2026-07-08 02:01:13.049 +02:00 [INF] Updated PermissionSet 'admin'
2026-07-08 02:01:13.049 +02:00 [INF] Updating active permission set to 'admin'
2026-07-08 02:01:37.492 +02:00 [WRN] 'Me' is null.
2026-07-08 02:01:38.734 +02:00 [ERR] Exception thrown while trying to load 'resources/tilesets/water_shore_marker.png'
System.IO.FileNotFoundException: Could not find file 'F:\game code engine\Intersect_New\Intersect.Client\resources\tilesets\water_shore_marker.png'.
File name: 'F:\game code engine\Intersect_New\Intersect.Client\resources\tilesets\water_shore_marker.png'
   at Microsoft.Win32.SafeHandles.SafeFileHandle.CreateFile(String fullPath, FileMode mode, FileAccess access, FileShare share, FileOptions options)
   at Microsoft.Win32.SafeHandles.SafeFileHandle.Open(String fullPath, FileMode mode, FileAccess access, FileShare share, FileOptions options, Int64 preallocationSize, Nullable`1 unixCreateMode)
   at System.IO.Strategies.OSFileStreamStrategy..ctor(String path, FileMode mode, FileAccess access, FileShare share, FileOptions options, Int64 preallocationSize, Nullable`1 unixCreateMode)
   at System.IO.File.OpenRead(String path)
   at Intersect.Client.Framework.Graphics.GameRenderer.<>c__DisplayClass182_0.<LoadTexture>b__0() in F:\game code engine\Intersect_New\Intersect.Client.Framework\Graphics\GameRenderer.cs:line 1027
   at Intersect.Client.Framework.Graphics.GameTexture`2.LoadPlatformTexture(Boolean force) in F:\game code engine\Intersect_New\Intersect.Client.Framework\Graphics\GameTexture.cs:line 279
2026-07-08 02:01:38.747 +02:00 [INF] Built VBO for map 9802b09c-f592-4d93-8e11-d3424500716c 'Deep Forest' in 51.0105ms
2026-07-08 02:01:38.759 +02:00 [INF] Built VBO for map 15601ad4-9f26-4abe-a6c9-3a7eebaa3045 'Forest' in 11.2889ms
2026-07-08 02:01:38.773 +02:00 [INF] Built VBO for map d490222a-af25-4a7f-bec3-7ca8016e08d7 'New Map' in 9.4322ms
2026-07-08 02:01:38.905 +02:00 [INF] Built VBO for map a31f210c-f5fb-48bf-9db2-45fab2293a4c 'Forest' in 130.9543ms
2026-07-08 02:01:38.965 +02:00 [INF] Built VBO for map 27c6a7b2-4e9f-4316-9a0f-e13ec8e16ba2 'Forest' in 57.7732ms
2026-07-08 02:01:38.979 +02:00 [INF] Built VBO for map e341d25d-5ff4-4cd6-bcd5-2f2cda710c86 'Greenfall Vale' in 13.4856ms
2026-07-08 02:01:54.876 +02:00 [INF] Built VBO for map e341d25d-5ff4-4cd6-bcd5-2f2cda710c86 'Greenfall Vale' in 7.9021ms
2026-07-08 02:01:55.252 +02:00 [INF] Built VBO for map d490222a-af25-4a7f-bec3-7ca8016e08d7 'New Map' in 6.7844ms
2026-07-08 02:01:55.753 +02:00 [INF] Built VBO for map 000bacda-f0e9-4a92-ab09-e55bd4ad15c1 'New Map' in 6.4232ms
2026-07-08 02:01:56.264 +02:00 [INF] Built VBO for map f519d3ea-b6f4-4b17-b87a-1dcf003cd3ec 'New Map' in 6.4881ms
2026-07-08 02:04:22.734 +02:00 [INF] Built VBO for map 15601ad4-9f26-4abe-a6c9-3a7eebaa3045 'Forest' in 7.311ms
2026-07-08 02:04:22.743 +02:00 [INF] Built VBO for map e341d25d-5ff4-4cd6-bcd5-2f2cda710c86 'Greenfall Vale' in 7.75ms
2026-07-08 02:04:23.281 +02:00 [INF] Built VBO for map d490222a-af25-4a7f-bec3-7ca8016e08d7 'New Map' in 8.0779ms
2026-07-08 02:04:23.825 +02:00 [INF] Built VBO for map 000bacda-f0e9-4a92-ab09-e55bd4ad15c1 'New Map' in 7.1754ms
2026-07-08 02:04:24.366 +02:00 [INF] Built VBO for map 27c6a7b2-4e9f-4316-9a0f-e13ec8e16ba2 'Forest' in 18.5784ms
2026-07-08 02:04:24.874 +02:00 [INF] Built VBO for map f519d3ea-b6f4-4b17-b87a-1dcf003cd3ec 'New Map' in 7.1162ms
2026-07-08 02:04:40.859 +02:00 [INF] Built VBO for map e341d25d-5ff4-4cd6-bcd5-2f2cda710c86 'Greenfall Vale' in 7.6161ms
2026-07-08 02:04:41.207 +02:00 [INF] Built VBO for map 15601ad4-9f26-4abe-a6c9-3a7eebaa3045 'Forest' in 9.0995ms
2026-07-08 02:04:41.728 +02:00 [INF] Built VBO for map d490222a-af25-4a7f-bec3-7ca8016e08d7 'New Map' in 10.6309ms
2026-07-08 02:04:42.252 +02:00 [INF] Built VBO for map 000bacda-f0e9-4a92-ab09-e55bd4ad15c1 'New Map' in 7.0174ms
2026-07-08 02:04:42.800 +02:00 [INF] Built VBO for map 27c6a7b2-4e9f-4316-9a0f-e13ec8e16ba2 'Forest' in 19.2259ms
2026-07-08 02:04:43.310 +02:00 [INF] Built VBO for map f519d3ea-b6f4-4b17-b87a-1dcf003cd3ec 'New Map' in 7.1898ms
2026-07-08 02:05:05.430 +02:00 [INF] Built VBO for map 15601ad4-9f26-4abe-a6c9-3a7eebaa3045 'Forest' in 7.3858ms
2026-07-08 02:05:05.438 +02:00 [INF] Built VBO for map e341d25d-5ff4-4cd6-bcd5-2f2cda710c86 'Greenfall Vale' in 7.7667ms
2026-07-08 02:05:05.967 +02:00 [INF] Built VBO for map d490222a-af25-4a7f-bec3-7ca8016e08d7 'New Map' in 7.2607ms
2026-07-08 02:05:06.471 +02:00 [INF] Built VBO for map 000bacda-f0e9-4a92-ab09-e55bd4ad15c1 'New Map' in 7.4834ms
2026-07-08 02:05:07.006 +02:00 [INF] Built VBO for map 27c6a7b2-4e9f-4316-9a0f-e13ec8e16ba2 'Forest' in 18.1951ms
2026-07-08 02:05:07.505 +02:00 [INF] Built VBO for map f519d3ea-b6f4-4b17-b87a-1dcf003cd3ec 'New Map' in 6.9718ms
2026-07-08 02:05:13.930 +02:00 [INF] Built VBO for map 27c6a7b2-4e9f-4316-9a0f-e13ec8e16ba2 'Forest' in 17.7638ms
2026-07-08 02:05:14.011 +02:00 [INF] Built VBO for map e341d25d-5ff4-4cd6-bcd5-2f2cda710c86 'Greenfall Vale' in 10.0376ms
2026-07-08 02:05:14.359 +02:00 [INF] Built VBO for map 15601ad4-9f26-4abe-a6c9-3a7eebaa3045 'Forest' in 8.9378ms
2026-07-08 02:05:14.924 +02:00 [INF] Built VBO for map d490222a-af25-4a7f-bec3-7ca8016e08d7 'New Map' in 8.0925ms
2026-07-08 02:05:15.469 +02:00 [INF] Built VBO for map 000bacda-f0e9-4a92-ab09-e55bd4ad15c1 'New Map' in 6.576ms
2026-07-08 02:05:15.992 +02:00 [INF] Built VBO for map f519d3ea-b6f4-4b17-b87a-1dcf003cd3ec 'New Map' in 7.5667ms
2026-07-08 02:05:37.045 +02:00 [INF] Built VBO for map 15601ad4-9f26-4abe-a6c9-3a7eebaa3045 'Forest' in 7.3204ms
2026-07-08 02:05:37.063 +02:00 [INF] Built VBO for map 27c6a7b2-4e9f-4316-9a0f-e13ec8e16ba2 'Forest' in 17.8988ms
2026-07-08 02:05:37.143 +02:00 [INF] Built VBO for map e341d25d-5ff4-4cd6-bcd5-2f2cda710c86 'Greenfall Vale' in 7.7018ms
2026-07-08 02:05:37.570 +02:00 [INF] Built VBO for map d490222a-af25-4a7f-bec3-7ca8016e08d7 'New Map' in 6.885ms
2026-07-08 02:05:38.115 +02:00 [INF] Built VBO for map 000bacda-f0e9-4a92-ab09-e55bd4ad15c1 'New Map' in 6.8755ms
2026-07-08 02:05:38.634 +02:00 [INF] Built VBO for map f519d3ea-b6f4-4b17-b87a-1dcf003cd3ec 'New Map' in 6.8542ms
2026-07-08 02:10:07.254 +02:00 [INF] System window closing (due to user interaction most likely).
2026-07-08 02:10:07.258 +02:00 [INF] Disconnected [36591a91-f138-4996-9d13-2ed6cec10b07].
2026-07-08 02:10:07.258 +02:00 [INF] Updating active permission set to 'default'
2026-07-08 02:10:07.303 +02:00 [INF] Acquiring context lock... (0ms)
2026-07-08 02:10:07.303 +02:00 [INF] Acquired. (0ms)
2026-07-08 02:10:07.303 +02:00 [INF] Beginning context dispose. (0ms)
2026-07-08 02:10:07.304 +02:00 [INF] GC.SuppressFinalize (0ms)
2026-07-08 02:10:07.304 +02:00 [INF] InternalDispose() completed. (0ms)
2026-07-08 02:10:07.304 +02:00 [INF] Clearing instance... (1ms)
2026-07-08 02:10:07.304 +02:00 [INF] Releasing context lock... (1ms)
2026-07-08 02:10:07.304 +02:00 [INF] Released. (1ms)
