2026-04-17 01:36:36.737 +06:00 [INF] Starting Intersect Client v0.8.0.0-custom+32d39132dace1351f63375b261f241297dd35be8-dirty
2026-04-17 01:36:36.935 +06:00 [INF] Discovered service type: Intersect.Plugins.PluginService
2026-04-17 01:36:36.939 +06:00 [WRN] Directory was specified as a plugin directory but does not exist: 'resources\plugins'
2026-04-17 01:36:36.940 +06:00 [INF] Discovered 0 plugins:

2026-04-17 01:36:56.308 +06:00 [INF] Connecting to 127.0.0.1:5400...
2026-04-17 01:36:56.327 +06:00 [INF] Connected [57ece256-056e-4ee9-b225-be944b587cbd].
2026-04-17 01:36:56.362 +06:00 [INF] Connection approved [57ece256-056e-4ee9-b225-be944b587cbd].
2026-04-17 01:36:56.441 +06:00 [INF] Updated PermissionSet 'default'
2026-04-17 01:37:01.765 +06:00 [INF] Updated PermissionSet 'admin'
2026-04-17 01:37:01.766 +06:00 [INF] Updating active permission set to 'admin'
2026-04-17 01:37:01.908 +06:00 [WRN] Unable to add '_buttonLogout' to the JSON of MainMenu.SelectCharacterWindow._innerPanel._buttonsPanel because a sibling shares the same name
2026-04-17 01:37:03.355 +06:00 [WRN] 'Me' is null.
2026-04-17 01:37:03.893 +06:00 [INF] Built VBO for map 23630ac6-4461-460d-8a3b-9a0d4477096f 'test 8' in 16.9927ms
2026-04-17 01:37:03.939 +06:00 [INF] Built VBO for map 73ba8458-f8de-4f78-a254-c91b18418ed0 'forest' in 41.9027ms
2026-04-17 01:37:07.738 +06:00 [INF] Built VBO for map 411179b7-b772-42ef-bf66-03b7e4d7dca8 'test 5' in 5.7085ms
2026-04-17 01:38:42.431 +06:00 [INF] Music volume set to 10 from InGame..SettingsWindow._innerPanel._tabs._innerPanel._audioSettingsTab._scrollPanel._musicSlider._slider
2026-04-17 01:38:42.431 +06:00 [INF] Sound volume set to 15 from InGame..SettingsWindow._innerPanel._tabs._innerPanel._audioSettingsTab._scrollPanel._soundEffectsSlider._slider
2026-04-17 01:40:20.163 +06:00 [WRN] 'Me' is null.
2026-04-17 01:40:20.213 +06:00 [WRN] Tried to load entity "31d24595-6847-4bec-b802-87b05f4da3a9" (Oran) from packet before in-game UI was ready
2026-04-17 01:40:20.214 +06:00 [WRN] Tried to load entity "31d24595-6847-4bec-b802-87b05f4da3a9" (Oran) from packet before in-game UI was ready
2026-04-17 01:40:20.356 +06:00 [INF] Built VBO for map 23630ac6-4461-460d-8a3b-9a0d4477096f 'test 8' in 10.0396ms
2026-04-17 01:40:20.360 +06:00 [INF] Built VBO for map 73ba8458-f8de-4f78-a254-c91b18418ed0 'forest' in 2.7877ms
2026-04-17 01:40:21.381 +06:00 [INF] Built VBO for map 411179b7-b772-42ef-bf66-03b7e4d7dca8 'test 5' in 1.4985ms
2026-04-17 01:42:07.866 +06:00 [INF] Built VBO for map 27c6a7b2-4e9f-4316-9a0f-e13ec8e16ba2 'New Map' in 4.4522ms
2026-04-17 01:44:27.387 +06:00 [INF] System window closing (due to user interaction most likely).
2026-04-17 01:44:27.390 +06:00 [INF] Disconnected [57ece256-056e-4ee9-b225-be944b587cbd].
2026-04-17 01:44:27.391 +06:00 [INF] Updating active permission set to 'default'
2026-04-17 01:44:27.459 +06:00 [INF] Acquiring context lock... (0ms)
2026-04-17 01:44:27.459 +06:00 [INF] Acquired. (0ms)
2026-04-17 01:44:27.459 +06:00 [INF] Beginning context dispose. (0ms)
2026-04-17 01:44:27.460 +06:00 [INF] GC.SuppressFinalize (0ms)
2026-04-17 01:44:27.460 +06:00 [INF] InternalDispose() completed. (0ms)
2026-04-17 01:44:27.460 +06:00 [INF] Clearing instance... (1ms)
2026-04-17 01:44:27.460 +06:00 [INF] Releasing context lock... (1ms)
2026-04-17 01:44:27.460 +06:00 [INF] Released. (1ms)
