2026-05-14 09:52:01.842 +02:00 [INF] Starting Intersect Client v0.8.0.0-custom+32d39132dace1351f63375b261f241297dd35be8-dirty
2026-05-14 09:52:02.068 +02:00 [INF] Discovered service type: Intersect.Plugins.PluginService
2026-05-14 09:52:02.072 +02:00 [WRN] Directory was specified as a plugin directory but does not exist: 'resources\plugins'
2026-05-14 09:52:02.073 +02:00 [INF] Discovered 0 plugins:

2026-05-14 09:52:06.291 +02:00 [INF] Connecting to 127.0.0.1:5400...
2026-05-14 09:52:06.317 +02:00 [INF] Connected [954542f3-89f5-40ae-a5b6-08e04a6d13d1].
2026-05-14 09:52:06.338 +02:00 [INF] Connection approved [954542f3-89f5-40ae-a5b6-08e04a6d13d1].
2026-05-14 09:52:06.445 +02:00 [INF] Updated PermissionSet 'default'
2026-05-14 09:52:10.686 +02:00 [INF] Updated PermissionSet 'admin'
2026-05-14 09:52:10.687 +02:00 [INF] Updating active permission set to 'admin'
2026-05-14 09:52:11.344 +02:00 [WRN] 'Me' is null.
2026-05-14 09:52:12.031 +02:00 [INF] Built VBO for map 24cc8989-0a45-4ecb-bf58-41efcefcaeb8 'Test' in 14.5474ms
2026-05-14 10:05:54.348 +02:00 [INF] Disconnected [954542f3-89f5-40ae-a5b6-08e04a6d13d1].
2026-05-14 10:05:54.349 +02:00 [INF] Updating active permission set to 'default'
2026-05-14 10:05:58.625 +02:00 [INF] System window closing (due to user interaction most likely).
2026-05-14 10:05:58.655 +02:00 [INF] Acquiring context lock... (0ms)
2026-05-14 10:05:58.655 +02:00 [INF] Acquired. (0ms)
2026-05-14 10:05:58.656 +02:00 [INF] Beginning context dispose. (0ms)
2026-05-14 10:05:58.656 +02:00 [INF] GC.SuppressFinalize (0ms)
2026-05-14 10:05:58.656 +02:00 [INF] InternalDispose() completed. (0ms)
2026-05-14 10:05:58.656 +02:00 [INF] Clearing instance... (1ms)
2026-05-14 10:05:58.657 +02:00 [INF] Releasing context lock... (1ms)
2026-05-14 10:05:58.657 +02:00 [INF] Released. (1ms)
