2026-05-01 01:13:32.404 +06:00 [INF] Starting Intersect Client v0.8.0.0-custom+32d39132dace1351f63375b261f241297dd35be8-dirty
2026-05-01 01:13:32.651 +06:00 [INF] Discovered service type: Intersect.Plugins.PluginService
2026-05-01 01:13:32.655 +06:00 [WRN] Directory was specified as a plugin directory but does not exist: 'resources\plugins'
2026-05-01 01:13:32.656 +06:00 [INF] Discovered 0 plugins:

2026-05-01 01:13:49.259 +06:00 [INF] Connecting to 127.0.0.1:5400...
2026-05-01 01:13:49.279 +06:00 [INF] Connected [df9feac1-b396-40fa-9f9c-955d9df35a23].
2026-05-01 01:13:49.297 +06:00 [INF] Connection approved [df9feac1-b396-40fa-9f9c-955d9df35a23].
2026-05-01 01:13:49.402 +06:00 [INF] Updated PermissionSet 'default'
2026-05-01 01:13:55.233 +06:00 [INF] Updated PermissionSet 'admin'
2026-05-01 01:13:55.233 +06:00 [INF] Updating active permission set to 'admin'
2026-05-01 01:13:56.009 +06:00 [WRN] 'Me' is null.
2026-05-01 01:13:56.640 +06:00 [INF] Built VBO for map 27c6a7b2-4e9f-4316-9a0f-e13ec8e16ba2 'Forest' in 9.8828ms
2026-05-01 01:14:38.656 +06:00 [INF] System window closing (due to user interaction most likely).
2026-05-01 01:14:38.659 +06:00 [INF] Disconnected [df9feac1-b396-40fa-9f9c-955d9df35a23].
2026-05-01 01:14:38.659 +06:00 [INF] Updating active permission set to 'default'
2026-05-01 01:14:38.692 +06:00 [INF] Acquiring context lock... (0ms)
2026-05-01 01:14:38.692 +06:00 [INF] Acquired. (0ms)
2026-05-01 01:14:38.693 +06:00 [INF] Beginning context dispose. (0ms)
2026-05-01 01:14:38.693 +06:00 [INF] GC.SuppressFinalize (0ms)
2026-05-01 01:14:38.693 +06:00 [INF] InternalDispose() completed. (0ms)
2026-05-01 01:14:38.693 +06:00 [INF] Clearing instance... (1ms)
2026-05-01 01:14:38.693 +06:00 [INF] Releasing context lock... (1ms)
2026-05-01 01:14:38.693 +06:00 [INF] Released. (1ms)
