2026-04-12 19:42:54.623 +06:00 [INF] Starting Intersect Client v0.8.0.0-custom+32d39132dace1351f63375b261f241297dd35be8-dirty
2026-04-12 19:42:54.949 +06:00 [INF] Discovered service type: Intersect.Plugins.PluginService
2026-04-12 19:42:54.957 +06:00 [WRN] Directory was specified as a plugin directory but does not exist: 'resources\plugins'
2026-04-12 19:42:54.958 +06:00 [INF] Discovered 0 plugins:

2026-04-12 19:42:57.647 +06:00 [INF] Connecting to 127.0.0.1:5400...
2026-04-12 19:42:57.656 +06:00 [INF] Connected [54b57af3-5534-40ae-bc30-15d92faecae9].
2026-04-12 19:42:57.662 +06:00 [INF] Connection approved [54b57af3-5534-40ae-bc30-15d92faecae9].
2026-04-12 19:42:57.739 +06:00 [INF] Updated PermissionSet 'default'
2026-04-12 19:42:57.739 +06:00 [INF] Updated PermissionSet 'admin'
2026-04-12 19:43:09.499 +06:00 [INF] Updating active permission set to 'admin'
2026-04-12 19:43:17.738 +06:00 [WRN] 'Me' is null.
2026-04-12 19:43:18.245 +06:00 [INF] Built VBO for map 411179b7-b772-42ef-bf66-03b7e4d7dca8 'test 5' in 15.9013ms
2026-04-12 19:43:18.315 +06:00 [INF] Built VBO for map 73ba8458-f8de-4f78-a254-c91b18418ed0 'test 3' in 65.5635ms
2026-04-12 19:43:18.322 +06:00 [INF] Built VBO for map 850ddb26-5568-4376-b8e0-346c04cb81ef 'forest' in 6.0949ms
2026-04-12 19:43:34.546 +06:00 [WRN] Unable to add '_buttonLogout' to the JSON of MainMenu.SelectCharacterWindow._innerPanel._buttonsPanel because a sibling shares the same name
2026-04-12 19:44:25.398 +06:00 [WRN] 'Me' is null.
2026-04-12 19:44:25.432 +06:00 [WRN] Tried to load entity "af873f5b-2637-4578-a95d-4e2162772e0c" (Oran) from packet before in-game UI was ready
2026-04-12 19:44:25.433 +06:00 [WRN] Tried to load entity "af873f5b-2637-4578-a95d-4e2162772e0c" (Oran) from packet before in-game UI was ready
2026-04-12 19:44:25.572 +06:00 [INF] Built VBO for map 411179b7-b772-42ef-bf66-03b7e4d7dca8 'test 5' in 7.0953ms
2026-04-12 19:44:25.576 +06:00 [INF] Built VBO for map 73ba8458-f8de-4f78-a254-c91b18418ed0 'test 3' in 2.708ms
2026-04-12 19:44:25.579 +06:00 [INF] Built VBO for map 850ddb26-5568-4376-b8e0-346c04cb81ef 'forest' in 2.8552ms
2026-04-12 19:45:14.487 +06:00 [INF] Built VBO for map 27c6a7b2-4e9f-4316-9a0f-e13ec8e16ba2 'New Map' in 7.108ms
2026-04-12 19:45:25.905 +06:00 [INF] Built VBO for map 23630ac6-4461-460d-8a3b-9a0d4477096f 'test 8' in 5.0188ms
2026-04-12 20:01:51.674 +06:00 [INF] Disconnected [54b57af3-5534-40ae-bc30-15d92faecae9].
2026-04-12 20:01:51.674 +06:00 [INF] Updating active permission set to 'default'
2026-04-12 20:01:53.819 +06:00 [INF] User clicked exit button.
2026-04-12 20:01:53.835 +06:00 [INF] System window closing (due to user interaction most likely).
2026-04-12 20:01:53.861 +06:00 [INF] Acquiring context lock... (0ms)
2026-04-12 20:01:53.861 +06:00 [INF] Acquired. (0ms)
2026-04-12 20:01:53.862 +06:00 [INF] Beginning context dispose. (0ms)
2026-04-12 20:01:53.862 +06:00 [INF] GC.SuppressFinalize (0ms)
2026-04-12 20:01:53.862 +06:00 [INF] InternalDispose() completed. (0ms)
2026-04-12 20:01:53.862 +06:00 [INF] Clearing instance... (1ms)
2026-04-12 20:01:53.862 +06:00 [INF] Releasing context lock... (1ms)
2026-04-12 20:01:53.863 +06:00 [INF] Released. (1ms)
