2026-04-11 20:19:56.819 +06:00 [INF] Starting Intersect Client v0.8.0.0-custom+32d39132dace1351f63375b261f241297dd35be8-dirty
2026-04-11 20:19:57.149 +06:00 [INF] Discovered service type: Intersect.Plugins.PluginService
2026-04-11 20:19:57.158 +06:00 [WRN] Directory was specified as a plugin directory but does not exist: 'resources\plugins'
2026-04-11 20:19:57.158 +06:00 [INF] Discovered 0 plugins:

2026-04-11 20:19:59.312 +06:00 [INF] Connecting to 127.0.0.1:5400...
2026-04-11 20:19:59.322 +06:00 [INF] Connected [c30f3a2c-2ce2-4229-b37a-449a63d81273].
2026-04-11 20:19:59.328 +06:00 [INF] Connection approved [c30f3a2c-2ce2-4229-b37a-449a63d81273].
2026-04-11 20:19:59.404 +06:00 [INF] Updated PermissionSet 'default'
2026-04-11 20:19:59.404 +06:00 [INF] Updated PermissionSet 'admin'
2026-04-11 20:20:06.725 +06:00 [INF] Updating active permission set to 'admin'
2026-04-11 20:20:06.835 +06:00 [WRN] Unable to add '_buttonLogout' to the JSON of MainMenu.SelectCharacterWindow._innerPanel._buttonsPanel because a sibling shares the same name
2026-04-11 20:20:07.962 +06:00 [WRN] 'Me' is null.
2026-04-11 20:20:08.596 +06:00 [INF] Built VBO for map 73ba8458-f8de-4f78-a254-c91b18418ed0 'test 3' in 81.779ms
2026-04-11 20:20:14.367 +06:00 [INF] Built VBO for map 850ddb26-5568-4376-b8e0-346c04cb81ef 'forest' in 10.1497ms
2026-04-11 20:20:18.345 +06:00 [INF] Built VBO for map 411179b7-b772-42ef-bf66-03b7e4d7dca8 'test 5' in 4.2213ms
2026-04-11 20:20:35.895 +06:00 [INF] Built VBO for map 27c6a7b2-4e9f-4316-9a0f-e13ec8e16ba2 'New Map' in 6.183ms
2026-04-11 20:27:18.683 +06:00 [WRN] 'Me' is null.
2026-04-11 20:27:18.726 +06:00 [WRN] Tried to load entity "66e26fe0-b997-4595-aa30-4c19de222758" (Oran) from packet before in-game UI was ready
2026-04-11 20:27:18.727 +06:00 [WRN] Tried to load entity "66e26fe0-b997-4595-aa30-4c19de222758" (Oran) from packet before in-game UI was ready
2026-04-11 20:27:18.872 +06:00 [INF] Built VBO for map 73ba8458-f8de-4f78-a254-c91b18418ed0 'test 3' in 3.0216ms
2026-04-11 20:27:24.335 +06:00 [INF] Built VBO for map 411179b7-b772-42ef-bf66-03b7e4d7dca8 'test 5' in 1.4664ms
2026-04-11 20:27:25.503 +06:00 [INF] Built VBO for map 850ddb26-5568-4376-b8e0-346c04cb81ef 'forest' in 2.4675ms
2026-04-11 20:27:47.685 +06:00 [INF] Built VBO for map 27c6a7b2-4e9f-4316-9a0f-e13ec8e16ba2 'New Map' in 1.7471ms
2026-04-11 20:27:53.356 +06:00 [INF] Built VBO for map 23630ac6-4461-460d-8a3b-9a0d4477096f 'test 8' in 5.061ms
2026-04-11 20:32:09.837 +06:00 [INF] System window closing (due to user interaction most likely).
2026-04-11 20:32:09.841 +06:00 [INF] Disconnected [c30f3a2c-2ce2-4229-b37a-449a63d81273].
2026-04-11 20:32:09.841 +06:00 [INF] Updating active permission set to 'default'
2026-04-11 20:32:09.879 +06:00 [INF] Acquiring context lock... (0ms)
2026-04-11 20:32:09.879 +06:00 [INF] Acquired. (0ms)
2026-04-11 20:32:09.880 +06:00 [INF] Beginning context dispose. (0ms)
2026-04-11 20:32:09.880 +06:00 [INF] GC.SuppressFinalize (0ms)
2026-04-11 20:32:09.880 +06:00 [INF] InternalDispose() completed. (0ms)
2026-04-11 20:32:09.880 +06:00 [INF] Clearing instance... (1ms)
2026-04-11 20:32:09.880 +06:00 [INF] Releasing context lock... (1ms)
2026-04-11 20:32:09.880 +06:00 [INF] Released. (1ms)
