2026-06-21 22:46:13.277 +02:00 [INF] Starting Intersect Client v0.8.0.0-custom+32d39132dace1351f63375b261f241297dd35be8-dirty
2026-06-21 22:46:13.486 +02:00 [INF] Discovered service type: Intersect.Plugins.PluginService
2026-06-21 22:46:13.490 +02:00 [WRN] Directory was specified as a plugin directory but does not exist: 'resources\plugins'
2026-06-21 22:46:13.491 +02:00 [INF] Discovered 0 plugins:

2026-06-21 22:46:15.712 +02:00 [INF] Connecting to 127.0.0.1:5400...
2026-06-21 22:46:15.737 +02:00 [INF] Connected [304b5715-02d1-4a33-8342-25cfe08c97dc].
2026-06-21 22:46:15.749 +02:00 [INF] Connection approved [304b5715-02d1-4a33-8342-25cfe08c97dc].
2026-06-21 22:46:15.841 +02:00 [INF] Updated PermissionSet 'default'
2026-06-21 22:46:19.469 +02:00 [INF] Updated PermissionSet 'admin'
2026-06-21 22:46:19.470 +02:00 [INF] Updating active permission set to 'admin'
2026-06-21 22:46:25.730 +02:00 [WRN] 'Me' is null.
2026-06-21 22:46:26.128 +02:00 [WRN] Failed to deserialized cached data for ObjectCacheKey { Id = Id { Guid = 15601ad4-9f26-4abe-a6c9-3a7eebaa3045 }, Checksum = , Version =  }, will fetch again
2026-06-21 22:46:26.129 +02:00 [WRN] Failed to deserialized cached data for ObjectCacheKey { Id = Id { Guid = 27c6a7b2-4e9f-4316-9a0f-e13ec8e16ba2 }, Checksum = , Version =  }, will fetch again
2026-06-21 22:46:26.129 +02:00 [WRN] Failed to deserialized cached data for ObjectCacheKey { Id = Id { Guid = e341d25d-5ff4-4cd6-bcd5-2f2cda710c86 }, Checksum = , Version =  }, will fetch again
2026-06-21 22:46:26.486 +02:00 [INF] Built VBO for map 15601ad4-9f26-4abe-a6c9-3a7eebaa3045 'Forest' in 26.8191ms
2026-06-21 22:46:26.574 +02:00 [ERR] Exception thrown while trying to load 'resources/tilesets/water_shore_marker.png'
System.IO.FileNotFoundException: Could not find file 'F:\game code engine\Intersect_New\Intersect.Client\resources\tilesets\water_shore_marker.png'.
File name: 'F:\game code engine\Intersect_New\Intersect.Client\resources\tilesets\water_shore_marker.png'
   at Microsoft.Win32.SafeHandles.SafeFileHandle.CreateFile(String fullPath, FileMode mode, FileAccess access, FileShare share, FileOptions options)
   at Microsoft.Win32.SafeHandles.SafeFileHandle.Open(String fullPath, FileMode mode, FileAccess access, FileShare share, FileOptions options, Int64 preallocationSize, Nullable`1 unixCreateMode)
   at System.IO.Strategies.OSFileStreamStrategy..ctor(String path, FileMode mode, FileAccess access, FileShare share, FileOptions options, Int64 preallocationSize, Nullable`1 unixCreateMode)
   at System.IO.Strategies.FileStreamHelpers.ChooseStrategyCore(String path, FileMode mode, FileAccess access, FileShare share, FileOptions options, Int64 preallocationSize, Nullable`1 unixCreateMode)
   at System.IO.File.OpenRead(String path)
   at Intersect.Client.Framework.Graphics.GameRenderer.<>c__DisplayClass181_0.<LoadTexture>b__0() in F:\game code engine\Intersect_New\Intersect.Client.Framework\Graphics\GameRenderer.cs:line 1011
   at Intersect.Client.Framework.Graphics.GameTexture`2.LoadPlatformTexture(Boolean force) in F:\game code engine\Intersect_New\Intersect.Client.Framework\Graphics\GameTexture.cs:line 279
2026-06-21 22:46:26.908 +02:00 [INF] Built VBO for map 27c6a7b2-4e9f-4316-9a0f-e13ec8e16ba2 'Forest' in 421.7518ms
2026-06-21 22:46:26.931 +02:00 [INF] Built VBO for map e341d25d-5ff4-4cd6-bcd5-2f2cda710c86 'town' in 18.4028ms
2026-06-21 22:46:36.542 +02:00 [INF] Built VBO for map 27c6a7b2-4e9f-4316-9a0f-e13ec8e16ba2 'Forest' in 14.0897ms
2026-06-21 22:46:36.631 +02:00 [INF] Built VBO for map 9802b09c-f592-4d93-8e11-d3424500716c 'Forest' in 6.7384ms
2026-06-21 22:46:37.172 +02:00 [INF] Built VBO for map 15601ad4-9f26-4abe-a6c9-3a7eebaa3045 'Forest' in 4.1721ms
2026-06-21 22:46:41.802 +02:00 [INF] Built VBO for map a31f210c-f5fb-48bf-9db2-45fab2293a4c 'Forest' in 43.7906ms
2026-06-21 22:51:23.032 +02:00 [WRN] 'Me' is null.
2026-06-21 22:51:23.371 +02:00 [INF] Built VBO for map 9802b09c-f592-4d93-8e11-d3424500716c 'Forest' in 3.4741ms
2026-06-21 22:51:23.375 +02:00 [INF] Built VBO for map 15601ad4-9f26-4abe-a6c9-3a7eebaa3045 'Forest' in 3.7559ms
2026-06-21 22:51:23.422 +02:00 [INF] Built VBO for map a31f210c-f5fb-48bf-9db2-45fab2293a4c 'Forest' in 42.9435ms
2026-06-21 22:51:23.685 +02:00 [INF] Built VBO for map 27c6a7b2-4e9f-4316-9a0f-e13ec8e16ba2 'Forest' in 263.0266ms
2026-06-21 22:51:23.692 +02:00 [INF] Built VBO for map e341d25d-5ff4-4cd6-bcd5-2f2cda710c86 'town' in 3.9462ms
2026-06-21 22:57:04.561 +02:00 [WRN] 'Me' is null.
2026-06-21 22:57:05.047 +02:00 [INF] Built VBO for map 9802b09c-f592-4d93-8e11-d3424500716c 'Forest' in 3.4906ms
2026-06-21 22:57:05.052 +02:00 [INF] Built VBO for map 15601ad4-9f26-4abe-a6c9-3a7eebaa3045 'Forest' in 3.8093ms
2026-06-21 22:57:05.098 +02:00 [INF] Built VBO for map a31f210c-f5fb-48bf-9db2-45fab2293a4c 'Forest' in 44.8585ms
2026-06-21 22:57:05.393 +02:00 [INF] Built VBO for map 27c6a7b2-4e9f-4316-9a0f-e13ec8e16ba2 'Forest' in 294.4446ms
2026-06-21 22:57:05.400 +02:00 [INF] Built VBO for map e341d25d-5ff4-4cd6-bcd5-2f2cda710c86 'town' in 3.9853ms
2026-06-21 22:57:43.906 +02:00 [INF] System window closing (due to user interaction most likely).
2026-06-21 22:57:43.910 +02:00 [INF] Disconnected [304b5715-02d1-4a33-8342-25cfe08c97dc].
2026-06-21 22:57:43.910 +02:00 [INF] Updating active permission set to 'default'
2026-06-21 22:57:43.946 +02:00 [INF] Acquiring context lock... (0ms)
2026-06-21 22:57:43.946 +02:00 [INF] Acquired. (0ms)
2026-06-21 22:57:43.947 +02:00 [INF] Beginning context dispose. (0ms)
2026-06-21 22:57:43.947 +02:00 [INF] GC.SuppressFinalize (0ms)
2026-06-21 22:57:43.947 +02:00 [INF] InternalDispose() completed. (0ms)
2026-06-21 22:57:43.947 +02:00 [INF] Clearing instance... (1ms)
2026-06-21 22:57:43.947 +02:00 [INF] Releasing context lock... (1ms)
2026-06-21 22:57:43.947 +02:00 [INF] Released. (1ms)
