2026-06-21 20:38:36.509 +02:00 [INF] Starting Intersect Client v0.8.0.0-custom+32d39132dace1351f63375b261f241297dd35be8-dirty
2026-06-21 20:38:36.726 +02:00 [INF] Discovered service type: Intersect.Plugins.PluginService
2026-06-21 20:38:36.730 +02:00 [WRN] Directory was specified as a plugin directory but does not exist: 'resources\plugins'
2026-06-21 20:38:36.731 +02:00 [INF] Discovered 0 plugins:

2026-06-21 20:38:38.998 +02:00 [INF] Connecting to 127.0.0.1:5400...
2026-06-21 20:38:39.006 +02:00 [INF] Connected [a812a4f1-41b4-4aa3-8f75-2e6931939fcd].
2026-06-21 20:38:39.037 +02:00 [INF] Connection approved [a812a4f1-41b4-4aa3-8f75-2e6931939fcd].
2026-06-21 20:38:39.126 +02:00 [INF] Updated PermissionSet 'default'
2026-06-21 20:38:39.126 +02:00 [INF] Updated PermissionSet 'admin'
2026-06-21 20:38:42.720 +02:00 [INF] Updating active permission set to 'admin'
2026-06-21 20:38:54.328 +02:00 [WRN] 'Me' is null.
2026-06-21 20:38:55.101 +02:00 [ERR] Exception thrown while trying to load 'resources/tilesets/water_shore_marker.png'
System.IO.FileNotFoundException: Could not find file 'F:\game code engine\Intersect_New\Intersect.Client\resources\tilesets\water_shore_marker.png'.
File name: 'F:\game code engine\Intersect_New\Intersect.Client\resources\tilesets\water_shore_marker.png'
   at Microsoft.Win32.SafeHandles.SafeFileHandle.CreateFile(String fullPath, FileMode mode, FileAccess access, FileShare share, FileOptions options)
   at Microsoft.Win32.SafeHandles.SafeFileHandle.Open(String fullPath, FileMode mode, FileAccess access, FileShare share, FileOptions options, Int64 preallocationSize, Nullable`1 unixCreateMode)
   at System.IO.Strategies.OSFileStreamStrategy..ctor(String path, FileMode mode, FileAccess access, FileShare share, FileOptions options, Int64 preallocationSize, Nullable`1 unixCreateMode)
   at System.IO.File.OpenRead(String path)
   at Intersect.Client.Framework.Graphics.GameRenderer.<>c__DisplayClass181_0.<LoadTexture>b__0() in F:\game code engine\Intersect_New\Intersect.Client.Framework\Graphics\GameRenderer.cs:line 1011
   at Intersect.Client.Framework.Graphics.GameTexture`2.LoadPlatformTexture(Boolean force) in F:\game code engine\Intersect_New\Intersect.Client.Framework\Graphics\GameTexture.cs:line 279
2026-06-21 20:38:55.114 +02:00 [INF] Built VBO for map 9802b09c-f592-4d93-8e11-d3424500716c 'Forest' in 43.9617ms
2026-06-21 20:38:55.122 +02:00 [INF] Built VBO for map 15601ad4-9f26-4abe-a6c9-3a7eebaa3045 'Forest' in 7.4179ms
2026-06-21 20:38:55.240 +02:00 [INF] Built VBO for map a31f210c-f5fb-48bf-9db2-45fab2293a4c 'Forest' in 114.6742ms
2026-06-21 20:38:55.524 +02:00 [INF] Built VBO for map 27c6a7b2-4e9f-4316-9a0f-e13ec8e16ba2 'Forest' in 282.872ms
2026-06-21 20:38:55.536 +02:00 [INF] Built VBO for map e341d25d-5ff4-4cd6-bcd5-2f2cda710c86 'town' in 8.8032ms
2026-06-21 20:39:28.170 +02:00 [WRN] 'Me' is null.
2026-06-21 20:39:33.669 +02:00 [WRN] 'Me' is null.
2026-06-21 20:39:34.031 +02:00 [INF] Built VBO for map 9802b09c-f592-4d93-8e11-d3424500716c 'Forest' in 3.9692ms
2026-06-21 20:39:34.037 +02:00 [INF] Built VBO for map 15601ad4-9f26-4abe-a6c9-3a7eebaa3045 'Forest' in 5.6682ms
2026-06-21 20:39:34.082 +02:00 [INF] Built VBO for map a31f210c-f5fb-48bf-9db2-45fab2293a4c 'Forest' in 43.0896ms
2026-06-21 20:39:34.396 +02:00 [INF] Built VBO for map 27c6a7b2-4e9f-4316-9a0f-e13ec8e16ba2 'Forest' in 314.0683ms
2026-06-21 20:39:34.404 +02:00 [INF] Built VBO for map e341d25d-5ff4-4cd6-bcd5-2f2cda710c86 'town' in 4.4806ms
2026-06-21 20:46:06.178 +02:00 [INF] System window closing (due to user interaction most likely).
2026-06-21 20:46:06.181 +02:00 [INF] Disconnected [a812a4f1-41b4-4aa3-8f75-2e6931939fcd].
2026-06-21 20:46:06.182 +02:00 [INF] Updating active permission set to 'default'
2026-06-21 20:46:06.210 +02:00 [INF] Acquiring context lock... (0ms)
2026-06-21 20:46:06.210 +02:00 [INF] Acquired. (0ms)
2026-06-21 20:46:06.211 +02:00 [INF] Beginning context dispose. (0ms)
2026-06-21 20:46:06.211 +02:00 [INF] GC.SuppressFinalize (0ms)
2026-06-21 20:46:06.211 +02:00 [INF] InternalDispose() completed. (0ms)
2026-06-21 20:46:06.211 +02:00 [INF] Clearing instance... (1ms)
2026-06-21 20:46:06.212 +02:00 [INF] Releasing context lock... (1ms)
2026-06-21 20:46:06.212 +02:00 [INF] Released. (1ms)
