2026-05-26 16:14:35.730 +02:00 [INF] Starting Intersect Client v0.8.0.0-custom+32d39132dace1351f63375b261f241297dd35be8-dirty
2026-05-26 16:14:35.993 +02:00 [INF] Discovered service type: Intersect.Plugins.PluginService
2026-05-26 16:14:35.997 +02:00 [WRN] Directory was specified as a plugin directory but does not exist: 'resources\plugins'
2026-05-26 16:14:35.998 +02:00 [INF] Discovered 0 plugins:

2026-05-26 16:14:39.837 +02:00 [INF] Connecting to 127.0.0.1:5400...
2026-05-26 16:14:39.859 +02:00 [INF] Connected [77bf6611-64b1-4770-9f79-e0526ddc0a15].
2026-05-26 16:14:39.872 +02:00 [INF] Connection approved [77bf6611-64b1-4770-9f79-e0526ddc0a15].
2026-05-26 16:14:39.965 +02:00 [INF] Updated PermissionSet 'default'
2026-05-26 16:14:44.431 +02:00 [INF] Updated PermissionSet 'admin'
2026-05-26 16:14:44.431 +02:00 [INF] Updating active permission set to 'admin'
2026-05-26 16:14:44.960 +02:00 [WRN] 'Me' is null.
2026-05-26 16:14:45.614 +02:00 [INF] Built VBO for map d5c08240-0436-454a-8993-362abf5bc477 'New Map' in 13.3772ms
2026-05-26 16:14:45.648 +02:00 [INF] Window light shader 'Intersect.Client.Resources.Shaders.windowlight.mgfxo' loaded successfully with 10 parameters
2026-05-26 16:17:44.910 +02:00 [INF] System window closing (due to user interaction most likely).
2026-05-26 16:17:44.913 +02:00 [INF] Disconnected [77bf6611-64b1-4770-9f79-e0526ddc0a15].
2026-05-26 16:17:44.914 +02:00 [INF] Updating active permission set to 'default'
2026-05-26 16:17:44.950 +02:00 [INF] Acquiring context lock... (0ms)
2026-05-26 16:17:44.950 +02:00 [INF] Acquired. (0ms)
2026-05-26 16:17:44.951 +02:00 [INF] Beginning context dispose. (0ms)
2026-05-26 16:17:44.951 +02:00 [INF] GC.SuppressFinalize (0ms)
2026-05-26 16:17:44.951 +02:00 [INF] InternalDispose() completed. (0ms)
2026-05-26 16:17:44.951 +02:00 [INF] Clearing instance... (1ms)
2026-05-26 16:17:44.951 +02:00 [INF] Releasing context lock... (1ms)
2026-05-26 16:17:44.951 +02:00 [INF] Released. (1ms)
