2026-04-15 18:08:47.282 +06:00 [INF] Starting Intersect Client v0.8.0.0-custom+32d39132dace1351f63375b261f241297dd35be8-dirty
2026-04-15 18:08:47.475 +06:00 [INF] Discovered service type: Intersect.Plugins.PluginService
2026-04-15 18:08:47.478 +06:00 [WRN] Directory was specified as a plugin directory but does not exist: 'resources\plugins'
2026-04-15 18:08:47.479 +06:00 [INF] Discovered 0 plugins:

2026-04-15 18:08:49.314 +06:00 [INF] Connecting to 127.0.0.1:5400...
2026-04-15 18:08:49.322 +06:00 [INF] Connected [bbf2583d-363f-456e-91fe-ff731a317412].
2026-04-15 18:08:49.326 +06:00 [INF] Connection approved [bbf2583d-363f-456e-91fe-ff731a317412].
2026-04-15 18:08:49.409 +06:00 [INF] Updated PermissionSet 'default'
2026-04-15 18:08:49.409 +06:00 [INF] Updated PermissionSet 'admin'
2026-04-15 18:08:54.589 +06:00 [INF] Updating active permission set to 'admin'
2026-04-15 18:08:54.664 +06:00 [WRN] Unable to add '_buttonLogout' to the JSON of MainMenu.SelectCharacterWindow._innerPanel._buttonsPanel because a sibling shares the same name
2026-04-15 18:08:55.546 +06:00 [WRN] 'Me' is null.
2026-04-15 18:08:56.226 +06:00 [INF] Built VBO for map 73ba8458-f8de-4f78-a254-c91b18418ed0 'test 3' in 56.6113ms
2026-04-15 18:08:56.235 +06:00 [INF] Built VBO for map 27c6a7b2-4e9f-4316-9a0f-e13ec8e16ba2 'New Map' in 3.7461ms
2026-04-15 18:09:20.727 +06:00 [INF] Built VBO for map 23630ac6-4461-460d-8a3b-9a0d4477096f 'test 8' in 5.1887ms
2026-04-15 18:09:29.387 +06:00 [INF] System window closing (due to user interaction most likely).
2026-04-15 18:09:29.390 +06:00 [INF] Disconnected [bbf2583d-363f-456e-91fe-ff731a317412].
2026-04-15 18:09:29.391 +06:00 [INF] Updating active permission set to 'default'
2026-04-15 18:09:29.414 +06:00 [INF] Acquiring context lock... (0ms)
2026-04-15 18:09:29.414 +06:00 [INF] Acquired. (0ms)
2026-04-15 18:09:29.415 +06:00 [INF] Beginning context dispose. (0ms)
2026-04-15 18:09:29.415 +06:00 [INF] GC.SuppressFinalize (0ms)
2026-04-15 18:09:29.415 +06:00 [INF] InternalDispose() completed. (0ms)
2026-04-15 18:09:29.415 +06:00 [INF] Clearing instance... (1ms)
2026-04-15 18:09:29.415 +06:00 [INF] Releasing context lock... (1ms)
2026-04-15 18:09:29.415 +06:00 [INF] Released. (1ms)
