2026-04-14 10:06:48.910 +06:00 [INF] Starting Intersect Client v0.8.0.0-custom+32d39132dace1351f63375b261f241297dd35be8-dirty
2026-04-14 10:06:49.208 +06:00 [INF] Discovered service type: Intersect.Plugins.PluginService
2026-04-14 10:06:49.215 +06:00 [WRN] Directory was specified as a plugin directory but does not exist: 'resources\plugins'
2026-04-14 10:06:49.215 +06:00 [INF] Discovered 0 plugins:

2026-04-14 10:06:53.156 +06:00 [INF] Connecting to 127.0.0.1:5400...
2026-04-14 10:06:53.164 +06:00 [INF] Connected [8be6faaa-ae52-4728-8ce4-53ecb67ed1e8].
2026-04-14 10:06:53.168 +06:00 [INF] Connection approved [8be6faaa-ae52-4728-8ce4-53ecb67ed1e8].
2026-04-14 10:06:53.264 +06:00 [INF] Updated PermissionSet 'default'
2026-04-14 10:06:53.264 +06:00 [INF] Updated PermissionSet 'admin'
2026-04-14 10:07:03.871 +06:00 [INF] Updating active permission set to 'admin'
2026-04-14 10:07:37.868 +06:00 [INF] System window closing (due to user interaction most likely).
2026-04-14 10:07:37.871 +06:00 [INF] Disconnected [8be6faaa-ae52-4728-8ce4-53ecb67ed1e8].
2026-04-14 10:07:37.872 +06:00 [INF] Updating active permission set to 'default'
2026-04-14 10:07:37.971 +06:00 [INF] Acquiring context lock... (0ms)
2026-04-14 10:07:37.971 +06:00 [INF] Acquired. (0ms)
2026-04-14 10:07:37.972 +06:00 [INF] Beginning context dispose. (0ms)
2026-04-14 10:07:37.972 +06:00 [INF] GC.SuppressFinalize (0ms)
2026-04-14 10:07:37.972 +06:00 [INF] InternalDispose() completed. (0ms)
2026-04-14 10:07:37.972 +06:00 [INF] Clearing instance... (1ms)
2026-04-14 10:07:37.973 +06:00 [INF] Releasing context lock... (1ms)
2026-04-14 10:07:37.973 +06:00 [INF] Released. (1ms)
