2026-04-10 18:57:26.807 +06:00 [INF] Starting Intersect Client v0.8.0.0-custom+32d39132dace1351f63375b261f241297dd35be8-dirty
2026-04-10 18:57:27.005 +06:00 [INF] Discovered service type: Intersect.Plugins.PluginService
2026-04-10 18:57:27.008 +06:00 [WRN] Directory was specified as a plugin directory but does not exist: 'resources\plugins'
2026-04-10 18:57:27.009 +06:00 [INF] Discovered 0 plugins:

2026-04-10 18:57:29.398 +06:00 [INF] Connecting to 127.0.0.1:5400...
2026-04-10 18:57:29.407 +06:00 [INF] Connected [b16cd15d-3baf-40e1-8443-ea25f210527c].
2026-04-10 18:57:29.418 +06:00 [INF] Connection approved [b16cd15d-3baf-40e1-8443-ea25f210527c].
2026-04-10 18:57:29.501 +06:00 [INF] Updated PermissionSet 'default'
2026-04-10 18:57:29.501 +06:00 [INF] Updated PermissionSet 'admin'
2026-04-10 18:57:34.687 +06:00 [INF] Updating active permission set to 'admin'
2026-04-10 18:57:34.804 +06:00 [WRN] Unable to add '_buttonLogout' to the JSON of MainMenu.SelectCharacterWindow._innerPanel._buttonsPanel because a sibling shares the same name
2026-04-10 18:57:35.261 +06:00 [WRN] 'Me' is null.
2026-04-10 18:57:35.816 +06:00 [INF] Built VBO for map 850ddb26-5568-4376-b8e0-346c04cb81ef 'forest' in 13.6565ms
2026-04-10 18:57:47.679 +06:00 [WRN] 'Me' is null.
2026-04-10 18:57:47.728 +06:00 [WRN] Tried to load entity "66e26fe0-b997-4595-aa30-4c19de222758" (Oran) from packet before in-game UI was ready
2026-04-10 18:57:47.728 +06:00 [WRN] Tried to load entity "66e26fe0-b997-4595-aa30-4c19de222758" (Oran) from packet before in-game UI was ready
2026-04-10 18:57:48.000 +06:00 [INF] Built VBO for map 411179b7-b772-42ef-bf66-03b7e4d7dca8 'test 5' in 3.2479ms
2026-04-10 18:57:48.017 +06:00 [INF] Built VBO for map 73ba8458-f8de-4f78-a254-c91b18418ed0 'test 3' in 16.7857ms
2026-04-10 18:57:48.020 +06:00 [INF] Built VBO for map 850ddb26-5568-4376-b8e0-346c04cb81ef 'forest' in 2.3687ms
2026-04-10 18:58:10.114 +06:00 [INF] Built VBO for map 27c6a7b2-4e9f-4316-9a0f-e13ec8e16ba2 'New Map' in 8.5716ms
2026-04-10 18:59:00.842 +06:00 [INF] Built VBO for map 23630ac6-4461-460d-8a3b-9a0d4477096f 'test 8' in 5.4426ms
2026-04-10 19:07:16.174 +06:00 [INF] System window closing (due to user interaction most likely).
2026-04-10 19:07:16.177 +06:00 [INF] Disconnected [b16cd15d-3baf-40e1-8443-ea25f210527c].
2026-04-10 19:07:16.177 +06:00 [INF] Updating active permission set to 'default'
2026-04-10 19:07:16.206 +06:00 [INF] Acquiring context lock... (0ms)
2026-04-10 19:07:16.206 +06:00 [INF] Acquired. (0ms)
2026-04-10 19:07:16.207 +06:00 [INF] Beginning context dispose. (0ms)
2026-04-10 19:07:16.207 +06:00 [INF] GC.SuppressFinalize (0ms)
2026-04-10 19:07:16.207 +06:00 [INF] InternalDispose() completed. (0ms)
2026-04-10 19:07:16.207 +06:00 [INF] Clearing instance... (1ms)
2026-04-10 19:07:16.207 +06:00 [INF] Releasing context lock... (1ms)
2026-04-10 19:07:16.207 +06:00 [INF] Released. (1ms)
