2026-07-24 00:28:29.338 +02:00 [INF] Starting Intersect Client v0.8.0.0-custom+32d39132dace1351f63375b261f241297dd35be8-dirty
2026-07-24 00:28:29.556 +02:00 [INF] Discovered service type: Intersect.Plugins.PluginService
2026-07-24 00:28:29.561 +02:00 [WRN] Directory was specified as a plugin directory but does not exist: 'resources\plugins'
2026-07-24 00:28:29.562 +02:00 [INF] Discovered 0 plugins:

2026-07-24 00:28:29.998 +02:00 [INF] Graphics pacing configured: targetMode=-1, vsync=false, fixedStep=false, backBuffer=1760x990
2026-07-24 00:28:31.386 +02:00 [INF] Connecting to 127.0.0.1:5400...
2026-07-24 00:28:31.395 +02:00 [INF] Connected [3bb5f1aa-c7af-484c-9ef1-80e3642387e6].
2026-07-24 00:28:31.402 +02:00 [INF] Connection approved [3bb5f1aa-c7af-484c-9ef1-80e3642387e6].
2026-07-24 00:28:31.487 +02:00 [INF] Updated PermissionSet 'default'
2026-07-24 00:28:31.487 +02:00 [INF] Updated PermissionSet 'admin'
2026-07-24 00:28:34.975 +02:00 [INF] Updating active permission set to 'admin'
2026-07-24 00:28:36.729 +02:00 [WRN] 'Me' is null.
2026-07-24 00:28:37.846 +02:00 [INF] Built VBO for map 15601ad4-9f26-4abe-a6c9-3a7eebaa3045 'Forest' in 30.474ms
2026-07-24 00:28:37.862 +02:00 [INF] Built VBO for map d490222a-af25-4a7f-bec3-7ca8016e08d7 'New Map' in 13.0582ms
2026-07-24 00:28:37.881 +02:00 [INF] Built VBO for map 000bacda-f0e9-4a92-ab09-e55bd4ad15c1 'New Map' in 13.2039ms
2026-07-24 00:28:37.983 +02:00 [INF] Built VBO for map 27c6a7b2-4e9f-4316-9a0f-e13ec8e16ba2 'Forest' in 98.9827ms
2026-07-24 00:28:38.023 +02:00 [INF] Built VBO for map e341d25d-5ff4-4cd6-bcd5-2f2cda710c86 'Greenfall Vale' in 35.7251ms
2026-07-24 00:28:38.035 +02:00 [INF] Built VBO for map f519d3ea-b6f4-4b17-b87a-1dcf003cd3ec 'New Map' in 9.927ms
2026-07-24 00:28:43.190 +02:00 [INF] Client frame profile: measured=316.2fps counter=536 targetMode=-1; interval=3.16/762.66ms avg/max; update=0.10/27.40ms (1.00 calls/frame); draw=3.03/734.78ms; world=2.33/705.28ms [scene=2.05/693.14, scene-detail=[tiles=0.20ms/16.0draws (geometry=0.18ms/16.0draws, water=0.01ms/0.0draws), objects=1.11ms/18.0draws, procedural=0.00ms/0.0draws, entities=0.61ms/4.0draws, effects=0.04ms/0.0draws, weather=0.02ms/0.0draws, other=0.08ms], lighting=0.07/7.32, post=0.05/28.78, overlays=0.07/11.81, other=0.10]; gui=0.67/74.82ms [update=0.61/55.74 (minimap=0.40/34.38 [compact=0.40, fullmap=0.00/0.00], other=0.21), render=0.06/19.07, other=0.00]; finish=0.02/1.29ms; outside-update-draw=0.03ms; draws=56, maps=2, entities=20, lights=5
2026-07-24 00:28:48.210 +02:00 [INF] Client frame profile: measured=112.5fps counter=40 targetMode=-1; interval=8.89/34.22ms avg/max; update=0.06/0.23ms (1.00 calls/frame); draw=2.72/13.24ms; world=1.57/7.08ms [scene=1.32/6.80, scene-detail=[tiles=0.20ms/16.0draws (geometry=0.19ms/16.0draws, water=0.01ms/0.0draws), objects=0.66ms/18.0draws, procedural=0.00ms/0.0draws, entities=0.37ms/3.9draws, effects=0.02ms/0.0draws, weather=0.01ms/0.0draws, other=0.05ms], lighting=0.06/0.15, post=0.03/0.09, overlays=0.06/1.50, other=0.10]; gui=1.13/11.05ms [update=1.07/10.93 (minimap=0.83/10.45 [compact=0.83, fullmap=0.00/0.00], other=0.24), render=0.05/0.24, other=0.00]; finish=0.02/0.05ms; outside-update-draw=6.10ms; draws=54, maps=2, entities=20, lights=5
2026-07-24 00:28:53.216 +02:00 [INF] Client frame profile: measured=66.1fps counter=38 targetMode=-1; interval=15.12/41.32ms avg/max; update=0.13/2.31ms (1.00 calls/frame); draw=3.96/20.54ms; world=1.87/7.81ms [scene=1.57/7.41, scene-detail=[tiles=0.26ms/16.0draws (geometry=0.24ms/16.0draws, water=0.01ms/0.0draws), objects=0.81ms/18.0draws, procedural=0.00ms/0.0draws, entities=0.38ms/1.5draws, effects=0.03ms/0.0draws, weather=0.02ms/0.0draws, other=0.08ms], lighting=0.07/0.20, post=0.04/0.12, overlays=0.07/0.20, other=0.11]; gui=2.05/15.64ms [update=1.96/15.50 (minimap=1.53/12.33 [compact=1.53, fullmap=0.00/0.00], other=0.43), render=0.08/0.23, other=0.00]; finish=0.03/0.08ms; outside-update-draw=11.03ms; draws=52, maps=2, entities=20, lights=5
2026-07-24 00:28:54.633 +02:00 [INF] System window closing (due to user interaction most likely).
2026-07-24 00:28:54.636 +02:00 [INF] Disconnected [3bb5f1aa-c7af-484c-9ef1-80e3642387e6].
2026-07-24 00:28:54.637 +02:00 [INF] Updating active permission set to 'default'
2026-07-24 00:28:54.679 +02:00 [INF] Acquiring context lock... (0ms)
2026-07-24 00:28:54.679 +02:00 [INF] Acquired. (0ms)
2026-07-24 00:28:54.680 +02:00 [INF] Beginning context dispose. (0ms)
2026-07-24 00:28:54.680 +02:00 [INF] GC.SuppressFinalize (0ms)
2026-07-24 00:28:54.680 +02:00 [INF] InternalDispose() completed. (0ms)
2026-07-24 00:28:54.680 +02:00 [INF] Clearing instance... (1ms)
2026-07-24 00:28:54.680 +02:00 [INF] Releasing context lock... (1ms)
2026-07-24 00:28:54.680 +02:00 [INF] Released. (1ms)
