2026-04-24 12:39:46.579 +06:00 [INF] Starting Intersect Client v0.8.0.0-custom+32d39132dace1351f63375b261f241297dd35be8-dirty
2026-04-24 12:39:46.778 +06:00 [INF] Discovered service type: Intersect.Plugins.PluginService
2026-04-24 12:39:46.782 +06:00 [WRN] Directory was specified as a plugin directory but does not exist: 'resources\plugins'
2026-04-24 12:39:46.783 +06:00 [INF] Discovered 0 plugins:

2026-04-24 12:39:48.764 +06:00 [INF] Connecting to 127.0.0.1:5400...
2026-04-24 12:39:48.773 +06:00 [INF] Connected [f7101fe7-0d1a-4d69-9d29-0b1b553d8613].
2026-04-24 12:39:48.778 +06:00 [INF] Connection approved [f7101fe7-0d1a-4d69-9d29-0b1b553d8613].
2026-04-24 12:39:48.867 +06:00 [INF] Updated PermissionSet 'default'
2026-04-24 12:39:48.867 +06:00 [INF] Updated PermissionSet 'admin'
2026-04-24 12:39:52.592 +06:00 [INF] Updating active permission set to 'admin'
2026-04-24 12:39:52.741 +06:00 [WRN] Unable to add '_buttonLogout' to the JSON of MainMenu.SelectCharacterWindow._innerPanel._buttonsPanel because a sibling shares the same name
2026-04-24 12:39:53.282 +06:00 [WRN] 'Me' is null.
2026-04-24 12:39:53.858 +06:00 [INF] Built VBO for map 27c6a7b2-4e9f-4316-9a0f-e13ec8e16ba2 'Forest' in 39.8322ms
2026-04-24 12:39:53.872 +06:00 [INF] Built VBO for map c15f8299-8999-471f-9760-388ff4cdec7c 'Forest' in 9.3699ms
2026-04-24 12:40:08.986 +06:00 [INF] Built VBO for map 27c6a7b2-4e9f-4316-9a0f-e13ec8e16ba2 'Forest' in 2.8043ms
2026-04-24 12:40:14.957 +06:00 [INF] Music volume set to 10 from InGame..SettingsWindow._innerPanel._tabs._innerPanel._audioSettingsTab._scrollPanel._musicSlider._slider
2026-04-24 12:40:14.958 +06:00 [INF] Sound volume set to 15 from InGame..SettingsWindow._innerPanel._tabs._innerPanel._audioSettingsTab._scrollPanel._soundEffectsSlider._slider
2026-04-24 12:41:04.796 +06:00 [INF] Built VBO for map 27c6a7b2-4e9f-4316-9a0f-e13ec8e16ba2 'Forest' in 3.0985ms
2026-04-24 12:41:33.352 +06:00 [INF] Built VBO for map 27c6a7b2-4e9f-4316-9a0f-e13ec8e16ba2 'Forest' in 2.4605ms
2026-04-24 12:41:41.210 +06:00 [INF] Built VBO for map 27c6a7b2-4e9f-4316-9a0f-e13ec8e16ba2 'Forest' in 2.4574ms
2026-04-24 12:41:48.879 +06:00 [INF] Built VBO for map 27c6a7b2-4e9f-4316-9a0f-e13ec8e16ba2 'Forest' in 3.4375ms
2026-04-24 12:42:27.814 +06:00 [INF] Built VBO for map 27c6a7b2-4e9f-4316-9a0f-e13ec8e16ba2 'Forest' in 2.5568ms
2026-04-24 12:45:29.733 +06:00 [INF] Built VBO for map 27c6a7b2-4e9f-4316-9a0f-e13ec8e16ba2 'Forest' in 2.4985ms
2026-04-24 12:45:34.168 +06:00 [INF] System window closing (due to user interaction most likely).
2026-04-24 12:45:34.171 +06:00 [INF] Disconnected [f7101fe7-0d1a-4d69-9d29-0b1b553d8613].
2026-04-24 12:45:34.172 +06:00 [INF] Updating active permission set to 'default'
2026-04-24 12:45:34.212 +06:00 [INF] Acquiring context lock... (0ms)
2026-04-24 12:45:34.212 +06:00 [INF] Acquired. (0ms)
2026-04-24 12:45:34.213 +06:00 [INF] Beginning context dispose. (0ms)
2026-04-24 12:45:34.213 +06:00 [INF] GC.SuppressFinalize (0ms)
2026-04-24 12:45:34.213 +06:00 [INF] InternalDispose() completed. (0ms)
2026-04-24 12:45:34.213 +06:00 [INF] Clearing instance... (1ms)
2026-04-24 12:45:34.213 +06:00 [INF] Releasing context lock... (1ms)
2026-04-24 12:45:34.213 +06:00 [INF] Released. (1ms)
