2026-06-02 06:48:57.151 +02:00 [INF] Starting Intersect Client v0.8.0.0-custom+32d39132dace1351f63375b261f241297dd35be8-dirty
2026-06-02 06:48:57.366 +02:00 [INF] Discovered service type: Intersect.Plugins.PluginService
2026-06-02 06:48:57.369 +02:00 [WRN] Directory was specified as a plugin directory but does not exist: 'resources\plugins'
2026-06-02 06:48:57.370 +02:00 [INF] Discovered 0 plugins:

2026-06-02 06:48:59.618 +02:00 [INF] Connecting to 127.0.0.1:5400...
2026-06-02 06:48:59.637 +02:00 [INF] Connected [4d865ef4-7d0d-4919-8fce-dc9de0b8dc88].
2026-06-02 06:48:59.664 +02:00 [INF] Connection approved [4d865ef4-7d0d-4919-8fce-dc9de0b8dc88].
2026-06-02 06:48:59.744 +02:00 [INF] Updated PermissionSet 'default'
2026-06-02 06:49:04.990 +02:00 [INF] Updated PermissionSet 'admin'
2026-06-02 06:49:04.990 +02:00 [INF] Updating active permission set to 'admin'
2026-06-02 06:49:05.682 +02:00 [WRN] 'Me' is null.
2026-06-02 06:49:06.602 +02:00 [INF] Built VBO for map 27c6a7b2-4e9f-4316-9a0f-e13ec8e16ba2 'Forest' in 83.4484ms
2026-06-02 06:50:10.850 +02:00 [INF] System window closing (due to user interaction most likely).
2026-06-02 06:50:10.853 +02:00 [INF] Disconnected [4d865ef4-7d0d-4919-8fce-dc9de0b8dc88].
2026-06-02 06:50:10.854 +02:00 [INF] Updating active permission set to 'default'
2026-06-02 06:50:10.879 +02:00 [INF] Acquiring context lock... (0ms)
2026-06-02 06:50:10.879 +02:00 [INF] Acquired. (0ms)
2026-06-02 06:50:10.880 +02:00 [INF] Beginning context dispose. (0ms)
2026-06-02 06:50:10.880 +02:00 [INF] GC.SuppressFinalize (0ms)
2026-06-02 06:50:10.880 +02:00 [INF] InternalDispose() completed. (0ms)
2026-06-02 06:50:10.880 +02:00 [INF] Clearing instance... (1ms)
2026-06-02 06:50:10.881 +02:00 [INF] Releasing context lock... (1ms)
2026-06-02 06:50:10.881 +02:00 [INF] Released. (1ms)
