2026-04-24 19:12:37.056 +06:00 [INF] Starting Intersect Client v0.8.0.0-custom+32d39132dace1351f63375b261f241297dd35be8-dirty
2026-04-24 19:12:37.254 +06:00 [INF] Discovered service type: Intersect.Plugins.PluginService
2026-04-24 19:12:37.258 +06:00 [WRN] Directory was specified as a plugin directory but does not exist: 'resources\plugins'
2026-04-24 19:12:37.259 +06:00 [INF] Discovered 0 plugins:

2026-04-24 19:12:39.488 +06:00 [INF] Connecting to 127.0.0.1:5400...
2026-04-24 19:12:39.509 +06:00 [INF] Connected [2c86a19c-5d25-4276-b1ef-e80786700ef1].
2026-04-24 19:12:39.541 +06:00 [INF] Connection approved [2c86a19c-5d25-4276-b1ef-e80786700ef1].
2026-04-24 19:12:39.622 +06:00 [INF] Updated PermissionSet 'default'
2026-04-24 19:12:44.495 +06:00 [INF] Updated PermissionSet 'admin'
2026-04-24 19:12:44.495 +06:00 [INF] Updating active permission set to 'admin'
2026-04-24 19:12:44.633 +06:00 [WRN] Unable to add '_buttonLogout' to the JSON of MainMenu.SelectCharacterWindow._innerPanel._buttonsPanel because a sibling shares the same name
2026-04-24 19:12:45.368 +06:00 [WRN] 'Me' is null.
2026-04-24 19:12:46.004 +06:00 [INF] Built VBO for map 27c6a7b2-4e9f-4316-9a0f-e13ec8e16ba2 'Forest' in 40.5532ms
2026-04-24 19:12:48.355 +06:00 [INF] Music volume set to 10 from InGame..SettingsWindow._innerPanel._tabs._innerPanel._audioSettingsTab._scrollPanel._musicSlider._slider
2026-04-24 19:12:48.355 +06:00 [INF] Sound volume set to 15 from InGame..SettingsWindow._innerPanel._tabs._innerPanel._audioSettingsTab._scrollPanel._soundEffectsSlider._slider
2026-04-24 19:12:54.449 +06:00 [INF] Disconnected [2c86a19c-5d25-4276-b1ef-e80786700ef1].
2026-04-24 19:12:54.450 +06:00 [INF] Updating active permission set to 'default'
2026-04-24 19:12:55.408 +06:00 [INF] Connecting to 127.0.0.1:5400...
2026-04-24 19:12:55.414 +06:00 [INF] Connected [092089cc-d1a5-48a3-a559-141da248581c].
2026-04-24 19:12:55.423 +06:00 [INF] Connection approved [092089cc-d1a5-48a3-a559-141da248581c].
2026-04-24 19:12:55.444 +06:00 [INF] Updated PermissionSet 'default'
2026-04-24 19:12:55.444 +06:00 [INF] Updated PermissionSet 'admin'
2026-04-24 19:13:00.433 +06:00 [INF] System window closing (due to user interaction most likely).
2026-04-24 19:13:00.435 +06:00 [INF] Disconnected [092089cc-d1a5-48a3-a559-141da248581c].
2026-04-24 19:13:00.435 +06:00 [INF] Updating active permission set to 'default'
2026-04-24 19:13:00.464 +06:00 [INF] Acquiring context lock... (0ms)
2026-04-24 19:13:00.464 +06:00 [INF] Acquired. (0ms)
2026-04-24 19:13:00.464 +06:00 [INF] Beginning context dispose. (0ms)
2026-04-24 19:13:00.465 +06:00 [INF] GC.SuppressFinalize (0ms)
2026-04-24 19:13:00.465 +06:00 [INF] InternalDispose() completed. (0ms)
2026-04-24 19:13:00.465 +06:00 [INF] Clearing instance... (1ms)
2026-04-24 19:13:00.465 +06:00 [INF] Releasing context lock... (1ms)
2026-04-24 19:13:00.465 +06:00 [INF] Released. (1ms)
