2026-06-04 21:35:17.517 +02:00 [INF] Starting Intersect Client v0.8.0.0-custom+32d39132dace1351f63375b261f241297dd35be8-dirty
2026-06-04 21:35:17.738 +02:00 [INF] Discovered service type: Intersect.Plugins.PluginService
2026-06-04 21:35:17.741 +02:00 [WRN] Directory was specified as a plugin directory but does not exist: 'resources\plugins'
2026-06-04 21:35:17.742 +02:00 [INF] Discovered 0 plugins:

2026-06-04 21:35:19.966 +02:00 [INF] Connecting to 127.0.0.1:5400...
2026-06-04 21:35:19.986 +02:00 [INF] Connected [c057276c-9ff2-457e-a24a-05f0b63016f4].
2026-06-04 21:35:20.008 +02:00 [INF] Connection approved [c057276c-9ff2-457e-a24a-05f0b63016f4].
2026-06-04 21:35:20.099 +02:00 [INF] Updated PermissionSet 'default'
2026-06-04 21:35:24.384 +02:00 [INF] Updated PermissionSet 'admin'
2026-06-04 21:35:24.384 +02:00 [INF] Updating active permission set to 'admin'
2026-06-04 21:35:25.093 +02:00 [WRN] 'Me' is null.
2026-06-04 21:35:25.917 +02:00 [INF] Built VBO for map 15601ad4-9f26-4abe-a6c9-3a7eebaa3045 'Forest' in 19.1648ms
2026-06-04 21:35:25.919 +02:00 [INF] Built VBO for map 27c6a7b2-4e9f-4316-9a0f-e13ec8e16ba2 'Forest' in 1.214ms
2026-06-04 21:35:25.926 +02:00 [ERR] Exception thrown while trying to load 'resources/tilesets/water_shore_marker.png'
System.IO.FileNotFoundException: Could not find file 'F:\game code engine\Intersect_New\Intersect.Client\resources\tilesets\water_shore_marker.png'.
File name: 'F:\game code engine\Intersect_New\Intersect.Client\resources\tilesets\water_shore_marker.png'
   at Microsoft.Win32.SafeHandles.SafeFileHandle.CreateFile(String fullPath, FileMode mode, FileAccess access, FileShare share, FileOptions options)
   at Microsoft.Win32.SafeHandles.SafeFileHandle.Open(String fullPath, FileMode mode, FileAccess access, FileShare share, FileOptions options, Int64 preallocationSize, Nullable`1 unixCreateMode)
   at System.IO.Strategies.OSFileStreamStrategy..ctor(String path, FileMode mode, FileAccess access, FileShare share, FileOptions options, Int64 preallocationSize, Nullable`1 unixCreateMode)
   at System.IO.Strategies.FileStreamHelpers.ChooseStrategyCore(String path, FileMode mode, FileAccess access, FileShare share, FileOptions options, Int64 preallocationSize, Nullable`1 unixCreateMode)
   at System.IO.File.OpenRead(String path)
   at Intersect.Client.Framework.Graphics.GameRenderer.<>c__DisplayClass176_0.<LoadTexture>b__0() in F:\game code engine\Intersect_New\Intersect.Client.Framework\Graphics\GameRenderer.cs:line 921
   at Intersect.Client.Framework.Graphics.GameTexture`2.LoadPlatformTexture(Boolean force) in F:\game code engine\Intersect_New\Intersect.Client.Framework\Graphics\GameTexture.cs:line 279
2026-06-04 21:35:25.937 +02:00 [INF] Built VBO for map e341d25d-5ff4-4cd6-bcd5-2f2cda710c86 'Forest' in 14.0653ms
2026-06-04 21:35:25.949 +02:00 [INF] Built VBO for map 15601ad4-9f26-4abe-a6c9-3a7eebaa3045 'Forest' in 4.3231ms
2026-06-04 21:35:26.167 +02:00 [INF] Built VBO for map e341d25d-5ff4-4cd6-bcd5-2f2cda710c86 'Forest' in 6.479ms
2026-06-04 21:36:53.883 +02:00 [INF] Built VBO for map e341d25d-5ff4-4cd6-bcd5-2f2cda710c86 'Forest' in 3.9523ms
2026-06-04 21:37:49.959 +02:00 [INF] Built VBO for map 15601ad4-9f26-4abe-a6c9-3a7eebaa3045 'Forest' in 2.7878ms
2026-06-04 21:37:49.963 +02:00 [INF] Built VBO for map e341d25d-5ff4-4cd6-bcd5-2f2cda710c86 'Forest' in 3.3555ms
2026-06-04 21:37:50.017 +02:00 [INF] Built VBO for map 27c6a7b2-4e9f-4316-9a0f-e13ec8e16ba2 'Forest' in 0.5068ms
2026-06-04 21:37:53.482 +02:00 [INF] Built VBO for map e341d25d-5ff4-4cd6-bcd5-2f2cda710c86 'Forest' in 4.0853ms
2026-06-04 21:38:25.393 +02:00 [INF] Built VBO for map 15601ad4-9f26-4abe-a6c9-3a7eebaa3045 'Forest' in 3.137ms
2026-06-04 21:38:25.397 +02:00 [INF] Built VBO for map e341d25d-5ff4-4cd6-bcd5-2f2cda710c86 'Forest' in 3.4071ms
2026-06-04 21:38:25.451 +02:00 [INF] Built VBO for map 27c6a7b2-4e9f-4316-9a0f-e13ec8e16ba2 'Forest' in 0.399ms
2026-06-04 21:43:05.026 +02:00 [INF] System window closing (due to user interaction most likely).
2026-06-04 21:43:05.030 +02:00 [INF] Disconnected [c057276c-9ff2-457e-a24a-05f0b63016f4].
2026-06-04 21:43:05.030 +02:00 [INF] Updating active permission set to 'default'
2026-06-04 21:43:05.059 +02:00 [INF] Acquiring context lock... (0ms)
2026-06-04 21:43:05.059 +02:00 [INF] Acquired. (0ms)
2026-06-04 21:43:05.060 +02:00 [INF] Beginning context dispose. (0ms)
2026-06-04 21:43:05.060 +02:00 [INF] GC.SuppressFinalize (0ms)
2026-06-04 21:43:05.060 +02:00 [INF] InternalDispose() completed. (0ms)
2026-06-04 21:43:05.061 +02:00 [INF] Clearing instance... (1ms)
2026-06-04 21:43:05.061 +02:00 [INF] Releasing context lock... (1ms)
2026-06-04 21:43:05.061 +02:00 [INF] Released. (1ms)
