2026-03-19 19:03:32.569 +01:00 [INF] Starting Intersect Client v0.8.0.0-custom+32d39132dace1351f63375b261f241297dd35be8-dirty
2026-03-19 19:03:32.835 +01:00 [INF] Discovered service type: Intersect.Plugins.PluginService
2026-03-19 19:03:32.843 +01:00 [WRN] Directory was specified as a plugin directory but does not exist: 'resources\plugins'
2026-03-19 19:03:32.844 +01:00 [INF] Discovered 0 plugins:

2026-03-19 19:03:38.428 +01:00 [INF] Connecting to 127.0.0.1:5400...
2026-03-19 19:03:38.450 +01:00 [INF] Connected [d139e3be-7cb6-4782-9bf4-1009ed3aa7bf].
2026-03-19 19:03:38.478 +01:00 [INF] Connection approved [d139e3be-7cb6-4782-9bf4-1009ed3aa7bf].
2026-03-19 19:03:38.556 +01:00 [INF] Updated PermissionSet 'default'
2026-03-19 19:03:40.135 +01:00 [INF] Updated PermissionSet 'admin'
2026-03-19 19:03:40.135 +01:00 [INF] Updating active permission set to 'admin'
2026-03-19 19:03:40.273 +01:00 [WRN] Unable to add '_buttonLogout' to the JSON of MainMenu.SelectCharacterWindow._innerPanel._buttonsPanel because a sibling shares the same name
2026-03-19 19:03:41.259 +01:00 [WRN] 'Me' is null.
2026-03-19 19:03:41.703 +01:00 [INF] Built VBO for map a9f5fb5f-a2e8-421b-9906-03dae4b6224a 'New Map' in 14.8233ms
2026-03-19 19:08:39.731 +01:00 [INF] System window closing (due to user interaction most likely).
2026-03-19 19:08:39.734 +01:00 [INF] Disconnected [d139e3be-7cb6-4782-9bf4-1009ed3aa7bf].
2026-03-19 19:08:39.735 +01:00 [INF] Updating active permission set to 'default'
2026-03-19 19:08:39.810 +01:00 [INF] Acquiring context lock... (0ms)
2026-03-19 19:08:39.811 +01:00 [INF] Acquired. (0ms)
2026-03-19 19:08:39.811 +01:00 [INF] Beginning context dispose. (0ms)
2026-03-19 19:08:39.811 +01:00 [INF] GC.SuppressFinalize (0ms)
2026-03-19 19:08:39.811 +01:00 [INF] InternalDispose() completed. (0ms)
2026-03-19 19:08:39.811 +01:00 [INF] Clearing instance... (1ms)
2026-03-19 19:08:39.812 +01:00 [INF] Releasing context lock... (1ms)
2026-03-19 19:08:39.812 +01:00 [INF] Released. (1ms)
