2026-06-05 08:39:41.521 +02:00 [INF] Starting Intersect Client v0.8.0.0-custom+32d39132dace1351f63375b261f241297dd35be8-dirty
2026-06-05 08:39:41.717 +02:00 [INF] Discovered service type: Intersect.Plugins.PluginService
2026-06-05 08:39:41.721 +02:00 [WRN] Directory was specified as a plugin directory but does not exist: 'resources\plugins'
2026-06-05 08:39:41.722 +02:00 [INF] Discovered 0 plugins:

2026-06-05 08:39:43.898 +02:00 [INF] Connecting to 95.156.227.207:5400...
2026-06-05 08:39:43.978 +02:00 [INF] Connected [0ddf8ec5-d3d5-4eca-b5a6-64966cd4d55a].
2026-06-05 08:39:43.989 +02:00 [INF] Connection approved [0ddf8ec5-d3d5-4eca-b5a6-64966cd4d55a].
2026-06-05 08:39:44.085 +02:00 [INF] Updated PermissionSet 'default'
2026-06-05 08:39:44.085 +02:00 [INF] Updated PermissionSet 'admin'
2026-06-05 08:39:48.275 +02:00 [INF] Updating active permission set to 'admin'
2026-06-05 08:39:48.984 +02:00 [WRN] 'Me' is null.
2026-06-05 08:39:49.876 +02:00 [INF] Built VBO for map 15601ad4-9f26-4abe-a6c9-3a7eebaa3045 'Forest' in 16.7683ms
2026-06-05 08:39:49.878 +02:00 [INF] Built VBO for map 27c6a7b2-4e9f-4316-9a0f-e13ec8e16ba2 'Forest' in 1.1574ms
2026-06-05 08:39:49.884 +02:00 [ERR] Exception thrown while trying to load 'resources/tilesets/water_shore_marker.png'
System.IO.FileNotFoundException: Could not find file 'F:\game code engine\Intersect_New\Intersect.Client\resources\tilesets\water_shore_marker.png'.
File name: 'F:\game code engine\Intersect_New\Intersect.Client\resources\tilesets\water_shore_marker.png'
   at Microsoft.Win32.SafeHandles.SafeFileHandle.CreateFile(String fullPath, FileMode mode, FileAccess access, FileShare share, FileOptions options)
   at Microsoft.Win32.SafeHandles.SafeFileHandle.Open(String fullPath, FileMode mode, FileAccess access, FileShare share, FileOptions options, Int64 preallocationSize, Nullable`1 unixCreateMode)
   at System.IO.Strategies.OSFileStreamStrategy..ctor(String path, FileMode mode, FileAccess access, FileShare share, FileOptions options, Int64 preallocationSize, Nullable`1 unixCreateMode)
   at System.IO.Strategies.FileStreamHelpers.ChooseStrategyCore(String path, FileMode mode, FileAccess access, FileShare share, FileOptions options, Int64 preallocationSize, Nullable`1 unixCreateMode)
   at System.IO.File.OpenRead(String path)
   at Intersect.Client.Framework.Graphics.GameRenderer.<>c__DisplayClass176_0.<LoadTexture>b__0() in F:\game code engine\Intersect_New\Intersect.Client.Framework\Graphics\GameRenderer.cs:line 921
   at Intersect.Client.Framework.Graphics.GameTexture`2.LoadPlatformTexture(Boolean force) in F:\game code engine\Intersect_New\Intersect.Client.Framework\Graphics\GameTexture.cs:line 279
2026-06-05 08:39:49.892 +02:00 [INF] Built VBO for map e341d25d-5ff4-4cd6-bcd5-2f2cda710c86 'Forest' in 11.6955ms
2026-06-05 08:39:49.904 +02:00 [INF] Built VBO for map 15601ad4-9f26-4abe-a6c9-3a7eebaa3045 'Forest' in 4.4188ms
2026-06-05 08:39:50.096 +02:00 [INF] Built VBO for map e341d25d-5ff4-4cd6-bcd5-2f2cda710c86 'Forest' in 4.112ms
2026-06-05 08:39:52.458 +02:00 [INF] Built VBO for map 15601ad4-9f26-4abe-a6c9-3a7eebaa3045 'Forest' in 2.727ms
2026-06-05 08:39:52.545 +02:00 [INF] Built VBO for map 27c6a7b2-4e9f-4316-9a0f-e13ec8e16ba2 'Forest' in 0.3205ms
2026-06-05 08:39:57.344 +02:00 [INF] Built VBO for map 27c6a7b2-4e9f-4316-9a0f-e13ec8e16ba2 'Forest' in 14.8246ms
2026-06-05 08:39:57.736 +02:00 [INF] Built VBO for map e341d25d-5ff4-4cd6-bcd5-2f2cda710c86 'Forest' in 2.3069ms
2026-06-05 08:39:58.845 +02:00 [INF] Built VBO for map 15601ad4-9f26-4abe-a6c9-3a7eebaa3045 'Forest' in 0.5088ms
2026-06-05 08:39:59.154 +02:00 [INF] Built VBO for map 9802b09c-f592-4d93-8e11-d3424500716c 'Forest' in 0.4171ms
2026-06-05 08:39:59.197 +02:00 [INF] Built VBO for map a31f210c-f5fb-48bf-9db2-45fab2293a4c 'Forest' in 9.3167ms
2026-06-05 08:39:59.958 +02:00 [INF] Built VBO for map 27c6a7b2-4e9f-4316-9a0f-e13ec8e16ba2 'Forest' in 15.9206ms
2026-06-05 08:40:01.449 +02:00 [INF] Built VBO for map 15601ad4-9f26-4abe-a6c9-3a7eebaa3045 'Forest' in 1.3707ms
2026-06-05 08:40:02.615 +02:00 [INF] Built VBO for map 27c6a7b2-4e9f-4316-9a0f-e13ec8e16ba2 'Forest' in 13.588ms
2026-06-05 08:40:04.667 +02:00 [INF] Built VBO for map 15601ad4-9f26-4abe-a6c9-3a7eebaa3045 'Forest' in 1.848ms
2026-06-05 08:40:05.854 +02:00 [INF] Built VBO for map 27c6a7b2-4e9f-4316-9a0f-e13ec8e16ba2 'Forest' in 13.6287ms
2026-06-05 08:40:07.692 +02:00 [INF] Built VBO for map 9802b09c-f592-4d93-8e11-d3424500716c 'Forest' in 0.9327ms
2026-06-05 08:40:09.071 +02:00 [INF] Built VBO for map a31f210c-f5fb-48bf-9db2-45fab2293a4c 'Forest' in 12.5052ms
2026-06-05 08:40:09.620 +02:00 [INF] Built VBO for map 9802b09c-f592-4d93-8e11-d3424500716c 'Forest' in 1.6462ms
2026-06-05 08:40:10.791 +02:00 [INF] Built VBO for map 15601ad4-9f26-4abe-a6c9-3a7eebaa3045 'Forest' in 1.1406ms
2026-06-05 08:40:11.791 +02:00 [INF] Built VBO for map 9802b09c-f592-4d93-8e11-d3424500716c 'Forest' in 3.0818ms
2026-06-05 08:40:14.489 +02:00 [INF] Built VBO for map 9802b09c-f592-4d93-8e11-d3424500716c 'Forest' in 3.5723ms
2026-06-05 08:40:16.693 +02:00 [INF] Built VBO for map 9802b09c-f592-4d93-8e11-d3424500716c 'Forest' in 3.4947ms
2026-06-05 08:40:20.147 +02:00 [INF] Built VBO for map 9802b09c-f592-4d93-8e11-d3424500716c 'Forest' in 3.0572ms
2026-06-05 08:40:22.951 +02:00 [INF] Built VBO for map 9802b09c-f592-4d93-8e11-d3424500716c 'Forest' in 3.8524ms
2026-06-05 08:40:36.631 +02:00 [INF] System window closing (due to user interaction most likely).
2026-06-05 08:40:36.634 +02:00 [INF] Disconnected [0ddf8ec5-d3d5-4eca-b5a6-64966cd4d55a].
2026-06-05 08:40:36.634 +02:00 [INF] Updating active permission set to 'default'
2026-06-05 08:40:36.664 +02:00 [INF] Acquiring context lock... (0ms)
2026-06-05 08:40:36.664 +02:00 [INF] Acquired. (0ms)
2026-06-05 08:40:36.665 +02:00 [INF] Beginning context dispose. (0ms)
2026-06-05 08:40:36.665 +02:00 [INF] GC.SuppressFinalize (0ms)
2026-06-05 08:40:36.665 +02:00 [INF] InternalDispose() completed. (0ms)
2026-06-05 08:40:36.665 +02:00 [INF] Clearing instance... (1ms)
2026-06-05 08:40:36.665 +02:00 [INF] Releasing context lock... (1ms)
2026-06-05 08:40:36.665 +02:00 [INF] Released. (1ms)
