2026-05-13 00:36:52.417 +02:00 [INF] Starting Intersect Client v0.8.0.0-custom+32d39132dace1351f63375b261f241297dd35be8-dirty
2026-05-13 00:36:52.628 +02:00 [INF] Discovered service type: Intersect.Plugins.PluginService
2026-05-13 00:36:52.631 +02:00 [WRN] Directory was specified as a plugin directory but does not exist: 'resources\plugins'
2026-05-13 00:36:52.632 +02:00 [INF] Discovered 0 plugins:

2026-05-13 00:36:54.911 +02:00 [INF] Connecting to 127.0.0.1:5400...
2026-05-13 00:36:54.933 +02:00 [INF] Connected [19ab6405-27c6-4a22-9874-3ea6ace42439].
2026-05-13 00:36:54.953 +02:00 [INF] Connection approved [19ab6405-27c6-4a22-9874-3ea6ace42439].
2026-05-13 00:36:55.065 +02:00 [INF] Updated PermissionSet 'default'
2026-05-13 00:37:00.863 +02:00 [INF] Updated PermissionSet 'admin'
2026-05-13 00:37:00.863 +02:00 [INF] Updating active permission set to 'admin'
2026-05-13 00:37:02.137 +02:00 [WRN] 'Me' is null.
2026-05-13 00:37:02.841 +02:00 [INF] Built VBO for map 27c6a7b2-4e9f-4316-9a0f-e13ec8e16ba2 'Forest' in 10.373ms
2026-05-13 00:37:53.525 +02:00 [INF] Built VBO for map a31f210c-f5fb-48bf-9db2-45fab2293a4c 'Forest' in 4.3786ms
2026-05-13 00:38:12.514 +02:00 [INF] System window closing (due to user interaction most likely).
2026-05-13 00:38:12.518 +02:00 [INF] Disconnected [19ab6405-27c6-4a22-9874-3ea6ace42439].
2026-05-13 00:38:12.518 +02:00 [INF] Updating active permission set to 'default'
2026-05-13 00:38:12.566 +02:00 [INF] Acquiring context lock... (0ms)
2026-05-13 00:38:12.566 +02:00 [INF] Acquired. (0ms)
2026-05-13 00:38:12.567 +02:00 [INF] Beginning context dispose. (0ms)
2026-05-13 00:38:12.568 +02:00 [INF] GC.SuppressFinalize (0ms)
2026-05-13 00:38:12.568 +02:00 [INF] InternalDispose() completed. (0ms)
2026-05-13 00:38:12.568 +02:00 [INF] Clearing instance... (1ms)
2026-05-13 00:38:12.568 +02:00 [INF] Releasing context lock... (1ms)
2026-05-13 00:38:12.568 +02:00 [INF] Released. (1ms)
