2026-05-17 18:28:38.995 +02:00 [INF] Starting Intersect Client v0.8.0.0-custom+32d39132dace1351f63375b261f241297dd35be8-dirty
2026-05-17 18:28:39.203 +02:00 [INF] Discovered service type: Intersect.Plugins.PluginService
2026-05-17 18:28:39.206 +02:00 [WRN] Directory was specified as a plugin directory but does not exist: 'resources\plugins'
2026-05-17 18:28:39.207 +02:00 [INF] Discovered 0 plugins:

2026-05-17 18:28:41.708 +02:00 [INF] Connecting to 127.0.0.1:5400...
2026-05-17 18:28:41.718 +02:00 [INF] Connected [e843eb92-2307-43c9-a8f2-c3032e797625].
2026-05-17 18:28:41.724 +02:00 [INF] Connection approved [e843eb92-2307-43c9-a8f2-c3032e797625].
2026-05-17 18:28:41.813 +02:00 [INF] Updated PermissionSet 'default'
2026-05-17 18:28:41.813 +02:00 [INF] Updated PermissionSet 'admin'
2026-05-17 18:28:46.271 +02:00 [INF] Updating active permission set to 'admin'
2026-05-17 18:28:46.996 +02:00 [WRN] 'Me' is null.
2026-05-17 18:28:47.609 +02:00 [INF] Built VBO for map e341d25d-5ff4-4cd6-bcd5-2f2cda710c86 'Forest' in 11.8195ms
2026-05-17 18:29:01.584 +02:00 [INF] Built VBO for map e341d25d-5ff4-4cd6-bcd5-2f2cda710c86 'Forest' in 2.9314ms
2026-05-17 18:29:10.935 +02:00 [INF] Built VBO for map e341d25d-5ff4-4cd6-bcd5-2f2cda710c86 'Forest' in 2.0738ms
2026-05-17 18:29:14.674 +02:00 [INF] Built VBO for map a31f210c-f5fb-48bf-9db2-45fab2293a4c 'Forest' in 42.336ms
2026-05-17 18:29:19.552 +02:00 [INF] Built VBO for map e341d25d-5ff4-4cd6-bcd5-2f2cda710c86 'Forest' in 2.055ms
2026-05-17 18:29:19.580 +02:00 [INF] Built VBO for map e341d25d-5ff4-4cd6-bcd5-2f2cda710c86 'Forest' in 1.9779ms
2026-05-17 18:29:24.848 +02:00 [INF] Built VBO for map a31f210c-f5fb-48bf-9db2-45fab2293a4c 'Forest' in 10.8654ms
2026-05-17 18:29:24.909 +02:00 [INF] Built VBO for map a31f210c-f5fb-48bf-9db2-45fab2293a4c 'Forest' in 12.66ms
2026-05-17 18:29:30.067 +02:00 [INF] Built VBO for map 27c6a7b2-4e9f-4316-9a0f-e13ec8e16ba2 'Forest' in 28.386ms
2026-05-17 18:29:30.091 +02:00 [INF] Built VBO for map e341d25d-5ff4-4cd6-bcd5-2f2cda710c86 'Forest' in 2.8138ms
2026-05-17 18:29:40.268 +02:00 [INF] Built VBO for map a31f210c-f5fb-48bf-9db2-45fab2293a4c 'Forest' in 12.4117ms
2026-05-17 18:29:44.502 +02:00 [INF] Built VBO for map 27c6a7b2-4e9f-4316-9a0f-e13ec8e16ba2 'Forest' in 5.1381ms
2026-05-17 18:29:44.511 +02:00 [INF] Built VBO for map e341d25d-5ff4-4cd6-bcd5-2f2cda710c86 'Forest' in 3.0711ms
2026-05-17 18:30:07.105 +02:00 [INF] Built VBO for map e341d25d-5ff4-4cd6-bcd5-2f2cda710c86 'Forest' in 2.0181ms
2026-05-17 18:30:11.283 +02:00 [INF] Built VBO for map 27c6a7b2-4e9f-4316-9a0f-e13ec8e16ba2 'Forest' in 4.3647ms
2026-05-17 18:33:38.422 +02:00 [INF] System window closing (due to user interaction most likely).
2026-05-17 18:33:38.425 +02:00 [INF] Disconnected [e843eb92-2307-43c9-a8f2-c3032e797625].
2026-05-17 18:33:38.426 +02:00 [INF] Updating active permission set to 'default'
2026-05-17 18:33:38.467 +02:00 [INF] Acquiring context lock... (0ms)
2026-05-17 18:33:38.467 +02:00 [INF] Acquired. (0ms)
2026-05-17 18:33:38.468 +02:00 [INF] Beginning context dispose. (0ms)
2026-05-17 18:33:38.468 +02:00 [INF] GC.SuppressFinalize (0ms)
2026-05-17 18:33:38.468 +02:00 [INF] InternalDispose() completed. (0ms)
2026-05-17 18:33:38.468 +02:00 [INF] Clearing instance... (1ms)
2026-05-17 18:33:38.468 +02:00 [INF] Releasing context lock... (1ms)
2026-05-17 18:33:38.468 +02:00 [INF] Released. (1ms)
