2026-03-22 20:43:55.018 +01:00 [INF] Starting Intersect Client v0.8.0.0-custom+32d39132dace1351f63375b261f241297dd35be8-dirty
2026-03-22 20:43:55.346 +01:00 [INF] Discovered service type: Intersect.Plugins.PluginService
2026-03-22 20:43:55.354 +01:00 [WRN] Directory was specified as a plugin directory but does not exist: 'resources\plugins'
2026-03-22 20:43:55.355 +01:00 [INF] Discovered 0 plugins:

2026-03-22 20:43:58.160 +01:00 [INF] Connecting to 127.0.0.1:5400...
2026-03-22 20:43:58.169 +01:00 [INF] Connected [d70e84db-d525-48d4-93cb-43ec87aefbce].
2026-03-22 20:43:58.176 +01:00 [INF] Connection approved [d70e84db-d525-48d4-93cb-43ec87aefbce].
2026-03-22 20:43:58.251 +01:00 [INF] Updated PermissionSet 'default'
2026-03-22 20:43:58.251 +01:00 [INF] Updated PermissionSet 'admin'
2026-03-22 20:44:01.106 +01:00 [INF] Updating active permission set to 'admin'
2026-03-22 20:44:01.177 +01:00 [WRN] Unable to add '_buttonLogout' to the JSON of MainMenu.SelectCharacterWindow._innerPanel._buttonsPanel because a sibling shares the same name
2026-03-22 20:44:02.595 +01:00 [WRN] 'Me' is null.
2026-03-22 20:44:03.084 +01:00 [INF] Built VBO for map 27c6a7b2-4e9f-4316-9a0f-e13ec8e16ba2 'New Map' in 17.5021ms
2026-03-22 20:44:03.091 +01:00 [INF] Built VBO for map 23382d57-1bd1-403a-8f4f-50e5ad24e8a0 'test1' in 2.6456ms
2026-03-22 20:44:11.313 +01:00 [INF] Built VBO for map 73ba8458-f8de-4f78-a254-c91b18418ed0 'test 3' in 7.4686ms
2026-03-22 20:44:11.316 +01:00 [INF] Built VBO for map 850ddb26-5568-4376-b8e0-346c04cb81ef 'test 4' in 2.6397ms
2026-03-22 21:04:43.296 +01:00 [INF] System window closing (due to user interaction most likely).
2026-03-22 21:04:43.299 +01:00 [INF] Disconnected [d70e84db-d525-48d4-93cb-43ec87aefbce].
2026-03-22 21:04:43.300 +01:00 [INF] Updating active permission set to 'default'
2026-03-22 21:04:43.405 +01:00 [INF] Acquiring context lock... (0ms)
2026-03-22 21:04:43.405 +01:00 [INF] Acquired. (0ms)
2026-03-22 21:04:43.406 +01:00 [INF] Beginning context dispose. (0ms)
2026-03-22 21:04:43.406 +01:00 [INF] GC.SuppressFinalize (0ms)
2026-03-22 21:04:43.406 +01:00 [INF] InternalDispose() completed. (0ms)
2026-03-22 21:04:43.406 +01:00 [INF] Clearing instance... (1ms)
2026-03-22 21:04:43.406 +01:00 [INF] Releasing context lock... (1ms)
2026-03-22 21:04:43.406 +01:00 [INF] Released. (1ms)
