2026-05-02 01:36:31.475 +06:00 [INF] Starting Intersect Client v0.8.0.0-custom+32d39132dace1351f63375b261f241297dd35be8-dirty
2026-05-02 01:36:31.954 +06:00 [INF] Discovered service type: Intersect.Plugins.PluginService
2026-05-02 01:36:31.957 +06:00 [WRN] Directory was specified as a plugin directory but does not exist: 'resources\plugins'
2026-05-02 01:36:31.958 +06:00 [INF] Discovered 0 plugins:

2026-05-02 01:36:50.749 +06:00 [INF] Connecting to 127.0.0.1:5400...
2026-05-02 01:36:50.757 +06:00 [INF] Connected [3687363b-01b4-456b-ba5c-388aaa738e37].
2026-05-02 01:36:50.774 +06:00 [INF] Connection approved [3687363b-01b4-456b-ba5c-388aaa738e37].
2026-05-02 01:36:50.860 +06:00 [INF] Updated PermissionSet 'default'
2026-05-02 01:36:54.615 +06:00 [INF] Updated PermissionSet 'admin'
2026-05-02 01:36:54.615 +06:00 [INF] Updating active permission set to 'admin'
2026-05-02 01:36:55.255 +06:00 [WRN] 'Me' is null.
2026-05-02 01:36:55.821 +06:00 [INF] Built VBO for map 27c6a7b2-4e9f-4316-9a0f-e13ec8e16ba2 'Forest' in 9.6446ms
2026-05-02 01:36:55.842 +06:00 [INF] Built VBO for map c15f8299-8999-471f-9760-388ff4cdec7c 'test' in 6.6823ms
2026-05-02 01:37:13.856 +06:00 [INF] System window closing (due to user interaction most likely).
2026-05-02 01:37:13.859 +06:00 [INF] Disconnected [3687363b-01b4-456b-ba5c-388aaa738e37].
2026-05-02 01:37:13.859 +06:00 [INF] Updating active permission set to 'default'
2026-05-02 01:37:13.901 +06:00 [INF] Acquiring context lock... (0ms)
2026-05-02 01:37:13.901 +06:00 [INF] Acquired. (0ms)
2026-05-02 01:37:13.901 +06:00 [INF] Beginning context dispose. (0ms)
2026-05-02 01:37:13.902 +06:00 [INF] GC.SuppressFinalize (0ms)
2026-05-02 01:37:13.902 +06:00 [INF] InternalDispose() completed. (0ms)
2026-05-02 01:37:13.902 +06:00 [INF] Clearing instance... (1ms)
2026-05-02 01:37:13.902 +06:00 [INF] Releasing context lock... (1ms)
2026-05-02 01:37:13.902 +06:00 [INF] Released. (1ms)
