2026-05-13 06:45:10.884 +02:00 [INF] Starting Intersect Client v0.8.0.0-custom+32d39132dace1351f63375b261f241297dd35be8-dirty
2026-05-13 06:45:11.109 +02:00 [INF] Discovered service type: Intersect.Plugins.PluginService
2026-05-13 06:45:11.113 +02:00 [WRN] Directory was specified as a plugin directory but does not exist: 'resources\plugins'
2026-05-13 06:45:11.114 +02:00 [INF] Discovered 0 plugins:

2026-05-13 06:45:15.942 +02:00 [INF] Connecting to 127.0.0.1:5400...
2026-05-13 06:45:15.963 +02:00 [INF] Connected [9760b6a0-3f35-4f9a-9f84-80ebc6b2f109].
2026-05-13 06:45:15.975 +02:00 [INF] Connection approved [9760b6a0-3f35-4f9a-9f84-80ebc6b2f109].
2026-05-13 06:45:16.072 +02:00 [INF] Updated PermissionSet 'default'
2026-05-13 06:45:19.986 +02:00 [INF] Updated PermissionSet 'admin'
2026-05-13 06:45:19.986 +02:00 [INF] Updating active permission set to 'admin'
2026-05-13 06:45:20.747 +02:00 [WRN] 'Me' is null.
2026-05-13 06:45:21.417 +02:00 [INF] Built VBO for map 27c6a7b2-4e9f-4316-9a0f-e13ec8e16ba2 'Forest' in 24.3362ms
2026-05-13 06:46:01.520 +02:00 [WRN] 'Me' is null.
2026-05-13 06:46:01.559 +02:00 [WRN] Tried to load entity "aff7452b-035f-4952-a56e-193577534366" (test1245) from packet before in-game UI was ready
2026-05-13 06:46:01.560 +02:00 [WRN] Tried to load entity "aff7452b-035f-4952-a56e-193577534366" (test1245) from packet before in-game UI was ready
2026-05-13 06:46:01.907 +02:00 [INF] Built VBO for map a31f210c-f5fb-48bf-9db2-45fab2293a4c 'Forest' in 4.0925ms
2026-05-13 06:46:01.910 +02:00 [INF] Built VBO for map 27c6a7b2-4e9f-4316-9a0f-e13ec8e16ba2 'Forest' in 2.9599ms
2026-05-13 06:50:47.427 +02:00 [INF] System window closing (due to user interaction most likely).
2026-05-13 06:50:47.430 +02:00 [INF] Disconnected [9760b6a0-3f35-4f9a-9f84-80ebc6b2f109].
2026-05-13 06:50:47.431 +02:00 [INF] Updating active permission set to 'default'
2026-05-13 06:50:47.462 +02:00 [INF] Acquiring context lock... (0ms)
2026-05-13 06:50:47.463 +02:00 [INF] Acquired. (0ms)
2026-05-13 06:50:47.463 +02:00 [INF] Beginning context dispose. (0ms)
2026-05-13 06:50:47.464 +02:00 [INF] GC.SuppressFinalize (0ms)
2026-05-13 06:50:47.464 +02:00 [INF] InternalDispose() completed. (0ms)
2026-05-13 06:50:47.464 +02:00 [INF] Clearing instance... (1ms)
2026-05-13 06:50:47.464 +02:00 [INF] Releasing context lock... (1ms)
2026-05-13 06:50:47.464 +02:00 [INF] Released. (1ms)
