2026-05-17 14:22:31.874 +02:00 [INF] Starting Intersect Client v0.8.0.0-custom+32d39132dace1351f63375b261f241297dd35be8-dirty
2026-05-17 14:22:32.079 +02:00 [INF] Discovered service type: Intersect.Plugins.PluginService
2026-05-17 14:22:32.082 +02:00 [WRN] Directory was specified as a plugin directory but does not exist: 'resources\plugins'
2026-05-17 14:22:32.083 +02:00 [INF] Discovered 0 plugins:

2026-05-17 14:22:34.433 +02:00 [INF] Connecting to 127.0.0.1:5400...
2026-05-17 14:22:34.454 +02:00 [INF] Connected [ba31d053-9786-482e-b9e5-a4ae97b40271].
2026-05-17 14:22:34.477 +02:00 [INF] Connection approved [ba31d053-9786-482e-b9e5-a4ae97b40271].
2026-05-17 14:22:34.566 +02:00 [INF] Updated PermissionSet 'default'
2026-05-17 14:22:42.247 +02:00 [INF] Updated PermissionSet 'admin'
2026-05-17 14:22:42.247 +02:00 [INF] Updating active permission set to 'admin'
2026-05-17 14:22:43.321 +02:00 [WRN] 'Me' is null.
2026-05-17 14:22:44.035 +02:00 [INF] Built VBO for map 27c6a7b2-4e9f-4316-9a0f-e13ec8e16ba2 'Forest' in 20.9761ms
2026-05-17 14:23:47.351 +02:00 [INF] Built VBO for map 27c6a7b2-4e9f-4316-9a0f-e13ec8e16ba2 'Forest' in 5.8258ms
2026-05-17 14:23:52.252 +02:00 [INF] Built VBO for map 27c6a7b2-4e9f-4316-9a0f-e13ec8e16ba2 'Forest' in 6.5854ms
2026-05-17 14:24:53.435 +02:00 [INF] Built VBO for map 27c6a7b2-4e9f-4316-9a0f-e13ec8e16ba2 'Forest' in 4.6221ms
2026-05-17 14:25:44.693 +02:00 [INF] Built VBO for map 27c6a7b2-4e9f-4316-9a0f-e13ec8e16ba2 'Forest' in 5.8685ms
2026-05-17 14:27:57.188 +02:00 [INF] System window closing (due to user interaction most likely).
2026-05-17 14:27:57.191 +02:00 [INF] Disconnected [ba31d053-9786-482e-b9e5-a4ae97b40271].
2026-05-17 14:27:57.192 +02:00 [INF] Updating active permission set to 'default'
2026-05-17 14:27:57.229 +02:00 [INF] Acquiring context lock... (0ms)
2026-05-17 14:27:57.229 +02:00 [INF] Acquired. (0ms)
2026-05-17 14:27:57.230 +02:00 [INF] Beginning context dispose. (0ms)
2026-05-17 14:27:57.230 +02:00 [INF] GC.SuppressFinalize (0ms)
2026-05-17 14:27:57.230 +02:00 [INF] InternalDispose() completed. (0ms)
2026-05-17 14:27:57.230 +02:00 [INF] Clearing instance... (1ms)
2026-05-17 14:27:57.230 +02:00 [INF] Releasing context lock... (1ms)
2026-05-17 14:27:57.230 +02:00 [INF] Released. (1ms)
