2026-04-30 00:12:23.419 +06:00 [INF] Starting Intersect Client v0.8.0.0-custom+32d39132dace1351f63375b261f241297dd35be8-dirty
2026-04-30 00:12:23.656 +06:00 [INF] Discovered service type: Intersect.Plugins.PluginService
2026-04-30 00:12:23.660 +06:00 [WRN] Directory was specified as a plugin directory but does not exist: 'resources\plugins'
2026-04-30 00:12:23.661 +06:00 [INF] Discovered 0 plugins:

2026-04-30 00:12:26.131 +06:00 [INF] Connecting to 127.0.0.1:5400...
2026-04-30 00:12:26.139 +06:00 [INF] Connected [c7553d25-83ea-4f21-9a58-1e3b99c605d5].
2026-04-30 00:12:26.149 +06:00 [INF] Connection approved [c7553d25-83ea-4f21-9a58-1e3b99c605d5].
2026-04-30 00:12:26.255 +06:00 [INF] Updated PermissionSet 'default'
2026-04-30 00:12:26.255 +06:00 [INF] Updated PermissionSet 'admin'
2026-04-30 00:12:29.940 +06:00 [INF] Updating active permission set to 'admin'
2026-04-30 00:16:04.232 +06:00 [INF] System window closing (due to user interaction most likely).
2026-04-30 00:16:04.235 +06:00 [INF] Disconnected [c7553d25-83ea-4f21-9a58-1e3b99c605d5].
2026-04-30 00:16:04.236 +06:00 [INF] Updating active permission set to 'default'
2026-04-30 00:16:04.280 +06:00 [INF] Acquiring context lock... (0ms)
2026-04-30 00:16:04.280 +06:00 [INF] Acquired. (0ms)
2026-04-30 00:16:04.281 +06:00 [INF] Beginning context dispose. (0ms)
2026-04-30 00:16:04.281 +06:00 [INF] GC.SuppressFinalize (0ms)
2026-04-30 00:16:04.281 +06:00 [INF] InternalDispose() completed. (0ms)
2026-04-30 00:16:04.281 +06:00 [INF] Clearing instance... (2ms)
2026-04-30 00:16:04.281 +06:00 [INF] Releasing context lock... (2ms)
2026-04-30 00:16:04.282 +06:00 [INF] Released. (2ms)
