2026-07-08 00:56:02.982 +02:00 [INF] Starting Intersect Client v0.8.0.0-custom+32d39132dace1351f63375b261f241297dd35be8-dirty
2026-07-08 00:56:03.284 +02:00 [INF] Discovered service type: Intersect.Plugins.PluginService
2026-07-08 00:56:03.287 +02:00 [WRN] Directory was specified as a plugin directory but does not exist: 'resources\plugins'
2026-07-08 00:56:03.288 +02:00 [INF] Discovered 0 plugins:

2026-07-08 00:56:05.314 +02:00 [INF] Connecting to 127.0.0.1:5400...
2026-07-08 00:56:05.324 +02:00 [INF] Connected [7795d581-7460-45db-9f2f-3065abdbdf93].
2026-07-08 00:56:05.335 +02:00 [INF] Connection approved [7795d581-7460-45db-9f2f-3065abdbdf93].
2026-07-08 00:56:05.435 +02:00 [INF] Updated PermissionSet 'default'
2026-07-08 00:56:05.435 +02:00 [INF] Updated PermissionSet 'admin'
2026-07-08 00:56:09.827 +02:00 [INF] Updating active permission set to 'admin'
2026-07-08 00:56:12.304 +02:00 [WRN] 'Me' is null.
2026-07-08 00:56:13.397 +02:00 [INF] Built VBO for map 15601ad4-9f26-4abe-a6c9-3a7eebaa3045 'Forest' in 30.8367ms
2026-07-08 00:56:13.408 +02:00 [INF] Built VBO for map d490222a-af25-4a7f-bec3-7ca8016e08d7 'New Map' in 11.1431ms
2026-07-08 00:56:13.420 +02:00 [INF] Built VBO for map 000bacda-f0e9-4a92-ab09-e55bd4ad15c1 'New Map' in 8.4946ms
2026-07-08 00:56:13.523 +02:00 [ERR] Exception thrown while trying to load 'resources/tilesets/water_shore_marker.png'
System.IO.FileNotFoundException: Could not find file 'F:\game code engine\Intersect_New\Intersect.Client\resources\tilesets\water_shore_marker.png'.
File name: 'F:\game code engine\Intersect_New\Intersect.Client\resources\tilesets\water_shore_marker.png'
   at Microsoft.Win32.SafeHandles.SafeFileHandle.CreateFile(String fullPath, FileMode mode, FileAccess access, FileShare share, FileOptions options)
   at Microsoft.Win32.SafeHandles.SafeFileHandle.Open(String fullPath, FileMode mode, FileAccess access, FileShare share, FileOptions options, Int64 preallocationSize, Nullable`1 unixCreateMode)
   at System.IO.Strategies.OSFileStreamStrategy..ctor(String path, FileMode mode, FileAccess access, FileShare share, FileOptions options, Int64 preallocationSize, Nullable`1 unixCreateMode)
   at System.IO.Strategies.FileStreamHelpers.ChooseStrategyCore(String path, FileMode mode, FileAccess access, FileShare share, FileOptions options, Int64 preallocationSize, Nullable`1 unixCreateMode)
   at System.IO.File.OpenRead(String path)
   at Intersect.Client.Framework.Graphics.GameRenderer.<>c__DisplayClass182_0.<LoadTexture>b__0() in F:\game code engine\Intersect_New\Intersect.Client.Framework\Graphics\GameRenderer.cs:line 1027
   at Intersect.Client.Framework.Graphics.GameTexture`2.LoadPlatformTexture(Boolean force) in F:\game code engine\Intersect_New\Intersect.Client.Framework\Graphics\GameTexture.cs:line 279
2026-07-08 00:56:13.524 +02:00 [INF] Built VBO for map 27c6a7b2-4e9f-4316-9a0f-e13ec8e16ba2 'Forest' in 103.3064ms
2026-07-08 00:56:13.541 +02:00 [INF] Built VBO for map e341d25d-5ff4-4cd6-bcd5-2f2cda710c86 'Greenfall Vale' in 13.6602ms
2026-07-08 00:56:13.553 +02:00 [INF] Built VBO for map f519d3ea-b6f4-4b17-b87a-1dcf003cd3ec 'New Map' in 11.7748ms
2026-07-08 00:57:04.375 +02:00 [INF] Built VBO for map 15601ad4-9f26-4abe-a6c9-3a7eebaa3045 'Forest' in 7.7412ms
2026-07-08 00:57:04.391 +02:00 [INF] Built VBO for map e341d25d-5ff4-4cd6-bcd5-2f2cda710c86 'Greenfall Vale' in 15.529ms
2026-07-08 00:57:04.919 +02:00 [INF] Built VBO for map d490222a-af25-4a7f-bec3-7ca8016e08d7 'New Map' in 8.411ms
2026-07-08 00:57:05.452 +02:00 [INF] Built VBO for map 000bacda-f0e9-4a92-ab09-e55bd4ad15c1 'New Map' in 8.0018ms
2026-07-08 00:57:05.991 +02:00 [INF] Built VBO for map 27c6a7b2-4e9f-4316-9a0f-e13ec8e16ba2 'Forest' in 18.3374ms
2026-07-08 00:57:06.487 +02:00 [INF] Built VBO for map f519d3ea-b6f4-4b17-b87a-1dcf003cd3ec 'New Map' in 7.2637ms
2026-07-08 00:57:22.345 +02:00 [INF] Built VBO for map 15601ad4-9f26-4abe-a6c9-3a7eebaa3045 'Forest' in 7.6049ms
2026-07-08 00:57:22.354 +02:00 [INF] Built VBO for map e341d25d-5ff4-4cd6-bcd5-2f2cda710c86 'Greenfall Vale' in 8.0847ms
2026-07-08 00:57:22.892 +02:00 [INF] Built VBO for map d490222a-af25-4a7f-bec3-7ca8016e08d7 'New Map' in 11.1027ms
2026-07-08 00:57:23.397 +02:00 [INF] Built VBO for map 000bacda-f0e9-4a92-ab09-e55bd4ad15c1 'New Map' in 6.7207ms
2026-07-08 00:57:23.922 +02:00 [INF] Built VBO for map 27c6a7b2-4e9f-4316-9a0f-e13ec8e16ba2 'Forest' in 18.3769ms
2026-07-08 00:57:24.418 +02:00 [INF] Built VBO for map f519d3ea-b6f4-4b17-b87a-1dcf003cd3ec 'New Map' in 6.6763ms
2026-07-08 00:57:36.304 +02:00 [INF] Built VBO for map e341d25d-5ff4-4cd6-bcd5-2f2cda710c86 'Greenfall Vale' in 7.5092ms
2026-07-08 00:57:36.555 +02:00 [INF] Built VBO for map 15601ad4-9f26-4abe-a6c9-3a7eebaa3045 'Forest' in 8.4513ms
2026-07-08 00:57:37.092 +02:00 [INF] Built VBO for map d490222a-af25-4a7f-bec3-7ca8016e08d7 'New Map' in 8.0542ms
2026-07-08 00:57:37.630 +02:00 [INF] Built VBO for map 000bacda-f0e9-4a92-ab09-e55bd4ad15c1 'New Map' in 7.5411ms
2026-07-08 00:57:38.169 +02:00 [INF] Built VBO for map 27c6a7b2-4e9f-4316-9a0f-e13ec8e16ba2 'Forest' in 18.8632ms
2026-07-08 00:57:38.673 +02:00 [INF] Built VBO for map f519d3ea-b6f4-4b17-b87a-1dcf003cd3ec 'New Map' in 6.8699ms
2026-07-08 00:58:36.365 +02:00 [INF] System window closing (due to user interaction most likely).
2026-07-08 00:58:36.368 +02:00 [INF] Disconnected [7795d581-7460-45db-9f2f-3065abdbdf93].
2026-07-08 00:58:36.369 +02:00 [INF] Updating active permission set to 'default'
2026-07-08 00:58:36.408 +02:00 [INF] Acquiring context lock... (0ms)
2026-07-08 00:58:36.408 +02:00 [INF] Acquired. (0ms)
2026-07-08 00:58:36.409 +02:00 [INF] Beginning context dispose. (0ms)
2026-07-08 00:58:36.409 +02:00 [INF] GC.SuppressFinalize (0ms)
2026-07-08 00:58:36.410 +02:00 [INF] InternalDispose() completed. (0ms)
2026-07-08 00:58:36.410 +02:00 [INF] Clearing instance... (1ms)
2026-07-08 00:58:36.410 +02:00 [INF] Releasing context lock... (1ms)
2026-07-08 00:58:36.410 +02:00 [INF] Released. (1ms)
