2026-04-29 19:35:53.297 +06:00 [INF] Starting Intersect Client v0.8.0.0-custom+32d39132dace1351f63375b261f241297dd35be8-dirty
2026-04-29 19:35:53.494 +06:00 [INF] Discovered service type: Intersect.Plugins.PluginService
2026-04-29 19:35:53.498 +06:00 [WRN] Directory was specified as a plugin directory but does not exist: 'resources\plugins'
2026-04-29 19:35:53.499 +06:00 [INF] Discovered 0 plugins:

2026-04-29 19:36:05.588 +06:00 [INF] Connecting to 127.0.0.1:5400...
2026-04-29 19:36:05.607 +06:00 [INF] Connected [7506e982-784e-43bb-9e0b-196d2335ad87].
2026-04-29 19:36:05.616 +06:00 [INF] Connection approved [7506e982-784e-43bb-9e0b-196d2335ad87].
2026-04-29 19:36:05.717 +06:00 [INF] Updated PermissionSet 'default'
2026-04-29 19:36:15.021 +06:00 [INF] Updated PermissionSet 'admin'
2026-04-29 19:36:15.022 +06:00 [INF] Updating active permission set to 'admin'
2026-04-29 19:36:15.711 +06:00 [WRN] 'Me' is null.
2026-04-29 19:36:16.315 +06:00 [INF] Built VBO for map 27c6a7b2-4e9f-4316-9a0f-e13ec8e16ba2 'Forest' in 9.9096ms
2026-04-29 19:40:24.786 +06:00 [INF] System window closing (due to user interaction most likely).
2026-04-29 19:40:24.789 +06:00 [INF] Disconnected [7506e982-784e-43bb-9e0b-196d2335ad87].
2026-04-29 19:40:24.789 +06:00 [INF] Updating active permission set to 'default'
2026-04-29 19:40:24.831 +06:00 [INF] Acquiring context lock... (0ms)
2026-04-29 19:40:24.831 +06:00 [INF] Acquired. (0ms)
2026-04-29 19:40:24.833 +06:00 [INF] Beginning context dispose. (0ms)
2026-04-29 19:40:24.834 +06:00 [INF] GC.SuppressFinalize (0ms)
2026-04-29 19:40:24.834 +06:00 [INF] InternalDispose() completed. (1ms)
2026-04-29 19:40:24.835 +06:00 [INF] Clearing instance... (3ms)
2026-04-29 19:40:24.835 +06:00 [INF] Releasing context lock... (4ms)
2026-04-29 19:40:24.835 +06:00 [INF] Released. (4ms)
