2026-03-19 14:55:29.403 +01:00 [INF] Starting Intersect Client v0.8.0.0-custom+32d39132dace1351f63375b261f241297dd35be8-dirty
2026-03-19 14:55:29.636 +01:00 [INF] Discovered service type: Intersect.Plugins.PluginService
2026-03-19 14:55:29.643 +01:00 [WRN] Directory was specified as a plugin directory but does not exist: 'resources\plugins'
2026-03-19 14:55:29.644 +01:00 [INF] Discovered 0 plugins:

2026-03-19 14:55:31.922 +01:00 [INF] Connecting to 127.0.0.1:5400...
2026-03-19 14:55:31.938 +01:00 [INF] Connected [e0a46928-5fb6-44c3-a575-cb2ab8de1c64].
2026-03-19 14:55:31.959 +01:00 [INF] Connection approved [e0a46928-5fb6-44c3-a575-cb2ab8de1c64].
2026-03-19 14:55:32.037 +01:00 [INF] Updated PermissionSet 'default'
2026-03-19 14:55:33.130 +01:00 [INF] Updated PermissionSet 'admin'
2026-03-19 14:55:33.130 +01:00 [INF] Updating active permission set to 'admin'
2026-03-19 14:55:33.257 +01:00 [WRN] Unable to add '_buttonLogout' to the JSON of MainMenu.SelectCharacterWindow._innerPanel._buttonsPanel because a sibling shares the same name
2026-03-19 14:55:34.303 +01:00 [WRN] 'Me' is null.
2026-03-19 14:55:34.761 +01:00 [INF] Built VBO for map a9f5fb5f-a2e8-421b-9906-03dae4b6224a 'New Map' in 15.6099ms
2026-03-19 14:56:58.078 +01:00 [INF] System window closing (due to user interaction most likely).
2026-03-19 14:56:58.081 +01:00 [INF] Disconnected [e0a46928-5fb6-44c3-a575-cb2ab8de1c64].
2026-03-19 14:56:58.081 +01:00 [INF] Updating active permission set to 'default'
2026-03-19 14:56:58.115 +01:00 [INF] Acquiring context lock... (0ms)
2026-03-19 14:56:58.115 +01:00 [INF] Acquired. (0ms)
2026-03-19 14:56:58.116 +01:00 [INF] Beginning context dispose. (0ms)
2026-03-19 14:56:58.116 +01:00 [INF] GC.SuppressFinalize (0ms)
2026-03-19 14:56:58.116 +01:00 [INF] InternalDispose() completed. (0ms)
2026-03-19 14:56:58.116 +01:00 [INF] Clearing instance... (1ms)
2026-03-19 14:56:58.116 +01:00 [INF] Releasing context lock... (1ms)
2026-03-19 14:56:58.116 +01:00 [INF] Released. (1ms)
