2026-04-27 17:57:49.918 +06:00 [INF] Starting Intersect Client v0.8.0.0-custom+32d39132dace1351f63375b261f241297dd35be8-dirty
2026-04-27 17:57:50.114 +06:00 [INF] Discovered service type: Intersect.Plugins.PluginService
2026-04-27 17:57:50.117 +06:00 [WRN] Directory was specified as a plugin directory but does not exist: 'resources\plugins'
2026-04-27 17:57:50.117 +06:00 [INF] Discovered 0 plugins:

2026-04-27 17:57:52.238 +06:00 [INF] Connecting to 127.0.0.1:5400...
2026-04-27 17:57:52.255 +06:00 [INF] Connected [5aac4e7c-0c75-4928-a179-2d68c17616f5].
2026-04-27 17:57:52.278 +06:00 [INF] Connection approved [5aac4e7c-0c75-4928-a179-2d68c17616f5].
2026-04-27 17:57:52.360 +06:00 [INF] Updated PermissionSet 'default'
2026-04-27 17:57:57.024 +06:00 [INF] Updated PermissionSet 'admin'
2026-04-27 17:57:57.025 +06:00 [INF] Updating active permission set to 'admin'
2026-04-27 17:57:57.179 +06:00 [WRN] Unable to add '_buttonLogout' to the JSON of MainMenu.SelectCharacterWindow._innerPanel._buttonsPanel because a sibling shares the same name
2026-04-27 17:57:57.733 +06:00 [WRN] 'Me' is null.
2026-04-27 17:57:58.392 +06:00 [INF] Built VBO for map 27c6a7b2-4e9f-4316-9a0f-e13ec8e16ba2 'Forest' in 12.1198ms
2026-04-27 17:58:25.220 +06:00 [INF] Built VBO for map a31f210c-f5fb-48bf-9db2-45fab2293a4c 'New Map' in 3.9481ms
2026-04-27 18:00:34.968 +06:00 [INF] System window closing (due to user interaction most likely).
2026-04-27 18:00:34.971 +06:00 [INF] Disconnected [5aac4e7c-0c75-4928-a179-2d68c17616f5].
2026-04-27 18:00:34.972 +06:00 [INF] Updating active permission set to 'default'
2026-04-27 18:00:35.006 +06:00 [INF] Acquiring context lock... (0ms)
2026-04-27 18:00:35.006 +06:00 [INF] Acquired. (0ms)
2026-04-27 18:00:35.007 +06:00 [INF] Beginning context dispose. (0ms)
2026-04-27 18:00:35.007 +06:00 [INF] GC.SuppressFinalize (0ms)
2026-04-27 18:00:35.007 +06:00 [INF] InternalDispose() completed. (0ms)
2026-04-27 18:00:35.007 +06:00 [INF] Clearing instance... (1ms)
2026-04-27 18:00:35.007 +06:00 [INF] Releasing context lock... (1ms)
2026-04-27 18:00:35.007 +06:00 [INF] Released. (1ms)
