2026-03-22 22:46:58.166 +01:00 [INF] Starting Intersect Client v0.8.0.0-custom+32d39132dace1351f63375b261f241297dd35be8-dirty
2026-03-22 22:46:58.481 +01:00 [INF] Discovered service type: Intersect.Plugins.PluginService
2026-03-22 22:46:58.488 +01:00 [WRN] Directory was specified as a plugin directory but does not exist: 'resources\plugins'
2026-03-22 22:46:58.489 +01:00 [INF] Discovered 0 plugins:

2026-03-22 22:47:07.959 +01:00 [INF] Connecting to 127.0.0.1:5400...
2026-03-22 22:47:07.975 +01:00 [INF] Connected [].
2026-03-22 22:47:07.980 +01:00 [INF] Connection approved [e8204213-106c-4cee-92a5-9f3802593c29].
2026-03-22 22:47:08.060 +01:00 [INF] Updated PermissionSet 'default'
2026-03-22 22:47:08.060 +01:00 [INF] Updated PermissionSet 'admin'
2026-03-22 22:47:09.101 +01:00 [INF] Updating active permission set to 'admin'
2026-03-22 22:47:09.155 +01:00 [WRN] Unable to add '_buttonLogout' to the JSON of MainMenu.SelectCharacterWindow._innerPanel._buttonsPanel because a sibling shares the same name
2026-03-22 22:47:10.207 +01:00 [WRN] 'Me' is null.
2026-03-22 22:47:10.705 +01:00 [INF] Built VBO for map 850ddb26-5568-4376-b8e0-346c04cb81ef 'test 4' in 13.6557ms
2026-03-22 22:47:11.742 +01:00 [INF] Built VBO for map 73ba8458-f8de-4f78-a254-c91b18418ed0 'test 3' in 6.9427ms
2026-03-22 22:47:11.748 +01:00 [INF] Built VBO for map 27c6a7b2-4e9f-4316-9a0f-e13ec8e16ba2 'New Map' in 5.3695ms
2026-03-22 22:47:14.236 +01:00 [INF] Built VBO for map 411179b7-b772-42ef-bf66-03b7e4d7dca8 'test 5' in 1.3531ms
2026-03-22 22:47:41.537 +01:00 [INF] Built VBO for map 23382d57-1bd1-403a-8f4f-50e5ad24e8a0 'test1' in 3.2736ms
2026-03-22 22:50:05.361 +01:00 [INF] System window closing (due to user interaction most likely).
2026-03-22 22:50:05.364 +01:00 [INF] Disconnected [e8204213-106c-4cee-92a5-9f3802593c29].
2026-03-22 22:50:05.365 +01:00 [INF] Updating active permission set to 'default'
2026-03-22 22:50:05.447 +01:00 [INF] Acquiring context lock... (0ms)
2026-03-22 22:50:05.447 +01:00 [INF] Acquired. (0ms)
2026-03-22 22:50:05.448 +01:00 [INF] Beginning context dispose. (0ms)
2026-03-22 22:50:05.448 +01:00 [INF] GC.SuppressFinalize (0ms)
2026-03-22 22:50:05.448 +01:00 [INF] InternalDispose() completed. (0ms)
2026-03-22 22:50:05.448 +01:00 [INF] Clearing instance... (1ms)
2026-03-22 22:50:05.448 +01:00 [INF] Releasing context lock... (1ms)
2026-03-22 22:50:05.448 +01:00 [INF] Released. (1ms)
