2026-04-28 14:14:14.734 +06:00 [INF] Starting Intersect Client v0.8.0.0-custom+32d39132dace1351f63375b261f241297dd35be8-dirty
2026-04-28 14:14:14.931 +06:00 [INF] Discovered service type: Intersect.Plugins.PluginService
2026-04-28 14:14:14.934 +06:00 [WRN] Directory was specified as a plugin directory but does not exist: 'resources\plugins'
2026-04-28 14:14:14.935 +06:00 [INF] Discovered 0 plugins:

2026-04-28 14:14:32.574 +06:00 [INF] Connecting to 127.0.0.1:5400...
2026-04-28 14:14:32.591 +06:00 [INF] Connected [bbd12680-5e06-4a0d-8924-9ae1f932f40c].
2026-04-28 14:14:32.611 +06:00 [INF] Connection approved [bbd12680-5e06-4a0d-8924-9ae1f932f40c].
2026-04-28 14:14:32.705 +06:00 [INF] Updated PermissionSet 'default'
2026-04-28 14:14:48.793 +06:00 [INF] Updated PermissionSet 'admin'
2026-04-28 14:14:48.794 +06:00 [INF] Updating active permission set to 'admin'
2026-04-28 14:14:48.920 +06:00 [WRN] Unable to add '_buttonLogout' to the JSON of MainMenu.SelectCharacterWindow._innerPanel._buttonsPanel because a sibling shares the same name
2026-04-28 14:14:49.434 +06:00 [WRN] 'Me' is null.
2026-04-28 14:14:49.911 +06:00 [INF] Built VBO for map 27c6a7b2-4e9f-4316-9a0f-e13ec8e16ba2 'Forest' in 9.3822ms
2026-04-28 14:14:49.931 +06:00 [INF] Built VBO for map c15f8299-8999-471f-9760-388ff4cdec7c 'Forest' in 6.4908ms
2026-04-28 14:22:09.315 +06:00 [INF] System window closing (due to user interaction most likely).
2026-04-28 14:22:09.318 +06:00 [INF] Disconnected [bbd12680-5e06-4a0d-8924-9ae1f932f40c].
2026-04-28 14:22:09.318 +06:00 [INF] Updating active permission set to 'default'
2026-04-28 14:22:09.360 +06:00 [INF] Acquiring context lock... (0ms)
2026-04-28 14:22:09.361 +06:00 [INF] Acquired. (0ms)
2026-04-28 14:22:09.361 +06:00 [INF] Beginning context dispose. (0ms)
2026-04-28 14:22:09.361 +06:00 [INF] GC.SuppressFinalize (0ms)
2026-04-28 14:22:09.361 +06:00 [INF] InternalDispose() completed. (0ms)
2026-04-28 14:22:09.362 +06:00 [INF] Clearing instance... (1ms)
2026-04-28 14:22:09.362 +06:00 [INF] Releasing context lock... (1ms)
2026-04-28 14:22:09.362 +06:00 [INF] Released. (1ms)
