2026-04-30 04:40:23.223 +06:00 [INF] Starting Intersect Client v0.8.0.0-custom+32d39132dace1351f63375b261f241297dd35be8-dirty
2026-04-30 04:40:23.434 +06:00 [INF] Discovered service type: Intersect.Plugins.PluginService
2026-04-30 04:40:23.438 +06:00 [WRN] Directory was specified as a plugin directory but does not exist: 'resources\plugins'
2026-04-30 04:40:23.439 +06:00 [INF] Discovered 0 plugins:

2026-04-30 04:40:26.027 +06:00 [INF] Connecting to 127.0.0.1:5400...
2026-04-30 04:40:26.047 +06:00 [INF] Connected [de8cedbc-de14-4f8f-b66c-ac25b27d3ae2].
2026-04-30 04:40:26.068 +06:00 [INF] Connection approved [de8cedbc-de14-4f8f-b66c-ac25b27d3ae2].
2026-04-30 04:40:26.176 +06:00 [INF] Updated PermissionSet 'default'
2026-04-30 04:40:30.465 +06:00 [INF] Updated PermissionSet 'admin'
2026-04-30 04:40:30.465 +06:00 [INF] Updating active permission set to 'admin'
2026-04-30 04:40:31.424 +06:00 [WRN] 'Me' is null.
2026-04-30 04:40:32.193 +06:00 [INF] Built VBO for map 27c6a7b2-4e9f-4316-9a0f-e13ec8e16ba2 'Forest' in 12.2889ms
2026-04-30 04:41:23.559 +06:00 [INF] Built VBO for map c15f8299-8999-471f-9760-388ff4cdec7c 'test' in 8.3713ms
2026-04-30 04:48:01.614 +06:00 [INF] System window closing (due to user interaction most likely).
2026-04-30 04:48:01.617 +06:00 [INF] Disconnected [de8cedbc-de14-4f8f-b66c-ac25b27d3ae2].
2026-04-30 04:48:01.618 +06:00 [INF] Updating active permission set to 'default'
2026-04-30 04:48:01.676 +06:00 [INF] Acquiring context lock... (0ms)
2026-04-30 04:48:01.676 +06:00 [INF] Acquired. (0ms)
2026-04-30 04:48:01.677 +06:00 [INF] Beginning context dispose. (0ms)
2026-04-30 04:48:01.678 +06:00 [INF] GC.SuppressFinalize (0ms)
2026-04-30 04:48:01.678 +06:00 [INF] InternalDispose() completed. (0ms)
2026-04-30 04:48:01.678 +06:00 [INF] Clearing instance... (1ms)
2026-04-30 04:48:01.678 +06:00 [INF] Releasing context lock... (1ms)
2026-04-30 04:48:01.678 +06:00 [INF] Released. (1ms)
