2026-05-02 01:30:58.844 +06:00 [INF] Starting Intersect Client v0.8.0.0-custom+32d39132dace1351f63375b261f241297dd35be8-dirty
2026-05-02 01:30:59.046 +06:00 [INF] Discovered service type: Intersect.Plugins.PluginService
2026-05-02 01:30:59.050 +06:00 [WRN] Directory was specified as a plugin directory but does not exist: 'resources\plugins'
2026-05-02 01:30:59.050 +06:00 [INF] Discovered 0 plugins:

2026-05-02 01:31:01.235 +06:00 [INF] Connecting to 127.0.0.1:5400...
2026-05-02 01:31:01.255 +06:00 [INF] Connected [c2c67f40-37df-4d3e-9848-85fa7aeccbf4].
2026-05-02 01:31:01.279 +06:00 [INF] Connection approved [c2c67f40-37df-4d3e-9848-85fa7aeccbf4].
2026-05-02 01:31:01.368 +06:00 [INF] Updated PermissionSet 'default'
2026-05-02 01:31:05.860 +06:00 [WRN] 'Me' is null.
2026-05-02 01:31:06.487 +06:00 [INF] Built VBO for map 27c6a7b2-4e9f-4316-9a0f-e13ec8e16ba2 'Forest' in 12.8639ms
2026-05-02 01:31:19.456 +06:00 [INF] Updated PermissionSet 'admin'
2026-05-02 01:31:47.055 +06:00 [INF] System window closing (due to user interaction most likely).
2026-05-02 01:31:47.059 +06:00 [INF] Disconnected [c2c67f40-37df-4d3e-9848-85fa7aeccbf4].
2026-05-02 01:31:47.178 +06:00 [INF] Acquiring context lock... (0ms)
2026-05-02 01:31:47.178 +06:00 [INF] Acquired. (0ms)
2026-05-02 01:31:47.179 +06:00 [INF] Beginning context dispose. (0ms)
2026-05-02 01:31:47.179 +06:00 [INF] GC.SuppressFinalize (0ms)
2026-05-02 01:31:47.179 +06:00 [INF] InternalDispose() completed. (0ms)
2026-05-02 01:31:47.179 +06:00 [INF] Clearing instance... (1ms)
2026-05-02 01:31:47.179 +06:00 [INF] Releasing context lock... (1ms)
2026-05-02 01:31:47.179 +06:00 [INF] Released. (1ms)
