2026-04-14 08:17:52.267 +06:00 [INF] Starting Intersect Client v0.8.0.0-custom+32d39132dace1351f63375b261f241297dd35be8-dirty
2026-04-14 08:17:52.549 +06:00 [INF] Discovered service type: Intersect.Plugins.PluginService
2026-04-14 08:17:52.557 +06:00 [WRN] Directory was specified as a plugin directory but does not exist: 'resources\plugins'
2026-04-14 08:17:52.558 +06:00 [INF] Discovered 0 plugins:

2026-04-14 08:17:55.079 +06:00 [INF] Connecting to 127.0.0.1:5400...
2026-04-14 08:17:55.102 +06:00 [INF] Connected [b7c53f01-5864-4a24-a165-a103ab61836c].
2026-04-14 08:17:55.122 +06:00 [INF] Connection approved [b7c53f01-5864-4a24-a165-a103ab61836c].
2026-04-14 08:17:55.214 +06:00 [INF] Updated PermissionSet 'default'
2026-04-14 08:18:06.435 +06:00 [INF] Updated PermissionSet 'admin'
2026-04-14 08:18:06.435 +06:00 [INF] Updating active permission set to 'admin'
2026-04-14 08:22:07.468 +06:00 [INF] System window closing (due to user interaction most likely).
2026-04-14 08:22:07.471 +06:00 [INF] Disconnected [b7c53f01-5864-4a24-a165-a103ab61836c].
2026-04-14 08:22:07.472 +06:00 [INF] Updating active permission set to 'default'
2026-04-14 08:22:07.506 +06:00 [INF] Acquiring context lock... (0ms)
2026-04-14 08:22:07.507 +06:00 [INF] Acquired. (0ms)
2026-04-14 08:22:07.507 +06:00 [INF] Beginning context dispose. (0ms)
2026-04-14 08:22:07.507 +06:00 [INF] GC.SuppressFinalize (0ms)
2026-04-14 08:22:07.507 +06:00 [INF] InternalDispose() completed. (0ms)
2026-04-14 08:22:07.508 +06:00 [INF] Clearing instance... (1ms)
2026-04-14 08:22:07.508 +06:00 [INF] Releasing context lock... (1ms)
2026-04-14 08:22:07.508 +06:00 [INF] Released. (1ms)
