2026-05-18 14:52:31.046 +02:00 [INF] Starting Intersect Client v0.8.0.0-custom+32d39132dace1351f63375b261f241297dd35be8-dirty
2026-05-18 14:52:31.255 +02:00 [INF] Discovered service type: Intersect.Plugins.PluginService
2026-05-18 14:52:31.258 +02:00 [WRN] Directory was specified as a plugin directory but does not exist: 'resources\plugins'
2026-05-18 14:52:31.259 +02:00 [INF] Discovered 0 plugins:

2026-05-18 14:52:33.143 +02:00 [INF] Connecting to 127.0.0.1:5400...
2026-05-18 14:52:33.161 +02:00 [INF] Connected [7064b2fc-2ae9-4e12-866b-1fb86bb0e9e8].
2026-05-18 14:52:33.198 +02:00 [INF] Connection approved [7064b2fc-2ae9-4e12-866b-1fb86bb0e9e8].
2026-05-18 14:52:33.290 +02:00 [INF] Updated PermissionSet 'default'
2026-05-18 14:52:37.115 +02:00 [INF] Updated PermissionSet 'admin'
2026-05-18 14:52:37.115 +02:00 [INF] Updating active permission set to 'admin'
2026-05-18 14:52:37.522 +02:00 [WRN] 'Me' is null.
2026-05-18 14:52:38.343 +02:00 [INF] Built VBO for map a31f210c-f5fb-48bf-9db2-45fab2293a4c 'Forest' in 49.5065ms
2026-05-18 14:52:38.478 +02:00 [INF] Built VBO for map 27c6a7b2-4e9f-4316-9a0f-e13ec8e16ba2 'Forest' in 98.8917ms
2026-05-18 14:54:40.952 +02:00 [INF] System window closing (due to user interaction most likely).
2026-05-18 14:54:40.955 +02:00 [INF] Disconnected [7064b2fc-2ae9-4e12-866b-1fb86bb0e9e8].
2026-05-18 14:54:40.955 +02:00 [INF] Updating active permission set to 'default'
2026-05-18 14:54:40.977 +02:00 [INF] Acquiring context lock... (0ms)
2026-05-18 14:54:40.977 +02:00 [INF] Acquired. (0ms)
2026-05-18 14:54:40.978 +02:00 [INF] Beginning context dispose. (0ms)
2026-05-18 14:54:40.978 +02:00 [INF] GC.SuppressFinalize (0ms)
2026-05-18 14:54:40.978 +02:00 [INF] InternalDispose() completed. (0ms)
2026-05-18 14:54:40.978 +02:00 [INF] Clearing instance... (1ms)
2026-05-18 14:54:40.978 +02:00 [INF] Releasing context lock... (1ms)
2026-05-18 14:54:40.978 +02:00 [INF] Released. (1ms)
