2026-04-19 20:03:22.468 +06:00 [INF] Starting Intersect Client v0.8.0.0-custom+32d39132dace1351f63375b261f241297dd35be8-dirty
2026-04-19 20:03:22.661 +06:00 [INF] Discovered service type: Intersect.Plugins.PluginService
2026-04-19 20:03:22.665 +06:00 [WRN] Directory was specified as a plugin directory but does not exist: 'resources\plugins'
2026-04-19 20:03:22.666 +06:00 [INF] Discovered 0 plugins:

2026-04-19 20:03:24.748 +06:00 [INF] Connecting to 127.0.0.1:5400...
2026-04-19 20:03:24.757 +06:00 [INF] Connected [5d98e600-9163-406f-aadc-45ae92710ef0].
2026-04-19 20:03:24.761 +06:00 [INF] Connection approved [5d98e600-9163-406f-aadc-45ae92710ef0].
2026-04-19 20:03:24.852 +06:00 [INF] Updated PermissionSet 'default'
2026-04-19 20:03:24.852 +06:00 [INF] Updated PermissionSet 'admin'
2026-04-19 20:03:30.013 +06:00 [INF] Updating active permission set to 'admin'
2026-04-19 20:03:30.089 +06:00 [WRN] Unable to add '_buttonLogout' to the JSON of MainMenu.SelectCharacterWindow._innerPanel._buttonsPanel because a sibling shares the same name
2026-04-19 20:03:32.368 +06:00 [WRN] 'Me' is null.
2026-04-19 20:03:32.870 +06:00 [ERR] Exception thrown while trying to load 'resources/tilesets/download.png'
System.IO.FileNotFoundException: Could not find file 'F:\game code engine\Intersect_New\Intersect.Client\resources\tilesets\download.png'.
File name: 'F:\game code engine\Intersect_New\Intersect.Client\resources\tilesets\download.png'
   at Microsoft.Win32.SafeHandles.SafeFileHandle.CreateFile(String fullPath, FileMode mode, FileAccess access, FileShare share, FileOptions options)
   at Microsoft.Win32.SafeHandles.SafeFileHandle.Open(String fullPath, FileMode mode, FileAccess access, FileShare share, FileOptions options, Int64 preallocationSize, Nullable`1 unixCreateMode)
   at System.IO.Strategies.OSFileStreamStrategy..ctor(String path, FileMode mode, FileAccess access, FileShare share, FileOptions options, Int64 preallocationSize, Nullable`1 unixCreateMode)
   at System.IO.Strategies.FileStreamHelpers.ChooseStrategyCore(String path, FileMode mode, FileAccess access, FileShare share, FileOptions options, Int64 preallocationSize, Nullable`1 unixCreateMode)
   at System.IO.File.OpenRead(String path)
   at Intersect.Client.Framework.Graphics.GameRenderer.<>c__DisplayClass145_0.<LoadTexture>b__0() in F:\game code engine\Intersect_New\Intersect.Client.Framework\Graphics\GameRenderer.cs:line 648
   at Intersect.Client.Framework.Graphics.GameTexture`2.LoadPlatformTexture(Boolean force) in F:\game code engine\Intersect_New\Intersect.Client.Framework\Graphics\GameTexture.cs:line 279
2026-04-19 20:03:32.871 +06:00 [INF] Built VBO for map 27c6a7b2-4e9f-4316-9a0f-e13ec8e16ba2 'Forest' in 23.6829ms
2026-04-19 20:11:33.115 +06:00 [INF] Built VBO for map 27c6a7b2-4e9f-4316-9a0f-e13ec8e16ba2 'Forest' in 18.762ms
2026-04-19 20:13:27.729 +06:00 [INF] Built VBO for map 27c6a7b2-4e9f-4316-9a0f-e13ec8e16ba2 'Forest' in 7.616ms
2026-04-19 20:13:30.367 +06:00 [INF] Built VBO for map 27c6a7b2-4e9f-4316-9a0f-e13ec8e16ba2 'Forest' in 3.0251ms
2026-04-19 20:13:30.432 +06:00 [INF] Built VBO for map 27c6a7b2-4e9f-4316-9a0f-e13ec8e16ba2 'Forest' in 2.0638ms
2026-04-19 20:13:30.432 +06:00 [INF] Built VBO for map c15f8299-8999-471f-9760-388ff4cdec7c 'New Map' in 0.074ms
2026-04-19 20:14:24.167 +06:00 [INF] Built VBO for map c15f8299-8999-471f-9760-388ff4cdec7c 'Forest' in 1.6097ms
2026-04-19 20:18:41.702 +06:00 [INF] Built VBO for map c15f8299-8999-471f-9760-388ff4cdec7c 'Forest' in 1.7294ms
2026-04-19 20:20:23.443 +06:00 [INF] Built VBO for map 27c6a7b2-4e9f-4316-9a0f-e13ec8e16ba2 'Forest' in 2.0699ms
2026-04-19 20:21:59.107 +06:00 [INF] Built VBO for map c15f8299-8999-471f-9760-388ff4cdec7c 'Forest' in 11.7485ms
2026-04-19 20:33:15.323 +06:00 [INF] Built VBO for map 27c6a7b2-4e9f-4316-9a0f-e13ec8e16ba2 'Forest' in 2.1102ms
2026-04-19 20:36:09.147 +06:00 [WRN] 'Me' is null.
2026-04-19 20:36:09.159 +06:00 [WRN] Tried to load entity "31d24595-6847-4bec-b802-87b05f4da3a9" (Oran) from packet before in-game UI was ready
2026-04-19 20:36:09.160 +06:00 [WRN] Tried to load entity "31d24595-6847-4bec-b802-87b05f4da3a9" (Oran) from packet before in-game UI was ready
2026-04-19 20:36:09.320 +06:00 [INF] Built VBO for map 27c6a7b2-4e9f-4316-9a0f-e13ec8e16ba2 'Forest' in 6.1821ms
2026-04-19 20:36:11.291 +06:00 [INF] Music volume set to 10 from InGame..SettingsWindow._innerPanel._tabs._innerPanel._audioSettingsTab._scrollPanel._musicSlider._slider
2026-04-19 20:36:11.291 +06:00 [INF] Sound volume set to 15 from InGame..SettingsWindow._innerPanel._tabs._innerPanel._audioSettingsTab._scrollPanel._soundEffectsSlider._slider
2026-04-19 20:40:43.789 +06:00 [INF] Built VBO for map 27c6a7b2-4e9f-4316-9a0f-e13ec8e16ba2 'Forest' in 2.2003ms
2026-04-19 20:40:49.140 +06:00 [INF] System window closing (due to user interaction most likely).
2026-04-19 20:40:49.143 +06:00 [INF] Disconnected [5d98e600-9163-406f-aadc-45ae92710ef0].
2026-04-19 20:40:49.144 +06:00 [INF] Updating active permission set to 'default'
2026-04-19 20:40:49.168 +06:00 [INF] Acquiring context lock... (0ms)
2026-04-19 20:40:49.168 +06:00 [INF] Acquired. (0ms)
2026-04-19 20:40:49.169 +06:00 [INF] Beginning context dispose. (0ms)
2026-04-19 20:40:49.169 +06:00 [INF] GC.SuppressFinalize (0ms)
2026-04-19 20:40:49.169 +06:00 [INF] InternalDispose() completed. (0ms)
2026-04-19 20:40:49.169 +06:00 [INF] Clearing instance... (1ms)
2026-04-19 20:40:49.169 +06:00 [INF] Releasing context lock... (1ms)
2026-04-19 20:40:49.169 +06:00 [INF] Released. (1ms)
