2026-03-25 17:03:25.980 +01:00 [INF] Starting Intersect Client v0.8.0.0-custom+32d39132dace1351f63375b261f241297dd35be8-dirty
2026-03-25 17:03:26.342 +01:00 [INF] Discovered service type: Intersect.Plugins.PluginService
2026-03-25 17:03:26.350 +01:00 [WRN] Directory was specified as a plugin directory but does not exist: 'resources\plugins'
2026-03-25 17:03:26.350 +01:00 [INF] Discovered 0 plugins:

2026-03-25 17:03:29.069 +01:00 [INF] Connecting to 127.0.0.1:5400...
2026-03-25 17:03:29.092 +01:00 [INF] Connected [f1a6a916-6115-41da-9c79-cfc1b39548b9].
2026-03-25 17:03:29.107 +01:00 [INF] Connection approved [f1a6a916-6115-41da-9c79-cfc1b39548b9].
2026-03-25 17:03:29.191 +01:00 [INF] Updated PermissionSet 'default'
2026-03-25 17:03:30.457 +01:00 [INF] Updated PermissionSet 'admin'
2026-03-25 17:03:30.458 +01:00 [INF] Updating active permission set to 'admin'
2026-03-25 17:03:30.598 +01:00 [WRN] Unable to add '_buttonLogout' to the JSON of MainMenu.SelectCharacterWindow._innerPanel._buttonsPanel because a sibling shares the same name
2026-03-25 17:03:31.740 +01:00 [WRN] 'Me' is null.
2026-03-25 17:03:32.297 +01:00 [INF] Built VBO for map 850ddb26-5568-4376-b8e0-346c04cb81ef 'forest' in 14.6997ms
2026-03-25 17:06:29.877 +01:00 [INF] Music volume set to 10 from InGame..SettingsWindow._innerPanel._tabs._innerPanel._audioSettingsTab._scrollPanel._musicSlider._slider
2026-03-25 17:06:29.877 +01:00 [INF] Sound volume set to 15 from InGame..SettingsWindow._innerPanel._tabs._innerPanel._audioSettingsTab._scrollPanel._soundEffectsSlider._slider
2026-03-25 17:07:13.397 +01:00 [INF] System window closing (due to user interaction most likely).
2026-03-25 17:07:13.400 +01:00 [INF] Disconnected [f1a6a916-6115-41da-9c79-cfc1b39548b9].
2026-03-25 17:07:13.401 +01:00 [INF] Updating active permission set to 'default'
2026-03-25 17:07:13.535 +01:00 [INF] Acquiring context lock... (0ms)
2026-03-25 17:07:13.535 +01:00 [INF] Acquired. (0ms)
2026-03-25 17:07:13.536 +01:00 [INF] Beginning context dispose. (0ms)
2026-03-25 17:07:13.536 +01:00 [INF] GC.SuppressFinalize (0ms)
2026-03-25 17:07:13.536 +01:00 [INF] InternalDispose() completed. (0ms)
2026-03-25 17:07:13.536 +01:00 [INF] Clearing instance... (1ms)
2026-03-25 17:07:13.536 +01:00 [INF] Releasing context lock... (1ms)
2026-03-25 17:07:13.536 +01:00 [INF] Released. (1ms)
