2026-04-15 02:19:27.849 +06:00 [INF] Starting Intersect Client v0.8.0.0-custom+32d39132dace1351f63375b261f241297dd35be8-dirty
2026-04-15 02:19:28.221 +06:00 [INF] Discovered service type: Intersect.Plugins.PluginService
2026-04-15 02:19:28.229 +06:00 [WRN] Directory was specified as a plugin directory but does not exist: 'resources\plugins'
2026-04-15 02:19:28.230 +06:00 [INF] Discovered 0 plugins:

2026-04-15 02:19:31.165 +06:00 [INF] Connecting to 127.0.0.1:5400...
2026-04-15 02:19:31.187 +06:00 [INF] Connected [6a4c0e87-2b74-4b2d-a5eb-19c29ee89066].
2026-04-15 02:19:31.205 +06:00 [INF] Connection approved [6a4c0e87-2b74-4b2d-a5eb-19c29ee89066].
2026-04-15 02:19:31.303 +06:00 [INF] Updated PermissionSet 'default'
2026-04-15 02:19:34.547 +06:00 [INF] Updated PermissionSet 'admin'
2026-04-15 02:19:34.548 +06:00 [INF] Updating active permission set to 'admin'
2026-04-15 02:19:34.688 +06:00 [WRN] Unable to add '_buttonLogout' to the JSON of MainMenu.SelectCharacterWindow._innerPanel._buttonsPanel because a sibling shares the same name
2026-04-15 02:19:36.507 +06:00 [WRN] 'Me' is null.
2026-04-15 02:19:37.120 +06:00 [INF] Built VBO for map 73ba8458-f8de-4f78-a254-c91b18418ed0 'test 3' in 55.4489ms
2026-04-15 02:19:37.129 +06:00 [INF] Built VBO for map 27c6a7b2-4e9f-4316-9a0f-e13ec8e16ba2 'New Map' in 4.6278ms
2026-04-15 02:19:39.649 +06:00 [INF] Built VBO for map 23630ac6-4461-460d-8a3b-9a0d4477096f 'test 8' in 7.7516ms
2026-04-15 02:19:50.373 +06:00 [INF] System window closing (due to user interaction most likely).
2026-04-15 02:19:50.376 +06:00 [INF] Disconnected [6a4c0e87-2b74-4b2d-a5eb-19c29ee89066].
2026-04-15 02:19:50.377 +06:00 [INF] Updating active permission set to 'default'
2026-04-15 02:19:50.410 +06:00 [INF] Acquiring context lock... (0ms)
2026-04-15 02:19:50.410 +06:00 [INF] Acquired. (0ms)
2026-04-15 02:19:50.411 +06:00 [INF] Beginning context dispose. (0ms)
2026-04-15 02:19:50.411 +06:00 [INF] GC.SuppressFinalize (0ms)
2026-04-15 02:19:50.411 +06:00 [INF] InternalDispose() completed. (0ms)
2026-04-15 02:19:50.411 +06:00 [INF] Clearing instance... (1ms)
2026-04-15 02:19:50.411 +06:00 [INF] Releasing context lock... (1ms)
2026-04-15 02:19:50.411 +06:00 [INF] Released. (1ms)
