2026-05-20 12:10:53.097 +02:00 [INF] Starting Intersect Client v0.8.0.0-custom+32d39132dace1351f63375b261f241297dd35be8-dirty
2026-05-20 12:10:53.322 +02:00 [INF] Discovered service type: Intersect.Plugins.PluginService
2026-05-20 12:10:53.325 +02:00 [WRN] Directory was specified as a plugin directory but does not exist: 'resources\plugins'
2026-05-20 12:10:53.326 +02:00 [INF] Discovered 0 plugins:

2026-05-20 12:11:07.622 +02:00 [INF] Connecting to 127.0.0.1:5400...
2026-05-20 12:11:07.631 +02:00 [INF] Connected [60c4b521-0ae3-4884-b15a-9d6f8462a7ad].
2026-05-20 12:11:07.639 +02:00 [INF] Connection approved [60c4b521-0ae3-4884-b15a-9d6f8462a7ad].
2026-05-20 12:11:07.731 +02:00 [INF] Updated PermissionSet 'default'
2026-05-20 12:11:07.731 +02:00 [INF] Updated PermissionSet 'admin'
2026-05-20 12:11:11.763 +02:00 [INF] Updating active permission set to 'admin'
2026-05-20 12:11:12.689 +02:00 [WRN] 'Me' is null.
2026-05-20 12:11:13.345 +02:00 [INF] Built VBO for map e341d25d-5ff4-4cd6-bcd5-2f2cda710c86 'Forest' in 14.6796ms
2026-05-20 12:12:20.287 +02:00 [INF] Built VBO for map e341d25d-5ff4-4cd6-bcd5-2f2cda710c86 'Forest' in 2.6468ms
2026-05-20 12:12:44.009 +02:00 [INF] Built VBO for map e341d25d-5ff4-4cd6-bcd5-2f2cda710c86 'Forest' in 2.6111ms
2026-05-20 12:15:11.475 +02:00 [INF] System window closing (due to user interaction most likely).
2026-05-20 12:15:11.478 +02:00 [INF] Disconnected [60c4b521-0ae3-4884-b15a-9d6f8462a7ad].
2026-05-20 12:15:11.479 +02:00 [INF] Updating active permission set to 'default'
2026-05-20 12:15:11.510 +02:00 [INF] Acquiring context lock... (0ms)
2026-05-20 12:15:11.510 +02:00 [INF] Acquired. (0ms)
2026-05-20 12:15:11.511 +02:00 [INF] Beginning context dispose. (0ms)
2026-05-20 12:15:11.511 +02:00 [INF] GC.SuppressFinalize (0ms)
2026-05-20 12:15:11.512 +02:00 [INF] InternalDispose() completed. (0ms)
2026-05-20 12:15:11.512 +02:00 [INF] Clearing instance... (1ms)
2026-05-20 12:15:11.512 +02:00 [INF] Releasing context lock... (1ms)
2026-05-20 12:15:11.512 +02:00 [INF] Released. (1ms)
