2026-04-05 16:49:30.661 +06:00 [INF] Starting Intersect Client v0.8.0.0-custom+32d39132dace1351f63375b261f241297dd35be8-dirty
2026-04-05 16:49:31.005 +06:00 [INF] Discovered service type: Intersect.Plugins.PluginService
2026-04-05 16:49:31.012 +06:00 [WRN] Directory was specified as a plugin directory but does not exist: 'resources\plugins'
2026-04-05 16:49:31.012 +06:00 [INF] Discovered 0 plugins:

2026-04-05 16:49:33.079 +06:00 [INF] Connecting to 127.0.0.1:5400...
2026-04-05 16:49:33.102 +06:00 [INF] Connected [ec5c3339-2438-40af-8e58-65aec10e37d7].
2026-04-05 16:49:33.126 +06:00 [INF] Connection approved [ec5c3339-2438-40af-8e58-65aec10e37d7].
2026-04-05 16:49:33.209 +06:00 [INF] Updated PermissionSet 'default'
2026-04-05 16:49:34.268 +06:00 [INF] Updated PermissionSet 'admin'
2026-04-05 16:49:34.268 +06:00 [INF] Updating active permission set to 'admin'
2026-04-05 16:49:34.397 +06:00 [WRN] Unable to add '_buttonLogout' to the JSON of MainMenu.SelectCharacterWindow._innerPanel._buttonsPanel because a sibling shares the same name
2026-04-05 16:49:35.541 +06:00 [WRN] 'Me' is null.
2026-04-05 16:49:36.070 +06:00 [INF] Built VBO for map 73ba8458-f8de-4f78-a254-c91b18418ed0 'forest' in 13.4227ms
2026-04-05 16:49:36.079 +06:00 [INF] Built VBO for map 850ddb26-5568-4376-b8e0-346c04cb81ef 'forest' in 4.643ms
2026-04-05 16:49:39.835 +06:00 [INF] System window closing (due to user interaction most likely).
2026-04-05 16:49:39.838 +06:00 [INF] Disconnected [ec5c3339-2438-40af-8e58-65aec10e37d7].
2026-04-05 16:49:39.839 +06:00 [INF] Updating active permission set to 'default'
2026-04-05 16:49:39.871 +06:00 [INF] Acquiring context lock... (0ms)
2026-04-05 16:49:39.872 +06:00 [INF] Acquired. (0ms)
2026-04-05 16:49:39.872 +06:00 [INF] Beginning context dispose. (0ms)
2026-04-05 16:49:39.873 +06:00 [INF] GC.SuppressFinalize (0ms)
2026-04-05 16:49:39.873 +06:00 [INF] InternalDispose() completed. (0ms)
2026-04-05 16:49:39.873 +06:00 [INF] Clearing instance... (1ms)
2026-04-05 16:49:39.873 +06:00 [INF] Releasing context lock... (1ms)
2026-04-05 16:49:39.873 +06:00 [INF] Released. (1ms)
