2026-06-26 01:24:54.172 +02:00 [INF] Starting Intersect Client v0.8.0.0-custom+32d39132dace1351f63375b261f241297dd35be8-dirty
2026-06-26 01:24:54.385 +02:00 [INF] Discovered service type: Intersect.Plugins.PluginService
2026-06-26 01:24:54.389 +02:00 [WRN] Directory was specified as a plugin directory but does not exist: 'resources\plugins'
2026-06-26 01:24:54.389 +02:00 [INF] Discovered 0 plugins:

2026-06-26 01:25:00.078 +02:00 [INF] Connecting to 127.0.0.1:5400...
2026-06-26 01:25:00.098 +02:00 [INF] Connected [d6326e68-7e78-4e5f-8b5c-2bed5dd018bf].
2026-06-26 01:25:00.114 +02:00 [INF] Connection approved [d6326e68-7e78-4e5f-8b5c-2bed5dd018bf].
2026-06-26 01:25:00.214 +02:00 [INF] Updated PermissionSet 'default'
2026-06-26 01:25:03.808 +02:00 [INF] Updated PermissionSet 'admin'
2026-06-26 01:25:03.808 +02:00 [INF] Updating active permission set to 'admin'
2026-06-26 01:25:04.385 +02:00 [WRN] 'Me' is null.
2026-06-26 01:25:05.406 +02:00 [ERR] Exception thrown while trying to load 'resources/tilesets/water_shore_marker.png'
System.IO.FileNotFoundException: Could not find file 'F:\game code engine\Intersect_New\Intersect.Client\resources\tilesets\water_shore_marker.png'.
File name: 'F:\game code engine\Intersect_New\Intersect.Client\resources\tilesets\water_shore_marker.png'
   at Microsoft.Win32.SafeHandles.SafeFileHandle.CreateFile(String fullPath, FileMode mode, FileAccess access, FileShare share, FileOptions options)
   at Microsoft.Win32.SafeHandles.SafeFileHandle.Open(String fullPath, FileMode mode, FileAccess access, FileShare share, FileOptions options, Int64 preallocationSize, Nullable`1 unixCreateMode)
   at System.IO.Strategies.OSFileStreamStrategy..ctor(String path, FileMode mode, FileAccess access, FileShare share, FileOptions options, Int64 preallocationSize, Nullable`1 unixCreateMode)
   at System.IO.Strategies.FileStreamHelpers.ChooseStrategyCore(String path, FileMode mode, FileAccess access, FileShare share, FileOptions options, Int64 preallocationSize, Nullable`1 unixCreateMode)
   at System.IO.File.OpenRead(String path)
   at Intersect.Client.Framework.Graphics.GameRenderer.<>c__DisplayClass181_0.<LoadTexture>b__0() in F:\game code engine\Intersect_New\Intersect.Client.Framework\Graphics\GameRenderer.cs:line 1011
   at Intersect.Client.Framework.Graphics.GameTexture`2.LoadPlatformTexture(Boolean force) in F:\game code engine\Intersect_New\Intersect.Client.Framework\Graphics\GameTexture.cs:line 279
2026-06-26 01:25:05.419 +02:00 [INF] Built VBO for map 9802b09c-f592-4d93-8e11-d3424500716c 'Forest' in 44.9029ms
2026-06-26 01:25:05.429 +02:00 [INF] Built VBO for map 15601ad4-9f26-4abe-a6c9-3a7eebaa3045 'Forest' in 9.0842ms
2026-06-26 01:25:05.557 +02:00 [INF] Built VBO for map a31f210c-f5fb-48bf-9db2-45fab2293a4c 'Forest' in 124.6189ms
2026-06-26 01:25:05.861 +02:00 [INF] Built VBO for map 27c6a7b2-4e9f-4316-9a0f-e13ec8e16ba2 'Forest' in 303.25ms
2026-06-26 01:25:05.873 +02:00 [INF] Built VBO for map e341d25d-5ff4-4cd6-bcd5-2f2cda710c86 'town' in 7.4813ms
2026-06-26 01:34:02.323 +02:00 [INF] System window closing (due to user interaction most likely).
2026-06-26 01:34:02.326 +02:00 [INF] Disconnected [d6326e68-7e78-4e5f-8b5c-2bed5dd018bf].
2026-06-26 01:34:02.327 +02:00 [INF] Updating active permission set to 'default'
2026-06-26 01:34:02.381 +02:00 [INF] Acquiring context lock... (0ms)
2026-06-26 01:34:02.382 +02:00 [INF] Acquired. (0ms)
2026-06-26 01:34:02.382 +02:00 [INF] Beginning context dispose. (0ms)
2026-06-26 01:34:02.383 +02:00 [INF] GC.SuppressFinalize (0ms)
2026-06-26 01:34:02.383 +02:00 [INF] InternalDispose() completed. (0ms)
2026-06-26 01:34:02.383 +02:00 [INF] Clearing instance... (1ms)
2026-06-26 01:34:02.383 +02:00 [INF] Releasing context lock... (1ms)
2026-06-26 01:34:02.383 +02:00 [INF] Released. (1ms)
