2026-04-25 13:55:44.799 +06:00 [INF] Starting Intersect Client v0.8.0.0-custom+32d39132dace1351f63375b261f241297dd35be8-dirty
2026-04-25 13:55:45.015 +06:00 [INF] Discovered service type: Intersect.Plugins.PluginService
2026-04-25 13:55:45.018 +06:00 [WRN] Directory was specified as a plugin directory but does not exist: 'resources\plugins'
2026-04-25 13:55:45.019 +06:00 [INF] Discovered 0 plugins:

2026-04-25 13:56:04.660 +06:00 [INF] Connecting to 127.0.0.1:5400...
2026-04-25 13:56:04.680 +06:00 [INF] Connected [1413a3f3-8891-4122-9609-e84afdc9d650].
2026-04-25 13:56:04.691 +06:00 [INF] Connection approved [1413a3f3-8891-4122-9609-e84afdc9d650].
2026-04-25 13:56:04.780 +06:00 [INF] Updated PermissionSet 'default'
2026-04-25 13:56:08.953 +06:00 [INF] Updated PermissionSet 'admin'
2026-04-25 13:56:08.954 +06:00 [INF] Updating active permission set to 'admin'
2026-04-25 13:56:09.089 +06:00 [WRN] Unable to add '_buttonLogout' to the JSON of MainMenu.SelectCharacterWindow._innerPanel._buttonsPanel because a sibling shares the same name
2026-04-25 13:56:09.727 +06:00 [WRN] 'Me' is null.
2026-04-25 13:56:10.255 +06:00 [INF] Built VBO for map 27c6a7b2-4e9f-4316-9a0f-e13ec8e16ba2 'Forest' in 10.5702ms
2026-04-25 13:56:10.271 +06:00 [INF] Built VBO for map c15f8299-8999-471f-9760-388ff4cdec7c 'Forest' in 11.5321ms
2026-04-25 13:59:14.699 +06:00 [INF] System window closing (due to user interaction most likely).
2026-04-25 13:59:14.702 +06:00 [INF] Disconnected [1413a3f3-8891-4122-9609-e84afdc9d650].
2026-04-25 13:59:14.702 +06:00 [INF] Updating active permission set to 'default'
2026-04-25 13:59:14.740 +06:00 [INF] Acquiring context lock... (0ms)
2026-04-25 13:59:14.740 +06:00 [INF] Acquired. (0ms)
2026-04-25 13:59:14.741 +06:00 [INF] Beginning context dispose. (0ms)
2026-04-25 13:59:14.741 +06:00 [INF] GC.SuppressFinalize (0ms)
2026-04-25 13:59:14.741 +06:00 [INF] InternalDispose() completed. (0ms)
2026-04-25 13:59:14.741 +06:00 [INF] Clearing instance... (1ms)
2026-04-25 13:59:14.741 +06:00 [INF] Releasing context lock... (1ms)
2026-04-25 13:59:14.741 +06:00 [INF] Released. (1ms)
