2026-06-02 15:33:04.144 +02:00 [INF] Starting Intersect Client v0.8.0.0-custom+32d39132dace1351f63375b261f241297dd35be8-dirty
2026-06-02 15:33:04.364 +02:00 [INF] Discovered service type: Intersect.Plugins.PluginService
2026-06-02 15:33:04.368 +02:00 [WRN] Directory was specified as a plugin directory but does not exist: 'resources\plugins'
2026-06-02 15:33:04.368 +02:00 [INF] Discovered 0 plugins:

2026-06-02 15:33:06.585 +02:00 [INF] Connecting to 127.0.0.1:5400...
2026-06-02 15:33:06.594 +02:00 [INF] Connected [1692331e-8b8b-4b26-802d-a74549af0836].
2026-06-02 15:33:06.605 +02:00 [INF] Connection approved [1692331e-8b8b-4b26-802d-a74549af0836].
2026-06-02 15:33:06.692 +02:00 [INF] Updated PermissionSet 'default'
2026-06-02 15:33:06.692 +02:00 [INF] Updated PermissionSet 'admin'
2026-06-02 15:33:12.240 +02:00 [INF] Updating active permission set to 'admin'
2026-06-02 15:33:12.847 +02:00 [WRN] 'Me' is null.
2026-06-02 15:33:13.624 +02:00 [INF] Built VBO for map e341d25d-5ff4-4cd6-bcd5-2f2cda710c86 'Forest' in 19.9948ms
2026-06-02 15:33:16.906 +02:00 [INF] Built VBO for map 27c6a7b2-4e9f-4316-9a0f-e13ec8e16ba2 'Forest' in 105.936ms
2026-06-02 15:33:18.349 +02:00 [INF] Built VBO for map 27c6a7b2-4e9f-4316-9a0f-e13ec8e16ba2 'Forest' in 14.2775ms
2026-06-02 15:36:03.305 +02:00 [INF] Built VBO for map 27c6a7b2-4e9f-4316-9a0f-e13ec8e16ba2 'Forest' in 43.1583ms
2026-06-02 15:36:03.317 +02:00 [INF] Built VBO for map e341d25d-5ff4-4cd6-bcd5-2f2cda710c86 'Forest' in 3.6785ms
2026-06-02 15:38:14.489 +02:00 [INF] Built VBO for map 27c6a7b2-4e9f-4316-9a0f-e13ec8e16ba2 'Forest' in 13.7333ms
2026-06-02 15:38:59.342 +02:00 [INF] Built VBO for map 27c6a7b2-4e9f-4316-9a0f-e13ec8e16ba2 'Forest' in 42.7107ms
2026-06-02 15:39:11.745 +02:00 [INF] System window closing (due to user interaction most likely).
2026-06-02 15:39:11.748 +02:00 [INF] Disconnected [1692331e-8b8b-4b26-802d-a74549af0836].
2026-06-02 15:39:11.749 +02:00 [INF] Updating active permission set to 'default'
2026-06-02 15:39:11.785 +02:00 [INF] Acquiring context lock... (0ms)
2026-06-02 15:39:11.785 +02:00 [INF] Acquired. (0ms)
2026-06-02 15:39:11.786 +02:00 [INF] Beginning context dispose. (0ms)
2026-06-02 15:39:11.786 +02:00 [INF] GC.SuppressFinalize (0ms)
2026-06-02 15:39:11.786 +02:00 [INF] InternalDispose() completed. (0ms)
2026-06-02 15:39:11.786 +02:00 [INF] Clearing instance... (1ms)
2026-06-02 15:39:11.786 +02:00 [INF] Releasing context lock... (1ms)
2026-06-02 15:39:11.786 +02:00 [INF] Released. (1ms)
