2026-06-09 21:23:08.976 +02:00 [INF] Starting Intersect Client v0.8.0.0-custom+32d39132dace1351f63375b261f241297dd35be8-dirty
2026-06-09 21:23:09.209 +02:00 [INF] Discovered service type: Intersect.Plugins.PluginService
2026-06-09 21:23:09.213 +02:00 [WRN] Directory was specified as a plugin directory but does not exist: 'resources\plugins'
2026-06-09 21:23:09.214 +02:00 [INF] Discovered 0 plugins:

2026-06-09 21:23:40.636 +02:00 [INF] Connecting to 127.0.0.1:5400...
2026-06-09 21:23:40.645 +02:00 [INF] Connected [6ac0b1eb-f9a9-4932-b826-8a1208e2603b].
2026-06-09 21:23:40.664 +02:00 [INF] Connection approved [6ac0b1eb-f9a9-4932-b826-8a1208e2603b].
2026-06-09 21:23:40.760 +02:00 [INF] Updated PermissionSet 'default'
2026-06-09 21:23:40.760 +02:00 [INF] Updated PermissionSet 'admin'
2026-06-09 21:23:45.721 +02:00 [INF] Updating active permission set to 'admin'
2026-06-09 21:23:46.728 +02:00 [WRN] 'Me' is null.
2026-06-09 21:23:47.472 +02:00 [INF] Built VBO for map 15601ad4-9f26-4abe-a6c9-3a7eebaa3045 'Forest' in 19.6805ms
2026-06-09 21:23:47.474 +02:00 [INF] Built VBO for map 27c6a7b2-4e9f-4316-9a0f-e13ec8e16ba2 'Forest' in 1.2101ms
2026-06-09 21:23:47.483 +02:00 [ERR] Exception thrown while trying to load 'resources/tilesets/water_shore_marker.png'
System.IO.FileNotFoundException: Could not find file 'F:\game code engine\Intersect_New\Intersect.Client\resources\tilesets\water_shore_marker.png'.
File name: 'F:\game code engine\Intersect_New\Intersect.Client\resources\tilesets\water_shore_marker.png'
   at Microsoft.Win32.SafeHandles.SafeFileHandle.CreateFile(String fullPath, FileMode mode, FileAccess access, FileShare share, FileOptions options)
   at Microsoft.Win32.SafeHandles.SafeFileHandle.Open(String fullPath, FileMode mode, FileAccess access, FileShare share, FileOptions options, Int64 preallocationSize, Nullable`1 unixCreateMode)
   at System.IO.Strategies.OSFileStreamStrategy..ctor(String path, FileMode mode, FileAccess access, FileShare share, FileOptions options, Int64 preallocationSize, Nullable`1 unixCreateMode)
   at System.IO.File.OpenRead(String path)
   at Intersect.Client.Framework.Graphics.GameRenderer.<>c__DisplayClass181_0.<LoadTexture>b__0() in F:\game code engine\Intersect_New\Intersect.Client.Framework\Graphics\GameRenderer.cs:line 1008
   at Intersect.Client.Framework.Graphics.GameTexture`2.LoadPlatformTexture(Boolean force) in F:\game code engine\Intersect_New\Intersect.Client.Framework\Graphics\GameTexture.cs:line 279
2026-06-09 21:23:47.494 +02:00 [INF] Built VBO for map e341d25d-5ff4-4cd6-bcd5-2f2cda710c86 'town' in 15.9218ms
2026-06-09 21:23:47.507 +02:00 [INF] Built VBO for map 15601ad4-9f26-4abe-a6c9-3a7eebaa3045 'Forest' in 4.7234ms
2026-06-09 21:23:47.787 +02:00 [INF] Built VBO for map e341d25d-5ff4-4cd6-bcd5-2f2cda710c86 'town' in 5.0593ms
2026-06-09 21:25:21.210 +02:00 [INF] Built VBO for map e341d25d-5ff4-4cd6-bcd5-2f2cda710c86 'town' in 4.5235ms
2026-06-09 21:30:24.242 +02:00 [INF] Built VBO for map 15601ad4-9f26-4abe-a6c9-3a7eebaa3045 'Forest' in 3.217ms
2026-06-09 21:30:24.247 +02:00 [INF] Built VBO for map e341d25d-5ff4-4cd6-bcd5-2f2cda710c86 'town' in 4.4793ms
2026-06-09 21:30:24.385 +02:00 [INF] Built VBO for map 27c6a7b2-4e9f-4316-9a0f-e13ec8e16ba2 'Forest' in 0.5607ms
2026-06-09 21:30:57.544 +02:00 [INF] System window closing (due to user interaction most likely).
2026-06-09 21:30:57.547 +02:00 [INF] Disconnected [6ac0b1eb-f9a9-4932-b826-8a1208e2603b].
2026-06-09 21:30:57.548 +02:00 [INF] Updating active permission set to 'default'
2026-06-09 21:30:57.630 +02:00 [INF] Acquiring context lock... (0ms)
2026-06-09 21:30:57.630 +02:00 [INF] Acquired. (0ms)
2026-06-09 21:30:57.631 +02:00 [INF] Beginning context dispose. (0ms)
2026-06-09 21:30:57.631 +02:00 [INF] GC.SuppressFinalize (0ms)
2026-06-09 21:30:57.631 +02:00 [INF] InternalDispose() completed. (0ms)
2026-06-09 21:30:57.631 +02:00 [INF] Clearing instance... (1ms)
2026-06-09 21:30:57.631 +02:00 [INF] Releasing context lock... (1ms)
2026-06-09 21:30:57.631 +02:00 [INF] Released. (1ms)
