2026-04-27 18:31:10.804 +06:00 [INF] Starting Intersect Client v0.8.0.0-custom+32d39132dace1351f63375b261f241297dd35be8-dirty
2026-04-27 18:31:11.110 +06:00 [INF] Discovered service type: Intersect.Plugins.PluginService
2026-04-27 18:31:11.115 +06:00 [WRN] Directory was specified as a plugin directory but does not exist: 'resources\plugins'
2026-04-27 18:31:11.116 +06:00 [INF] Discovered 0 plugins:

2026-04-27 18:31:14.867 +06:00 [INF] Connecting to 127.0.0.1:5400...
2026-04-27 18:31:14.889 +06:00 [INF] Connected [31150189-60a0-4191-b5be-91a427cfc85e].
2026-04-27 18:31:14.905 +06:00 [INF] Connection approved [31150189-60a0-4191-b5be-91a427cfc85e].
2026-04-27 18:31:14.993 +06:00 [INF] Updated PermissionSet 'default'
2026-04-27 18:31:19.036 +06:00 [INF] Updated PermissionSet 'admin'
2026-04-27 18:31:19.036 +06:00 [INF] Updating active permission set to 'admin'
2026-04-27 18:31:19.177 +06:00 [WRN] Unable to add '_buttonLogout' to the JSON of MainMenu.SelectCharacterWindow._innerPanel._buttonsPanel because a sibling shares the same name
2026-04-27 18:31:19.779 +06:00 [WRN] 'Me' is null.
2026-04-27 18:31:20.352 +06:00 [INF] Built VBO for map 27c6a7b2-4e9f-4316-9a0f-e13ec8e16ba2 'Forest' in 9.9899ms
2026-04-27 18:31:25.866 +06:00 [INF] Built VBO for map c15f8299-8999-471f-9760-388ff4cdec7c 'Forest' in 10.1738ms
2026-04-27 18:34:27.198 +06:00 [WRN] 'Me' is null.
2026-04-27 18:34:27.258 +06:00 [WRN] Tried to load entity "31d24595-6847-4bec-b802-87b05f4da3a9" (Oran) from packet before in-game UI was ready
2026-04-27 18:34:27.259 +06:00 [WRN] Tried to load entity "31d24595-6847-4bec-b802-87b05f4da3a9" (Oran) from packet before in-game UI was ready
2026-04-27 18:34:27.404 +06:00 [INF] Built VBO for map 27c6a7b2-4e9f-4316-9a0f-e13ec8e16ba2 'Forest' in 2.3405ms
2026-04-27 18:36:40.255 +06:00 [WRN] 'TargetBox' is null.
2026-04-27 18:36:40.322 +06:00 [WRN] 'TargetBox' is null.
2026-04-27 18:36:40.389 +06:00 [WRN] 'TargetBox' is null.
2026-04-27 18:36:40.455 +06:00 [WRN] 'TargetBox' is null.
2026-04-27 18:36:40.507 +06:00 [WRN] 'TargetBox' is null.
2026-04-27 18:36:40.573 +06:00 [WRN] 'TargetBox' is null.
2026-04-27 18:36:40.640 +06:00 [WRN] 'TargetBox' is null.
2026-04-27 18:36:56.384 +06:00 [INF] System window closing (due to user interaction most likely).
2026-04-27 18:36:56.387 +06:00 [INF] Disconnected [31150189-60a0-4191-b5be-91a427cfc85e].
2026-04-27 18:36:56.388 +06:00 [INF] Updating active permission set to 'default'
2026-04-27 18:36:56.416 +06:00 [INF] Acquiring context lock... (0ms)
2026-04-27 18:36:56.416 +06:00 [INF] Acquired. (0ms)
2026-04-27 18:36:56.417 +06:00 [INF] Beginning context dispose. (0ms)
2026-04-27 18:36:56.418 +06:00 [INF] GC.SuppressFinalize (0ms)
2026-04-27 18:36:56.418 +06:00 [INF] InternalDispose() completed. (0ms)
2026-04-27 18:36:56.418 +06:00 [INF] Clearing instance... (1ms)
2026-04-27 18:36:56.418 +06:00 [INF] Releasing context lock... (1ms)
2026-04-27 18:36:56.418 +06:00 [INF] Released. (1ms)
