2026-04-26 16:04:58.968 +06:00 [INF] Starting Intersect Client v0.8.0.0-custom+32d39132dace1351f63375b261f241297dd35be8-dirty
2026-04-26 16:04:59.336 +06:00 [INF] Discovered service type: Intersect.Plugins.PluginService
2026-04-26 16:04:59.342 +06:00 [WRN] Directory was specified as a plugin directory but does not exist: 'resources\plugins'
2026-04-26 16:04:59.343 +06:00 [INF] Discovered 0 plugins:

2026-04-26 16:05:18.115 +06:00 [INF] Connecting to 127.0.0.1:5400...
2026-04-26 16:05:18.133 +06:00 [INF] Connected [7e1c12e4-d9dc-44f2-b34a-f3a38aff8c50].
2026-04-26 16:05:18.147 +06:00 [INF] Connection approved [7e1c12e4-d9dc-44f2-b34a-f3a38aff8c50].
2026-04-26 16:05:18.245 +06:00 [INF] Updated PermissionSet 'default'
2026-04-26 16:05:22.457 +06:00 [INF] Updated PermissionSet 'admin'
2026-04-26 16:05:22.457 +06:00 [INF] Updating active permission set to 'admin'
2026-04-26 16:05:22.612 +06:00 [WRN] Unable to add '_buttonLogout' to the JSON of MainMenu.SelectCharacterWindow._innerPanel._buttonsPanel because a sibling shares the same name
2026-04-26 16:05:23.215 +06:00 [WRN] 'Me' is null.
2026-04-26 16:05:23.826 +06:00 [INF] Built VBO for map 27c6a7b2-4e9f-4316-9a0f-e13ec8e16ba2 'Forest' in 10.5554ms
2026-04-26 16:05:38.499 +06:00 [INF] Built VBO for map c15f8299-8999-471f-9760-388ff4cdec7c 'Forest' in 11.5091ms
2026-04-26 16:06:27.264 +06:00 [INF] Built VBO for map 27c6a7b2-4e9f-4316-9a0f-e13ec8e16ba2 'Forest' in 2.77ms
2026-04-26 16:07:48.910 +06:00 [INF] System window closing (due to user interaction most likely).
2026-04-26 16:07:48.914 +06:00 [INF] Disconnected [7e1c12e4-d9dc-44f2-b34a-f3a38aff8c50].
2026-04-26 16:07:48.914 +06:00 [INF] Updating active permission set to 'default'
2026-04-26 16:07:48.940 +06:00 [INF] Acquiring context lock... (0ms)
2026-04-26 16:07:48.940 +06:00 [INF] Acquired. (0ms)
2026-04-26 16:07:48.941 +06:00 [INF] Beginning context dispose. (0ms)
2026-04-26 16:07:48.941 +06:00 [INF] GC.SuppressFinalize (0ms)
2026-04-26 16:07:48.941 +06:00 [INF] InternalDispose() completed. (0ms)
2026-04-26 16:07:48.941 +06:00 [INF] Clearing instance... (1ms)
2026-04-26 16:07:48.941 +06:00 [INF] Releasing context lock... (1ms)
2026-04-26 16:07:48.941 +06:00 [INF] Released. (1ms)
