2026-05-13 07:32:12.791 +02:00 [INF] Starting Intersect Client v0.8.0.0-custom+32d39132dace1351f63375b261f241297dd35be8-dirty
2026-05-13 07:32:13.017 +02:00 [INF] Discovered service type: Intersect.Plugins.PluginService
2026-05-13 07:32:13.021 +02:00 [WRN] Directory was specified as a plugin directory but does not exist: 'resources\plugins'
2026-05-13 07:32:13.022 +02:00 [INF] Discovered 0 plugins:

2026-05-13 07:32:16.957 +02:00 [INF] Connecting to 127.0.0.1:5400...
2026-05-13 07:32:16.979 +02:00 [INF] Connected [dc0589fa-1853-4d83-b733-e720a524a0dd].
2026-05-13 07:32:16.992 +02:00 [INF] Connection approved [dc0589fa-1853-4d83-b733-e720a524a0dd].
2026-05-13 07:32:17.094 +02:00 [INF] Updated PermissionSet 'default'
2026-05-13 07:32:21.571 +02:00 [INF] Updated PermissionSet 'admin'
2026-05-13 07:32:21.571 +02:00 [INF] Updating active permission set to 'admin'
2026-05-13 07:32:22.367 +02:00 [WRN] 'Me' is null.
2026-05-13 07:32:23.007 +02:00 [INF] Built VBO for map a31f210c-f5fb-48bf-9db2-45fab2293a4c 'Forest' in 11.7668ms
2026-05-13 07:32:23.040 +02:00 [INF] Built VBO for map 27c6a7b2-4e9f-4316-9a0f-e13ec8e16ba2 'Forest' in 28.6882ms
2026-05-13 07:33:47.751 +02:00 [INF] System window closing (due to user interaction most likely).
2026-05-13 07:33:47.755 +02:00 [INF] Disconnected [dc0589fa-1853-4d83-b733-e720a524a0dd].
2026-05-13 07:33:47.756 +02:00 [INF] Updating active permission set to 'default'
2026-05-13 07:33:47.785 +02:00 [INF] Acquiring context lock... (0ms)
2026-05-13 07:33:47.785 +02:00 [INF] Acquired. (0ms)
2026-05-13 07:33:47.786 +02:00 [INF] Beginning context dispose. (0ms)
2026-05-13 07:33:47.786 +02:00 [INF] GC.SuppressFinalize (0ms)
2026-05-13 07:33:47.786 +02:00 [INF] InternalDispose() completed. (0ms)
2026-05-13 07:33:47.786 +02:00 [INF] Clearing instance... (1ms)
2026-05-13 07:33:47.786 +02:00 [INF] Releasing context lock... (1ms)
2026-05-13 07:33:47.787 +02:00 [INF] Released. (1ms)
