2026-05-14 05:21:19.646 +02:00 [INF] Starting Intersect Client v0.8.0.0-custom+32d39132dace1351f63375b261f241297dd35be8-dirty
2026-05-14 05:21:19.880 +02:00 [INF] Discovered service type: Intersect.Plugins.PluginService
2026-05-14 05:21:19.884 +02:00 [WRN] Directory was specified as a plugin directory but does not exist: 'resources\plugins'
2026-05-14 05:21:19.884 +02:00 [INF] Discovered 0 plugins:

2026-05-14 05:21:22.153 +02:00 [INF] Connecting to 127.0.0.1:5400...
2026-05-14 05:21:22.177 +02:00 [INF] Connected [2c5dc40a-c3b8-4703-bc39-3c0979c69727].
2026-05-14 05:21:22.195 +02:00 [INF] Connection approved [2c5dc40a-c3b8-4703-bc39-3c0979c69727].
2026-05-14 05:21:22.296 +02:00 [INF] Updated PermissionSet 'default'
2026-05-14 05:21:26.527 +02:00 [INF] Updated PermissionSet 'admin'
2026-05-14 05:21:26.527 +02:00 [INF] Updating active permission set to 'admin'
2026-05-14 05:21:27.269 +02:00 [WRN] 'Me' is null.
2026-05-14 05:21:28.066 +02:00 [INF] Built VBO for map 24cc8989-0a45-4ecb-bf58-41efcefcaeb8 'Test' in 42.1462ms
2026-05-14 05:23:11.169 +02:00 [INF] System window closing (due to user interaction most likely).
2026-05-14 05:23:11.172 +02:00 [INF] Disconnected [2c5dc40a-c3b8-4703-bc39-3c0979c69727].
2026-05-14 05:23:11.173 +02:00 [INF] Updating active permission set to 'default'
2026-05-14 05:23:11.205 +02:00 [INF] Acquiring context lock... (0ms)
2026-05-14 05:23:11.205 +02:00 [INF] Acquired. (0ms)
2026-05-14 05:23:11.206 +02:00 [INF] Beginning context dispose. (0ms)
2026-05-14 05:23:11.206 +02:00 [INF] GC.SuppressFinalize (0ms)
2026-05-14 05:23:11.206 +02:00 [INF] InternalDispose() completed. (0ms)
2026-05-14 05:23:11.206 +02:00 [INF] Clearing instance... (1ms)
2026-05-14 05:23:11.206 +02:00 [INF] Releasing context lock... (1ms)
2026-05-14 05:23:11.206 +02:00 [INF] Released. (1ms)
