2026-07-22 04:30:11.142 +02:00 [INF] Starting Intersect Client v0.8.0.0-custom+32d39132dace1351f63375b261f241297dd35be8-dirty
2026-07-22 04:30:11.365 +02:00 [INF] Discovered service type: Intersect.Plugins.PluginService
2026-07-22 04:30:11.367 +02:00 [WRN] Directory was specified as a plugin directory but does not exist: 'resources\plugins'
2026-07-22 04:30:11.368 +02:00 [INF] Discovered 0 plugins:

2026-07-22 04:30:11.819 +02:00 [INF] Graphics pacing configured: targetMode=-1, vsync=false, fixedStep=false, backBuffer=1760x990
2026-07-22 04:30:13.268 +02:00 [INF] Connecting to 127.0.0.1:5400...
2026-07-22 04:30:13.291 +02:00 [INF] Connected [a37fe30a-2fb5-4d0b-b08b-88dceb1e5c41].
2026-07-22 04:30:13.307 +02:00 [INF] Connection approved [a37fe30a-2fb5-4d0b-b08b-88dceb1e5c41].
2026-07-22 04:30:13.408 +02:00 [INF] Updated PermissionSet 'default'
2026-07-22 04:30:17.610 +02:00 [INF] Updated PermissionSet 'admin'
2026-07-22 04:30:17.611 +02:00 [INF] Updating active permission set to 'admin'
2026-07-22 04:30:20.690 +02:00 [WRN] 'Me' is null.
2026-07-22 04:30:21.807 +02:00 [INF] Built VBO for map 9802b09c-f592-4d93-8e11-d3424500716c 'Deep Forest' in 51.791ms
2026-07-22 04:30:21.823 +02:00 [INF] Built VBO for map 15601ad4-9f26-4abe-a6c9-3a7eebaa3045 'Forest' in 12.2499ms
2026-07-22 04:30:21.838 +02:00 [INF] Built VBO for map d490222a-af25-4a7f-bec3-7ca8016e08d7 'New Map' in 10.3301ms
2026-07-22 04:30:21.966 +02:00 [INF] Built VBO for map a31f210c-f5fb-48bf-9db2-45fab2293a4c 'Forest' in 121.3144ms
2026-07-22 04:30:22.024 +02:00 [INF] Built VBO for map 27c6a7b2-4e9f-4316-9a0f-e13ec8e16ba2 'Forest' in 55.6437ms
2026-07-22 04:30:22.052 +02:00 [INF] Built VBO for map e341d25d-5ff4-4cd6-bcd5-2f2cda710c86 'Greenfall Vale' in 25.2637ms
2026-07-22 04:30:27.304 +02:00 [INF] Client frame profile: measured=179.7fps counter=131 targetMode=-1; interval=5.57/217.13ms avg/max; update=0.15/25.95ms (1.00 calls/frame); draw=5.53/248.68ms; world=4.23/171.37ms [scene=3.79/166.73, scene-detail=[tiles=0.44ms/12.9draws (geometry=0.31ms/12.9draws, water=0.14ms/0.0draws), objects=2.27ms/23.8draws, procedural=0.00ms/0.0draws, entities=0.58ms/0.1draws, effects=0.16ms/0.3draws, weather=0.16ms/0.0draws, other=0.18ms], lighting=0.16/7.87, post=0.07/30.59, overlays=0.10/9.86, other=0.11]; gui=1.27/74.12ms [update=1.13/53.98 (minimap=0.82/32.39 [compact=0.82, fullmap=0.00/0.00], other=0.30), render=0.14/26.62, other=0.00]; finish=0.02/1.58ms; outside-update-draw=0.00ms; draws=123, maps=2, entities=23, lights=4
2026-07-22 04:30:32.305 +02:00 [INF] Client frame profile: measured=118.4fps counter=121 targetMode=-1; interval=8.45/44.07ms avg/max; update=0.11/14.94ms (1.00 calls/frame); draw=8.24/43.68ms; world=6.59/32.30ms [scene=6.37/28.55, scene-detail=[tiles=0.67ms/26.0draws (geometry=0.40ms/26.0draws, water=0.27ms/0.0draws), objects=4.91ms/63.0draws, procedural=0.00ms/0.0draws, entities=0.29ms/0.2draws, effects=0.02ms/0.8draws, weather=0.33ms/0.0draws, other=0.15ms], lighting=0.04/0.06, post=0.03/0.07, overlays=0.06/3.54, other=0.10]; gui=1.63/12.23ms [update=1.15/11.27 (minimap=0.84/10.89 [compact=0.84, fullmap=0.00/0.00], other=0.31), render=0.48/11.69, other=0.00]; finish=0.01/0.06ms; outside-update-draw=0.10ms; draws=145, maps=2, entities=23, lights=4
2026-07-22 04:30:37.306 +02:00 [INF] Client frame profile: measured=40.2fps counter=32 targetMode=-1; interval=24.88/42.80ms avg/max; update=0.13/1.94ms (1.00 calls/frame); draw=10.27/19.83ms; world=6.98/9.73ms [scene=6.73/9.44, scene-detail=[tiles=0.76ms/26.0draws (geometry=0.46ms/26.0draws, water=0.29ms/0.0draws), objects=5.15ms/63.0draws, procedural=0.00ms/0.0draws, entities=0.28ms/0.0draws, effects=0.03ms/1.0draws, weather=0.35ms/0.0draws, other=0.16ms], lighting=0.04/0.07, post=0.03/0.05, overlays=0.07/1.50, other=0.11]; gui=3.26/12.00ms [update=2.74/11.47 (minimap=2.21/10.81 [compact=2.21, fullmap=0.00/0.00], other=0.53), render=0.52/0.72, other=0.00]; finish=0.02/0.03ms; outside-update-draw=14.48ms; draws=145, maps=2, entities=23, lights=4
2026-07-22 04:30:42.311 +02:00 [INF] Client frame profile: measured=45.8fps counter=33 targetMode=-1; interval=21.85/52.32ms avg/max; update=0.12/0.88ms (1.00 calls/frame); draw=10.19/32.03ms; world=7.24/16.92ms [scene=6.98/16.50, scene-detail=[tiles=0.78ms/26.0draws (geometry=0.48ms/26.0draws, water=0.30ms/0.0draws), objects=5.34ms/63.0draws, procedural=0.00ms/0.0draws, entities=0.30ms/0.3draws, effects=0.03ms/0.7draws, weather=0.36ms/0.0draws, other=0.16ms], lighting=0.04/0.14, post=0.04/0.06, overlays=0.07/0.16, other=0.11]; gui=2.92/15.04ms [update=2.49/14.54 (minimap=1.95/13.82 [compact=1.95, fullmap=0.00/0.00], other=0.54), render=0.43/1.76, other=0.00]; finish=0.02/0.06ms; outside-update-draw=11.54ms; draws=121, maps=2, entities=23, lights=4
2026-07-22 04:30:47.313 +02:00 [INF] Client frame profile: measured=31.4fps counter=32 targetMode=-1; interval=31.86/48.10ms avg/max; update=0.20/9.01ms (1.00 calls/frame); draw=11.06/27.30ms; world=7.35/15.61ms [scene=7.09/15.36, scene-detail=[tiles=0.79ms/26.0draws (geometry=0.50ms/26.0draws, water=0.29ms/0.0draws), objects=5.39ms/63.0draws, procedural=0.00ms/0.0draws, entities=0.36ms/0.0draws, effects=0.03ms/1.0draws, weather=0.36ms/0.0draws, other=0.16ms], lighting=0.04/0.06, post=0.04/0.05, overlays=0.07/0.11, other=0.11]; gui=3.67/16.51ms [update=3.24/13.40 (minimap=2.65/12.78 [compact=2.65, fullmap=0.00/0.00], other=0.59), render=0.42/5.97, other=0.00]; finish=0.03/0.07ms; outside-update-draw=20.60ms; draws=125, maps=2, entities=23, lights=4
2026-07-22 04:30:52.334 +02:00 [INF] Client frame profile: measured=31.7fps counter=32 targetMode=-1; interval=31.58/41.31ms avg/max; update=0.13/0.26ms (1.00 calls/frame); draw=10.85/20.42ms; world=7.16/8.72ms [scene=6.91/8.42, scene-detail=[tiles=0.79ms/26.0draws (geometry=0.49ms/26.0draws, water=0.29ms/0.0draws), objects=5.28ms/63.0draws, procedural=0.00ms/0.0draws, entities=0.30ms/0.0draws, effects=0.03ms/1.0draws, weather=0.35ms/0.0draws, other=0.16ms], lighting=0.04/0.06, post=0.04/0.05, overlays=0.07/0.12, other=0.11]; gui=3.64/12.06ms [update=3.25/11.66 (minimap=2.73/11.05 [compact=2.73, fullmap=0.00/0.00], other=0.53), render=0.38/0.54, other=0.00]; finish=0.02/0.04ms; outside-update-draw=20.60ms; draws=121, maps=2, entities=23, lights=4
2026-07-22 04:30:57.352 +02:00 [INF] Client frame profile: measured=31.5fps counter=32 targetMode=-1; interval=31.76/45.57ms avg/max; update=0.14/0.30ms (1.00 calls/frame); draw=11.05/25.09ms; world=7.31/13.96ms [scene=7.05/13.52, scene-detail=[tiles=0.80ms/26.0draws (geometry=0.50ms/26.0draws, water=0.30ms/0.0draws), objects=5.39ms/63.0draws, procedural=0.00ms/0.0draws, entities=0.31ms/0.1draws, effects=0.03ms/0.9draws, weather=0.36ms/0.0draws, other=0.17ms], lighting=0.04/0.08, post=0.04/0.09, overlays=0.07/0.16, other=0.11]; gui=3.69/14.04ms [update=3.30/13.62 (minimap=2.75/12.94 [compact=2.75, fullmap=0.00/0.00], other=0.55), render=0.39/0.72, other=0.00]; finish=0.03/0.07ms; outside-update-draw=20.57ms; draws=121, maps=2, entities=23, lights=4
2026-07-22 04:31:02.362 +02:00 [INF] Client frame profile: measured=31.5fps counter=31 targetMode=-1; interval=31.71/43.69ms avg/max; update=0.15/0.25ms (1.00 calls/frame); draw=10.99/22.27ms; world=7.25/10.04ms [scene=6.98/9.75, scene-detail=[tiles=0.80ms/26.0draws (geometry=0.50ms/26.0draws, water=0.30ms/0.0draws), objects=5.31ms/63.0draws, procedural=0.00ms/0.0draws, entities=0.32ms/0.0draws, effects=0.03ms/1.0draws, weather=0.36ms/0.0draws, other=0.16ms], lighting=0.04/0.08, post=0.04/0.08, overlays=0.07/0.13, other=0.11]; gui=3.69/13.28ms [update=3.28/12.81 (minimap=2.72/12.12 [compact=2.72, fullmap=0.00/0.00], other=0.57), render=0.41/0.61, other=0.00]; finish=0.03/0.07ms; outside-update-draw=20.57ms; draws=126, maps=2, entities=23, lights=4
2026-07-22 04:31:07.391 +02:00 [INF] Client frame profile: measured=30.0fps counter=32 targetMode=-1; interval=33.30/70.72ms avg/max; update=0.18/0.46ms (1.00 calls/frame); draw=12.49/50.20ms; world=8.06/37.44ms [scene=7.77/37.05, scene-detail=[tiles=0.86ms/26.0draws (geometry=0.54ms/26.0draws, water=0.32ms/0.0draws), objects=5.76ms/63.0draws, procedural=0.00ms/0.0draws, entities=0.56ms/0.0draws, effects=0.04ms/1.0draws, weather=0.37ms/0.0draws, other=0.18ms], lighting=0.05/0.11, post=0.04/0.08, overlays=0.08/0.19, other=0.12]; gui=4.36/18.01ms [update=3.91/16.73 (minimap=3.25/15.11 [compact=3.25, fullmap=0.00/0.00], other=0.65), render=0.45/1.27, other=0.00]; finish=0.03/0.23ms; outside-update-draw=20.64ms; draws=121, maps=2, entities=23, lights=4
2026-07-22 04:31:12.401 +02:00 [INF] Client frame profile: measured=31.3fps counter=32 targetMode=-1; interval=31.92/42.90ms avg/max; update=0.15/0.33ms (1.00 calls/frame); draw=11.12/21.35ms; world=7.36/8.61ms [scene=7.09/8.30, scene-detail=[tiles=0.81ms/26.0draws (geometry=0.51ms/26.0draws, water=0.30ms/0.0draws), objects=5.39ms/63.0draws, procedural=0.00ms/0.0draws, entities=0.32ms/0.0draws, effects=0.03ms/1.0draws, weather=0.37ms/0.0draws, other=0.17ms], lighting=0.04/0.09, post=0.04/0.07, overlays=0.07/0.12, other=0.12]; gui=3.71/13.40ms [update=3.30/12.93 (minimap=2.70/12.26 [compact=2.70, fullmap=0.00/0.00], other=0.60), render=0.40/0.60, other=0.00]; finish=0.03/0.05ms; outside-update-draw=20.64ms; draws=121, maps=2, entities=23, lights=4
2026-07-22 04:31:17.420 +02:00 [INF] Client frame profile: measured=31.1fps counter=32 targetMode=-1; interval=32.17/42.85ms avg/max; update=0.17/2.04ms (1.00 calls/frame); draw=11.38/21.92ms; world=7.52/15.45ms [scene=7.25/15.14, scene-detail=[tiles=0.81ms/26.0draws (geometry=0.50ms/26.0draws, water=0.31ms/0.0draws), objects=5.44ms/63.0draws, procedural=0.00ms/0.0draws, entities=0.44ms/1.4draws, effects=0.03ms/1.0draws, weather=0.37ms/0.0draws, other=0.17ms], lighting=0.04/0.09, post=0.04/0.06, overlays=0.07/0.14, other=0.12]; gui=3.81/12.59ms [update=3.40/12.11 (minimap=2.80/11.40 [compact=2.80, fullmap=0.00/0.00], other=0.60), render=0.41/0.83, other=0.00]; finish=0.03/0.07ms; outside-update-draw=20.62ms; draws=125, maps=2, entities=23, lights=4
2026-07-22 04:31:22.430 +02:00 [INF] Client frame profile: measured=30.7fps counter=31 targetMode=-1; interval=32.54/41.10ms avg/max; update=0.17/0.45ms (1.00 calls/frame); draw=11.73/20.53ms; world=7.67/10.70ms [scene=7.38/10.23, scene-detail=[tiles=0.84ms/26.0draws (geometry=0.52ms/26.0draws, water=0.32ms/0.0draws), objects=5.62ms/63.0draws, procedural=0.00ms/0.0draws, entities=0.34ms/0.0draws, effects=0.03ms/1.0draws, weather=0.38ms/0.0draws, other=0.17ms], lighting=0.05/0.20, post=0.04/0.10, overlays=0.08/0.18, other=0.12]; gui=4.00/12.13ms [update=3.58/11.72 (minimap=2.96/10.79 [compact=2.96, fullmap=0.00/0.00], other=0.62), render=0.42/0.77, other=0.00]; finish=0.03/0.06ms; outside-update-draw=20.63ms; draws=121, maps=2, entities=23, lights=4
2026-07-22 04:31:27.433 +02:00 [INF] Client frame profile: measured=93.9fps counter=107 targetMode=-1; interval=10.64/324.66ms avg/max; update=0.13/1.25ms (1.00 calls/frame); draw=10.07/324.40ms; world=7.83/312.60ms [scene=7.59/312.25, scene-detail=[tiles=0.77ms/28.0draws (geometry=0.48ms/28.0draws, water=0.29ms/0.0draws), objects=5.99ms/65.1draws, procedural=0.00ms/0.0draws, entities=0.29ms/0.0draws, effects=0.04ms/1.0draws, weather=0.36ms/0.0draws, other=0.14ms], lighting=0.04/0.12, post=0.04/0.12, overlays=0.07/0.22, other=0.10]; gui=2.20/13.74ms [update=1.81/13.24 (minimap=1.28/12.53 [compact=1.28, fullmap=0.00/0.00], other=0.53), render=0.39/0.94, other=0.00]; finish=0.03/0.21ms; outside-update-draw=0.45ms; draws=148, maps=4, entities=23, lights=4
2026-07-22 04:31:32.456 +02:00 [INF] System window closing (due to user interaction most likely).
2026-07-22 04:31:32.459 +02:00 [INF] Disconnected [a37fe30a-2fb5-4d0b-b08b-88dceb1e5c41].
2026-07-22 04:31:32.460 +02:00 [INF] Updating active permission set to 'default'
2026-07-22 04:31:32.498 +02:00 [INF] Acquiring context lock... (0ms)
2026-07-22 04:31:32.498 +02:00 [INF] Acquired. (0ms)
2026-07-22 04:31:32.498 +02:00 [INF] Beginning context dispose. (0ms)
2026-07-22 04:31:32.499 +02:00 [INF] GC.SuppressFinalize (0ms)
2026-07-22 04:31:32.499 +02:00 [INF] InternalDispose() completed. (0ms)
2026-07-22 04:31:32.499 +02:00 [INF] Clearing instance... (1ms)
2026-07-22 04:31:32.499 +02:00 [INF] Releasing context lock... (1ms)
2026-07-22 04:31:32.499 +02:00 [INF] Released. (1ms)
