2026-04-06 12:32:58.815 +06:00 [INF] Starting Intersect Client v0.8.0.0-custom+32d39132dace1351f63375b261f241297dd35be8-dirty
2026-04-06 12:32:59.096 +06:00 [INF] Discovered service type: Intersect.Plugins.PluginService
2026-04-06 12:32:59.104 +06:00 [WRN] Directory was specified as a plugin directory but does not exist: 'resources\plugins'
2026-04-06 12:32:59.105 +06:00 [INF] Discovered 0 plugins:

2026-04-06 12:33:03.562 +06:00 [INF] Connecting to 127.0.0.1:5400...
2026-04-06 12:33:03.580 +06:00 [INF] Connected [2e571593-839a-4a4a-8e2c-e555342a9dd7].
2026-04-06 12:33:03.601 +06:00 [INF] Connection approved [2e571593-839a-4a4a-8e2c-e555342a9dd7].
2026-04-06 12:33:03.683 +06:00 [INF] Updated PermissionSet 'default'
2026-04-06 12:33:07.928 +06:00 [INF] Updated PermissionSet 'admin'
2026-04-06 12:33:07.929 +06:00 [INF] Updating active permission set to 'admin'
2026-04-06 12:33:08.065 +06:00 [WRN] Unable to add '_buttonLogout' to the JSON of MainMenu.SelectCharacterWindow._innerPanel._buttonsPanel because a sibling shares the same name
2026-04-06 12:33:08.783 +06:00 [WRN] 'Me' is null.
2026-04-06 12:33:09.325 +06:00 [INF] Built VBO for map 73ba8458-f8de-4f78-a254-c91b18418ed0 'test 3' in 16.2505ms
2026-04-06 12:33:09.336 +06:00 [INF] Built VBO for map 27c6a7b2-4e9f-4316-9a0f-e13ec8e16ba2 'New Map' in 7.2788ms
2026-04-06 12:42:32.940 +06:00 [INF] Built VBO for map 850ddb26-5568-4376-b8e0-346c04cb81ef 'forest' in 4.6861ms
2026-04-06 12:42:50.601 +06:00 [INF] Disconnected [2e571593-839a-4a4a-8e2c-e555342a9dd7].
2026-04-06 12:42:50.602 +06:00 [INF] Updating active permission set to 'default'
2026-04-06 12:42:52.504 +06:00 [INF] System window closing (due to user interaction most likely).
2026-04-06 12:42:52.528 +06:00 [INF] Acquiring context lock... (0ms)
2026-04-06 12:42:52.528 +06:00 [INF] Acquired. (0ms)
2026-04-06 12:42:52.529 +06:00 [INF] Beginning context dispose. (0ms)
2026-04-06 12:42:52.529 +06:00 [INF] GC.SuppressFinalize (0ms)
2026-04-06 12:42:52.529 +06:00 [INF] InternalDispose() completed. (0ms)
2026-04-06 12:42:52.529 +06:00 [INF] Clearing instance... (1ms)
2026-04-06 12:42:52.529 +06:00 [INF] Releasing context lock... (1ms)
2026-04-06 12:42:52.529 +06:00 [INF] Released. (1ms)
