2026-05-01 15:51:28.141 +06:00 [INF] Starting Intersect Client v0.8.0.0-custom+32d39132dace1351f63375b261f241297dd35be8-dirty
2026-05-01 15:51:28.402 +06:00 [INF] Discovered service type: Intersect.Plugins.PluginService
2026-05-01 15:51:28.406 +06:00 [WRN] Directory was specified as a plugin directory but does not exist: 'resources\plugins'
2026-05-01 15:51:28.407 +06:00 [INF] Discovered 0 plugins:

2026-05-01 15:51:31.714 +06:00 [INF] Connecting to 127.0.0.1:5400...
2026-05-01 15:51:31.723 +06:00 [INF] Connected [9ddae214-95f8-460f-8b97-4341401cac0a].
2026-05-01 15:51:31.740 +06:00 [INF] Connection approved [9ddae214-95f8-460f-8b97-4341401cac0a].
2026-05-01 15:51:31.818 +06:00 [INF] Updated PermissionSet 'default'
2026-05-01 15:51:31.818 +06:00 [INF] Updated PermissionSet 'admin'
2026-05-01 15:51:36.987 +06:00 [INF] Updating active permission set to 'admin'
2026-05-01 15:51:37.777 +06:00 [WRN] 'Me' is null.
2026-05-01 15:51:38.363 +06:00 [INF] Built VBO for map 27c6a7b2-4e9f-4316-9a0f-e13ec8e16ba2 'Forest' in 9.8358ms
2026-05-01 15:52:43.224 +06:00 [INF] System window closing (due to user interaction most likely).
2026-05-01 15:52:43.227 +06:00 [INF] Disconnected [9ddae214-95f8-460f-8b97-4341401cac0a].
2026-05-01 15:52:43.227 +06:00 [INF] Updating active permission set to 'default'
2026-05-01 15:52:43.256 +06:00 [INF] Acquiring context lock... (0ms)
2026-05-01 15:52:43.256 +06:00 [INF] Acquired. (0ms)
2026-05-01 15:52:43.256 +06:00 [INF] Beginning context dispose. (0ms)
2026-05-01 15:52:43.257 +06:00 [INF] GC.SuppressFinalize (0ms)
2026-05-01 15:52:43.257 +06:00 [INF] InternalDispose() completed. (0ms)
2026-05-01 15:52:43.257 +06:00 [INF] Clearing instance... (1ms)
2026-05-01 15:52:43.257 +06:00 [INF] Releasing context lock... (1ms)
2026-05-01 15:52:43.257 +06:00 [INF] Released. (1ms)
