2026-05-18 17:48:08.103 +02:00 [INF] Starting Intersect Client v0.8.0.0-custom+32d39132dace1351f63375b261f241297dd35be8-dirty
2026-05-18 17:48:08.323 +02:00 [INF] Discovered service type: Intersect.Plugins.PluginService
2026-05-18 17:48:08.327 +02:00 [WRN] Directory was specified as a plugin directory but does not exist: 'resources\plugins'
2026-05-18 17:48:08.328 +02:00 [INF] Discovered 0 plugins:

2026-05-18 17:48:10.663 +02:00 [INF] Connecting to 127.0.0.1:5400...
2026-05-18 17:48:10.682 +02:00 [INF] Connected [8e097055-32c2-4a03-8d89-1e26ddd70956].
2026-05-18 17:48:10.698 +02:00 [INF] Connection approved [8e097055-32c2-4a03-8d89-1e26ddd70956].
2026-05-18 17:48:10.786 +02:00 [INF] Updated PermissionSet 'default'
2026-05-18 17:48:15.552 +02:00 [INF] Updated PermissionSet 'admin'
2026-05-18 17:48:15.553 +02:00 [INF] Updating active permission set to 'admin'
2026-05-18 17:48:15.978 +02:00 [WRN] 'Me' is null.
2026-05-18 17:48:16.787 +02:00 [INF] Built VBO for map e341d25d-5ff4-4cd6-bcd5-2f2cda710c86 'Forest' in 11.803ms
2026-05-18 17:48:19.882 +02:00 [INF] Built VBO for map 27c6a7b2-4e9f-4316-9a0f-e13ec8e16ba2 'Forest' in 182.9198ms
2026-05-18 17:48:21.169 +02:00 [INF] Built VBO for map 27c6a7b2-4e9f-4316-9a0f-e13ec8e16ba2 'Forest' in 7.266ms
2026-05-18 17:48:29.516 +02:00 [INF] Built VBO for map a31f210c-f5fb-48bf-9db2-45fab2293a4c 'Forest' in 23.0979ms
2026-05-18 17:49:15.308 +02:00 [INF] Built VBO for map a31f210c-f5fb-48bf-9db2-45fab2293a4c 'Forest' in 28.8082ms
2026-05-18 17:49:15.335 +02:00 [INF] Built VBO for map 27c6a7b2-4e9f-4316-9a0f-e13ec8e16ba2 'Forest' in 6.4888ms
2026-05-18 17:49:30.332 +02:00 [INF] Built VBO for map a31f210c-f5fb-48bf-9db2-45fab2293a4c 'Forest' in 22.125ms
2026-05-18 17:49:30.359 +02:00 [INF] Built VBO for map 27c6a7b2-4e9f-4316-9a0f-e13ec8e16ba2 'Forest' in 8.4362ms
2026-05-18 17:49:59.939 +02:00 [INF] Built VBO for map a31f210c-f5fb-48bf-9db2-45fab2293a4c 'Forest' in 21.9428ms
2026-05-18 17:49:59.967 +02:00 [INF] Built VBO for map 27c6a7b2-4e9f-4316-9a0f-e13ec8e16ba2 'Forest' in 7.0531ms
2026-05-18 17:50:08.242 +02:00 [INF] Built VBO for map a31f210c-f5fb-48bf-9db2-45fab2293a4c 'Forest' in 22.5072ms
2026-05-18 17:50:08.270 +02:00 [INF] Built VBO for map 27c6a7b2-4e9f-4316-9a0f-e13ec8e16ba2 'Forest' in 7.8991ms
2026-05-18 17:53:44.978 +02:00 [INF] Built VBO for map a31f210c-f5fb-48bf-9db2-45fab2293a4c 'Forest' in 28.816ms
2026-05-18 17:53:50.858 +02:00 [INF] Built VBO for map a31f210c-f5fb-48bf-9db2-45fab2293a4c 'Forest' in 25.6694ms
2026-05-18 17:55:05.764 +02:00 [INF] System window closing (due to user interaction most likely).
2026-05-18 17:55:05.767 +02:00 [INF] Disconnected [8e097055-32c2-4a03-8d89-1e26ddd70956].
2026-05-18 17:55:05.768 +02:00 [INF] Updating active permission set to 'default'
2026-05-18 17:55:05.812 +02:00 [INF] Acquiring context lock... (0ms)
2026-05-18 17:55:05.812 +02:00 [INF] Acquired. (0ms)
2026-05-18 17:55:05.813 +02:00 [INF] Beginning context dispose. (0ms)
2026-05-18 17:55:05.813 +02:00 [INF] GC.SuppressFinalize (0ms)
2026-05-18 17:55:05.813 +02:00 [INF] InternalDispose() completed. (0ms)
2026-05-18 17:55:05.813 +02:00 [INF] Clearing instance... (1ms)
2026-05-18 17:55:05.814 +02:00 [INF] Releasing context lock... (1ms)
2026-05-18 17:55:05.814 +02:00 [INF] Released. (1ms)
