2026-04-17 12:07:32.904 +06:00 [INF] Starting Intersect Client v0.8.0.0-custom+32d39132dace1351f63375b261f241297dd35be8-dirty
2026-04-17 12:07:33.100 +06:00 [INF] Discovered service type: Intersect.Plugins.PluginService
2026-04-17 12:07:33.104 +06:00 [WRN] Directory was specified as a plugin directory but does not exist: 'resources\plugins'
2026-04-17 12:07:33.105 +06:00 [INF] Discovered 0 plugins:

2026-04-17 12:07:35.946 +06:00 [INF] Connecting to 127.0.0.1:5400...
2026-04-17 12:07:35.966 +06:00 [INF] Connected [3819fc7e-ffb3-4b3f-b7dd-4fa82fc48bcb].
2026-04-17 12:07:35.978 +06:00 [INF] Connection approved [3819fc7e-ffb3-4b3f-b7dd-4fa82fc48bcb].
2026-04-17 12:07:36.067 +06:00 [INF] Updated PermissionSet 'default'
2026-04-17 12:07:39.910 +06:00 [INF] Updated PermissionSet 'admin'
2026-04-17 12:07:39.910 +06:00 [INF] Updating active permission set to 'admin'
2026-04-17 12:07:40.052 +06:00 [WRN] Unable to add '_buttonLogout' to the JSON of MainMenu.SelectCharacterWindow._innerPanel._buttonsPanel because a sibling shares the same name
2026-04-17 12:07:42.665 +06:00 [WRN] 'Me' is null.
2026-04-17 12:07:43.229 +06:00 [INF] Built VBO for map 850ddb26-5568-4376-b8e0-346c04cb81ef 'forest' in 37.2511ms
2026-04-17 12:10:24.751 +06:00 [INF] Built VBO for map 850ddb26-5568-4376-b8e0-346c04cb81ef 'forest' in 3.2287ms
2026-04-17 12:10:41.372 +06:00 [INF] Built VBO for map 850ddb26-5568-4376-b8e0-346c04cb81ef 'forest' in 3.1073ms
2026-04-17 12:10:48.454 +06:00 [INF] System window closing (due to user interaction most likely).
2026-04-17 12:10:48.457 +06:00 [INF] Disconnected [3819fc7e-ffb3-4b3f-b7dd-4fa82fc48bcb].
2026-04-17 12:10:48.457 +06:00 [INF] Updating active permission set to 'default'
2026-04-17 12:10:48.548 +06:00 [INF] Acquiring context lock... (0ms)
2026-04-17 12:10:48.548 +06:00 [INF] Acquired. (0ms)
2026-04-17 12:10:48.549 +06:00 [INF] Beginning context dispose. (0ms)
2026-04-17 12:10:48.549 +06:00 [INF] GC.SuppressFinalize (0ms)
2026-04-17 12:10:48.549 +06:00 [INF] InternalDispose() completed. (0ms)
2026-04-17 12:10:48.549 +06:00 [INF] Clearing instance... (1ms)
2026-04-17 12:10:48.549 +06:00 [INF] Releasing context lock... (1ms)
2026-04-17 12:10:48.549 +06:00 [INF] Released. (1ms)
