2026-04-21 12:48:57.990 +06:00 [INF] Starting Intersect Client v0.8.0.0-custom+32d39132dace1351f63375b261f241297dd35be8-dirty
2026-04-21 12:48:58.183 +06:00 [INF] Discovered service type: Intersect.Plugins.PluginService
2026-04-21 12:48:58.186 +06:00 [WRN] Directory was specified as a plugin directory but does not exist: 'resources\plugins'
2026-04-21 12:48:58.187 +06:00 [INF] Discovered 0 plugins:

2026-04-21 12:49:04.911 +06:00 [INF] Connecting to 127.0.0.1:5400...
2026-04-21 12:49:04.920 +06:00 [INF] Connected [13df4ce0-c1e9-41a9-8113-26576ca254aa].
2026-04-21 12:49:04.936 +06:00 [INF] Connection approved [13df4ce0-c1e9-41a9-8113-26576ca254aa].
2026-04-21 12:49:05.011 +06:00 [INF] Updated PermissionSet 'default'
2026-04-21 12:49:05.011 +06:00 [INF] Updated PermissionSet 'admin'
2026-04-21 12:49:10.254 +06:00 [INF] Updating active permission set to 'admin'
2026-04-21 12:49:10.331 +06:00 [WRN] Unable to add '_buttonLogout' to the JSON of MainMenu.SelectCharacterWindow._innerPanel._buttonsPanel because a sibling shares the same name
2026-04-21 12:49:10.844 +06:00 [WRN] 'Me' is null.
2026-04-21 12:49:11.388 +06:00 [INF] Built VBO for map c15f8299-8999-471f-9760-388ff4cdec7c 'Forest' in 31.3546ms
2026-04-21 12:50:30.899 +06:00 [INF] Built VBO for map c15f8299-8999-471f-9760-388ff4cdec7c 'Forest' in 2.7214ms
2026-04-21 12:51:29.057 +06:00 [INF] Built VBO for map c15f8299-8999-471f-9760-388ff4cdec7c 'Forest' in 1.8622ms
2026-04-21 12:53:50.301 +06:00 [INF] Built VBO for map c15f8299-8999-471f-9760-388ff4cdec7c 'Forest' in 1.6796ms
2026-04-21 13:03:59.765 +06:00 [INF] Built VBO for map c15f8299-8999-471f-9760-388ff4cdec7c 'Forest' in 70.2637ms
2026-04-21 13:41:53.542 +06:00 [INF] Built VBO for map c15f8299-8999-471f-9760-388ff4cdec7c 'Forest' in 1.8049ms
2026-04-21 13:42:10.379 +06:00 [ERR] Exception thrown while trying to load 'resources/tilesets/download.png'
System.IO.FileNotFoundException: Could not find file 'F:\game code engine\Intersect_New\Intersect.Client\resources\tilesets\download.png'.
File name: 'F:\game code engine\Intersect_New\Intersect.Client\resources\tilesets\download.png'
   at Microsoft.Win32.SafeHandles.SafeFileHandle.CreateFile(String fullPath, FileMode mode, FileAccess access, FileShare share, FileOptions options)
   at Microsoft.Win32.SafeHandles.SafeFileHandle.Open(String fullPath, FileMode mode, FileAccess access, FileShare share, FileOptions options, Int64 preallocationSize, Nullable`1 unixCreateMode)
   at System.IO.Strategies.OSFileStreamStrategy..ctor(String path, FileMode mode, FileAccess access, FileShare share, FileOptions options, Int64 preallocationSize, Nullable`1 unixCreateMode)
   at System.IO.File.OpenRead(String path)
   at Intersect.Client.Framework.Graphics.GameRenderer.<>c__DisplayClass145_0.<LoadTexture>b__0() in F:\game code engine\Intersect_New\Intersect.Client.Framework\Graphics\GameRenderer.cs:line 648
   at Intersect.Client.Framework.Graphics.GameTexture`2.LoadPlatformTexture(Boolean force) in F:\game code engine\Intersect_New\Intersect.Client.Framework\Graphics\GameTexture.cs:line 279
2026-04-21 13:42:10.382 +06:00 [INF] Built VBO for map 27c6a7b2-4e9f-4316-9a0f-e13ec8e16ba2 'Forest' in 25.8654ms
2026-04-21 13:43:42.069 +06:00 [INF] System window closing (due to user interaction most likely).
2026-04-21 13:43:42.073 +06:00 [INF] Disconnected [13df4ce0-c1e9-41a9-8113-26576ca254aa].
2026-04-21 13:43:42.074 +06:00 [INF] Updating active permission set to 'default'
2026-04-21 13:43:42.101 +06:00 [INF] Acquiring context lock... (0ms)
2026-04-21 13:43:42.102 +06:00 [INF] Acquired. (0ms)
2026-04-21 13:43:42.102 +06:00 [INF] Beginning context dispose. (0ms)
2026-04-21 13:43:42.102 +06:00 [INF] GC.SuppressFinalize (0ms)
2026-04-21 13:43:42.102 +06:00 [INF] InternalDispose() completed. (0ms)
2026-04-21 13:43:42.103 +06:00 [INF] Clearing instance... (1ms)
2026-04-21 13:43:42.103 +06:00 [INF] Releasing context lock... (1ms)
2026-04-21 13:43:42.103 +06:00 [INF] Released. (1ms)
