2026-06-01 01:16:44.664 +02:00 [INF] Starting Intersect Client v0.8.0.0-custom+32d39132dace1351f63375b261f241297dd35be8-dirty
2026-06-01 01:16:44.979 +02:00 [INF] Discovered service type: Intersect.Plugins.PluginService
2026-06-01 01:16:44.984 +02:00 [WRN] Directory was specified as a plugin directory but does not exist: 'resources\plugins'
2026-06-01 01:16:44.985 +02:00 [INF] Discovered 0 plugins:

2026-06-01 01:16:47.081 +02:00 [INF] Connecting to 127.0.0.1:5400...
2026-06-01 01:16:47.089 +02:00 [INF] Connected [117137b2-779f-45a9-b11b-9c3858a06926].
2026-06-01 01:16:47.112 +02:00 [INF] Connection approved [117137b2-779f-45a9-b11b-9c3858a06926].
2026-06-01 01:16:47.208 +02:00 [INF] Updated PermissionSet 'default'
2026-06-01 01:16:47.208 +02:00 [INF] Updated PermissionSet 'admin'
2026-06-01 01:16:51.097 +02:00 [INF] Updating active permission set to 'admin'
2026-06-01 01:16:51.689 +02:00 [WRN] 'Me' is null.
2026-06-01 01:16:52.631 +02:00 [INF] Built VBO for map 27c6a7b2-4e9f-4316-9a0f-e13ec8e16ba2 'Forest' in 72.6399ms
2026-06-01 01:16:52.688 +02:00 [INF] Built VBO for map e341d25d-5ff4-4cd6-bcd5-2f2cda710c86 'Forest' in 6.6562ms
2026-06-01 01:17:49.836 +02:00 [INF] Built VBO for map 27c6a7b2-4e9f-4316-9a0f-e13ec8e16ba2 'Forest' in 45.7943ms
2026-06-01 01:18:04.253 +02:00 [INF] System window closing (due to user interaction most likely).
2026-06-01 01:18:04.256 +02:00 [INF] Disconnected [117137b2-779f-45a9-b11b-9c3858a06926].
2026-06-01 01:18:04.257 +02:00 [INF] Updating active permission set to 'default'
2026-06-01 01:18:04.286 +02:00 [INF] Acquiring context lock... (0ms)
2026-06-01 01:18:04.287 +02:00 [INF] Acquired. (0ms)
2026-06-01 01:18:04.287 +02:00 [INF] Beginning context dispose. (0ms)
2026-06-01 01:18:04.288 +02:00 [INF] GC.SuppressFinalize (0ms)
2026-06-01 01:18:04.288 +02:00 [INF] InternalDispose() completed. (0ms)
2026-06-01 01:18:04.288 +02:00 [INF] Clearing instance... (1ms)
2026-06-01 01:18:04.288 +02:00 [INF] Releasing context lock... (1ms)
2026-06-01 01:18:04.288 +02:00 [INF] Released. (1ms)
