2026-04-27 20:25:42.455 +06:00 [INF] Starting Intersect Client v0.8.0.0-custom+32d39132dace1351f63375b261f241297dd35be8-dirty
2026-04-27 20:25:42.647 +06:00 [INF] Discovered service type: Intersect.Plugins.PluginService
2026-04-27 20:25:42.650 +06:00 [WRN] Directory was specified as a plugin directory but does not exist: 'resources\plugins'
2026-04-27 20:25:42.651 +06:00 [INF] Discovered 0 plugins:

2026-04-27 20:26:00.281 +06:00 [INF] Connecting to 127.0.0.1:5400...
2026-04-27 20:26:00.299 +06:00 [INF] Connected [19da52ea-a352-45d2-a256-2593a9b94ce6].
2026-04-27 20:26:00.321 +06:00 [INF] Connection approved [19da52ea-a352-45d2-a256-2593a9b94ce6].
2026-04-27 20:26:00.401 +06:00 [INF] Updated PermissionSet 'default'
2026-04-27 20:26:09.292 +06:00 [INF] Updated PermissionSet 'admin'
2026-04-27 20:26:09.292 +06:00 [INF] Updating active permission set to 'admin'
2026-04-27 20:26:09.429 +06:00 [WRN] Unable to add '_buttonLogout' to the JSON of MainMenu.SelectCharacterWindow._innerPanel._buttonsPanel because a sibling shares the same name
2026-04-27 20:26:10.390 +06:00 [WRN] 'Me' is null.
2026-04-27 20:26:10.924 +06:00 [INF] Built VBO for map 27c6a7b2-4e9f-4316-9a0f-e13ec8e16ba2 'Forest' in 9.5856ms
2026-04-27 20:28:51.191 +06:00 [INF] System window closing (due to user interaction most likely).
2026-04-27 20:28:51.193 +06:00 [INF] Disconnected [19da52ea-a352-45d2-a256-2593a9b94ce6].
2026-04-27 20:28:51.194 +06:00 [INF] Updating active permission set to 'default'
2026-04-27 20:28:51.225 +06:00 [INF] Acquiring context lock... (0ms)
2026-04-27 20:28:51.225 +06:00 [INF] Acquired. (0ms)
2026-04-27 20:28:51.226 +06:00 [INF] Beginning context dispose. (0ms)
2026-04-27 20:28:51.226 +06:00 [INF] GC.SuppressFinalize (0ms)
2026-04-27 20:28:51.226 +06:00 [INF] InternalDispose() completed. (0ms)
2026-04-27 20:28:51.226 +06:00 [INF] Clearing instance... (1ms)
2026-04-27 20:28:51.226 +06:00 [INF] Releasing context lock... (1ms)
2026-04-27 20:28:51.226 +06:00 [INF] Released. (1ms)
