2026-04-28 22:52:37.365 +06:00 [INF] Starting Intersect Client v0.8.0.0-custom+32d39132dace1351f63375b261f241297dd35be8-dirty
2026-04-28 22:52:37.567 +06:00 [INF] Discovered service type: Intersect.Plugins.PluginService
2026-04-28 22:52:37.570 +06:00 [WRN] Directory was specified as a plugin directory but does not exist: 'resources\plugins'
2026-04-28 22:52:37.571 +06:00 [INF] Discovered 0 plugins:

2026-04-28 22:52:40.755 +06:00 [INF] Music volume set to 10 from MainMenu.SettingsWindow._innerPanel._tabs._innerPanel._audioSettingsTab._scrollPanel._musicSlider._slider
2026-04-28 22:52:40.756 +06:00 [INF] Sound volume set to 15 from MainMenu.SettingsWindow._innerPanel._tabs._innerPanel._audioSettingsTab._scrollPanel._soundEffectsSlider._slider
2026-04-28 22:53:09.863 +06:00 [INF] Connecting to 127.0.0.1:5400...
2026-04-28 22:53:09.882 +06:00 [INF] Connected [7459a232-1734-4228-8523-b0f048812e1e].
2026-04-28 22:53:09.892 +06:00 [INF] Connection approved [7459a232-1734-4228-8523-b0f048812e1e].
2026-04-28 22:53:09.966 +06:00 [INF] Updated PermissionSet 'default'
2026-04-28 22:53:28.216 +06:00 [INF] Disconnected [7459a232-1734-4228-8523-b0f048812e1e].
2026-04-28 22:56:06.050 +06:00 [INF] System window closing (due to user interaction most likely).
2026-04-28 22:56:06.082 +06:00 [INF] Acquiring context lock... (0ms)
2026-04-28 22:56:06.082 +06:00 [INF] Acquired. (0ms)
2026-04-28 22:56:06.082 +06:00 [INF] Beginning context dispose. (0ms)
2026-04-28 22:56:06.083 +06:00 [INF] GC.SuppressFinalize (0ms)
2026-04-28 22:56:06.083 +06:00 [INF] InternalDispose() completed. (0ms)
2026-04-28 22:56:06.083 +06:00 [INF] Clearing instance... (1ms)
2026-04-28 22:56:06.083 +06:00 [INF] Releasing context lock... (1ms)
2026-04-28 22:56:06.083 +06:00 [INF] Released. (1ms)
