2026-06-02 05:40:29.179 +02:00 [INF] Starting Intersect Client v0.8.0.0-custom+32d39132dace1351f63375b261f241297dd35be8-dirty
2026-06-02 05:40:29.401 +02:00 [INF] Discovered service type: Intersect.Plugins.PluginService
2026-06-02 05:40:29.405 +02:00 [WRN] Directory was specified as a plugin directory but does not exist: 'resources\plugins'
2026-06-02 05:40:29.405 +02:00 [INF] Discovered 0 plugins:

2026-06-02 05:40:33.388 +02:00 [INF] Connecting to 127.0.0.1:5400...
2026-06-02 05:40:33.396 +02:00 [INF] Connected [48936be4-2aef-43de-a98a-02b1ea450c23].
2026-06-02 05:40:33.409 +02:00 [INF] Connection approved [48936be4-2aef-43de-a98a-02b1ea450c23].
2026-06-02 05:40:33.501 +02:00 [INF] Updated PermissionSet 'default'
2026-06-02 05:40:33.501 +02:00 [INF] Updated PermissionSet 'admin'
2026-06-02 05:40:38.729 +02:00 [INF] Updating active permission set to 'admin'
2026-06-02 05:40:39.338 +02:00 [WRN] 'Me' is null.
2026-06-02 05:40:40.019 +02:00 [INF] Built VBO for map e341d25d-5ff4-4cd6-bcd5-2f2cda710c86 'Forest' in 20.4654ms
2026-06-02 05:41:15.148 +02:00 [INF] Built VBO for map 27c6a7b2-4e9f-4316-9a0f-e13ec8e16ba2 'Forest' in 95.464ms
2026-06-02 05:41:30.190 +02:00 [INF] Built VBO for map 27c6a7b2-4e9f-4316-9a0f-e13ec8e16ba2 'Forest' in 15.5042ms
2026-06-02 05:42:31.072 +02:00 [INF] Built VBO for map a31f210c-f5fb-48bf-9db2-45fab2293a4c 'Forest' in 55.738ms
2026-06-02 05:46:01.123 +02:00 [INF] Built VBO for map 27c6a7b2-4e9f-4316-9a0f-e13ec8e16ba2 'Forest' in 39.7243ms
2026-06-02 05:46:12.278 +02:00 [INF] Built VBO for map 27c6a7b2-4e9f-4316-9a0f-e13ec8e16ba2 'Forest' in 43.1105ms
2026-06-02 05:48:57.792 +02:00 [INF] System window closing (due to user interaction most likely).
2026-06-02 05:48:57.795 +02:00 [INF] Disconnected [48936be4-2aef-43de-a98a-02b1ea450c23].
2026-06-02 05:48:57.796 +02:00 [INF] Updating active permission set to 'default'
2026-06-02 05:48:57.838 +02:00 [INF] Acquiring context lock... (0ms)
2026-06-02 05:48:57.839 +02:00 [INF] Acquired. (0ms)
2026-06-02 05:48:57.839 +02:00 [INF] Beginning context dispose. (0ms)
2026-06-02 05:48:57.840 +02:00 [INF] GC.SuppressFinalize (0ms)
2026-06-02 05:48:57.840 +02:00 [INF] InternalDispose() completed. (0ms)
2026-06-02 05:48:57.840 +02:00 [INF] Clearing instance... (1ms)
2026-06-02 05:48:57.840 +02:00 [INF] Releasing context lock... (1ms)
2026-06-02 05:48:57.840 +02:00 [INF] Released. (1ms)
