2026-03-19 15:53:55.594 +01:00 [INF] Starting Intersect Client v0.8.0.0-custom+32d39132dace1351f63375b261f241297dd35be8-dirty
2026-03-19 15:53:55.837 +01:00 [INF] Discovered service type: Intersect.Plugins.PluginService
2026-03-19 15:53:55.844 +01:00 [WRN] Directory was specified as a plugin directory but does not exist: 'resources\plugins'
2026-03-19 15:53:55.845 +01:00 [INF] Discovered 0 plugins:

2026-03-19 15:53:57.786 +01:00 [INF] Connecting to 127.0.0.1:5400...
2026-03-19 15:53:57.808 +01:00 [INF] Connected [ee79860f-1b0a-48f2-b5e6-08eb2bd08f26].
2026-03-19 15:53:57.820 +01:00 [INF] Connection approved [ee79860f-1b0a-48f2-b5e6-08eb2bd08f26].
2026-03-19 15:53:57.906 +01:00 [INF] Updated PermissionSet 'default'
2026-03-19 15:53:59.017 +01:00 [INF] Updated PermissionSet 'admin'
2026-03-19 15:53:59.017 +01:00 [INF] Updating active permission set to 'admin'
2026-03-19 15:53:59.149 +01:00 [WRN] Unable to add '_buttonLogout' to the JSON of MainMenu.SelectCharacterWindow._innerPanel._buttonsPanel because a sibling shares the same name
2026-03-19 15:54:00.656 +01:00 [WRN] 'Me' is null.
2026-03-19 15:54:01.148 +01:00 [INF] Built VBO for map a9f5fb5f-a2e8-421b-9906-03dae4b6224a 'New Map' in 15.6328ms
2026-03-19 15:55:48.782 +01:00 [INF] System window closing (due to user interaction most likely).
2026-03-19 15:55:48.785 +01:00 [INF] Disconnected [ee79860f-1b0a-48f2-b5e6-08eb2bd08f26].
2026-03-19 15:55:48.785 +01:00 [INF] Updating active permission set to 'default'
2026-03-19 15:55:48.812 +01:00 [INF] Acquiring context lock... (0ms)
2026-03-19 15:55:48.813 +01:00 [INF] Acquired. (0ms)
2026-03-19 15:55:48.813 +01:00 [INF] Beginning context dispose. (0ms)
2026-03-19 15:55:48.813 +01:00 [INF] GC.SuppressFinalize (0ms)
2026-03-19 15:55:48.813 +01:00 [INF] InternalDispose() completed. (0ms)
2026-03-19 15:55:48.814 +01:00 [INF] Clearing instance... (1ms)
2026-03-19 15:55:48.814 +01:00 [INF] Releasing context lock... (1ms)
2026-03-19 15:55:48.814 +01:00 [INF] Released. (1ms)
