2026-04-28 05:04:22.327 +06:00 [INF] Starting Intersect Client v0.8.0.0-custom+32d39132dace1351f63375b261f241297dd35be8-dirty
2026-04-28 05:04:22.568 +06:00 [INF] Discovered service type: Intersect.Plugins.PluginService
2026-04-28 05:04:22.572 +06:00 [WRN] Directory was specified as a plugin directory but does not exist: 'resources\plugins'
2026-04-28 05:04:22.573 +06:00 [INF] Discovered 0 plugins:

2026-04-28 05:04:39.762 +06:00 [INF] Connecting to 127.0.0.1:5400...
2026-04-28 05:04:39.780 +06:00 [INF] Connected [008bba5b-2540-4dde-896a-b2ef900f1f8e].
2026-04-28 05:04:39.799 +06:00 [INF] Connection approved [008bba5b-2540-4dde-896a-b2ef900f1f8e].
2026-04-28 05:04:39.883 +06:00 [INF] Updated PermissionSet 'default'
2026-04-28 05:04:44.196 +06:00 [INF] Updated PermissionSet 'admin'
2026-04-28 05:04:44.196 +06:00 [INF] Updating active permission set to 'admin'
2026-04-28 05:04:44.331 +06:00 [WRN] Unable to add '_buttonLogout' to the JSON of MainMenu.SelectCharacterWindow._innerPanel._buttonsPanel because a sibling shares the same name
2026-04-28 05:04:44.837 +06:00 [WRN] 'Me' is null.
2026-04-28 05:04:45.380 +06:00 [INF] Built VBO for map 27c6a7b2-4e9f-4316-9a0f-e13ec8e16ba2 'Forest' in 9.6498ms
2026-04-28 05:04:45.403 +06:00 [INF] Built VBO for map c15f8299-8999-471f-9760-388ff4cdec7c 'Forest' in 7.6119ms
2026-04-28 05:08:34.859 +06:00 [INF] System window closing (due to user interaction most likely).
2026-04-28 05:08:34.862 +06:00 [INF] Disconnected [008bba5b-2540-4dde-896a-b2ef900f1f8e].
2026-04-28 05:08:34.863 +06:00 [INF] Updating active permission set to 'default'
2026-04-28 05:08:34.894 +06:00 [INF] Acquiring context lock... (0ms)
2026-04-28 05:08:34.894 +06:00 [INF] Acquired. (0ms)
2026-04-28 05:08:34.895 +06:00 [INF] Beginning context dispose. (0ms)
2026-04-28 05:08:34.895 +06:00 [INF] GC.SuppressFinalize (0ms)
2026-04-28 05:08:34.895 +06:00 [INF] InternalDispose() completed. (0ms)
2026-04-28 05:08:34.895 +06:00 [INF] Clearing instance... (1ms)
2026-04-28 05:08:34.895 +06:00 [INF] Releasing context lock... (1ms)
2026-04-28 05:08:34.895 +06:00 [INF] Released. (1ms)
