2026-04-30 22:04:33.585 +06:00 [INF] Starting Intersect Client v0.8.0.0-custom+32d39132dace1351f63375b261f241297dd35be8-dirty
2026-04-30 22:04:33.796 +06:00 [INF] Discovered service type: Intersect.Plugins.PluginService
2026-04-30 22:04:33.799 +06:00 [WRN] Directory was specified as a plugin directory but does not exist: 'resources\plugins'
2026-04-30 22:04:33.800 +06:00 [INF] Discovered 0 plugins:

2026-04-30 22:04:35.959 +06:00 [INF] Connecting to 127.0.0.1:5400...
2026-04-30 22:04:35.977 +06:00 [INF] Connected [9854133a-5954-44e1-a513-1b63e2a9519d].
2026-04-30 22:04:35.990 +06:00 [INF] Connection approved [9854133a-5954-44e1-a513-1b63e2a9519d].
2026-04-30 22:04:36.079 +06:00 [INF] Updated PermissionSet 'default'
2026-04-30 22:04:40.099 +06:00 [INF] Updated PermissionSet 'admin'
2026-04-30 22:04:40.099 +06:00 [INF] Updating active permission set to 'admin'
2026-04-30 22:04:40.874 +06:00 [WRN] 'Me' is null.
2026-04-30 22:04:41.497 +06:00 [INF] Built VBO for map 27c6a7b2-4e9f-4316-9a0f-e13ec8e16ba2 'Forest' in 10.2658ms
2026-04-30 22:04:41.519 +06:00 [INF] Built VBO for map c15f8299-8999-471f-9760-388ff4cdec7c 'test' in 6.6421ms
2026-04-30 22:07:13.726 +06:00 [INF] System window closing (due to user interaction most likely).
2026-04-30 22:07:13.729 +06:00 [INF] Disconnected [9854133a-5954-44e1-a513-1b63e2a9519d].
2026-04-30 22:07:13.730 +06:00 [INF] Updating active permission set to 'default'
2026-04-30 22:07:13.766 +06:00 [INF] Acquiring context lock... (0ms)
2026-04-30 22:07:13.766 +06:00 [INF] Acquired. (0ms)
2026-04-30 22:07:13.767 +06:00 [INF] Beginning context dispose. (0ms)
2026-04-30 22:07:13.767 +06:00 [INF] GC.SuppressFinalize (0ms)
2026-04-30 22:07:13.767 +06:00 [INF] InternalDispose() completed. (0ms)
2026-04-30 22:07:13.768 +06:00 [INF] Clearing instance... (1ms)
2026-04-30 22:07:13.768 +06:00 [INF] Releasing context lock... (1ms)
2026-04-30 22:07:13.768 +06:00 [INF] Released. (1ms)
