2026-05-15 05:50:46.079 +02:00 [INF] Starting Intersect Client v0.8.0.0-custom+32d39132dace1351f63375b261f241297dd35be8-dirty
2026-05-15 05:50:46.297 +02:00 [INF] Discovered service type: Intersect.Plugins.PluginService
2026-05-15 05:50:46.301 +02:00 [WRN] Directory was specified as a plugin directory but does not exist: 'resources\plugins'
2026-05-15 05:50:46.301 +02:00 [INF] Discovered 0 plugins:

2026-05-15 05:50:49.398 +02:00 [INF] Connecting to 127.0.0.1:5400...
2026-05-15 05:50:49.420 +02:00 [INF] Connected [6248976f-477f-4d61-b9ba-cb58bf6cec6a].
2026-05-15 05:50:49.440 +02:00 [INF] Connection approved [6248976f-477f-4d61-b9ba-cb58bf6cec6a].
2026-05-15 05:50:49.544 +02:00 [INF] Updated PermissionSet 'default'
2026-05-15 05:50:53.872 +02:00 [INF] Updated PermissionSet 'admin'
2026-05-15 05:50:53.873 +02:00 [INF] Updating active permission set to 'admin'
2026-05-15 05:50:54.513 +02:00 [WRN] 'Me' is null.
2026-05-15 05:50:55.237 +02:00 [INF] Built VBO for map 24cc8989-0a45-4ecb-bf58-41efcefcaeb8 'Test' in 26.3075ms
2026-05-15 05:53:29.858 +02:00 [INF] System window closing (due to user interaction most likely).
2026-05-15 05:53:29.861 +02:00 [INF] Disconnected [6248976f-477f-4d61-b9ba-cb58bf6cec6a].
2026-05-15 05:53:29.862 +02:00 [INF] Updating active permission set to 'default'
2026-05-15 05:53:29.899 +02:00 [INF] Acquiring context lock... (0ms)
2026-05-15 05:53:29.899 +02:00 [INF] Acquired. (0ms)
2026-05-15 05:53:29.900 +02:00 [INF] Beginning context dispose. (0ms)
2026-05-15 05:53:29.900 +02:00 [INF] GC.SuppressFinalize (0ms)
2026-05-15 05:53:29.900 +02:00 [INF] InternalDispose() completed. (0ms)
2026-05-15 05:53:29.900 +02:00 [INF] Clearing instance... (1ms)
2026-05-15 05:53:29.900 +02:00 [INF] Releasing context lock... (1ms)
2026-05-15 05:53:29.901 +02:00 [INF] Released. (1ms)
