2026-05-13 08:05:47.673 +02:00 [INF] Starting Intersect Client v0.8.0.0-custom+32d39132dace1351f63375b261f241297dd35be8-dirty
2026-05-13 08:05:47.886 +02:00 [INF] Discovered service type: Intersect.Plugins.PluginService
2026-05-13 08:05:47.890 +02:00 [WRN] Directory was specified as a plugin directory but does not exist: 'resources\plugins'
2026-05-13 08:05:47.891 +02:00 [INF] Discovered 0 plugins:

2026-05-13 08:05:51.110 +02:00 [INF] Connecting to 127.0.0.1:5400...
2026-05-13 08:05:51.133 +02:00 [INF] Connected [c25aecc5-6cb2-43dd-bc35-8ce94675a6f4].
2026-05-13 08:05:51.155 +02:00 [INF] Connection approved [c25aecc5-6cb2-43dd-bc35-8ce94675a6f4].
2026-05-13 08:05:51.273 +02:00 [INF] Updated PermissionSet 'default'
2026-05-13 08:05:55.370 +02:00 [INF] Updated PermissionSet 'admin'
2026-05-13 08:05:55.370 +02:00 [INF] Updating active permission set to 'admin'
2026-05-13 08:05:56.169 +02:00 [WRN] 'Me' is null.
2026-05-13 08:05:56.893 +02:00 [INF] Built VBO for map a31f210c-f5fb-48bf-9db2-45fab2293a4c 'Forest' in 12.4767ms
2026-05-13 08:05:56.927 +02:00 [INF] Built VBO for map 27c6a7b2-4e9f-4316-9a0f-e13ec8e16ba2 'Forest' in 29.5534ms
2026-05-13 08:08:30.814 +02:00 [INF] System window closing (due to user interaction most likely).
2026-05-13 08:08:30.817 +02:00 [INF] Disconnected [c25aecc5-6cb2-43dd-bc35-8ce94675a6f4].
2026-05-13 08:08:30.818 +02:00 [INF] Updating active permission set to 'default'
2026-05-13 08:08:30.870 +02:00 [INF] Acquiring context lock... (0ms)
2026-05-13 08:08:30.871 +02:00 [INF] Acquired. (0ms)
2026-05-13 08:08:30.871 +02:00 [INF] Beginning context dispose. (0ms)
2026-05-13 08:08:30.872 +02:00 [INF] GC.SuppressFinalize (0ms)
2026-05-13 08:08:30.872 +02:00 [INF] InternalDispose() completed. (0ms)
2026-05-13 08:08:30.872 +02:00 [INF] Clearing instance... (1ms)
2026-05-13 08:08:30.872 +02:00 [INF] Releasing context lock... (1ms)
2026-05-13 08:08:30.872 +02:00 [INF] Released. (1ms)
