2026-04-20 21:02:01.876 +06:00 [INF] Starting Intersect Client v0.8.0.0-custom+32d39132dace1351f63375b261f241297dd35be8-dirty
2026-04-20 21:02:02.070 +06:00 [INF] Discovered service type: Intersect.Plugins.PluginService
2026-04-20 21:02:02.073 +06:00 [WRN] Directory was specified as a plugin directory but does not exist: 'resources\plugins'
2026-04-20 21:02:02.073 +06:00 [INF] Discovered 0 plugins:

2026-04-20 21:02:03.826 +06:00 [INF] Connecting to 127.0.0.1:5400...
2026-04-20 21:02:03.834 +06:00 [INF] Connected [9357fd4b-a216-4833-9902-4a6e7d2a88af].
2026-04-20 21:02:03.841 +06:00 [INF] Connection approved [9357fd4b-a216-4833-9902-4a6e7d2a88af].
2026-04-20 21:02:03.912 +06:00 [INF] Updated PermissionSet 'default'
2026-04-20 21:02:03.912 +06:00 [INF] Updated PermissionSet 'admin'
2026-04-20 21:02:15.452 +06:00 [WRN] Unable to add '_buttonLogout' to the JSON of MainMenu.SelectCharacterWindow._innerPanel._buttonsPanel because a sibling shares the same name
2026-04-20 21:02:15.948 +06:00 [WRN] 'Me' is null.
2026-04-20 21:02:16.404 +06:00 [ERR] Exception thrown while trying to load 'resources/tilesets/download.png'
System.IO.FileNotFoundException: Could not find file 'F:\game code engine\Intersect_New\Intersect.Client\resources\tilesets\download.png'.
File name: 'F:\game code engine\Intersect_New\Intersect.Client\resources\tilesets\download.png'
   at Microsoft.Win32.SafeHandles.SafeFileHandle.CreateFile(String fullPath, FileMode mode, FileAccess access, FileShare share, FileOptions options)
   at Microsoft.Win32.SafeHandles.SafeFileHandle.Open(String fullPath, FileMode mode, FileAccess access, FileShare share, FileOptions options, Int64 preallocationSize, Nullable`1 unixCreateMode)
   at System.IO.Strategies.OSFileStreamStrategy..ctor(String path, FileMode mode, FileAccess access, FileShare share, FileOptions options, Int64 preallocationSize, Nullable`1 unixCreateMode)
   at System.IO.Strategies.FileStreamHelpers.ChooseStrategyCore(String path, FileMode mode, FileAccess access, FileShare share, FileOptions options, Int64 preallocationSize, Nullable`1 unixCreateMode)
   at System.IO.File.OpenRead(String path)
   at Intersect.Client.Framework.Graphics.GameRenderer.<>c__DisplayClass145_0.<LoadTexture>b__0() in F:\game code engine\Intersect_New\Intersect.Client.Framework\Graphics\GameRenderer.cs:line 648
   at Intersect.Client.Framework.Graphics.GameTexture`2.LoadPlatformTexture(Boolean force) in F:\game code engine\Intersect_New\Intersect.Client.Framework\Graphics\GameTexture.cs:line 279
2026-04-20 21:02:16.405 +06:00 [INF] Built VBO for map 27c6a7b2-4e9f-4316-9a0f-e13ec8e16ba2 'Forest' in 39.3036ms
2026-04-20 21:02:24.039 +06:00 [WRN] 'Me' is null.
2026-04-20 21:02:24.070 +06:00 [WRN] Tried to load entity "9fe24955-5cbc-42ab-8b6a-480c73a0d714" (test12345) from packet before in-game UI was ready
2026-04-20 21:02:24.201 +06:00 [INF] Built VBO for map 27c6a7b2-4e9f-4316-9a0f-e13ec8e16ba2 'Forest' in 2.5293ms
2026-04-20 21:02:31.702 +06:00 [INF] Built VBO for map c15f8299-8999-471f-9760-388ff4cdec7c 'Forest' in 12.7521ms
2026-04-20 21:04:14.724 +06:00 [INF] System window closing (due to user interaction most likely).
2026-04-20 21:04:14.727 +06:00 [INF] Disconnected [9357fd4b-a216-4833-9902-4a6e7d2a88af].
2026-04-20 21:04:14.814 +06:00 [INF] Acquiring context lock... (0ms)
2026-04-20 21:04:14.814 +06:00 [INF] Acquired. (0ms)
2026-04-20 21:04:14.815 +06:00 [INF] Beginning context dispose. (0ms)
2026-04-20 21:04:14.815 +06:00 [INF] GC.SuppressFinalize (0ms)
2026-04-20 21:04:14.815 +06:00 [INF] InternalDispose() completed. (0ms)
2026-04-20 21:04:14.815 +06:00 [INF] Clearing instance... (1ms)
2026-04-20 21:04:14.815 +06:00 [INF] Releasing context lock... (1ms)
2026-04-20 21:04:14.815 +06:00 [INF] Released. (1ms)
