2026-06-19 18:56:40.448 +02:00 [INF] Starting Intersect Client v0.8.0.0-custom+32d39132dace1351f63375b261f241297dd35be8-dirty
2026-06-19 18:56:40.661 +02:00 [INF] Discovered service type: Intersect.Plugins.PluginService
2026-06-19 18:56:40.665 +02:00 [WRN] Directory was specified as a plugin directory but does not exist: 'resources\plugins'
2026-06-19 18:56:40.666 +02:00 [INF] Discovered 0 plugins:

2026-06-19 18:56:45.297 +02:00 [INF] Connecting to 127.0.0.1:5400...
2026-06-19 18:56:45.317 +02:00 [INF] Connected [8b710c9f-c602-43a7-af3c-deafebd9ea84].
2026-06-19 18:56:45.336 +02:00 [INF] Connection approved [8b710c9f-c602-43a7-af3c-deafebd9ea84].
2026-06-19 18:56:45.430 +02:00 [INF] Updated PermissionSet 'default'
2026-06-19 18:56:50.103 +02:00 [INF] Updated PermissionSet 'admin'
2026-06-19 18:56:50.103 +02:00 [INF] Updating active permission set to 'admin'
2026-06-19 18:57:22.891 +02:00 [WRN] 'Me' is null.
2026-06-19 18:57:23.695 +02:00 [INF] Built VBO for map 9802b09c-f592-4d93-8e11-d3424500716c 'Forest' in 41.1251ms
2026-06-19 18:57:23.699 +02:00 [INF] Built VBO for map 15601ad4-9f26-4abe-a6c9-3a7eebaa3045 'Forest' in 3.9638ms
2026-06-19 18:57:23.736 +02:00 [ERR] Exception thrown while trying to load 'resources/tilesets/water_shore_marker.png'
System.IO.FileNotFoundException: Could not find file 'F:\game code engine\Intersect_New\Intersect.Client\resources\tilesets\water_shore_marker.png'.
File name: 'F:\game code engine\Intersect_New\Intersect.Client\resources\tilesets\water_shore_marker.png'
   at Microsoft.Win32.SafeHandles.SafeFileHandle.CreateFile(String fullPath, FileMode mode, FileAccess access, FileShare share, FileOptions options)
   at Microsoft.Win32.SafeHandles.SafeFileHandle.Open(String fullPath, FileMode mode, FileAccess access, FileShare share, FileOptions options, Int64 preallocationSize, Nullable`1 unixCreateMode)
   at System.IO.Strategies.OSFileStreamStrategy..ctor(String path, FileMode mode, FileAccess access, FileShare share, FileOptions options, Int64 preallocationSize, Nullable`1 unixCreateMode)
   at System.IO.File.OpenRead(String path)
   at Intersect.Client.Framework.Graphics.GameRenderer.<>c__DisplayClass181_0.<LoadTexture>b__0() in F:\game code engine\Intersect_New\Intersect.Client.Framework\Graphics\GameRenderer.cs:line 1011
   at Intersect.Client.Framework.Graphics.GameTexture`2.LoadPlatformTexture(Boolean force) in F:\game code engine\Intersect_New\Intersect.Client.Framework\Graphics\GameTexture.cs:line 279
2026-06-19 18:57:23.738 +02:00 [INF] Built VBO for map a31f210c-f5fb-48bf-9db2-45fab2293a4c 'Forest' in 33.5729ms
2026-06-19 18:57:23.739 +02:00 [INF] Built VBO for map 27c6a7b2-4e9f-4316-9a0f-e13ec8e16ba2 'Forest' in 0.3853ms
2026-06-19 18:57:23.742 +02:00 [INF] Built VBO for map e341d25d-5ff4-4cd6-bcd5-2f2cda710c86 'town' in 1.6269ms
2026-06-19 18:57:24.089 +02:00 [INF] Built VBO for map 9802b09c-f592-4d93-8e11-d3424500716c 'Forest' in 2.4436ms
2026-06-19 18:57:24.092 +02:00 [INF] Built VBO for map 15601ad4-9f26-4abe-a6c9-3a7eebaa3045 'Forest' in 2.3618ms
2026-06-19 18:57:24.133 +02:00 [INF] Built VBO for map a31f210c-f5fb-48bf-9db2-45fab2293a4c 'Forest' in 35.4779ms
2026-06-19 18:57:24.197 +02:00 [INF] Built VBO for map 27c6a7b2-4e9f-4316-9a0f-e13ec8e16ba2 'Forest' in 33.4087ms
2026-06-19 18:57:28.321 +02:00 [INF] Built VBO for map a31f210c-f5fb-48bf-9db2-45fab2293a4c 'Forest' in 14.7901ms
2026-06-19 18:57:28.337 +02:00 [INF] Built VBO for map 27c6a7b2-4e9f-4316-9a0f-e13ec8e16ba2 'Forest' in 10.4202ms
2026-06-19 18:57:30.600 +02:00 [INF] Built VBO for map 15601ad4-9f26-4abe-a6c9-3a7eebaa3045 'Forest' in 1.5693ms
2026-06-19 18:57:30.959 +02:00 [INF] Built VBO for map 27c6a7b2-4e9f-4316-9a0f-e13ec8e16ba2 'Forest' in 11.5273ms
2026-06-19 18:57:33.212 +02:00 [INF] Built VBO for map 15601ad4-9f26-4abe-a6c9-3a7eebaa3045 'Forest' in 1.5291ms
2026-06-19 18:57:33.608 +02:00 [INF] Built VBO for map 27c6a7b2-4e9f-4316-9a0f-e13ec8e16ba2 'Forest' in 13.1918ms
2026-06-19 18:58:33.608 +02:00 [INF] System window closing (due to user interaction most likely).
2026-06-19 18:58:33.611 +02:00 [INF] Disconnected [8b710c9f-c602-43a7-af3c-deafebd9ea84].
2026-06-19 18:58:33.611 +02:00 [INF] Updating active permission set to 'default'
2026-06-19 18:58:33.728 +02:00 [INF] Acquiring context lock... (0ms)
2026-06-19 18:58:33.728 +02:00 [INF] Acquired. (0ms)
2026-06-19 18:58:33.730 +02:00 [INF] Beginning context dispose. (0ms)
2026-06-19 18:58:33.730 +02:00 [INF] GC.SuppressFinalize (0ms)
2026-06-19 18:58:33.730 +02:00 [INF] InternalDispose() completed. (0ms)
2026-06-19 18:58:33.730 +02:00 [INF] Clearing instance... (1ms)
2026-06-19 18:58:33.730 +02:00 [INF] Releasing context lock... (2ms)
2026-06-19 18:58:33.730 +02:00 [INF] Released. (2ms)
