2026-05-13 08:14:14.679 +02:00 [INF] Starting Intersect Client v0.8.0.0-custom+32d39132dace1351f63375b261f241297dd35be8-dirty
2026-05-13 08:14:14.899 +02:00 [INF] Discovered service type: Intersect.Plugins.PluginService
2026-05-13 08:14:14.903 +02:00 [WRN] Directory was specified as a plugin directory but does not exist: 'resources\plugins'
2026-05-13 08:14:14.904 +02:00 [INF] Discovered 0 plugins:

2026-05-13 08:14:18.432 +02:00 [INF] Connecting to 127.0.0.1:5400...
2026-05-13 08:14:18.455 +02:00 [INF] Connected [a2b4915e-b6d8-49f8-86c7-d947108072ae].
2026-05-13 08:14:18.482 +02:00 [INF] Connection approved [a2b4915e-b6d8-49f8-86c7-d947108072ae].
2026-05-13 08:14:18.581 +02:00 [INF] Updated PermissionSet 'default'
2026-05-13 08:14:23.845 +02:00 [INF] Updated PermissionSet 'admin'
2026-05-13 08:14:23.845 +02:00 [INF] Updating active permission set to 'admin'
2026-05-13 08:14:24.537 +02:00 [WRN] 'Me' is null.
2026-05-13 08:14:25.224 +02:00 [INF] Built VBO for map a31f210c-f5fb-48bf-9db2-45fab2293a4c 'Forest' in 11.8376ms
2026-05-13 08:14:25.263 +02:00 [INF] Built VBO for map 27c6a7b2-4e9f-4316-9a0f-e13ec8e16ba2 'Forest' in 33.2265ms
2026-05-13 08:17:00.992 +02:00 [INF] System window closing (due to user interaction most likely).
2026-05-13 08:17:00.996 +02:00 [INF] Disconnected [a2b4915e-b6d8-49f8-86c7-d947108072ae].
2026-05-13 08:17:00.996 +02:00 [INF] Updating active permission set to 'default'
2026-05-13 08:17:01.034 +02:00 [INF] Acquiring context lock... (0ms)
2026-05-13 08:17:01.034 +02:00 [INF] Acquired. (0ms)
2026-05-13 08:17:01.035 +02:00 [INF] Beginning context dispose. (0ms)
2026-05-13 08:17:01.035 +02:00 [INF] GC.SuppressFinalize (0ms)
2026-05-13 08:17:01.035 +02:00 [INF] InternalDispose() completed. (0ms)
2026-05-13 08:17:01.035 +02:00 [INF] Clearing instance... (1ms)
2026-05-13 08:17:01.036 +02:00 [INF] Releasing context lock... (1ms)
2026-05-13 08:17:01.036 +02:00 [INF] Released. (1ms)
