2026-04-30 03:52:43.865 +06:00 [INF] Starting Intersect Client v0.8.0.0-custom+32d39132dace1351f63375b261f241297dd35be8-dirty
2026-04-30 03:52:44.072 +06:00 [INF] Discovered service type: Intersect.Plugins.PluginService
2026-04-30 03:52:44.076 +06:00 [WRN] Directory was specified as a plugin directory but does not exist: 'resources\plugins'
2026-04-30 03:52:44.077 +06:00 [INF] Discovered 0 plugins:

2026-04-30 03:52:46.404 +06:00 [INF] Connecting to 127.0.0.1:5400...
2026-04-30 03:52:46.427 +06:00 [INF] Connected [71dc2c27-04ad-4e5e-a39e-cbd55f995862].
2026-04-30 03:52:46.442 +06:00 [INF] Connection approved [71dc2c27-04ad-4e5e-a39e-cbd55f995862].
2026-04-30 03:52:46.543 +06:00 [INF] Updated PermissionSet 'default'
2026-04-30 03:52:50.957 +06:00 [INF] Updated PermissionSet 'admin'
2026-04-30 03:52:50.957 +06:00 [INF] Updating active permission set to 'admin'
2026-04-30 03:52:55.481 +06:00 [WRN] 'Me' is null.
2026-04-30 03:52:56.060 +06:00 [INF] Built VBO for map 27c6a7b2-4e9f-4316-9a0f-e13ec8e16ba2 'Forest' in 18.7732ms
2026-04-30 03:52:56.073 +06:00 [INF] Built VBO for map c15f8299-8999-471f-9760-388ff4cdec7c 'test' in 1.8431ms
2026-04-30 03:56:55.429 +06:00 [INF] System window closing (due to user interaction most likely).
2026-04-30 03:56:55.432 +06:00 [INF] Disconnected [71dc2c27-04ad-4e5e-a39e-cbd55f995862].
2026-04-30 03:56:55.433 +06:00 [INF] Updating active permission set to 'default'
2026-04-30 03:56:55.471 +06:00 [INF] Acquiring context lock... (0ms)
2026-04-30 03:56:55.471 +06:00 [INF] Acquired. (0ms)
2026-04-30 03:56:55.471 +06:00 [INF] Beginning context dispose. (0ms)
2026-04-30 03:56:55.472 +06:00 [INF] GC.SuppressFinalize (0ms)
2026-04-30 03:56:55.472 +06:00 [INF] InternalDispose() completed. (0ms)
2026-04-30 03:56:55.472 +06:00 [INF] Clearing instance... (1ms)
2026-04-30 03:56:55.472 +06:00 [INF] Releasing context lock... (1ms)
2026-04-30 03:56:55.472 +06:00 [INF] Released. (1ms)
