2026-04-15 16:50:49.372 +06:00 [INF] Starting Intersect Client v0.8.0.0-custom+32d39132dace1351f63375b261f241297dd35be8-dirty
2026-04-15 16:50:49.763 +06:00 [INF] Discovered service type: Intersect.Plugins.PluginService
2026-04-15 16:50:49.770 +06:00 [WRN] Directory was specified as a plugin directory but does not exist: 'resources\plugins'
2026-04-15 16:50:49.771 +06:00 [INF] Discovered 0 plugins:

2026-04-15 16:50:51.969 +06:00 [INF] Connecting to 127.0.0.1:5400...
2026-04-15 16:50:51.989 +06:00 [INF] Connected [d8230212-8a8b-4e9e-8977-9be2faff4921].
2026-04-15 16:50:52.013 +06:00 [INF] Connection approved [d8230212-8a8b-4e9e-8977-9be2faff4921].
2026-04-15 16:50:52.095 +06:00 [INF] Updated PermissionSet 'default'
2026-04-15 16:50:57.589 +06:00 [INF] Updated PermissionSet 'admin'
2026-04-15 16:50:57.589 +06:00 [INF] Updating active permission set to 'admin'
2026-04-15 16:50:57.726 +06:00 [WRN] Unable to add '_buttonLogout' to the JSON of MainMenu.SelectCharacterWindow._innerPanel._buttonsPanel because a sibling shares the same name
2026-04-15 16:50:59.529 +06:00 [WRN] 'Me' is null.
2026-04-15 16:51:00.069 +06:00 [INF] Built VBO for map 411179b7-b772-42ef-bf66-03b7e4d7dca8 'test 5' in 12.5268ms
2026-04-15 16:51:00.081 +06:00 [INF] Built VBO for map 23630ac6-4461-460d-8a3b-9a0d4477096f 'test 8' in 8.0694ms
2026-04-15 16:51:00.129 +06:00 [INF] Built VBO for map 73ba8458-f8de-4f78-a254-c91b18418ed0 'test 3' in 46.5389ms
2026-04-15 16:51:03.916 +06:00 [INF] Music volume set to 10 from InGame..SettingsWindow._innerPanel._tabs._innerPanel._audioSettingsTab._scrollPanel._musicSlider._slider
2026-04-15 16:51:03.916 +06:00 [INF] Sound volume set to 15 from InGame..SettingsWindow._innerPanel._tabs._innerPanel._audioSettingsTab._scrollPanel._soundEffectsSlider._slider
2026-04-15 16:51:09.525 +06:00 [FTL] Game is crashing due to an exception
System.ObjectDisposedException: Cannot access a disposed object.
Object name: 'Intersect.Client.Framework.Gwen.Control.Canvas'.
   at Intersect.Client.Framework.Gwen.Control.Base.RunOnMainThread[TState0,TState1](Action`2 action, TState0 state0, TState1 state1) in F:\game code engine\Intersect_New\Intersect.Client.Framework\Gwen\Control\Base.Threading.cs:line 70
   at Intersect.Client.Framework.Gwen.Control.Base.set_IsHidden(Boolean value) in F:\game code engine\Intersect_New\Intersect.Client.Framework\Gwen\Control\Base.cs:line 859
   at Intersect.Client.Framework.Gwen.Control.Base.Hide() in F:\game code engine\Intersect_New\Intersect.Client.Framework\Gwen\Control\Base.cs:line 1956
   at Intersect.Client.Interface.Game.EntityPanel.EntityBox.Dispose() in F:\game code engine\Intersect_New\Intersect.Client.Core\Interface\Game\EntityPanel\EntityBox.cs:line 1009
   at Intersect.Client.Interface.Interface.DestroyGwen(Boolean exiting) in F:\game code engine\Intersect_New\Intersect.Client.Core\Interface\Interface.cs:line 299
   at Intersect.Client.Core.Graphics.Render(TimeSpan deltaTime, TimeSpan totalTime) in F:\game code engine\Intersect_New\Intersect.Client.Core\Core\Graphics.cs:line 576
   at Intersect.Client.MonoGame.IntersectGame.Draw(GameTime gameTime) in F:\game code engine\Intersect_New\Intersect.Client.Core\MonoGame\IntersectGame.cs:line 332
   at Microsoft.Xna.Framework.Game.Tick()
   at Microsoft.Xna.Framework.SdlGamePlatform.RunLoop()
   at Microsoft.Xna.Framework.Game.Run(GameRunBehavior runBehavior)
   at Microsoft.Xna.Framework.Game.Run()
   at Intersect.Client.MonoGame.IntersectGame.MonoGameRunner.Start(IClientContext context, Action postStartupAction) in F:\game code engine\Intersect_New\Intersect.Client.Core\MonoGame\IntersectGame.cs:line 633
2026-04-15 16:51:09.568 +06:00 [INF] Acquiring context lock... (0ms)
2026-04-15 16:51:09.568 +06:00 [INF] Acquired. (0ms)
2026-04-15 16:51:09.569 +06:00 [INF] Beginning context dispose. (0ms)
2026-04-15 16:51:09.569 +06:00 [INF] GC.SuppressFinalize (0ms)
2026-04-15 16:51:09.569 +06:00 [INF] InternalDispose() completed. (0ms)
2026-04-15 16:51:09.569 +06:00 [INF] Clearing instance... (1ms)
2026-04-15 16:51:09.569 +06:00 [INF] Releasing context lock... (1ms)
2026-04-15 16:51:09.569 +06:00 [INF] Released. (1ms)
2026-04-15 16:51:09.569 +06:00 [ERR] Failed to start application context
System.ObjectDisposedException: Cannot access a disposed object.
Object name: 'Intersect.Client.Framework.Gwen.Control.Canvas'.
   at Intersect.Client.Framework.Gwen.Control.Base.RunOnMainThread[TState0,TState1](Action`2 action, TState0 state0, TState1 state1) in F:\game code engine\Intersect_New\Intersect.Client.Framework\Gwen\Control\Base.Threading.cs:line 70
   at Intersect.Client.Framework.Gwen.Control.Base.set_IsHidden(Boolean value) in F:\game code engine\Intersect_New\Intersect.Client.Framework\Gwen\Control\Base.cs:line 859
   at Intersect.Client.Framework.Gwen.Control.Base.Hide() in F:\game code engine\Intersect_New\Intersect.Client.Framework\Gwen\Control\Base.cs:line 1956
   at Intersect.Client.Interface.Game.EntityPanel.EntityBox.Dispose() in F:\game code engine\Intersect_New\Intersect.Client.Core\Interface\Game\EntityPanel\EntityBox.cs:line 1009
   at Intersect.Client.Interface.Interface.DestroyGwen(Boolean exiting) in F:\game code engine\Intersect_New\Intersect.Client.Core\Interface\Interface.cs:line 299
   at Intersect.Client.Core.Graphics.Render(TimeSpan deltaTime, TimeSpan totalTime) in F:\game code engine\Intersect_New\Intersect.Client.Core\Core\Graphics.cs:line 576
   at Intersect.Client.MonoGame.IntersectGame.Draw(GameTime gameTime) in F:\game code engine\Intersect_New\Intersect.Client.Core\MonoGame\IntersectGame.cs:line 332
   at Microsoft.Xna.Framework.Game.Tick()
   at Microsoft.Xna.Framework.SdlGamePlatform.RunLoop()
   at Microsoft.Xna.Framework.Game.Run(GameRunBehavior runBehavior)
   at Microsoft.Xna.Framework.Game.Run()
   at Intersect.Client.MonoGame.IntersectGame.MonoGameRunner.Start(IClientContext context, Action postStartupAction) in F:\game code engine\Intersect_New\Intersect.Client.Core\MonoGame\IntersectGame.cs:line 633
   at Intersect.Client.Core.ClientContext.InternalStart() in F:\game code engine\Intersect_New\Intersect.Client.Core\Core\ClientContext.cs:line 97
   at Intersect.Core.ApplicationContext`2.Start(Boolean lockUntilShutdown) in F:\game code engine\Intersect_New\Intersect (Core)\Core\ApplicationContext`2.cs:line 245
