2026-04-23 17:59:28.118 +06:00 [INF] Starting Intersect Client v0.8.0.0-custom+32d39132dace1351f63375b261f241297dd35be8-dirty
2026-04-23 17:59:28.338 +06:00 [INF] Discovered service type: Intersect.Plugins.PluginService
2026-04-23 17:59:28.342 +06:00 [WRN] Directory was specified as a plugin directory but does not exist: 'resources\plugins'
2026-04-23 17:59:28.342 +06:00 [INF] Discovered 0 plugins:

2026-04-23 17:59:30.584 +06:00 [INF] Connecting to 127.0.0.1:5400...
2026-04-23 17:59:30.593 +06:00 [INF] Connected [7a374e6e-9838-4d47-9b24-a61edc4f5c7f].
2026-04-23 17:59:30.599 +06:00 [INF] Connection approved [7a374e6e-9838-4d47-9b24-a61edc4f5c7f].
2026-04-23 17:59:30.674 +06:00 [INF] Updated PermissionSet 'default'
2026-04-23 17:59:30.674 +06:00 [INF] Updated PermissionSet 'admin'
2026-04-23 17:59:33.633 +06:00 [INF] Updating active permission set to 'admin'
2026-04-23 17:59:33.744 +06:00 [WRN] Unable to add '_buttonLogout' to the JSON of MainMenu.SelectCharacterWindow._innerPanel._buttonsPanel because a sibling shares the same name
2026-04-23 17:59:34.473 +06:00 [WRN] 'Me' is null.
2026-04-23 17:59:35.039 +06:00 [INF] Built VBO for map 27c6a7b2-4e9f-4316-9a0f-e13ec8e16ba2 'Forest' in 37.6067ms
2026-04-23 18:02:35.575 +06:00 [INF] Built VBO for map 27c6a7b2-4e9f-4316-9a0f-e13ec8e16ba2 'Forest' in 3.1291ms
2026-04-23 18:02:39.270 +06:00 [INF] System window closing (due to user interaction most likely).
2026-04-23 18:02:39.273 +06:00 [INF] Disconnected [7a374e6e-9838-4d47-9b24-a61edc4f5c7f].
2026-04-23 18:02:39.274 +06:00 [INF] Updating active permission set to 'default'
2026-04-23 18:02:39.301 +06:00 [INF] Acquiring context lock... (0ms)
2026-04-23 18:02:39.302 +06:00 [INF] Acquired. (0ms)
2026-04-23 18:02:39.302 +06:00 [INF] Beginning context dispose. (0ms)
2026-04-23 18:02:39.303 +06:00 [INF] GC.SuppressFinalize (0ms)
2026-04-23 18:02:39.303 +06:00 [INF] InternalDispose() completed. (0ms)
2026-04-23 18:02:39.303 +06:00 [INF] Clearing instance... (1ms)
2026-04-23 18:02:39.303 +06:00 [INF] Releasing context lock... (1ms)
2026-04-23 18:02:39.303 +06:00 [INF] Released. (1ms)
