2026-05-02 01:07:57.320 +06:00 [INF] Starting Intersect Client v0.8.0.0-custom+32d39132dace1351f63375b261f241297dd35be8-dirty
2026-05-02 01:07:57.518 +06:00 [INF] Discovered service type: Intersect.Plugins.PluginService
2026-05-02 01:07:57.521 +06:00 [WRN] Directory was specified as a plugin directory but does not exist: 'resources\plugins'
2026-05-02 01:07:57.522 +06:00 [INF] Discovered 0 plugins:

2026-05-02 01:08:14.827 +06:00 [INF] Connecting to 127.0.0.1:5400...
2026-05-02 01:08:14.846 +06:00 [INF] Connected [b306e803-bff2-4787-ad7a-5b695df55b8b].
2026-05-02 01:08:14.862 +06:00 [INF] Connection approved [b306e803-bff2-4787-ad7a-5b695df55b8b].
2026-05-02 01:08:14.973 +06:00 [INF] Updated PermissionSet 'default'
2026-05-02 01:08:19.293 +06:00 [INF] Updated PermissionSet 'admin'
2026-05-02 01:08:19.293 +06:00 [INF] Updating active permission set to 'admin'
2026-05-02 01:08:19.966 +06:00 [WRN] 'Me' is null.
2026-05-02 01:08:20.545 +06:00 [INF] Built VBO for map 27c6a7b2-4e9f-4316-9a0f-e13ec8e16ba2 'Forest' in 9.4626ms
2026-05-02 01:08:20.565 +06:00 [INF] Built VBO for map c15f8299-8999-471f-9760-388ff4cdec7c 'test' in 5.7569ms
2026-05-02 01:16:15.111 +06:00 [INF] System window closing (due to user interaction most likely).
2026-05-02 01:16:15.114 +06:00 [INF] Disconnected [b306e803-bff2-4787-ad7a-5b695df55b8b].
2026-05-02 01:16:15.115 +06:00 [INF] Updating active permission set to 'default'
2026-05-02 01:16:15.218 +06:00 [INF] Acquiring context lock... (0ms)
2026-05-02 01:16:15.218 +06:00 [INF] Acquired. (0ms)
2026-05-02 01:16:15.219 +06:00 [INF] Beginning context dispose. (0ms)
2026-05-02 01:16:15.219 +06:00 [INF] GC.SuppressFinalize (0ms)
2026-05-02 01:16:15.219 +06:00 [INF] InternalDispose() completed. (0ms)
2026-05-02 01:16:15.219 +06:00 [INF] Clearing instance... (1ms)
2026-05-02 01:16:15.219 +06:00 [INF] Releasing context lock... (1ms)
2026-05-02 01:16:15.219 +06:00 [INF] Released. (1ms)
