2026-04-25 18:11:32.299 +06:00 [INF] Starting Intersect Client v0.8.0.0-custom+32d39132dace1351f63375b261f241297dd35be8-dirty
2026-04-25 18:11:32.519 +06:00 [INF] Discovered service type: Intersect.Plugins.PluginService
2026-04-25 18:11:32.522 +06:00 [WRN] Directory was specified as a plugin directory but does not exist: 'resources\plugins'
2026-04-25 18:11:32.523 +06:00 [INF] Discovered 0 plugins:

2026-04-25 18:11:34.747 +06:00 [INF] Connecting to 127.0.0.1:5400...
2026-04-25 18:11:34.755 +06:00 [INF] Connected [5723b468-7bfc-4111-9453-c513a5e19c31].
2026-04-25 18:11:34.768 +06:00 [INF] Connection approved [5723b468-7bfc-4111-9453-c513a5e19c31].
2026-04-25 18:11:34.847 +06:00 [INF] Updated PermissionSet 'default'
2026-04-25 18:11:34.847 +06:00 [INF] Updated PermissionSet 'admin'
2026-04-25 18:11:39.936 +06:00 [INF] Updating active permission set to 'admin'
2026-04-25 18:11:40.059 +06:00 [WRN] Unable to add '_buttonLogout' to the JSON of MainMenu.SelectCharacterWindow._innerPanel._buttonsPanel because a sibling shares the same name
2026-04-25 18:11:40.726 +06:00 [WRN] 'Me' is null.
2026-04-25 18:11:41.138 +06:00 [INF] Client loaded map "c15f8299-8999-471f-9760-388ff4cdec7c" (Forest) with 0 lights.
2026-04-25 18:11:41.168 +06:00 [INF] Client loaded map "27c6a7b2-4e9f-4316-9a0f-e13ec8e16ba2" (Forest) with 1 lights.
2026-04-25 18:11:41.220 +06:00 [INF] Client loaded map "27c6a7b2-4e9f-4316-9a0f-e13ec8e16ba2" (Forest) with 1 lights.
2026-04-25 18:11:41.358 +06:00 [INF] Built VBO for map 27c6a7b2-4e9f-4316-9a0f-e13ec8e16ba2 'Forest' in 13.277ms
2026-04-25 18:12:12.117 +06:00 [INF] Built VBO for map c15f8299-8999-471f-9760-388ff4cdec7c 'Forest' in 11.1905ms
2026-04-25 18:14:14.435 +06:00 [INF] System window closing (due to user interaction most likely).
2026-04-25 18:14:14.438 +06:00 [INF] Disconnected [5723b468-7bfc-4111-9453-c513a5e19c31].
2026-04-25 18:14:14.439 +06:00 [INF] Updating active permission set to 'default'
2026-04-25 18:14:14.471 +06:00 [INF] Acquiring context lock... (0ms)
2026-04-25 18:14:14.471 +06:00 [INF] Acquired. (0ms)
2026-04-25 18:14:14.472 +06:00 [INF] Beginning context dispose. (0ms)
2026-04-25 18:14:14.472 +06:00 [INF] GC.SuppressFinalize (0ms)
2026-04-25 18:14:14.473 +06:00 [INF] InternalDispose() completed. (0ms)
2026-04-25 18:14:14.473 +06:00 [INF] Clearing instance... (1ms)
2026-04-25 18:14:14.473 +06:00 [INF] Releasing context lock... (1ms)
2026-04-25 18:14:14.473 +06:00 [INF] Released. (1ms)
