2026-05-25 01:12:41.293 +02:00 [INF] Starting Intersect Client v0.8.0.0-custom+32d39132dace1351f63375b261f241297dd35be8-dirty
2026-05-25 01:12:41.504 +02:00 [INF] Discovered service type: Intersect.Plugins.PluginService
2026-05-25 01:12:41.508 +02:00 [WRN] Directory was specified as a plugin directory but does not exist: 'resources\plugins'
2026-05-25 01:12:41.508 +02:00 [INF] Discovered 0 plugins:

2026-05-25 01:12:43.650 +02:00 [INF] Connecting to 127.0.0.1:5400...
2026-05-25 01:12:43.671 +02:00 [INF] Connected [bfc3c291-2871-4b30-8b58-d50a2e46d535].
2026-05-25 01:12:43.691 +02:00 [INF] Connection approved [bfc3c291-2871-4b30-8b58-d50a2e46d535].
2026-05-25 01:12:43.782 +02:00 [INF] Updated PermissionSet 'default'
2026-05-25 01:12:48.867 +02:00 [INF] Updated PermissionSet 'admin'
2026-05-25 01:12:48.868 +02:00 [INF] Updating active permission set to 'admin'
2026-05-25 01:12:49.424 +02:00 [WRN] 'Me' is null.
2026-05-25 01:12:50.340 +02:00 [INF] Built VBO for map 27c6a7b2-4e9f-4316-9a0f-e13ec8e16ba2 'Forest' in 75.8114ms
2026-05-25 01:13:01.829 +02:00 [INF] Built VBO for map a31f210c-f5fb-48bf-9db2-45fab2293a4c 'Forest' in 44.6341ms
2026-05-25 01:13:56.847 +02:00 [INF] System window closing (due to user interaction most likely).
2026-05-25 01:13:56.850 +02:00 [INF] Disconnected [bfc3c291-2871-4b30-8b58-d50a2e46d535].
2026-05-25 01:13:56.851 +02:00 [INF] Updating active permission set to 'default'
2026-05-25 01:13:56.883 +02:00 [INF] Acquiring context lock... (0ms)
2026-05-25 01:13:56.883 +02:00 [INF] Acquired. (0ms)
2026-05-25 01:13:56.884 +02:00 [INF] Beginning context dispose. (0ms)
2026-05-25 01:13:56.884 +02:00 [INF] GC.SuppressFinalize (0ms)
2026-05-25 01:13:56.885 +02:00 [INF] InternalDispose() completed. (0ms)
2026-05-25 01:13:56.885 +02:00 [INF] Clearing instance... (1ms)
2026-05-25 01:13:56.885 +02:00 [INF] Releasing context lock... (1ms)
2026-05-25 01:13:56.885 +02:00 [INF] Released. (1ms)
