2026-09-08 23:28:30.798 +02:00 [INF] Starting Intersect Client v0.8.0.0-custom+32d39132dace1351f63375b261f241297dd35be8-dirty
2026-09-08 23:28:31.037 +02:00 [INF] Discovered service type: Intersect.Plugins.PluginService
2026-09-08 23:28:31.040 +02:00 [WRN] Directory was specified as a plugin directory but does not exist: 'resources\plugins'
2026-09-08 23:28:31.041 +02:00 [INF] Discovered 0 plugins:

2026-09-08 23:28:31.489 +02:00 [INF] Graphics pacing configured: targetMode=-1, vsync=false, fixedStep=false, backBuffer=1760x990
2026-09-08 23:28:33.251 +02:00 [INF] Connecting to 127.0.0.1:5400...
2026-09-08 23:28:33.277 +02:00 [INF] Connected [11bcae35-1606-4922-8602-54b66f9730e1].
2026-09-08 23:28:33.292 +02:00 [INF] Connection approved [11bcae35-1606-4922-8602-54b66f9730e1].
2026-09-08 23:28:33.431 +02:00 [INF] Updated PermissionSet 'default'
2026-09-08 23:28:38.009 +02:00 [INF] Disconnected [11bcae35-1606-4922-8602-54b66f9730e1].
2026-09-08 23:28:47.927 +02:00 [INF] Connecting to 127.0.0.1:5400...
2026-09-08 23:28:47.931 +02:00 [INF] Connected [821177ef-59aa-4803-8490-ce069417b4e3].
2026-09-08 23:28:47.940 +02:00 [INF] Connection approved [821177ef-59aa-4803-8490-ce069417b4e3].
2026-09-08 23:28:47.949 +02:00 [INF] Updated PermissionSet 'default'
2026-09-08 23:28:58.313 +02:00 [INF] Updated PermissionSet 'admin'
2026-09-08 23:28:58.313 +02:00 [INF] Updating active permission set to 'admin'
2026-09-08 23:29:02.906 +02:00 [WRN] 'Me' is null.
2026-09-08 23:29:03.937 +02:00 [INF] Built VBO for map 9802b09c-f592-4d93-8e11-d3424500716c 'Deep Forest' in 66.7571ms
2026-09-08 23:29:03.952 +02:00 [INF] Built VBO for map 15601ad4-9f26-4abe-a6c9-3a7eebaa3045 'Forest' in 12.3091ms
2026-09-08 23:29:03.977 +02:00 [INF] Built VBO for map d490222a-af25-4a7f-bec3-7ca8016e08d7 'New Map' in 17.9254ms
2026-09-08 23:29:04.110 +02:00 [INF] Built VBO for map a31f210c-f5fb-48bf-9db2-45fab2293a4c 'Forest' in 131.2381ms
2026-09-08 23:29:04.168 +02:00 [INF] Built VBO for map 27c6a7b2-4e9f-4316-9a0f-e13ec8e16ba2 'Forest' in 54.2837ms
2026-09-08 23:29:04.200 +02:00 [INF] Built VBO for map e341d25d-5ff4-4cd6-bcd5-2f2cda710c86 'Greenfall Vale' in 29.9831ms
2026-09-08 23:29:09.524 +02:00 [INF] Client frame profile: measured=93.0fps counter=137 targetMode=-1; interval=10.75/368.79ms avg/max; update=0.26/34.52ms (1.00 calls/frame); draw=11.02/332.46ms; world=9.01/301.97ms [scene=8.65/293.64, scene-detail=[tiles=0.79ms/26.0draws (geometry=0.40ms/26.0draws, water=0.38ms/0.0draws), objects=6.10ms/62.6draws, procedural=0.00ms/0.0draws, entities=0.66ms/0.0draws, effects=0.37ms/0.4draws, weather=0.63ms/4.0draws, other=0.10ms], lighting=0.05/10.87, post=0.06/14.46, overlays=0.13/14.36, other=0.12]; gui=1.97/91.86ms [update=1.82/64.61 (minimap=1.43/41.84 [compact=1.43, fullmap=0.00/0.00], other=0.40), render=0.15/27.25, other=0.00]; finish=0.03/1.52ms; outside-update-draw=0.00ms; draws=111, maps=2, entities=23, lights=3
2026-09-08 23:29:14.527 +02:00 [INF] Client frame profile: measured=127.3fps counter=111 targetMode=-1; interval=7.86/27.46ms avg/max; update=0.09/11.14ms (1.00 calls/frame); draw=7.60/20.76ms; world=6.44/18.54ms [scene=6.23/18.29, scene-detail=[tiles=0.79ms/32.5draws (geometry=0.47ms/32.5draws, water=0.32ms/0.0draws), objects=4.61ms/70.2draws, procedural=0.00ms/0.0draws, entities=0.25ms/0.2draws, effects=0.06ms/1.7draws, weather=0.45ms/0.6draws, other=0.05ms], lighting=0.02/0.05, post=0.03/0.06, overlays=0.05/0.13, other=0.10]; gui=1.13/11.65ms [update=1.07/11.59 (minimap=0.83/11.37 [compact=0.83, fullmap=0.00/0.00], other=0.25), render=0.06/0.16, other=0.00]; finish=0.02/0.33ms; outside-update-draw=0.17ms; draws=154, maps=4, entities=23, lights=3
2026-09-08 23:29:19.530 +02:00 [INF] Client frame profile: measured=45.2fps counter=32 targetMode=-1; interval=22.14/46.57ms avg/max; update=0.11/4.00ms (1.00 calls/frame); draw=9.90/19.21ms; world=7.43/13.95ms [scene=7.21/13.71, scene-detail=[tiles=1.20ms/46.0draws (geometry=0.75ms/46.0draws, water=0.45ms/0.0draws), objects=4.90ms/87.0draws, procedural=0.00ms/0.0draws, entities=0.32ms/1.6draws, effects=0.07ms/2.0draws, weather=0.66ms/0.0draws, other=0.06ms], lighting=0.02/0.04, post=0.03/0.06, overlays=0.06/0.09, other=0.11]; gui=2.44/10.92ms [update=2.35/10.82 (minimap=2.00/10.34 [compact=2.00, fullmap=0.00/0.00], other=0.34), render=0.10/4.75, other=0.00]; finish=0.02/0.04ms; outside-update-draw=12.12ms; draws=158, maps=4, entities=23, lights=3
2026-09-08 23:29:24.537 +02:00 [INF] Client frame profile: measured=116.0fps counter=119 targetMode=-1; interval=8.62/18.68ms avg/max; update=0.06/0.38ms (1.00 calls/frame); draw=8.44/18.46ms; world=7.23/9.17ms [scene=7.02/8.93, scene-detail=[tiles=1.08ms/46.0draws (geometry=0.64ms/46.0draws, water=0.43ms/0.0draws), objects=4.87ms/87.0draws, procedural=0.00ms/0.0draws, entities=0.33ms/3.0draws, effects=0.06ms/2.0draws, weather=0.64ms/0.0draws, other=0.05ms], lighting=0.02/0.04, post=0.03/0.07, overlays=0.05/0.13, other=0.10]; gui=1.19/11.09ms [update=1.09/11.01 (minimap=0.84/10.47 [compact=0.84, fullmap=0.00/0.00], other=0.25), render=0.10/3.93, other=0.00]; finish=0.02/0.04ms; outside-update-draw=0.12ms; draws=156, maps=4, entities=23, lights=3
2026-09-08 23:29:29.541 +02:00 [INF] Client frame profile: measured=96.5fps counter=97 targetMode=-1; interval=10.36/42.21ms avg/max; update=0.10/10.14ms (1.00 calls/frame); draw=9.11/38.63ms; world=7.31/12.87ms [scene=7.09/9.57, scene-detail=[tiles=1.09ms/46.0draws (geometry=0.65ms/46.0draws, water=0.44ms/0.0draws), objects=4.90ms/87.0draws, procedural=0.00ms/0.0draws, entities=0.33ms/3.0draws, effects=0.06ms/2.0draws, weather=0.65ms/0.0draws, other=0.05ms], lighting=0.02/0.05, post=0.03/0.06, overlays=0.07/5.74, other=0.10]; gui=1.78/31.42ms [update=1.54/12.74 (minimap=1.12/12.28 [compact=1.12, fullmap=0.00/0.00], other=0.42), render=0.24/31.17, other=0.00]; finish=0.02/0.04ms; outside-update-draw=1.15ms; draws=156, maps=4, entities=23, lights=3
2026-09-08 23:29:34.543 +02:00 [INF] Client frame profile: measured=127.7fps counter=127 targetMode=-1; interval=7.83/21.91ms avg/max; update=0.06/4.12ms (1.00 calls/frame); draw=7.64/21.81ms; world=6.31/10.57ms [scene=6.12/10.35, scene-detail=[tiles=0.63ms/27.7draws (geometry=0.35ms/27.7draws, water=0.28ms/0.0draws), objects=4.66ms/64.2draws, procedural=0.00ms/0.0draws, entities=0.32ms/2.3draws, effects=0.05ms/2.0draws, weather=0.38ms/0.0draws, other=0.07ms], lighting=0.02/0.05, post=0.02/0.07, overlays=0.05/0.12, other=0.10]; gui=1.30/15.62ms [update=1.24/15.53 (minimap=0.82/11.76 [compact=0.82, fullmap=0.00/0.00], other=0.43), render=0.06/0.40, other=0.00]; finish=0.02/0.06ms; outside-update-draw=0.13ms; draws=110, maps=2, entities=23, lights=3
2026-09-08 23:29:39.560 +02:00 [INF] Client frame profile: measured=69.6fps counter=33 targetMode=-1; interval=14.37/41.20ms avg/max; update=0.06/0.37ms (1.00 calls/frame); draw=8.23/18.52ms; world=6.23/7.51ms [scene=6.03/7.28, scene-detail=[tiles=0.65ms/26.0draws (geometry=0.38ms/26.0draws, water=0.27ms/0.0draws), objects=4.63ms/62.0draws, procedural=0.00ms/0.0draws, entities=0.25ms/1.2draws, effects=0.05ms/2.0draws, weather=0.36ms/0.0draws, other=0.08ms], lighting=0.02/0.05, post=0.03/0.05, overlays=0.05/0.10, other=0.10]; gui=1.96/11.78ms [update=1.90/11.70 (minimap=1.36/10.98 [compact=1.36, fullmap=0.00/0.00], other=0.54), render=0.06/0.14, other=0.00]; finish=0.02/0.04ms; outside-update-draw=6.08ms; draws=112, maps=2, entities=23, lights=3
2026-09-08 23:29:43.527 +02:00 [WRN] 'Me' is null.
2026-09-08 23:29:43.527 +02:00 [WRN] 'Me' is null.
2026-09-08 23:29:43.527 +02:00 [WRN] 'Me' is null.
2026-09-08 23:29:43.527 +02:00 [WRN] 'Me' is null.
2026-09-08 23:29:43.527 +02:00 [WRN] 'Me' is null.
2026-09-08 23:29:43.527 +02:00 [WRN] 'Me' is null.
2026-09-08 23:29:43.527 +02:00 [WRN] 'Me' is null.
2026-09-08 23:29:43.527 +02:00 [WRN] 'Me' is null.
2026-09-08 23:29:43.527 +02:00 [WRN] 'Me' is null.
2026-09-08 23:29:43.527 +02:00 [WRN] 'Me' is null.
2026-09-08 23:29:43.527 +02:00 [WRN] 'Me' is null.
2026-09-08 23:29:43.527 +02:00 [WRN] 'Me' is null.
2026-09-08 23:29:43.527 +02:00 [WRN] 'Me' is null.
2026-09-08 23:29:43.527 +02:00 [WRN] 'Me' is null.
2026-09-08 23:29:43.527 +02:00 [WRN] 'Me' is null.
2026-09-08 23:29:43.527 +02:00 [WRN] 'Me' is null.
2026-09-08 23:29:43.527 +02:00 [WRN] 'Me' is null.
2026-09-08 23:29:43.527 +02:00 [WRN] 'Me' is null.
2026-09-08 23:29:43.527 +02:00 [WRN] 'Me' is null.
2026-09-08 23:29:48.698 +02:00 [WRN] 'Me' is null.
2026-09-08 23:29:49.125 +02:00 [INF] Built VBO for map 9802b09c-f592-4d93-8e11-d3424500716c 'Deep Forest' in 3.5193ms
2026-09-08 23:29:49.130 +02:00 [INF] Built VBO for map 15601ad4-9f26-4abe-a6c9-3a7eebaa3045 'Forest' in 3.8439ms
2026-09-08 23:29:49.136 +02:00 [INF] Built VBO for map d490222a-af25-4a7f-bec3-7ca8016e08d7 'New Map' in 3.6062ms
2026-09-08 23:29:49.177 +02:00 [INF] Built VBO for map a31f210c-f5fb-48bf-9db2-45fab2293a4c 'Forest' in 40.5611ms
2026-09-08 23:29:49.208 +02:00 [INF] Built VBO for map 27c6a7b2-4e9f-4316-9a0f-e13ec8e16ba2 'Forest' in 29.0073ms
2026-09-08 23:29:49.215 +02:00 [INF] Built VBO for map e341d25d-5ff4-4cd6-bcd5-2f2cda710c86 'Greenfall Vale' in 5.8526ms
2026-09-08 23:29:54.236 +02:00 [INF] Client frame profile: measured=112.0fps counter=110 targetMode=-1; interval=8.93/86.56ms avg/max; update=0.14/21.17ms (1.00 calls/frame); draw=8.61/85.78ms; world=6.92/73.47ms [scene=6.71/73.19, scene-detail=[tiles=0.60ms/26.0draws (geometry=0.33ms/26.0draws, water=0.27ms/0.0draws), objects=5.10ms/61.9draws, procedural=0.00ms/0.0draws, entities=0.48ms/4.5draws, effects=0.06ms/2.0draws, weather=0.35ms/0.0draws, other=0.11ms], lighting=0.02/0.06, post=0.03/0.05, overlays=0.06/0.11, other=0.10]; gui=1.67/38.06ms [update=1.27/37.53 (minimap=0.86/11.00 [compact=0.86, fullmap=0.00/0.00], other=0.42), render=0.39/10.02, other=0.00]; finish=0.01/0.04ms; outside-update-draw=0.18ms; draws=138, maps=2, entities=23, lights=3
2026-09-08 23:29:59.239 +02:00 [INF] Client frame profile: measured=109.9fps counter=108 targetMode=-1; interval=9.10/26.23ms avg/max; update=0.12/2.53ms (1.00 calls/frame); draw=8.81/26.10ms; world=6.89/16.34ms [scene=6.69/16.10, scene-detail=[tiles=0.61ms/26.0draws (geometry=0.33ms/26.0draws, water=0.27ms/0.0draws), objects=5.11ms/62.0draws, procedural=0.00ms/0.0draws, entities=0.47ms/4.0draws, effects=0.06ms/2.0draws, weather=0.35ms/0.0draws, other=0.10ms], lighting=0.02/0.05, post=0.03/0.06, overlays=0.06/0.11, other=0.10]; gui=1.89/14.09ms [update=1.30/11.62 (minimap=0.94/11.01 [compact=0.94, fullmap=0.00/0.00], other=0.37), render=0.59/5.19, other=0.00]; finish=0.02/0.04ms; outside-update-draw=0.17ms; draws=143, maps=2, entities=23, lights=3
2026-09-08 23:30:04.244 +02:00 [INF] Client frame profile: measured=110.3fps counter=107 targetMode=-1; interval=9.07/59.06ms avg/max; update=0.15/10.34ms (1.00 calls/frame); draw=8.69/57.02ms; world=6.92/44.77ms [scene=6.71/44.51, scene-detail=[tiles=0.60ms/26.0draws (geometry=0.33ms/26.0draws, water=0.27ms/0.0draws), objects=5.12ms/62.0draws, procedural=0.00ms/0.0draws, entities=0.50ms/4.0draws, effects=0.05ms/1.7draws, weather=0.35ms/0.0draws, other=0.09ms], lighting=0.02/0.04, post=0.03/2.86, overlays=0.06/0.13, other=0.10]; gui=1.75/12.21ms [update=1.14/11.66 (minimap=0.84/10.97 [compact=0.84, fullmap=0.00/0.00], other=0.31), render=0.60/9.23, other=0.00]; finish=0.02/0.06ms; outside-update-draw=0.22ms; draws=128, maps=2, entities=23, lights=3
2026-09-08 23:30:09.258 +02:00 [INF] Client frame profile: measured=93.5fps counter=104 targetMode=-1; interval=10.69/206.98ms avg/max; update=0.09/10.94ms (1.00 calls/frame); draw=9.92/206.90ms; world=7.91/197.10ms [scene=7.69/196.83, scene-detail=[tiles=0.67ms/35.5draws (geometry=0.39ms/35.5draws, water=0.28ms/0.0draws), objects=6.02ms/71.5draws, procedural=0.00ms/0.0draws, entities=0.46ms/5.2draws, effects=0.07ms/2.0draws, weather=0.36ms/0.0draws, other=0.11ms], lighting=0.02/0.06, post=0.03/0.07, overlays=0.06/0.13, other=0.10]; gui=1.98/13.18ms [update=1.50/12.63 (minimap=1.13/11.97 [compact=1.13, fullmap=0.00/0.00], other=0.37), render=0.48/0.81, other=0.00]; finish=0.02/0.10ms; outside-update-draw=0.68ms; draws=164, maps=4, entities=23, lights=3
2026-09-08 23:30:14.259 +02:00 [INF] Client frame profile: measured=40.8fps counter=42 targetMode=-1; interval=24.52/40.95ms avg/max; update=0.10/0.23ms (1.00 calls/frame); draw=11.29/19.92ms; world=8.18/12.03ms [scene=7.95/11.62, scene-detail=[tiles=0.78ms/42.0draws (geometry=0.49ms/42.0draws, water=0.29ms/0.0draws), objects=6.11ms/78.0draws, procedural=0.00ms/0.0draws, entities=0.44ms/3.6draws, effects=0.08ms/2.0draws, weather=0.39ms/0.0draws, other=0.14ms], lighting=0.02/0.05, post=0.03/0.07, overlays=0.07/0.15, other=0.11]; gui=3.07/12.05ms [update=2.54/11.48 (minimap=2.01/10.84 [compact=2.01, fullmap=0.00/0.00], other=0.52), render=0.53/1.66, other=0.00]; finish=0.02/0.04ms; outside-update-draw=13.13ms; draws=162, maps=4, entities=23, lights=3
2026-09-08 23:30:19.014 +02:00 [INF] System window closing (due to user interaction most likely).
2026-09-08 23:30:19.015 +02:00 [INF] Disconnected [821177ef-59aa-4803-8490-ce069417b4e3].
2026-09-08 23:30:19.015 +02:00 [INF] Updating active permission set to 'default'
2026-09-08 23:30:19.043 +02:00 [INF] Acquiring context lock... (0ms)
2026-09-08 23:30:19.043 +02:00 [INF] Acquired. (0ms)
2026-09-08 23:30:19.044 +02:00 [INF] Beginning context dispose. (0ms)
2026-09-08 23:30:19.044 +02:00 [INF] GC.SuppressFinalize (0ms)
2026-09-08 23:30:19.044 +02:00 [INF] InternalDispose() completed. (0ms)
2026-09-08 23:30:19.044 +02:00 [INF] Clearing instance... (1ms)
2026-09-08 23:30:19.044 +02:00 [INF] Releasing context lock... (1ms)
2026-09-08 23:30:19.044 +02:00 [INF] Released. (1ms)
