2026-04-23 18:10:58.779 +06:00 [INF] Starting Intersect Client v0.8.0.0-custom+32d39132dace1351f63375b261f241297dd35be8-dirty
2026-04-23 18:10:59.032 +06:00 [INF] Discovered service type: Intersect.Plugins.PluginService
2026-04-23 18:10:59.035 +06:00 [WRN] Directory was specified as a plugin directory but does not exist: 'resources\plugins'
2026-04-23 18:10:59.036 +06:00 [INF] Discovered 0 plugins:

2026-04-23 18:11:17.019 +06:00 [INF] Connecting to 127.0.0.1:5400...
2026-04-23 18:11:17.036 +06:00 [INF] Connected [26592e50-1a19-41b9-b0c9-01b022db83c4].
2026-04-23 18:11:17.056 +06:00 [INF] Connection approved [26592e50-1a19-41b9-b0c9-01b022db83c4].
2026-04-23 18:11:17.142 +06:00 [INF] Updated PermissionSet 'default'
2026-04-23 18:11:27.487 +06:00 [INF] Updated PermissionSet 'admin'
2026-04-23 18:11:27.487 +06:00 [INF] Updating active permission set to 'admin'
2026-04-23 18:11:27.618 +06:00 [WRN] Unable to add '_buttonLogout' to the JSON of MainMenu.SelectCharacterWindow._innerPanel._buttonsPanel because a sibling shares the same name
2026-04-23 18:11:28.294 +06:00 [WRN] 'Me' is null.
2026-04-23 18:11:28.794 +06:00 [INF] Built VBO for map 27c6a7b2-4e9f-4316-9a0f-e13ec8e16ba2 'Forest' in 37.674ms
2026-04-23 18:11:33.144 +06:00 [INF] Built VBO for map c15f8299-8999-471f-9760-388ff4cdec7c 'Forest' in 10.6217ms
2026-04-23 18:12:04.787 +06:00 [INF] System window closing (due to user interaction most likely).
2026-04-23 18:12:04.790 +06:00 [INF] Disconnected [26592e50-1a19-41b9-b0c9-01b022db83c4].
2026-04-23 18:12:04.791 +06:00 [INF] Updating active permission set to 'default'
2026-04-23 18:12:04.811 +06:00 [INF] Acquiring context lock... (0ms)
2026-04-23 18:12:04.811 +06:00 [INF] Acquired. (0ms)
2026-04-23 18:12:04.812 +06:00 [INF] Beginning context dispose. (0ms)
2026-04-23 18:12:04.812 +06:00 [INF] GC.SuppressFinalize (0ms)
2026-04-23 18:12:04.812 +06:00 [INF] InternalDispose() completed. (0ms)
2026-04-23 18:12:04.812 +06:00 [INF] Clearing instance... (1ms)
2026-04-23 18:12:04.812 +06:00 [INF] Releasing context lock... (1ms)
2026-04-23 18:12:04.812 +06:00 [INF] Released. (1ms)
