2026-07-05 04:04:01.025 +02:00 [INF] Starting Intersect Client v0.8.0.0-custom+32d39132dace1351f63375b261f241297dd35be8-dirty
2026-07-05 04:04:01.276 +02:00 [INF] Discovered service type: Intersect.Plugins.PluginService
2026-07-05 04:04:01.280 +02:00 [WRN] Directory was specified as a plugin directory but does not exist: 'resources\plugins'
2026-07-05 04:04:01.281 +02:00 [INF] Discovered 0 plugins:

2026-07-05 04:04:03.440 +02:00 [INF] Connecting to 127.0.0.1:5400...
2026-07-05 04:04:03.464 +02:00 [INF] Connected [0f030300-1b3c-4a09-8a06-45e302eb1188].
2026-07-05 04:04:03.485 +02:00 [INF] Connection approved [0f030300-1b3c-4a09-8a06-45e302eb1188].
2026-07-05 04:04:03.602 +02:00 [INF] Updated PermissionSet 'default'
2026-07-05 04:04:07.132 +02:00 [INF] Updated PermissionSet 'admin'
2026-07-05 04:04:07.132 +02:00 [INF] Updating active permission set to 'admin'
2026-07-05 04:04:09.076 +02:00 [WRN] 'Me' is null.
2026-07-05 04:04:10.231 +02:00 [INF] Built VBO for map 15601ad4-9f26-4abe-a6c9-3a7eebaa3045 'Forest' in 26.133ms
2026-07-05 04:04:10.237 +02:00 [INF] Built VBO for map d490222a-af25-4a7f-bec3-7ca8016e08d7 'New Map' in 5.372ms
2026-07-05 04:04:10.247 +02:00 [INF] Built VBO for map 000bacda-f0e9-4a92-ab09-e55bd4ad15c1 'New Map' in 5.2266ms
2026-07-05 04:04:10.343 +02:00 [ERR] Exception thrown while trying to load 'resources/tilesets/water_shore_marker.png'
System.IO.FileNotFoundException: Could not find file 'F:\game code engine\Intersect_New\Intersect.Client\resources\tilesets\water_shore_marker.png'.
File name: 'F:\game code engine\Intersect_New\Intersect.Client\resources\tilesets\water_shore_marker.png'
   at Microsoft.Win32.SafeHandles.SafeFileHandle.CreateFile(String fullPath, FileMode mode, FileAccess access, FileShare share, FileOptions options)
   at Microsoft.Win32.SafeHandles.SafeFileHandle.Open(String fullPath, FileMode mode, FileAccess access, FileShare share, FileOptions options, Int64 preallocationSize, Nullable`1 unixCreateMode)
   at System.IO.Strategies.OSFileStreamStrategy..ctor(String path, FileMode mode, FileAccess access, FileShare share, FileOptions options, Int64 preallocationSize, Nullable`1 unixCreateMode)
   at System.IO.Strategies.FileStreamHelpers.ChooseStrategyCore(String path, FileMode mode, FileAccess access, FileShare share, FileOptions options, Int64 preallocationSize, Nullable`1 unixCreateMode)
   at System.IO.File.OpenRead(String path)
   at Intersect.Client.Framework.Graphics.GameRenderer.<>c__DisplayClass182_0.<LoadTexture>b__0() in F:\game code engine\Intersect_New\Intersect.Client.Framework\Graphics\GameRenderer.cs:line 1027
   at Intersect.Client.Framework.Graphics.GameTexture`2.LoadPlatformTexture(Boolean force) in F:\game code engine\Intersect_New\Intersect.Client.Framework\Graphics\GameTexture.cs:line 279
2026-07-05 04:04:10.344 +02:00 [INF] Built VBO for map 27c6a7b2-4e9f-4316-9a0f-e13ec8e16ba2 'Forest' in 96.5568ms
2026-07-05 04:04:10.360 +02:00 [INF] Built VBO for map e341d25d-5ff4-4cd6-bcd5-2f2cda710c86 'Greenfall Vale' in 13.193ms
2026-07-05 04:04:10.366 +02:00 [INF] Built VBO for map f519d3ea-b6f4-4b17-b87a-1dcf003cd3ec 'New Map' in 5.1121ms
2026-07-05 04:04:15.076 +02:00 [INF] Built VBO for map 9802b09c-f592-4d93-8e11-d3424500716c 'Deep Forest' in 5.3508ms
2026-07-05 04:04:15.092 +02:00 [INF] Built VBO for map 27c6a7b2-4e9f-4316-9a0f-e13ec8e16ba2 'Forest' in 15.1733ms
2026-07-05 04:04:15.594 +02:00 [INF] Built VBO for map 15601ad4-9f26-4abe-a6c9-3a7eebaa3045 'Forest' in 4.0851ms
2026-07-05 04:04:16.135 +02:00 [INF] Built VBO for map a31f210c-f5fb-48bf-9db2-45fab2293a4c 'Forest' in 43.6027ms
2026-07-05 04:05:07.512 +02:00 [INF] System window closing (due to user interaction most likely).
2026-07-05 04:05:07.515 +02:00 [INF] Disconnected [0f030300-1b3c-4a09-8a06-45e302eb1188].
2026-07-05 04:05:07.516 +02:00 [INF] Updating active permission set to 'default'
2026-07-05 04:05:07.546 +02:00 [INF] Acquiring context lock... (0ms)
2026-07-05 04:05:07.546 +02:00 [INF] Acquired. (0ms)
2026-07-05 04:05:07.547 +02:00 [INF] Beginning context dispose. (0ms)
2026-07-05 04:05:07.548 +02:00 [INF] GC.SuppressFinalize (0ms)
2026-07-05 04:05:07.548 +02:00 [INF] InternalDispose() completed. (0ms)
2026-07-05 04:05:07.548 +02:00 [INF] Clearing instance... (1ms)
2026-07-05 04:05:07.548 +02:00 [INF] Releasing context lock... (1ms)
2026-07-05 04:05:07.548 +02:00 [INF] Released. (1ms)
