2026-03-25 13:19:21.531 +01:00 [INF] Starting Intersect Client v0.8.0.0-custom+32d39132dace1351f63375b261f241297dd35be8-dirty
2026-03-25 13:19:21.915 +01:00 [INF] Discovered service type: Intersect.Plugins.PluginService
2026-03-25 13:19:21.923 +01:00 [WRN] Directory was specified as a plugin directory but does not exist: 'resources\plugins'
2026-03-25 13:19:21.924 +01:00 [INF] Discovered 0 plugins:

2026-03-25 13:19:27.472 +01:00 [INF] Connecting to 127.0.0.1:5400...
2026-03-25 13:19:27.492 +01:00 [INF] Connected [65b37801-e535-44bc-a35f-318d79fb01b2].
2026-03-25 13:19:27.511 +01:00 [INF] Connection approved [65b37801-e535-44bc-a35f-318d79fb01b2].
2026-03-25 13:19:27.598 +01:00 [INF] Updated PermissionSet 'default'
2026-03-25 13:19:28.556 +01:00 [INF] Updated PermissionSet 'admin'
2026-03-25 13:19:28.556 +01:00 [INF] Updating active permission set to 'admin'
2026-03-25 13:19:28.694 +01:00 [WRN] Unable to add '_buttonLogout' to the JSON of MainMenu.SelectCharacterWindow._innerPanel._buttonsPanel because a sibling shares the same name
2026-03-25 13:19:29.681 +01:00 [WRN] 'Me' is null.
2026-03-25 13:19:30.201 +01:00 [INF] Built VBO for map 73ba8458-f8de-4f78-a254-c91b18418ed0 'forest' in 16.3371ms
2026-03-25 13:19:30.212 +01:00 [INF] Built VBO for map 850ddb26-5568-4376-b8e0-346c04cb81ef 'forest' in 5.5918ms
2026-03-25 13:19:37.117 +01:00 [INF] Built VBO for map 27c6a7b2-4e9f-4316-9a0f-e13ec8e16ba2 'New Map' in 10.1878ms
2026-03-25 13:23:33.103 +01:00 [INF] System window closing (due to user interaction most likely).
2026-03-25 13:23:33.106 +01:00 [INF] Disconnected [65b37801-e535-44bc-a35f-318d79fb01b2].
2026-03-25 13:23:33.106 +01:00 [INF] Updating active permission set to 'default'
2026-03-25 13:23:33.215 +01:00 [INF] Acquiring context lock... (0ms)
2026-03-25 13:23:33.215 +01:00 [INF] Acquired. (0ms)
2026-03-25 13:23:33.215 +01:00 [INF] Beginning context dispose. (0ms)
2026-03-25 13:23:33.216 +01:00 [INF] GC.SuppressFinalize (0ms)
2026-03-25 13:23:33.216 +01:00 [INF] InternalDispose() completed. (0ms)
2026-03-25 13:23:33.216 +01:00 [INF] Clearing instance... (1ms)
2026-03-25 13:23:33.216 +01:00 [INF] Releasing context lock... (1ms)
2026-03-25 13:23:33.216 +01:00 [INF] Released. (1ms)
