2026-05-30 17:42:12.272 +02:00 [INF] Starting Intersect Client v0.8.0.0-custom+32d39132dace1351f63375b261f241297dd35be8-dirty
2026-05-30 17:42:12.491 +02:00 [INF] Discovered service type: Intersect.Plugins.PluginService
2026-05-30 17:42:12.494 +02:00 [WRN] Directory was specified as a plugin directory but does not exist: 'resources\plugins'
2026-05-30 17:42:12.495 +02:00 [INF] Discovered 0 plugins:

2026-05-30 17:42:14.623 +02:00 [INF] Connecting to 127.0.0.1:5400...
2026-05-30 17:42:14.643 +02:00 [INF] Connected [42721ed9-e7e3-456a-ae35-8ffc23966d9c].
2026-05-30 17:42:14.662 +02:00 [INF] Connection approved [42721ed9-e7e3-456a-ae35-8ffc23966d9c].
2026-05-30 17:42:14.763 +02:00 [INF] Updated PermissionSet 'default'
2026-05-30 17:42:19.080 +02:00 [INF] Updated PermissionSet 'admin'
2026-05-30 17:42:19.080 +02:00 [INF] Updating active permission set to 'admin'
2026-05-30 17:42:19.487 +02:00 [WRN] 'Me' is null.
2026-05-30 17:42:19.753 +02:00 [WRN] Tried to load entity "f748a57f-2b1b-4791-910e-91ddb85352c2" (Oran) from packet before in-game UI was ready
2026-05-30 17:42:19.759 +02:00 [WRN] Tried to load entity "f748a57f-2b1b-4791-910e-91ddb85352c2" (Oran) from packet before in-game UI was ready
2026-05-30 17:42:20.392 +02:00 [INF] Built VBO for map a31f210c-f5fb-48bf-9db2-45fab2293a4c 'Forest' in 117.7713ms
2026-05-30 17:42:20.704 +02:00 [INF] Built VBO for map 27c6a7b2-4e9f-4316-9a0f-e13ec8e16ba2 'Forest' in 85.2276ms
2026-05-30 17:42:48.599 +02:00 [INF] Built VBO for map a31f210c-f5fb-48bf-9db2-45fab2293a4c 'Forest' in 54.241ms
2026-05-30 17:42:48.631 +02:00 [INF] Built VBO for map 27c6a7b2-4e9f-4316-9a0f-e13ec8e16ba2 'Forest' in 14.3814ms
2026-05-30 17:43:33.153 +02:00 [INF] Built VBO for map a31f210c-f5fb-48bf-9db2-45fab2293a4c 'Forest' in 58.5861ms
2026-05-30 17:43:33.186 +02:00 [INF] Built VBO for map 27c6a7b2-4e9f-4316-9a0f-e13ec8e16ba2 'Forest' in 14.3786ms
2026-05-30 17:43:41.038 +02:00 [INF] Built VBO for map a31f210c-f5fb-48bf-9db2-45fab2293a4c 'Forest' in 51.1718ms
2026-05-30 17:43:41.071 +02:00 [INF] Built VBO for map 27c6a7b2-4e9f-4316-9a0f-e13ec8e16ba2 'Forest' in 15.3325ms
2026-05-30 17:43:48.150 +02:00 [INF] Built VBO for map a31f210c-f5fb-48bf-9db2-45fab2293a4c 'Forest' in 52.1884ms
2026-05-30 17:43:48.187 +02:00 [INF] Built VBO for map 27c6a7b2-4e9f-4316-9a0f-e13ec8e16ba2 'Forest' in 18.0426ms
2026-05-30 17:43:54.116 +02:00 [INF] Built VBO for map a31f210c-f5fb-48bf-9db2-45fab2293a4c 'Forest' in 50.7014ms
2026-05-30 17:43:54.147 +02:00 [INF] Built VBO for map 27c6a7b2-4e9f-4316-9a0f-e13ec8e16ba2 'Forest' in 12.9129ms
2026-05-30 17:44:48.421 +02:00 [INF] Built VBO for map a31f210c-f5fb-48bf-9db2-45fab2293a4c 'Forest' in 51.0392ms
2026-05-30 17:44:48.453 +02:00 [INF] Built VBO for map 27c6a7b2-4e9f-4316-9a0f-e13ec8e16ba2 'Forest' in 13.5069ms
2026-05-30 17:44:53.404 +02:00 [INF] System window closing (due to user interaction most likely).
2026-05-30 17:44:53.407 +02:00 [INF] Disconnected [42721ed9-e7e3-456a-ae35-8ffc23966d9c].
2026-05-30 17:44:53.408 +02:00 [INF] Updating active permission set to 'default'
2026-05-30 17:44:53.444 +02:00 [INF] Acquiring context lock... (0ms)
2026-05-30 17:44:53.444 +02:00 [INF] Acquired. (0ms)
2026-05-30 17:44:53.445 +02:00 [INF] Beginning context dispose. (0ms)
2026-05-30 17:44:53.446 +02:00 [INF] GC.SuppressFinalize (0ms)
2026-05-30 17:44:53.446 +02:00 [INF] InternalDispose() completed. (0ms)
2026-05-30 17:44:53.446 +02:00 [INF] Clearing instance... (1ms)
2026-05-30 17:44:53.446 +02:00 [INF] Releasing context lock... (1ms)
2026-05-30 17:44:53.446 +02:00 [INF] Released. (1ms)
