2026-07-03 16:34:17.617 +02:00 [INF] Starting Intersect Client v0.8.0.0-custom+32d39132dace1351f63375b261f241297dd35be8-dirty
2026-07-03 16:34:17.847 +02:00 [INF] Discovered service type: Intersect.Plugins.PluginService
2026-07-03 16:34:17.851 +02:00 [WRN] Directory was specified as a plugin directory but does not exist: 'resources\plugins'
2026-07-03 16:34:17.852 +02:00 [INF] Discovered 0 plugins:

2026-07-03 16:34:19.918 +02:00 [INF] Connecting to 127.0.0.1:5400...
2026-07-03 16:34:19.928 +02:00 [INF] Connected [2067389a-4cac-466c-83d6-99659144bbcb].
2026-07-03 16:34:19.955 +02:00 [INF] Connection approved [2067389a-4cac-466c-83d6-99659144bbcb].
2026-07-03 16:34:20.068 +02:00 [INF] Updated PermissionSet 'default'
2026-07-03 16:34:20.068 +02:00 [INF] Updated PermissionSet 'admin'
2026-07-03 16:34:24.485 +02:00 [INF] Updating active permission set to 'admin'
2026-07-03 16:34:27.011 +02:00 [WRN] 'Me' is null.
2026-07-03 16:34:27.489 +02:00 [WRN] Failed to deserialized cached data for ObjectCacheKey { Id = Id { Guid = 9802b09c-f592-4d93-8e11-d3424500716c }, Checksum = , Version =  }, will fetch again
2026-07-03 16:34:27.490 +02:00 [WRN] Failed to deserialized cached data for ObjectCacheKey { Id = Id { Guid = 15601ad4-9f26-4abe-a6c9-3a7eebaa3045 }, Checksum = , Version =  }, will fetch again
2026-07-03 16:34:27.491 +02:00 [WRN] Failed to deserialized cached data for ObjectCacheKey { Id = Id { Guid = d490222a-af25-4a7f-bec3-7ca8016e08d7 }, Checksum = , Version =  }, will fetch again
2026-07-03 16:34:27.492 +02:00 [WRN] Failed to deserialized cached data for ObjectCacheKey { Id = Id { Guid = a31f210c-f5fb-48bf-9db2-45fab2293a4c }, Checksum = , Version =  }, will fetch again
2026-07-03 16:34:27.493 +02:00 [WRN] Failed to deserialized cached data for ObjectCacheKey { Id = Id { Guid = e341d25d-5ff4-4cd6-bcd5-2f2cda710c86 }, Checksum = , Version =  }, will fetch again
2026-07-03 16:34:27.494 +02:00 [WRN] Failed to deserialized cached data for ObjectCacheKey { Id = Id { Guid = 27c6a7b2-4e9f-4316-9a0f-e13ec8e16ba2 }, Checksum = , Version =  }, will fetch again
2026-07-03 16:34:28.148 +02:00 [ERR] Exception thrown while trying to load 'resources/tilesets/water_shore_marker.png'
System.IO.FileNotFoundException: Could not find file 'F:\game code engine\Intersect_New\Intersect.Client\resources\tilesets\water_shore_marker.png'.
File name: 'F:\game code engine\Intersect_New\Intersect.Client\resources\tilesets\water_shore_marker.png'
   at Microsoft.Win32.SafeHandles.SafeFileHandle.CreateFile(String fullPath, FileMode mode, FileAccess access, FileShare share, FileOptions options)
   at Microsoft.Win32.SafeHandles.SafeFileHandle.Open(String fullPath, FileMode mode, FileAccess access, FileShare share, FileOptions options, Int64 preallocationSize, Nullable`1 unixCreateMode)
   at System.IO.Strategies.OSFileStreamStrategy..ctor(String path, FileMode mode, FileAccess access, FileShare share, FileOptions options, Int64 preallocationSize, Nullable`1 unixCreateMode)
   at System.IO.File.OpenRead(String path)
   at Intersect.Client.Framework.Graphics.GameRenderer.<>c__DisplayClass182_0.<LoadTexture>b__0() in F:\game code engine\Intersect_New\Intersect.Client.Framework\Graphics\GameRenderer.cs:line 1027
   at Intersect.Client.Framework.Graphics.GameTexture`2.LoadPlatformTexture(Boolean force) in F:\game code engine\Intersect_New\Intersect.Client.Framework\Graphics\GameTexture.cs:line 279
2026-07-03 16:34:28.162 +02:00 [INF] Built VBO for map 9802b09c-f592-4d93-8e11-d3424500716c 'Deep Forest' in 53.5173ms
2026-07-03 16:34:28.170 +02:00 [INF] Built VBO for map 15601ad4-9f26-4abe-a6c9-3a7eebaa3045 'Forest' in 8.127ms
2026-07-03 16:34:28.182 +02:00 [INF] Built VBO for map d490222a-af25-4a7f-bec3-7ca8016e08d7 'New Map' in 6.1091ms
2026-07-03 16:34:28.310 +02:00 [INF] Built VBO for map a31f210c-f5fb-48bf-9db2-45fab2293a4c 'Forest' in 126.7645ms
2026-07-03 16:34:28.364 +02:00 [INF] Built VBO for map 27c6a7b2-4e9f-4316-9a0f-e13ec8e16ba2 'Forest' in 52.738ms
2026-07-03 16:34:28.370 +02:00 [INF] Built VBO for map e341d25d-5ff4-4cd6-bcd5-2f2cda710c86 'Greenfall Vale' in 5.3101ms
2026-07-03 16:35:03.125 +02:00 [FTL] Game is crashing due to an exception
System.ObjectDisposedException: Cannot access a disposed object.
Object name: 'Intersect.Client.Entities.Animation'.
   at Intersect.Client.Entities.Animation.Dispose() in F:\game code engine\Intersect_New\Intersect.Client.Core\Entities\Animation.cs:line 306
   at Intersect.Client.Entities.Entity.TryRemoveAnimation(Animation animation, AnimationSource animationSource, Boolean dispose) in F:\game code engine\Intersect_New\Intersect.Client.Core\Entities\Entity.cs:line 1539
   at Intersect.Client.Entities.Entity.TryRemoveAnimation(Animation animation, Boolean dispose) in F:\game code engine\Intersect_New\Intersect.Client.Core\Entities\Entity.cs:line 1526
   at Intersect.Client.Entities.Entity.Update() in F:\game code engine\Intersect_New\Intersect.Client.Core\Entities\Entity.cs:line 1258
   at Intersect.Client.Core.Main.ProcessGame(TimeSpan deltaTime) in F:\game code engine\Intersect_New\Intersect.Client.Core\Core\Main.cs:line 291
   at Intersect.Client.Core.Main.Update(TimeSpan deltaTime) in F:\game code engine\Intersect_New\Intersect.Client.Core\Core\Main.cs:line 109
   at Intersect.Client.MonoGame.IntersectGame.Update(GameTime gameTime) in F:\game code engine\Intersect_New\Intersect.Client.Core\MonoGame\IntersectGame.cs:line 230
   at Microsoft.Xna.Framework.Game.Tick()
   at Microsoft.Xna.Framework.SdlGamePlatform.RunLoop()
   at Microsoft.Xna.Framework.Game.Run(GameRunBehavior runBehavior)
   at Microsoft.Xna.Framework.Game.Run()
   at Intersect.Client.MonoGame.IntersectGame.MonoGameRunner.Start(IClientContext context, Action postStartupAction) in F:\game code engine\Intersect_New\Intersect.Client.Core\MonoGame\IntersectGame.cs:line 627
2026-07-03 16:35:03.159 +02:00 [INF] Acquiring context lock... (0ms)
2026-07-03 16:35:03.159 +02:00 [INF] Acquired. (0ms)
2026-07-03 16:35:03.159 +02:00 [INF] Beginning context dispose. (0ms)
2026-07-03 16:35:03.160 +02:00 [INF] GC.SuppressFinalize (0ms)
2026-07-03 16:35:03.160 +02:00 [INF] InternalDispose() completed. (0ms)
2026-07-03 16:35:03.160 +02:00 [INF] Clearing instance... (1ms)
2026-07-03 16:35:03.160 +02:00 [INF] Releasing context lock... (1ms)
2026-07-03 16:35:03.160 +02:00 [INF] Released. (1ms)
2026-07-03 16:35:03.160 +02:00 [ERR] Failed to start application context
System.ObjectDisposedException: Cannot access a disposed object.
Object name: 'Intersect.Client.Entities.Animation'.
   at Intersect.Client.Entities.Animation.Dispose() in F:\game code engine\Intersect_New\Intersect.Client.Core\Entities\Animation.cs:line 306
   at Intersect.Client.Entities.Entity.TryRemoveAnimation(Animation animation, AnimationSource animationSource, Boolean dispose) in F:\game code engine\Intersect_New\Intersect.Client.Core\Entities\Entity.cs:line 1539
   at Intersect.Client.Entities.Entity.TryRemoveAnimation(Animation animation, Boolean dispose) in F:\game code engine\Intersect_New\Intersect.Client.Core\Entities\Entity.cs:line 1526
   at Intersect.Client.Entities.Entity.Update() in F:\game code engine\Intersect_New\Intersect.Client.Core\Entities\Entity.cs:line 1258
   at Intersect.Client.Core.Main.ProcessGame(TimeSpan deltaTime) in F:\game code engine\Intersect_New\Intersect.Client.Core\Core\Main.cs:line 291
   at Intersect.Client.Core.Main.Update(TimeSpan deltaTime) in F:\game code engine\Intersect_New\Intersect.Client.Core\Core\Main.cs:line 109
   at Intersect.Client.MonoGame.IntersectGame.Update(GameTime gameTime) in F:\game code engine\Intersect_New\Intersect.Client.Core\MonoGame\IntersectGame.cs:line 230
   at Microsoft.Xna.Framework.Game.Tick()
   at Microsoft.Xna.Framework.SdlGamePlatform.RunLoop()
   at Microsoft.Xna.Framework.Game.Run(GameRunBehavior runBehavior)
   at Microsoft.Xna.Framework.Game.Run()
   at Intersect.Client.MonoGame.IntersectGame.MonoGameRunner.Start(IClientContext context, Action postStartupAction) in F:\game code engine\Intersect_New\Intersect.Client.Core\MonoGame\IntersectGame.cs:line 627
   at Intersect.Client.Core.ClientContext.InternalStart() in F:\game code engine\Intersect_New\Intersect.Client.Core\Core\ClientContext.cs:line 97
   at Intersect.Core.ApplicationContext`2.Start(Boolean lockUntilShutdown) in F:\game code engine\Intersect_New\Intersect (Core)\Core\ApplicationContext`2.cs:line 245
