2026-04-23 17:14:11.658 +06:00 [INF] Starting Intersect Client v0.8.0.0-custom+32d39132dace1351f63375b261f241297dd35be8-dirty
2026-04-23 17:14:11.859 +06:00 [INF] Discovered service type: Intersect.Plugins.PluginService
2026-04-23 17:14:11.863 +06:00 [WRN] Directory was specified as a plugin directory but does not exist: 'resources\plugins'
2026-04-23 17:14:11.864 +06:00 [INF] Discovered 0 plugins:

2026-04-23 17:14:13.824 +06:00 [INF] Connecting to 127.0.0.1:5400...
2026-04-23 17:14:13.833 +06:00 [INF] Connected [b305c6c4-7c97-4ac2-ad3a-a6139037e23f].
2026-04-23 17:14:13.849 +06:00 [INF] Connection approved [b305c6c4-7c97-4ac2-ad3a-a6139037e23f].
2026-04-23 17:14:13.928 +06:00 [INF] Updated PermissionSet 'default'
2026-04-23 17:14:13.928 +06:00 [INF] Updated PermissionSet 'admin'
2026-04-23 17:14:19.097 +06:00 [INF] Updating active permission set to 'admin'
2026-04-23 17:14:19.226 +06:00 [WRN] Unable to add '_buttonLogout' to the JSON of MainMenu.SelectCharacterWindow._innerPanel._buttonsPanel because a sibling shares the same name
2026-04-23 17:14:19.890 +06:00 [WRN] 'Me' is null.
2026-04-23 17:14:20.457 +06:00 [INF] Built VBO for map 27c6a7b2-4e9f-4316-9a0f-e13ec8e16ba2 'Forest' in 37.5573ms
2026-04-23 17:14:29.496 +06:00 [INF] Built VBO for map c15f8299-8999-471f-9760-388ff4cdec7c 'Forest' in 10.7089ms
2026-04-23 17:14:38.495 +06:00 [INF] Built VBO for map 27c6a7b2-4e9f-4316-9a0f-e13ec8e16ba2 'Forest' in 4.539ms
2026-04-23 17:15:56.634 +06:00 [INF] Built VBO for map 27c6a7b2-4e9f-4316-9a0f-e13ec8e16ba2 'Forest' in 2.7264ms
2026-04-23 17:18:06.256 +06:00 [INF] System window closing (due to user interaction most likely).
2026-04-23 17:18:06.259 +06:00 [INF] Disconnected [b305c6c4-7c97-4ac2-ad3a-a6139037e23f].
2026-04-23 17:18:06.260 +06:00 [INF] Updating active permission set to 'default'
2026-04-23 17:18:06.295 +06:00 [INF] Acquiring context lock... (0ms)
2026-04-23 17:18:06.295 +06:00 [INF] Acquired. (0ms)
2026-04-23 17:18:06.296 +06:00 [INF] Beginning context dispose. (0ms)
2026-04-23 17:18:06.297 +06:00 [INF] GC.SuppressFinalize (0ms)
2026-04-23 17:18:06.297 +06:00 [INF] InternalDispose() completed. (0ms)
2026-04-23 17:18:06.297 +06:00 [INF] Clearing instance... (1ms)
2026-04-23 17:18:06.297 +06:00 [INF] Releasing context lock... (1ms)
2026-04-23 17:18:06.297 +06:00 [INF] Released. (1ms)
