2026-05-20 17:32:13.029 +02:00 [INF] Starting Intersect Client v0.8.0.0-custom+32d39132dace1351f63375b261f241297dd35be8-dirty
2026-05-20 17:32:13.234 +02:00 [INF] Discovered service type: Intersect.Plugins.PluginService
2026-05-20 17:32:13.238 +02:00 [WRN] Directory was specified as a plugin directory but does not exist: 'resources\plugins'
2026-05-20 17:32:13.239 +02:00 [INF] Discovered 0 plugins:

2026-05-20 17:32:35.561 +02:00 [INF] Connecting to 127.0.0.1:5400...
2026-05-20 17:32:35.570 +02:00 [INF] Connected [4abf2278-1793-428a-8b55-7f864197f957].
2026-05-20 17:32:35.586 +02:00 [INF] Connection approved [4abf2278-1793-428a-8b55-7f864197f957].
2026-05-20 17:32:35.674 +02:00 [INF] Updated PermissionSet 'default'
2026-05-20 17:32:35.674 +02:00 [INF] Updated PermissionSet 'admin'
2026-05-20 17:32:44.692 +02:00 [INF] Updating active permission set to 'admin'
2026-05-20 17:32:45.183 +02:00 [WRN] 'Me' is null.
2026-05-20 17:32:45.849 +02:00 [INF] Built VBO for map e341d25d-5ff4-4cd6-bcd5-2f2cda710c86 'Forest' in 20.0757ms
2026-05-20 17:33:28.077 +02:00 [INF] Built VBO for map e341d25d-5ff4-4cd6-bcd5-2f2cda710c86 'Forest' in 2.809ms
2026-05-20 17:33:37.778 +02:00 [INF] Built VBO for map e341d25d-5ff4-4cd6-bcd5-2f2cda710c86 'Forest' in 2.9871ms
2026-05-20 17:33:40.031 +02:00 [INF] Built VBO for map 27c6a7b2-4e9f-4316-9a0f-e13ec8e16ba2 'Forest' in 86.887ms
2026-05-20 17:34:55.921 +02:00 [INF] Built VBO for map e341d25d-5ff4-4cd6-bcd5-2f2cda710c86 'Forest' in 2.7757ms
2026-05-20 17:35:19.238 +02:00 [INF] Built VBO for map 27c6a7b2-4e9f-4316-9a0f-e13ec8e16ba2 'Forest' in 10.8696ms
2026-05-20 17:35:20.589 +02:00 [INF] Built VBO for map 27c6a7b2-4e9f-4316-9a0f-e13ec8e16ba2 'Forest' in 10.5269ms
2026-05-20 17:35:39.634 +02:00 [INF] Built VBO for map 27c6a7b2-4e9f-4316-9a0f-e13ec8e16ba2 'Forest' in 12.0114ms
2026-05-20 17:35:44.558 +02:00 [INF] Built VBO for map a31f210c-f5fb-48bf-9db2-45fab2293a4c 'Forest' in 39.436ms
2026-05-20 17:36:10.611 +02:00 [INF] Built VBO for map 27c6a7b2-4e9f-4316-9a0f-e13ec8e16ba2 'Forest' in 11.2413ms
2026-05-20 17:36:17.237 +02:00 [INF] Built VBO for map 27c6a7b2-4e9f-4316-9a0f-e13ec8e16ba2 'Forest' in 38.4574ms
2026-05-20 17:36:33.079 +02:00 [INF] Built VBO for map 27c6a7b2-4e9f-4316-9a0f-e13ec8e16ba2 'Forest' in 42.501ms
2026-05-20 17:36:48.761 +02:00 [INF] Built VBO for map 27c6a7b2-4e9f-4316-9a0f-e13ec8e16ba2 'Forest' in 44.6433ms
2026-05-20 17:37:06.247 +02:00 [INF] Built VBO for map 27c6a7b2-4e9f-4316-9a0f-e13ec8e16ba2 'Forest' in 38.669ms
2026-05-20 17:37:41.522 +02:00 [INF] Built VBO for map 27c6a7b2-4e9f-4316-9a0f-e13ec8e16ba2 'Forest' in 39.5202ms
2026-05-20 17:37:53.929 +02:00 [INF] Built VBO for map 27c6a7b2-4e9f-4316-9a0f-e13ec8e16ba2 'Forest' in 68.7299ms
2026-05-20 17:38:33.722 +02:00 [INF] Built VBO for map 27c6a7b2-4e9f-4316-9a0f-e13ec8e16ba2 'Forest' in 36.9035ms
2026-05-20 17:38:46.110 +02:00 [INF] Built VBO for map 27c6a7b2-4e9f-4316-9a0f-e13ec8e16ba2 'Forest' in 42.0011ms
2026-05-20 17:39:23.216 +02:00 [INF] Built VBO for map 27c6a7b2-4e9f-4316-9a0f-e13ec8e16ba2 'Forest' in 40.9913ms
2026-05-20 17:40:13.069 +02:00 [INF] Built VBO for map 27c6a7b2-4e9f-4316-9a0f-e13ec8e16ba2 'Forest' in 36.278ms
2026-05-20 17:45:01.544 +02:00 [INF] System window closing (due to user interaction most likely).
2026-05-20 17:45:01.547 +02:00 [INF] Disconnected [4abf2278-1793-428a-8b55-7f864197f957].
2026-05-20 17:45:01.547 +02:00 [INF] Updating active permission set to 'default'
2026-05-20 17:45:01.583 +02:00 [INF] Acquiring context lock... (0ms)
2026-05-20 17:45:01.583 +02:00 [INF] Acquired. (0ms)
2026-05-20 17:45:01.584 +02:00 [INF] Beginning context dispose. (0ms)
2026-05-20 17:45:01.585 +02:00 [INF] GC.SuppressFinalize (0ms)
2026-05-20 17:45:01.585 +02:00 [INF] InternalDispose() completed. (0ms)
2026-05-20 17:45:01.585 +02:00 [INF] Clearing instance... (1ms)
2026-05-20 17:45:01.585 +02:00 [INF] Releasing context lock... (1ms)
2026-05-20 17:45:01.585 +02:00 [INF] Released. (1ms)
