2026-05-13 08:23:23.663 +02:00 [INF] Starting Intersect Client v0.8.0.0-custom+32d39132dace1351f63375b261f241297dd35be8-dirty
2026-05-13 08:23:23.878 +02:00 [INF] Discovered service type: Intersect.Plugins.PluginService
2026-05-13 08:23:23.881 +02:00 [WRN] Directory was specified as a plugin directory but does not exist: 'resources\plugins'
2026-05-13 08:23:23.882 +02:00 [INF] Discovered 0 plugins:

2026-05-13 08:23:27.575 +02:00 [INF] Connecting to 127.0.0.1:5400...
2026-05-13 08:23:27.598 +02:00 [INF] Connected [d898b3dc-df89-4065-ac51-6b581a5bc20b].
2026-05-13 08:23:27.616 +02:00 [INF] Connection approved [d898b3dc-df89-4065-ac51-6b581a5bc20b].
2026-05-13 08:23:27.720 +02:00 [INF] Updated PermissionSet 'default'
2026-05-13 08:23:31.969 +02:00 [INF] Updated PermissionSet 'admin'
2026-05-13 08:23:31.969 +02:00 [INF] Updating active permission set to 'admin'
2026-05-13 08:23:32.747 +02:00 [WRN] 'Me' is null.
2026-05-13 08:23:33.590 +02:00 [INF] Built VBO for map a31f210c-f5fb-48bf-9db2-45fab2293a4c 'Forest' in 12.2608ms
2026-05-13 08:23:33.624 +02:00 [INF] Built VBO for map 27c6a7b2-4e9f-4316-9a0f-e13ec8e16ba2 'Forest' in 29.4772ms
2026-05-13 08:25:59.448 +02:00 [INF] System window closing (due to user interaction most likely).
2026-05-13 08:25:59.451 +02:00 [INF] Disconnected [d898b3dc-df89-4065-ac51-6b581a5bc20b].
2026-05-13 08:25:59.452 +02:00 [INF] Updating active permission set to 'default'
2026-05-13 08:25:59.495 +02:00 [INF] Acquiring context lock... (0ms)
2026-05-13 08:25:59.495 +02:00 [INF] Acquired. (0ms)
2026-05-13 08:25:59.496 +02:00 [INF] Beginning context dispose. (0ms)
2026-05-13 08:25:59.496 +02:00 [INF] GC.SuppressFinalize (0ms)
2026-05-13 08:25:59.496 +02:00 [INF] InternalDispose() completed. (0ms)
2026-05-13 08:25:59.496 +02:00 [INF] Clearing instance... (1ms)
2026-05-13 08:25:59.496 +02:00 [INF] Releasing context lock... (1ms)
2026-05-13 08:25:59.496 +02:00 [INF] Released. (1ms)
