2026-05-25 14:28:27.308 +02:00 [INF] Starting Intersect Client v0.8.0.0-custom+32d39132dace1351f63375b261f241297dd35be8-dirty
2026-05-25 14:28:27.522 +02:00 [INF] Discovered service type: Intersect.Plugins.PluginService
2026-05-25 14:28:27.526 +02:00 [WRN] Directory was specified as a plugin directory but does not exist: 'resources\plugins'
2026-05-25 14:28:27.527 +02:00 [INF] Discovered 0 plugins:

2026-05-25 14:28:32.038 +02:00 [INF] Connecting to 127.0.0.1:5400...
2026-05-25 14:28:32.048 +02:00 [INF] Connected [b903f087-53e0-4ca4-a278-164e46ee03e7].
2026-05-25 14:28:32.056 +02:00 [INF] Connection approved [b903f087-53e0-4ca4-a278-164e46ee03e7].
2026-05-25 14:28:32.176 +02:00 [INF] Updated PermissionSet 'default'
2026-05-25 14:28:32.177 +02:00 [INF] Updated PermissionSet 'admin'
2026-05-25 14:28:39.565 +02:00 [INF] Updating active permission set to 'admin'
2026-05-25 14:28:40.159 +02:00 [WRN] 'Me' is null.
2026-05-25 14:28:40.797 +02:00 [INF] Built VBO for map d5c08240-0436-454a-8993-362abf5bc477 'New Map' in 17.8374ms
2026-05-25 14:29:30.559 +02:00 [INF] System window closing (due to user interaction most likely).
2026-05-25 14:29:30.562 +02:00 [INF] Disconnected [b903f087-53e0-4ca4-a278-164e46ee03e7].
2026-05-25 14:29:30.563 +02:00 [INF] Updating active permission set to 'default'
2026-05-25 14:29:30.589 +02:00 [INF] Acquiring context lock... (0ms)
2026-05-25 14:29:30.589 +02:00 [INF] Acquired. (0ms)
2026-05-25 14:29:30.590 +02:00 [INF] Beginning context dispose. (0ms)
2026-05-25 14:29:30.590 +02:00 [INF] GC.SuppressFinalize (0ms)
2026-05-25 14:29:30.590 +02:00 [INF] InternalDispose() completed. (0ms)
2026-05-25 14:29:30.590 +02:00 [INF] Clearing instance... (1ms)
2026-05-25 14:29:30.590 +02:00 [INF] Releasing context lock... (1ms)
2026-05-25 14:29:30.591 +02:00 [INF] Released. (1ms)
