2026-04-14 11:44:23.030 +06:00 [INF] Starting Intersect Client v0.8.0.0-custom+32d39132dace1351f63375b261f241297dd35be8-dirty
2026-04-14 11:44:23.373 +06:00 [INF] Discovered service type: Intersect.Plugins.PluginService
2026-04-14 11:44:23.381 +06:00 [WRN] Directory was specified as a plugin directory but does not exist: 'resources\plugins'
2026-04-14 11:44:23.382 +06:00 [INF] Discovered 0 plugins:

2026-04-14 11:44:26.137 +06:00 [INF] Connecting to 127.0.0.1:5400...
2026-04-14 11:44:26.160 +06:00 [INF] Connected [124f1f30-13a5-43ea-8844-a38dc3baf213].
2026-04-14 11:44:26.179 +06:00 [INF] Connection approved [124f1f30-13a5-43ea-8844-a38dc3baf213].
2026-04-14 11:44:26.273 +06:00 [INF] Updated PermissionSet 'default'
2026-04-14 11:44:29.666 +06:00 [INF] Updated PermissionSet 'admin'
2026-04-14 11:44:29.666 +06:00 [INF] Updating active permission set to 'admin'
2026-04-14 11:45:09.055 +06:00 [WRN] 'Me' is null.
2026-04-14 11:45:09.493 +06:00 [INF] Built VBO for map 23630ac6-4461-460d-8a3b-9a0d4477096f 'test 8' in 16.3491ms
2026-04-14 11:45:09.537 +06:00 [INF] Built VBO for map 73ba8458-f8de-4f78-a254-c91b18418ed0 'test 3' in 39.4651ms
2026-04-14 11:45:09.542 +06:00 [INF] Built VBO for map 27c6a7b2-4e9f-4316-9a0f-e13ec8e16ba2 'New Map' in 4.3062ms
2026-04-14 11:45:31.702 +06:00 [WRN] Unable to add '_buttonLogout' to the JSON of MainMenu.SelectCharacterWindow._innerPanel._buttonsPanel because a sibling shares the same name
2026-04-14 11:46:02.398 +06:00 [WRN] 'Me' is null.
2026-04-14 11:46:02.441 +06:00 [WRN] Tried to load entity "ad385aa0-b494-4f93-b56c-72695f4e1df6" (test24678) from packet before in-game UI was ready
2026-04-14 11:46:02.442 +06:00 [WRN] Tried to load entity "ad385aa0-b494-4f93-b56c-72695f4e1df6" (test24678) from packet before in-game UI was ready
2026-04-14 11:46:02.570 +06:00 [INF] Built VBO for map 23630ac6-4461-460d-8a3b-9a0d4477096f 'test 8' in 8.5217ms
2026-04-14 11:46:02.573 +06:00 [INF] Built VBO for map 73ba8458-f8de-4f78-a254-c91b18418ed0 'test 3' in 2.8302ms
2026-04-14 11:46:02.575 +06:00 [INF] Built VBO for map 27c6a7b2-4e9f-4316-9a0f-e13ec8e16ba2 'New Map' in 1.3538ms
2026-04-14 11:49:05.009 +06:00 [INF] System window closing (due to user interaction most likely).
2026-04-14 11:49:05.013 +06:00 [INF] Disconnected [124f1f30-13a5-43ea-8844-a38dc3baf213].
2026-04-14 11:49:05.013 +06:00 [INF] Updating active permission set to 'default'
2026-04-14 11:49:05.053 +06:00 [INF] Acquiring context lock... (0ms)
2026-04-14 11:49:05.053 +06:00 [INF] Acquired. (0ms)
2026-04-14 11:49:05.054 +06:00 [INF] Beginning context dispose. (0ms)
2026-04-14 11:49:05.054 +06:00 [INF] GC.SuppressFinalize (0ms)
2026-04-14 11:49:05.054 +06:00 [INF] InternalDispose() completed. (0ms)
2026-04-14 11:49:05.054 +06:00 [INF] Clearing instance... (1ms)
2026-04-14 11:49:05.054 +06:00 [INF] Releasing context lock... (1ms)
2026-04-14 11:49:05.054 +06:00 [INF] Released. (1ms)
