2026-05-14 06:16:28.537 +02:00 [INF] Starting Intersect Client v0.8.0.0-custom+32d39132dace1351f63375b261f241297dd35be8-dirty
2026-05-14 06:16:28.745 +02:00 [INF] Discovered service type: Intersect.Plugins.PluginService
2026-05-14 06:16:28.748 +02:00 [WRN] Directory was specified as a plugin directory but does not exist: 'resources\plugins'
2026-05-14 06:16:28.749 +02:00 [INF] Discovered 0 plugins:

2026-05-14 06:16:30.862 +02:00 [INF] Connecting to 127.0.0.1:5400...
2026-05-14 06:16:30.884 +02:00 [INF] Connected [903f13c2-1c67-45d4-8dbe-26b68bc26aff].
2026-05-14 06:16:30.897 +02:00 [INF] Connection approved [903f13c2-1c67-45d4-8dbe-26b68bc26aff].
2026-05-14 06:16:31.009 +02:00 [INF] Updated PermissionSet 'default'
2026-05-14 06:16:36.372 +02:00 [INF] Updated PermissionSet 'admin'
2026-05-14 06:16:36.373 +02:00 [INF] Updating active permission set to 'admin'
2026-05-14 06:16:37.063 +02:00 [WRN] 'Me' is null.
2026-05-14 06:16:37.820 +02:00 [INF] Built VBO for map 24cc8989-0a45-4ecb-bf58-41efcefcaeb8 'Test' in 14.31ms
2026-05-14 06:17:18.796 +02:00 [INF] Built VBO for map 27c6a7b2-4e9f-4316-9a0f-e13ec8e16ba2 'Forest' in 24.9976ms
2026-05-14 06:18:32.673 +02:00 [INF] System window closing (due to user interaction most likely).
2026-05-14 06:18:32.676 +02:00 [INF] Disconnected [903f13c2-1c67-45d4-8dbe-26b68bc26aff].
2026-05-14 06:18:32.677 +02:00 [INF] Updating active permission set to 'default'
2026-05-14 06:18:32.721 +02:00 [INF] Acquiring context lock... (0ms)
2026-05-14 06:18:32.721 +02:00 [INF] Acquired. (0ms)
2026-05-14 06:18:32.722 +02:00 [INF] Beginning context dispose. (0ms)
2026-05-14 06:18:32.722 +02:00 [INF] GC.SuppressFinalize (0ms)
2026-05-14 06:18:32.722 +02:00 [INF] InternalDispose() completed. (0ms)
2026-05-14 06:18:32.722 +02:00 [INF] Clearing instance... (1ms)
2026-05-14 06:18:32.723 +02:00 [INF] Releasing context lock... (1ms)
2026-05-14 06:18:32.723 +02:00 [INF] Released. (1ms)
