2026-04-25 01:56:24.001 +06:00 [INF] Starting Intersect Client v0.8.0.0-custom+32d39132dace1351f63375b261f241297dd35be8-dirty
2026-04-25 01:56:24.204 +06:00 [INF] Discovered service type: Intersect.Plugins.PluginService
2026-04-25 01:56:24.208 +06:00 [WRN] Directory was specified as a plugin directory but does not exist: 'resources\plugins'
2026-04-25 01:56:24.208 +06:00 [INF] Discovered 0 plugins:

2026-04-25 01:56:26.319 +06:00 [INF] Connecting to 127.0.0.1:5400...
2026-04-25 01:56:26.346 +06:00 [INF] Connected [2fef4359-3d6a-4292-80ad-01d07fcbd894].
2026-04-25 01:56:26.383 +06:00 [INF] Connection approved [2fef4359-3d6a-4292-80ad-01d07fcbd894].
2026-04-25 01:56:26.472 +06:00 [INF] Updated PermissionSet 'default'
2026-04-25 01:56:32.802 +06:00 [INF] Updated PermissionSet 'admin'
2026-04-25 01:56:32.802 +06:00 [INF] Updating active permission set to 'admin'
2026-04-25 01:56:32.954 +06:00 [WRN] Unable to add '_buttonLogout' to the JSON of MainMenu.SelectCharacterWindow._innerPanel._buttonsPanel because a sibling shares the same name
2026-04-25 01:56:33.626 +06:00 [WRN] 'Me' is null.
2026-04-25 01:56:34.167 +06:00 [INF] Built VBO for map c15f8299-8999-471f-9760-388ff4cdec7c 'Forest' in 8.546ms
2026-04-25 01:56:40.559 +06:00 [INF] Built VBO for map 27c6a7b2-4e9f-4316-9a0f-e13ec8e16ba2 'Forest' in 25.7985ms
2026-04-25 01:57:36.059 +06:00 [INF] System window closing (due to user interaction most likely).
2026-04-25 01:57:36.062 +06:00 [INF] Disconnected [2fef4359-3d6a-4292-80ad-01d07fcbd894].
2026-04-25 01:57:36.062 +06:00 [INF] Updating active permission set to 'default'
2026-04-25 01:57:36.089 +06:00 [INF] Acquiring context lock... (0ms)
2026-04-25 01:57:36.089 +06:00 [INF] Acquired. (0ms)
2026-04-25 01:57:36.090 +06:00 [INF] Beginning context dispose. (0ms)
2026-04-25 01:57:36.090 +06:00 [INF] GC.SuppressFinalize (0ms)
2026-04-25 01:57:36.090 +06:00 [INF] InternalDispose() completed. (0ms)
2026-04-25 01:57:36.090 +06:00 [INF] Clearing instance... (1ms)
2026-04-25 01:57:36.091 +06:00 [INF] Releasing context lock... (1ms)
2026-04-25 01:57:36.091 +06:00 [INF] Released. (1ms)
