2026-04-14 20:00:42.631 +06:00 [INF] Starting Intersect Client v0.8.0.0-custom+32d39132dace1351f63375b261f241297dd35be8-dirty
2026-04-14 20:00:42.935 +06:00 [INF] Discovered service type: Intersect.Plugins.PluginService
2026-04-14 20:00:42.944 +06:00 [WRN] Directory was specified as a plugin directory but does not exist: 'resources\plugins'
2026-04-14 20:00:42.944 +06:00 [INF] Discovered 0 plugins:

2026-04-14 20:00:45.364 +06:00 [INF] Connecting to 127.0.0.1:5400...
2026-04-14 20:00:45.387 +06:00 [INF] Connected [4d37209c-92fe-4a6c-a725-6f2a2c118a50].
2026-04-14 20:00:45.411 +06:00 [INF] Connection approved [4d37209c-92fe-4a6c-a725-6f2a2c118a50].
2026-04-14 20:00:45.498 +06:00 [INF] Updated PermissionSet 'default'
2026-04-14 20:00:49.127 +06:00 [INF] Updated PermissionSet 'admin'
2026-04-14 20:00:49.127 +06:00 [INF] Updating active permission set to 'admin'
2026-04-14 20:00:49.275 +06:00 [WRN] Unable to add '_buttonLogout' to the JSON of MainMenu.SelectCharacterWindow._innerPanel._buttonsPanel because a sibling shares the same name
2026-04-14 20:00:59.265 +06:00 [WRN] 'Me' is null.
2026-04-14 20:00:59.921 +06:00 [INF] Built VBO for map 73ba8458-f8de-4f78-a254-c91b18418ed0 'test 3' in 78.4251ms
2026-04-14 20:00:59.931 +06:00 [INF] Built VBO for map 27c6a7b2-4e9f-4316-9a0f-e13ec8e16ba2 'New Map' in 5.4577ms
2026-04-14 20:01:04.346 +06:00 [INF] System window closing (due to user interaction most likely).
2026-04-14 20:01:04.349 +06:00 [INF] Disconnected [4d37209c-92fe-4a6c-a725-6f2a2c118a50].
2026-04-14 20:01:04.350 +06:00 [INF] Updating active permission set to 'default'
2026-04-14 20:01:04.375 +06:00 [INF] Acquiring context lock... (0ms)
2026-04-14 20:01:04.375 +06:00 [INF] Acquired. (0ms)
2026-04-14 20:01:04.376 +06:00 [INF] Beginning context dispose. (0ms)
2026-04-14 20:01:04.376 +06:00 [INF] GC.SuppressFinalize (0ms)
2026-04-14 20:01:04.376 +06:00 [INF] InternalDispose() completed. (0ms)
2026-04-14 20:01:04.376 +06:00 [INF] Clearing instance... (1ms)
2026-04-14 20:01:04.376 +06:00 [INF] Releasing context lock... (1ms)
2026-04-14 20:01:04.376 +06:00 [INF] Released. (1ms)
