2026-07-08 17:58:27.733 +02:00 [INF] Starting Intersect Client v0.8.0.0-custom+32d39132dace1351f63375b261f241297dd35be8-dirty
2026-07-08 17:58:27.957 +02:00 [INF] Discovered service type: Intersect.Plugins.PluginService
2026-07-08 17:58:27.960 +02:00 [WRN] Directory was specified as a plugin directory but does not exist: 'resources\plugins'
2026-07-08 17:58:27.961 +02:00 [INF] Discovered 0 plugins:

2026-07-08 17:58:33.657 +02:00 [INF] Connecting to 127.0.0.1:5400...
2026-07-08 17:58:33.679 +02:00 [INF] Connected [17d88ae9-bed0-4f71-850b-3693aeb6902e].
2026-07-08 17:58:33.693 +02:00 [INF] Connection approved [17d88ae9-bed0-4f71-850b-3693aeb6902e].
2026-07-08 17:58:33.816 +02:00 [INF] Updated PermissionSet 'default'
2026-07-08 17:58:38.560 +02:00 [INF] Updated PermissionSet 'admin'
2026-07-08 17:58:38.560 +02:00 [INF] Updating active permission set to 'admin'
2026-07-08 18:20:02.383 +02:00 [INF] Disconnected [17d88ae9-bed0-4f71-850b-3693aeb6902e].
2026-07-08 18:20:02.384 +02:00 [INF] Updating active permission set to 'default'
2026-07-08 18:20:03.525 +02:00 [INF] User clicked exit button.
2026-07-08 18:20:03.544 +02:00 [INF] System window closing (due to user interaction most likely).
2026-07-08 18:20:03.569 +02:00 [INF] Acquiring context lock... (0ms)
2026-07-08 18:20:03.569 +02:00 [INF] Acquired. (0ms)
2026-07-08 18:20:03.570 +02:00 [INF] Beginning context dispose. (0ms)
2026-07-08 18:20:03.570 +02:00 [INF] GC.SuppressFinalize (0ms)
2026-07-08 18:20:03.570 +02:00 [INF] InternalDispose() completed. (0ms)
2026-07-08 18:20:03.570 +02:00 [INF] Clearing instance... (1ms)
2026-07-08 18:20:03.570 +02:00 [INF] Releasing context lock... (1ms)
2026-07-08 18:20:03.570 +02:00 [INF] Released. (1ms)
