2026-04-22 15:17:29.906 +06:00 [INF] Starting Intersect Client v0.8.0.0-custom+32d39132dace1351f63375b261f241297dd35be8-dirty
2026-04-22 15:17:30.139 +06:00 [INF] Discovered service type: Intersect.Plugins.PluginService
2026-04-22 15:17:30.142 +06:00 [WRN] Directory was specified as a plugin directory but does not exist: 'resources\plugins'
2026-04-22 15:17:30.143 +06:00 [INF] Discovered 0 plugins:

2026-04-22 15:17:33.480 +06:00 [INF] Connecting to 127.0.0.1:5400...
2026-04-22 15:17:33.503 +06:00 [INF] Connected [13c412d8-ef1b-4f94-9515-222c48d92962].
2026-04-22 15:17:33.522 +06:00 [INF] Connection approved [13c412d8-ef1b-4f94-9515-222c48d92962].
2026-04-22 15:17:33.604 +06:00 [INF] Updated PermissionSet 'default'
2026-04-22 15:17:37.327 +06:00 [INF] Updated PermissionSet 'admin'
2026-04-22 15:17:37.328 +06:00 [INF] Updating active permission set to 'admin'
2026-04-22 15:17:37.468 +06:00 [WRN] Unable to add '_buttonLogout' to the JSON of MainMenu.SelectCharacterWindow._innerPanel._buttonsPanel because a sibling shares the same name
2026-04-22 15:17:38.135 +06:00 [WRN] 'Me' is null.
2026-04-22 15:17:38.651 +06:00 [INF] Built VBO for map 27c6a7b2-4e9f-4316-9a0f-e13ec8e16ba2 'Forest' in 20.2737ms
2026-04-22 15:17:56.704 +06:00 [INF] Built VBO for map c15f8299-8999-471f-9760-388ff4cdec7c 'Forest' in 9.3055ms
2026-04-22 15:28:54.079 +06:00 [INF] Built VBO for map 27c6a7b2-4e9f-4316-9a0f-e13ec8e16ba2 'Forest' in 2.7652ms
2026-04-22 15:42:15.753 +06:00 [INF] Built VBO for map 27c6a7b2-4e9f-4316-9a0f-e13ec8e16ba2 'Forest' in 18.0508ms
2026-04-22 15:44:29.933 +06:00 [INF] Built VBO for map 27c6a7b2-4e9f-4316-9a0f-e13ec8e16ba2 'Forest' in 2.6969ms
2026-04-22 15:44:47.808 +06:00 [INF] Built VBO for map 27c6a7b2-4e9f-4316-9a0f-e13ec8e16ba2 'Forest' in 2.6569ms
2026-04-22 15:45:22.011 +06:00 [INF] Built VBO for map 27c6a7b2-4e9f-4316-9a0f-e13ec8e16ba2 'Forest' in 2.6491ms
2026-04-22 15:45:36.191 +06:00 [INF] Built VBO for map 27c6a7b2-4e9f-4316-9a0f-e13ec8e16ba2 'Forest' in 2.6282ms
2026-04-22 15:48:05.976 +06:00 [INF] Built VBO for map 27c6a7b2-4e9f-4316-9a0f-e13ec8e16ba2 'Forest' in 2.6997ms
2026-04-22 15:48:59.211 +06:00 [INF] Built VBO for map 27c6a7b2-4e9f-4316-9a0f-e13ec8e16ba2 'Forest' in 3.4609ms
2026-04-22 15:53:34.195 +06:00 [INF] Built VBO for map 27c6a7b2-4e9f-4316-9a0f-e13ec8e16ba2 'Forest' in 3.6909ms
2026-04-22 15:57:31.566 +06:00 [INF] System window closing (due to user interaction most likely).
2026-04-22 15:57:31.569 +06:00 [INF] Disconnected [13c412d8-ef1b-4f94-9515-222c48d92962].
2026-04-22 15:57:31.570 +06:00 [INF] Updating active permission set to 'default'
2026-04-22 15:57:31.665 +06:00 [INF] Acquiring context lock... (0ms)
2026-04-22 15:57:31.665 +06:00 [INF] Acquired. (0ms)
2026-04-22 15:57:31.666 +06:00 [INF] Beginning context dispose. (0ms)
2026-04-22 15:57:31.666 +06:00 [INF] GC.SuppressFinalize (0ms)
2026-04-22 15:57:31.666 +06:00 [INF] InternalDispose() completed. (0ms)
2026-04-22 15:57:31.666 +06:00 [INF] Clearing instance... (1ms)
2026-04-22 15:57:31.666 +06:00 [INF] Releasing context lock... (1ms)
2026-04-22 15:57:31.667 +06:00 [INF] Released. (1ms)
