2026-05-14 10:44:43.506 +02:00 [INF] Starting Intersect Client v0.8.0.0-custom+32d39132dace1351f63375b261f241297dd35be8-dirty
2026-05-14 10:44:43.717 +02:00 [INF] Discovered service type: Intersect.Plugins.PluginService
2026-05-14 10:44:43.721 +02:00 [WRN] Directory was specified as a plugin directory but does not exist: 'resources\plugins'
2026-05-14 10:44:43.721 +02:00 [INF] Discovered 0 plugins:

2026-05-14 10:44:47.732 +02:00 [INF] Connecting to 127.0.0.1:5400...
2026-05-14 10:44:47.754 +02:00 [INF] Connected [48ec3978-f2fd-4230-80de-26e7abbaffb4].
2026-05-14 10:44:47.766 +02:00 [INF] Connection approved [48ec3978-f2fd-4230-80de-26e7abbaffb4].
2026-05-14 10:44:47.871 +02:00 [INF] Updated PermissionSet 'default'
2026-05-14 10:44:58.617 +02:00 [INF] Updated PermissionSet 'admin'
2026-05-14 10:44:58.617 +02:00 [INF] Updating active permission set to 'admin'
2026-05-14 10:45:00.045 +02:00 [WRN] 'Me' is null.
2026-05-14 10:45:00.666 +02:00 [INF] Built VBO for map 24cc8989-0a45-4ecb-bf58-41efcefcaeb8 'Test' in 14.3966ms
2026-05-14 10:47:58.881 +02:00 [INF] System window closing (due to user interaction most likely).
2026-05-14 10:47:58.884 +02:00 [INF] Disconnected [48ec3978-f2fd-4230-80de-26e7abbaffb4].
2026-05-14 10:47:58.885 +02:00 [INF] Updating active permission set to 'default'
2026-05-14 10:47:58.932 +02:00 [INF] Acquiring context lock... (0ms)
2026-05-14 10:47:58.932 +02:00 [INF] Acquired. (0ms)
2026-05-14 10:47:58.933 +02:00 [INF] Beginning context dispose. (0ms)
2026-05-14 10:47:58.933 +02:00 [INF] GC.SuppressFinalize (0ms)
2026-05-14 10:47:58.933 +02:00 [INF] InternalDispose() completed. (0ms)
2026-05-14 10:47:58.933 +02:00 [INF] Clearing instance... (1ms)
2026-05-14 10:47:58.934 +02:00 [INF] Releasing context lock... (1ms)
2026-05-14 10:47:58.934 +02:00 [INF] Released. (1ms)
