2026-04-15 01:52:08.603 +06:00 [INF] Starting Intersect Client v0.8.0.0-custom+32d39132dace1351f63375b261f241297dd35be8-dirty
2026-04-15 01:52:09.041 +06:00 [INF] Discovered service type: Intersect.Plugins.PluginService
2026-04-15 01:52:09.048 +06:00 [WRN] Directory was specified as a plugin directory but does not exist: 'resources\plugins'
2026-04-15 01:52:09.049 +06:00 [INF] Discovered 0 plugins:

2026-04-15 01:52:11.194 +06:00 [INF] Connecting to 127.0.0.1:5400...
2026-04-15 01:52:11.215 +06:00 [INF] Connected [1bbfa93e-9530-4888-979f-a5f631458d2b].
2026-04-15 01:52:11.238 +06:00 [INF] Connection approved [1bbfa93e-9530-4888-979f-a5f631458d2b].
2026-04-15 01:52:11.326 +06:00 [INF] Updated PermissionSet 'default'
2026-04-15 01:52:16.920 +06:00 [INF] Updated PermissionSet 'admin'
2026-04-15 01:52:16.921 +06:00 [INF] Updating active permission set to 'admin'
2026-04-15 01:52:17.047 +06:00 [WRN] Unable to add '_buttonLogout' to the JSON of MainMenu.SelectCharacterWindow._innerPanel._buttonsPanel because a sibling shares the same name
2026-04-15 01:52:18.560 +06:00 [WRN] 'Me' is null.
2026-04-15 01:52:19.165 +06:00 [INF] Built VBO for map 73ba8458-f8de-4f78-a254-c91b18418ed0 'test 3' in 54.0164ms
2026-04-15 01:52:19.174 +06:00 [INF] Built VBO for map 27c6a7b2-4e9f-4316-9a0f-e13ec8e16ba2 'New Map' in 4.549ms
2026-04-15 01:52:20.661 +06:00 [INF] Built VBO for map 23630ac6-4461-460d-8a3b-9a0d4477096f 'test 8' in 8.0496ms
2026-04-15 01:58:46.180 +06:00 [INF] System window closing (due to user interaction most likely).
2026-04-15 01:58:46.182 +06:00 [INF] Disconnected [1bbfa93e-9530-4888-979f-a5f631458d2b].
2026-04-15 01:58:46.183 +06:00 [INF] Updating active permission set to 'default'
2026-04-15 01:58:46.273 +06:00 [INF] Acquiring context lock... (0ms)
2026-04-15 01:58:46.273 +06:00 [INF] Acquired. (0ms)
2026-04-15 01:58:46.274 +06:00 [INF] Beginning context dispose. (0ms)
2026-04-15 01:58:46.274 +06:00 [INF] GC.SuppressFinalize (0ms)
2026-04-15 01:58:46.274 +06:00 [INF] InternalDispose() completed. (0ms)
2026-04-15 01:58:46.274 +06:00 [INF] Clearing instance... (1ms)
2026-04-15 01:58:46.274 +06:00 [INF] Releasing context lock... (1ms)
2026-04-15 01:58:46.274 +06:00 [INF] Released. (1ms)
