2026-08-30 08:53:54.636 +02:00 [INF] Starting Intersect Client v0.8.0.0-custom+32d39132dace1351f63375b261f241297dd35be8-dirty
2026-08-30 08:53:54.900 +02:00 [INF] Discovered service type: Intersect.Plugins.PluginService
2026-08-30 08:53:54.904 +02:00 [WRN] Directory was specified as a plugin directory but does not exist: 'resources\plugins'
2026-08-30 08:53:54.905 +02:00 [INF] Discovered 0 plugins:

2026-08-30 08:53:55.421 +02:00 [INF] Graphics pacing configured: targetMode=-1, vsync=false, fixedStep=false, backBuffer=1760x990
2026-08-30 08:53:57.398 +02:00 [INF] Connecting to 127.0.0.1:5400...
2026-08-30 08:53:57.426 +02:00 [INF] Connected [e4e273dc-3989-4354-bee3-34bb8dea9c4c].
2026-08-30 08:53:57.452 +02:00 [INF] Connection approved [e4e273dc-3989-4354-bee3-34bb8dea9c4c].
2026-08-30 08:53:57.575 +02:00 [INF] Updated PermissionSet 'default'
2026-08-30 08:54:07.391 +02:00 [INF] Updated PermissionSet 'admin'
2026-08-30 08:54:07.391 +02:00 [INF] Updating active permission set to 'admin'
2026-08-30 08:54:11.934 +02:00 [WRN] 'Me' is null.
2026-08-30 08:54:12.821 +02:00 [WRN] Tried to load entity "16ba7d09-aa83-40b2-805d-1aba9f6809f8" (test1011) from packet before in-game UI was ready
2026-08-30 08:54:12.831 +02:00 [WRN] Tried to load entity "16ba7d09-aa83-40b2-805d-1aba9f6809f8" (test1011) from packet before in-game UI was ready
2026-08-30 08:54:13.274 +02:00 [INF] Built VBO for map 9802b09c-f592-4d93-8e11-d3424500716c 'Deep Forest' in 64.8259ms
2026-08-30 08:54:13.290 +02:00 [INF] Built VBO for map 15601ad4-9f26-4abe-a6c9-3a7eebaa3045 'Forest' in 12.3544ms
2026-08-30 08:54:13.315 +02:00 [INF] Built VBO for map d490222a-af25-4a7f-bec3-7ca8016e08d7 'New Map' in 22.1127ms
2026-08-30 08:54:13.446 +02:00 [INF] Built VBO for map a31f210c-f5fb-48bf-9db2-45fab2293a4c 'Forest' in 128.2649ms
2026-08-30 08:54:13.507 +02:00 [INF] Built VBO for map 27c6a7b2-4e9f-4316-9a0f-e13ec8e16ba2 'Forest' in 57.555ms
2026-08-30 08:54:13.540 +02:00 [INF] Built VBO for map e341d25d-5ff4-4cd6-bcd5-2f2cda710c86 'Greenfall Vale' in 30.7652ms
2026-08-30 08:54:18.874 +02:00 [INF] Client frame profile: measured=67.9fps counter=104 targetMode=-1; interval=14.73/899.59ms avg/max; update=0.33/42.03ms (1.00 calls/frame); draw=15.15/855.51ms; world=12.62/822.57ms [scene=12.19/810.56, scene-detail=[tiles=0.99ms/41.9draws (geometry=0.55ms/41.9draws, water=0.43ms/0.0draws), objects=8.80ms/77.8draws, procedural=0.01ms/0.0draws, entities=0.88ms/0.4draws, effects=0.56ms/1.6draws, weather=0.74ms/0.5draws, other=0.21ms], lighting=0.06/9.20, post=0.09/17.26, overlays=0.16/11.72, other=0.13]; gui=2.49/99.72ms [update=2.29/69.71 (minimap=1.80/43.14 [compact=1.80, fullmap=0.00/0.00], other=0.49), render=0.20/30.01, other=0.00]; finish=0.03/1.08ms; outside-update-draw=0.00ms; draws=143, maps=4, entities=23, lights=3
2026-08-30 08:54:23.876 +02:00 [INF] Client frame profile: measured=93.3fps counter=51 targetMode=-1; interval=10.71/46.81ms avg/max; update=0.08/3.46ms (1.00 calls/frame); draw=9.42/44.58ms; world=8.04/34.86ms [scene=7.81/34.60, scene-detail=[tiles=0.81ms/42.0draws (geometry=0.53ms/42.0draws, water=0.28ms/0.0draws), objects=6.11ms/78.0draws, procedural=0.00ms/0.0draws, entities=0.29ms/0.0draws, effects=0.09ms/2.0draws, weather=0.36ms/3.0draws, other=0.15ms], lighting=0.02/0.06, post=0.03/0.06, overlays=0.07/6.45, other=0.10]; gui=1.35/12.84ms [update=1.28/12.72 (minimap=1.01/12.22 [compact=1.01, fullmap=0.00/0.00], other=0.27), render=0.06/0.19, other=0.00]; finish=0.03/3.91ms; outside-update-draw=1.21ms; draws=143, maps=4, entities=23, lights=3
2026-08-30 08:54:28.882 +02:00 [INF] Client frame profile: measured=93.7fps counter=106 targetMode=-1; interval=10.67/39.89ms avg/max; update=0.06/1.94ms (1.00 calls/frame); draw=8.97/20.97ms; world=7.72/13.85ms [scene=7.51/13.64, scene-detail=[tiles=0.76ms/36.8draws (geometry=0.49ms/36.8draws, water=0.27ms/0.0draws), objects=5.91ms/72.8draws, procedural=0.00ms/0.0draws, entities=0.24ms/0.0draws, effects=0.08ms/2.0draws, weather=0.36ms/2.7draws, other=0.15ms], lighting=0.02/0.06, post=0.03/0.06, overlays=0.06/0.14, other=0.10]; gui=1.23/11.39ms [update=1.17/11.28 (minimap=0.94/10.86 [compact=0.94, fullmap=0.00/0.00], other=0.23), render=0.06/0.16, other=0.00]; finish=0.02/0.05ms; outside-update-draw=1.64ms; draws=143, maps=4, entities=23, lights=3
2026-08-30 08:54:33.888 +02:00 [INF] Client frame profile: measured=77.9fps counter=104 targetMode=-1; interval=12.84/47.01ms avg/max; update=0.11/9.71ms (1.00 calls/frame); draw=9.96/21.45ms; world=8.25/17.48ms [scene=8.03/17.25, scene-detail=[tiles=0.83ms/42.0draws (geometry=0.55ms/42.0draws, water=0.28ms/0.0draws), objects=6.28ms/78.0draws, procedural=0.00ms/0.0draws, entities=0.27ms/0.0draws, effects=0.10ms/2.0draws, weather=0.37ms/3.0draws, other=0.18ms], lighting=0.02/0.06, post=0.03/0.08, overlays=0.06/0.19, other=0.10]; gui=1.67/12.79ms [update=1.52/11.71 (minimap=1.15/11.33 [compact=1.15, fullmap=0.00/0.00], other=0.37), render=0.15/12.41, other=0.00]; finish=0.02/0.67ms; outside-update-draw=2.76ms; draws=145, maps=4, entities=23, lights=3
2026-08-30 08:54:38.899 +02:00 [INF] Client frame profile: measured=93.2fps counter=99 targetMode=-1; interval=10.73/40.15ms avg/max; update=0.14/21.69ms (1.00 calls/frame); draw=10.47/39.91ms; world=8.44/29.66ms [scene=8.24/29.41, scene-detail=[tiles=0.80ms/42.0draws (geometry=0.52ms/42.0draws, water=0.27ms/0.0draws), objects=6.50ms/78.0draws, procedural=0.00ms/0.0draws, entities=0.31ms/0.4draws, effects=0.09ms/2.0draws, weather=0.35ms/3.0draws, other=0.18ms], lighting=0.02/0.09, post=0.03/0.06, overlays=0.06/0.11, other=0.10]; gui=2.01/31.25ms [update=1.59/23.87 (minimap=0.98/12.32 [compact=0.98, fullmap=0.00/0.00], other=0.61), render=0.42/30.48, other=0.00]; finish=0.01/0.03ms; outside-update-draw=0.12ms; draws=173, maps=4, entities=23, lights=3
2026-08-30 08:54:43.907 +02:00 [INF] Client frame profile: measured=67.3fps counter=31 targetMode=-1; interval=14.86/47.40ms avg/max; update=0.11/1.42ms (1.00 calls/frame); draw=11.16/22.59ms; world=8.72/11.94ms [scene=8.49/11.70, scene-detail=[tiles=0.78ms/42.0draws (geometry=0.49ms/42.0draws, water=0.28ms/0.0draws), objects=6.67ms/78.0draws, procedural=0.00ms/0.0draws, entities=0.39ms/2.5draws, effects=0.10ms/2.0draws, weather=0.37ms/3.0draws, other=0.19ms], lighting=0.02/0.07, post=0.03/0.06, overlays=0.06/0.13, other=0.11]; gui=2.41/12.00ms [update=2.03/11.53 (minimap=1.31/10.52 [compact=1.31, fullmap=0.00/0.00], other=0.72), render=0.38/2.00, other=0.00]; finish=0.02/0.09ms; outside-update-draw=3.60ms; draws=155, maps=4, entities=23, lights=3
2026-08-30 08:54:48.935 +02:00 [INF] Client frame profile: measured=72.4fps counter=92 targetMode=-1; interval=13.81/42.43ms avg/max; update=0.09/4.98ms (1.00 calls/frame); draw=10.78/20.99ms; world=8.56/11.35ms [scene=8.35/10.98, scene-detail=[tiles=0.75ms/42.0draws (geometry=0.48ms/42.0draws, water=0.27ms/0.0draws), objects=6.56ms/78.0draws, procedural=0.00ms/0.0draws, entities=0.40ms/4.0draws, effects=0.09ms/2.0draws, weather=0.37ms/3.0draws, other=0.18ms], lighting=0.02/0.04, post=0.03/0.05, overlays=0.06/0.11, other=0.10]; gui=2.19/11.93ms [update=1.84/11.54 (minimap=1.30/10.57 [compact=1.30, fullmap=0.00/0.00], other=0.55), render=0.35/1.49, other=0.00]; finish=0.02/0.04ms; outside-update-draw=2.94ms; draws=160, maps=4, entities=23, lights=3
2026-08-30 08:54:53.936 +02:00 [INF] Client frame profile: measured=58.0fps counter=47 targetMode=-1; interval=17.24/42.40ms avg/max; update=0.15/11.84ms (1.00 calls/frame); draw=11.02/21.31ms; world=8.52/10.32ms [scene=8.30/10.10, scene-detail=[tiles=0.76ms/39.7draws (geometry=0.48ms/39.7draws, water=0.28ms/0.0draws), objects=6.52ms/75.7draws, procedural=0.00ms/0.0draws, entities=0.39ms/2.8draws, effects=0.09ms/2.0draws, weather=0.36ms/2.9draws, other=0.18ms], lighting=0.02/0.05, post=0.03/0.06, overlays=0.06/0.12, other=0.10]; gui=2.47/11.82ms [update=2.12/11.41 (minimap=1.49/10.36 [compact=1.49, fullmap=0.00/0.00], other=0.63), render=0.35/1.58, other=0.00]; finish=0.02/0.05ms; outside-update-draw=6.07ms; draws=120, maps=2, entities=23, lights=3
2026-08-30 08:54:57.557 +02:00 [WRN] 'TargetBox' is null.
2026-08-30 08:54:57.620 +02:00 [WRN] 'TargetBox' is null.
2026-08-30 08:54:58.937 +02:00 [INF] Client frame profile: measured=96.2fps counter=83 targetMode=-1; interval=10.40/42.67ms avg/max; update=0.11/5.98ms (1.00 calls/frame); draw=10.13/36.26ms; world=8.13/29.92ms [scene=7.93/29.63, scene-detail=[tiles=0.68ms/31.3draws (geometry=0.41ms/31.3draws, water=0.27ms/0.0draws), objects=6.10ms/67.3draws, procedural=0.00ms/0.0draws, entities=0.52ms/4.0draws, effects=0.11ms/2.0draws, weather=0.36ms/2.3draws, other=0.16ms], lighting=0.02/0.05, post=0.02/0.06, overlays=0.06/0.36, other=0.10]; gui=1.97/11.79ms [update=1.59/11.42 (minimap=1.09/10.56 [compact=1.09, fullmap=0.00/0.00], other=0.50), render=0.37/4.88, other=0.00]; finish=0.02/0.10ms; outside-update-draw=0.16ms; draws=176, maps=4, entities=23, lights=3
2026-08-30 08:55:03.940 +02:00 [INF] Client frame profile: measured=91.1fps counter=91 targetMode=-1; interval=10.97/21.40ms avg/max; update=0.06/0.35ms (1.00 calls/frame); draw=10.87/21.27ms; world=8.75/12.94ms [scene=8.53/12.70, scene-detail=[tiles=0.78ms/42.0draws (geometry=0.51ms/42.0draws, water=0.27ms/0.0draws), objects=6.76ms/78.0draws, procedural=0.00ms/0.0draws, entities=0.35ms/3.6draws, effects=0.11ms/2.0draws, weather=0.36ms/3.0draws, other=0.17ms], lighting=0.02/0.06, post=0.03/0.05, overlays=0.07/0.14, other=0.11]; gui=2.09/12.40ms [update=1.50/11.74 (minimap=0.97/11.03 [compact=0.97, fullmap=0.00/0.00], other=0.53), render=0.58/1.00, other=0.00]; finish=0.02/0.04ms; outside-update-draw=0.04ms; draws=178, maps=4, entities=23, lights=3
2026-08-30 08:55:08.662 +02:00 [WRN] 'TargetBox' is null.
2026-08-30 08:55:08.946 +02:00 [INF] Client frame profile: measured=89.3fps counter=94 targetMode=-1; interval=11.20/24.17ms avg/max; update=0.08/4.34ms (1.00 calls/frame); draw=10.98/21.67ms; world=8.78/18.15ms [scene=8.55/17.88, scene-detail=[tiles=0.78ms/42.0draws (geometry=0.51ms/42.0draws, water=0.27ms/0.0draws), objects=6.77ms/78.0draws, procedural=0.00ms/0.0draws, entities=0.36ms/3.7draws, effects=0.11ms/2.0draws, weather=0.36ms/3.0draws, other=0.17ms], lighting=0.03/0.05, post=0.03/0.05, overlays=0.08/0.13, other=0.11]; gui=2.17/12.59ms [update=1.59/11.35 (minimap=1.08/10.51 [compact=1.08, fullmap=0.00/0.00], other=0.51), render=0.58/2.39, other=0.00]; finish=0.02/0.06ms; outside-update-draw=0.14ms; draws=198, maps=4, entities=23, lights=3
2026-08-30 08:55:13.360 +02:00 [WRN] 'TargetBox' is null.
2026-08-30 08:55:13.417 +02:00 [WRN] 'TargetBox' is null.
2026-08-30 08:55:13.485 +02:00 [WRN] 'TargetBox' is null.
2026-08-30 08:55:13.542 +02:00 [WRN] 'TargetBox' is null.
2026-08-30 08:55:13.592 +02:00 [WRN] 'TargetBox' is null.
2026-08-30 08:55:13.651 +02:00 [WRN] 'TargetBox' is null.
2026-08-30 08:55:13.718 +02:00 [WRN] 'TargetBox' is null.
2026-08-30 08:55:13.781 +02:00 [WRN] 'TargetBox' is null.
2026-08-30 08:55:13.835 +02:00 [WRN] 'TargetBox' is null.
2026-08-30 08:55:13.896 +02:00 [WRN] 'TargetBox' is null.
2026-08-30 08:55:13.954 +02:00 [INF] Client frame profile: measured=87.8fps counter=87 targetMode=-1; interval=11.38/27.32ms avg/max; update=0.12/10.10ms (1.00 calls/frame); draw=11.07/27.03ms; world=8.89/25.32ms [scene=8.65/20.44, scene-detail=[tiles=0.78ms/42.0draws (geometry=0.50ms/42.0draws, water=0.28ms/0.0draws), objects=6.80ms/78.0draws, procedural=0.00ms/0.0draws, entities=0.41ms/6.6draws, effects=0.11ms/2.0draws, weather=0.36ms/3.0draws, other=0.19ms], lighting=0.02/0.05, post=0.03/0.05, overlays=0.08/5.55, other=0.10]; gui=2.15/16.21ms [update=1.64/15.28 (minimap=1.06/10.51 [compact=1.06, fullmap=0.00/0.00], other=0.58), render=0.51/1.82, other=0.00]; finish=0.03/4.55ms; outside-update-draw=0.19ms; draws=155, maps=4, entities=22, lights=3
2026-08-30 08:55:13.964 +02:00 [WRN] 'TargetBox' is null.
2026-08-30 08:55:14.333 +02:00 [WRN] 'TargetBox' is null.
2026-08-30 08:55:14.841 +02:00 [WRN] 'TargetBox' is null.
2026-08-30 08:55:15.722 +02:00 [WRN] 'TargetBox' is null.
2026-08-30 08:55:15.783 +02:00 [WRN] 'TargetBox' is null.
2026-08-30 08:55:15.844 +02:00 [WRN] 'TargetBox' is null.
2026-08-30 08:55:15.905 +02:00 [WRN] 'TargetBox' is null.
2026-08-30 08:55:15.982 +02:00 [WRN] 'TargetBox' is null.
2026-08-30 08:55:16.026 +02:00 [WRN] 'TargetBox' is null.
2026-08-30 08:55:16.095 +02:00 [WRN] 'TargetBox' is null.
2026-08-30 08:55:16.153 +02:00 [WRN] 'TargetBox' is null.
2026-08-30 08:55:16.213 +02:00 [WRN] 'TargetBox' is null.
2026-08-30 08:55:16.281 +02:00 [WRN] 'TargetBox' is null.
2026-08-30 08:55:16.341 +02:00 [WRN] 'TargetBox' is null.
2026-08-30 08:55:16.402 +02:00 [WRN] 'TargetBox' is null.
2026-08-30 08:55:16.462 +02:00 [WRN] 'TargetBox' is null.
2026-08-30 08:55:16.525 +02:00 [WRN] 'TargetBox' is null.
2026-08-30 08:55:16.592 +02:00 [WRN] 'TargetBox' is null.
2026-08-30 08:55:16.656 +02:00 [WRN] 'TargetBox' is null.
2026-08-30 08:55:16.710 +02:00 [WRN] 'TargetBox' is null.
2026-08-30 08:55:16.781 +02:00 [WRN] 'TargetBox' is null.
2026-08-30 08:55:16.852 +02:00 [WRN] 'TargetBox' is null.
2026-08-30 08:55:16.905 +02:00 [WRN] 'TargetBox' is null.
2026-08-30 08:55:16.966 +02:00 [WRN] 'TargetBox' is null.
2026-08-30 08:55:17.025 +02:00 [WRN] 'TargetBox' is null.
2026-08-30 08:55:17.086 +02:00 [WRN] 'TargetBox' is null.
2026-08-30 08:55:17.154 +02:00 [WRN] 'TargetBox' is null.
2026-08-30 08:55:17.214 +02:00 [WRN] 'TargetBox' is null.
2026-08-30 08:55:17.275 +02:00 [WRN] 'TargetBox' is null.
2026-08-30 08:55:17.335 +02:00 [WRN] 'TargetBox' is null.
2026-08-30 08:55:17.402 +02:00 [WRN] 'TargetBox' is null.
2026-08-30 08:55:17.462 +02:00 [WRN] 'TargetBox' is null.
2026-08-30 08:55:17.524 +02:00 [WRN] 'TargetBox' is null.
2026-08-30 08:55:17.584 +02:00 [WRN] 'TargetBox' is null.
2026-08-30 08:55:17.645 +02:00 [WRN] 'TargetBox' is null.
2026-08-30 08:55:17.713 +02:00 [WRN] 'TargetBox' is null.
2026-08-30 08:55:18.958 +02:00 [INF] Client frame profile: measured=98.7fps counter=103 targetMode=-1; interval=10.13/20.93ms avg/max; update=0.09/5.04ms (1.00 calls/frame); draw=9.94/20.42ms; world=8.07/9.76ms [scene=7.86/9.47, scene-detail=[tiles=0.67ms/30.7draws (geometry=0.40ms/30.7draws, water=0.27ms/0.0draws), objects=6.21ms/66.7draws, procedural=0.00ms/0.0draws, entities=0.38ms/4.0draws, effects=0.09ms/2.0draws, weather=0.35ms/2.3draws, other=0.17ms], lighting=0.02/0.06, post=0.03/0.06, overlays=0.06/0.20, other=0.10]; gui=1.84/11.77ms [update=1.46/11.38 (minimap=0.99/10.45 [compact=0.99, fullmap=0.00/0.00], other=0.48), render=0.38/0.84, other=0.00]; finish=0.02/0.04ms; outside-update-draw=0.10ms; draws=178, maps=4, entities=22, lights=3
2026-08-30 08:55:23.961 +02:00 [INF] Client frame profile: measured=89.9fps counter=91 targetMode=-1; interval=11.12/20.99ms avg/max; update=0.07/2.52ms (1.00 calls/frame); draw=10.97/20.86ms; world=8.75/13.77ms [scene=8.54/13.54, scene-detail=[tiles=0.74ms/42.0draws (geometry=0.47ms/42.0draws, water=0.27ms/0.0draws), objects=6.77ms/78.0draws, procedural=0.00ms/0.0draws, entities=0.38ms/4.0draws, effects=0.11ms/2.0draws, weather=0.36ms/3.0draws, other=0.18ms], lighting=0.02/0.05, post=0.02/0.04, overlays=0.07/0.39, other=0.10]; gui=2.18/11.91ms [update=1.59/11.23 (minimap=1.11/10.47 [compact=1.11, fullmap=0.00/0.00], other=0.48), render=0.59/0.98, other=0.00]; finish=0.02/0.08ms; outside-update-draw=0.08ms; draws=178, maps=4, entities=22, lights=3
2026-08-30 08:55:28.967 +02:00 [INF] Client frame profile: measured=93.1fps counter=92 targetMode=-1; interval=10.74/20.66ms avg/max; update=0.07/6.04ms (1.00 calls/frame); draw=10.49/20.60ms; world=8.67/9.72ms [scene=8.45/9.48, scene-detail=[tiles=0.77ms/42.0draws (geometry=0.50ms/42.0draws, water=0.27ms/0.0draws), objects=6.72ms/78.0draws, procedural=0.00ms/0.0draws, entities=0.33ms/4.1draws, effects=0.09ms/2.0draws, weather=0.36ms/3.0draws, other=0.18ms], lighting=0.02/0.05, post=0.03/0.06, overlays=0.07/0.13, other=0.10]; gui=1.79/11.80ms [update=1.43/11.39 (minimap=0.97/10.52 [compact=0.97, fullmap=0.00/0.00], other=0.45), render=0.36/7.40, other=0.00]; finish=0.02/0.09ms; outside-update-draw=0.18ms; draws=176, maps=4, entities=22, lights=3
2026-08-30 08:55:33.974 +02:00 [INF] Client frame profile: measured=93.3fps counter=95 targetMode=-1; interval=10.72/20.79ms avg/max; update=0.07/3.46ms (1.00 calls/frame); draw=10.45/20.46ms; world=8.75/12.35ms [scene=8.55/12.14, scene-detail=[tiles=0.76ms/42.0draws (geometry=0.49ms/42.0draws, water=0.27ms/0.0draws), objects=6.83ms/78.0draws, procedural=0.00ms/0.0draws, entities=0.33ms/3.8draws, effects=0.09ms/2.6draws, weather=0.35ms/3.0draws, other=0.19ms], lighting=0.02/0.04, post=0.03/0.04, overlays=0.05/0.09, other=0.10]; gui=1.66/11.90ms [update=1.49/11.48 (minimap=1.03/10.53 [compact=1.03, fullmap=0.00/0.00], other=0.46), render=0.16/0.56, other=0.00]; finish=0.04/4.29ms; outside-update-draw=0.20ms; draws=159, maps=4, entities=21, lights=3
2026-08-30 08:55:38.805 +02:00 [WRN] 'Me' is null.
2026-08-30 08:55:38.805 +02:00 [WRN] 'Me' is null.
2026-08-30 08:55:38.806 +02:00 [WRN] 'Me' is null.
2026-08-30 08:55:38.806 +02:00 [WRN] 'Me' is null.
2026-08-30 08:55:38.806 +02:00 [WRN] 'Me' is null.
2026-08-30 08:55:38.806 +02:00 [WRN] 'Me' is null.
2026-08-30 08:55:38.806 +02:00 [WRN] 'Me' is null.
2026-08-30 08:55:38.806 +02:00 [WRN] 'Me' is null.
2026-08-30 08:55:38.806 +02:00 [WRN] 'Me' is null.
2026-08-30 08:55:38.806 +02:00 [WRN] 'Me' is null.
2026-08-30 08:55:38.806 +02:00 [WRN] 'Me' is null.
2026-08-30 08:55:38.806 +02:00 [WRN] 'Me' is null.
2026-08-30 08:55:38.806 +02:00 [WRN] 'Me' is null.
2026-08-30 08:55:38.806 +02:00 [WRN] 'Me' is null.
2026-08-30 08:55:38.806 +02:00 [WRN] 'Me' is null.
2026-08-30 08:55:38.806 +02:00 [WRN] 'Me' is null.
2026-08-30 08:55:38.806 +02:00 [WRN] 'Me' is null.
2026-08-30 08:55:38.806 +02:00 [WRN] 'Me' is null.
2026-08-30 08:55:38.806 +02:00 [WRN] 'Me' is null.
2026-08-30 08:55:38.806 +02:00 [WRN] 'Me' is null.
2026-08-30 08:55:43.289 +02:00 [WRN] 'Me' is null.
2026-08-30 08:55:43.755 +02:00 [INF] Built VBO for map 15601ad4-9f26-4abe-a6c9-3a7eebaa3045 'Forest' in 3.7721ms
2026-08-30 08:55:43.761 +02:00 [INF] Built VBO for map d490222a-af25-4a7f-bec3-7ca8016e08d7 'New Map' in 4.8194ms
2026-08-30 08:55:43.766 +02:00 [INF] Built VBO for map 000bacda-f0e9-4a92-ab09-e55bd4ad15c1 'New Map' in 2.9361ms
2026-08-30 08:55:43.795 +02:00 [INF] Built VBO for map 27c6a7b2-4e9f-4316-9a0f-e13ec8e16ba2 'Forest' in 28.0364ms
2026-08-30 08:55:43.800 +02:00 [INF] Built VBO for map e341d25d-5ff4-4cd6-bcd5-2f2cda710c86 'Greenfall Vale' in 4.292ms
2026-08-30 08:55:43.804 +02:00 [INF] Built VBO for map f519d3ea-b6f4-4b17-b87a-1dcf003cd3ec 'New Map' in 3.2373ms
2026-08-30 08:55:45.972 +02:00 [INF] Built VBO for map 15601ad4-9f26-4abe-a6c9-3a7eebaa3045 'Forest' in 4.0985ms
2026-08-30 08:55:45.985 +02:00 [INF] Built VBO for map 27c6a7b2-4e9f-4316-9a0f-e13ec8e16ba2 'Forest' in 11.9866ms
2026-08-30 08:55:46.354 +02:00 [INF] Built VBO for map 9802b09c-f592-4d93-8e11-d3424500716c 'Deep Forest' in 3.4657ms
2026-08-30 08:55:46.903 +02:00 [INF] Built VBO for map a31f210c-f5fb-48bf-9db2-45fab2293a4c 'Forest' in 41.3937ms
2026-08-30 08:55:48.826 +02:00 [INF] Client frame profile: measured=85.7fps counter=94 targetMode=-1; interval=11.67/308.33ms avg/max; update=0.34/49.34ms (1.00 calls/frame); draw=11.09/308.06ms; world=9.52/296.35ms [scene=9.33/296.13, scene-detail=[tiles=0.80ms/40.5draws (geometry=0.51ms/40.5draws, water=0.29ms/0.0draws), objects=7.56ms/75.3draws, procedural=0.00ms/0.0draws, entities=0.33ms/1.2draws, effects=0.10ms/1.9draws, weather=0.36ms/2.9draws, other=0.18ms], lighting=0.02/0.05, post=0.03/0.06, overlays=0.05/0.11, other=0.09]; gui=1.54/13.17ms [update=1.47/12.95 (minimap=1.17/12.02 [compact=1.17, fullmap=0.00/0.00], other=0.30), render=0.07/1.27, other=0.00]; finish=0.02/0.10ms; outside-update-draw=0.24ms; draws=145, maps=4, entities=21, lights=3
2026-08-30 08:55:53.829 +02:00 [INF] Client frame profile: measured=97.1fps counter=96 targetMode=-1; interval=10.29/20.70ms avg/max; update=0.05/0.27ms (1.00 calls/frame); draw=10.12/20.60ms; world=8.88/12.37ms [scene=8.67/12.12, scene-detail=[tiles=0.78ms/42.0draws (geometry=0.51ms/42.0draws, water=0.27ms/0.0draws), objects=7.04ms/78.0draws, procedural=0.00ms/0.0draws, entities=0.26ms/1.7draws, effects=0.09ms/2.0draws, weather=0.36ms/3.0draws, other=0.16ms], lighting=0.02/0.04, post=0.02/0.06, overlays=0.06/0.11, other=0.10]; gui=1.22/10.96ms [update=1.17/10.88 (minimap=0.99/10.57 [compact=0.99, fullmap=0.00/0.00], other=0.18), render=0.05/0.10, other=0.00]; finish=0.02/0.32ms; outside-update-draw=0.12ms; draws=147, maps=4, entities=21, lights=3
2026-08-30 08:55:58.830 +02:00 [INF] Client frame profile: measured=96.0fps counter=94 targetMode=-1; interval=10.42/20.16ms avg/max; update=0.07/6.30ms (1.00 calls/frame); draw=10.28/19.95ms; world=8.89/11.75ms [scene=8.70/11.51, scene-detail=[tiles=0.77ms/42.0draws (geometry=0.50ms/42.0draws, water=0.27ms/0.0draws), objects=7.03ms/78.0draws, procedural=0.00ms/0.0draws, entities=0.30ms/4.0draws, effects=0.08ms/2.0draws, weather=0.36ms/3.0draws, other=0.16ms], lighting=0.02/0.05, post=0.02/0.06, overlays=0.06/0.32, other=0.09]; gui=1.36/11.16ms [update=1.30/11.10 (minimap=1.11/10.87 [compact=1.11, fullmap=0.00/0.00], other=0.19), render=0.06/0.44, other=0.00]; finish=0.02/0.03ms; outside-update-draw=0.07ms; draws=174, maps=4, entities=21, lights=3
2026-08-30 08:56:03.831 +02:00 [INF] Client frame profile: measured=94.0fps counter=93 targetMode=-1; interval=10.64/20.98ms avg/max; update=0.07/3.56ms (1.00 calls/frame); draw=10.51/20.55ms; world=8.95/15.66ms [scene=8.74/15.10, scene-detail=[tiles=0.77ms/42.0draws (geometry=0.50ms/42.0draws, water=0.27ms/0.0draws), objects=7.05ms/78.0draws, procedural=0.00ms/0.0draws, entities=0.32ms/4.0draws, effects=0.09ms/2.0draws, weather=0.37ms/3.0draws, other=0.15ms], lighting=0.02/0.06, post=0.03/0.07, overlays=0.06/0.10, other=0.10]; gui=1.53/11.35ms [update=1.20/10.93 (minimap=1.02/10.68 [compact=1.02, fullmap=0.00/0.00], other=0.18), render=0.32/0.54, other=0.00]; finish=0.02/0.70ms; outside-update-draw=0.06ms; draws=151, maps=4, entities=21, lights=3
2026-08-30 08:56:08.838 +02:00 [INF] Client frame profile: measured=91.9fps counter=99 targetMode=-1; interval=10.88/21.07ms avg/max; update=0.07/0.26ms (1.00 calls/frame); draw=10.73/20.88ms; world=9.01/10.69ms [scene=8.80/10.43, scene-detail=[tiles=0.78ms/42.0draws (geometry=0.51ms/42.0draws, water=0.27ms/0.0draws), objects=7.12ms/78.0draws, procedural=0.00ms/0.0draws, entities=0.27ms/1.1draws, effects=0.10ms/2.0draws, weather=0.36ms/3.0draws, other=0.16ms], lighting=0.03/0.07, post=0.03/0.06, overlays=0.07/0.17, other=0.10]; gui=1.69/11.47ms [update=1.34/11.04 (minimap=1.10/10.66 [compact=1.10, fullmap=0.00/0.00], other=0.24), render=0.35/0.90, other=0.00]; finish=0.02/0.06ms; outside-update-draw=0.09ms; draws=143, maps=4, entities=21, lights=3
2026-08-30 08:56:13.842 +02:00 [INF] Client frame profile: measured=94.3fps counter=93 targetMode=-1; interval=10.60/20.37ms avg/max; update=0.07/0.29ms (1.00 calls/frame); draw=10.38/20.13ms; world=8.88/10.12ms [scene=8.67/9.91, scene-detail=[tiles=0.78ms/42.0draws (geometry=0.51ms/42.0draws, water=0.27ms/0.0draws), objects=7.06ms/78.0draws, procedural=0.00ms/0.0draws, entities=0.22ms/0.0draws, effects=0.09ms/2.0draws, weather=0.36ms/3.0draws, other=0.16ms], lighting=0.02/0.07, post=0.02/0.04, overlays=0.07/0.10, other=0.10]; gui=1.48/11.50ms [update=1.26/11.41 (minimap=1.05/10.79 [compact=1.05, fullmap=0.00/0.00], other=0.20), render=0.22/0.71, other=0.00]; finish=0.02/0.04ms; outside-update-draw=0.14ms; draws=166, maps=4, entities=21, lights=3
2026-08-30 08:56:18.854 +02:00 [INF] Client frame profile: measured=93.4fps counter=93 targetMode=-1; interval=10.71/22.05ms avg/max; update=0.07/0.28ms (1.00 calls/frame); draw=10.57/21.91ms; world=9.00/12.11ms [scene=8.79/11.84, scene-detail=[tiles=0.78ms/42.0draws (geometry=0.50ms/42.0draws, water=0.27ms/0.0draws), objects=7.10ms/78.0draws, procedural=0.00ms/0.0draws, entities=0.27ms/1.4draws, effects=0.10ms/2.0draws, weather=0.36ms/3.0draws, other=0.18ms], lighting=0.02/0.05, post=0.02/0.04, overlays=0.07/0.11, other=0.10]; gui=1.55/10.72ms [update=1.20/10.61 (minimap=1.01/10.10 [compact=1.01, fullmap=0.00/0.00], other=0.19), render=0.35/0.73, other=0.00]; finish=0.02/0.06ms; outside-update-draw=0.07ms; draws=168, maps=4, entities=21, lights=3
2026-08-30 08:56:23.856 +02:00 [INF] Client frame profile: measured=93.9fps counter=93 targetMode=-1; interval=10.64/20.11ms avg/max; update=0.06/0.27ms (1.00 calls/frame); draw=10.48/19.98ms; world=9.00/14.60ms [scene=8.79/14.34, scene-detail=[tiles=0.77ms/42.0draws (geometry=0.50ms/42.0draws, water=0.27ms/0.0draws), objects=7.08ms/78.0draws, procedural=0.00ms/0.0draws, entities=0.30ms/2.2draws, effects=0.10ms/2.0draws, weather=0.37ms/3.0draws, other=0.18ms], lighting=0.02/0.05, post=0.03/0.06, overlays=0.06/0.14, other=0.10]; gui=1.45/10.47ms [update=1.12/10.00 (minimap=0.92/9.75 [compact=0.92, fullmap=0.00/0.00], other=0.20), render=0.33/0.61, other=0.00]; finish=0.02/0.07ms; outside-update-draw=0.10ms; draws=170, maps=4, entities=21, lights=3
2026-08-30 08:56:28.857 +02:00 [INF] Client frame profile: measured=93.4fps counter=94 targetMode=-1; interval=10.71/23.36ms avg/max; update=0.06/0.35ms (1.00 calls/frame); draw=10.59/23.01ms; world=9.02/13.36ms [scene=8.81/13.03, scene-detail=[tiles=0.77ms/42.0draws (geometry=0.51ms/42.0draws, water=0.27ms/0.0draws), objects=7.11ms/78.0draws, procedural=0.00ms/0.0draws, entities=0.29ms/1.8draws, effects=0.10ms/2.0draws, weather=0.37ms/3.0draws, other=0.18ms], lighting=0.03/0.06, post=0.03/0.07, overlays=0.07/0.16, other=0.10]; gui=1.54/11.72ms [update=1.19/11.58 (minimap=0.99/10.95 [compact=0.99, fullmap=0.00/0.00], other=0.20), render=0.35/0.66, other=0.00]; finish=0.02/0.08ms; outside-update-draw=0.05ms; draws=168, maps=4, entities=21, lights=3
2026-08-30 08:56:33.862 +02:00 [INF] Client frame profile: measured=61.9fps counter=37 targetMode=-1; interval=16.15/52.70ms avg/max; update=0.10/0.45ms (1.00 calls/frame); draw=11.57/21.44ms; world=9.43/15.62ms [scene=9.19/15.30, scene-detail=[tiles=0.83ms/42.0draws (geometry=0.55ms/42.0draws, water=0.28ms/0.0draws), objects=7.36ms/78.0draws, procedural=0.00ms/0.0draws, entities=0.33ms/2.0draws, effects=0.11ms/2.0draws, weather=0.38ms/3.0draws, other=0.20ms], lighting=0.03/0.07, post=0.03/0.08, overlays=0.08/0.16, other=0.10]; gui=2.10/11.32ms [update=1.73/10.65 (minimap=1.40/10.06 [compact=1.40, fullmap=0.00/0.00], other=0.33), render=0.37/0.82, other=0.00]; finish=0.03/0.14ms; outside-update-draw=4.47ms; draws=172, maps=4, entities=21, lights=3
2026-08-30 08:56:38.886 +02:00 [INF] Client frame profile: measured=78.2fps counter=94 targetMode=-1; interval=12.78/56.24ms avg/max; update=0.08/0.43ms (1.00 calls/frame); draw=10.95/21.08ms; world=9.17/14.24ms [scene=8.95/13.96, scene-detail=[tiles=0.79ms/42.0draws (geometry=0.51ms/42.0draws, water=0.28ms/0.0draws), objects=7.17ms/78.0draws, procedural=0.00ms/0.0draws, entities=0.33ms/3.8draws, effects=0.10ms/2.7draws, weather=0.38ms/3.0draws, other=0.19ms], lighting=0.02/0.05, post=0.03/0.06, overlays=0.07/0.14, other=0.10]; gui=1.75/11.16ms [update=1.39/10.35 (minimap=1.11/9.82 [compact=1.11, fullmap=0.00/0.00], other=0.28), render=0.36/0.92, other=0.00]; finish=0.02/0.12ms; outside-update-draw=1.75ms; draws=149, maps=4, entities=20, lights=3
2026-08-30 08:56:43.891 +02:00 [INF] Client frame profile: measured=96.3fps counter=108 targetMode=-1; interval=10.38/40.96ms avg/max; update=0.06/0.52ms (1.00 calls/frame); draw=9.52/19.89ms; world=8.06/12.18ms [scene=7.87/11.94, scene-detail=[tiles=0.69ms/29.9draws (geometry=0.43ms/29.9draws, water=0.27ms/0.0draws), objects=6.34ms/66.0draws, procedural=0.00ms/0.0draws, entities=0.26ms/1.3draws, effects=0.07ms/1.9draws, weather=0.36ms/2.2draws, other=0.15ms], lighting=0.02/0.07, post=0.02/0.05, overlays=0.05/0.09, other=0.09]; gui=1.44/12.02ms [update=1.39/11.94 (minimap=1.19/11.62 [compact=1.19, fullmap=0.00/0.00], other=0.19), render=0.06/0.18, other=0.00]; finish=0.02/0.04ms; outside-update-draw=0.80ms; draws=104, maps=1, entities=20, lights=3
2026-08-30 08:56:48.892 +02:00 [INF] Client frame profile: measured=109.0fps counter=106 targetMode=-1; interval=9.18/20.25ms avg/max; update=0.07/0.53ms (1.00 calls/frame); draw=8.92/19.86ms; world=7.44/9.50ms [scene=7.24/9.26, scene-detail=[tiles=0.55ms/23.9draws (geometry=0.28ms/23.9draws, water=0.27ms/0.0draws), objects=5.91ms/61.1draws, procedural=0.00ms/0.0draws, entities=0.23ms/0.7draws, effects=0.08ms/2.0draws, weather=0.35ms/1.6draws, other=0.12ms], lighting=0.02/0.05, post=0.02/0.06, overlays=0.06/0.11, other=0.09]; gui=1.46/11.98ms [update=1.23/11.71 (minimap=1.06/11.36 [compact=1.06, fullmap=0.00/0.00], other=0.17), render=0.23/0.53, other=0.00]; finish=0.02/0.05ms; outside-update-draw=0.18ms; draws=139, maps=2, entities=20, lights=3
2026-08-30 08:56:53.894 +02:00 [INF] Client frame profile: measured=87.8fps counter=49 targetMode=-1; interval=11.40/41.20ms avg/max; update=0.07/0.25ms (1.00 calls/frame); draw=9.76/20.57ms; world=8.02/10.50ms [scene=7.81/10.27, scene-detail=[tiles=0.69ms/26.0draws (geometry=0.42ms/26.0draws, water=0.27ms/0.0draws), objects=6.33ms/62.0draws, procedural=0.00ms/0.0draws, entities=0.22ms/0.0draws, effects=0.07ms/2.0draws, weather=0.36ms/2.0draws, other=0.13ms], lighting=0.03/0.06, post=0.03/0.06, overlays=0.06/0.12, other=0.10]; gui=1.71/11.96ms [update=1.38/11.53 (minimap=1.16/11.32 [compact=1.16, fullmap=0.00/0.00], other=0.22), render=0.33/0.55, other=0.00]; finish=0.02/0.33ms; outside-update-draw=1.56ms; draws=133, maps=2, entities=20, lights=3
2026-08-30 08:56:58.914 +02:00 [INF] Client frame profile: measured=81.3fps counter=105 targetMode=-1; interval=12.30/44.02ms avg/max; update=0.08/0.30ms (1.00 calls/frame); draw=9.90/21.25ms; world=8.09/9.89ms [scene=7.88/9.55, scene-detail=[tiles=0.70ms/26.0draws (geometry=0.43ms/26.0draws, water=0.27ms/0.0draws), objects=6.36ms/62.0draws, procedural=0.00ms/0.0draws, entities=0.24ms/0.0draws, effects=0.08ms/2.0draws, weather=0.36ms/2.0draws, other=0.14ms], lighting=0.03/0.06, post=0.03/0.09, overlays=0.07/0.21, other=0.10]; gui=1.77/12.02ms [update=1.46/11.57 (minimap=1.20/11.17 [compact=1.20, fullmap=0.00/0.00], other=0.26), render=0.31/0.77, other=0.00]; finish=0.02/0.05ms; outside-update-draw=2.32ms; draws=133, maps=2, entities=20, lights=3
2026-08-30 08:57:03.915 +02:00 [INF] Client frame profile: measured=94.8fps counter=102 targetMode=-1; interval=10.55/47.47ms avg/max; update=0.08/5.69ms (1.00 calls/frame); draw=9.67/20.82ms; world=8.00/10.81ms [scene=7.79/10.57, scene-detail=[tiles=0.69ms/26.0draws (geometry=0.42ms/26.0draws, water=0.27ms/0.0draws), objects=6.32ms/62.0draws, procedural=0.00ms/0.0draws, entities=0.22ms/0.0draws, effects=0.08ms/2.0draws, weather=0.35ms/2.0draws, other=0.13ms], lighting=0.03/0.05, post=0.02/0.04, overlays=0.06/0.12, other=0.09]; gui=1.64/11.94ms [update=1.30/11.52 (minimap=1.09/11.27 [compact=1.09, fullmap=0.00/0.00], other=0.20), render=0.34/0.61, other=0.00]; finish=0.02/0.06ms; outside-update-draw=0.81ms; draws=133, maps=2, entities=20, lights=3
2026-08-30 08:57:08.931 +02:00 [INF] Client frame profile: measured=90.5fps counter=107 targetMode=-1; interval=11.05/48.33ms avg/max; update=0.08/0.95ms (1.00 calls/frame); draw=9.77/22.03ms; world=8.07/10.70ms [scene=7.86/10.47, scene-detail=[tiles=0.69ms/26.0draws (geometry=0.42ms/26.0draws, water=0.27ms/0.0draws), objects=6.33ms/62.0draws, procedural=0.00ms/0.0draws, entities=0.26ms/0.9draws, effects=0.08ms/2.0draws, weather=0.36ms/2.0draws, other=0.13ms], lighting=0.03/0.06, post=0.03/0.06, overlays=0.07/0.14, other=0.09]; gui=1.66/13.85ms [update=1.32/13.37 (minimap=1.08/12.86 [compact=1.08, fullmap=0.00/0.00], other=0.24), render=0.34/0.82, other=0.00]; finish=0.02/0.06ms; outside-update-draw=1.21ms; draws=141, maps=2, entities=20, lights=3
2026-08-30 08:57:13.933 +02:00 [INF] Client frame profile: measured=91.0fps counter=85 targetMode=-1; interval=10.99/41.67ms avg/max; update=0.07/0.26ms (1.00 calls/frame); draw=9.73/20.97ms; world=8.10/11.70ms [scene=7.89/11.47, scene-detail=[tiles=0.69ms/26.0draws (geometry=0.42ms/26.0draws, water=0.27ms/0.0draws), objects=6.35ms/62.0draws, procedural=0.00ms/0.0draws, entities=0.28ms/2.0draws, effects=0.08ms/2.0draws, weather=0.36ms/2.0draws, other=0.13ms], lighting=0.03/0.04, post=0.03/0.04, overlays=0.07/0.15, other=0.09]; gui=1.60/12.13ms [update=1.26/11.68 (minimap=1.03/11.25 [compact=1.03, fullmap=0.00/0.00], other=0.23), render=0.33/0.89, other=0.00]; finish=0.02/0.05ms; outside-update-draw=1.19ms; draws=135, maps=2, entities=20, lights=3
2026-08-30 08:57:18.956 +02:00 [INF] Client frame profile: measured=80.4fps counter=103 targetMode=-1; interval=12.43/45.28ms avg/max; update=0.09/1.48ms (1.00 calls/frame); draw=10.09/21.38ms; world=8.13/10.43ms [scene=7.90/10.18, scene-detail=[tiles=0.70ms/26.0draws (geometry=0.43ms/26.0draws, water=0.27ms/0.0draws), objects=6.37ms/62.0draws, procedural=0.00ms/0.0draws, entities=0.24ms/0.2draws, effects=0.08ms/2.0draws, weather=0.37ms/2.0draws, other=0.14ms], lighting=0.03/0.12, post=0.03/0.09, overlays=0.07/0.15, other=0.10]; gui=1.93/12.26ms [update=1.61/11.84 (minimap=1.33/11.54 [compact=1.33, fullmap=0.00/0.00], other=0.28), render=0.32/0.68, other=0.00]; finish=0.02/0.06ms; outside-update-draw=2.26ms; draws=133, maps=2, entities=20, lights=3
2026-08-30 08:57:23.963 +02:00 [INF] Client frame profile: measured=96.9fps counter=105 targetMode=-1; interval=10.32/40.29ms avg/max; update=0.07/2.90ms (1.00 calls/frame); draw=9.57/20.75ms; world=7.91/11.45ms [scene=7.70/11.26, scene-detail=[tiles=0.68ms/26.0draws (geometry=0.41ms/26.0draws, water=0.27ms/0.0draws), objects=6.23ms/62.0draws, procedural=0.00ms/0.0draws, entities=0.24ms/2.9draws, effects=0.07ms/2.0draws, weather=0.36ms/2.0draws, other=0.13ms], lighting=0.03/0.07, post=0.03/0.06, overlays=0.06/0.16, other=0.09]; gui=1.64/12.02ms [update=1.29/11.87 (minimap=1.07/11.35 [compact=1.07, fullmap=0.00/0.00], other=0.22), render=0.35/0.60, other=0.00]; finish=0.02/0.05ms; outside-update-draw=0.69ms; draws=122, maps=2, entities=19, lights=3
2026-08-30 08:57:27.205 +02:00 [WRN] 'Me' is null.
2026-08-30 08:57:27.205 +02:00 [WRN] 'Me' is null.
2026-08-30 08:57:27.205 +02:00 [WRN] 'Me' is null.
2026-08-30 08:57:27.205 +02:00 [WRN] 'Me' is null.
2026-08-30 08:57:27.205 +02:00 [WRN] 'Me' is null.
2026-08-30 08:57:27.205 +02:00 [WRN] 'Me' is null.
2026-08-30 08:57:27.205 +02:00 [WRN] 'Me' is null.
2026-08-30 08:57:27.205 +02:00 [WRN] 'Me' is null.
2026-08-30 08:57:27.205 +02:00 [WRN] 'Me' is null.
2026-08-30 08:57:27.205 +02:00 [WRN] 'Me' is null.
2026-08-30 08:57:27.205 +02:00 [WRN] 'Me' is null.
2026-08-30 08:57:27.205 +02:00 [WRN] 'Me' is null.
2026-08-30 08:57:27.205 +02:00 [WRN] 'Me' is null.
2026-08-30 08:57:27.205 +02:00 [WRN] 'Me' is null.
2026-08-30 08:57:39.736 +02:00 [WRN] 'Me' is null.
2026-08-30 08:57:40.121 +02:00 [INF] Built VBO for map 9802b09c-f592-4d93-8e11-d3424500716c 'Deep Forest' in 3.1149ms
2026-08-30 08:57:40.125 +02:00 [INF] Built VBO for map 15601ad4-9f26-4abe-a6c9-3a7eebaa3045 'Forest' in 3.3215ms
2026-08-30 08:57:40.130 +02:00 [INF] Built VBO for map d490222a-af25-4a7f-bec3-7ca8016e08d7 'New Map' in 3.219ms
2026-08-30 08:57:40.162 +02:00 [INF] Built VBO for map a31f210c-f5fb-48bf-9db2-45fab2293a4c 'Forest' in 30.7581ms
2026-08-30 08:57:40.189 +02:00 [INF] Built VBO for map 27c6a7b2-4e9f-4316-9a0f-e13ec8e16ba2 'Forest' in 25.9461ms
2026-08-30 08:57:40.194 +02:00 [INF] Built VBO for map e341d25d-5ff4-4cd6-bcd5-2f2cda710c86 'Greenfall Vale' in 3.5463ms
2026-08-30 08:57:45.212 +02:00 [INF] Client frame profile: measured=79.3fps counter=89 targetMode=-1; interval=12.61/263.02ms avg/max; update=0.11/9.99ms (1.00 calls/frame); draw=12.30/262.36ms; world=10.34/251.49ms [scene=10.16/251.26, scene-detail=[tiles=1.25ms/45.9draws (geometry=0.82ms/45.9draws, water=0.44ms/0.0draws), objects=7.80ms/86.8draws, procedural=0.00ms/0.0draws, entities=0.22ms/1.1draws, effects=0.09ms/1.9draws, weather=0.63ms/4.0draws, other=0.17ms], lighting=0.02/0.05, post=0.03/0.06, overlays=0.05/0.11, other=0.09]; gui=1.93/31.15ms [update=1.56/12.41 (minimap=1.19/10.35 [compact=1.19, fullmap=0.00/0.00], other=0.37), render=0.37/21.16, other=0.00]; finish=0.02/0.56ms; outside-update-draw=0.19ms; draws=250, maps=4, entities=19, lights=3
2026-08-30 08:57:50.218 +02:00 [INF] Client frame profile: measured=77.7fps counter=77 targetMode=-1; interval=12.87/22.36ms avg/max; update=0.07/0.93ms (1.00 calls/frame); draw=12.61/22.22ms; world=9.83/13.09ms [scene=9.65/12.86, scene-detail=[tiles=1.25ms/46.0draws (geometry=0.82ms/46.0draws, water=0.43ms/0.0draws), objects=7.31ms/87.0draws, procedural=0.00ms/0.0draws, entities=0.21ms/1.2draws, effects=0.09ms/1.8draws, weather=0.63ms/4.0draws, other=0.16ms], lighting=0.02/0.05, post=0.03/0.04, overlays=0.05/0.08, other=0.09]; gui=2.76/12.16ms [update=1.75/11.14 (minimap=1.22/9.79 [compact=1.22, fullmap=0.00/0.00], other=0.53), render=1.01/2.20, other=0.00]; finish=0.02/0.03ms; outside-update-draw=0.19ms; draws=252, maps=4, entities=19, lights=3
2026-08-30 08:57:55.229 +02:00 [INF] Client frame profile: measured=78.4fps counter=80 targetMode=-1; interval=12.75/21.84ms avg/max; update=0.05/0.17ms (1.00 calls/frame); draw=12.60/21.73ms; world=9.87/12.87ms [scene=9.69/12.65, scene-detail=[tiles=1.24ms/46.0draws (geometry=0.81ms/46.0draws, water=0.43ms/0.0draws), objects=7.39ms/87.0draws, procedural=0.00ms/0.0draws, entities=0.22ms/1.0draws, effects=0.08ms/2.0draws, weather=0.62ms/4.0draws, other=0.15ms], lighting=0.02/0.03, post=0.02/0.04, overlays=0.05/0.54, other=0.09]; gui=2.71/11.73ms [update=1.73/10.66 (minimap=1.28/9.83 [compact=1.28, fullmap=0.00/0.00], other=0.45), render=0.98/1.18, other=0.00]; finish=0.01/0.03ms; outside-update-draw=0.09ms; draws=250, maps=4, entities=19, lights=3
2026-08-30 08:58:00.235 +02:00 [INF] Client frame profile: measured=82.5fps counter=86 targetMode=-1; interval=12.12/24.16ms avg/max; update=0.11/12.82ms (1.00 calls/frame); draw=11.81/22.21ms; world=9.73/11.07ms [scene=9.55/10.86, scene-detail=[tiles=1.24ms/46.0draws (geometry=0.81ms/46.0draws, water=0.43ms/0.0draws), objects=7.25ms/87.0draws, procedural=0.00ms/0.0draws, entities=0.21ms/1.0draws, effects=0.08ms/2.0draws, weather=0.62ms/4.0draws, other=0.16ms], lighting=0.02/0.04, post=0.02/0.05, overlays=0.05/0.38, other=0.09]; gui=2.05/11.98ms [update=1.64/10.92 (minimap=1.18/10.15 [compact=1.18, fullmap=0.00/0.00], other=0.46), render=0.41/1.37, other=0.00]; finish=0.01/0.03ms; outside-update-draw=0.20ms; draws=180, maps=4, entities=19, lights=3
2026-08-30 08:58:05.237 +02:00 [INF] Client frame profile: measured=81.8fps counter=84 targetMode=-1; interval=12.23/25.58ms avg/max; update=0.07/2.46ms (1.00 calls/frame); draw=11.97/24.84ms; world=9.87/12.70ms [scene=9.69/12.50, scene-detail=[tiles=1.26ms/46.0draws (geometry=0.81ms/46.0draws, water=0.44ms/0.0draws), objects=7.34ms/87.0draws, procedural=0.00ms/0.0draws, entities=0.22ms/1.4draws, effects=0.08ms/1.6draws, weather=0.64ms/4.0draws, other=0.15ms], lighting=0.02/0.04, post=0.03/0.06, overlays=0.05/0.09, other=0.09]; gui=2.07/15.48ms [update=1.77/10.89 (minimap=1.21/9.81 [compact=1.21, fullmap=0.00/0.00], other=0.55), render=0.30/5.18, other=0.00]; finish=0.01/0.04ms; outside-update-draw=0.19ms; draws=250, maps=4, entities=19, lights=3
2026-08-30 08:58:10.246 +02:00 [INF] Client frame profile: measured=79.3fps counter=78 targetMode=-1; interval=12.62/30.76ms avg/max; update=0.08/2.36ms (1.00 calls/frame); draw=12.29/30.38ms; world=9.76/27.54ms [scene=9.54/12.08, scene-detail=[tiles=1.25ms/46.0draws (geometry=0.82ms/46.0draws, water=0.43ms/0.0draws), objects=7.23ms/87.0draws, procedural=0.00ms/0.0draws, entities=0.21ms/1.0draws, effects=0.08ms/2.0draws, weather=0.62ms/4.0draws, other=0.15ms], lighting=0.02/0.04, post=0.07/17.96, overlays=0.05/0.08, other=0.09]; gui=2.51/13.30ms [update=1.63/12.02 (minimap=1.16/11.05 [compact=1.16, fullmap=0.00/0.00], other=0.46), render=0.88/2.69, other=0.00]; finish=0.02/0.03ms; outside-update-draw=0.25ms; draws=158, maps=4, entities=19, lights=3
2026-08-30 08:58:15.251 +02:00 [INF] Client frame profile: measured=84.9fps counter=81 targetMode=-1; interval=11.78/24.82ms avg/max; update=0.08/1.31ms (1.00 calls/frame); draw=11.50/24.60ms; world=9.60/14.15ms [scene=9.42/13.92, scene-detail=[tiles=1.23ms/46.0draws (geometry=0.80ms/46.0draws, water=0.43ms/0.0draws), objects=7.17ms/87.0draws, procedural=0.00ms/0.0draws, entities=0.21ms/1.0draws, effects=0.07ms/2.0draws, weather=0.62ms/4.0draws, other=0.11ms], lighting=0.02/0.04, post=0.03/0.05, overlays=0.05/0.10, other=0.09]; gui=1.87/13.91ms [update=1.73/13.74 (minimap=1.27/10.35 [compact=1.27, fullmap=0.00/0.00], other=0.46), render=0.14/4.67, other=0.00]; finish=0.01/0.05ms; outside-update-draw=0.20ms; draws=158, maps=4, entities=19, lights=3
2026-08-30 08:58:20.258 +02:00 [INF] Client frame profile: measured=86.1fps counter=89 targetMode=-1; interval=11.62/29.09ms avg/max; update=0.07/0.83ms (1.00 calls/frame); draw=11.33/29.02ms; world=9.27/17.89ms [scene=9.08/17.43, scene-detail=[tiles=1.22ms/46.0draws (geometry=0.78ms/46.0draws, water=0.43ms/0.0draws), objects=6.76ms/87.0draws, procedural=0.00ms/0.0draws, entities=0.25ms/0.1draws, effects=0.07ms/2.0draws, weather=0.64ms/3.1draws, other=0.13ms], lighting=0.02/0.10, post=0.03/0.05, overlays=0.05/0.09, other=0.09]; gui=2.03/12.05ms [update=1.83/11.94 (minimap=1.32/10.96 [compact=1.32, fullmap=0.00/0.00], other=0.51), render=0.20/0.54, other=0.00]; finish=0.02/0.04ms; outside-update-draw=0.21ms; draws=176, maps=4, entities=19, lights=3
2026-08-30 08:58:25.263 +02:00 [INF] Client frame profile: measured=103.7fps counter=103 targetMode=-1; interval=9.64/20.40ms avg/max; update=0.06/2.48ms (1.00 calls/frame); draw=9.53/20.24ms; world=7.71/9.71ms [scene=7.51/9.50, scene-detail=[tiles=1.11ms/46.0draws (geometry=0.68ms/46.0draws, water=0.43ms/0.0draws), objects=5.43ms/87.0draws, procedural=0.00ms/0.0draws, entities=0.22ms/0.6draws, effects=0.07ms/2.0draws, weather=0.62ms/0.0draws, other=0.06ms], lighting=0.03/0.04, post=0.02/0.04, overlays=0.06/0.33, other=0.09]; gui=1.80/12.11ms [update=1.44/11.58 (minimap=1.00/10.63 [compact=1.00, fullmap=0.00/0.00], other=0.44), render=0.36/0.59, other=0.00]; finish=0.02/0.05ms; outside-update-draw=0.05ms; draws=178, maps=4, entities=19, lights=3
2026-08-30 08:58:30.278 +02:00 [INF] Client frame profile: measured=104.5fps counter=110 targetMode=-1; interval=9.57/22.09ms avg/max; update=0.07/0.51ms (1.00 calls/frame); draw=9.38/21.13ms; world=7.67/10.33ms [scene=7.47/10.11, scene-detail=[tiles=1.10ms/46.0draws (geometry=0.67ms/46.0draws, water=0.43ms/0.0draws), objects=5.41ms/87.0draws, procedural=0.00ms/0.0draws, entities=0.21ms/0.5draws, effects=0.06ms/2.0draws, weather=0.62ms/0.0draws, other=0.06ms], lighting=0.02/0.06, post=0.02/0.04, overlays=0.06/0.10, other=0.09]; gui=1.69/12.08ms [update=1.44/11.83 (minimap=1.04/11.08 [compact=1.04, fullmap=0.00/0.00], other=0.40), render=0.24/0.67, other=0.00]; finish=0.02/0.04ms; outside-update-draw=0.13ms; draws=182, maps=4, entities=19, lights=3
2026-08-30 08:58:35.281 +02:00 [INF] Client frame profile: measured=87.0fps counter=55 targetMode=-1; interval=11.50/41.80ms avg/max; update=0.07/0.25ms (1.00 calls/frame); draw=9.74/20.31ms; world=7.71/11.34ms [scene=7.51/11.12, scene-detail=[tiles=1.12ms/46.0draws (geometry=0.68ms/46.0draws, water=0.43ms/0.0draws), objects=5.43ms/87.0draws, procedural=0.00ms/0.0draws, entities=0.21ms/0.0draws, effects=0.07ms/2.0draws, weather=0.62ms/0.0draws, other=0.07ms], lighting=0.03/0.05, post=0.03/0.07, overlays=0.06/0.37, other=0.09]; gui=2.00/12.18ms [update=1.63/11.87 (minimap=1.13/11.06 [compact=1.13, fullmap=0.00/0.00], other=0.50), render=0.37/0.75, other=0.00]; finish=0.02/0.05ms; outside-update-draw=1.69ms; draws=182, maps=4, entities=19, lights=3
2026-08-30 08:58:40.289 +02:00 [INF] Client frame profile: measured=99.0fps counter=121 targetMode=-1; interval=10.10/45.48ms avg/max; update=0.08/2.84ms (1.00 calls/frame); draw=9.21/23.51ms; world=7.17/10.76ms [scene=6.96/10.50, scene-detail=[tiles=0.86ms/35.2draws (geometry=0.51ms/35.2draws, water=0.35ms/0.0draws), objects=5.25ms/73.5draws, procedural=0.00ms/0.0draws, entities=0.25ms/1.2draws, effects=0.07ms/2.0draws, weather=0.47ms/0.0draws, other=0.06ms], lighting=0.02/0.06, post=0.03/0.09, overlays=0.06/0.16, other=0.09]; gui=2.01/14.88ms [update=1.62/14.35 (minimap=1.16/13.28 [compact=1.16, fullmap=0.00/0.00], other=0.47), render=0.39/0.76, other=0.00]; finish=0.02/0.30ms; outside-update-draw=0.81ms; draws=137, maps=2, entities=19, lights=3
2026-08-30 08:58:45.306 +02:00 [INF] Client frame profile: measured=107.8fps counter=105 targetMode=-1; interval=9.27/20.21ms avg/max; update=0.07/4.09ms (1.00 calls/frame); draw=9.03/19.79ms; world=7.28/10.52ms [scene=7.08/10.28, scene-detail=[tiles=0.89ms/37.5draws (geometry=0.53ms/37.5draws, water=0.36ms/0.0draws), objects=5.27ms/76.4draws, procedural=0.00ms/0.0draws, entities=0.28ms/2.9draws, effects=0.07ms/2.0draws, weather=0.50ms/0.0draws, other=0.06ms], lighting=0.02/0.06, post=0.03/0.06, overlays=0.06/0.12, other=0.09]; gui=1.73/12.38ms [update=1.57/12.05 (minimap=1.12/11.06 [compact=1.12, fullmap=0.00/0.00], other=0.45), render=0.15/0.60, other=0.00]; finish=0.02/0.04ms; outside-update-draw=0.17ms; draws=156, maps=4, entities=19, lights=3
2026-08-30 08:58:50.307 +02:00 [INF] Client frame profile: measured=101.2fps counter=97 targetMode=-1; interval=9.88/24.04ms avg/max; update=0.07/0.63ms (1.00 calls/frame); draw=9.70/23.96ms; world=7.88/11.59ms [scene=7.69/11.33, scene-detail=[tiles=1.10ms/46.0draws (geometry=0.67ms/46.0draws, water=0.43ms/0.0draws), objects=5.54ms/87.0draws, procedural=0.00ms/0.0draws, entities=0.29ms/3.8draws, effects=0.08ms/2.0draws, weather=0.63ms/0.0draws, other=0.05ms], lighting=0.02/0.05, post=0.02/0.06, overlays=0.05/0.13, other=0.09]; gui=1.79/12.34ms [update=1.61/11.88 (minimap=1.17/11.04 [compact=1.17, fullmap=0.00/0.00], other=0.44), render=0.18/0.56, other=0.00]; finish=0.02/0.07ms; outside-update-draw=0.11ms; draws=179, maps=4, entities=19, lights=3
2026-08-30 08:58:55.313 +02:00 [INF] Client frame profile: measured=102.7fps counter=105 targetMode=-1; interval=9.74/24.54ms avg/max; update=0.07/0.81ms (1.00 calls/frame); draw=9.53/24.27ms; world=7.77/13.78ms [scene=7.58/13.53, scene-detail=[tiles=1.10ms/46.0draws (geometry=0.68ms/46.0draws, water=0.43ms/0.0draws), objects=5.52ms/87.0draws, procedural=0.00ms/0.0draws, entities=0.21ms/1.4draws, effects=0.08ms/2.0draws, weather=0.63ms/0.0draws, other=0.04ms], lighting=0.02/0.05, post=0.02/0.05, overlays=0.06/0.39, other=0.08]; gui=1.74/12.01ms [update=1.47/11.56 (minimap=1.07/10.84 [compact=1.07, fullmap=0.00/0.00], other=0.41), render=0.26/0.57, other=0.00]; finish=0.02/0.05ms; outside-update-draw=0.14ms; draws=183, maps=4, entities=19, lights=3
2026-08-30 08:59:00.314 +02:00 [INF] Client frame profile: measured=101.6fps counter=103 targetMode=-1; interval=9.84/34.07ms avg/max; update=0.06/0.26ms (1.00 calls/frame); draw=9.64/21.31ms; world=7.85/11.49ms [scene=7.65/11.25, scene-detail=[tiles=1.11ms/46.0draws (geometry=0.68ms/46.0draws, water=0.43ms/0.0draws), objects=5.57ms/87.0draws, procedural=0.00ms/0.0draws, entities=0.22ms/1.0draws, effects=0.07ms/2.0draws, weather=0.63ms/0.0draws, other=0.04ms], lighting=0.02/0.04, post=0.02/0.04, overlays=0.06/0.09, other=0.09]; gui=1.76/13.29ms [update=1.41/12.77 (minimap=0.98/10.56 [compact=0.98, fullmap=0.00/0.00], other=0.43), render=0.35/0.67, other=0.00]; finish=0.02/0.12ms; outside-update-draw=0.15ms; draws=183, maps=4, entities=19, lights=3
2026-08-30 08:59:05.318 +02:00 [INF] Client frame profile: measured=63.5fps counter=98 targetMode=-1; interval=15.74/41.16ms avg/max; update=0.10/0.48ms (1.00 calls/frame); draw=10.59/20.33ms; world=8.01/10.82ms [scene=7.79/10.38, scene-detail=[tiles=1.17ms/46.0draws (geometry=0.73ms/46.0draws, water=0.44ms/0.0draws), objects=5.58ms/87.0draws, procedural=0.00ms/0.0draws, entities=0.26ms/2.0draws, effects=0.08ms/2.0draws, weather=0.64ms/0.0draws, other=0.05ms], lighting=0.03/0.09, post=0.04/0.16, overlays=0.07/0.25, other=0.09]; gui=2.55/11.90ms [update=2.23/11.43 (minimap=1.61/10.52 [compact=1.61, fullmap=0.00/0.00], other=0.62), render=0.31/0.80, other=0.00]; finish=0.02/0.09ms; outside-update-draw=5.05ms; draws=156, maps=4, entities=19, lights=3
2026-08-30 08:59:10.325 +02:00 [INF] Client frame profile: measured=77.3fps counter=49 targetMode=-1; interval=12.94/53.95ms avg/max; update=0.09/0.53ms (1.00 calls/frame); draw=10.35/24.53ms; world=8.00/11.49ms [scene=7.78/11.17, scene-detail=[tiles=1.16ms/46.0draws (geometry=0.72ms/46.0draws, water=0.44ms/0.0draws), objects=5.60ms/87.0draws, procedural=0.00ms/0.0draws, entities=0.23ms/1.0draws, effects=0.08ms/2.0draws, weather=0.65ms/0.0draws, other=0.06ms], lighting=0.03/0.09, post=0.04/0.09, overlays=0.07/0.13, other=0.09]; gui=2.32/14.59ms [update=2.00/14.11 (minimap=1.35/13.08 [compact=1.35, fullmap=0.00/0.00], other=0.65), render=0.32/0.75, other=0.00]; finish=0.02/0.12ms; outside-update-draw=2.49ms; draws=177, maps=4, entities=19, lights=3
2026-08-30 08:59:15.330 +02:00 [INF] Client frame profile: measured=85.7fps counter=91 targetMode=-1; interval=11.67/43.95ms avg/max; update=0.07/0.37ms (1.00 calls/frame); draw=9.92/21.60ms; world=7.84/10.34ms [scene=7.62/10.08, scene-detail=[tiles=1.14ms/46.0draws (geometry=0.71ms/46.0draws, water=0.43ms/0.0draws), objects=5.47ms/87.0draws, procedural=0.00ms/0.0draws, entities=0.24ms/1.2draws, effects=0.08ms/2.0draws, weather=0.63ms/0.0draws, other=0.06ms], lighting=0.02/0.05, post=0.04/0.08, overlays=0.07/0.15, other=0.09]; gui=2.05/12.12ms [update=1.80/11.55 (minimap=1.19/10.49 [compact=1.19, fullmap=0.00/0.00], other=0.61), render=0.25/0.72, other=0.00]; finish=0.02/0.05ms; outside-update-draw=1.67ms; draws=154, maps=4, entities=20, lights=3
2026-08-30 08:59:20.340 +02:00 [INF] Client frame profile: measured=104.6fps counter=107 targetMode=-1; interval=9.56/19.68ms avg/max; update=0.07/0.57ms (1.00 calls/frame); draw=9.38/19.60ms; world=7.66/11.20ms [scene=7.49/11.00, scene-detail=[tiles=1.09ms/46.0draws (geometry=0.66ms/46.0draws, water=0.43ms/0.0draws), objects=5.48ms/87.0draws, procedural=0.00ms/0.0draws, entities=0.18ms/1.0draws, effects=0.07ms/2.0draws, weather=0.62ms/0.0draws, other=0.05ms], lighting=0.02/0.05, post=0.02/0.06, overlays=0.05/0.09, other=0.07]; gui=1.69/11.37ms [update=1.48/10.95 (minimap=1.07/10.43 [compact=1.07, fullmap=0.00/0.00], other=0.41), render=0.21/0.51, other=0.00]; finish=0.02/0.35ms; outside-update-draw=0.12ms; draws=177, maps=4, entities=14, lights=2
2026-08-30 08:59:25.340 +02:00 [INF] Client frame profile: measured=95.8fps counter=75 targetMode=-1; interval=10.44/46.39ms avg/max; update=0.06/0.31ms (1.00 calls/frame); draw=9.46/22.13ms; world=7.65/10.57ms [scene=7.50/10.34, scene-detail=[tiles=1.09ms/46.0draws (geometry=0.66ms/46.0draws, water=0.43ms/0.0draws), objects=5.52ms/87.0draws, procedural=0.00ms/0.0draws, entities=0.15ms/0.8draws, effects=0.07ms/2.0draws, weather=0.62ms/0.0draws, other=0.05ms], lighting=0.02/0.06, post=0.02/0.05, overlays=0.04/0.09, other=0.06]; gui=1.79/13.86ms [update=1.44/13.28 (minimap=0.97/10.00 [compact=0.97, fullmap=0.00/0.00], other=0.46), render=0.35/0.60, other=0.00]; finish=0.02/0.05ms; outside-update-draw=0.91ms; draws=176, maps=4, entities=14, lights=2
2026-08-30 08:59:30.348 +02:00 [INF] Client frame profile: measured=91.1fps counter=87 targetMode=-1; interval=10.98/42.58ms avg/max; update=0.07/0.39ms (1.00 calls/frame); draw=9.63/20.05ms; world=7.70/10.08ms [scene=7.54/9.90, scene-detail=[tiles=1.10ms/46.0draws (geometry=0.67ms/46.0draws, water=0.43ms/0.0draws), objects=5.54ms/87.0draws, procedural=0.00ms/0.0draws, entities=0.16ms/0.4draws, effects=0.07ms/2.0draws, weather=0.63ms/0.0draws, other=0.05ms], lighting=0.02/0.05, post=0.03/0.06, overlays=0.05/0.09, other=0.06]; gui=1.90/11.48ms [update=1.55/10.97 (minimap=1.05/10.07 [compact=1.05, fullmap=0.00/0.00], other=0.50), render=0.35/0.72, other=0.00]; finish=0.02/0.09ms; outside-update-draw=1.29ms; draws=177, maps=4, entities=15, lights=2
2026-08-30 08:59:35.352 +02:00 [INF] Client frame profile: measured=92.5fps counter=105 targetMode=-1; interval=10.81/43.59ms avg/max; update=0.07/0.24ms (1.00 calls/frame); draw=9.65/19.86ms; world=7.72/10.45ms [scene=7.55/10.25, scene-detail=[tiles=1.11ms/46.0draws (geometry=0.67ms/46.0draws, water=0.43ms/0.0draws), objects=5.53ms/87.0draws, procedural=0.00ms/0.0draws, entities=0.16ms/1.0draws, effects=0.07ms/2.0draws, weather=0.62ms/0.0draws, other=0.05ms], lighting=0.03/0.05, post=0.03/0.07, overlays=0.05/0.09, other=0.06]; gui=1.91/11.84ms [update=1.55/11.28 (minimap=1.01/10.17 [compact=1.01, fullmap=0.00/0.00], other=0.53), render=0.36/0.78, other=0.00]; finish=0.02/0.07ms; outside-update-draw=1.09ms; draws=177, maps=4, entities=15, lights=2
2026-08-30 08:59:40.355 +02:00 [INF] Client frame profile: measured=70.2fps counter=103 targetMode=-1; interval=14.25/41.34ms avg/max; update=0.08/0.55ms (1.00 calls/frame); draw=10.12/21.01ms; world=7.79/9.95ms [scene=7.61/9.60, scene-detail=[tiles=1.15ms/46.0draws (geometry=0.71ms/46.0draws, water=0.44ms/0.0draws), objects=5.51ms/87.0draws, procedural=0.00ms/0.0draws, entities=0.19ms/1.1draws, effects=0.07ms/2.0draws, weather=0.63ms/0.0draws, other=0.06ms], lighting=0.03/0.07, post=0.04/0.08, overlays=0.05/0.11, other=0.07]; gui=2.30/11.96ms [update=1.96/11.49 (minimap=1.34/10.67 [compact=1.34, fullmap=0.00/0.00], other=0.62), render=0.34/0.68, other=0.00]; finish=0.02/0.07ms; outside-update-draw=4.04ms; draws=155, maps=4, entities=21, lights=3
2026-08-30 08:59:45.363 +02:00 [INF] Client frame profile: measured=95.8fps counter=109 targetMode=-1; interval=10.43/40.83ms avg/max; update=0.05/0.44ms (1.00 calls/frame); draw=9.22/20.26ms; world=7.59/9.06ms [scene=7.39/8.83, scene-detail=[tiles=1.10ms/46.0draws (geometry=0.67ms/46.0draws, water=0.43ms/0.0draws), objects=5.32ms/87.0draws, procedural=0.00ms/0.0draws, entities=0.24ms/2.0draws, effects=0.06ms/2.0draws, weather=0.62ms/0.0draws, other=0.05ms], lighting=0.02/0.04, post=0.03/0.05, overlays=0.06/0.12, other=0.09]; gui=1.61/11.31ms [update=1.52/11.19 (minimap=1.08/10.56 [compact=1.08, fullmap=0.00/0.00], other=0.44), render=0.08/0.20, other=0.00]; finish=0.02/0.04ms; outside-update-draw=1.16ms; draws=159, maps=4, entities=21, lights=3
2026-08-30 08:59:50.367 +02:00 [INF] Client frame profile: measured=105.1fps counter=104 targetMode=-1; interval=9.51/20.74ms avg/max; update=0.07/11.48ms (1.00 calls/frame); draw=9.31/20.44ms; world=7.67/9.26ms [scene=7.47/9.05, scene-detail=[tiles=1.10ms/46.0draws (geometry=0.67ms/46.0draws, water=0.43ms/0.0draws), objects=5.40ms/87.0draws, procedural=0.00ms/0.0draws, entities=0.24ms/1.9draws, effects=0.06ms/2.0draws, weather=0.62ms/0.0draws, other=0.05ms], lighting=0.02/0.06, post=0.03/0.06, overlays=0.05/0.38, other=0.09]; gui=1.62/11.49ms [update=1.53/11.37 (minimap=1.06/10.73 [compact=1.06, fullmap=0.00/0.00], other=0.47), render=0.08/0.38, other=0.00]; finish=0.02/0.06ms; outside-update-draw=0.13ms; draws=154, maps=4, entities=21, lights=3
2026-08-30 08:59:55.369 +02:00 [INF] Client frame profile: measured=104.6fps counter=109 targetMode=-1; interval=9.56/20.34ms avg/max; update=0.11/8.10ms (1.00 calls/frame); draw=9.25/19.81ms; world=7.63/12.50ms [scene=7.46/12.28, scene-detail=[tiles=1.12ms/46.0draws (geometry=0.68ms/46.0draws, water=0.44ms/0.0draws), objects=5.41ms/87.0draws, procedural=0.00ms/0.0draws, entities=0.18ms/1.0draws, effects=0.07ms/2.0draws, weather=0.62ms/0.0draws, other=0.05ms], lighting=0.02/0.05, post=0.04/0.12, overlays=0.04/0.17, other=0.07]; gui=1.59/11.81ms [update=1.49/11.70 (minimap=0.96/10.69 [compact=0.96, fullmap=0.00/0.00], other=0.52), render=0.10/0.44, other=0.00]; finish=0.02/0.06ms; outside-update-draw=0.21ms; draws=160, maps=4, entities=15, lights=2
2026-08-30 09:00:00.381 +02:00 [INF] Client frame profile: measured=104.2fps counter=94 targetMode=-1; interval=9.60/41.28ms avg/max; update=0.10/0.45ms (1.00 calls/frame); draw=8.96/19.25ms; world=7.48/9.81ms [scene=7.33/9.47, scene-detail=[tiles=1.09ms/46.0draws (geometry=0.66ms/46.0draws, water=0.43ms/0.0draws), objects=5.35ms/87.0draws, procedural=0.00ms/0.0draws, entities=0.16ms/1.0draws, effects=0.06ms/2.0draws, weather=0.62ms/0.0draws, other=0.05ms], lighting=0.02/0.05, post=0.03/0.10, overlays=0.03/0.10, other=0.05]; gui=1.46/11.94ms [update=1.35/11.77 (minimap=0.86/10.66 [compact=0.86, fullmap=0.00/0.00], other=0.49), render=0.11/0.46, other=0.00]; finish=0.02/0.07ms; outside-update-draw=0.54ms; draws=160, maps=4, entities=15, lights=2
2026-08-30 09:00:05.405 +02:00 [INF] Client frame profile: measured=31.1fps counter=32 targetMode=-1; interval=32.21/40.00ms avg/max; update=0.19/0.68ms (1.00 calls/frame); draw=11.39/18.82ms; world=7.84/8.64ms [scene=7.68/8.44, scene-detail=[tiles=1.21ms/46.0draws (geometry=0.76ms/46.0draws, water=0.45ms/0.0draws), objects=5.53ms/87.0draws, procedural=0.00ms/0.0draws, entities=0.18ms/1.0draws, effects=0.07ms/2.0draws, weather=0.62ms/0.0draws, other=0.06ms], lighting=0.03/0.03, post=0.04/0.06, overlays=0.04/0.06, other=0.06]; gui=3.51/10.78ms [update=3.37/10.63 (minimap=2.58/9.73 [compact=2.58, fullmap=0.00/0.00], other=0.79), render=0.14/0.52, other=0.00]; finish=0.02/0.04ms; outside-update-draw=20.63ms; draws=160, maps=4, entities=15, lights=2
2026-08-30 09:00:10.407 +02:00 [INF] Client frame profile: measured=31.2fps counter=32 targetMode=-1; interval=32.06/40.58ms avg/max; update=0.20/0.75ms (1.00 calls/frame); draw=11.26/19.41ms; world=7.89/9.23ms [scene=7.72/9.02, scene-detail=[tiles=1.22ms/46.0draws (geometry=0.77ms/46.0draws, water=0.44ms/0.0draws), objects=5.56ms/87.0draws, procedural=0.00ms/0.0draws, entities=0.18ms/1.0draws, effects=0.07ms/2.0draws, weather=0.63ms/0.0draws, other=0.06ms], lighting=0.03/0.05, post=0.04/0.08, overlays=0.04/0.08, other=0.06]; gui=3.33/10.99ms [update=3.19/10.81 (minimap=2.43/9.80 [compact=2.43, fullmap=0.00/0.00], other=0.77), render=0.14/0.46, other=0.00]; finish=0.02/0.04ms; outside-update-draw=20.61ms; draws=160, maps=4, entities=15, lights=2
2026-08-30 09:00:15.410 +02:00 [INF] Client frame profile: measured=75.3fps counter=108 targetMode=-1; interval=13.27/40.32ms avg/max; update=0.12/1.04ms (1.00 calls/frame); draw=9.41/30.11ms; world=7.62/14.89ms [scene=7.47/14.56, scene-detail=[tiles=1.12ms/46.0draws (geometry=0.69ms/46.0draws, water=0.43ms/0.0draws), objects=5.45ms/87.0draws, procedural=0.00ms/0.0draws, entities=0.16ms/0.5draws, effects=0.06ms/2.0draws, weather=0.62ms/0.0draws, other=0.05ms], lighting=0.02/0.07, post=0.03/0.13, overlays=0.03/0.14, other=0.06]; gui=1.77/17.08ms [update=1.65/16.51 (minimap=1.16/14.37 [compact=1.16, fullmap=0.00/0.00], other=0.49), render=0.12/0.55, other=0.00]; finish=0.02/0.11ms; outside-update-draw=3.74ms; draws=163, maps=4, entities=15, lights=2
2026-08-30 09:00:20.419 +02:00 [INF] Client frame profile: measured=64.1fps counter=50 targetMode=-1; interval=15.61/45.49ms avg/max; update=0.09/0.80ms (1.00 calls/frame); draw=9.84/22.53ms; world=7.73/10.99ms [scene=7.57/10.77, scene-detail=[tiles=1.15ms/46.0draws (geometry=0.70ms/46.0draws, water=0.44ms/0.0draws), objects=5.50ms/87.0draws, procedural=0.00ms/0.0draws, entities=0.17ms/0.0draws, effects=0.05ms/2.0draws, weather=0.65ms/0.0draws, other=0.05ms], lighting=0.02/0.06, post=0.04/0.07, overlays=0.04/0.09, other=0.06]; gui=2.08/13.92ms [update=2.00/13.74 (minimap=1.35/12.56 [compact=1.35, fullmap=0.00/0.00], other=0.65), render=0.08/0.65, other=0.00]; finish=0.02/0.06ms; outside-update-draw=5.67ms; draws=157, maps=4, entities=14, lights=2
2026-08-30 09:00:25.420 +02:00 [INF] Client frame profile: measured=31.4fps counter=32 targetMode=-1; interval=31.85/41.57ms avg/max; update=0.13/0.27ms (1.00 calls/frame); draw=11.15/21.17ms; world=7.81/12.09ms [scene=7.66/11.82, scene-detail=[tiles=1.21ms/46.0draws (geometry=0.77ms/46.0draws, water=0.44ms/0.0draws), objects=5.55ms/87.0draws, procedural=0.00ms/0.0draws, entities=0.17ms/0.1draws, effects=0.05ms/1.9draws, weather=0.61ms/0.0draws, other=0.06ms], lighting=0.02/0.04, post=0.04/0.07, overlays=0.04/0.07, other=0.06]; gui=3.31/11.96ms [update=3.22/11.80 (minimap=2.48/10.59 [compact=2.48, fullmap=0.00/0.00], other=0.74), render=0.08/0.41, other=0.00]; finish=0.02/0.05ms; outside-update-draw=20.57ms; draws=153, maps=4, entities=14, lights=2
2026-08-30 09:00:30.431 +02:00 [INF] Client frame profile: measured=31.1fps counter=31 targetMode=-1; interval=32.13/40.03ms avg/max; update=0.13/0.28ms (1.00 calls/frame); draw=11.41/19.03ms; world=7.84/8.94ms [scene=7.69/8.77, scene-detail=[tiles=1.22ms/46.0draws (geometry=0.78ms/46.0draws, water=0.45ms/0.0draws), objects=5.54ms/87.0draws, procedural=0.00ms/0.0draws, entities=0.18ms/0.0draws, effects=0.05ms/2.0draws, weather=0.64ms/0.0draws, other=0.06ms], lighting=0.02/0.03, post=0.03/0.04, overlays=0.04/0.05, other=0.06]; gui=3.53/11.14ms [update=3.44/10.71 (minimap=2.67/9.74 [compact=2.67, fullmap=0.00/0.00], other=0.77), render=0.09/0.43, other=0.00]; finish=0.02/0.04ms; outside-update-draw=20.59ms; draws=153, maps=4, entities=14, lights=2
2026-08-30 09:00:35.442 +02:00 [INF] Client frame profile: measured=31.3fps counter=32 targetMode=-1; interval=31.92/40.03ms avg/max; update=0.12/0.26ms (1.00 calls/frame); draw=11.22/19.21ms; world=7.75/9.29ms [scene=7.60/9.15, scene-detail=[tiles=1.22ms/46.0draws (geometry=0.78ms/46.0draws, water=0.44ms/0.0draws), objects=5.48ms/87.0draws, procedural=0.00ms/0.0draws, entities=0.17ms/0.3draws, effects=0.05ms/2.0draws, weather=0.61ms/0.0draws, other=0.06ms], lighting=0.02/0.03, post=0.03/0.04, overlays=0.03/0.04, other=0.06]; gui=3.43/10.75ms [update=3.35/10.64 (minimap=2.59/9.65 [compact=2.59, fullmap=0.00/0.00], other=0.75), render=0.09/0.42, other=0.00]; finish=0.02/0.04ms; outside-update-draw=20.58ms; draws=153, maps=4, entities=14, lights=2
2026-08-30 09:00:40.442 +02:00 [INF] Client frame profile: measured=31.4fps counter=32 targetMode=-1; interval=31.85/39.59ms avg/max; update=0.13/0.44ms (1.00 calls/frame); draw=11.17/18.75ms; world=7.76/8.45ms [scene=7.61/8.30, scene-detail=[tiles=1.22ms/46.0draws (geometry=0.78ms/46.0draws, water=0.44ms/0.0draws), objects=5.45ms/87.0draws, procedural=0.00ms/0.0draws, entities=0.18ms/0.9draws, effects=0.06ms/2.0draws, weather=0.64ms/0.0draws, other=0.06ms], lighting=0.02/0.03, post=0.03/0.04, overlays=0.04/0.06, other=0.06]; gui=3.38/10.63ms [update=3.29/10.53 (minimap=2.55/9.75 [compact=2.55, fullmap=0.00/0.00], other=0.74), render=0.09/0.58, other=0.00]; finish=0.02/0.03ms; outside-update-draw=20.55ms; draws=154, maps=4, entities=15, lights=2
2026-08-30 09:00:45.449 +02:00 [INF] Client frame profile: measured=31.6fps counter=32 targetMode=-1; interval=31.69/39.87ms avg/max; update=0.13/0.63ms (1.00 calls/frame); draw=11.02/19.16ms; world=7.77/8.36ms [scene=7.62/8.19, scene-detail=[tiles=1.19ms/46.0draws (geometry=0.75ms/46.0draws, water=0.44ms/0.0draws), objects=5.45ms/87.0draws, procedural=0.00ms/0.0draws, entities=0.24ms/3.0draws, effects=0.05ms/2.0draws, weather=0.64ms/0.0draws, other=0.05ms], lighting=0.02/0.04, post=0.03/0.05, overlays=0.03/0.05, other=0.06]; gui=3.22/10.75ms [update=3.14/10.63 (minimap=2.46/9.66 [compact=2.46, fullmap=0.00/0.00], other=0.67), render=0.08/0.42, other=0.00]; finish=0.02/0.04ms; outside-update-draw=20.54ms; draws=156, maps=4, entities=15, lights=2
2026-08-30 09:00:50.468 +02:00 [INF] Client frame profile: measured=31.1fps counter=31 targetMode=-1; interval=32.17/40.92ms avg/max; update=0.13/0.34ms (1.00 calls/frame); draw=11.41/19.42ms; world=7.84/8.44ms [scene=7.68/8.26, scene-detail=[tiles=1.20ms/46.0draws (geometry=0.76ms/46.0draws, water=0.44ms/0.0draws), objects=5.50ms/87.0draws, procedural=0.00ms/0.0draws, entities=0.26ms/3.0draws, effects=0.06ms/2.0draws, weather=0.61ms/0.0draws, other=0.06ms], lighting=0.02/0.04, post=0.03/0.05, overlays=0.04/0.05, other=0.07]; gui=3.53/11.52ms [update=3.44/11.05 (minimap=2.68/10.05 [compact=2.68, fullmap=0.00/0.00], other=0.76), render=0.09/0.46, other=0.00]; finish=0.02/0.04ms; outside-update-draw=20.64ms; draws=156, maps=4, entities=16, lights=2
2026-08-30 09:00:55.486 +02:00 [INF] Client frame profile: measured=31.3fps counter=32 targetMode=-1; interval=31.96/39.83ms avg/max; update=0.13/0.67ms (1.00 calls/frame); draw=11.24/18.72ms; world=7.84/8.34ms [scene=7.68/8.18, scene-detail=[tiles=1.21ms/46.0draws (geometry=0.77ms/46.0draws, water=0.44ms/0.0draws), objects=5.47ms/87.0draws, procedural=0.00ms/0.0draws, entities=0.25ms/2.9draws, effects=0.05ms/2.0draws, weather=0.64ms/0.0draws, other=0.06ms], lighting=0.02/0.04, post=0.03/0.04, overlays=0.04/0.06, other=0.07]; gui=3.37/10.83ms [update=3.29/10.72 (minimap=2.54/9.75 [compact=2.54, fullmap=0.00/0.00], other=0.75), render=0.08/0.40, other=0.00]; finish=0.02/0.04ms; outside-update-draw=20.59ms; draws=160, maps=4, entities=16, lights=2
2026-08-30 09:01:00.491 +02:00 [INF] Client frame profile: measured=31.2fps counter=32 targetMode=-1; interval=32.08/41.01ms avg/max; update=0.12/0.29ms (1.00 calls/frame); draw=11.35/20.54ms; world=7.91/10.31ms [scene=7.76/10.15, scene-detail=[tiles=1.19ms/46.0draws (geometry=0.75ms/46.0draws, water=0.44ms/0.0draws), objects=5.50ms/87.0draws, procedural=0.00ms/0.0draws, entities=0.33ms/4.8draws, effects=0.05ms/1.9draws, weather=0.62ms/0.0draws, other=0.06ms], lighting=0.02/0.03, post=0.03/0.04, overlays=0.04/0.06, other=0.06]; gui=3.40/10.64ms [update=3.32/10.56 (minimap=2.56/9.94 [compact=2.56, fullmap=0.00/0.00], other=0.75), render=0.09/0.44, other=0.00]; finish=0.02/0.03ms; outside-update-draw=20.61ms; draws=160, maps=4, entities=15, lights=2
2026-08-30 09:01:05.515 +02:00 [INF] Client frame profile: measured=31.2fps counter=32 targetMode=-1; interval=32.00/40.95ms avg/max; update=0.12/0.26ms (1.00 calls/frame); draw=11.29/20.00ms; world=7.92/10.30ms [scene=7.77/10.15, scene-detail=[tiles=1.18ms/46.0draws (geometry=0.73ms/46.0draws, water=0.45ms/0.0draws), objects=5.49ms/87.0draws, procedural=0.00ms/0.0draws, entities=0.37ms/5.9draws, effects=0.05ms/2.0draws, weather=0.62ms/0.0draws, other=0.05ms], lighting=0.02/0.03, post=0.03/0.05, overlays=0.04/0.05, other=0.06]; gui=3.34/10.77ms [update=3.25/10.66 (minimap=2.54/9.69 [compact=2.54, fullmap=0.00/0.00], other=0.71), render=0.08/0.42, other=0.00]; finish=0.02/0.03ms; outside-update-draw=20.59ms; draws=160, maps=4, entities=15, lights=2
2026-08-30 09:01:10.542 +02:00 [INF] Client frame profile: measured=31.0fps counter=31 targetMode=-1; interval=32.22/41.23ms avg/max; update=0.12/0.27ms (1.00 calls/frame); draw=11.48/19.71ms; world=7.93/8.52ms [scene=7.78/8.36, scene-detail=[tiles=1.17ms/46.0draws (geometry=0.73ms/46.0draws, water=0.44ms/0.0draws), objects=5.47ms/87.0draws, procedural=0.00ms/0.0draws, entities=0.39ms/7.0draws, effects=0.05ms/2.0draws, weather=0.64ms/0.0draws, other=0.06ms], lighting=0.02/0.03, post=0.03/0.04, overlays=0.04/0.05, other=0.06]; gui=3.52/12.02ms [update=3.43/11.90 (minimap=2.69/10.92 [compact=2.69, fullmap=0.00/0.00], other=0.74), render=0.09/0.41, other=0.00]; finish=0.02/0.03ms; outside-update-draw=20.61ms; draws=160, maps=4, entities=15, lights=2
2026-08-30 09:01:15.570 +02:00 [INF] Client frame profile: measured=31.2fps counter=32 targetMode=-1; interval=32.02/39.96ms avg/max; update=0.14/1.86ms (1.00 calls/frame); draw=11.28/18.95ms; world=7.92/10.55ms [scene=7.77/10.38, scene-detail=[tiles=1.17ms/46.0draws (geometry=0.73ms/46.0draws, water=0.44ms/0.0draws), objects=5.52ms/87.0draws, procedural=0.00ms/0.0draws, entities=0.36ms/5.9draws, effects=0.06ms/2.0draws, weather=0.61ms/0.0draws, other=0.06ms], lighting=0.02/0.04, post=0.03/0.04, overlays=0.04/0.05, other=0.06]; gui=3.32/10.72ms [update=3.24/10.62 (minimap=2.49/9.70 [compact=2.49, fullmap=0.00/0.00], other=0.75), render=0.08/0.41, other=0.00]; finish=0.02/0.04ms; outside-update-draw=20.60ms; draws=161, maps=4, entities=15, lights=2
2026-08-30 09:01:20.586 +02:00 [INF] Client frame profile: measured=31.3fps counter=32 targetMode=-1; interval=31.95/39.74ms avg/max; update=0.13/0.26ms (1.00 calls/frame); draw=11.25/18.78ms; world=7.88/8.87ms [scene=7.73/8.73, scene-detail=[tiles=1.21ms/46.0draws (geometry=0.77ms/46.0draws, water=0.44ms/0.0draws), objects=5.53ms/87.0draws, procedural=0.00ms/0.0draws, entities=0.24ms/3.0draws, effects=0.05ms/2.0draws, weather=0.64ms/0.0draws, other=0.06ms], lighting=0.02/0.03, post=0.03/0.04, overlays=0.04/0.05, other=0.06]; gui=3.33/10.66ms [update=3.25/10.56 (minimap=2.54/9.63 [compact=2.54, fullmap=0.00/0.00], other=0.71), render=0.08/0.11, other=0.00]; finish=0.02/0.03ms; outside-update-draw=20.58ms; draws=156, maps=4, entities=15, lights=2
2026-08-30 09:01:25.604 +02:00 [INF] Client frame profile: measured=31.3fps counter=32 targetMode=-1; interval=31.96/47.37ms avg/max; update=0.18/8.72ms (1.00 calls/frame); draw=11.16/18.83ms; world=7.90/12.21ms [scene=7.75/11.93, scene-detail=[tiles=1.21ms/46.0draws (geometry=0.77ms/46.0draws, water=0.44ms/0.0draws), objects=5.54ms/87.0draws, procedural=0.00ms/0.0draws, entities=0.26ms/3.4draws, effects=0.05ms/2.0draws, weather=0.63ms/0.0draws, other=0.06ms], lighting=0.02/0.04, post=0.03/0.05, overlays=0.04/0.08, other=0.06]; gui=3.22/10.65ms [update=3.14/10.55 (minimap=2.43/9.65 [compact=2.43, fullmap=0.00/0.00], other=0.71), render=0.08/0.16, other=0.00]; finish=0.02/0.04ms; outside-update-draw=20.62ms; draws=158, maps=4, entities=15, lights=2
2026-08-30 09:01:30.607 +02:00 [INF] Client frame profile: measured=31.2fps counter=32 targetMode=-1; interval=32.07/41.74ms avg/max; update=0.14/2.01ms (1.00 calls/frame); draw=11.32/20.88ms; world=7.85/9.47ms [scene=7.70/9.31, scene-detail=[tiles=1.19ms/46.0draws (geometry=0.75ms/46.0draws, water=0.44ms/0.0draws), objects=5.49ms/87.0draws, procedural=0.00ms/0.0draws, entities=0.28ms/4.1draws, effects=0.06ms/1.8draws, weather=0.62ms/0.0draws, other=0.06ms], lighting=0.02/0.09, post=0.03/0.12, overlays=0.04/0.10, other=0.06]; gui=3.43/12.84ms [update=3.35/12.71 (minimap=2.56/10.30 [compact=2.56, fullmap=0.00/0.00], other=0.78), render=0.08/0.13, other=0.00]; finish=0.02/0.15ms; outside-update-draw=20.61ms; draws=156, maps=4, entities=14, lights=2
2026-08-30 09:01:35.617 +02:00 [INF] Client frame profile: measured=30.9fps counter=32 targetMode=-1; interval=32.32/40.17ms avg/max; update=0.15/0.37ms (1.00 calls/frame); draw=11.57/19.44ms; world=8.00/11.18ms [scene=7.84/10.96, scene-detail=[tiles=1.23ms/46.0draws (geometry=0.77ms/46.0draws, water=0.45ms/0.0draws), objects=5.57ms/87.0draws, procedural=0.00ms/0.0draws, entities=0.27ms/2.7draws, effects=0.06ms/1.9draws, weather=0.65ms/0.0draws, other=0.06ms], lighting=0.02/0.04, post=0.03/0.06, overlays=0.04/0.06, other=0.06]; gui=3.53/11.01ms [update=3.43/10.83 (minimap=2.53/10.10 [compact=2.53, fullmap=0.00/0.00], other=0.90), render=0.09/0.20, other=0.00]; finish=0.02/0.05ms; outside-update-draw=20.60ms; draws=156, maps=4, entities=15, lights=2
2026-08-30 09:01:40.635 +02:00 [INF] Client frame profile: measured=30.9fps counter=31 targetMode=-1; interval=32.37/40.15ms avg/max; update=0.15/1.16ms (1.00 calls/frame); draw=11.61/19.43ms; world=7.97/8.54ms [scene=7.81/8.35, scene-detail=[tiles=1.23ms/46.0draws (geometry=0.77ms/46.0draws, water=0.46ms/0.0draws), objects=5.56ms/87.0draws, procedural=0.00ms/0.0draws, entities=0.27ms/3.0draws, effects=0.06ms/2.0draws, weather=0.63ms/0.0draws, other=0.06ms], lighting=0.02/0.06, post=0.03/0.06, overlays=0.04/0.06, other=0.06]; gui=3.60/10.96ms [update=3.51/10.85 (minimap=2.64/9.93 [compact=2.64, fullmap=0.00/0.00], other=0.87), render=0.09/0.20, other=0.00]; finish=0.02/0.07ms; outside-update-draw=20.61ms; draws=160, maps=4, entities=15, lights=2
2026-08-30 09:01:45.664 +02:00 [INF] Client frame profile: measured=31.4fps counter=32 targetMode=-1; interval=31.83/40.71ms avg/max; update=0.13/0.62ms (1.00 calls/frame); draw=11.13/20.02ms; world=7.86/9.05ms [scene=7.71/8.86, scene-detail=[tiles=1.21ms/46.0draws (geometry=0.76ms/46.0draws, water=0.44ms/0.0draws), objects=5.49ms/87.0draws, procedural=0.00ms/0.0draws, entities=0.27ms/4.1draws, effects=0.05ms/2.0draws, weather=0.64ms/0.0draws, other=0.05ms], lighting=0.02/0.03, post=0.03/0.04, overlays=0.04/0.07, other=0.06]; gui=3.23/10.91ms [update=3.15/10.78 (minimap=2.46/9.77 [compact=2.46, fullmap=0.00/0.00], other=0.69), render=0.08/0.15, other=0.00]; finish=0.02/0.36ms; outside-update-draw=20.57ms; draws=158, maps=4, entities=15, lights=2
2026-08-30 09:01:50.682 +02:00 [INF] Client frame profile: measured=31.5fps counter=32 targetMode=-1; interval=31.76/41.04ms avg/max; update=0.12/0.46ms (1.00 calls/frame); draw=11.07/20.43ms; world=7.82/8.84ms [scene=7.67/8.68, scene-detail=[tiles=1.19ms/46.0draws (geometry=0.75ms/46.0draws, water=0.43ms/0.0draws), objects=5.48ms/87.0draws, procedural=0.00ms/0.0draws, entities=0.28ms/4.9draws, effects=0.05ms/1.9draws, weather=0.62ms/0.0draws, other=0.05ms], lighting=0.02/0.03, post=0.03/0.04, overlays=0.03/0.04, other=0.06]; gui=3.22/12.31ms [update=3.15/12.22 (minimap=2.53/11.37 [compact=2.53, fullmap=0.00/0.00], other=0.61), render=0.07/0.11, other=0.00]; finish=0.02/0.03ms; outside-update-draw=20.57ms; draws=158, maps=4, entities=15, lights=2
2026-08-30 09:01:55.684 +02:00 [INF] Client frame profile: measured=31.4fps counter=32 targetMode=-1; interval=31.86/39.90ms avg/max; update=0.13/0.83ms (1.00 calls/frame); draw=11.14/19.20ms; world=7.87/8.40ms [scene=7.71/8.24, scene-detail=[tiles=1.18ms/46.0draws (geometry=0.74ms/46.0draws, water=0.44ms/0.0draws), objects=5.49ms/87.0draws, procedural=0.00ms/0.0draws, entities=0.32ms/5.4draws, effects=0.05ms/1.9draws, weather=0.62ms/0.0draws, other=0.06ms], lighting=0.02/0.03, post=0.03/0.04, overlays=0.04/0.04, other=0.06]; gui=3.24/11.15ms [update=3.16/11.04 (minimap=2.43/10.04 [compact=2.43, fullmap=0.00/0.00], other=0.73), render=0.08/0.11, other=0.00]; finish=0.02/0.03ms; outside-update-draw=20.59ms; draws=159, maps=4, entities=15, lights=2
2026-08-30 09:02:00.721 +02:00 [INF] Client frame profile: measured=31.2fps counter=32 targetMode=-1; interval=32.08/43.89ms avg/max; update=0.13/0.61ms (1.00 calls/frame); draw=11.34/22.91ms; world=7.95/11.07ms [scene=7.80/10.87, scene-detail=[tiles=1.20ms/46.0draws (geometry=0.76ms/46.0draws, water=0.44ms/0.0draws), objects=5.55ms/87.0draws, procedural=0.00ms/0.0draws, entities=0.30ms/3.9draws, effects=0.05ms/2.0draws, weather=0.64ms/0.0draws, other=0.06ms], lighting=0.02/0.03, post=0.03/0.04, overlays=0.04/0.06, other=0.06]; gui=3.36/11.71ms [update=3.27/11.44 (minimap=2.55/10.40 [compact=2.55, fullmap=0.00/0.00], other=0.72), render=0.08/0.27, other=0.00]; finish=0.02/0.09ms; outside-update-draw=20.61ms; draws=157, maps=4, entities=15, lights=2
2026-08-30 09:02:05.746 +02:00 [INF] Client frame profile: measured=31.2fps counter=32 targetMode=-1; interval=32.00/42.73ms avg/max; update=0.14/1.94ms (1.00 calls/frame); draw=11.31/21.87ms; world=7.87/10.23ms [scene=7.72/10.06, scene-detail=[tiles=1.18ms/46.0draws (geometry=0.74ms/46.0draws, water=0.44ms/0.0draws), objects=5.54ms/87.0draws, procedural=0.00ms/0.0draws, entities=0.28ms/2.8draws, effects=0.05ms/2.0draws, weather=0.61ms/0.0draws, other=0.06ms], lighting=0.02/0.04, post=0.03/0.04, overlays=0.04/0.05, other=0.06]; gui=3.41/13.19ms [update=3.33/13.03 (minimap=2.59/9.57 [compact=2.59, fullmap=0.00/0.00], other=0.74), render=0.08/0.20, other=0.00]; finish=0.02/0.05ms; outside-update-draw=20.55ms; draws=156, maps=4, entities=16, lights=2
2026-08-30 09:02:10.754 +02:00 [INF] Client frame profile: measured=31.3fps counter=32 targetMode=-1; interval=31.90/40.44ms avg/max; update=0.13/0.81ms (1.00 calls/frame); draw=11.19/18.92ms; world=7.93/8.66ms [scene=7.77/8.28, scene-detail=[tiles=1.19ms/46.0draws (geometry=0.75ms/46.0draws, water=0.44ms/0.0draws), objects=5.55ms/87.0draws, procedural=0.00ms/0.0draws, entities=0.29ms/3.7draws, effects=0.05ms/2.0draws, weather=0.64ms/0.0draws, other=0.06ms], lighting=0.02/0.13, post=0.03/0.08, overlays=0.04/0.08, other=0.07]; gui=3.23/11.31ms [update=3.15/11.13 (minimap=2.42/9.91 [compact=2.42, fullmap=0.00/0.00], other=0.72), render=0.08/0.18, other=0.00]; finish=0.02/0.05ms; outside-update-draw=20.58ms; draws=160, maps=4, entities=16, lights=2
2026-08-30 09:02:15.771 +02:00 [INF] Client frame profile: measured=31.3fps counter=32 targetMode=-1; interval=31.96/39.79ms avg/max; update=0.13/0.28ms (1.00 calls/frame); draw=11.28/18.85ms; world=7.92/8.57ms [scene=7.76/8.39, scene-detail=[tiles=1.19ms/46.0draws (geometry=0.75ms/46.0draws, water=0.44ms/0.0draws), objects=5.56ms/87.0draws, procedural=0.00ms/0.0draws, entities=0.27ms/3.0draws, effects=0.05ms/2.0draws, weather=0.62ms/0.0draws, other=0.06ms], lighting=0.02/0.05, post=0.03/0.06, overlays=0.04/0.06, other=0.07]; gui=3.32/10.68ms [update=3.24/10.59 (minimap=2.48/9.68 [compact=2.48, fullmap=0.00/0.00], other=0.76), render=0.08/0.15, other=0.00]; finish=0.02/0.04ms; outside-update-draw=20.55ms; draws=156, maps=4, entities=16, lights=2
2026-08-30 09:02:20.775 +02:00 [INF] Client frame profile: measured=31.2fps counter=31 targetMode=-1; interval=32.07/40.43ms avg/max; update=0.13/0.35ms (1.00 calls/frame); draw=11.35/19.20ms; world=7.93/8.73ms [scene=7.78/8.56, scene-detail=[tiles=1.22ms/46.0draws (geometry=0.77ms/46.0draws, water=0.44ms/0.0draws), objects=5.60ms/87.0draws, procedural=0.00ms/0.0draws, entities=0.22ms/1.7draws, effects=0.06ms/2.0draws, weather=0.63ms/0.0draws, other=0.06ms], lighting=0.02/0.05, post=0.03/0.05, overlays=0.04/0.07, other=0.07]; gui=3.38/10.79ms [update=3.30/10.70 (minimap=2.56/9.73 [compact=2.56, fullmap=0.00/0.00], other=0.74), render=0.08/0.46, other=0.00]; finish=0.02/0.08ms; outside-update-draw=20.59ms; draws=156, maps=4, entities=16, lights=2
2026-08-30 09:02:25.783 +02:00 [INF] Client frame profile: measured=55.9fps counter=31 targetMode=-1; interval=17.88/41.79ms avg/max; update=0.10/0.84ms (1.00 calls/frame); draw=10.24/21.04ms; world=7.89/12.39ms [scene=7.74/12.20, scene-detail=[tiles=1.16ms/46.0draws (geometry=0.71ms/46.0draws, water=0.44ms/0.0draws), objects=5.56ms/87.0draws, procedural=0.00ms/0.0draws, entities=0.28ms/4.0draws, effects=0.06ms/2.0draws, weather=0.63ms/0.0draws, other=0.05ms], lighting=0.02/0.04, post=0.03/0.09, overlays=0.04/0.08, other=0.06]; gui=2.31/12.46ms [update=2.23/12.34 (minimap=1.53/11.33 [compact=1.53, fullmap=0.00/0.00], other=0.70), render=0.08/0.22, other=0.00]; finish=0.02/0.06ms; outside-update-draw=7.55ms; draws=158, maps=4, entities=16, lights=2
2026-08-30 09:02:30.784 +02:00 [INF] Client frame profile: measured=54.6fps counter=108 targetMode=-1; interval=18.32/39.59ms avg/max; update=0.09/0.81ms (1.00 calls/frame); draw=9.92/18.65ms; world=7.72/9.73ms [scene=7.57/9.56, scene-detail=[tiles=1.11ms/46.0draws (geometry=0.68ms/46.0draws, water=0.43ms/0.0draws), objects=5.41ms/87.0draws, procedural=0.00ms/0.0draws, entities=0.31ms/6.1draws, effects=0.05ms/1.7draws, weather=0.63ms/0.0draws, other=0.05ms], lighting=0.02/0.04, post=0.03/0.04, overlays=0.04/0.05, other=0.06]; gui=2.18/10.75ms [update=2.10/10.64 (minimap=1.49/9.64 [compact=1.49, fullmap=0.00/0.00], other=0.61), render=0.07/0.12, other=0.00]; finish=0.02/0.03ms; outside-update-draw=8.31ms; draws=157, maps=4, entities=16, lights=2
2026-08-30 09:02:35.795 +02:00 [INF] Client frame profile: measured=50.3fps counter=31 targetMode=-1; interval=19.89/40.61ms avg/max; update=0.09/0.51ms (1.00 calls/frame); draw=10.12/19.01ms; world=7.74/9.12ms [scene=7.59/8.85, scene-detail=[tiles=1.13ms/46.0draws (geometry=0.70ms/46.0draws, water=0.43ms/0.0draws), objects=5.45ms/87.0draws, procedural=0.00ms/0.0draws, entities=0.28ms/4.8draws, effects=0.05ms/1.8draws, weather=0.63ms/0.0draws, other=0.05ms], lighting=0.02/0.04, post=0.03/0.07, overlays=0.04/0.11, other=0.06]; gui=2.35/10.71ms [update=2.27/10.61 (minimap=1.62/9.70 [compact=1.62, fullmap=0.00/0.00], other=0.65), render=0.08/0.16, other=0.00]; finish=0.02/0.04ms; outside-update-draw=9.67ms; draws=156, maps=4, entities=16, lights=2
2026-08-30 09:02:40.804 +02:00 [INF] Client frame profile: measured=31.1fps counter=31 targetMode=-1; interval=32.11/40.14ms avg/max; update=0.13/0.60ms (1.00 calls/frame); draw=11.37/18.94ms; world=7.90/8.67ms [scene=7.75/8.49, scene-detail=[tiles=1.22ms/46.0draws (geometry=0.78ms/46.0draws, water=0.44ms/0.0draws), objects=5.55ms/87.0draws, procedural=0.00ms/0.0draws, entities=0.23ms/3.0draws, effects=0.05ms/2.0draws, weather=0.64ms/0.0draws, other=0.06ms], lighting=0.02/0.03, post=0.03/0.04, overlays=0.04/0.05, other=0.06]; gui=3.44/10.70ms [update=3.35/10.60 (minimap=2.62/9.74 [compact=2.62, fullmap=0.00/0.00], other=0.73), render=0.08/0.20, other=0.00]; finish=0.02/0.05ms; outside-update-draw=20.61ms; draws=156, maps=4, entities=16, lights=2
2026-08-30 09:02:45.822 +02:00 [INF] Client frame profile: measured=30.9fps counter=31 targetMode=-1; interval=32.37/40.31ms avg/max; update=0.15/0.57ms (1.00 calls/frame); draw=11.65/19.67ms; world=7.95/9.08ms [scene=7.78/8.88, scene-detail=[tiles=1.23ms/46.0draws (geometry=0.78ms/46.0draws, water=0.45ms/0.0draws), objects=5.58ms/87.0draws, procedural=0.00ms/0.0draws, entities=0.24ms/2.0draws, effects=0.06ms/2.0draws, weather=0.62ms/0.0draws, other=0.06ms], lighting=0.02/0.03, post=0.03/0.05, overlays=0.04/0.09, other=0.07]; gui=3.66/11.20ms [update=3.56/11.05 (minimap=2.71/9.98 [compact=2.71, fullmap=0.00/0.00], other=0.85), render=0.09/0.18, other=0.00]; finish=0.02/0.07ms; outside-update-draw=20.57ms; draws=154, maps=4, entities=16, lights=2
2026-08-30 09:02:50.849 +02:00 [INF] Client frame profile: measured=31.0fps counter=32 targetMode=-1; interval=32.23/42.05ms avg/max; update=0.16/3.25ms (1.00 calls/frame); draw=11.47/21.12ms; world=8.01/10.64ms [scene=7.85/10.42, scene-detail=[tiles=1.22ms/46.0draws (geometry=0.77ms/46.0draws, water=0.45ms/0.0draws), objects=5.58ms/87.0draws, procedural=0.00ms/0.0draws, entities=0.29ms/3.0draws, effects=0.06ms/2.0draws, weather=0.65ms/0.0draws, other=0.06ms], lighting=0.02/0.03, post=0.03/0.05, overlays=0.04/0.07, other=0.07]; gui=3.42/12.31ms [update=3.33/12.19 (minimap=2.50/9.61 [compact=2.50, fullmap=0.00/0.00], other=0.84), render=0.09/0.18, other=0.00]; finish=0.02/0.04ms; outside-update-draw=20.60ms; draws=156, maps=4, entities=16, lights=2
2026-08-30 09:02:55.871 +02:00 [INF] Client frame profile: measured=31.7fps counter=32 targetMode=-1; interval=31.59/39.72ms avg/max; update=0.11/0.31ms (1.00 calls/frame); draw=10.88/18.33ms; world=7.79/8.33ms [scene=7.64/8.17, scene-detail=[tiles=1.20ms/46.0draws (geometry=0.76ms/46.0draws, water=0.43ms/0.0draws), objects=5.49ms/87.0draws, procedural=0.00ms/0.0draws, entities=0.25ms/3.1draws, effects=0.05ms/1.9draws, weather=0.60ms/0.0draws, other=0.05ms], lighting=0.02/0.03, post=0.03/0.04, overlays=0.04/0.05, other=0.06]; gui=3.06/10.49ms [update=2.99/10.39 (minimap=2.38/9.56 [compact=2.38, fullmap=0.00/0.00], other=0.60), render=0.07/0.13, other=0.00]; finish=0.02/0.05ms; outside-update-draw=20.59ms; draws=156, maps=4, entities=16, lights=2
2026-08-30 09:03:00.886 +02:00 [INF] Client frame profile: measured=30.5fps counter=30 targetMode=-1; interval=32.78/46.84ms avg/max; update=0.15/0.32ms (1.00 calls/frame); draw=12.04/25.63ms; world=8.23/12.90ms [scene=8.06/12.64, scene-detail=[tiles=1.25ms/46.0draws (geometry=0.79ms/46.0draws, water=0.45ms/0.0draws), objects=5.71ms/87.0draws, procedural=0.00ms/0.0draws, entities=0.31ms/3.9draws, effects=0.06ms/2.0draws, weather=0.66ms/0.0draws, other=0.06ms], lighting=0.02/0.07, post=0.03/0.11, overlays=0.04/0.15, other=0.07]; gui=3.77/13.61ms [update=3.67/13.49 (minimap=2.82/12.17 [compact=2.82, fullmap=0.00/0.00], other=0.85), render=0.10/0.21, other=0.00]; finish=0.02/0.07ms; outside-update-draw=20.58ms; draws=156, maps=4, entities=16, lights=2
2026-08-30 09:03:05.910 +02:00 [INF] Client frame profile: measured=29.9fps counter=30 targetMode=-1; interval=33.50/48.29ms avg/max; update=0.18/0.43ms (1.00 calls/frame); draw=12.72/27.13ms; world=8.63/13.41ms [scene=8.44/13.11, scene-detail=[tiles=1.31ms/46.0draws (geometry=0.82ms/46.0draws, water=0.49ms/0.0draws), objects=5.98ms/87.0draws, procedural=0.00ms/0.0draws, entities=0.32ms/3.0draws, effects=0.08ms/1.8draws, weather=0.67ms/0.0draws, other=0.08ms], lighting=0.03/0.07, post=0.04/0.10, overlays=0.05/0.14, other=0.07]; gui=4.03/13.63ms [update=3.91/13.48 (minimap=2.84/12.38 [compact=2.84, fullmap=0.00/0.00], other=1.07), render=0.12/0.19, other=0.00]; finish=0.03/0.06ms; outside-update-draw=20.59ms; draws=155, maps=4, entities=16, lights=2
2026-08-30 09:03:10.913 +02:00 [INF] Client frame profile: measured=88.0fps counter=98 targetMode=-1; interval=11.37/41.76ms avg/max; update=0.10/1.21ms (1.00 calls/frame); draw=10.01/22.32ms; world=7.90/11.79ms [scene=7.74/11.60, scene-detail=[tiles=1.14ms/46.0draws (geometry=0.69ms/46.0draws, water=0.45ms/0.0draws), objects=5.54ms/87.0draws, procedural=0.00ms/0.0draws, entities=0.28ms/3.6draws, effects=0.07ms/2.0draws, weather=0.65ms/0.0draws, other=0.06ms], lighting=0.02/0.05, post=0.03/0.07, overlays=0.04/0.35, other=0.06]; gui=2.08/11.77ms [update=1.99/11.60 (minimap=1.17/10.35 [compact=1.17, fullmap=0.00/0.00], other=0.82), render=0.09/0.18, other=0.00]; finish=0.02/0.07ms; outside-update-draw=1.26ms; draws=156, maps=4, entities=16, lights=2
2026-08-30 09:03:15.728 +02:00 [INF] System window closing (due to user interaction most likely).
2026-08-30 09:03:15.732 +02:00 [INF] Disconnected [e4e273dc-3989-4354-bee3-34bb8dea9c4c].
2026-08-30 09:03:15.732 +02:00 [INF] Updating active permission set to 'default'
2026-08-30 09:03:15.770 +02:00 [INF] Acquiring context lock... (0ms)
2026-08-30 09:03:15.770 +02:00 [INF] Acquired. (0ms)
2026-08-30 09:03:15.771 +02:00 [INF] Beginning context dispose. (0ms)
2026-08-30 09:03:15.771 +02:00 [INF] GC.SuppressFinalize (0ms)
2026-08-30 09:03:15.771 +02:00 [INF] InternalDispose() completed. (0ms)
2026-08-30 09:03:15.771 +02:00 [INF] Clearing instance... (1ms)
2026-08-30 09:03:15.771 +02:00 [INF] Releasing context lock... (1ms)
2026-08-30 09:03:15.771 +02:00 [INF] Released. (1ms)
