2026-06-21 12:40:29.584 +02:00 [INF] Starting Intersect Client v0.8.0.0-custom+32d39132dace1351f63375b261f241297dd35be8-dirty
2026-06-21 12:40:29.846 +02:00 [INF] Discovered service type: Intersect.Plugins.PluginService
2026-06-21 12:40:29.852 +02:00 [WRN] Directory was specified as a plugin directory but does not exist: 'resources\plugins'
2026-06-21 12:40:29.853 +02:00 [INF] Discovered 0 plugins:

2026-06-21 12:40:35.256 +02:00 [INF] Music volume set to 20 from MainMenu.SettingsWindow._innerPanel._tabs._innerPanel._audioSettingsTab._scrollPanel._musicSlider._slider
2026-06-21 12:40:35.256 +02:00 [INF] Sound volume set to 20 from MainMenu.SettingsWindow._innerPanel._tabs._innerPanel._audioSettingsTab._scrollPanel._soundEffectsSlider._slider
2026-06-21 12:40:35.257 +02:00 [INF] Weather sounds volume set to 80 from MainMenu.SettingsWindow._innerPanel._tabs._innerPanel._audioSettingsTab._scrollPanel._weatherSoundsSlider._slider
2026-06-21 12:40:50.780 +02:00 [INF] Connecting to 127.0.0.1:5400...
2026-06-21 12:40:50.803 +02:00 [INF] Connected [4e27bf20-293f-4a33-9681-47ae776670a7].
2026-06-21 12:40:50.829 +02:00 [INF] Connection approved [4e27bf20-293f-4a33-9681-47ae776670a7].
2026-06-21 12:40:50.905 +02:00 [INF] Updated PermissionSet 'default'
2026-06-21 12:40:54.934 +02:00 [INF] Updated PermissionSet 'admin'
2026-06-21 12:40:54.934 +02:00 [INF] Updating active permission set to 'admin'
2026-06-21 12:41:25.971 +02:00 [WRN] 'Me' is null.
2026-06-21 12:41:26.777 +02:00 [ERR] Exception thrown while trying to load 'resources/tilesets/water_shore_marker.png'
System.IO.FileNotFoundException: Could not find file 'F:\game code engine\Intersect_New\Intersect.Client\resources\tilesets\water_shore_marker.png'.
File name: 'F:\game code engine\Intersect_New\Intersect.Client\resources\tilesets\water_shore_marker.png'
   at Microsoft.Win32.SafeHandles.SafeFileHandle.CreateFile(String fullPath, FileMode mode, FileAccess access, FileShare share, FileOptions options)
   at Microsoft.Win32.SafeHandles.SafeFileHandle.Open(String fullPath, FileMode mode, FileAccess access, FileShare share, FileOptions options, Int64 preallocationSize, Nullable`1 unixCreateMode)
   at System.IO.Strategies.OSFileStreamStrategy..ctor(String path, FileMode mode, FileAccess access, FileShare share, FileOptions options, Int64 preallocationSize, Nullable`1 unixCreateMode)
   at System.IO.File.OpenRead(String path)
   at Intersect.Client.Framework.Graphics.GameRenderer.<>c__DisplayClass181_0.<LoadTexture>b__0() in F:\game code engine\Intersect_New\Intersect.Client.Framework\Graphics\GameRenderer.cs:line 1011
   at Intersect.Client.Framework.Graphics.GameTexture`2.LoadPlatformTexture(Boolean force) in F:\game code engine\Intersect_New\Intersect.Client.Framework\Graphics\GameTexture.cs:line 279
2026-06-21 12:41:26.791 +02:00 [INF] Built VBO for map 9802b09c-f592-4d93-8e11-d3424500716c 'Forest' in 50.2166ms
2026-06-21 12:41:26.802 +02:00 [INF] Built VBO for map 15601ad4-9f26-4abe-a6c9-3a7eebaa3045 'Forest' in 10.1771ms
2026-06-21 12:41:26.943 +02:00 [INF] Built VBO for map a31f210c-f5fb-48bf-9db2-45fab2293a4c 'Forest' in 136.639ms
2026-06-21 12:41:27.314 +02:00 [INF] Built VBO for map 27c6a7b2-4e9f-4316-9a0f-e13ec8e16ba2 'Forest' in 370.6269ms
2026-06-21 12:41:27.344 +02:00 [INF] Built VBO for map e341d25d-5ff4-4cd6-bcd5-2f2cda710c86 'town' in 7.5103ms
2026-06-21 12:41:57.614 +02:00 [WRN] 'Me' is null.
2026-06-21 12:42:28.949 +02:00 [WRN] 'Me' is null.
2026-06-21 12:42:29.439 +02:00 [INF] Built VBO for map 9802b09c-f592-4d93-8e11-d3424500716c 'Forest' in 4.2627ms
2026-06-21 12:42:29.443 +02:00 [INF] Built VBO for map 15601ad4-9f26-4abe-a6c9-3a7eebaa3045 'Forest' in 4.1115ms
2026-06-21 12:42:29.495 +02:00 [INF] Built VBO for map a31f210c-f5fb-48bf-9db2-45fab2293a4c 'Forest' in 46.6677ms
2026-06-21 12:42:29.831 +02:00 [INF] Built VBO for map 27c6a7b2-4e9f-4316-9a0f-e13ec8e16ba2 'Forest' in 335.3461ms
2026-06-21 12:42:29.838 +02:00 [INF] Built VBO for map e341d25d-5ff4-4cd6-bcd5-2f2cda710c86 'town' in 4.2396ms
2026-06-21 12:45:23.656 +02:00 [WRN] 'Me' is null.
2026-06-21 12:45:24.056 +02:00 [INF] Built VBO for map 9802b09c-f592-4d93-8e11-d3424500716c 'Forest' in 4.0041ms
2026-06-21 12:45:24.061 +02:00 [INF] Built VBO for map 15601ad4-9f26-4abe-a6c9-3a7eebaa3045 'Forest' in 3.9001ms
2026-06-21 12:45:24.111 +02:00 [INF] Built VBO for map a31f210c-f5fb-48bf-9db2-45fab2293a4c 'Forest' in 46.8908ms
2026-06-21 12:45:24.445 +02:00 [INF] Built VBO for map 27c6a7b2-4e9f-4316-9a0f-e13ec8e16ba2 'Forest' in 333.4294ms
2026-06-21 12:45:24.453 +02:00 [INF] Built VBO for map e341d25d-5ff4-4cd6-bcd5-2f2cda710c86 'town' in 4.6ms
2026-06-21 12:48:14.438 +02:00 [WRN] 'Me' is null.
2026-06-21 12:48:14.912 +02:00 [INF] Built VBO for map 9802b09c-f592-4d93-8e11-d3424500716c 'Forest' in 4.1542ms
2026-06-21 12:48:14.916 +02:00 [INF] Built VBO for map 15601ad4-9f26-4abe-a6c9-3a7eebaa3045 'Forest' in 3.7725ms
2026-06-21 12:48:14.966 +02:00 [INF] Built VBO for map a31f210c-f5fb-48bf-9db2-45fab2293a4c 'Forest' in 45.384ms
2026-06-21 12:48:15.329 +02:00 [INF] Built VBO for map 27c6a7b2-4e9f-4316-9a0f-e13ec8e16ba2 'Forest' in 362.314ms
2026-06-21 12:48:15.335 +02:00 [INF] Built VBO for map e341d25d-5ff4-4cd6-bcd5-2f2cda710c86 'town' in 4.1748ms
2026-06-21 12:48:39.610 +02:00 [WRN] 'Me' is null.
2026-06-21 12:48:39.611 +02:00 [WRN] 'Me' is null.
2026-06-21 12:48:39.611 +02:00 [WRN] 'Me' is null.
2026-06-21 12:48:39.611 +02:00 [WRN] 'Me' is null.
2026-06-21 12:57:43.785 +02:00 [INF] Disconnected [4e27bf20-293f-4a33-9681-47ae776670a7].
2026-06-21 12:57:43.785 +02:00 [INF] Updating active permission set to 'default'
2026-06-21 12:57:44.818 +02:00 [INF] User clicked exit button.
2026-06-21 12:57:44.836 +02:00 [INF] System window closing (due to user interaction most likely).
2026-06-21 12:57:44.865 +02:00 [INF] Acquiring context lock... (0ms)
2026-06-21 12:57:44.866 +02:00 [INF] Acquired. (0ms)
2026-06-21 12:57:44.866 +02:00 [INF] Beginning context dispose. (0ms)
2026-06-21 12:57:44.867 +02:00 [INF] GC.SuppressFinalize (0ms)
2026-06-21 12:57:44.867 +02:00 [INF] InternalDispose() completed. (0ms)
2026-06-21 12:57:44.867 +02:00 [INF] Clearing instance... (1ms)
2026-06-21 12:57:44.867 +02:00 [INF] Releasing context lock... (1ms)
2026-06-21 12:57:44.867 +02:00 [INF] Released. (1ms)
