2026-05-17 16:54:17.123 +02:00 [INF] Starting Intersect Client v0.8.0.0-custom+32d39132dace1351f63375b261f241297dd35be8-dirty
2026-05-17 16:54:17.332 +02:00 [INF] Discovered service type: Intersect.Plugins.PluginService
2026-05-17 16:54:17.335 +02:00 [WRN] Directory was specified as a plugin directory but does not exist: 'resources\plugins'
2026-05-17 16:54:17.336 +02:00 [INF] Discovered 0 plugins:

2026-05-17 16:54:19.687 +02:00 [INF] Connecting to 127.0.0.1:5400...
2026-05-17 16:54:19.696 +02:00 [INF] Connected [01dd4876-87de-4607-b9fb-5260acbc4955].
2026-05-17 16:54:19.702 +02:00 [INF] Connection approved [01dd4876-87de-4607-b9fb-5260acbc4955].
2026-05-17 16:54:19.802 +02:00 [INF] Updated PermissionSet 'default'
2026-05-17 16:54:19.803 +02:00 [INF] Updated PermissionSet 'admin'
2026-05-17 16:54:23.969 +02:00 [INF] Updating active permission set to 'admin'
2026-05-17 16:54:24.626 +02:00 [WRN] 'Me' is null.
2026-05-17 16:54:25.348 +02:00 [INF] Built VBO for map 27c6a7b2-4e9f-4316-9a0f-e13ec8e16ba2 'Forest' in 24.7753ms
2026-05-17 16:54:26.562 +02:00 [INF] Built VBO for map e341d25d-5ff4-4cd6-bcd5-2f2cda710c86 'Forest' in 20.0637ms
2026-05-17 16:54:27.784 +02:00 [INF] Built VBO for map a31f210c-f5fb-48bf-9db2-45fab2293a4c 'Forest' in 11.2993ms
2026-05-17 16:54:49.146 +02:00 [INF] Built VBO for map 27c6a7b2-4e9f-4316-9a0f-e13ec8e16ba2 'Forest' in 4.7524ms
2026-05-17 16:56:54.353 +02:00 [INF] System window closing (due to user interaction most likely).
2026-05-17 16:56:54.356 +02:00 [INF] Disconnected [01dd4876-87de-4607-b9fb-5260acbc4955].
2026-05-17 16:56:54.357 +02:00 [INF] Updating active permission set to 'default'
2026-05-17 16:56:54.394 +02:00 [INF] Acquiring context lock... (0ms)
2026-05-17 16:56:54.394 +02:00 [INF] Acquired. (0ms)
2026-05-17 16:56:54.395 +02:00 [INF] Beginning context dispose. (0ms)
2026-05-17 16:56:54.395 +02:00 [INF] GC.SuppressFinalize (0ms)
2026-05-17 16:56:54.395 +02:00 [INF] InternalDispose() completed. (0ms)
2026-05-17 16:56:54.395 +02:00 [INF] Clearing instance... (1ms)
2026-05-17 16:56:54.395 +02:00 [INF] Releasing context lock... (1ms)
2026-05-17 16:56:54.395 +02:00 [INF] Released. (1ms)
