2026-05-18 09:58:31.477 +02:00 [INF] Starting Intersect Client v0.8.0.0-custom+32d39132dace1351f63375b261f241297dd35be8-dirty
2026-05-18 09:58:31.682 +02:00 [INF] Discovered service type: Intersect.Plugins.PluginService
2026-05-18 09:58:31.685 +02:00 [WRN] Directory was specified as a plugin directory but does not exist: 'resources\plugins'
2026-05-18 09:58:31.686 +02:00 [INF] Discovered 0 plugins:

2026-05-18 09:58:33.650 +02:00 [INF] Connecting to 127.0.0.1:5400...
2026-05-18 09:58:33.672 +02:00 [INF] Connected [a8c6c49f-ead2-4c44-af39-8de10ee41598].
2026-05-18 09:58:33.690 +02:00 [INF] Connection approved [a8c6c49f-ead2-4c44-af39-8de10ee41598].
2026-05-18 09:58:33.787 +02:00 [INF] Updated PermissionSet 'default'
2026-05-18 09:58:37.242 +02:00 [INF] Updated PermissionSet 'admin'
2026-05-18 09:58:37.243 +02:00 [INF] Updating active permission set to 'admin'
2026-05-18 09:58:37.833 +02:00 [WRN] 'Me' is null.
2026-05-18 09:58:38.589 +02:00 [INF] Built VBO for map a31f210c-f5fb-48bf-9db2-45fab2293a4c 'Forest' in 27.2878ms
2026-05-18 09:58:58.557 +02:00 [INF] Built VBO for map 27c6a7b2-4e9f-4316-9a0f-e13ec8e16ba2 'Forest' in 36.186ms
2026-05-18 09:59:39.499 +02:00 [INF] Disconnected [a8c6c49f-ead2-4c44-af39-8de10ee41598].
2026-05-18 09:59:39.499 +02:00 [INF] Updating active permission set to 'default'
2026-05-18 09:59:47.161 +02:00 [INF] User clicked exit button.
2026-05-18 09:59:47.181 +02:00 [INF] System window closing (due to user interaction most likely).
2026-05-18 09:59:47.214 +02:00 [INF] Acquiring context lock... (0ms)
2026-05-18 09:59:47.214 +02:00 [INF] Acquired. (0ms)
2026-05-18 09:59:47.215 +02:00 [INF] Beginning context dispose. (0ms)
2026-05-18 09:59:47.215 +02:00 [INF] GC.SuppressFinalize (0ms)
2026-05-18 09:59:47.215 +02:00 [INF] InternalDispose() completed. (0ms)
2026-05-18 09:59:47.215 +02:00 [INF] Clearing instance... (1ms)
2026-05-18 09:59:47.215 +02:00 [INF] Releasing context lock... (1ms)
2026-05-18 09:59:47.216 +02:00 [INF] Released. (1ms)
