2026-05-13 07:16:51.253 +02:00 [INF] Starting Intersect Client v0.8.0.0-custom+32d39132dace1351f63375b261f241297dd35be8-dirty
2026-05-13 07:16:51.469 +02:00 [INF] Discovered service type: Intersect.Plugins.PluginService
2026-05-13 07:16:51.472 +02:00 [WRN] Directory was specified as a plugin directory but does not exist: 'resources\plugins'
2026-05-13 07:16:51.473 +02:00 [INF] Discovered 0 plugins:

2026-05-13 07:16:53.542 +02:00 [INF] Connecting to 127.0.0.1:5400...
2026-05-13 07:16:53.564 +02:00 [INF] Connected [f58eae9e-c90c-452d-860e-9f70b59a7584].
2026-05-13 07:16:53.582 +02:00 [INF] Connection approved [f58eae9e-c90c-452d-860e-9f70b59a7584].
2026-05-13 07:16:53.687 +02:00 [INF] Updated PermissionSet 'default'
2026-05-13 07:16:57.470 +02:00 [INF] Updated PermissionSet 'admin'
2026-05-13 07:16:57.470 +02:00 [INF] Updating active permission set to 'admin'
2026-05-13 07:16:58.378 +02:00 [WRN] 'Me' is null.
2026-05-13 07:16:59.022 +02:00 [INF] Built VBO for map a31f210c-f5fb-48bf-9db2-45fab2293a4c 'Forest' in 11.4549ms
2026-05-13 07:16:59.051 +02:00 [INF] Built VBO for map 27c6a7b2-4e9f-4316-9a0f-e13ec8e16ba2 'Forest' in 25.1716ms
2026-05-13 07:19:03.497 +02:00 [WRN] 'Me' is null.
2026-05-13 07:19:03.497 +02:00 [WRN] 'Me' is null.
2026-05-13 07:19:03.497 +02:00 [WRN] 'Me' is null.
2026-05-13 07:19:03.497 +02:00 [WRN] 'Me' is null.
2026-05-13 07:19:03.497 +02:00 [WRN] 'Me' is null.
2026-05-13 07:19:15.127 +02:00 [INF] System window closing (due to user interaction most likely).
2026-05-13 07:19:15.130 +02:00 [INF] Disconnected [f58eae9e-c90c-452d-860e-9f70b59a7584].
2026-05-13 07:19:15.131 +02:00 [INF] Updating active permission set to 'default'
2026-05-13 07:19:15.170 +02:00 [INF] Acquiring context lock... (0ms)
2026-05-13 07:19:15.170 +02:00 [INF] Acquired. (0ms)
2026-05-13 07:19:15.171 +02:00 [INF] Beginning context dispose. (0ms)
2026-05-13 07:19:15.171 +02:00 [INF] GC.SuppressFinalize (0ms)
2026-05-13 07:19:15.171 +02:00 [INF] InternalDispose() completed. (0ms)
2026-05-13 07:19:15.172 +02:00 [INF] Clearing instance... (1ms)
2026-05-13 07:19:15.172 +02:00 [INF] Releasing context lock... (1ms)
2026-05-13 07:19:15.172 +02:00 [INF] Released. (1ms)
