2026-04-15 02:28:22.867 +06:00 [INF] Starting Intersect Client v0.8.0.0-custom+32d39132dace1351f63375b261f241297dd35be8-dirty
2026-04-15 02:28:23.214 +06:00 [INF] Discovered service type: Intersect.Plugins.PluginService
2026-04-15 02:28:23.224 +06:00 [WRN] Directory was specified as a plugin directory but does not exist: 'resources\plugins'
2026-04-15 02:28:23.225 +06:00 [INF] Discovered 0 plugins:

2026-04-15 02:28:25.778 +06:00 [INF] Connecting to 127.0.0.1:5400...
2026-04-15 02:28:25.800 +06:00 [INF] Connected [2abdf448-78a1-4bbc-baab-21b5198b148d].
2026-04-15 02:28:25.813 +06:00 [INF] Connection approved [2abdf448-78a1-4bbc-baab-21b5198b148d].
2026-04-15 02:28:25.892 +06:00 [INF] Updated PermissionSet 'default'
2026-04-15 02:28:29.635 +06:00 [INF] Updated PermissionSet 'admin'
2026-04-15 02:28:29.636 +06:00 [INF] Updating active permission set to 'admin'
2026-04-15 02:28:29.784 +06:00 [WRN] Unable to add '_buttonLogout' to the JSON of MainMenu.SelectCharacterWindow._innerPanel._buttonsPanel because a sibling shares the same name
2026-04-15 02:28:31.409 +06:00 [WRN] 'Me' is null.
2026-04-15 02:28:32.038 +06:00 [INF] Built VBO for map 73ba8458-f8de-4f78-a254-c91b18418ed0 'test 3' in 59.0783ms
2026-04-15 02:28:32.047 +06:00 [INF] Built VBO for map 27c6a7b2-4e9f-4316-9a0f-e13ec8e16ba2 'New Map' in 3.6348ms
2026-04-15 02:28:34.411 +06:00 [INF] Built VBO for map 23630ac6-4461-460d-8a3b-9a0d4477096f 'test 8' in 8.8022ms
2026-04-15 02:29:04.847 +06:00 [INF] Built VBO for map 411179b7-b772-42ef-bf66-03b7e4d7dca8 'test 5' in 6.8188ms
2026-04-15 02:30:35.720 +06:00 [INF] System window closing (due to user interaction most likely).
2026-04-15 02:30:35.723 +06:00 [INF] Disconnected [2abdf448-78a1-4bbc-baab-21b5198b148d].
2026-04-15 02:30:35.724 +06:00 [INF] Updating active permission set to 'default'
2026-04-15 02:30:35.749 +06:00 [INF] Acquiring context lock... (0ms)
2026-04-15 02:30:35.750 +06:00 [INF] Acquired. (0ms)
2026-04-15 02:30:35.750 +06:00 [INF] Beginning context dispose. (0ms)
2026-04-15 02:30:35.751 +06:00 [INF] GC.SuppressFinalize (0ms)
2026-04-15 02:30:35.751 +06:00 [INF] InternalDispose() completed. (0ms)
2026-04-15 02:30:35.751 +06:00 [INF] Clearing instance... (1ms)
2026-04-15 02:30:35.751 +06:00 [INF] Releasing context lock... (1ms)
2026-04-15 02:30:35.751 +06:00 [INF] Released. (1ms)
