2026-05-01 17:51:06.666 +06:00 [INF] Starting Intersect Client v0.8.0.0-custom+32d39132dace1351f63375b261f241297dd35be8-dirty
2026-05-01 17:51:06.881 +06:00 [INF] Discovered service type: Intersect.Plugins.PluginService
2026-05-01 17:51:06.884 +06:00 [WRN] Directory was specified as a plugin directory but does not exist: 'resources\plugins'
2026-05-01 17:51:06.885 +06:00 [INF] Discovered 0 plugins:

2026-05-01 17:51:11.588 +06:00 [INF] Connecting to 127.0.0.1:5400...
2026-05-01 17:51:11.611 +06:00 [INF] Connected [5a361595-3697-4682-9d4a-c081f8d18bea].
2026-05-01 17:51:11.626 +06:00 [INF] Connection approved [5a361595-3697-4682-9d4a-c081f8d18bea].
2026-05-01 17:51:11.717 +06:00 [INF] Updated PermissionSet 'default'
2026-05-01 17:51:17.366 +06:00 [INF] Updated PermissionSet 'admin'
2026-05-01 17:51:17.367 +06:00 [INF] Updating active permission set to 'admin'
2026-05-01 17:51:29.245 +06:00 [WRN] 'Me' is null.
2026-05-01 17:51:29.835 +06:00 [INF] Built VBO for map 27c6a7b2-4e9f-4316-9a0f-e13ec8e16ba2 'Forest' in 9.7501ms
2026-05-01 17:51:29.856 +06:00 [INF] Built VBO for map c15f8299-8999-471f-9760-388ff4cdec7c 'test' in 5.8643ms
2026-05-01 17:52:50.496 +06:00 [INF] Music volume set to 20 from InGame..SettingsWindow._innerPanel._tabs._innerPanel._audioSettingsTab._scrollPanel._musicSlider._slider
2026-05-01 17:52:50.496 +06:00 [INF] Sound volume set to 100 from InGame..SettingsWindow._innerPanel._tabs._innerPanel._audioSettingsTab._scrollPanel._soundEffectsSlider._slider
2026-05-01 17:53:12.813 +06:00 [INF] System window closing (due to user interaction most likely).
2026-05-01 17:53:12.816 +06:00 [INF] Disconnected [5a361595-3697-4682-9d4a-c081f8d18bea].
2026-05-01 17:53:12.817 +06:00 [INF] Updating active permission set to 'default'
2026-05-01 17:53:12.846 +06:00 [INF] Acquiring context lock... (0ms)
2026-05-01 17:53:12.847 +06:00 [INF] Acquired. (0ms)
2026-05-01 17:53:12.847 +06:00 [INF] Beginning context dispose. (0ms)
2026-05-01 17:53:12.847 +06:00 [INF] GC.SuppressFinalize (0ms)
2026-05-01 17:53:12.847 +06:00 [INF] InternalDispose() completed. (0ms)
2026-05-01 17:53:12.848 +06:00 [INF] Clearing instance... (1ms)
2026-05-01 17:53:12.848 +06:00 [INF] Releasing context lock... (1ms)
2026-05-01 17:53:12.848 +06:00 [INF] Released. (1ms)
