2026-05-30 17:08:46.766 +02:00 [INF] Starting Intersect Client v0.8.0.0-custom+32d39132dace1351f63375b261f241297dd35be8-dirty
2026-05-30 17:08:47.057 +02:00 [INF] Discovered service type: Intersect.Plugins.PluginService
2026-05-30 17:08:47.061 +02:00 [WRN] Directory was specified as a plugin directory but does not exist: 'resources\plugins'
2026-05-30 17:08:47.062 +02:00 [INF] Discovered 0 plugins:

2026-05-30 17:08:49.539 +02:00 [INF] Connecting to 127.0.0.1:5400...
2026-05-30 17:08:49.561 +02:00 [INF] Connected [82432518-7c01-42eb-b28d-0638910f409d].
2026-05-30 17:08:49.580 +02:00 [INF] Connection approved [82432518-7c01-42eb-b28d-0638910f409d].
2026-05-30 17:08:49.677 +02:00 [INF] Updated PermissionSet 'default'
2026-05-30 17:08:57.462 +02:00 [INF] Updated PermissionSet 'admin'
2026-05-30 17:08:57.463 +02:00 [INF] Updating active permission set to 'admin'
2026-05-30 17:08:57.937 +02:00 [WRN] 'Me' is null.
2026-05-30 17:08:58.836 +02:00 [INF] Built VBO for map a31f210c-f5fb-48bf-9db2-45fab2293a4c 'Forest' in 114.508ms
2026-05-30 17:08:59.147 +02:00 [INF] Built VBO for map 27c6a7b2-4e9f-4316-9a0f-e13ec8e16ba2 'Forest' in 90.5164ms
2026-05-30 17:09:48.574 +02:00 [INF] Built VBO for map a31f210c-f5fb-48bf-9db2-45fab2293a4c 'Forest' in 53.0432ms
2026-05-30 17:09:48.608 +02:00 [INF] Built VBO for map 27c6a7b2-4e9f-4316-9a0f-e13ec8e16ba2 'Forest' in 13.7795ms
2026-05-30 17:10:39.565 +02:00 [INF] Built VBO for map a31f210c-f5fb-48bf-9db2-45fab2293a4c 'Forest' in 52.1195ms
2026-05-30 17:10:39.601 +02:00 [INF] Built VBO for map 27c6a7b2-4e9f-4316-9a0f-e13ec8e16ba2 'Forest' in 16.0947ms
2026-05-30 17:11:19.706 +02:00 [INF] Built VBO for map 27c6a7b2-4e9f-4316-9a0f-e13ec8e16ba2 'Forest' in 13.1831ms
2026-05-30 17:14:16.490 +02:00 [INF] System window closing (due to user interaction most likely).
2026-05-30 17:14:16.493 +02:00 [INF] Disconnected [82432518-7c01-42eb-b28d-0638910f409d].
2026-05-30 17:14:16.494 +02:00 [INF] Updating active permission set to 'default'
2026-05-30 17:14:16.518 +02:00 [INF] Acquiring context lock... (0ms)
2026-05-30 17:14:16.518 +02:00 [INF] Acquired. (0ms)
2026-05-30 17:14:16.519 +02:00 [INF] Beginning context dispose. (0ms)
2026-05-30 17:14:16.519 +02:00 [INF] GC.SuppressFinalize (0ms)
2026-05-30 17:14:16.519 +02:00 [INF] InternalDispose() completed. (0ms)
2026-05-30 17:14:16.519 +02:00 [INF] Clearing instance... (1ms)
2026-05-30 17:14:16.519 +02:00 [INF] Releasing context lock... (1ms)
2026-05-30 17:14:16.520 +02:00 [INF] Released. (1ms)
