2026-04-18 03:17:19.918 +06:00 [INF] Starting Intersect Client v0.8.0.0-custom+32d39132dace1351f63375b261f241297dd35be8-dirty
2026-04-18 03:17:20.232 +06:00 [INF] Discovered service type: Intersect.Plugins.PluginService
2026-04-18 03:17:20.235 +06:00 [WRN] Directory was specified as a plugin directory but does not exist: 'resources\plugins'
2026-04-18 03:17:20.236 +06:00 [INF] Discovered 0 plugins:

2026-04-18 03:17:21.003 +06:00 [FTL] Game is crashing due to an exception
Newtonsoft.Json.JsonSerializationException: Error getting value from 'ShadowFlagsJson' on 'Intersect.Framework.Core.GameObjects.Maps.MapDescriptor'.
 ---> System.NullReferenceException: Object reference not set to an instance of an object.
   at Intersect.Framework.Core.GameObjects.Maps.MapDescriptor.get_ShadowFlagsJson() in F:\game code engine\Intersect_New\Framework\Intersect.Framework.Core\GameObjects\Maps\MapDescriptor.cs:line 300
   at Newtonsoft.Json.Serialization.ExpressionValueProvider.GetValue(Object target)
   --- End of inner exception stack trace ---
   at Newtonsoft.Json.Serialization.ExpressionValueProvider.GetValue(Object target)
   at Newtonsoft.Json.Serialization.JsonSerializerInternalWriter.CalculatePropertyValues(JsonWriter writer, Object value, JsonContainerContract contract, JsonProperty member, JsonProperty property, JsonContract& memberContract, Object& memberValue)
   at Newtonsoft.Json.Serialization.JsonSerializerInternalWriter.SerializeObject(JsonWriter writer, Object value, JsonObjectContract contract, JsonProperty member, JsonContainerContract collectionContract, JsonProperty containerProperty)
   at Newtonsoft.Json.Serialization.JsonSerializerInternalWriter.SerializeValue(JsonWriter writer, Object value, JsonContract valueContract, JsonProperty member, JsonContainerContract containerContract, JsonProperty containerProperty)
   at Newtonsoft.Json.Serialization.JsonSerializerInternalWriter.Serialize(JsonWriter jsonWriter, Object value, Type objectType)
   at Newtonsoft.Json.JsonSerializer.SerializeInternal(JsonWriter jsonWriter, Object value, Type objectType)
   at Newtonsoft.Json.JsonSerializer.Serialize(JsonWriter jsonWriter, Object value, Type objectType)
   at Newtonsoft.Json.JsonConvert.SerializeObjectInternal(Object value, Type type, JsonSerializer jsonSerializer)
   at Newtonsoft.Json.JsonConvert.SerializeObject(Object value, Type type, Formatting formatting, JsonSerializerSettings settings)
   at Newtonsoft.Json.JsonConvert.SerializeObject(Object value, Formatting formatting, JsonSerializerSettings settings)
   at Newtonsoft.Json.JsonConvert.SerializeObject(Object value, Formatting formatting)
   at Intersect.Models.DatabaseObject`1.get_JsonData() in F:\game code engine\Intersect_New\Framework\Intersect.Framework.Core\Models\DatabaseObject.cs:line 105
   at Intersect.Client.Core.Main.Start(IClientContext context) in F:\game code engine\Intersect_New\Intersect.Client.Core\Core\Main.cs:line 47
   at Intersect.Client.MonoGame.IntersectGame.IntersectInit() in F:\game code engine\Intersect_New\Intersect.Client.Core\MonoGame\IntersectGame.cs:line 191
   at Intersect.Client.MonoGame.IntersectGame.Update(GameTime gameTime) in F:\game code engine\Intersect_New\Intersect.Client.Core\MonoGame\IntersectGame.cs:line 221
   at Microsoft.Xna.Framework.Game.DoUpdate(GameTime gameTime)
   at Microsoft.Xna.Framework.Game.Run(GameRunBehavior runBehavior)
   at Microsoft.Xna.Framework.Game.Run()
   at Intersect.Client.MonoGame.IntersectGame.MonoGameRunner.Start(IClientContext context, Action postStartupAction) in F:\game code engine\Intersect_New\Intersect.Client.Core\MonoGame\IntersectGame.cs:line 633
2026-04-18 03:17:21.063 +06:00 [INF] Acquiring context lock... (0ms)
2026-04-18 03:17:21.063 +06:00 [INF] Acquired. (0ms)
2026-04-18 03:17:21.064 +06:00 [INF] Beginning context dispose. (0ms)
2026-04-18 03:17:21.064 +06:00 [INF] GC.SuppressFinalize (0ms)
2026-04-18 03:17:21.064 +06:00 [INF] InternalDispose() completed. (0ms)
2026-04-18 03:17:21.064 +06:00 [INF] Clearing instance... (1ms)
2026-04-18 03:17:21.064 +06:00 [INF] Releasing context lock... (1ms)
2026-04-18 03:17:21.064 +06:00 [INF] Released. (1ms)
2026-04-18 03:17:21.064 +06:00 [ERR] Failed to start application context
Newtonsoft.Json.JsonSerializationException: Error getting value from 'ShadowFlagsJson' on 'Intersect.Framework.Core.GameObjects.Maps.MapDescriptor'.
 ---> System.NullReferenceException: Object reference not set to an instance of an object.
   at Intersect.Framework.Core.GameObjects.Maps.MapDescriptor.get_ShadowFlagsJson() in F:\game code engine\Intersect_New\Framework\Intersect.Framework.Core\GameObjects\Maps\MapDescriptor.cs:line 300
   at Newtonsoft.Json.Serialization.ExpressionValueProvider.GetValue(Object target)
   --- End of inner exception stack trace ---
   at Newtonsoft.Json.Serialization.ExpressionValueProvider.GetValue(Object target)
   at Newtonsoft.Json.Serialization.JsonSerializerInternalWriter.CalculatePropertyValues(JsonWriter writer, Object value, JsonContainerContract contract, JsonProperty member, JsonProperty property, JsonContract& memberContract, Object& memberValue)
   at Newtonsoft.Json.Serialization.JsonSerializerInternalWriter.SerializeObject(JsonWriter writer, Object value, JsonObjectContract contract, JsonProperty member, JsonContainerContract collectionContract, JsonProperty containerProperty)
   at Newtonsoft.Json.Serialization.JsonSerializerInternalWriter.SerializeValue(JsonWriter writer, Object value, JsonContract valueContract, JsonProperty member, JsonContainerContract containerContract, JsonProperty containerProperty)
   at Newtonsoft.Json.Serialization.JsonSerializerInternalWriter.Serialize(JsonWriter jsonWriter, Object value, Type objectType)
   at Newtonsoft.Json.JsonSerializer.SerializeInternal(JsonWriter jsonWriter, Object value, Type objectType)
   at Newtonsoft.Json.JsonSerializer.Serialize(JsonWriter jsonWriter, Object value, Type objectType)
   at Newtonsoft.Json.JsonConvert.SerializeObjectInternal(Object value, Type type, JsonSerializer jsonSerializer)
   at Newtonsoft.Json.JsonConvert.SerializeObject(Object value, Type type, Formatting formatting, JsonSerializerSettings settings)
   at Newtonsoft.Json.JsonConvert.SerializeObject(Object value, Formatting formatting, JsonSerializerSettings settings)
   at Newtonsoft.Json.JsonConvert.SerializeObject(Object value, Formatting formatting)
   at Intersect.Models.DatabaseObject`1.get_JsonData() in F:\game code engine\Intersect_New\Framework\Intersect.Framework.Core\Models\DatabaseObject.cs:line 105
   at Intersect.Client.Core.Main.Start(IClientContext context) in F:\game code engine\Intersect_New\Intersect.Client.Core\Core\Main.cs:line 47
   at Intersect.Client.MonoGame.IntersectGame.IntersectInit() in F:\game code engine\Intersect_New\Intersect.Client.Core\MonoGame\IntersectGame.cs:line 191
   at Intersect.Client.MonoGame.IntersectGame.Update(GameTime gameTime) in F:\game code engine\Intersect_New\Intersect.Client.Core\MonoGame\IntersectGame.cs:line 221
   at Microsoft.Xna.Framework.Game.DoUpdate(GameTime gameTime)
   at Microsoft.Xna.Framework.Game.Run(GameRunBehavior runBehavior)
   at Microsoft.Xna.Framework.Game.Run()
   at Intersect.Client.MonoGame.IntersectGame.MonoGameRunner.Start(IClientContext context, Action postStartupAction) in F:\game code engine\Intersect_New\Intersect.Client.Core\MonoGame\IntersectGame.cs:line 633
   at Intersect.Client.Core.ClientContext.InternalStart() in F:\game code engine\Intersect_New\Intersect.Client.Core\Core\ClientContext.cs:line 97
   at Intersect.Core.ApplicationContext`2.Start(Boolean lockUntilShutdown) in F:\game code engine\Intersect_New\Intersect (Core)\Core\ApplicationContext`2.cs:line 245
