2026-03-22 21:06:16.222 +01:00 [INF] Starting Intersect Client v0.8.0.0-custom+32d39132dace1351f63375b261f241297dd35be8-dirty
2026-03-22 21:06:16.599 +01:00 [INF] Discovered service type: Intersect.Plugins.PluginService
2026-03-22 21:06:16.607 +01:00 [WRN] Directory was specified as a plugin directory but does not exist: 'resources\plugins'
2026-03-22 21:06:16.608 +01:00 [INF] Discovered 0 plugins:

2026-03-22 21:06:19.762 +01:00 [INF] Connecting to 127.0.0.1:5400...
2026-03-22 21:06:19.771 +01:00 [INF] Connected [a3d1a43f-5a84-4b46-ba67-901ddd378a7b].
2026-03-22 21:06:19.780 +01:00 [INF] Connection approved [a3d1a43f-5a84-4b46-ba67-901ddd378a7b].
2026-03-22 21:06:19.860 +01:00 [INF] Updated PermissionSet 'default'
2026-03-22 21:06:19.860 +01:00 [INF] Updated PermissionSet 'admin'
2026-03-22 21:06:20.805 +01:00 [INF] Updating active permission set to 'admin'
2026-03-22 21:06:20.882 +01:00 [WRN] Unable to add '_buttonLogout' to the JSON of MainMenu.SelectCharacterWindow._innerPanel._buttonsPanel because a sibling shares the same name
2026-03-22 21:06:21.976 +01:00 [WRN] 'Me' is null.
2026-03-22 21:06:22.508 +01:00 [INF] Built VBO for map 73ba8458-f8de-4f78-a254-c91b18418ed0 'test 3' in 15.2792ms
2026-03-22 21:06:22.514 +01:00 [INF] Built VBO for map 850ddb26-5568-4376-b8e0-346c04cb81ef 'test 4' in 1.4822ms
2026-03-22 21:06:22.521 +01:00 [INF] Built VBO for map 27c6a7b2-4e9f-4316-9a0f-e13ec8e16ba2 'New Map' in 6.7992ms
2026-03-22 21:06:30.710 +01:00 [INF] Built VBO for map 23382d57-1bd1-403a-8f4f-50e5ad24e8a0 'test1' in 6.1748ms
2026-03-22 21:12:16.125 +01:00 [INF] Music volume set to 10 from InGame..SettingsWindow._innerPanel._tabs._innerPanel._audioSettingsTab._scrollPanel._musicSlider._slider
2026-03-22 21:12:16.125 +01:00 [INF] Sound volume set to 15 from InGame..SettingsWindow._innerPanel._tabs._innerPanel._audioSettingsTab._scrollPanel._soundEffectsSlider._slider
2026-03-22 21:15:10.223 +01:00 [INF] System window closing (due to user interaction most likely).
2026-03-22 21:15:10.226 +01:00 [INF] Disconnected [a3d1a43f-5a84-4b46-ba67-901ddd378a7b].
2026-03-22 21:15:10.226 +01:00 [INF] Updating active permission set to 'default'
2026-03-22 21:15:10.341 +01:00 [INF] Acquiring context lock... (0ms)
2026-03-22 21:15:10.341 +01:00 [INF] Acquired. (0ms)
2026-03-22 21:15:10.342 +01:00 [INF] Beginning context dispose. (0ms)
2026-03-22 21:15:10.342 +01:00 [INF] GC.SuppressFinalize (0ms)
2026-03-22 21:15:10.342 +01:00 [INF] InternalDispose() completed. (0ms)
2026-03-22 21:15:10.342 +01:00 [INF] Clearing instance... (1ms)
2026-03-22 21:15:10.342 +01:00 [INF] Releasing context lock... (1ms)
2026-03-22 21:15:10.342 +01:00 [INF] Released. (1ms)
