2026-05-17 13:20:57.043 +02:00 [INF] Starting Intersect Client v0.8.0.0-custom+32d39132dace1351f63375b261f241297dd35be8-dirty
2026-05-17 13:20:57.257 +02:00 [INF] Discovered service type: Intersect.Plugins.PluginService
2026-05-17 13:20:57.260 +02:00 [WRN] Directory was specified as a plugin directory but does not exist: 'resources\plugins'
2026-05-17 13:20:57.261 +02:00 [INF] Discovered 0 plugins:

2026-05-17 13:20:59.384 +02:00 [INF] Connecting to 127.0.0.1:5400...
2026-05-17 13:20:59.402 +02:00 [INF] Connected [5ffb3df9-2b55-4069-8417-9ad534193e20].
2026-05-17 13:20:59.439 +02:00 [INF] Connection approved [5ffb3df9-2b55-4069-8417-9ad534193e20].
2026-05-17 13:20:59.530 +02:00 [INF] Updated PermissionSet 'default'
2026-05-17 13:21:03.297 +02:00 [INF] Updated PermissionSet 'admin'
2026-05-17 13:21:03.297 +02:00 [INF] Updating active permission set to 'admin'
2026-05-17 13:21:03.887 +02:00 [WRN] 'Me' is null.
2026-05-17 13:21:04.703 +02:00 [INF] Built VBO for map 27c6a7b2-4e9f-4316-9a0f-e13ec8e16ba2 'Forest' in 21.1476ms
2026-05-17 13:22:33.156 +02:00 [INF] System window closing (due to user interaction most likely).
2026-05-17 13:22:33.159 +02:00 [INF] Disconnected [5ffb3df9-2b55-4069-8417-9ad534193e20].
2026-05-17 13:22:33.159 +02:00 [INF] Updating active permission set to 'default'
2026-05-17 13:22:33.199 +02:00 [INF] Acquiring context lock... (0ms)
2026-05-17 13:22:33.199 +02:00 [INF] Acquired. (0ms)
2026-05-17 13:22:33.200 +02:00 [INF] Beginning context dispose. (0ms)
2026-05-17 13:22:33.200 +02:00 [INF] GC.SuppressFinalize (0ms)
2026-05-17 13:22:33.200 +02:00 [INF] InternalDispose() completed. (0ms)
2026-05-17 13:22:33.200 +02:00 [INF] Clearing instance... (1ms)
2026-05-17 13:22:33.200 +02:00 [INF] Releasing context lock... (1ms)
2026-05-17 13:22:33.200 +02:00 [INF] Released. (1ms)
