2026-04-15 16:27:08.154 +06:00 [INF] Starting Intersect Client v0.8.0.0-custom+32d39132dace1351f63375b261f241297dd35be8-dirty
2026-04-15 16:27:08.555 +06:00 [INF] Discovered service type: Intersect.Plugins.PluginService
2026-04-15 16:27:08.563 +06:00 [WRN] Directory was specified as a plugin directory but does not exist: 'resources\plugins'
2026-04-15 16:27:08.564 +06:00 [INF] Discovered 0 plugins:

2026-04-15 16:27:10.621 +06:00 [INF] Connecting to 127.0.0.1:5400...
2026-04-15 16:27:10.645 +06:00 [INF] Connected [f81512f0-21f0-47b5-aabf-10a023a42b68].
2026-04-15 16:27:10.658 +06:00 [INF] Connection approved [f81512f0-21f0-47b5-aabf-10a023a42b68].
2026-04-15 16:27:10.733 +06:00 [INF] Updated PermissionSet 'default'
2026-04-15 16:27:14.344 +06:00 [INF] Updated PermissionSet 'admin'
2026-04-15 16:27:14.344 +06:00 [INF] Updating active permission set to 'admin'
2026-04-15 16:27:14.488 +06:00 [WRN] Unable to add '_buttonLogout' to the JSON of MainMenu.SelectCharacterWindow._innerPanel._buttonsPanel because a sibling shares the same name
2026-04-15 16:27:16.385 +06:00 [WRN] 'Me' is null.
2026-04-15 16:27:16.927 +06:00 [INF] Built VBO for map 411179b7-b772-42ef-bf66-03b7e4d7dca8 'test 5' in 12.5205ms
2026-04-15 16:27:16.939 +06:00 [INF] Built VBO for map 23630ac6-4461-460d-8a3b-9a0d4477096f 'test 8' in 7.3612ms
2026-04-15 16:27:16.981 +06:00 [INF] Built VBO for map 73ba8458-f8de-4f78-a254-c91b18418ed0 'test 3' in 40.7174ms
2026-04-15 16:28:30.233 +06:00 [INF] System window closing (due to user interaction most likely).
2026-04-15 16:28:30.236 +06:00 [INF] Disconnected [f81512f0-21f0-47b5-aabf-10a023a42b68].
2026-04-15 16:28:30.237 +06:00 [INF] Updating active permission set to 'default'
2026-04-15 16:28:30.331 +06:00 [INF] Acquiring context lock... (0ms)
2026-04-15 16:28:30.331 +06:00 [INF] Acquired. (0ms)
2026-04-15 16:28:30.331 +06:00 [INF] Beginning context dispose. (0ms)
2026-04-15 16:28:30.332 +06:00 [INF] GC.SuppressFinalize (0ms)
2026-04-15 16:28:30.332 +06:00 [INF] InternalDispose() completed. (0ms)
2026-04-15 16:28:30.332 +06:00 [INF] Clearing instance... (1ms)
2026-04-15 16:28:30.332 +06:00 [INF] Releasing context lock... (1ms)
2026-04-15 16:28:30.332 +06:00 [INF] Released. (1ms)
