2026-03-19 18:48:06.922 +01:00 [INF] Starting Intersect Client v0.8.0.0-custom+32d39132dace1351f63375b261f241297dd35be8-dirty
2026-03-19 18:48:07.178 +01:00 [INF] Discovered service type: Intersect.Plugins.PluginService
2026-03-19 18:48:07.187 +01:00 [WRN] Directory was specified as a plugin directory but does not exist: 'resources\plugins'
2026-03-19 18:48:07.188 +01:00 [INF] Discovered 0 plugins:

2026-03-19 18:48:09.257 +01:00 [INF] Connecting to 127.0.0.1:5400...
2026-03-19 18:48:09.280 +01:00 [INF] Connected [bd31c225-fcbd-4db5-899d-1f1211b4b63b].
2026-03-19 18:48:09.297 +01:00 [INF] Connection approved [bd31c225-fcbd-4db5-899d-1f1211b4b63b].
2026-03-19 18:48:09.374 +01:00 [INF] Updated PermissionSet 'default'
2026-03-19 18:48:10.611 +01:00 [INF] Updated PermissionSet 'admin'
2026-03-19 18:48:10.611 +01:00 [INF] Updating active permission set to 'admin'
2026-03-19 18:48:10.748 +01:00 [WRN] Unable to add '_buttonLogout' to the JSON of MainMenu.SelectCharacterWindow._innerPanel._buttonsPanel because a sibling shares the same name
2026-03-19 18:48:12.012 +01:00 [WRN] 'Me' is null.
2026-03-19 18:48:12.527 +01:00 [INF] Built VBO for map a9f5fb5f-a2e8-421b-9906-03dae4b6224a 'New Map' in 15.4896ms
2026-03-19 18:50:20.772 +01:00 [INF] System window closing (due to user interaction most likely).
2026-03-19 18:50:20.775 +01:00 [INF] Disconnected [bd31c225-fcbd-4db5-899d-1f1211b4b63b].
2026-03-19 18:50:20.776 +01:00 [INF] Updating active permission set to 'default'
2026-03-19 18:50:20.800 +01:00 [INF] Acquiring context lock... (0ms)
2026-03-19 18:50:20.800 +01:00 [INF] Acquired. (0ms)
2026-03-19 18:50:20.800 +01:00 [INF] Beginning context dispose. (0ms)
2026-03-19 18:50:20.801 +01:00 [INF] GC.SuppressFinalize (0ms)
2026-03-19 18:50:20.801 +01:00 [INF] InternalDispose() completed. (0ms)
2026-03-19 18:50:20.801 +01:00 [INF] Clearing instance... (1ms)
2026-03-19 18:50:20.801 +01:00 [INF] Releasing context lock... (1ms)
2026-03-19 18:50:20.801 +01:00 [INF] Released. (1ms)
