2026-04-30 18:11:36.561 +06:00 [INF] Starting Intersect Client v0.8.0.0-custom+32d39132dace1351f63375b261f241297dd35be8-dirty
2026-04-30 18:11:36.754 +06:00 [INF] Discovered service type: Intersect.Plugins.PluginService
2026-04-30 18:11:36.758 +06:00 [WRN] Directory was specified as a plugin directory but does not exist: 'resources\plugins'
2026-04-30 18:11:36.759 +06:00 [INF] Discovered 0 plugins:

2026-04-30 18:11:43.840 +06:00 [INF] Connecting to 127.0.0.1:5400...
2026-04-30 18:11:43.860 +06:00 [INF] Connected [0b8ccc4c-f03c-491a-9298-c7aee1f31594].
2026-04-30 18:11:43.883 +06:00 [INF] Connection approved [0b8ccc4c-f03c-491a-9298-c7aee1f31594].
2026-04-30 18:11:43.961 +06:00 [INF] Updated PermissionSet 'default'
2026-04-30 18:11:48.869 +06:00 [INF] Updated PermissionSet 'admin'
2026-04-30 18:11:48.870 +06:00 [INF] Updating active permission set to 'admin'
2026-04-30 18:11:49.645 +06:00 [WRN] 'Me' is null.
2026-04-30 18:11:50.266 +06:00 [INF] Built VBO for map 27c6a7b2-4e9f-4316-9a0f-e13ec8e16ba2 'Forest' in 9.7326ms
2026-04-30 18:15:32.908 +06:00 [INF] Built VBO for map c15f8299-8999-471f-9760-388ff4cdec7c 'test' in 2.1799ms
2026-04-30 18:18:20.652 +06:00 [INF] System window closing (due to user interaction most likely).
2026-04-30 18:18:20.655 +06:00 [INF] Disconnected [0b8ccc4c-f03c-491a-9298-c7aee1f31594].
2026-04-30 18:18:20.655 +06:00 [INF] Updating active permission set to 'default'
2026-04-30 18:18:20.676 +06:00 [INF] Acquiring context lock... (0ms)
2026-04-30 18:18:20.676 +06:00 [INF] Acquired. (0ms)
2026-04-30 18:18:20.677 +06:00 [INF] Beginning context dispose. (0ms)
2026-04-30 18:18:20.677 +06:00 [INF] GC.SuppressFinalize (0ms)
2026-04-30 18:18:20.677 +06:00 [INF] InternalDispose() completed. (0ms)
2026-04-30 18:18:20.677 +06:00 [INF] Clearing instance... (1ms)
2026-04-30 18:18:20.677 +06:00 [INF] Releasing context lock... (1ms)
2026-04-30 18:18:20.677 +06:00 [INF] Released. (1ms)
