2026-04-25 19:10:28.070 +06:00 [INF] Starting Intersect Client v0.8.0.0-custom+32d39132dace1351f63375b261f241297dd35be8-dirty
2026-04-25 19:10:28.324 +06:00 [INF] Discovered service type: Intersect.Plugins.PluginService
2026-04-25 19:10:28.327 +06:00 [WRN] Directory was specified as a plugin directory but does not exist: 'resources\plugins'
2026-04-25 19:10:28.328 +06:00 [INF] Discovered 0 plugins:

2026-04-25 19:10:30.727 +06:00 [INF] Connecting to 127.0.0.1:5400...
2026-04-25 19:10:30.747 +06:00 [INF] Connected [20860c43-bb16-4b57-9dba-a0a4f35c2dc9].
2026-04-25 19:10:30.758 +06:00 [INF] Connection approved [20860c43-bb16-4b57-9dba-a0a4f35c2dc9].
2026-04-25 19:10:30.843 +06:00 [INF] Updated PermissionSet 'default'
2026-04-25 19:10:35.053 +06:00 [INF] Updated PermissionSet 'admin'
2026-04-25 19:10:35.054 +06:00 [INF] Updating active permission set to 'admin'
2026-04-25 19:10:35.239 +06:00 [WRN] Unable to add '_buttonLogout' to the JSON of MainMenu.SelectCharacterWindow._innerPanel._buttonsPanel because a sibling shares the same name
2026-04-25 19:10:37.890 +06:00 [WRN] 'Me' is null.
2026-04-25 19:10:38.495 +06:00 [INF] Built VBO for map 27c6a7b2-4e9f-4316-9a0f-e13ec8e16ba2 'Forest' in 40.6995ms
2026-04-25 19:10:38.502 +06:00 [INF] Built VBO for map c15f8299-8999-471f-9760-388ff4cdec7c 'Forest' in 1.8149ms
2026-04-25 19:13:11.161 +06:00 [INF] System window closing (due to user interaction most likely).
2026-04-25 19:13:11.165 +06:00 [INF] Disconnected [20860c43-bb16-4b57-9dba-a0a4f35c2dc9].
2026-04-25 19:13:11.165 +06:00 [INF] Updating active permission set to 'default'
2026-04-25 19:13:11.190 +06:00 [INF] Acquiring context lock... (0ms)
2026-04-25 19:13:11.190 +06:00 [INF] Acquired. (0ms)
2026-04-25 19:13:11.191 +06:00 [INF] Beginning context dispose. (0ms)
2026-04-25 19:13:11.191 +06:00 [INF] GC.SuppressFinalize (0ms)
2026-04-25 19:13:11.191 +06:00 [INF] InternalDispose() completed. (0ms)
2026-04-25 19:13:11.191 +06:00 [INF] Clearing instance... (1ms)
2026-04-25 19:13:11.191 +06:00 [INF] Releasing context lock... (1ms)
2026-04-25 19:13:11.191 +06:00 [INF] Released. (1ms)
