2026-04-25 15:07:53.797 +06:00 [INF] Starting Intersect Client v0.8.0.0-custom+32d39132dace1351f63375b261f241297dd35be8-dirty
2026-04-25 15:07:54.002 +06:00 [INF] Discovered service type: Intersect.Plugins.PluginService
2026-04-25 15:07:54.006 +06:00 [WRN] Directory was specified as a plugin directory but does not exist: 'resources\plugins'
2026-04-25 15:07:54.007 +06:00 [INF] Discovered 0 plugins:

2026-04-25 15:07:56.023 +06:00 [INF] Connecting to 127.0.0.1:5400...
2026-04-25 15:07:56.041 +06:00 [INF] Connected [40f28c0b-6e65-440b-b42a-30495ed91979].
2026-04-25 15:07:56.058 +06:00 [INF] Connection approved [40f28c0b-6e65-440b-b42a-30495ed91979].
2026-04-25 15:07:56.148 +06:00 [INF] Updated PermissionSet 'default'
2026-04-25 15:08:01.225 +06:00 [INF] Updated PermissionSet 'admin'
2026-04-25 15:08:01.226 +06:00 [INF] Updating active permission set to 'admin'
2026-04-25 15:08:01.363 +06:00 [WRN] Unable to add '_buttonLogout' to the JSON of MainMenu.SelectCharacterWindow._innerPanel._buttonsPanel because a sibling shares the same name
2026-04-25 15:08:01.866 +06:00 [WRN] 'Me' is null.
2026-04-25 15:08:02.501 +06:00 [INF] Built VBO for map 27c6a7b2-4e9f-4316-9a0f-e13ec8e16ba2 'Forest' in 10.491ms
2026-04-25 15:10:10.737 +06:00 [INF] Built VBO for map c15f8299-8999-471f-9760-388ff4cdec7c 'Forest' in 11.1549ms
2026-04-25 15:12:14.279 +06:00 [INF] System window closing (due to user interaction most likely).
2026-04-25 15:12:14.282 +06:00 [INF] Disconnected [40f28c0b-6e65-440b-b42a-30495ed91979].
2026-04-25 15:12:14.283 +06:00 [INF] Updating active permission set to 'default'
2026-04-25 15:12:14.311 +06:00 [INF] Acquiring context lock... (0ms)
2026-04-25 15:12:14.311 +06:00 [INF] Acquired. (0ms)
2026-04-25 15:12:14.312 +06:00 [INF] Beginning context dispose. (0ms)
2026-04-25 15:12:14.312 +06:00 [INF] GC.SuppressFinalize (0ms)
2026-04-25 15:12:14.312 +06:00 [INF] InternalDispose() completed. (0ms)
2026-04-25 15:12:14.312 +06:00 [INF] Clearing instance... (1ms)
2026-04-25 15:12:14.312 +06:00 [INF] Releasing context lock... (1ms)
2026-04-25 15:12:14.312 +06:00 [INF] Released. (1ms)
