2026-03-19 12:29:05.247 +01:00 [INF] Starting Intersect Client v0.8.0.0-custom+32d39132dace1351f63375b261f241297dd35be8-dirty
2026-03-19 12:29:05.487 +01:00 [INF] Discovered service type: Intersect.Plugins.PluginService
2026-03-19 12:29:05.493 +01:00 [WRN] Directory was specified as a plugin directory but does not exist: 'resources\plugins'
2026-03-19 12:29:05.494 +01:00 [INF] Discovered 0 plugins:

2026-03-19 12:29:11.063 +01:00 [INF] Connecting to 127.0.0.1:5400...
2026-03-19 12:29:11.079 +01:00 [INF] Connected [9a619ad3-e775-4ecb-a290-b12cc05591c5].
2026-03-19 12:29:11.098 +01:00 [INF] Connection approved [9a619ad3-e775-4ecb-a290-b12cc05591c5].
2026-03-19 12:29:11.200 +01:00 [INF] Updated PermissionSet 'default'
2026-03-19 12:29:23.079 +01:00 [INF] Updated PermissionSet 'admin'
2026-03-19 12:29:23.079 +01:00 [INF] Updating active permission set to 'admin'
2026-03-19 12:29:28.718 +01:00 [WRN] 'Me' is null.
2026-03-19 12:29:29.138 +01:00 [INF] Built VBO for map a9f5fb5f-a2e8-421b-9906-03dae4b6224a 'New Map' in 0.5784ms
2026-03-19 12:30:00.879 +01:00 [INF] System window closing (due to user interaction most likely).
2026-03-19 12:30:00.882 +01:00 [INF] Disconnected [9a619ad3-e775-4ecb-a290-b12cc05591c5].
2026-03-19 12:30:00.883 +01:00 [INF] Updating active permission set to 'default'
2026-03-19 12:30:00.950 +01:00 [INF] Acquiring context lock... (0ms)
2026-03-19 12:30:00.950 +01:00 [INF] Acquired. (0ms)
2026-03-19 12:30:00.951 +01:00 [INF] Beginning context dispose. (0ms)
2026-03-19 12:30:00.951 +01:00 [INF] GC.SuppressFinalize (0ms)
2026-03-19 12:30:00.951 +01:00 [INF] InternalDispose() completed. (0ms)
2026-03-19 12:30:00.951 +01:00 [INF] Clearing instance... (1ms)
2026-03-19 12:30:00.951 +01:00 [INF] Releasing context lock... (1ms)
2026-03-19 12:30:00.951 +01:00 [INF] Released. (1ms)
