2026-03-19 18:10:11.771 +01:00 [INF] Starting Intersect Client v0.8.0.0-custom+32d39132dace1351f63375b261f241297dd35be8-dirty
2026-03-19 18:10:12.034 +01:00 [INF] Discovered service type: Intersect.Plugins.PluginService
2026-03-19 18:10:12.041 +01:00 [WRN] Directory was specified as a plugin directory but does not exist: 'resources\plugins'
2026-03-19 18:10:12.042 +01:00 [INF] Discovered 0 plugins:

2026-03-19 18:10:18.655 +01:00 [INF] Connecting to 127.0.0.1:5400...
2026-03-19 18:10:18.677 +01:00 [INF] Connected [c732a808-2c41-497a-9f7d-b72bd50142f5].
2026-03-19 18:10:18.695 +01:00 [INF] Connection approved [c732a808-2c41-497a-9f7d-b72bd50142f5].
2026-03-19 18:10:18.784 +01:00 [INF] Updated PermissionSet 'default'
2026-03-19 18:10:20.044 +01:00 [INF] Updated PermissionSet 'admin'
2026-03-19 18:10:20.045 +01:00 [INF] Updating active permission set to 'admin'
2026-03-19 18:10:20.181 +01:00 [WRN] Unable to add '_buttonLogout' to the JSON of MainMenu.SelectCharacterWindow._innerPanel._buttonsPanel because a sibling shares the same name
2026-03-19 18:10:21.216 +01:00 [WRN] 'Me' is null.
2026-03-19 18:10:21.665 +01:00 [INF] Built VBO for map a9f5fb5f-a2e8-421b-9906-03dae4b6224a 'New Map' in 14.892ms
2026-03-19 18:12:03.747 +01:00 [INF] System window closing (due to user interaction most likely).
2026-03-19 18:12:03.750 +01:00 [INF] Disconnected [c732a808-2c41-497a-9f7d-b72bd50142f5].
2026-03-19 18:12:03.751 +01:00 [INF] Updating active permission set to 'default'
2026-03-19 18:12:03.817 +01:00 [INF] Acquiring context lock... (0ms)
2026-03-19 18:12:03.817 +01:00 [INF] Acquired. (0ms)
2026-03-19 18:12:03.818 +01:00 [INF] Beginning context dispose. (0ms)
2026-03-19 18:12:03.818 +01:00 [INF] GC.SuppressFinalize (0ms)
2026-03-19 18:12:03.818 +01:00 [INF] InternalDispose() completed. (0ms)
2026-03-19 18:12:03.818 +01:00 [INF] Clearing instance... (1ms)
2026-03-19 18:12:03.818 +01:00 [INF] Releasing context lock... (1ms)
2026-03-19 18:12:03.818 +01:00 [INF] Released. (1ms)
