2026-05-17 10:21:04.519 +02:00 [INF] Starting Intersect Client v0.8.0.0-custom+32d39132dace1351f63375b261f241297dd35be8-dirty
2026-05-17 10:21:04.771 +02:00 [INF] Discovered service type: Intersect.Plugins.PluginService
2026-05-17 10:21:04.774 +02:00 [WRN] Directory was specified as a plugin directory but does not exist: 'resources\plugins'
2026-05-17 10:21:04.774 +02:00 [INF] Discovered 0 plugins:

2026-05-17 10:21:07.292 +02:00 [INF] Connecting to 95.156.227.207:5400...
2026-05-17 10:21:07.350 +02:00 [INF] Connected [6e5fdc9e-a4ba-4efb-8cb9-4d75627779ab].
2026-05-17 10:21:07.371 +02:00 [INF] Connection approved [6e5fdc9e-a4ba-4efb-8cb9-4d75627779ab].
2026-05-17 10:21:07.473 +02:00 [INF] Updated PermissionSet 'default'
2026-05-17 10:21:07.473 +02:00 [INF] Updated PermissionSet 'admin'
2026-05-17 10:21:13.275 +02:00 [INF] Updating active permission set to 'admin'
2026-05-17 10:21:14.916 +02:00 [WRN] 'Me' is null.
2026-05-17 10:21:15.641 +02:00 [INF] Built VBO for map 27c6a7b2-4e9f-4316-9a0f-e13ec8e16ba2 'Forest' in 20.4709ms
2026-05-17 10:21:20.642 +02:00 [INF] Built VBO for map a31f210c-f5fb-48bf-9db2-45fab2293a4c 'Forest' in 11.9046ms
2026-05-17 10:21:41.736 +02:00 [INF] Built VBO for map e341d25d-5ff4-4cd6-bcd5-2f2cda710c86 'Forest' in 2.8646ms
2026-05-17 10:22:45.409 +02:00 [INF] Built VBO for map 27c6a7b2-4e9f-4316-9a0f-e13ec8e16ba2 'Forest' in 5.2385ms
2026-05-17 10:23:54.396 +02:00 [INF] System window closing (due to user interaction most likely).
2026-05-17 10:23:54.399 +02:00 [INF] Disconnected [6e5fdc9e-a4ba-4efb-8cb9-4d75627779ab].
2026-05-17 10:23:54.400 +02:00 [INF] Updating active permission set to 'default'
2026-05-17 10:23:54.431 +02:00 [INF] Acquiring context lock... (0ms)
2026-05-17 10:23:54.431 +02:00 [INF] Acquired. (0ms)
2026-05-17 10:23:54.432 +02:00 [INF] Beginning context dispose. (0ms)
2026-05-17 10:23:54.432 +02:00 [INF] GC.SuppressFinalize (0ms)
2026-05-17 10:23:54.432 +02:00 [INF] InternalDispose() completed. (0ms)
2026-05-17 10:23:54.432 +02:00 [INF] Clearing instance... (1ms)
2026-05-17 10:23:54.432 +02:00 [INF] Releasing context lock... (1ms)
2026-05-17 10:23:54.432 +02:00 [INF] Released. (1ms)
