2026-05-08 18:18:47.791 +02:00 [INF] Starting Intersect Client v0.8.0.0-custom+32d39132dace1351f63375b261f241297dd35be8-dirty
2026-05-08 18:18:48.186 +02:00 [INF] Discovered service type: Intersect.Plugins.PluginService
2026-05-08 18:18:48.190 +02:00 [WRN] Directory was specified as a plugin directory but does not exist: 'resources\plugins'
2026-05-08 18:18:48.191 +02:00 [INF] Discovered 0 plugins:

2026-05-08 18:19:05.470 +02:00 [INF] Connecting to 127.0.0.1:5400...
2026-05-08 18:19:05.493 +02:00 [INF] Connected [ca682d8e-3228-4183-8660-f6bdfcd0a95f].
2026-05-08 18:19:05.512 +02:00 [INF] Connection approved [ca682d8e-3228-4183-8660-f6bdfcd0a95f].
2026-05-08 18:19:05.605 +02:00 [INF] Updated PermissionSet 'default'
2026-05-08 18:19:13.789 +02:00 [INF] Updated PermissionSet 'admin'
2026-05-08 18:19:13.789 +02:00 [INF] Updating active permission set to 'admin'
2026-05-08 18:19:15.113 +02:00 [WRN] 'Me' is null.
2026-05-08 18:19:15.672 +02:00 [INF] Built VBO for map 27c6a7b2-4e9f-4316-9a0f-e13ec8e16ba2 'Forest' in 11.6909ms
2026-05-08 18:19:33.343 +02:00 [INF] Built VBO for map a31f210c-f5fb-48bf-9db2-45fab2293a4c 'Forest' in 3.9531ms
2026-05-08 18:22:29.780 +02:00 [INF] System window closing (due to user interaction most likely).
2026-05-08 18:22:29.783 +02:00 [INF] Disconnected [ca682d8e-3228-4183-8660-f6bdfcd0a95f].
2026-05-08 18:22:29.783 +02:00 [INF] Updating active permission set to 'default'
2026-05-08 18:22:29.818 +02:00 [INF] Acquiring context lock... (0ms)
2026-05-08 18:22:29.818 +02:00 [INF] Acquired. (0ms)
2026-05-08 18:22:29.819 +02:00 [INF] Beginning context dispose. (0ms)
2026-05-08 18:22:29.820 +02:00 [INF] GC.SuppressFinalize (0ms)
2026-05-08 18:22:29.820 +02:00 [INF] InternalDispose() completed. (0ms)
2026-05-08 18:22:29.820 +02:00 [INF] Clearing instance... (1ms)
2026-05-08 18:22:29.820 +02:00 [INF] Releasing context lock... (1ms)
2026-05-08 18:22:29.820 +02:00 [INF] Released. (1ms)
