2026-05-30 17:18:35.910 +02:00 [INF] Starting Intersect Client v0.8.0.0-custom+32d39132dace1351f63375b261f241297dd35be8-dirty
2026-05-30 17:18:36.155 +02:00 [INF] Discovered service type: Intersect.Plugins.PluginService
2026-05-30 17:18:36.159 +02:00 [WRN] Directory was specified as a plugin directory but does not exist: 'resources\plugins'
2026-05-30 17:18:36.160 +02:00 [INF] Discovered 0 plugins:

2026-05-30 17:18:38.670 +02:00 [INF] Connecting to 127.0.0.1:5400...
2026-05-30 17:18:38.678 +02:00 [INF] Connected [4e063d6c-50b7-4d9e-99e0-a868839cd880].
2026-05-30 17:18:38.684 +02:00 [INF] Connection approved [4e063d6c-50b7-4d9e-99e0-a868839cd880].
2026-05-30 17:18:38.773 +02:00 [INF] Updated PermissionSet 'default'
2026-05-30 17:18:38.773 +02:00 [INF] Updated PermissionSet 'admin'
2026-05-30 17:18:43.353 +02:00 [INF] Updating active permission set to 'admin'
2026-05-30 17:18:44.060 +02:00 [WRN] 'Me' is null.
2026-05-30 17:18:44.850 +02:00 [INF] Built VBO for map a31f210c-f5fb-48bf-9db2-45fab2293a4c 'Forest' in 108.7302ms
2026-05-30 17:18:45.149 +02:00 [INF] Built VBO for map 27c6a7b2-4e9f-4316-9a0f-e13ec8e16ba2 'Forest' in 84.3345ms
2026-05-30 17:19:20.715 +02:00 [INF] System window closing (due to user interaction most likely).
2026-05-30 17:19:20.718 +02:00 [INF] Disconnected [4e063d6c-50b7-4d9e-99e0-a868839cd880].
2026-05-30 17:19:20.719 +02:00 [INF] Updating active permission set to 'default'
2026-05-30 17:19:20.845 +02:00 [INF] Acquiring context lock... (0ms)
2026-05-30 17:19:20.845 +02:00 [INF] Acquired. (0ms)
2026-05-30 17:19:20.845 +02:00 [INF] Beginning context dispose. (0ms)
2026-05-30 17:19:20.846 +02:00 [INF] GC.SuppressFinalize (0ms)
2026-05-30 17:19:20.846 +02:00 [INF] InternalDispose() completed. (0ms)
2026-05-30 17:19:20.846 +02:00 [INF] Clearing instance... (1ms)
2026-05-30 17:19:20.846 +02:00 [INF] Releasing context lock... (1ms)
2026-05-30 17:19:20.846 +02:00 [INF] Released. (1ms)
