2026-03-19 18:45:51.496 +01:00 [INF] Starting Intersect Client v0.8.0.0-custom+32d39132dace1351f63375b261f241297dd35be8-dirty
2026-03-19 18:45:51.755 +01:00 [INF] Discovered service type: Intersect.Plugins.PluginService
2026-03-19 18:45:51.763 +01:00 [WRN] Directory was specified as a plugin directory but does not exist: 'resources\plugins'
2026-03-19 18:45:51.764 +01:00 [INF] Discovered 0 plugins:

2026-03-19 18:45:58.263 +01:00 [INF] Connecting to 127.0.0.1:5400...
2026-03-19 18:45:58.284 +01:00 [INF] Connected [44df5790-4dff-475b-beda-fe16dfb7bd12].
2026-03-19 18:45:58.309 +01:00 [INF] Connection approved [44df5790-4dff-475b-beda-fe16dfb7bd12].
2026-03-19 18:45:58.386 +01:00 [INF] Updated PermissionSet 'default'
2026-03-19 18:45:59.717 +01:00 [INF] Updated PermissionSet 'admin'
2026-03-19 18:45:59.718 +01:00 [INF] Updating active permission set to 'admin'
2026-03-19 18:45:59.838 +01:00 [WRN] Unable to add '_buttonLogout' to the JSON of MainMenu.SelectCharacterWindow._innerPanel._buttonsPanel because a sibling shares the same name
2026-03-19 18:46:00.725 +01:00 [WRN] 'Me' is null.
2026-03-19 18:46:01.173 +01:00 [INF] Built VBO for map a9f5fb5f-a2e8-421b-9906-03dae4b6224a 'New Map' in 15.3817ms
2026-03-19 18:47:11.851 +01:00 [INF] System window closing (due to user interaction most likely).
2026-03-19 18:47:11.854 +01:00 [INF] Disconnected [44df5790-4dff-475b-beda-fe16dfb7bd12].
2026-03-19 18:47:11.855 +01:00 [INF] Updating active permission set to 'default'
2026-03-19 18:47:11.929 +01:00 [INF] Acquiring context lock... (0ms)
2026-03-19 18:47:11.929 +01:00 [INF] Acquired. (0ms)
2026-03-19 18:47:11.929 +01:00 [INF] Beginning context dispose. (0ms)
2026-03-19 18:47:11.930 +01:00 [INF] GC.SuppressFinalize (0ms)
2026-03-19 18:47:11.930 +01:00 [INF] InternalDispose() completed. (0ms)
2026-03-19 18:47:11.930 +01:00 [INF] Clearing instance... (1ms)
2026-03-19 18:47:11.930 +01:00 [INF] Releasing context lock... (1ms)
2026-03-19 18:47:11.930 +01:00 [INF] Released. (1ms)
