2026-03-25 17:12:11.612 +01:00 [INF] Starting Intersect Client v0.8.0.0-custom+32d39132dace1351f63375b261f241297dd35be8-dirty
2026-03-25 17:12:13.331 +01:00 [INF] Discovered service type: Intersect.Plugins.PluginService
2026-03-25 17:12:13.337 +01:00 [WRN] Directory was specified as a plugin directory but does not exist: 'resources\plugins'
2026-03-25 17:12:13.338 +01:00 [INF] Discovered 0 plugins:

2026-03-25 17:12:15.403 +01:00 [INF] Connecting to 127.0.0.1:5400...
2026-03-25 17:12:15.426 +01:00 [INF] Connected [92c8cda6-7aaa-46e4-aef0-58e5a6c9a7d5].
2026-03-25 17:12:15.444 +01:00 [INF] Connection approved [92c8cda6-7aaa-46e4-aef0-58e5a6c9a7d5].
2026-03-25 17:12:15.534 +01:00 [INF] Updated PermissionSet 'default'
2026-03-25 17:12:16.494 +01:00 [INF] Updated PermissionSet 'admin'
2026-03-25 17:12:16.494 +01:00 [INF] Updating active permission set to 'admin'
2026-03-25 17:12:16.637 +01:00 [WRN] Unable to add '_buttonLogout' to the JSON of MainMenu.SelectCharacterWindow._innerPanel._buttonsPanel because a sibling shares the same name
2026-03-25 17:12:17.683 +01:00 [WRN] 'Me' is null.
2026-03-25 17:12:18.179 +01:00 [INF] Built VBO for map 850ddb26-5568-4376-b8e0-346c04cb81ef 'forest' in 14.2251ms
2026-03-25 17:13:32.069 +01:00 [INF] Built VBO for map 73ba8458-f8de-4f78-a254-c91b18418ed0 'forest' in 6.1017ms
2026-03-25 17:13:32.076 +01:00 [INF] Built VBO for map 27c6a7b2-4e9f-4316-9a0f-e13ec8e16ba2 'New Map' in 5.6944ms
2026-03-25 17:14:19.204 +01:00 [INF] Built VBO for map 411179b7-b772-42ef-bf66-03b7e4d7dca8 'test 5' in 1.5468ms
2026-03-25 17:15:06.894 +01:00 [INF] System window closing (due to user interaction most likely).
2026-03-25 17:15:06.897 +01:00 [INF] Disconnected [92c8cda6-7aaa-46e4-aef0-58e5a6c9a7d5].
2026-03-25 17:15:06.898 +01:00 [INF] Updating active permission set to 'default'
2026-03-25 17:15:06.996 +01:00 [INF] Acquiring context lock... (0ms)
2026-03-25 17:15:06.996 +01:00 [INF] Acquired. (0ms)
2026-03-25 17:15:06.996 +01:00 [INF] Beginning context dispose. (0ms)
2026-03-25 17:15:06.997 +01:00 [INF] GC.SuppressFinalize (0ms)
2026-03-25 17:15:06.997 +01:00 [INF] InternalDispose() completed. (0ms)
2026-03-25 17:15:06.997 +01:00 [INF] Clearing instance... (1ms)
2026-03-25 17:15:06.997 +01:00 [INF] Releasing context lock... (1ms)
2026-03-25 17:15:06.997 +01:00 [INF] Released. (1ms)
