2026-05-19 08:51:14.242 +02:00 [INF] Starting Intersect Client v0.8.0.0-custom+32d39132dace1351f63375b261f241297dd35be8-dirty
2026-05-19 08:51:14.454 +02:00 [INF] Discovered service type: Intersect.Plugins.PluginService
2026-05-19 08:51:14.457 +02:00 [WRN] Directory was specified as a plugin directory but does not exist: 'resources\plugins'
2026-05-19 08:51:14.458 +02:00 [INF] Discovered 0 plugins:

2026-05-19 08:51:16.580 +02:00 [INF] Connecting to 127.0.0.1:5400...
2026-05-19 08:51:16.603 +02:00 [INF] Connected [61d44955-45dc-4a75-917f-3feae243ffd1].
2026-05-19 08:51:16.628 +02:00 [INF] Connection approved [61d44955-45dc-4a75-917f-3feae243ffd1].
2026-05-19 08:51:16.729 +02:00 [INF] Updated PermissionSet 'default'
2026-05-19 08:51:21.295 +02:00 [INF] Updated PermissionSet 'admin'
2026-05-19 08:51:21.296 +02:00 [INF] Updating active permission set to 'admin'
2026-05-19 08:51:21.736 +02:00 [WRN] 'Me' is null.
2026-05-19 08:51:22.658 +02:00 [INF] Built VBO for map 27c6a7b2-4e9f-4316-9a0f-e13ec8e16ba2 'Forest' in 67.3944ms
2026-05-19 08:52:50.940 +02:00 [INF] System window closing (due to user interaction most likely).
2026-05-19 08:52:50.943 +02:00 [INF] Disconnected [61d44955-45dc-4a75-917f-3feae243ffd1].
2026-05-19 08:52:50.944 +02:00 [INF] Updating active permission set to 'default'
2026-05-19 08:52:50.978 +02:00 [INF] Acquiring context lock... (0ms)
2026-05-19 08:52:50.978 +02:00 [INF] Acquired. (0ms)
2026-05-19 08:52:50.979 +02:00 [INF] Beginning context dispose. (0ms)
2026-05-19 08:52:50.979 +02:00 [INF] GC.SuppressFinalize (0ms)
2026-05-19 08:52:50.979 +02:00 [INF] InternalDispose() completed. (0ms)
2026-05-19 08:52:50.979 +02:00 [INF] Clearing instance... (1ms)
2026-05-19 08:52:50.979 +02:00 [INF] Releasing context lock... (1ms)
2026-05-19 08:52:50.979 +02:00 [INF] Released. (1ms)
