2026-04-06 07:02:41.101 +06:00 [INF] Starting Intersect Client v0.8.0.0-custom+32d39132dace1351f63375b261f241297dd35be8-dirty
2026-04-06 07:02:41.393 +06:00 [INF] Discovered service type: Intersect.Plugins.PluginService
2026-04-06 07:02:41.401 +06:00 [WRN] Directory was specified as a plugin directory but does not exist: 'resources\plugins'
2026-04-06 07:02:41.402 +06:00 [INF] Discovered 0 plugins:

2026-04-06 07:02:43.576 +06:00 [INF] Connecting to 127.0.0.1:5400...
2026-04-06 07:02:43.595 +06:00 [INF] Connected [493c3f5e-9db5-420d-87f6-18c40791568b].
2026-04-06 07:02:43.613 +06:00 [INF] Connection approved [493c3f5e-9db5-420d-87f6-18c40791568b].
2026-04-06 07:02:43.704 +06:00 [INF] Updated PermissionSet 'default'
2026-04-06 07:02:53.964 +06:00 [INF] Updated PermissionSet 'admin'
2026-04-06 07:02:53.965 +06:00 [INF] Updating active permission set to 'admin'
2026-04-06 07:02:54.091 +06:00 [WRN] Unable to add '_buttonLogout' to the JSON of MainMenu.SelectCharacterWindow._innerPanel._buttonsPanel because a sibling shares the same name
2026-04-06 07:02:54.837 +06:00 [WRN] 'Me' is null.
2026-04-06 07:02:55.310 +06:00 [INF] Built VBO for map 27c6a7b2-4e9f-4316-9a0f-e13ec8e16ba2 'New Map' in 17.8856ms
2026-04-06 07:03:08.664 +06:00 [WRN] 'Me' is null.
2026-04-06 07:03:08.708 +06:00 [WRN] Tried to load entity "e5d6ea90-e1ab-4e5a-b3b0-5ca7d2b2e156" (Oran) from packet before in-game UI was ready
2026-04-06 07:03:08.709 +06:00 [WRN] Tried to load entity "e5d6ea90-e1ab-4e5a-b3b0-5ca7d2b2e156" (Oran) from packet before in-game UI was ready
2026-04-06 07:03:08.973 +06:00 [INF] Built VBO for map 73ba8458-f8de-4f78-a254-c91b18418ed0 'test 3' in 7.7023ms
2026-04-06 07:03:08.975 +06:00 [INF] Built VBO for map 27c6a7b2-4e9f-4316-9a0f-e13ec8e16ba2 'New Map' in 1.6442ms
2026-04-06 07:03:27.134 +06:00 [INF] Built VBO for map 411179b7-b772-42ef-bf66-03b7e4d7dca8 'test 5' in 3.578ms
2026-04-06 07:03:47.119 +06:00 [INF] System window closing (due to user interaction most likely).
2026-04-06 07:03:47.122 +06:00 [INF] Disconnected [493c3f5e-9db5-420d-87f6-18c40791568b].
2026-04-06 07:03:47.122 +06:00 [INF] Updating active permission set to 'default'
2026-04-06 07:03:47.154 +06:00 [INF] Acquiring context lock... (0ms)
2026-04-06 07:03:47.154 +06:00 [INF] Acquired. (0ms)
2026-04-06 07:03:47.155 +06:00 [INF] Beginning context dispose. (0ms)
2026-04-06 07:03:47.155 +06:00 [INF] GC.SuppressFinalize (0ms)
2026-04-06 07:03:47.155 +06:00 [INF] InternalDispose() completed. (0ms)
2026-04-06 07:03:47.155 +06:00 [INF] Clearing instance... (1ms)
2026-04-06 07:03:47.155 +06:00 [INF] Releasing context lock... (1ms)
2026-04-06 07:03:47.155 +06:00 [INF] Released. (1ms)
