2026-05-18 20:20:59.995 +02:00 [INF] Starting Intersect Client v0.8.0.0-custom+32d39132dace1351f63375b261f241297dd35be8-dirty
2026-05-18 20:21:00.206 +02:00 [INF] Discovered service type: Intersect.Plugins.PluginService
2026-05-18 20:21:00.209 +02:00 [WRN] Directory was specified as a plugin directory but does not exist: 'resources\plugins'
2026-05-18 20:21:00.210 +02:00 [INF] Discovered 0 plugins:

2026-05-18 20:21:02.376 +02:00 [INF] Connecting to 127.0.0.1:5400...
2026-05-18 20:21:02.384 +02:00 [INF] Connected [a5614975-60d6-41e4-9451-8810a92a12bc].
2026-05-18 20:21:02.406 +02:00 [INF] Connection approved [a5614975-60d6-41e4-9451-8810a92a12bc].
2026-05-18 20:21:02.497 +02:00 [INF] Updated PermissionSet 'default'
2026-05-18 20:21:02.497 +02:00 [INF] Updated PermissionSet 'admin'
2026-05-18 20:21:06.471 +02:00 [INF] Updating active permission set to 'admin'
2026-05-18 20:21:07.230 +02:00 [WRN] 'Me' is null.
2026-05-18 20:21:07.989 +02:00 [INF] Built VBO for map a31f210c-f5fb-48bf-9db2-45fab2293a4c 'Forest' in 77.4445ms
2026-05-18 20:21:07.993 +02:00 [WRN] Water shader loaded but is missing required parameter 'SunAngle'. Falling back to BasicEffect water rendering.
2026-05-18 20:21:08.086 +02:00 [INF] Built VBO for map 27c6a7b2-4e9f-4316-9a0f-e13ec8e16ba2 'Forest' in 64.2045ms
2026-05-18 20:21:10.740 +02:00 [INF] Built VBO for map 27c6a7b2-4e9f-4316-9a0f-e13ec8e16ba2 'Forest' in 10.1975ms
2026-05-18 20:24:03.590 +02:00 [INF] System window closing (due to user interaction most likely).
2026-05-18 20:24:03.593 +02:00 [INF] Disconnected [a5614975-60d6-41e4-9451-8810a92a12bc].
2026-05-18 20:24:03.593 +02:00 [INF] Updating active permission set to 'default'
2026-05-18 20:24:03.638 +02:00 [INF] Acquiring context lock... (0ms)
2026-05-18 20:24:03.639 +02:00 [INF] Acquired. (0ms)
2026-05-18 20:24:03.639 +02:00 [INF] Beginning context dispose. (0ms)
2026-05-18 20:24:03.640 +02:00 [INF] GC.SuppressFinalize (0ms)
2026-05-18 20:24:03.640 +02:00 [INF] InternalDispose() completed. (0ms)
2026-05-18 20:24:03.640 +02:00 [INF] Clearing instance... (1ms)
2026-05-18 20:24:03.640 +02:00 [INF] Releasing context lock... (1ms)
2026-05-18 20:24:03.640 +02:00 [INF] Released. (1ms)
