2026-05-18 20:59:04.223 +02:00 [INF] Starting Intersect Client v0.8.0.0-custom+32d39132dace1351f63375b261f241297dd35be8-dirty
2026-05-18 20:59:04.496 +02:00 [INF] Discovered service type: Intersect.Plugins.PluginService
2026-05-18 20:59:04.500 +02:00 [WRN] Directory was specified as a plugin directory but does not exist: 'resources\plugins'
2026-05-18 20:59:04.501 +02:00 [INF] Discovered 0 plugins:

2026-05-18 20:59:06.678 +02:00 [INF] Connecting to 127.0.0.1:5400...
2026-05-18 20:59:06.686 +02:00 [INF] Connected [d307280d-b315-4db9-a6e7-159db22c4a52].
2026-05-18 20:59:06.702 +02:00 [INF] Connection approved [d307280d-b315-4db9-a6e7-159db22c4a52].
2026-05-18 20:59:06.788 +02:00 [INF] Updated PermissionSet 'default'
2026-05-18 20:59:06.788 +02:00 [INF] Updated PermissionSet 'admin'
2026-05-18 20:59:10.557 +02:00 [INF] Updating active permission set to 'admin'
2026-05-18 20:59:11.162 +02:00 [WRN] 'Me' is null.
2026-05-18 20:59:12.010 +02:00 [INF] Built VBO for map 27c6a7b2-4e9f-4316-9a0f-e13ec8e16ba2 'Forest' in 60.3649ms
2026-05-18 20:59:31.129 +02:00 [INF] Built VBO for map a31f210c-f5fb-48bf-9db2-45fab2293a4c 'Forest' in 34.0977ms
2026-05-18 21:00:40.601 +02:00 [INF] Built VBO for map 27c6a7b2-4e9f-4316-9a0f-e13ec8e16ba2 'Forest' in 34.7465ms
2026-05-18 21:01:00.164 +02:00 [INF] Built VBO for map 27c6a7b2-4e9f-4316-9a0f-e13ec8e16ba2 'Forest' in 34.7252ms
2026-05-18 21:01:06.418 +02:00 [INF] Built VBO for map 27c6a7b2-4e9f-4316-9a0f-e13ec8e16ba2 'Forest' in 34.5011ms
2026-05-18 21:01:43.988 +02:00 [INF] Built VBO for map 27c6a7b2-4e9f-4316-9a0f-e13ec8e16ba2 'Forest' in 33.0737ms
2026-05-18 21:02:01.857 +02:00 [INF] Built VBO for map 27c6a7b2-4e9f-4316-9a0f-e13ec8e16ba2 'Forest' in 37.756ms
2026-05-18 21:03:14.024 +02:00 [INF] Built VBO for map e341d25d-5ff4-4cd6-bcd5-2f2cda710c86 'Forest' in 7.2466ms
2026-05-18 21:03:20.067 +02:00 [INF] Built VBO for map 27c6a7b2-4e9f-4316-9a0f-e13ec8e16ba2 'Forest' in 37.1543ms
2026-05-18 21:03:20.075 +02:00 [INF] Built VBO for map e341d25d-5ff4-4cd6-bcd5-2f2cda710c86 'Forest' in 3.0063ms
2026-05-18 21:07:50.006 +02:00 [INF] System window closing (due to user interaction most likely).
2026-05-18 21:07:50.009 +02:00 [INF] Disconnected [d307280d-b315-4db9-a6e7-159db22c4a52].
2026-05-18 21:07:50.010 +02:00 [INF] Updating active permission set to 'default'
2026-05-18 21:07:50.047 +02:00 [INF] Acquiring context lock... (0ms)
2026-05-18 21:07:50.047 +02:00 [INF] Acquired. (0ms)
2026-05-18 21:07:50.048 +02:00 [INF] Beginning context dispose. (0ms)
2026-05-18 21:07:50.048 +02:00 [INF] GC.SuppressFinalize (0ms)
2026-05-18 21:07:50.048 +02:00 [INF] InternalDispose() completed. (0ms)
2026-05-18 21:07:50.049 +02:00 [INF] Clearing instance... (1ms)
2026-05-18 21:07:50.049 +02:00 [INF] Releasing context lock... (1ms)
2026-05-18 21:07:50.049 +02:00 [INF] Released. (1ms)
