2026-04-27 20:30:00.271 +06:00 [INF] Starting Intersect Client v0.8.0.0-custom+32d39132dace1351f63375b261f241297dd35be8-dirty
2026-04-27 20:30:00.490 +06:00 [INF] Discovered service type: Intersect.Plugins.PluginService
2026-04-27 20:30:00.494 +06:00 [WRN] Directory was specified as a plugin directory but does not exist: 'resources\plugins'
2026-04-27 20:30:00.495 +06:00 [INF] Discovered 0 plugins:

2026-04-27 20:30:02.399 +06:00 [INF] Connecting to 127.0.0.1:5400...
2026-04-27 20:30:02.421 +06:00 [INF] Connected [f620b555-2520-4641-9870-41ab2ee2fead].
2026-04-27 20:30:02.434 +06:00 [INF] Connection approved [f620b555-2520-4641-9870-41ab2ee2fead].
2026-04-27 20:30:02.521 +06:00 [INF] Updated PermissionSet 'default'
2026-04-27 20:30:07.155 +06:00 [INF] Updated PermissionSet 'admin'
2026-04-27 20:30:07.155 +06:00 [INF] Updating active permission set to 'admin'
2026-04-27 20:30:07.294 +06:00 [WRN] Unable to add '_buttonLogout' to the JSON of MainMenu.SelectCharacterWindow._innerPanel._buttonsPanel because a sibling shares the same name
2026-04-27 20:30:07.929 +06:00 [WRN] 'Me' is null.
2026-04-27 20:30:08.581 +06:00 [INF] Built VBO for map 27c6a7b2-4e9f-4316-9a0f-e13ec8e16ba2 'Forest' in 12.2014ms
2026-04-27 20:31:07.565 +06:00 [INF] Built VBO for map c15f8299-8999-471f-9760-388ff4cdec7c 'Forest' in 9.778ms
2026-04-27 20:35:59.261 +06:00 [INF] System window closing (due to user interaction most likely).
2026-04-27 20:35:59.265 +06:00 [INF] Disconnected [f620b555-2520-4641-9870-41ab2ee2fead].
2026-04-27 20:35:59.266 +06:00 [INF] Updating active permission set to 'default'
2026-04-27 20:35:59.367 +06:00 [INF] Acquiring context lock... (0ms)
2026-04-27 20:35:59.367 +06:00 [INF] Acquired. (0ms)
2026-04-27 20:35:59.368 +06:00 [INF] Beginning context dispose. (0ms)
2026-04-27 20:35:59.368 +06:00 [INF] GC.SuppressFinalize (0ms)
2026-04-27 20:35:59.368 +06:00 [INF] InternalDispose() completed. (0ms)
2026-04-27 20:35:59.368 +06:00 [INF] Clearing instance... (1ms)
2026-04-27 20:35:59.368 +06:00 [INF] Releasing context lock... (1ms)
2026-04-27 20:35:59.368 +06:00 [INF] Released. (1ms)
