2026-05-24 20:47:42.156 +02:00 [INF] Starting Intersect Client v0.8.0.0-custom+32d39132dace1351f63375b261f241297dd35be8-dirty
2026-05-24 20:47:42.361 +02:00 [INF] Discovered service type: Intersect.Plugins.PluginService
2026-05-24 20:47:42.365 +02:00 [WRN] Directory was specified as a plugin directory but does not exist: 'resources\plugins'
2026-05-24 20:47:42.366 +02:00 [INF] Discovered 0 plugins:

2026-05-24 20:47:44.346 +02:00 [INF] Connecting to 127.0.0.1:5400...
2026-05-24 20:47:44.363 +02:00 [INF] Connected [16570eed-8c39-4935-82a7-d56e3b9a7008].
2026-05-24 20:47:44.372 +02:00 [INF] Connection approved [16570eed-8c39-4935-82a7-d56e3b9a7008].
2026-05-24 20:47:44.473 +02:00 [INF] Updated PermissionSet 'default'
2026-05-24 20:48:01.605 +02:00 [INF] Updated PermissionSet 'admin'
2026-05-24 20:48:01.606 +02:00 [INF] Updating active permission set to 'admin'
2026-05-24 20:48:02.263 +02:00 [WRN] 'Me' is null.
2026-05-24 20:48:02.972 +02:00 [INF] Built VBO for map 27c6a7b2-4e9f-4316-9a0f-e13ec8e16ba2 'Forest' in 66.9652ms
2026-05-24 20:48:07.346 +02:00 [INF] System window closing (due to user interaction most likely).
2026-05-24 20:48:07.349 +02:00 [INF] Disconnected [16570eed-8c39-4935-82a7-d56e3b9a7008].
2026-05-24 20:48:07.349 +02:00 [INF] Updating active permission set to 'default'
2026-05-24 20:48:07.383 +02:00 [INF] Acquiring context lock... (0ms)
2026-05-24 20:48:07.383 +02:00 [INF] Acquired. (0ms)
2026-05-24 20:48:07.383 +02:00 [INF] Beginning context dispose. (0ms)
2026-05-24 20:48:07.384 +02:00 [INF] GC.SuppressFinalize (0ms)
2026-05-24 20:48:07.384 +02:00 [INF] InternalDispose() completed. (0ms)
2026-05-24 20:48:07.384 +02:00 [INF] Clearing instance... (1ms)
2026-05-24 20:48:07.384 +02:00 [INF] Releasing context lock... (1ms)
2026-05-24 20:48:07.384 +02:00 [INF] Released. (1ms)
