2026-07-05 22:29:10.910 +02:00 [INF] Starting Intersect Client v0.8.0.0-custom+32d39132dace1351f63375b261f241297dd35be8-dirty
2026-07-05 22:29:11.162 +02:00 [INF] Discovered service type: Intersect.Plugins.PluginService
2026-07-05 22:29:11.165 +02:00 [WRN] Directory was specified as a plugin directory but does not exist: 'resources\plugins'
2026-07-05 22:29:11.166 +02:00 [INF] Discovered 0 plugins:

2026-07-05 22:29:13.164 +02:00 [INF] Connecting to 127.0.0.1:5400...
2026-07-05 22:29:13.188 +02:00 [INF] Connected [922af6fa-ba83-4d9c-91f5-e11f848c67ae].
2026-07-05 22:29:13.227 +02:00 [INF] Connection approved [922af6fa-ba83-4d9c-91f5-e11f848c67ae].
2026-07-05 22:29:13.325 +02:00 [INF] Updated PermissionSet 'default'
2026-07-05 22:29:18.109 +02:00 [INF] Updated PermissionSet 'admin'
2026-07-05 22:29:18.109 +02:00 [INF] Updating active permission set to 'admin'
2026-07-05 22:29:21.020 +02:00 [WRN] 'Me' is null.
2026-07-05 22:29:22.160 +02:00 [INF] Built VBO for map 15601ad4-9f26-4abe-a6c9-3a7eebaa3045 'Forest' in 27.5987ms
2026-07-05 22:29:22.167 +02:00 [INF] Built VBO for map d490222a-af25-4a7f-bec3-7ca8016e08d7 'New Map' in 6.2514ms
2026-07-05 22:29:22.177 +02:00 [INF] Built VBO for map 000bacda-f0e9-4a92-ab09-e55bd4ad15c1 'New Map' in 5.9901ms
2026-07-05 22:29:22.270 +02:00 [ERR] Exception thrown while trying to load 'resources/tilesets/water_shore_marker.png'
System.IO.FileNotFoundException: Could not find file 'F:\game code engine\Intersect_New\Intersect.Client\resources\tilesets\water_shore_marker.png'.
File name: 'F:\game code engine\Intersect_New\Intersect.Client\resources\tilesets\water_shore_marker.png'
   at Microsoft.Win32.SafeHandles.SafeFileHandle.CreateFile(String fullPath, FileMode mode, FileAccess access, FileShare share, FileOptions options)
   at Microsoft.Win32.SafeHandles.SafeFileHandle.Open(String fullPath, FileMode mode, FileAccess access, FileShare share, FileOptions options, Int64 preallocationSize, Nullable`1 unixCreateMode)
   at System.IO.Strategies.OSFileStreamStrategy..ctor(String path, FileMode mode, FileAccess access, FileShare share, FileOptions options, Int64 preallocationSize, Nullable`1 unixCreateMode)
   at System.IO.Strategies.FileStreamHelpers.ChooseStrategyCore(String path, FileMode mode, FileAccess access, FileShare share, FileOptions options, Int64 preallocationSize, Nullable`1 unixCreateMode)
   at System.IO.File.OpenRead(String path)
   at Intersect.Client.Framework.Graphics.GameRenderer.<>c__DisplayClass182_0.<LoadTexture>b__0() in f:\game code engine\Intersect_New\Intersect.Client.Framework\Graphics\GameRenderer.cs:line 1027
   at Intersect.Client.Framework.Graphics.GameTexture`2.LoadPlatformTexture(Boolean force) in f:\game code engine\Intersect_New\Intersect.Client.Framework\Graphics\GameTexture.cs:line 279
2026-07-05 22:29:22.271 +02:00 [INF] Built VBO for map 27c6a7b2-4e9f-4316-9a0f-e13ec8e16ba2 'Forest' in 93.3671ms
2026-07-05 22:29:22.288 +02:00 [INF] Built VBO for map e341d25d-5ff4-4cd6-bcd5-2f2cda710c86 'Greenfall Vale' in 13.8787ms
2026-07-05 22:29:22.295 +02:00 [INF] Built VBO for map f519d3ea-b6f4-4b17-b87a-1dcf003cd3ec 'New Map' in 6.0886ms
2026-07-05 22:29:30.556 +02:00 [INF] Built VBO for map 27c6a7b2-4e9f-4316-9a0f-e13ec8e16ba2 'Forest' in 15.9329ms
2026-07-05 22:29:30.786 +02:00 [INF] Built VBO for map 9802b09c-f592-4d93-8e11-d3424500716c 'Deep Forest' in 5.7751ms
2026-07-05 22:29:31.319 +02:00 [INF] Built VBO for map 15601ad4-9f26-4abe-a6c9-3a7eebaa3045 'Forest' in 4.1107ms
2026-07-05 22:33:18.049 +02:00 [INF] Disconnected [922af6fa-ba83-4d9c-91f5-e11f848c67ae].
2026-07-05 22:33:18.049 +02:00 [INF] Updating active permission set to 'default'
2026-07-05 22:33:53.153 +02:00 [INF] User clicked exit button.
2026-07-05 22:33:53.172 +02:00 [INF] System window closing (due to user interaction most likely).
2026-07-05 22:33:53.203 +02:00 [INF] Acquiring context lock... (0ms)
2026-07-05 22:33:53.203 +02:00 [INF] Acquired. (0ms)
2026-07-05 22:33:53.204 +02:00 [INF] Beginning context dispose. (0ms)
2026-07-05 22:33:53.204 +02:00 [INF] GC.SuppressFinalize (0ms)
2026-07-05 22:33:53.204 +02:00 [INF] InternalDispose() completed. (0ms)
2026-07-05 22:33:53.205 +02:00 [INF] Clearing instance... (1ms)
2026-07-05 22:33:53.205 +02:00 [INF] Releasing context lock... (1ms)
2026-07-05 22:33:53.205 +02:00 [INF] Released. (1ms)
