2026-04-14 03:05:34.732 +06:00 [INF] Starting Intersect Client v0.8.0.0-custom+32d39132dace1351f63375b261f241297dd35be8-dirty
2026-04-14 03:05:34.982 +06:00 [INF] Discovered service type: Intersect.Plugins.PluginService
2026-04-14 03:05:34.986 +06:00 [WRN] Directory was specified as a plugin directory but does not exist: 'resources\plugins'
2026-04-14 03:05:34.987 +06:00 [INF] Discovered 0 plugins:

2026-04-14 03:05:37.203 +06:00 [INF] Connecting to 127.0.0.1:5400...
2026-04-14 03:05:37.210 +06:00 [INF] Connected [7b7dc307-d41e-4712-8f69-b76ef06dd771].
2026-04-14 03:05:37.214 +06:00 [INF] Connection approved [7b7dc307-d41e-4712-8f69-b76ef06dd771].
2026-04-14 03:05:37.302 +06:00 [INF] Updated PermissionSet 'default'
2026-04-14 03:05:37.303 +06:00 [INF] Updated PermissionSet 'admin'
2026-04-14 03:05:40.379 +06:00 [INF] Updating active permission set to 'admin'
2026-04-14 03:05:57.784 +06:00 [WRN] 'Me' is null.
2026-04-14 03:05:58.323 +06:00 [INF] Built VBO for map 23630ac6-4461-460d-8a3b-9a0d4477096f 'test 8' in 16.9362ms
2026-04-14 03:05:58.372 +06:00 [INF] Built VBO for map 73ba8458-f8de-4f78-a254-c91b18418ed0 'test 3' in 44.3412ms
2026-04-14 03:05:58.378 +06:00 [INF] Built VBO for map 27c6a7b2-4e9f-4316-9a0f-e13ec8e16ba2 'New Map' in 4.4335ms
2026-04-14 03:06:19.507 +06:00 [WRN] Unable to add '_buttonLogout' to the JSON of MainMenu.SelectCharacterWindow._innerPanel._buttonsPanel because a sibling shares the same name
2026-04-14 03:06:23.493 +06:00 [INF] System window closing (due to user interaction most likely).
2026-04-14 03:06:23.496 +06:00 [INF] Disconnected [7b7dc307-d41e-4712-8f69-b76ef06dd771].
2026-04-14 03:06:23.497 +06:00 [INF] Updating active permission set to 'default'
2026-04-14 03:06:23.529 +06:00 [INF] Acquiring context lock... (0ms)
2026-04-14 03:06:23.530 +06:00 [INF] Acquired. (0ms)
2026-04-14 03:06:23.531 +06:00 [INF] Beginning context dispose. (0ms)
2026-04-14 03:06:23.531 +06:00 [INF] GC.SuppressFinalize (0ms)
2026-04-14 03:06:23.531 +06:00 [INF] InternalDispose() completed. (0ms)
2026-04-14 03:06:23.531 +06:00 [INF] Clearing instance... (1ms)
2026-04-14 03:06:23.531 +06:00 [INF] Releasing context lock... (1ms)
2026-04-14 03:06:23.531 +06:00 [INF] Released. (1ms)
