2026-04-24 19:48:53.798 +06:00 [INF] Starting Intersect Client v0.8.0.0-custom+32d39132dace1351f63375b261f241297dd35be8-dirty
2026-04-24 19:48:54.001 +06:00 [INF] Discovered service type: Intersect.Plugins.PluginService
2026-04-24 19:48:54.004 +06:00 [WRN] Directory was specified as a plugin directory but does not exist: 'resources\plugins'
2026-04-24 19:48:54.005 +06:00 [INF] Discovered 0 plugins:

2026-04-24 19:48:56.114 +06:00 [INF] Connecting to 127.0.0.1:5400...
2026-04-24 19:48:56.136 +06:00 [INF] Connected [894d4b12-7663-430e-abe5-5d8ca4fe607f].
2026-04-24 19:48:56.151 +06:00 [INF] Connection approved [894d4b12-7663-430e-abe5-5d8ca4fe607f].
2026-04-24 19:48:56.257 +06:00 [INF] Updated PermissionSet 'default'
2026-04-24 19:49:05.566 +06:00 [INF] Updated PermissionSet 'admin'
2026-04-24 19:49:05.566 +06:00 [INF] Updating active permission set to 'admin'
2026-04-24 19:49:05.699 +06:00 [WRN] Unable to add '_buttonLogout' to the JSON of MainMenu.SelectCharacterWindow._innerPanel._buttonsPanel because a sibling shares the same name
2026-04-24 19:49:06.738 +06:00 [WRN] 'Me' is null.
2026-04-24 19:49:07.291 +06:00 [INF] Built VBO for map 27c6a7b2-4e9f-4316-9a0f-e13ec8e16ba2 'Forest' in 38.0363ms
2026-04-24 19:49:20.474 +06:00 [WRN] 'Me' is null.
2026-04-24 19:49:20.474 +06:00 [WRN] 'Me' is null.
2026-04-24 19:49:20.474 +06:00 [WRN] 'Me' is null.
2026-04-24 19:49:20.474 +06:00 [WRN] 'Me' is null.
2026-04-24 19:49:23.938 +06:00 [INF] System window closing (due to user interaction most likely).
2026-04-24 19:49:23.941 +06:00 [INF] Disconnected [894d4b12-7663-430e-abe5-5d8ca4fe607f].
2026-04-24 19:49:23.942 +06:00 [INF] Updating active permission set to 'default'
2026-04-24 19:49:23.963 +06:00 [INF] Acquiring context lock... (0ms)
2026-04-24 19:49:23.963 +06:00 [INF] Acquired. (0ms)
2026-04-24 19:49:23.964 +06:00 [INF] Beginning context dispose. (0ms)
2026-04-24 19:49:23.964 +06:00 [INF] GC.SuppressFinalize (0ms)
2026-04-24 19:49:23.964 +06:00 [INF] InternalDispose() completed. (0ms)
2026-04-24 19:49:23.964 +06:00 [INF] Clearing instance... (1ms)
2026-04-24 19:49:23.965 +06:00 [INF] Releasing context lock... (1ms)
2026-04-24 19:49:23.965 +06:00 [INF] Released. (1ms)
