2026-04-14 02:16:23.266 +06:00 [INF] Starting Intersect Client v0.8.0.0-custom+32d39132dace1351f63375b261f241297dd35be8-dirty
2026-04-14 02:16:23.464 +06:00 [INF] Discovered service type: Intersect.Plugins.PluginService
2026-04-14 02:16:23.467 +06:00 [WRN] Directory was specified as a plugin directory but does not exist: 'resources\plugins'
2026-04-14 02:16:23.468 +06:00 [INF] Discovered 0 plugins:

2026-04-14 02:16:25.513 +06:00 [INF] Connecting to 127.0.0.1:5400...
2026-04-14 02:16:25.535 +06:00 [INF] Connected [6c142ce7-fadb-4928-acfe-a91cf0c467e9].
2026-04-14 02:16:25.548 +06:00 [INF] Connection approved [6c142ce7-fadb-4928-acfe-a91cf0c467e9].
2026-04-14 02:16:25.632 +06:00 [INF] Updated PermissionSet 'default'
2026-04-14 02:16:29.554 +06:00 [INF] Updated PermissionSet 'admin'
2026-04-14 02:16:29.554 +06:00 [INF] Updating active permission set to 'admin'
2026-04-14 02:16:29.697 +06:00 [WRN] Unable to add '_buttonLogout' to the JSON of MainMenu.SelectCharacterWindow._innerPanel._buttonsPanel because a sibling shares the same name
2026-04-14 02:17:01.143 +06:00 [WRN] 'Me' is null.
2026-04-14 02:17:01.696 +06:00 [INF] Built VBO for map 23630ac6-4461-460d-8a3b-9a0d4477096f 'test 8' in 17.2723ms
2026-04-14 02:17:01.745 +06:00 [INF] Built VBO for map 73ba8458-f8de-4f78-a254-c91b18418ed0 'test 3' in 44.4521ms
2026-04-14 02:17:01.749 +06:00 [INF] Built VBO for map 27c6a7b2-4e9f-4316-9a0f-e13ec8e16ba2 'New Map' in 3.3738ms
2026-04-14 02:17:39.108 +06:00 [INF] Built VBO for map 850ddb26-5568-4376-b8e0-346c04cb81ef 'forest' in 4.5463ms
2026-04-14 02:26:19.342 +06:00 [INF] System window closing (due to user interaction most likely).
2026-04-14 02:26:19.345 +06:00 [INF] Disconnected [6c142ce7-fadb-4928-acfe-a91cf0c467e9].
2026-04-14 02:26:19.346 +06:00 [INF] Updating active permission set to 'default'
2026-04-14 02:26:19.395 +06:00 [INF] Acquiring context lock... (0ms)
2026-04-14 02:26:19.395 +06:00 [INF] Acquired. (0ms)
2026-04-14 02:26:19.396 +06:00 [INF] Beginning context dispose. (0ms)
2026-04-14 02:26:19.396 +06:00 [INF] GC.SuppressFinalize (0ms)
2026-04-14 02:26:19.396 +06:00 [INF] InternalDispose() completed. (0ms)
2026-04-14 02:26:19.396 +06:00 [INF] Clearing instance... (1ms)
2026-04-14 02:26:19.397 +06:00 [INF] Releasing context lock... (1ms)
2026-04-14 02:26:19.397 +06:00 [INF] Released. (1ms)
