2026-05-04 00:55:17.994 +06:00 [INF] Starting Intersect Client v0.8.0.0-custom+32d39132dace1351f63375b261f241297dd35be8-dirty
2026-05-04 00:55:20.570 +06:00 [INF] Discovered service type: Intersect.Plugins.PluginService
2026-05-04 00:55:20.576 +06:00 [WRN] Directory was specified as a plugin directory but does not exist: 'resources\plugins'
2026-05-04 00:55:20.577 +06:00 [INF] Discovered 0 plugins:

2026-05-04 00:55:38.870 +06:00 [INF] Connecting to 127.0.0.1:5400...
2026-05-04 00:55:38.889 +06:00 [INF] Connected [1cac1ecc-d838-4f23-bb80-275ba0d62839].
2026-05-04 00:55:38.905 +06:00 [INF] Connection approved [1cac1ecc-d838-4f23-bb80-275ba0d62839].
2026-05-04 00:55:39.006 +06:00 [INF] Updated PermissionSet 'default'
2026-05-04 00:55:43.005 +06:00 [INF] Updated PermissionSet 'admin'
2026-05-04 00:55:43.005 +06:00 [INF] Updating active permission set to 'admin'
2026-05-04 00:55:43.678 +06:00 [WRN] 'Me' is null.
2026-05-04 00:55:44.240 +06:00 [INF] Built VBO for map 27c6a7b2-4e9f-4316-9a0f-e13ec8e16ba2 'Forest' in 9.6407ms
2026-05-04 00:55:52.450 +06:00 [INF] Built VBO for map a31f210c-f5fb-48bf-9db2-45fab2293a4c 'Forest' in 11.554ms
2026-05-04 00:56:34.764 +06:00 [INF] Built VBO for map a31f210c-f5fb-48bf-9db2-45fab2293a4c 'Forest' in 4.2056ms
2026-05-04 00:56:59.311 +06:00 [INF] Built VBO for map a31f210c-f5fb-48bf-9db2-45fab2293a4c 'Forest' in 4.2233ms
2026-05-04 00:57:17.555 +06:00 [INF] Built VBO for map a31f210c-f5fb-48bf-9db2-45fab2293a4c 'Forest' in 3.2197ms
2026-05-04 00:59:46.339 +06:00 [INF] Built VBO for map 24cc8989-0a45-4ecb-bf58-41efcefcaeb8 'Copy of Forest' in 1.6731ms
2026-05-04 00:59:47.803 +06:00 [INF] Built VBO for map 76be5706-b095-4067-bb9a-6d1601929c5b 'Copy of Forest' in 3.2132ms
2026-05-04 01:01:02.722 +06:00 [INF] Built VBO for map a31f210c-f5fb-48bf-9db2-45fab2293a4c 'Forest' in 3.2086ms
2026-05-04 01:01:03.650 +06:00 [INF] Built VBO for map 27c6a7b2-4e9f-4316-9a0f-e13ec8e16ba2 'Forest' in 1.7436ms
2026-05-04 01:01:27.157 +06:00 [INF] System window closing (due to user interaction most likely).
2026-05-04 01:01:27.160 +06:00 [INF] Disconnected [1cac1ecc-d838-4f23-bb80-275ba0d62839].
2026-05-04 01:01:27.161 +06:00 [INF] Updating active permission set to 'default'
2026-05-04 01:01:27.195 +06:00 [INF] Acquiring context lock... (0ms)
2026-05-04 01:01:27.196 +06:00 [INF] Acquired. (0ms)
2026-05-04 01:01:27.196 +06:00 [INF] Beginning context dispose. (0ms)
2026-05-04 01:01:27.196 +06:00 [INF] GC.SuppressFinalize (0ms)
2026-05-04 01:01:27.196 +06:00 [INF] InternalDispose() completed. (0ms)
2026-05-04 01:01:27.196 +06:00 [INF] Clearing instance... (1ms)
2026-05-04 01:01:27.197 +06:00 [INF] Releasing context lock... (1ms)
2026-05-04 01:01:27.197 +06:00 [INF] Released. (1ms)
