2026-05-18 04:15:34.202 +02:00 [INF] Starting Intersect Client v0.8.0.0-custom+32d39132dace1351f63375b261f241297dd35be8-dirty
2026-05-18 04:15:34.483 +02:00 [INF] Discovered service type: Intersect.Plugins.PluginService
2026-05-18 04:15:34.486 +02:00 [WRN] Directory was specified as a plugin directory but does not exist: 'resources\plugins'
2026-05-18 04:15:34.487 +02:00 [INF] Discovered 0 plugins:

2026-05-18 04:15:36.476 +02:00 [INF] Connecting to 127.0.0.1:5400...
2026-05-18 04:15:36.496 +02:00 [INF] Connected [0e3a70cd-a165-4686-a3f5-91f6f843f59f].
2026-05-18 04:15:36.507 +02:00 [INF] Connection approved [0e3a70cd-a165-4686-a3f5-91f6f843f59f].
2026-05-18 04:15:36.618 +02:00 [INF] Updated PermissionSet 'default'
2026-05-18 04:15:42.369 +02:00 [INF] Updated PermissionSet 'admin'
2026-05-18 04:15:42.369 +02:00 [INF] Updating active permission set to 'admin'
2026-05-18 04:15:42.928 +02:00 [WRN] 'Me' is null.
2026-05-18 04:15:43.684 +02:00 [INF] Built VBO for map e341d25d-5ff4-4cd6-bcd5-2f2cda710c86 'Forest' in 12.0224ms
2026-05-18 04:16:07.219 +02:00 [INF] Built VBO for map e341d25d-5ff4-4cd6-bcd5-2f2cda710c86 'Forest' in 2.6397ms
2026-05-18 04:17:49.013 +02:00 [INF] System window closing (due to user interaction most likely).
2026-05-18 04:17:49.016 +02:00 [INF] Disconnected [0e3a70cd-a165-4686-a3f5-91f6f843f59f].
2026-05-18 04:17:49.016 +02:00 [INF] Updating active permission set to 'default'
2026-05-18 04:17:49.049 +02:00 [INF] Acquiring context lock... (0ms)
2026-05-18 04:17:49.050 +02:00 [INF] Acquired. (0ms)
2026-05-18 04:17:49.051 +02:00 [INF] Beginning context dispose. (0ms)
2026-05-18 04:17:49.051 +02:00 [INF] GC.SuppressFinalize (0ms)
2026-05-18 04:17:49.051 +02:00 [INF] InternalDispose() completed. (0ms)
2026-05-18 04:17:49.051 +02:00 [INF] Clearing instance... (2ms)
2026-05-18 04:17:49.051 +02:00 [INF] Releasing context lock... (2ms)
2026-05-18 04:17:49.051 +02:00 [INF] Released. (2ms)
