2026-07-12 02:36:05.510 +02:00 [INF] Starting Intersect Client v0.8.0.0-custom+32d39132dace1351f63375b261f241297dd35be8-dirty
2026-07-12 02:36:05.773 +02:00 [INF] Discovered service type: Intersect.Plugins.PluginService
2026-07-12 02:36:05.777 +02:00 [WRN] Directory was specified as a plugin directory but does not exist: 'resources\plugins'
2026-07-12 02:36:05.778 +02:00 [INF] Discovered 0 plugins:

2026-07-12 02:36:12.912 +02:00 [INF] Connecting to 127.0.0.1:5400...
2026-07-12 02:36:12.937 +02:00 [INF] Connected [ee128a32-7e1e-4002-bff5-42d97c160415].
2026-07-12 02:36:12.952 +02:00 [INF] Connection approved [ee128a32-7e1e-4002-bff5-42d97c160415].
2026-07-12 02:36:13.057 +02:00 [INF] Updated PermissionSet 'default'
2026-07-12 02:36:16.761 +02:00 [INF] Updated PermissionSet 'admin'
2026-07-12 02:36:16.762 +02:00 [INF] Updating active permission set to 'admin'
2026-07-12 02:36:19.371 +02:00 [WRN] 'Me' is null.
2026-07-12 02:36:19.895 +02:00 [WRN] Failed to deserialized cached data for ObjectCacheKey { Id = Id { Guid = 9802b09c-f592-4d93-8e11-d3424500716c }, Checksum = , Version =  }, will fetch again
2026-07-12 02:36:19.896 +02:00 [WRN] Failed to deserialized cached data for ObjectCacheKey { Id = Id { Guid = 15601ad4-9f26-4abe-a6c9-3a7eebaa3045 }, Checksum = , Version =  }, will fetch again
2026-07-12 02:36:19.897 +02:00 [WRN] Failed to deserialized cached data for ObjectCacheKey { Id = Id { Guid = d490222a-af25-4a7f-bec3-7ca8016e08d7 }, Checksum = , Version =  }, will fetch again
2026-07-12 02:36:19.898 +02:00 [WRN] Failed to deserialized cached data for ObjectCacheKey { Id = Id { Guid = a31f210c-f5fb-48bf-9db2-45fab2293a4c }, Checksum = , Version =  }, will fetch again
2026-07-12 02:36:19.899 +02:00 [WRN] Failed to deserialized cached data for ObjectCacheKey { Id = Id { Guid = e341d25d-5ff4-4cd6-bcd5-2f2cda710c86 }, Checksum = , Version =  }, will fetch again
2026-07-12 02:36:19.900 +02:00 [WRN] Failed to deserialized cached data for ObjectCacheKey { Id = Id { Guid = 27c6a7b2-4e9f-4316-9a0f-e13ec8e16ba2 }, Checksum = , Version =  }, will fetch again
2026-07-12 02:36:20.520 +02:00 [ERR] Exception thrown while trying to load 'resources/tilesets/water_shore_marker.png'
System.IO.FileNotFoundException: Could not find file 'F:\game code engine\Intersect_New\Intersect.Client\resources\tilesets\water_shore_marker.png'.
File name: 'F:\game code engine\Intersect_New\Intersect.Client\resources\tilesets\water_shore_marker.png'
   at Microsoft.Win32.SafeHandles.SafeFileHandle.CreateFile(String fullPath, FileMode mode, FileAccess access, FileShare share, FileOptions options)
   at Microsoft.Win32.SafeHandles.SafeFileHandle.Open(String fullPath, FileMode mode, FileAccess access, FileShare share, FileOptions options, Int64 preallocationSize, Nullable`1 unixCreateMode)
   at System.IO.Strategies.OSFileStreamStrategy..ctor(String path, FileMode mode, FileAccess access, FileShare share, FileOptions options, Int64 preallocationSize, Nullable`1 unixCreateMode)
   at System.IO.Strategies.FileStreamHelpers.ChooseStrategyCore(String path, FileMode mode, FileAccess access, FileShare share, FileOptions options, Int64 preallocationSize, Nullable`1 unixCreateMode)
   at System.IO.File.OpenRead(String path)
   at Intersect.Client.Framework.Graphics.GameRenderer.<>c__DisplayClass185_0.<LoadTexture>b__0() in F:\game code engine\Intersect_New\Intersect.Client.Framework\Graphics\GameRenderer.cs:line 1058
   at Intersect.Client.Framework.Graphics.GameTexture`2.LoadPlatformTexture(Boolean force) in F:\game code engine\Intersect_New\Intersect.Client.Framework\Graphics\GameTexture.cs:line 279
2026-07-12 02:36:20.536 +02:00 [INF] Built VBO for map 9802b09c-f592-4d93-8e11-d3424500716c 'Deep Forest' in 53.9672ms
2026-07-12 02:36:20.549 +02:00 [INF] Built VBO for map 15601ad4-9f26-4abe-a6c9-3a7eebaa3045 'Forest' in 12.604ms
2026-07-12 02:36:20.564 +02:00 [INF] Built VBO for map d490222a-af25-4a7f-bec3-7ca8016e08d7 'New Map' in 11.4371ms
2026-07-12 02:36:20.684 +02:00 [INF] Built VBO for map a31f210c-f5fb-48bf-9db2-45fab2293a4c 'Forest' in 118.8897ms
2026-07-12 02:36:20.744 +02:00 [INF] Built VBO for map 27c6a7b2-4e9f-4316-9a0f-e13ec8e16ba2 'Forest' in 59.1883ms
2026-07-12 02:36:20.765 +02:00 [INF] Built VBO for map e341d25d-5ff4-4cd6-bcd5-2f2cda710c86 'Greenfall Vale' in 20.1845ms
2026-07-12 02:36:33.129 +02:00 [WRN] 'Me' is null.
2026-07-12 02:36:33.129 +02:00 [WRN] 'Me' is null.
2026-07-12 02:36:33.129 +02:00 [WRN] 'Me' is null.
2026-07-12 02:36:33.129 +02:00 [WRN] 'Me' is null.
2026-07-12 02:36:33.129 +02:00 [WRN] 'Me' is null.
2026-07-12 02:36:33.129 +02:00 [WRN] 'Me' is null.
2026-07-12 02:36:33.129 +02:00 [WRN] 'Me' is null.
2026-07-12 02:36:33.129 +02:00 [WRN] 'Me' is null.
2026-07-12 02:36:33.129 +02:00 [WRN] 'Me' is null.
2026-07-12 02:36:51.544 +02:00 [WRN] 'Me' is null.
2026-07-12 02:36:52.377 +02:00 [INF] Built VBO for map 9802b09c-f592-4d93-8e11-d3424500716c 'Deep Forest' in 8.4405ms
2026-07-12 02:36:52.387 +02:00 [INF] Built VBO for map 15601ad4-9f26-4abe-a6c9-3a7eebaa3045 'Forest' in 9.8791ms
2026-07-12 02:36:52.399 +02:00 [INF] Built VBO for map d490222a-af25-4a7f-bec3-7ca8016e08d7 'New Map' in 7.9002ms
2026-07-12 02:36:52.453 +02:00 [INF] Built VBO for map a31f210c-f5fb-48bf-9db2-45fab2293a4c 'Forest' in 53.6187ms
2026-07-12 02:36:52.500 +02:00 [INF] Built VBO for map 27c6a7b2-4e9f-4316-9a0f-e13ec8e16ba2 'Forest' in 43.9397ms
2026-07-12 02:36:52.509 +02:00 [INF] Built VBO for map e341d25d-5ff4-4cd6-bcd5-2f2cda710c86 'Greenfall Vale' in 9.3327ms
2026-07-12 02:43:56.805 +02:00 [INF] System window closing (due to user interaction most likely).
2026-07-12 02:43:56.808 +02:00 [INF] Disconnected [ee128a32-7e1e-4002-bff5-42d97c160415].
2026-07-12 02:43:56.809 +02:00 [INF] Updating active permission set to 'default'
2026-07-12 02:43:56.862 +02:00 [INF] Acquiring context lock... (0ms)
2026-07-12 02:43:56.862 +02:00 [INF] Acquired. (0ms)
2026-07-12 02:43:56.863 +02:00 [INF] Beginning context dispose. (0ms)
2026-07-12 02:43:56.863 +02:00 [INF] GC.SuppressFinalize (0ms)
2026-07-12 02:43:56.863 +02:00 [INF] InternalDispose() completed. (0ms)
2026-07-12 02:43:56.863 +02:00 [INF] Clearing instance... (1ms)
2026-07-12 02:43:56.863 +02:00 [INF] Releasing context lock... (1ms)
2026-07-12 02:43:56.863 +02:00 [INF] Released. (1ms)
