2026-03-19 15:31:05.161 +01:00 [INF] Starting Intersect Client v0.8.0.0-custom+32d39132dace1351f63375b261f241297dd35be8-dirty
2026-03-19 15:31:05.405 +01:00 [INF] Discovered service type: Intersect.Plugins.PluginService
2026-03-19 15:31:05.413 +01:00 [WRN] Directory was specified as a plugin directory but does not exist: 'resources\plugins'
2026-03-19 15:31:05.413 +01:00 [INF] Discovered 0 plugins:

2026-03-19 15:31:08.153 +01:00 [INF] Connecting to 127.0.0.1:5400...
2026-03-19 15:31:08.173 +01:00 [INF] Connected [bd2d04a8-4dd9-48e4-acf7-6f7a6884d559].
2026-03-19 15:31:08.194 +01:00 [INF] Connection approved [bd2d04a8-4dd9-48e4-acf7-6f7a6884d559].
2026-03-19 15:31:08.280 +01:00 [INF] Updated PermissionSet 'default'
2026-03-19 15:31:09.502 +01:00 [INF] Updated PermissionSet 'admin'
2026-03-19 15:31:09.502 +01:00 [INF] Updating active permission set to 'admin'
2026-03-19 15:31:09.630 +01:00 [WRN] Unable to add '_buttonLogout' to the JSON of MainMenu.SelectCharacterWindow._innerPanel._buttonsPanel because a sibling shares the same name
2026-03-19 15:31:10.491 +01:00 [WRN] 'Me' is null.
2026-03-19 15:31:10.940 +01:00 [INF] Built VBO for map a9f5fb5f-a2e8-421b-9906-03dae4b6224a 'New Map' in 15.3732ms
2026-03-19 15:31:56.146 +01:00 [INF] System window closing (due to user interaction most likely).
2026-03-19 15:31:56.149 +01:00 [INF] Disconnected [bd2d04a8-4dd9-48e4-acf7-6f7a6884d559].
2026-03-19 15:31:56.149 +01:00 [INF] Updating active permission set to 'default'
2026-03-19 15:31:56.177 +01:00 [INF] Acquiring context lock... (0ms)
2026-03-19 15:31:56.177 +01:00 [INF] Acquired. (0ms)
2026-03-19 15:31:56.177 +01:00 [INF] Beginning context dispose. (0ms)
2026-03-19 15:31:56.178 +01:00 [INF] GC.SuppressFinalize (0ms)
2026-03-19 15:31:56.178 +01:00 [INF] InternalDispose() completed. (0ms)
2026-03-19 15:31:56.178 +01:00 [INF] Clearing instance... (1ms)
2026-03-19 15:31:56.178 +01:00 [INF] Releasing context lock... (1ms)
2026-03-19 15:31:56.178 +01:00 [INF] Released. (1ms)
