2026-06-04 14:18:53.133 +02:00 [INF] Starting Intersect Client v0.8.0.0-custom+32d39132dace1351f63375b261f241297dd35be8-dirty
2026-06-04 14:18:53.349 +02:00 [INF] Discovered service type: Intersect.Plugins.PluginService
2026-06-04 14:18:53.353 +02:00 [WRN] Directory was specified as a plugin directory but does not exist: 'resources\plugins'
2026-06-04 14:18:53.354 +02:00 [INF] Discovered 0 plugins:

2026-06-04 14:18:55.343 +02:00 [INF] Connecting to 127.0.0.1:5400...
2026-06-04 14:18:55.352 +02:00 [INF] Connected [0543a1c1-e0e8-4d57-8525-9480012158e5].
2026-06-04 14:18:55.368 +02:00 [INF] Connection approved [0543a1c1-e0e8-4d57-8525-9480012158e5].
2026-06-04 14:18:55.444 +02:00 [INF] Updated PermissionSet 'default'
2026-06-04 14:18:55.444 +02:00 [INF] Updated PermissionSet 'admin'
2026-06-04 14:19:03.912 +02:00 [INF] Updating active permission set to 'admin'
2026-06-04 14:19:04.521 +02:00 [WRN] 'Me' is null.
2026-06-04 14:19:05.578 +02:00 [ERR] Exception thrown while trying to load 'resources/tilesets/water_shore_marker.png'
System.IO.FileNotFoundException: Could not find file 'F:\game code engine\Intersect_New\Intersect.Client\resources\tilesets\water_shore_marker.png'.
File name: 'F:\game code engine\Intersect_New\Intersect.Client\resources\tilesets\water_shore_marker.png'
   at Microsoft.Win32.SafeHandles.SafeFileHandle.CreateFile(String fullPath, FileMode mode, FileAccess access, FileShare share, FileOptions options)
   at Microsoft.Win32.SafeHandles.SafeFileHandle.Open(String fullPath, FileMode mode, FileAccess access, FileShare share, FileOptions options, Int64 preallocationSize, Nullable`1 unixCreateMode)
   at System.IO.Strategies.OSFileStreamStrategy..ctor(String path, FileMode mode, FileAccess access, FileShare share, FileOptions options, Int64 preallocationSize, Nullable`1 unixCreateMode)
   at System.IO.Strategies.FileStreamHelpers.ChooseStrategyCore(String path, FileMode mode, FileAccess access, FileShare share, FileOptions options, Int64 preallocationSize, Nullable`1 unixCreateMode)
   at System.IO.File.OpenRead(String path)
   at Intersect.Client.Framework.Graphics.GameRenderer.<>c__DisplayClass176_0.<LoadTexture>b__0() in F:\game code engine\Intersect_New\Intersect.Client.Framework\Graphics\GameRenderer.cs:line 921
   at Intersect.Client.Framework.Graphics.GameTexture`2.LoadPlatformTexture(Boolean force) in F:\game code engine\Intersect_New\Intersect.Client.Framework\Graphics\GameTexture.cs:line 279
2026-06-04 14:19:05.581 +02:00 [INF] Built VBO for map e341d25d-5ff4-4cd6-bcd5-2f2cda710c86 'Forest' in 22.7495ms
2026-06-04 14:19:07.912 +02:00 [INF] Built VBO for map 15601ad4-9f26-4abe-a6c9-3a7eebaa3045 'Forest' in 8.9918ms
2026-06-04 14:19:07.988 +02:00 [INF] Built VBO for map 27c6a7b2-4e9f-4316-9a0f-e13ec8e16ba2 'Forest' in 52.6735ms
2026-06-04 14:19:08.720 +02:00 [INF] Built VBO for map 15601ad4-9f26-4abe-a6c9-3a7eebaa3045 'Forest' in 3.7053ms
2026-06-04 14:19:08.736 +02:00 [INF] Built VBO for map 27c6a7b2-4e9f-4316-9a0f-e13ec8e16ba2 'Forest' in 15.8165ms
2026-06-04 14:19:11.621 +02:00 [INF] Built VBO for map 9802b09c-f592-4d93-8e11-d3424500716c 'Forest' in 11.2448ms
2026-06-04 14:19:11.668 +02:00 [INF] Built VBO for map a31f210c-f5fb-48bf-9db2-45fab2293a4c 'Forest' in 46.3567ms
2026-06-04 14:21:57.297 +02:00 [INF] System window closing (due to user interaction most likely).
2026-06-04 14:21:57.300 +02:00 [INF] Disconnected [0543a1c1-e0e8-4d57-8525-9480012158e5].
2026-06-04 14:21:57.301 +02:00 [INF] Updating active permission set to 'default'
2026-06-04 14:21:57.339 +02:00 [INF] Acquiring context lock... (0ms)
2026-06-04 14:21:57.339 +02:00 [INF] Acquired. (0ms)
2026-06-04 14:21:57.340 +02:00 [INF] Beginning context dispose. (0ms)
2026-06-04 14:21:57.340 +02:00 [INF] GC.SuppressFinalize (0ms)
2026-06-04 14:21:57.340 +02:00 [INF] InternalDispose() completed. (0ms)
2026-06-04 14:21:57.340 +02:00 [INF] Clearing instance... (1ms)
2026-06-04 14:21:57.340 +02:00 [INF] Releasing context lock... (1ms)
2026-06-04 14:21:57.340 +02:00 [INF] Released. (1ms)
