2026-03-25 00:41:58.450 +01:00 [INF] Starting Intersect Client v0.8.0.0-custom+32d39132dace1351f63375b261f241297dd35be8-dirty
2026-03-25 00:41:58.751 +01:00 [INF] Discovered service type: Intersect.Plugins.PluginService
2026-03-25 00:41:58.759 +01:00 [WRN] Directory was specified as a plugin directory but does not exist: 'resources\plugins'
2026-03-25 00:41:58.760 +01:00 [INF] Discovered 0 plugins:

2026-03-25 00:42:02.643 +01:00 [INF] Connecting to 127.0.0.1:5400...
2026-03-25 00:42:02.664 +01:00 [INF] Connected [d18fd1ff-e2d7-49ce-b5e8-9ec5cfab9196].
2026-03-25 00:42:02.685 +01:00 [INF] Connection approved [d18fd1ff-e2d7-49ce-b5e8-9ec5cfab9196].
2026-03-25 00:42:02.774 +01:00 [INF] Updated PermissionSet 'default'
2026-03-25 00:42:03.951 +01:00 [INF] Updated PermissionSet 'admin'
2026-03-25 00:42:03.951 +01:00 [INF] Updating active permission set to 'admin'
2026-03-25 00:42:04.095 +01:00 [WRN] Unable to add '_buttonLogout' to the JSON of MainMenu.SelectCharacterWindow._innerPanel._buttonsPanel because a sibling shares the same name
2026-03-25 00:42:05.210 +01:00 [WRN] 'Me' is null.
2026-03-25 00:42:05.718 +01:00 [INF] Built VBO for map 73ba8458-f8de-4f78-a254-c91b18418ed0 'test 3' in 16.3242ms
2026-03-25 00:42:05.726 +01:00 [INF] Built VBO for map 850ddb26-5568-4376-b8e0-346c04cb81ef 'test 4' in 2.7136ms
2026-03-25 00:42:05.734 +01:00 [INF] Built VBO for map 27c6a7b2-4e9f-4316-9a0f-e13ec8e16ba2 'New Map' in 7.3543ms
2026-03-25 00:42:12.825 +01:00 [INF] Built VBO for map 23382d57-1bd1-403a-8f4f-50e5ad24e8a0 'test1' in 5.8311ms
2026-03-25 00:44:37.937 +01:00 [INF] System window closing (due to user interaction most likely).
2026-03-25 00:44:37.940 +01:00 [INF] Disconnected [d18fd1ff-e2d7-49ce-b5e8-9ec5cfab9196].
2026-03-25 00:44:37.941 +01:00 [INF] Updating active permission set to 'default'
2026-03-25 00:44:38.029 +01:00 [INF] Acquiring context lock... (0ms)
2026-03-25 00:44:38.029 +01:00 [INF] Acquired. (0ms)
2026-03-25 00:44:38.030 +01:00 [INF] Beginning context dispose. (0ms)
2026-03-25 00:44:38.030 +01:00 [INF] GC.SuppressFinalize (0ms)
2026-03-25 00:44:38.030 +01:00 [INF] InternalDispose() completed. (0ms)
2026-03-25 00:44:38.030 +01:00 [INF] Clearing instance... (1ms)
2026-03-25 00:44:38.030 +01:00 [INF] Releasing context lock... (1ms)
2026-03-25 00:44:38.030 +01:00 [INF] Released. (1ms)
