2026-06-07 20:26:47.381 +02:00 [INF] Starting Intersect Client v0.8.0.0-custom+32d39132dace1351f63375b261f241297dd35be8-dirty
2026-06-07 20:26:47.599 +02:00 [INF] Discovered service type: Intersect.Plugins.PluginService
2026-06-07 20:26:47.603 +02:00 [WRN] Directory was specified as a plugin directory but does not exist: 'resources\plugins'
2026-06-07 20:26:47.604 +02:00 [INF] Discovered 0 plugins:

2026-06-07 20:26:49.638 +02:00 [INF] Connecting to 127.0.0.1:5400...
2026-06-07 20:26:49.647 +02:00 [INF] Connected [238ead4c-58c8-4ae6-9718-c8383e759d4d].
2026-06-07 20:26:49.652 +02:00 [INF] Connection approved [238ead4c-58c8-4ae6-9718-c8383e759d4d].
2026-06-07 20:26:49.732 +02:00 [INF] Updated PermissionSet 'default'
2026-06-07 20:26:49.733 +02:00 [INF] Updated PermissionSet 'admin'
2026-06-07 20:26:54.029 +02:00 [INF] Updating active permission set to 'admin'
2026-06-07 20:26:54.553 +02:00 [WRN] 'Me' is null.
2026-06-07 20:26:55.206 +02:00 [INF] Built VBO for map 15601ad4-9f26-4abe-a6c9-3a7eebaa3045 'Forest' in 18.8296ms
2026-06-07 20:26:55.208 +02:00 [INF] Built VBO for map 27c6a7b2-4e9f-4316-9a0f-e13ec8e16ba2 'Forest' in 1.6199ms
2026-06-07 20:26:55.223 +02:00 [INF] Built VBO for map e341d25d-5ff4-4cd6-bcd5-2f2cda710c86 'Forest' in 11.0814ms
2026-06-07 20:26:55.235 +02:00 [INF] Built VBO for map 15601ad4-9f26-4abe-a6c9-3a7eebaa3045 'Forest' in 4.4448ms
2026-06-07 20:26:55.518 +02:00 [INF] Built VBO for map e341d25d-5ff4-4cd6-bcd5-2f2cda710c86 'Forest' in 4.1691ms
2026-06-07 20:27:31.483 +02:00 [INF] Built VBO for map 15601ad4-9f26-4abe-a6c9-3a7eebaa3045 'Forest' in 4.427ms
2026-06-07 20:27:31.492 +02:00 [INF] Built VBO for map e341d25d-5ff4-4cd6-bcd5-2f2cda710c86 'Forest' in 8.5941ms
2026-06-07 20:27:31.546 +02:00 [INF] Built VBO for map 27c6a7b2-4e9f-4316-9a0f-e13ec8e16ba2 'Forest' in 0.4139ms
2026-06-07 20:27:45.755 +02:00 [INF] Built VBO for map 15601ad4-9f26-4abe-a6c9-3a7eebaa3045 'Forest' in 3.765ms
2026-06-07 20:27:45.758 +02:00 [INF] Built VBO for map e341d25d-5ff4-4cd6-bcd5-2f2cda710c86 'Forest' in 2.9053ms
2026-06-07 20:27:45.812 +02:00 [INF] Built VBO for map 27c6a7b2-4e9f-4316-9a0f-e13ec8e16ba2 'Forest' in 0.5225ms
2026-06-07 20:27:48.380 +02:00 [ERR] Exception thrown while trying to load 'resources/tilesets/water_shore_marker.png'
System.IO.FileNotFoundException: Could not find file 'F:\game code engine\Intersect_New\Intersect.Client\resources\tilesets\water_shore_marker.png'.
File name: 'F:\game code engine\Intersect_New\Intersect.Client\resources\tilesets\water_shore_marker.png'
   at Microsoft.Win32.SafeHandles.SafeFileHandle.CreateFile(String fullPath, FileMode mode, FileAccess access, FileShare share, FileOptions options)
   at Microsoft.Win32.SafeHandles.SafeFileHandle.Open(String fullPath, FileMode mode, FileAccess access, FileShare share, FileOptions options, Int64 preallocationSize, Nullable`1 unixCreateMode)
   at System.IO.Strategies.OSFileStreamStrategy..ctor(String path, FileMode mode, FileAccess access, FileShare share, FileOptions options, Int64 preallocationSize, Nullable`1 unixCreateMode)
   at System.IO.File.OpenRead(String path)
   at Intersect.Client.Framework.Graphics.GameRenderer.<>c__DisplayClass176_0.<LoadTexture>b__0() in F:\game code engine\Intersect_New\Intersect.Client.Framework\Graphics\GameRenderer.cs:line 921
   at Intersect.Client.Framework.Graphics.GameTexture`2.LoadPlatformTexture(Boolean force) in F:\game code engine\Intersect_New\Intersect.Client.Framework\Graphics\GameTexture.cs:line 279
2026-06-07 20:27:48.380 +02:00 [INF] Built VBO for map 9802b09c-f592-4d93-8e11-d3424500716c 'Forest' in 2.6968ms
2026-06-07 20:27:48.432 +02:00 [INF] Built VBO for map a31f210c-f5fb-48bf-9db2-45fab2293a4c 'Forest' in 43.1496ms
2026-06-07 20:27:48.584 +02:00 [INF] Built VBO for map 9802b09c-f592-4d93-8e11-d3424500716c 'Forest' in 1.8227ms
2026-06-07 20:27:48.611 +02:00 [INF] Built VBO for map a31f210c-f5fb-48bf-9db2-45fab2293a4c 'Forest' in 25.7547ms
2026-06-07 20:27:48.658 +02:00 [INF] Built VBO for map 15601ad4-9f26-4abe-a6c9-3a7eebaa3045 'Forest' in 0.3579ms
2026-06-07 20:27:48.711 +02:00 [INF] Built VBO for map 27c6a7b2-4e9f-4316-9a0f-e13ec8e16ba2 'Forest' in 7.8495ms
2026-06-07 20:27:52.285 +02:00 [INF] Built VBO for map 9802b09c-f592-4d93-8e11-d3424500716c 'Forest' in 1.8441ms
2026-06-07 20:27:52.288 +02:00 [INF] Built VBO for map 15601ad4-9f26-4abe-a6c9-3a7eebaa3045 'Forest' in 2.1189ms
2026-06-07 20:27:52.326 +02:00 [INF] Built VBO for map 27c6a7b2-4e9f-4316-9a0f-e13ec8e16ba2 'Forest' in 5.3213ms
2026-06-07 20:27:52.362 +02:00 [INF] Built VBO for map e341d25d-5ff4-4cd6-bcd5-2f2cda710c86 'Forest' in 0.8202ms
2026-06-07 20:27:53.024 +02:00 [INF] Built VBO for map 9802b09c-f592-4d93-8e11-d3424500716c 'Forest' in 3.2364ms
2026-06-07 20:27:53.663 +02:00 [INF] Built VBO for map 15601ad4-9f26-4abe-a6c9-3a7eebaa3045 'Forest' in 0.7378ms
2026-06-07 20:27:53.682 +02:00 [INF] Built VBO for map 27c6a7b2-4e9f-4316-9a0f-e13ec8e16ba2 'Forest' in 18.8616ms
2026-06-07 20:27:53.704 +02:00 [INF] Built VBO for map e341d25d-5ff4-4cd6-bcd5-2f2cda710c86 'Forest' in 1.5126ms
2026-06-07 20:27:54.273 +02:00 [INF] Built VBO for map 9802b09c-f592-4d93-8e11-d3424500716c 'Forest' in 1.1197ms
2026-06-07 20:27:54.275 +02:00 [INF] Built VBO for map 15601ad4-9f26-4abe-a6c9-3a7eebaa3045 'Forest' in 1.4522ms
2026-06-07 20:27:54.290 +02:00 [INF] Built VBO for map a31f210c-f5fb-48bf-9db2-45fab2293a4c 'Forest' in 13.9622ms
2026-06-07 20:27:54.314 +02:00 [INF] Built VBO for map 27c6a7b2-4e9f-4316-9a0f-e13ec8e16ba2 'Forest' in 19.0546ms
2026-06-07 20:27:54.846 +02:00 [INF] Built VBO for map 15601ad4-9f26-4abe-a6c9-3a7eebaa3045 'Forest' in 0.9355ms
2026-06-07 20:27:54.854 +02:00 [INF] Built VBO for map 27c6a7b2-4e9f-4316-9a0f-e13ec8e16ba2 'Forest' in 7.1293ms
2026-06-07 20:27:58.506 +02:00 [INF] Built VBO for map e341d25d-5ff4-4cd6-bcd5-2f2cda710c86 'Forest' in 2.5443ms
2026-06-07 20:28:01.021 +02:00 [INF] Built VBO for map e341d25d-5ff4-4cd6-bcd5-2f2cda710c86 'Forest' in 3.3836ms
2026-06-07 20:28:13.103 +02:00 [INF] Built VBO for map 15601ad4-9f26-4abe-a6c9-3a7eebaa3045 'Forest' in 0.5006ms
2026-06-07 20:28:13.107 +02:00 [INF] Built VBO for map e341d25d-5ff4-4cd6-bcd5-2f2cda710c86 'Forest' in 2.9736ms
2026-06-07 20:28:13.171 +02:00 [INF] Built VBO for map 27c6a7b2-4e9f-4316-9a0f-e13ec8e16ba2 'Forest' in 7.5647ms
2026-06-07 20:30:24.194 +02:00 [INF] System window closing (due to user interaction most likely).
2026-06-07 20:30:24.197 +02:00 [INF] Disconnected [238ead4c-58c8-4ae6-9718-c8383e759d4d].
2026-06-07 20:30:24.198 +02:00 [INF] Updating active permission set to 'default'
2026-06-07 20:30:24.240 +02:00 [INF] Acquiring context lock... (0ms)
2026-06-07 20:30:24.240 +02:00 [INF] Acquired. (0ms)
2026-06-07 20:30:24.241 +02:00 [INF] Beginning context dispose. (0ms)
2026-06-07 20:30:24.241 +02:00 [INF] GC.SuppressFinalize (0ms)
2026-06-07 20:30:24.241 +02:00 [INF] InternalDispose() completed. (0ms)
2026-06-07 20:30:24.241 +02:00 [INF] Clearing instance... (1ms)
2026-06-07 20:30:24.241 +02:00 [INF] Releasing context lock... (1ms)
2026-06-07 20:30:24.241 +02:00 [INF] Released. (1ms)
