2026-05-05 23:16:46.879 +06:00 [INF] Starting Intersect Client v0.8.0.0-custom+32d39132dace1351f63375b261f241297dd35be8-dirty
2026-05-05 23:16:47.087 +06:00 [INF] Discovered service type: Intersect.Plugins.PluginService
2026-05-05 23:16:47.091 +06:00 [WRN] Directory was specified as a plugin directory but does not exist: 'resources\plugins'
2026-05-05 23:16:47.092 +06:00 [INF] Discovered 0 plugins:

2026-05-05 23:16:51.217 +06:00 [INF] Connecting to 127.0.0.1:5400...
2026-05-05 23:16:51.226 +06:00 [INF] Connected [5deec258-7597-46c6-94d0-e0177fec4687].
2026-05-05 23:16:51.233 +06:00 [INF] Connection approved [5deec258-7597-46c6-94d0-e0177fec4687].
2026-05-05 23:16:51.328 +06:00 [INF] Updated PermissionSet 'default'
2026-05-05 23:16:51.328 +06:00 [INF] Updated PermissionSet 'admin'
2026-05-05 23:16:55.474 +06:00 [INF] Updating active permission set to 'admin'
2026-05-05 23:16:56.468 +06:00 [WRN] 'Me' is null.
2026-05-05 23:16:57.120 +06:00 [INF] Built VBO for map a31f210c-f5fb-48bf-9db2-45fab2293a4c 'Forest' in 13.4048ms
2026-05-05 23:16:57.127 +06:00 [INF] Built VBO for map 27c6a7b2-4e9f-4316-9a0f-e13ec8e16ba2 'Forest' in 2.8073ms
2026-05-05 23:18:10.950 +06:00 [INF] Built VBO for map 27c6a7b2-4e9f-4316-9a0f-e13ec8e16ba2 'Forest' in 2.6736ms
2026-05-05 23:19:20.608 +06:00 [INF] Built VBO for map 27c6a7b2-4e9f-4316-9a0f-e13ec8e16ba2 'Forest' in 2.8855ms
2026-05-05 23:19:58.616 +06:00 [INF] Built VBO for map 27c6a7b2-4e9f-4316-9a0f-e13ec8e16ba2 'Forest' in 2.4771ms
2026-05-05 23:20:27.145 +06:00 [INF] Built VBO for map 27c6a7b2-4e9f-4316-9a0f-e13ec8e16ba2 'Forest' in 2.4997ms
2026-05-05 23:21:39.383 +06:00 [INF] Built VBO for map 27c6a7b2-4e9f-4316-9a0f-e13ec8e16ba2 'Forest' in 2.2844ms
2026-05-05 23:24:47.983 +06:00 [INF] Built VBO for map 27c6a7b2-4e9f-4316-9a0f-e13ec8e16ba2 'Forest' in 2.7967ms
2026-05-05 23:25:18.144 +06:00 [INF] Built VBO for map 27c6a7b2-4e9f-4316-9a0f-e13ec8e16ba2 'Forest' in 2.209ms
2026-05-05 23:32:04.219 +06:00 [INF] Built VBO for map 27c6a7b2-4e9f-4316-9a0f-e13ec8e16ba2 'Forest' in 2.0122ms
2026-05-05 23:32:47.150 +06:00 [INF] Built VBO for map 27c6a7b2-4e9f-4316-9a0f-e13ec8e16ba2 'Forest' in 1.9649ms
2026-05-05 23:33:37.851 +06:00 [INF] Built VBO for map 27c6a7b2-4e9f-4316-9a0f-e13ec8e16ba2 'Forest' in 2.012ms
2026-05-05 23:35:47.416 +06:00 [INF] Built VBO for map 27c6a7b2-4e9f-4316-9a0f-e13ec8e16ba2 'Forest' in 2.0613ms
2026-05-05 23:36:59.992 +06:00 [INF] Built VBO for map 27c6a7b2-4e9f-4316-9a0f-e13ec8e16ba2 'Forest' in 1.9773ms
2026-05-05 23:37:29.306 +06:00 [INF] Built VBO for map 27c6a7b2-4e9f-4316-9a0f-e13ec8e16ba2 'Forest' in 2.0865ms
2026-05-05 23:38:18.092 +06:00 [INF] Built VBO for map 27c6a7b2-4e9f-4316-9a0f-e13ec8e16ba2 'Forest' in 1.9299ms
2026-05-05 23:40:31.339 +06:00 [INF] Built VBO for map a31f210c-f5fb-48bf-9db2-45fab2293a4c 'Forest' in 3.4383ms
2026-05-05 23:45:00.878 +06:00 [INF] Built VBO for map 27c6a7b2-4e9f-4316-9a0f-e13ec8e16ba2 'Forest' in 2.2669ms
2026-05-05 23:45:19.504 +06:00 [INF] Built VBO for map 27c6a7b2-4e9f-4316-9a0f-e13ec8e16ba2 'Forest' in 2.0011ms
2026-05-05 23:47:57.398 +06:00 [INF] System window closing (due to user interaction most likely).
2026-05-05 23:47:57.403 +06:00 [INF] Disconnected [5deec258-7597-46c6-94d0-e0177fec4687].
2026-05-05 23:47:57.404 +06:00 [INF] Updating active permission set to 'default'
2026-05-05 23:47:57.495 +06:00 [INF] Acquiring context lock... (0ms)
2026-05-05 23:47:57.496 +06:00 [INF] Acquired. (0ms)
2026-05-05 23:47:57.496 +06:00 [INF] Beginning context dispose. (0ms)
2026-05-05 23:47:57.497 +06:00 [INF] GC.SuppressFinalize (0ms)
2026-05-05 23:47:57.497 +06:00 [INF] InternalDispose() completed. (0ms)
2026-05-05 23:47:57.497 +06:00 [INF] Clearing instance... (1ms)
2026-05-05 23:47:57.497 +06:00 [INF] Releasing context lock... (1ms)
2026-05-05 23:47:57.497 +06:00 [INF] Released. (1ms)
