2026-06-09 20:02:19.442 +02:00 [INF] Starting Intersect Client v0.8.0.0-custom+32d39132dace1351f63375b261f241297dd35be8-dirty
2026-06-09 20:02:19.678 +02:00 [INF] Discovered service type: Intersect.Plugins.PluginService
2026-06-09 20:02:19.683 +02:00 [WRN] Directory was specified as a plugin directory but does not exist: 'resources\plugins'
2026-06-09 20:02:19.684 +02:00 [INF] Discovered 0 plugins:

2026-06-09 20:02:27.127 +02:00 [INF] Connecting to 127.0.0.1:5400...
2026-06-09 20:02:27.136 +02:00 [INF] Connected [eb3280dd-0de3-4cad-9ab4-8dc466fc0a1f].
2026-06-09 20:02:27.143 +02:00 [INF] Connection approved [eb3280dd-0de3-4cad-9ab4-8dc466fc0a1f].
2026-06-09 20:02:27.219 +02:00 [INF] Updated PermissionSet 'default'
2026-06-09 20:02:27.219 +02:00 [INF] Updated PermissionSet 'admin'
2026-06-09 20:02:31.880 +02:00 [INF] Updating active permission set to 'admin'
2026-06-09 20:02:32.557 +02:00 [WRN] 'Me' is null.
2026-06-09 20:02:33.289 +02:00 [INF] Built VBO for map 9802b09c-f592-4d93-8e11-d3424500716c 'Forest' in 40.068ms
2026-06-09 20:02:33.294 +02:00 [INF] Built VBO for map 15601ad4-9f26-4abe-a6c9-3a7eebaa3045 'Forest' in 4.3161ms
2026-06-09 20:02:33.344 +02:00 [ERR] Exception thrown while trying to load 'resources/tilesets/water_shore_marker.png'
System.IO.FileNotFoundException: Could not find file 'F:\game code engine\Intersect_New\Intersect.Client\resources\tilesets\water_shore_marker.png'.
File name: 'F:\game code engine\Intersect_New\Intersect.Client\resources\tilesets\water_shore_marker.png'
   at Microsoft.Win32.SafeHandles.SafeFileHandle.CreateFile(String fullPath, FileMode mode, FileAccess access, FileShare share, FileOptions options)
   at Microsoft.Win32.SafeHandles.SafeFileHandle.Open(String fullPath, FileMode mode, FileAccess access, FileShare share, FileOptions options, Int64 preallocationSize, Nullable`1 unixCreateMode)
   at System.IO.Strategies.OSFileStreamStrategy..ctor(String path, FileMode mode, FileAccess access, FileShare share, FileOptions options, Int64 preallocationSize, Nullable`1 unixCreateMode)
   at System.IO.Strategies.FileStreamHelpers.ChooseStrategyCore(String path, FileMode mode, FileAccess access, FileShare share, FileOptions options, Int64 preallocationSize, Nullable`1 unixCreateMode)
   at System.IO.File.OpenRead(String path)
   at Intersect.Client.Framework.Graphics.GameRenderer.<>c__DisplayClass178_0.<LoadTexture>b__0() in F:\game code engine\Intersect_New\Intersect.Client.Framework\Graphics\GameRenderer.cs:line 958
   at Intersect.Client.Framework.Graphics.GameTexture`2.LoadPlatformTexture(Boolean force) in F:\game code engine\Intersect_New\Intersect.Client.Framework\Graphics\GameTexture.cs:line 279
2026-06-09 20:02:33.347 +02:00 [INF] Built VBO for map a31f210c-f5fb-48bf-9db2-45fab2293a4c 'Forest' in 48.4223ms
2026-06-09 20:02:33.397 +02:00 [INF] Built VBO for map 27c6a7b2-4e9f-4316-9a0f-e13ec8e16ba2 'Forest' in 49.4508ms
2026-06-09 20:02:33.400 +02:00 [INF] Built VBO for map e341d25d-5ff4-4cd6-bcd5-2f2cda710c86 'town' in 1.5328ms
2026-06-09 20:02:33.781 +02:00 [INF] Built VBO for map 27c6a7b2-4e9f-4316-9a0f-e13ec8e16ba2 'Forest' in 27.5999ms
2026-06-09 20:04:06.440 +02:00 [INF] Built VBO for map e341d25d-5ff4-4cd6-bcd5-2f2cda710c86 'town' in 1.9108ms
2026-06-09 20:04:15.808 +02:00 [INF] System window closing (due to user interaction most likely).
2026-06-09 20:04:15.811 +02:00 [INF] Disconnected [eb3280dd-0de3-4cad-9ab4-8dc466fc0a1f].
2026-06-09 20:04:15.811 +02:00 [INF] Updating active permission set to 'default'
2026-06-09 20:04:15.938 +02:00 [INF] Acquiring context lock... (0ms)
2026-06-09 20:04:15.938 +02:00 [INF] Acquired. (0ms)
2026-06-09 20:04:15.938 +02:00 [INF] Beginning context dispose. (0ms)
2026-06-09 20:04:15.939 +02:00 [INF] GC.SuppressFinalize (0ms)
2026-06-09 20:04:15.939 +02:00 [INF] InternalDispose() completed. (0ms)
2026-06-09 20:04:15.939 +02:00 [INF] Clearing instance... (1ms)
2026-06-09 20:04:15.939 +02:00 [INF] Releasing context lock... (1ms)
2026-06-09 20:04:15.939 +02:00 [INF] Released. (1ms)
