2026-04-14 21:34:03.147 +06:00 [INF] Starting Intersect Client v0.8.0.0-custom+32d39132dace1351f63375b261f241297dd35be8-dirty
2026-04-14 21:34:03.435 +06:00 [INF] Discovered service type: Intersect.Plugins.PluginService
2026-04-14 21:34:03.442 +06:00 [WRN] Directory was specified as a plugin directory but does not exist: 'resources\plugins'
2026-04-14 21:34:03.443 +06:00 [INF] Discovered 0 plugins:

2026-04-14 21:34:05.296 +06:00 [INF] Connecting to 127.0.0.1:5400...
2026-04-14 21:34:05.320 +06:00 [INF] Connected [73459c00-5bab-41db-9cec-223e5a98568a].
2026-04-14 21:34:05.341 +06:00 [INF] Connection approved [73459c00-5bab-41db-9cec-223e5a98568a].
2026-04-14 21:34:05.431 +06:00 [INF] Updated PermissionSet 'default'
2026-04-14 21:34:09.136 +06:00 [INF] Updated PermissionSet 'admin'
2026-04-14 21:34:09.137 +06:00 [INF] Updating active permission set to 'admin'
2026-04-14 21:34:09.280 +06:00 [WRN] Unable to add '_buttonLogout' to the JSON of MainMenu.SelectCharacterWindow._innerPanel._buttonsPanel because a sibling shares the same name
2026-04-14 21:34:12.943 +06:00 [WRN] 'Me' is null.
2026-04-14 21:34:13.548 +06:00 [INF] Built VBO for map 73ba8458-f8de-4f78-a254-c91b18418ed0 'test 3' in 54.4731ms
2026-04-14 21:34:13.557 +06:00 [INF] Built VBO for map 27c6a7b2-4e9f-4316-9a0f-e13ec8e16ba2 'New Map' in 4.595ms
2026-04-14 21:34:43.825 +06:00 [INF] Built VBO for map 23630ac6-4461-460d-8a3b-9a0d4477096f 'test 8' in 7.182ms
2026-04-14 21:34:55.859 +06:00 [INF] System window closing (due to user interaction most likely).
2026-04-14 21:34:55.862 +06:00 [INF] Disconnected [73459c00-5bab-41db-9cec-223e5a98568a].
2026-04-14 21:34:55.863 +06:00 [INF] Updating active permission set to 'default'
2026-04-14 21:34:55.895 +06:00 [INF] Acquiring context lock... (0ms)
2026-04-14 21:34:55.895 +06:00 [INF] Acquired. (0ms)
2026-04-14 21:34:55.895 +06:00 [INF] Beginning context dispose. (0ms)
2026-04-14 21:34:55.896 +06:00 [INF] GC.SuppressFinalize (0ms)
2026-04-14 21:34:55.896 +06:00 [INF] InternalDispose() completed. (0ms)
2026-04-14 21:34:55.896 +06:00 [INF] Clearing instance... (1ms)
2026-04-14 21:34:55.896 +06:00 [INF] Releasing context lock... (1ms)
2026-04-14 21:34:55.896 +06:00 [INF] Released. (1ms)
