2026-03-25 19:04:32.511 +01:00 [INF] Starting Intersect Client v0.8.0.0-custom+32d39132dace1351f63375b261f241297dd35be8-dirty
2026-03-25 19:04:32.702 +01:00 [INF] Discovered service type: Intersect.Plugins.PluginService
2026-03-25 19:04:32.706 +01:00 [WRN] Directory was specified as a plugin directory but does not exist: 'resources\plugins'
2026-03-25 19:04:32.706 +01:00 [INF] Discovered 0 plugins:

2026-03-25 19:04:35.175 +01:00 [INF] Connecting to 127.0.0.1:5400...
2026-03-25 19:04:35.196 +01:00 [INF] Connected [9b93989f-def2-4c0f-b791-c40c6ab35901].
2026-03-25 19:04:35.219 +01:00 [INF] Connection approved [9b93989f-def2-4c0f-b791-c40c6ab35901].
2026-03-25 19:04:35.311 +01:00 [INF] Updated PermissionSet 'default'
2026-03-25 19:04:36.307 +01:00 [INF] Updated PermissionSet 'admin'
2026-03-25 19:04:36.307 +01:00 [INF] Updating active permission set to 'admin'
2026-03-25 19:04:36.471 +01:00 [WRN] Unable to add '_buttonLogout' to the JSON of MainMenu.SelectCharacterWindow._innerPanel._buttonsPanel because a sibling shares the same name
2026-03-25 19:04:37.499 +01:00 [WRN] 'Me' is null.
2026-03-25 19:04:38.002 +01:00 [INF] Built VBO for map 850ddb26-5568-4376-b8e0-346c04cb81ef 'forest' in 14.578ms
2026-03-25 19:08:48.151 +01:00 [INF] Built VBO for map 73ba8458-f8de-4f78-a254-c91b18418ed0 'forest' in 6.661ms
2026-03-25 19:08:48.434 +01:00 [INF] Built VBO for map 27c6a7b2-4e9f-4316-9a0f-e13ec8e16ba2 'New Map' in 5.9704ms
2026-03-25 19:16:20.758 +01:00 [INF] System window closing (due to user interaction most likely).
2026-03-25 19:16:20.761 +01:00 [INF] Disconnected [9b93989f-def2-4c0f-b791-c40c6ab35901].
2026-03-25 19:16:20.762 +01:00 [INF] Updating active permission set to 'default'
2026-03-25 19:16:20.794 +01:00 [INF] Acquiring context lock... (0ms)
2026-03-25 19:16:20.794 +01:00 [INF] Acquired. (0ms)
2026-03-25 19:16:20.795 +01:00 [INF] Beginning context dispose. (0ms)
2026-03-25 19:16:20.795 +01:00 [INF] GC.SuppressFinalize (0ms)
2026-03-25 19:16:20.795 +01:00 [INF] InternalDispose() completed. (0ms)
2026-03-25 19:16:20.795 +01:00 [INF] Clearing instance... (1ms)
2026-03-25 19:16:20.795 +01:00 [INF] Releasing context lock... (1ms)
2026-03-25 19:16:20.795 +01:00 [INF] Released. (1ms)
