2026-07-07 22:50:30.115 +02:00 [INF] Starting Intersect Client v0.8.0.0-custom+32d39132dace1351f63375b261f241297dd35be8-dirty
2026-07-07 22:50:30.352 +02:00 [INF] Discovered service type: Intersect.Plugins.PluginService
2026-07-07 22:50:30.355 +02:00 [WRN] Directory was specified as a plugin directory but does not exist: 'resources\plugins'
2026-07-07 22:50:30.356 +02:00 [INF] Discovered 0 plugins:

2026-07-07 22:50:32.556 +02:00 [INF] Connecting to 127.0.0.1:5400...
2026-07-07 22:50:32.577 +02:00 [INF] Connected [e48e7836-18f0-4259-b66d-7e5d61fbe11b].
2026-07-07 22:50:32.601 +02:00 [INF] Connection approved [e48e7836-18f0-4259-b66d-7e5d61fbe11b].
2026-07-07 22:50:32.694 +02:00 [INF] Updated PermissionSet 'default'
2026-07-07 22:50:36.190 +02:00 [INF] Updated PermissionSet 'admin'
2026-07-07 22:50:36.191 +02:00 [INF] Updating active permission set to 'admin'
2026-07-07 22:53:47.115 +02:00 [INF] Disconnected [e48e7836-18f0-4259-b66d-7e5d61fbe11b].
2026-07-07 22:53:47.115 +02:00 [INF] Updating active permission set to 'default'
2026-07-07 22:53:47.961 +02:00 [INF] User clicked exit button.
2026-07-07 22:53:47.981 +02:00 [INF] System window closing (due to user interaction most likely).
2026-07-07 22:53:48.020 +02:00 [INF] Acquiring context lock... (0ms)
2026-07-07 22:53:48.020 +02:00 [INF] Acquired. (0ms)
2026-07-07 22:53:48.021 +02:00 [INF] Beginning context dispose. (0ms)
2026-07-07 22:53:48.021 +02:00 [INF] GC.SuppressFinalize (0ms)
2026-07-07 22:53:48.021 +02:00 [INF] InternalDispose() completed. (0ms)
2026-07-07 22:53:48.021 +02:00 [INF] Clearing instance... (1ms)
2026-07-07 22:53:48.021 +02:00 [INF] Releasing context lock... (1ms)
2026-07-07 22:53:48.021 +02:00 [INF] Released. (1ms)
