2026-04-26 19:19:43.594 +06:00 [INF] Starting Intersect Client v0.8.0.0-custom+32d39132dace1351f63375b261f241297dd35be8-dirty
2026-04-26 19:19:43.791 +06:00 [INF] Discovered service type: Intersect.Plugins.PluginService
2026-04-26 19:19:43.794 +06:00 [WRN] Directory was specified as a plugin directory but does not exist: 'resources\plugins'
2026-04-26 19:19:43.795 +06:00 [INF] Discovered 0 plugins:

2026-04-26 19:19:45.941 +06:00 [INF] Connecting to 127.0.0.1:5400...
2026-04-26 19:19:45.965 +06:00 [INF] Connected [e270542c-f569-494b-b0f9-b1f5b7611d4e].
2026-04-26 19:19:45.983 +06:00 [INF] Connection approved [e270542c-f569-494b-b0f9-b1f5b7611d4e].
2026-04-26 19:19:46.072 +06:00 [INF] Updated PermissionSet 'default'
2026-04-26 19:19:50.380 +06:00 [INF] Updated PermissionSet 'admin'
2026-04-26 19:19:50.380 +06:00 [INF] Updating active permission set to 'admin'
2026-04-26 19:19:50.515 +06:00 [WRN] Unable to add '_buttonLogout' to the JSON of MainMenu.SelectCharacterWindow._innerPanel._buttonsPanel because a sibling shares the same name
2026-04-26 19:19:51.052 +06:00 [WRN] 'Me' is null.
2026-04-26 19:19:51.643 +06:00 [INF] Built VBO for map 27c6a7b2-4e9f-4316-9a0f-e13ec8e16ba2 'Forest' in 9.6959ms
2026-04-26 19:19:51.659 +06:00 [INF] Built VBO for map c15f8299-8999-471f-9760-388ff4cdec7c 'Forest' in 11.2452ms
2026-04-26 19:29:13.587 +06:00 [INF] System window closing (due to user interaction most likely).
2026-04-26 19:29:13.590 +06:00 [INF] Disconnected [e270542c-f569-494b-b0f9-b1f5b7611d4e].
2026-04-26 19:29:13.590 +06:00 [INF] Updating active permission set to 'default'
2026-04-26 19:29:13.625 +06:00 [INF] Acquiring context lock... (0ms)
2026-04-26 19:29:13.626 +06:00 [INF] Acquired. (0ms)
2026-04-26 19:29:13.626 +06:00 [INF] Beginning context dispose. (0ms)
2026-04-26 19:29:13.627 +06:00 [INF] GC.SuppressFinalize (0ms)
2026-04-26 19:29:13.627 +06:00 [INF] InternalDispose() completed. (0ms)
2026-04-26 19:29:13.627 +06:00 [INF] Clearing instance... (1ms)
2026-04-26 19:29:13.627 +06:00 [INF] Releasing context lock... (1ms)
2026-04-26 19:29:13.627 +06:00 [INF] Released. (1ms)
