2026-03-19 18:57:02.556 +01:00 [INF] Starting Intersect Client v0.8.0.0-custom+32d39132dace1351f63375b261f241297dd35be8-dirty
2026-03-19 18:57:02.867 +01:00 [INF] Discovered service type: Intersect.Plugins.PluginService
2026-03-19 18:57:02.876 +01:00 [WRN] Directory was specified as a plugin directory but does not exist: 'resources\plugins'
2026-03-19 18:57:02.877 +01:00 [INF] Discovered 0 plugins:

2026-03-19 18:57:08.290 +01:00 [INF] Connecting to 127.0.0.1:5400...
2026-03-19 18:57:08.312 +01:00 [INF] Connected [2ee75f91-5a28-45e1-923c-01e036217440].
2026-03-19 18:57:08.331 +01:00 [INF] Connection approved [2ee75f91-5a28-45e1-923c-01e036217440].
2026-03-19 18:57:08.412 +01:00 [INF] Updated PermissionSet 'default'
2026-03-19 18:57:10.157 +01:00 [INF] Updated PermissionSet 'admin'
2026-03-19 18:57:10.157 +01:00 [INF] Updating active permission set to 'admin'
2026-03-19 18:57:10.297 +01:00 [WRN] Unable to add '_buttonLogout' to the JSON of MainMenu.SelectCharacterWindow._innerPanel._buttonsPanel because a sibling shares the same name
2026-03-19 18:57:12.146 +01:00 [WRN] 'Me' is null.
2026-03-19 18:57:12.599 +01:00 [INF] Built VBO for map a9f5fb5f-a2e8-421b-9906-03dae4b6224a 'New Map' in 15.9352ms
2026-03-19 18:59:07.223 +01:00 [INF] System window closing (due to user interaction most likely).
2026-03-19 18:59:07.226 +01:00 [INF] Disconnected [2ee75f91-5a28-45e1-923c-01e036217440].
2026-03-19 18:59:07.226 +01:00 [INF] Updating active permission set to 'default'
2026-03-19 18:59:07.319 +01:00 [INF] Acquiring context lock... (0ms)
2026-03-19 18:59:07.319 +01:00 [INF] Acquired. (0ms)
2026-03-19 18:59:07.320 +01:00 [INF] Beginning context dispose. (0ms)
2026-03-19 18:59:07.320 +01:00 [INF] GC.SuppressFinalize (0ms)
2026-03-19 18:59:07.320 +01:00 [INF] InternalDispose() completed. (0ms)
2026-03-19 18:59:07.320 +01:00 [INF] Clearing instance... (1ms)
2026-03-19 18:59:07.320 +01:00 [INF] Releasing context lock... (1ms)
2026-03-19 18:59:07.320 +01:00 [INF] Released. (1ms)
