2026-04-15 03:13:52.294 +06:00 [INF] Starting Intersect Client v0.8.0.0-custom+32d39132dace1351f63375b261f241297dd35be8-dirty
2026-04-15 03:13:52.663 +06:00 [INF] Discovered service type: Intersect.Plugins.PluginService
2026-04-15 03:13:52.670 +06:00 [WRN] Directory was specified as a plugin directory but does not exist: 'resources\plugins'
2026-04-15 03:13:52.671 +06:00 [INF] Discovered 0 plugins:

2026-04-15 03:13:55.680 +06:00 [INF] Connecting to 127.0.0.1:5400...
2026-04-15 03:13:55.700 +06:00 [INF] Connected [5fea3c5e-d5af-473c-afd6-746c2ffc8224].
2026-04-15 03:13:55.709 +06:00 [INF] Connection approved [5fea3c5e-d5af-473c-afd6-746c2ffc8224].
2026-04-15 03:13:55.822 +06:00 [INF] Updated PermissionSet 'default'
2026-04-15 03:13:59.874 +06:00 [INF] Updated PermissionSet 'admin'
2026-04-15 03:13:59.874 +06:00 [INF] Updating active permission set to 'admin'
2026-04-15 03:14:00.016 +06:00 [WRN] Unable to add '_buttonLogout' to the JSON of MainMenu.SelectCharacterWindow._innerPanel._buttonsPanel because a sibling shares the same name
2026-04-15 03:14:11.148 +06:00 [WRN] 'Me' is null.
2026-04-15 03:14:11.713 +06:00 [INF] Built VBO for map 23630ac6-4461-460d-8a3b-9a0d4477096f 'test 8' in 16.8843ms
2026-04-15 03:14:11.758 +06:00 [INF] Built VBO for map 73ba8458-f8de-4f78-a254-c91b18418ed0 'test 3' in 40.4525ms
2026-04-15 03:14:11.763 +06:00 [INF] Built VBO for map 27c6a7b2-4e9f-4316-9a0f-e13ec8e16ba2 'New Map' in 4.1454ms
2026-04-15 03:14:41.526 +06:00 [INF] System window closing (due to user interaction most likely).
2026-04-15 03:14:41.529 +06:00 [INF] Disconnected [5fea3c5e-d5af-473c-afd6-746c2ffc8224].
2026-04-15 03:14:41.529 +06:00 [INF] Updating active permission set to 'default'
2026-04-15 03:14:41.682 +06:00 [INF] Acquiring context lock... (0ms)
2026-04-15 03:14:41.682 +06:00 [INF] Acquired. (0ms)
2026-04-15 03:14:41.683 +06:00 [INF] Beginning context dispose. (0ms)
2026-04-15 03:14:41.683 +06:00 [INF] GC.SuppressFinalize (0ms)
2026-04-15 03:14:41.683 +06:00 [INF] InternalDispose() completed. (0ms)
2026-04-15 03:14:41.683 +06:00 [INF] Clearing instance... (1ms)
2026-04-15 03:14:41.683 +06:00 [INF] Releasing context lock... (1ms)
2026-04-15 03:14:41.683 +06:00 [INF] Released. (1ms)
