2026-05-13 00:59:51.878 +02:00 [INF] Starting Intersect Client v0.8.0.0-custom+32d39132dace1351f63375b261f241297dd35be8-dirty
2026-05-13 00:59:52.085 +02:00 [INF] Discovered service type: Intersect.Plugins.PluginService
2026-05-13 00:59:52.089 +02:00 [WRN] Directory was specified as a plugin directory but does not exist: 'resources\plugins'
2026-05-13 00:59:52.090 +02:00 [INF] Discovered 0 plugins:

2026-05-13 00:59:54.541 +02:00 [INF] Connecting to 127.0.0.1:5400...
2026-05-13 00:59:54.566 +02:00 [INF] Connected [ce29506b-64ce-4c1b-8bbf-fdba1ef1035a].
2026-05-13 00:59:54.616 +02:00 [INF] Connection approved [ce29506b-64ce-4c1b-8bbf-fdba1ef1035a].
2026-05-13 00:59:54.727 +02:00 [INF] Updated PermissionSet 'default'
2026-05-13 00:59:58.375 +02:00 [INF] Updated PermissionSet 'admin'
2026-05-13 00:59:58.375 +02:00 [INF] Updating active permission set to 'admin'
2026-05-13 00:59:58.866 +02:00 [WRN] 'Me' is null.
2026-05-13 00:59:59.647 +02:00 [INF] Built VBO for map 27c6a7b2-4e9f-4316-9a0f-e13ec8e16ba2 'Forest' in 20.727ms
2026-05-13 01:01:36.898 +02:00 [INF] System window closing (due to user interaction most likely).
2026-05-13 01:01:36.901 +02:00 [INF] Disconnected [ce29506b-64ce-4c1b-8bbf-fdba1ef1035a].
2026-05-13 01:01:36.901 +02:00 [INF] Updating active permission set to 'default'
2026-05-13 01:01:36.932 +02:00 [INF] Acquiring context lock... (0ms)
2026-05-13 01:01:36.932 +02:00 [INF] Acquired. (0ms)
2026-05-13 01:01:36.933 +02:00 [INF] Beginning context dispose. (0ms)
2026-05-13 01:01:36.934 +02:00 [INF] GC.SuppressFinalize (0ms)
2026-05-13 01:01:36.934 +02:00 [INF] InternalDispose() completed. (0ms)
2026-05-13 01:01:36.934 +02:00 [INF] Clearing instance... (1ms)
2026-05-13 01:01:36.934 +02:00 [INF] Releasing context lock... (1ms)
2026-05-13 01:01:36.934 +02:00 [INF] Released. (1ms)
