2026-07-12 22:02:18.122 +02:00 [INF] Starting Intersect Client v0.8.0.0-custom+32d39132dace1351f63375b261f241297dd35be8-dirty
2026-07-12 22:02:18.348 +02:00 [INF] Discovered service type: Intersect.Plugins.PluginService
2026-07-12 22:02:18.351 +02:00 [WRN] Directory was specified as a plugin directory but does not exist: 'resources\plugins'
2026-07-12 22:02:18.352 +02:00 [INF] Discovered 0 plugins:

2026-07-12 22:02:20.509 +02:00 [INF] Connecting to 127.0.0.1:5400...
2026-07-12 22:02:20.530 +02:00 [INF] Connected [7a7e280b-8c59-47a7-aff4-62e1e9870188].
2026-07-12 22:02:20.551 +02:00 [INF] Connection approved [7a7e280b-8c59-47a7-aff4-62e1e9870188].
2026-07-12 22:02:20.657 +02:00 [INF] Updated PermissionSet 'default'
2026-07-12 22:02:25.344 +02:00 [INF] Updated PermissionSet 'admin'
2026-07-12 22:02:25.344 +02:00 [INF] Updating active permission set to 'admin'
2026-07-12 22:02:28.688 +02:00 [WRN] 'Me' is null.
2026-07-12 22:02:29.800 +02:00 [ERR] Exception thrown while trying to load 'resources/tilesets/water_shore_marker.png'
System.IO.FileNotFoundException: Could not find file 'F:\game code engine\Intersect_New\Intersect.Client\resources\tilesets\water_shore_marker.png'.
File name: 'F:\game code engine\Intersect_New\Intersect.Client\resources\tilesets\water_shore_marker.png'
   at Microsoft.Win32.SafeHandles.SafeFileHandle.CreateFile(String fullPath, FileMode mode, FileAccess access, FileShare share, FileOptions options)
   at Microsoft.Win32.SafeHandles.SafeFileHandle.Open(String fullPath, FileMode mode, FileAccess access, FileShare share, FileOptions options, Int64 preallocationSize, Nullable`1 unixCreateMode)
   at System.IO.Strategies.OSFileStreamStrategy..ctor(String path, FileMode mode, FileAccess access, FileShare share, FileOptions options, Int64 preallocationSize, Nullable`1 unixCreateMode)
   at System.IO.Strategies.FileStreamHelpers.ChooseStrategyCore(String path, FileMode mode, FileAccess access, FileShare share, FileOptions options, Int64 preallocationSize, Nullable`1 unixCreateMode)
   at System.IO.File.OpenRead(String path)
   at Intersect.Client.Framework.Graphics.GameRenderer.<>c__DisplayClass185_0.<LoadTexture>b__0() in f:\game code engine\Intersect_New\Intersect.Client.Framework\Graphics\GameRenderer.cs:line 1060
   at Intersect.Client.Framework.Graphics.GameTexture`2.LoadPlatformTexture(Boolean force) in f:\game code engine\Intersect_New\Intersect.Client.Framework\Graphics\GameTexture.cs:line 279
2026-07-12 22:02:29.815 +02:00 [INF] Built VBO for map 9802b09c-f592-4d93-8e11-d3424500716c 'Deep Forest' in 50.2973ms
2026-07-12 22:02:29.827 +02:00 [INF] Built VBO for map 15601ad4-9f26-4abe-a6c9-3a7eebaa3045 'Forest' in 11.2788ms
2026-07-12 22:02:29.839 +02:00 [INF] Built VBO for map d490222a-af25-4a7f-bec3-7ca8016e08d7 'New Map' in 9.023ms
2026-07-12 22:02:29.958 +02:00 [INF] Built VBO for map a31f210c-f5fb-48bf-9db2-45fab2293a4c 'Forest' in 118.3748ms
2026-07-12 22:02:30.017 +02:00 [INF] Built VBO for map 27c6a7b2-4e9f-4316-9a0f-e13ec8e16ba2 'Forest' in 56.3478ms
2026-07-12 22:02:30.037 +02:00 [INF] Built VBO for map e341d25d-5ff4-4cd6-bcd5-2f2cda710c86 'Greenfall Vale' in 18.6901ms
2026-07-12 22:05:05.046 +02:00 [INF] System window closing (due to user interaction most likely).
2026-07-12 22:05:05.049 +02:00 [INF] Disconnected [7a7e280b-8c59-47a7-aff4-62e1e9870188].
2026-07-12 22:05:05.050 +02:00 [INF] Updating active permission set to 'default'
2026-07-12 22:05:05.092 +02:00 [INF] Acquiring context lock... (0ms)
2026-07-12 22:05:05.092 +02:00 [INF] Acquired. (0ms)
2026-07-12 22:05:05.093 +02:00 [INF] Beginning context dispose. (0ms)
2026-07-12 22:05:05.093 +02:00 [INF] GC.SuppressFinalize (0ms)
2026-07-12 22:05:05.093 +02:00 [INF] InternalDispose() completed. (0ms)
2026-07-12 22:05:05.093 +02:00 [INF] Clearing instance... (1ms)
2026-07-12 22:05:05.093 +02:00 [INF] Releasing context lock... (1ms)
2026-07-12 22:05:05.093 +02:00 [INF] Released. (1ms)
