2026-05-17 17:58:45.178 +02:00 [INF] Starting Intersect Client v0.8.0.0-custom+32d39132dace1351f63375b261f241297dd35be8-dirty
2026-05-17 17:58:45.407 +02:00 [INF] Discovered service type: Intersect.Plugins.PluginService
2026-05-17 17:58:45.410 +02:00 [WRN] Directory was specified as a plugin directory but does not exist: 'resources\plugins'
2026-05-17 17:58:45.411 +02:00 [INF] Discovered 0 plugins:

2026-05-17 17:58:48.678 +02:00 [INF] Connecting to 127.0.0.1:5400...
2026-05-17 17:58:48.686 +02:00 [INF] Connected [3f6d354a-1a71-4d97-aec4-433c1f3fb324].
2026-05-17 17:58:48.702 +02:00 [INF] Connection approved [3f6d354a-1a71-4d97-aec4-433c1f3fb324].
2026-05-17 17:58:48.789 +02:00 [INF] Updated PermissionSet 'default'
2026-05-17 17:58:48.789 +02:00 [INF] Updated PermissionSet 'admin'
2026-05-17 17:58:54.752 +02:00 [INF] Updating active permission set to 'admin'
2026-05-17 17:58:55.461 +02:00 [WRN] 'Me' is null.
2026-05-17 17:58:56.225 +02:00 [INF] Built VBO for map 27c6a7b2-4e9f-4316-9a0f-e13ec8e16ba2 'Forest' in 25.3705ms
2026-05-17 17:58:56.279 +02:00 [INF] Built VBO for map e341d25d-5ff4-4cd6-bcd5-2f2cda710c86 'Forest' in 5.5954ms
2026-05-17 17:59:44.864 +02:00 [INF] Built VBO for map e341d25d-5ff4-4cd6-bcd5-2f2cda710c86 'Forest' in 3.0802ms
2026-05-17 18:00:12.675 +02:00 [INF] Built VBO for map e341d25d-5ff4-4cd6-bcd5-2f2cda710c86 'Forest' in 2.4712ms
2026-05-17 18:02:39.904 +02:00 [INF] Built VBO for map e341d25d-5ff4-4cd6-bcd5-2f2cda710c86 'Forest' in 3.6224ms
2026-05-17 18:05:27.114 +02:00 [INF] System window closing (due to user interaction most likely).
2026-05-17 18:05:27.117 +02:00 [INF] Disconnected [3f6d354a-1a71-4d97-aec4-433c1f3fb324].
2026-05-17 18:05:27.118 +02:00 [INF] Updating active permission set to 'default'
2026-05-17 18:05:27.155 +02:00 [INF] Acquiring context lock... (0ms)
2026-05-17 18:05:27.155 +02:00 [INF] Acquired. (0ms)
2026-05-17 18:05:27.156 +02:00 [INF] Beginning context dispose. (0ms)
2026-05-17 18:05:27.156 +02:00 [INF] GC.SuppressFinalize (0ms)
2026-05-17 18:05:27.156 +02:00 [INF] InternalDispose() completed. (0ms)
2026-05-17 18:05:27.156 +02:00 [INF] Clearing instance... (1ms)
2026-05-17 18:05:27.156 +02:00 [INF] Releasing context lock... (1ms)
2026-05-17 18:05:27.156 +02:00 [INF] Released. (1ms)
