2026-04-24 22:10:39.192 +06:00 [INF] Starting Intersect Client v0.8.0.0-custom+32d39132dace1351f63375b261f241297dd35be8-dirty
2026-04-24 22:10:39.391 +06:00 [INF] Discovered service type: Intersect.Plugins.PluginService
2026-04-24 22:10:39.394 +06:00 [WRN] Directory was specified as a plugin directory but does not exist: 'resources\plugins'
2026-04-24 22:10:39.395 +06:00 [INF] Discovered 0 plugins:

2026-04-24 22:10:39.590 +06:00 [WRN] Registration.Server is null.
2026-04-24 22:10:39.592 +06:00 [WRN] Missing strings, overwriting strings file:
	Registration.Server (string)
2026-04-24 22:10:45.311 +06:00 [INF] Connecting to 127.0.0.1:5400...
2026-04-24 22:10:45.333 +06:00 [INF] Connected [86e0edce-08ef-4468-9f73-e6dd7fca11db].
2026-04-24 22:10:45.348 +06:00 [INF] Connection approved [86e0edce-08ef-4468-9f73-e6dd7fca11db].
2026-04-24 22:10:45.440 +06:00 [INF] Updated PermissionSet 'default'
2026-04-24 22:10:51.147 +06:00 [INF] Disconnected [86e0edce-08ef-4468-9f73-e6dd7fca11db].
2026-04-24 22:12:45.812 +06:00 [INF] Connecting to 127.0.0.1:5400...
2026-04-24 22:12:45.816 +06:00 [INF] Connected [b5f953a4-4f62-4944-a85e-c42e4b6949b0].
2026-04-24 22:12:45.818 +06:00 [INF] Connection approved [b5f953a4-4f62-4944-a85e-c42e4b6949b0].
2026-04-24 22:12:45.852 +06:00 [INF] Updated PermissionSet 'default'
2026-04-24 22:12:49.808 +06:00 [INF] Disconnected [b5f953a4-4f62-4944-a85e-c42e4b6949b0].
2026-04-24 22:12:49.809 +06:00 [INF] Updating active permission set to 'default'
2026-04-24 22:13:23.835 +06:00 [INF] Connecting to 127.0.0.1:5400...
2026-04-24 22:13:23.839 +06:00 [INF] Connected [0e77c49c-a079-4676-9029-5a25fc24be62].
2026-04-24 22:13:23.846 +06:00 [INF] Connection approved [0e77c49c-a079-4676-9029-5a25fc24be62].
2026-04-24 22:13:23.860 +06:00 [INF] Updated PermissionSet 'default'
2026-04-24 22:13:37.041 +06:00 [INF] Updated PermissionSet 'admin'
2026-04-24 22:13:37.041 +06:00 [INF] Updating active permission set to 'admin'
2026-04-24 22:13:37.179 +06:00 [WRN] Unable to add '_buttonLogout' to the JSON of MainMenu.SelectCharacterWindow._innerPanel._buttonsPanel because a sibling shares the same name
2026-04-24 22:13:37.831 +06:00 [WRN] 'Me' is null.
2026-04-24 22:13:38.395 +06:00 [INF] Built VBO for map 27c6a7b2-4e9f-4316-9a0f-e13ec8e16ba2 'Forest' in 44.132ms
2026-04-24 22:14:06.829 +06:00 [INF] System window closing (due to user interaction most likely).
2026-04-24 22:14:06.830 +06:00 [INF] Disconnected [0e77c49c-a079-4676-9029-5a25fc24be62].
2026-04-24 22:14:06.830 +06:00 [INF] Updating active permission set to 'default'
2026-04-24 22:14:06.878 +06:00 [INF] Acquiring context lock... (0ms)
2026-04-24 22:14:06.878 +06:00 [INF] Acquired. (0ms)
2026-04-24 22:14:06.879 +06:00 [INF] Beginning context dispose. (0ms)
2026-04-24 22:14:06.879 +06:00 [INF] GC.SuppressFinalize (0ms)
2026-04-24 22:14:06.879 +06:00 [INF] InternalDispose() completed. (0ms)
2026-04-24 22:14:06.879 +06:00 [INF] Clearing instance... (1ms)
2026-04-24 22:14:06.879 +06:00 [INF] Releasing context lock... (1ms)
2026-04-24 22:14:06.879 +06:00 [INF] Released. (1ms)
