2026-04-14 12:07:39.291 +06:00 [INF] Starting Intersect Client v0.8.0.0-custom+32d39132dace1351f63375b261f241297dd35be8-dirty
2026-04-14 12:07:39.645 +06:00 [INF] Discovered service type: Intersect.Plugins.PluginService
2026-04-14 12:07:39.654 +06:00 [WRN] Directory was specified as a plugin directory but does not exist: 'resources\plugins'
2026-04-14 12:07:39.655 +06:00 [INF] Discovered 0 plugins:

2026-04-14 12:07:41.787 +06:00 [INF] Connecting to 127.0.0.1:5400...
2026-04-14 12:07:41.811 +06:00 [INF] Connected [ffa4d331-0996-4ff2-9b0c-b5f1a2eccdae].
2026-04-14 12:07:41.830 +06:00 [INF] Connection approved [ffa4d331-0996-4ff2-9b0c-b5f1a2eccdae].
2026-04-14 12:07:41.922 +06:00 [INF] Updated PermissionSet 'default'
2026-04-14 12:07:46.277 +06:00 [INF] Updated PermissionSet 'admin'
2026-04-14 12:07:46.278 +06:00 [INF] Updating active permission set to 'admin'
2026-04-14 12:07:46.408 +06:00 [WRN] Unable to add '_buttonLogout' to the JSON of MainMenu.SelectCharacterWindow._innerPanel._buttonsPanel because a sibling shares the same name
2026-04-14 12:07:48.218 +06:00 [WRN] 'Me' is null.
2026-04-14 12:07:48.869 +06:00 [INF] Built VBO for map 73ba8458-f8de-4f78-a254-c91b18418ed0 'test 3' in 59.8688ms
2026-04-14 12:07:48.879 +06:00 [INF] Built VBO for map 27c6a7b2-4e9f-4316-9a0f-e13ec8e16ba2 'New Map' in 5.2061ms
2026-04-14 12:08:30.687 +06:00 [INF] Built VBO for map 23630ac6-4461-460d-8a3b-9a0d4477096f 'test 8' in 9.1752ms
2026-04-14 12:11:20.487 +06:00 [INF] System window closing (due to user interaction most likely).
2026-04-14 12:11:20.490 +06:00 [INF] Disconnected [ffa4d331-0996-4ff2-9b0c-b5f1a2eccdae].
2026-04-14 12:11:20.491 +06:00 [INF] Updating active permission set to 'default'
2026-04-14 12:11:20.626 +06:00 [INF] Acquiring context lock... (0ms)
2026-04-14 12:11:20.627 +06:00 [INF] Acquired. (0ms)
2026-04-14 12:11:20.627 +06:00 [INF] Beginning context dispose. (0ms)
2026-04-14 12:11:20.628 +06:00 [INF] GC.SuppressFinalize (0ms)
2026-04-14 12:11:20.628 +06:00 [INF] InternalDispose() completed. (0ms)
2026-04-14 12:11:20.628 +06:00 [INF] Clearing instance... (1ms)
2026-04-14 12:11:20.628 +06:00 [INF] Releasing context lock... (1ms)
2026-04-14 12:11:20.628 +06:00 [INF] Released. (1ms)
