2026-05-18 05:01:43.134 +02:00 [INF] Starting Intersect Client v0.8.0.0-custom+32d39132dace1351f63375b261f241297dd35be8-dirty
2026-05-18 05:01:43.344 +02:00 [INF] Discovered service type: Intersect.Plugins.PluginService
2026-05-18 05:01:43.348 +02:00 [WRN] Directory was specified as a plugin directory but does not exist: 'resources\plugins'
2026-05-18 05:01:43.349 +02:00 [INF] Discovered 0 plugins:

2026-05-18 05:01:45.327 +02:00 [INF] Connecting to 127.0.0.1:5400...
2026-05-18 05:01:45.347 +02:00 [INF] Connected [66e10e3d-51ac-4cdd-b332-ecee33052771].
2026-05-18 05:01:45.364 +02:00 [INF] Connection approved [66e10e3d-51ac-4cdd-b332-ecee33052771].
2026-05-18 05:01:45.468 +02:00 [INF] Updated PermissionSet 'default'
2026-05-18 05:01:50.715 +02:00 [INF] Updated PermissionSet 'admin'
2026-05-18 05:01:50.715 +02:00 [INF] Updating active permission set to 'admin'
2026-05-18 05:01:51.222 +02:00 [WRN] 'Me' is null.
2026-05-18 05:01:51.983 +02:00 [INF] Built VBO for map e341d25d-5ff4-4cd6-bcd5-2f2cda710c86 'Forest' in 12.5583ms
2026-05-18 05:01:57.809 +02:00 [INF] Built VBO for map 27c6a7b2-4e9f-4316-9a0f-e13ec8e16ba2 'Forest' in 63.7499ms
2026-05-18 05:01:59.093 +02:00 [INF] Built VBO for map 27c6a7b2-4e9f-4316-9a0f-e13ec8e16ba2 'Forest' in 5.4335ms
2026-05-18 05:02:06.526 +02:00 [INF] Music volume set to 20 from InGame..SettingsWindow._innerPanel._tabs._innerPanel._audioSettingsTab._scrollPanel._musicSlider._slider
2026-05-18 05:02:06.526 +02:00 [INF] Sound volume set to 20 from InGame..SettingsWindow._innerPanel._tabs._innerPanel._audioSettingsTab._scrollPanel._soundEffectsSlider._slider
2026-05-18 05:02:54.225 +02:00 [INF] Built VBO for map 27c6a7b2-4e9f-4316-9a0f-e13ec8e16ba2 'Forest' in 6.4899ms
2026-05-18 05:03:14.309 +02:00 [INF] Built VBO for map a31f210c-f5fb-48bf-9db2-45fab2293a4c 'Forest' in 16.0133ms
2026-05-18 05:04:18.117 +02:00 [INF] Built VBO for map e341d25d-5ff4-4cd6-bcd5-2f2cda710c86 'Forest' in 3.7636ms
2026-05-18 05:04:31.956 +02:00 [INF] System window closing (due to user interaction most likely).
2026-05-18 05:04:31.959 +02:00 [INF] Disconnected [66e10e3d-51ac-4cdd-b332-ecee33052771].
2026-05-18 05:04:31.959 +02:00 [INF] Updating active permission set to 'default'
2026-05-18 05:04:31.999 +02:00 [INF] Acquiring context lock... (0ms)
2026-05-18 05:04:31.999 +02:00 [INF] Acquired. (0ms)
2026-05-18 05:04:31.999 +02:00 [INF] Beginning context dispose. (0ms)
2026-05-18 05:04:32.000 +02:00 [INF] GC.SuppressFinalize (0ms)
2026-05-18 05:04:32.000 +02:00 [INF] InternalDispose() completed. (0ms)
2026-05-18 05:04:32.000 +02:00 [INF] Clearing instance... (1ms)
2026-05-18 05:04:32.000 +02:00 [INF] Releasing context lock... (1ms)
2026-05-18 05:04:32.000 +02:00 [INF] Released. (1ms)
