2026-08-08 12:28:14.304 +02:00 [INF] Starting Intersect Client v0.8.0.0-custom+32d39132dace1351f63375b261f241297dd35be8-dirty
2026-08-08 12:28:14.523 +02:00 [INF] Discovered service type: Intersect.Plugins.PluginService
2026-08-08 12:28:14.526 +02:00 [WRN] Directory was specified as a plugin directory but does not exist: 'resources\plugins'
2026-08-08 12:28:14.527 +02:00 [INF] Discovered 0 plugins:

2026-08-08 12:28:14.963 +02:00 [INF] Graphics pacing configured: targetMode=-1, vsync=false, fixedStep=false, backBuffer=1760x990
2026-08-08 12:28:16.415 +02:00 [INF] Connecting to 127.0.0.1:5400...
2026-08-08 12:28:16.432 +02:00 [INF] Connected [da40a13d-107c-4bd4-8588-6e16b499fdaf].
2026-08-08 12:28:16.452 +02:00 [INF] Connection approved [da40a13d-107c-4bd4-8588-6e16b499fdaf].
2026-08-08 12:28:16.557 +02:00 [INF] Updated PermissionSet 'default'
2026-08-08 12:28:21.084 +02:00 [INF] Updated PermissionSet 'admin'
2026-08-08 12:28:21.084 +02:00 [INF] Updating active permission set to 'admin'
2026-08-08 12:28:25.837 +02:00 [WRN] 'Me' is null.
2026-08-08 12:28:27.648 +02:00 [INF] Built VBO for map 15601ad4-9f26-4abe-a6c9-3a7eebaa3045 'Forest' in 29.5946ms
2026-08-08 12:28:27.666 +02:00 [INF] Built VBO for map d490222a-af25-4a7f-bec3-7ca8016e08d7 'New Map' in 14.3818ms
2026-08-08 12:28:27.682 +02:00 [INF] Built VBO for map 000bacda-f0e9-4a92-ab09-e55bd4ad15c1 'New Map' in 9.2142ms
2026-08-08 12:28:27.788 +02:00 [INF] Built VBO for map 27c6a7b2-4e9f-4316-9a0f-e13ec8e16ba2 'Forest' in 103.0259ms
2026-08-08 12:28:27.823 +02:00 [INF] Built VBO for map e341d25d-5ff4-4cd6-bcd5-2f2cda710c86 'Greenfall Vale' in 32.77ms
2026-08-08 12:28:27.835 +02:00 [INF] Built VBO for map f519d3ea-b6f4-4b17-b87a-1dcf003cd3ec 'New Map' in 9.4352ms
2026-08-08 12:28:33.015 +02:00 [INF] Client frame profile: measured=129.8fps counter=115 targetMode=-1; interval=7.70/516.28ms avg/max; update=0.18/25.98ms (1.00 calls/frame); draw=7.50/515.74ms; world=5.89/505.32ms [scene=5.52/505.09, scene-detail=[tiles=0.65ms/23.7draws (geometry=0.46ms/23.7draws, water=0.18ms/0.0draws), objects=3.71ms/38.1draws, procedural=0.00ms/0.0draws, entities=0.68ms/0.8draws, effects=0.18ms/1.2draws, weather=0.22ms/0.0draws, other=0.09ms], lighting=0.04/6.27, post=0.06/14.52, overlays=0.17/49.87, other=0.11]; gui=1.57/72.25ms [update=1.37/52.19 (minimap=0.97/31.26 [compact=0.97, fullmap=0.00/0.00], other=0.41), render=0.20/20.06, other=0.00]; finish=0.02/0.88ms; outside-update-draw=0.02ms; draws=171, maps=4, entities=20, lights=3
2026-08-08 12:28:38.019 +02:00 [INF] Client frame profile: measured=130.1fps counter=161 targetMode=-1; interval=7.69/38.48ms avg/max; update=0.08/7.72ms (1.00 calls/frame); draw=6.83/20.61ms; world=5.61/18.95ms [scene=5.41/18.74, scene-detail=[tiles=0.65ms/35.5draws (geometry=0.44ms/35.5draws, water=0.21ms/0.0draws), objects=4.13ms/62.6draws, procedural=0.00ms/0.0draws, entities=0.22ms/0.0draws, effects=0.08ms/1.7draws, weather=0.27ms/0.0draws, other=0.05ms], lighting=0.02/0.08, post=0.03/0.09, overlays=0.05/1.51, other=0.09]; gui=1.20/12.10ms [update=1.05/11.99 (minimap=0.79/11.48 [compact=0.79, fullmap=0.00/0.00], other=0.26), render=0.15/1.02, other=0.00]; finish=0.02/0.06ms; outside-update-draw=0.77ms; draws=142, maps=4, entities=20, lights=3
2026-08-08 12:28:43.047 +02:00 [INF] Client frame profile: measured=42.8fps counter=32 targetMode=-1; interval=23.39/42.52ms avg/max; update=0.10/0.25ms (1.00 calls/frame); draw=9.73/22.15ms; world=7.23/15.01ms [scene=7.02/14.76, scene-detail=[tiles=0.83ms/42.0draws (geometry=0.54ms/42.0draws, water=0.29ms/0.0draws), objects=5.38ms/78.0draws, procedural=0.00ms/0.0draws, entities=0.29ms/0.1draws, effects=0.08ms/1.9draws, weather=0.37ms/0.0draws, other=0.07ms], lighting=0.02/0.04, post=0.03/0.05, overlays=0.06/0.09, other=0.10]; gui=2.47/11.14ms [update=2.38/11.03 (minimap=2.02/10.56 [compact=2.02, fullmap=0.00/0.00], other=0.36), render=0.08/0.36, other=0.00]; finish=0.02/0.04ms; outside-update-draw=13.56ms; draws=140, maps=4, entities=20, lights=3
2026-08-08 12:28:48.059 +02:00 [INF] Client frame profile: measured=32.1fps counter=32 targetMode=-1; interval=31.13/47.07ms avg/max; update=0.11/0.62ms (1.00 calls/frame); draw=10.42/26.15ms; world=7.33/14.15ms [scene=7.12/13.92, scene-detail=[tiles=0.86ms/42.0draws (geometry=0.57ms/42.0draws, water=0.29ms/0.0draws), objects=5.50ms/78.0draws, procedural=0.00ms/0.0draws, entities=0.23ms/0.5draws, effects=0.08ms/1.5draws, weather=0.37ms/0.0draws, other=0.07ms], lighting=0.02/0.04, post=0.04/0.07, overlays=0.06/0.08, other=0.10]; gui=3.05/18.24ms [update=2.98/18.07 (minimap=2.53/12.83 [compact=2.53, fullmap=0.00/0.00], other=0.45), render=0.07/0.16, other=0.00]; finish=0.02/0.05ms; outside-update-draw=20.60ms; draws=140, maps=4, entities=19, lights=3
2026-08-08 12:28:53.086 +02:00 [INF] Client frame profile: measured=32.2fps counter=33 targetMode=-1; interval=31.03/41.19ms avg/max; update=0.11/0.54ms (1.00 calls/frame); draw=10.38/20.73ms; world=7.23/9.34ms [scene=7.02/9.00, scene-detail=[tiles=0.86ms/42.0draws (geometry=0.56ms/42.0draws, water=0.29ms/0.0draws), objects=5.41ms/78.0draws, procedural=0.00ms/0.0draws, entities=0.23ms/0.0draws, effects=0.08ms/2.0draws, weather=0.37ms/0.0draws, other=0.07ms], lighting=0.02/0.08, post=0.04/0.06, overlays=0.06/0.10, other=0.10]; gui=3.11/11.34ms [update=3.03/11.25 (minimap=2.63/10.80 [compact=2.63, fullmap=0.00/0.00], other=0.41), render=0.07/0.16, other=0.00]; finish=0.02/0.04ms; outside-update-draw=20.54ms; draws=144, maps=4, entities=19, lights=3
2026-08-08 12:28:58.093 +02:00 [INF] Client frame profile: measured=30.6fps counter=31 targetMode=-1; interval=32.72/51.05ms avg/max; update=0.24/10.31ms (1.00 calls/frame); draw=11.85/30.30ms; world=8.23/15.85ms [scene=7.98/15.45, scene-detail=[tiles=0.96ms/42.0draws (geometry=0.63ms/42.0draws, water=0.32ms/0.0draws), objects=6.02ms/78.0draws, procedural=0.00ms/0.0draws, entities=0.42ms/0.8draws, effects=0.10ms/2.0draws, weather=0.39ms/0.0draws, other=0.09ms], lighting=0.03/0.11, post=0.04/0.15, overlays=0.07/0.25, other=0.11]; gui=3.56/15.62ms [update=3.45/15.44 (minimap=2.97/14.77 [compact=2.97, fullmap=0.00/0.00], other=0.48), render=0.10/0.21, other=0.00]; finish=0.03/0.08ms; outside-update-draw=20.64ms; draws=140, maps=4, entities=19, lights=3
2026-08-08 12:29:03.094 +02:00 [INF] Client frame profile: measured=30.2fps counter=30 targetMode=-1; interval=33.12/51.88ms avg/max; update=0.18/0.69ms (1.00 calls/frame); draw=12.27/30.98ms; world=8.48/30.25ms [scene=8.22/29.92, scene-detail=[tiles=1.02ms/42.0draws (geometry=0.67ms/42.0draws, water=0.35ms/0.0draws), objects=6.04ms/78.0draws, procedural=0.00ms/0.0draws, entities=0.57ms/1.5draws, effects=0.11ms/1.8draws, weather=0.39ms/0.0draws, other=0.09ms], lighting=0.03/0.07, post=0.04/0.10, overlays=0.08/0.15, other=0.11]; gui=3.72/14.57ms [update=3.62/14.41 (minimap=3.02/13.79 [compact=3.02, fullmap=0.00/0.00], other=0.60), render=0.10/0.43, other=0.00]; finish=0.03/0.11ms; outside-update-draw=20.67ms; draws=141, maps=4, entities=19, lights=3
2026-08-08 12:29:08.108 +02:00 [INF] Client frame profile: measured=30.9fps counter=32 targetMode=-1; interval=32.35/41.56ms avg/max; update=0.18/2.92ms (1.00 calls/frame); draw=11.57/20.32ms; world=8.06/11.27ms [scene=7.81/10.94, scene-detail=[tiles=0.95ms/42.0draws (geometry=0.63ms/42.0draws, water=0.32ms/0.0draws), objects=5.93ms/78.0draws, procedural=0.00ms/0.0draws, entities=0.36ms/2.0draws, effects=0.10ms/1.7draws, weather=0.40ms/0.0draws, other=0.09ms], lighting=0.03/0.05, post=0.04/0.17, overlays=0.07/0.16, other=0.11]; gui=3.45/12.00ms [update=3.36/11.80 (minimap=2.85/11.09 [compact=2.85, fullmap=0.00/0.00], other=0.51), render=0.09/0.27, other=0.00]; finish=0.03/0.09ms; outside-update-draw=20.60ms; draws=142, maps=4, entities=19, lights=3
2026-08-08 12:29:13.113 +02:00 [INF] Client frame profile: measured=31.2fps counter=32 targetMode=-1; interval=32.08/41.02ms avg/max; update=0.16/0.33ms (1.00 calls/frame); draw=11.30/20.14ms; world=7.94/10.11ms [scene=7.69/9.85, scene-detail=[tiles=0.94ms/42.0draws (geometry=0.62ms/42.0draws, water=0.32ms/0.0draws), objects=5.80ms/78.0draws, procedural=0.00ms/0.0draws, entities=0.37ms/2.2draws, effects=0.10ms/2.0draws, weather=0.40ms/0.0draws, other=0.08ms], lighting=0.03/0.06, post=0.04/0.09, overlays=0.07/0.13, other=0.11]; gui=3.31/12.40ms [update=3.21/12.26 (minimap=2.71/11.72 [compact=2.71, fullmap=0.00/0.00], other=0.50), render=0.09/0.26, other=0.00]; finish=0.03/0.09ms; outside-update-draw=20.63ms; draws=142, maps=4, entities=19, lights=3
2026-08-08 12:29:18.132 +02:00 [INF] Client frame profile: measured=31.3fps counter=32 targetMode=-1; interval=31.97/42.13ms avg/max; update=0.14/0.36ms (1.00 calls/frame); draw=11.19/21.15ms; world=7.79/10.45ms [scene=7.55/10.00, scene-detail=[tiles=0.91ms/42.0draws (geometry=0.60ms/42.0draws, water=0.31ms/0.0draws), objects=5.73ms/78.0draws, procedural=0.00ms/0.0draws, entities=0.34ms/2.0draws, effects=0.09ms/2.0draws, weather=0.39ms/0.0draws, other=0.08ms], lighting=0.03/0.05, post=0.04/0.10, overlays=0.07/0.14, other=0.10]; gui=3.36/11.88ms [update=3.26/11.60 (minimap=2.78/10.75 [compact=2.78, fullmap=0.00/0.00], other=0.48), render=0.09/0.26, other=0.00]; finish=0.03/0.10ms; outside-update-draw=20.64ms; draws=142, maps=4, entities=19, lights=3
2026-08-08 12:29:23.133 +02:00 [INF] Client frame profile: measured=32.0fps counter=33 targetMode=-1; interval=31.26/39.98ms avg/max; update=0.12/0.20ms (1.00 calls/frame); draw=10.58/18.95ms; world=7.37/8.61ms [scene=7.15/8.35, scene-detail=[tiles=0.87ms/42.0draws (geometry=0.56ms/42.0draws, water=0.30ms/0.0draws), objects=5.45ms/78.0draws, procedural=0.00ms/0.0draws, entities=0.31ms/2.0draws, effects=0.08ms/1.8draws, weather=0.37ms/0.0draws, other=0.07ms], lighting=0.02/0.04, post=0.04/0.05, overlays=0.06/0.08, other=0.10]; gui=3.17/11.09ms [update=3.09/10.99 (minimap=2.65/10.52 [compact=2.65, fullmap=0.00/0.00], other=0.44), render=0.08/0.14, other=0.00]; finish=0.02/0.04ms; outside-update-draw=20.56ms; draws=140, maps=4, entities=19, lights=3
2026-08-08 12:29:28.139 +02:00 [INF] Client frame profile: measured=36.8fps counter=32 targetMode=-1; interval=27.21/89.74ms avg/max; update=0.15/2.13ms (1.00 calls/frame); draw=11.17/67.52ms; world=8.08/36.27ms [scene=7.82/34.68, scene-detail=[tiles=0.95ms/42.0draws (geometry=0.63ms/42.0draws, water=0.31ms/0.0draws), objects=6.00ms/78.0draws, procedural=0.00ms/0.0draws, entities=0.29ms/0.0draws, effects=0.10ms/2.0draws, weather=0.39ms/0.0draws, other=0.09ms], lighting=0.03/0.05, post=0.04/0.35, overlays=0.08/0.51, other=0.11]; gui=3.04/31.16ms [update=2.94/30.95 (minimap=2.44/29.58 [compact=2.44, fullmap=0.00/0.00], other=0.51), render=0.10/0.20, other=0.00]; finish=0.03/0.06ms; outside-update-draw=15.88ms; draws=140, maps=4, entities=19, lights=3
2026-08-08 12:29:30.247 +02:00 [INF] Built VBO for map 9802b09c-f592-4d93-8e11-d3424500716c 'Deep Forest' in 4.73ms
2026-08-08 12:29:30.252 +02:00 [INF] Built VBO for map 15601ad4-9f26-4abe-a6c9-3a7eebaa3045 'Forest' in 3.7814ms
2026-08-08 12:29:30.264 +02:00 [INF] Built VBO for map 27c6a7b2-4e9f-4316-9a0f-e13ec8e16ba2 'Forest' in 11.5064ms
2026-08-08 12:29:30.786 +02:00 [INF] Built VBO for map a31f210c-f5fb-48bf-9db2-45fab2293a4c 'Forest' in 33.5507ms
2026-08-08 12:29:33.151 +02:00 [INF] System window closing (due to user interaction most likely).
2026-08-08 12:29:33.154 +02:00 [INF] Disconnected [da40a13d-107c-4bd4-8588-6e16b499fdaf].
2026-08-08 12:29:33.155 +02:00 [INF] Updating active permission set to 'default'
2026-08-08 12:29:33.180 +02:00 [INF] Acquiring context lock... (0ms)
2026-08-08 12:29:33.180 +02:00 [INF] Acquired. (0ms)
2026-08-08 12:29:33.180 +02:00 [INF] Beginning context dispose. (0ms)
2026-08-08 12:29:33.181 +02:00 [INF] GC.SuppressFinalize (0ms)
2026-08-08 12:29:33.181 +02:00 [INF] InternalDispose() completed. (0ms)
2026-08-08 12:29:33.181 +02:00 [INF] Clearing instance... (1ms)
2026-08-08 12:29:33.181 +02:00 [INF] Releasing context lock... (1ms)
2026-08-08 12:29:33.181 +02:00 [INF] Released. (1ms)
