2026-05-14 00:38:21.528 +02:00 [INF] Starting Intersect Client v0.8.0.0-custom+32d39132dace1351f63375b261f241297dd35be8-dirty
2026-05-14 00:38:21.741 +02:00 [INF] Discovered service type: Intersect.Plugins.PluginService
2026-05-14 00:38:21.745 +02:00 [WRN] Directory was specified as a plugin directory but does not exist: 'resources\plugins'
2026-05-14 00:38:21.746 +02:00 [INF] Discovered 0 plugins:

2026-05-14 00:38:23.791 +02:00 [INF] Connecting to 127.0.0.1:5400...
2026-05-14 00:38:23.799 +02:00 [INF] Connected [8f7b9b47-153b-4b51-8191-e52194309a03].
2026-05-14 00:38:23.816 +02:00 [INF] Connection approved [8f7b9b47-153b-4b51-8191-e52194309a03].
2026-05-14 00:38:23.915 +02:00 [INF] Updated PermissionSet 'default'
2026-05-14 00:38:23.915 +02:00 [INF] Updated PermissionSet 'admin'
2026-05-14 00:38:28.018 +02:00 [INF] Updating active permission set to 'admin'
2026-05-14 00:38:28.594 +02:00 [WRN] 'Me' is null.
2026-05-14 00:38:29.155 +02:00 [ERR] Exception thrown while trying to load 'resources/tilesets/water_sparse_caustic_details_32.png'
System.IO.FileNotFoundException: Could not find file 'F:\game code engine\Intersect_New\Intersect.Client\resources\tilesets\water_sparse_caustic_details_32.png'.
File name: 'F:\game code engine\Intersect_New\Intersect.Client\resources\tilesets\water_sparse_caustic_details_32.png'
   at Microsoft.Win32.SafeHandles.SafeFileHandle.CreateFile(String fullPath, FileMode mode, FileAccess access, FileShare share, FileOptions options)
   at Microsoft.Win32.SafeHandles.SafeFileHandle.Open(String fullPath, FileMode mode, FileAccess access, FileShare share, FileOptions options, Int64 preallocationSize, Nullable`1 unixCreateMode)
   at System.IO.Strategies.OSFileStreamStrategy..ctor(String path, FileMode mode, FileAccess access, FileShare share, FileOptions options, Int64 preallocationSize, Nullable`1 unixCreateMode)
   at System.IO.Strategies.FileStreamHelpers.ChooseStrategyCore(String path, FileMode mode, FileAccess access, FileShare share, FileOptions options, Int64 preallocationSize, Nullable`1 unixCreateMode)
   at System.IO.File.OpenRead(String path)
   at Intersect.Client.Framework.Graphics.GameRenderer.<>c__DisplayClass150_0.<LoadTexture>b__0() in F:\game code engine\Intersect_New\Intersect.Client.Framework\Graphics\GameRenderer.cs:line 686
   at Intersect.Client.Framework.Graphics.GameTexture`2.LoadPlatformTexture(Boolean force) in F:\game code engine\Intersect_New\Intersect.Client.Framework\Graphics\GameTexture.cs:line 279
2026-05-14 00:38:29.252 +02:00 [INF] Built VBO for map 24cc8989-0a45-4ecb-bf58-41efcefcaeb8 'Test' in 17.3363ms
2026-05-14 00:40:53.486 +02:00 [INF] System window closing (due to user interaction most likely).
2026-05-14 00:40:53.489 +02:00 [INF] Disconnected [8f7b9b47-153b-4b51-8191-e52194309a03].
2026-05-14 00:40:53.490 +02:00 [INF] Updating active permission set to 'default'
2026-05-14 00:40:53.537 +02:00 [INF] Acquiring context lock... (0ms)
2026-05-14 00:40:53.537 +02:00 [INF] Acquired. (0ms)
2026-05-14 00:40:53.538 +02:00 [INF] Beginning context dispose. (0ms)
2026-05-14 00:40:53.538 +02:00 [INF] GC.SuppressFinalize (0ms)
2026-05-14 00:40:53.538 +02:00 [INF] InternalDispose() completed. (0ms)
2026-05-14 00:40:53.538 +02:00 [INF] Clearing instance... (1ms)
2026-05-14 00:40:53.538 +02:00 [INF] Releasing context lock... (1ms)
2026-05-14 00:40:53.538 +02:00 [INF] Released. (1ms)
