2026-05-13 00:55:16.362 +02:00 [INF] Starting Intersect Client v0.8.0.0-custom+32d39132dace1351f63375b261f241297dd35be8-dirty
2026-05-13 00:55:16.578 +02:00 [INF] Discovered service type: Intersect.Plugins.PluginService
2026-05-13 00:55:16.583 +02:00 [WRN] Directory was specified as a plugin directory but does not exist: 'resources\plugins'
2026-05-13 00:55:16.584 +02:00 [INF] Discovered 0 plugins:

2026-05-13 00:55:22.789 +02:00 [INF] Connecting to 127.0.0.1:5400...
2026-05-13 00:55:22.811 +02:00 [INF] Connected [57a939dd-5e50-47c4-bf81-7875ed23efff].
2026-05-13 00:55:22.834 +02:00 [INF] Connection approved [57a939dd-5e50-47c4-bf81-7875ed23efff].
2026-05-13 00:55:22.943 +02:00 [INF] Updated PermissionSet 'default'
2026-05-13 00:55:30.645 +02:00 [INF] Updated PermissionSet 'admin'
2026-05-13 00:55:30.646 +02:00 [INF] Updating active permission set to 'admin'
2026-05-13 00:55:33.723 +02:00 [WRN] 'Me' is null.
2026-05-13 00:55:34.557 +02:00 [INF] Built VBO for map 27c6a7b2-4e9f-4316-9a0f-e13ec8e16ba2 'Forest' in 18.7047ms
2026-05-13 00:56:32.850 +02:00 [INF] System window closing (due to user interaction most likely).
2026-05-13 00:56:32.854 +02:00 [INF] Disconnected [57a939dd-5e50-47c4-bf81-7875ed23efff].
2026-05-13 00:56:32.854 +02:00 [INF] Updating active permission set to 'default'
2026-05-13 00:56:32.886 +02:00 [INF] Acquiring context lock... (0ms)
2026-05-13 00:56:32.887 +02:00 [INF] Acquired. (0ms)
2026-05-13 00:56:32.888 +02:00 [INF] Beginning context dispose. (0ms)
2026-05-13 00:56:32.888 +02:00 [INF] GC.SuppressFinalize (0ms)
2026-05-13 00:56:32.888 +02:00 [INF] InternalDispose() completed. (0ms)
2026-05-13 00:56:32.888 +02:00 [INF] Clearing instance... (1ms)
2026-05-13 00:56:32.888 +02:00 [INF] Releasing context lock... (1ms)
2026-05-13 00:56:32.888 +02:00 [INF] Released. (1ms)
