2026-05-18 15:08:47.772 +02:00 [INF] Starting Intersect Client v0.8.0.0-custom+32d39132dace1351f63375b261f241297dd35be8-dirty
2026-05-18 15:08:47.982 +02:00 [INF] Discovered service type: Intersect.Plugins.PluginService
2026-05-18 15:08:47.985 +02:00 [WRN] Directory was specified as a plugin directory but does not exist: 'resources\plugins'
2026-05-18 15:08:47.986 +02:00 [INF] Discovered 0 plugins:

2026-05-18 15:08:49.923 +02:00 [INF] Connecting to 127.0.0.1:5400...
2026-05-18 15:08:49.945 +02:00 [INF] Connected [490be639-c22d-47cc-b385-6553a85de625].
2026-05-18 15:08:49.967 +02:00 [INF] Connection approved [490be639-c22d-47cc-b385-6553a85de625].
2026-05-18 15:08:50.063 +02:00 [INF] Updated PermissionSet 'default'
2026-05-18 15:08:53.751 +02:00 [INF] Updated PermissionSet 'admin'
2026-05-18 15:08:53.751 +02:00 [INF] Updating active permission set to 'admin'
2026-05-18 15:08:54.527 +02:00 [WRN] 'Me' is null.
2026-05-18 15:08:55.244 +02:00 [INF] Built VBO for map a31f210c-f5fb-48bf-9db2-45fab2293a4c 'Forest' in 52.2051ms
2026-05-18 15:08:55.397 +02:00 [INF] Built VBO for map 27c6a7b2-4e9f-4316-9a0f-e13ec8e16ba2 'Forest' in 116.9199ms
2026-05-18 15:09:00.370 +02:00 [INF] Built VBO for map 27c6a7b2-4e9f-4316-9a0f-e13ec8e16ba2 'Forest' in 9.1288ms
2026-05-18 15:10:11.528 +02:00 [INF] Built VBO for map a31f210c-f5fb-48bf-9db2-45fab2293a4c 'Forest' in 28.2504ms
2026-05-18 15:10:11.555 +02:00 [INF] Built VBO for map 27c6a7b2-4e9f-4316-9a0f-e13ec8e16ba2 'Forest' in 7.9411ms
2026-05-18 15:10:23.393 +02:00 [INF] Built VBO for map a31f210c-f5fb-48bf-9db2-45fab2293a4c 'Forest' in 22.9921ms
2026-05-18 15:10:23.419 +02:00 [INF] Built VBO for map 27c6a7b2-4e9f-4316-9a0f-e13ec8e16ba2 'Forest' in 7.6985ms
2026-05-18 15:11:19.845 +02:00 [INF] Built VBO for map 27c6a7b2-4e9f-4316-9a0f-e13ec8e16ba2 'Forest' in 7.6978ms
2026-05-18 15:11:22.706 +02:00 [INF] Built VBO for map a31f210c-f5fb-48bf-9db2-45fab2293a4c 'Forest' in 23.8897ms
2026-05-18 15:11:22.732 +02:00 [INF] Built VBO for map 27c6a7b2-4e9f-4316-9a0f-e13ec8e16ba2 'Forest' in 7.4982ms
2026-05-18 15:12:52.625 +02:00 [INF] System window closing (due to user interaction most likely).
2026-05-18 15:12:52.629 +02:00 [INF] Disconnected [490be639-c22d-47cc-b385-6553a85de625].
2026-05-18 15:12:52.629 +02:00 [INF] Updating active permission set to 'default'
2026-05-18 15:12:52.665 +02:00 [INF] Acquiring context lock... (0ms)
2026-05-18 15:12:52.665 +02:00 [INF] Acquired. (0ms)
2026-05-18 15:12:52.666 +02:00 [INF] Beginning context dispose. (0ms)
2026-05-18 15:12:52.667 +02:00 [INF] GC.SuppressFinalize (0ms)
2026-05-18 15:12:52.667 +02:00 [INF] InternalDispose() completed. (0ms)
2026-05-18 15:12:52.667 +02:00 [INF] Clearing instance... (1ms)
2026-05-18 15:12:52.667 +02:00 [INF] Releasing context lock... (2ms)
2026-05-18 15:12:52.667 +02:00 [INF] Released. (2ms)
