2026-08-08 19:13:56.362 +02:00 [INF] Starting Intersect Client v0.8.0.0-custom+32d39132dace1351f63375b261f241297dd35be8-dirty
2026-08-08 19:13:56.588 +02:00 [INF] Discovered service type: Intersect.Plugins.PluginService
2026-08-08 19:13:56.591 +02:00 [WRN] Directory was specified as a plugin directory but does not exist: 'resources\plugins'
2026-08-08 19:13:56.592 +02:00 [INF] Discovered 0 plugins:

2026-08-08 19:13:57.073 +02:00 [INF] Graphics pacing configured: targetMode=-1, vsync=false, fixedStep=false, backBuffer=1760x990
2026-08-08 19:13:58.851 +02:00 [INF] Connecting to 127.0.0.1:5400...
2026-08-08 19:13:58.874 +02:00 [INF] Connected [7b8bafc2-1036-457f-b329-daedce8cd88a].
2026-08-08 19:13:58.890 +02:00 [INF] Connection approved [7b8bafc2-1036-457f-b329-daedce8cd88a].
2026-08-08 19:13:59.008 +02:00 [INF] Updated PermissionSet 'default'
2026-08-08 19:14:02.660 +02:00 [INF] Updated PermissionSet 'admin'
2026-08-08 19:14:02.660 +02:00 [INF] Updating active permission set to 'admin'
2026-08-08 19:14:23.285 +02:00 [WRN] 'Me' is null.
2026-08-08 19:14:24.587 +02:00 [INF] Built VBO for map 9802b09c-f592-4d93-8e11-d3424500716c 'Deep Forest' in 58.1475ms
2026-08-08 19:14:24.604 +02:00 [INF] Built VBO for map 15601ad4-9f26-4abe-a6c9-3a7eebaa3045 'Forest' in 13.6098ms
2026-08-08 19:14:24.628 +02:00 [INF] Built VBO for map d490222a-af25-4a7f-bec3-7ca8016e08d7 'New Map' in 17.1991ms
2026-08-08 19:14:24.758 +02:00 [INF] Built VBO for map a31f210c-f5fb-48bf-9db2-45fab2293a4c 'Forest' in 127.0721ms
2026-08-08 19:14:24.821 +02:00 [INF] Built VBO for map 27c6a7b2-4e9f-4316-9a0f-e13ec8e16ba2 'Forest' in 59.0029ms
2026-08-08 19:14:24.851 +02:00 [INF] Built VBO for map e341d25d-5ff4-4cd6-bcd5-2f2cda710c86 'Greenfall Vale' in 27.7684ms
2026-08-08 19:14:30.119 +02:00 [INF] Client frame profile: measured=64.5fps counter=107 targetMode=-1; interval=15.50/729.61ms avg/max; update=0.39/32.02ms (1.00 calls/frame); draw=15.55/695.83ms; world=12.31/667.42ms [scene=11.94/657.01, scene-detail=[tiles=1.65ms/45.9draws (geometry=0.86ms/45.9draws, water=0.79ms/0.0draws), objects=7.76ms/87.7draws, procedural=0.01ms/0.0draws, entities=1.07ms/0.5draws, effects=0.44ms/1.5draws, weather=0.91ms/0.0draws, other=0.11ms], lighting=0.07/7.54, post=0.08/14.35, overlays=0.12/10.03, other=0.10]; gui=3.18/86.18ms [update=2.98/59.28 (minimap=2.37/36.11 [compact=2.37, fullmap=0.00/0.00], other=0.61), render=0.20/26.89, other=0.00]; finish=0.04/1.50ms; outside-update-draw=0.00ms; draws=154, maps=4, entities=17, lights=3
2026-08-08 19:14:35.120 +02:00 [INF] Client frame profile: measured=100.4fps counter=103 targetMode=-1; interval=9.96/26.60ms avg/max; update=0.12/4.42ms (1.00 calls/frame); draw=9.74/26.31ms; world=7.99/24.10ms [scene=7.73/23.88, scene-detail=[tiles=1.28ms/46.0draws (geometry=0.82ms/46.0draws, water=0.47ms/0.0draws), objects=5.22ms/88.0draws, procedural=0.00ms/0.0draws, entities=0.44ms/0.8draws, effects=0.05ms/1.2draws, weather=0.67ms/0.0draws, other=0.07ms], lighting=0.04/0.15, post=0.03/0.12, overlays=0.07/0.21, other=0.10]; gui=1.71/13.16ms [update=1.62/13.02 (minimap=1.13/12.43 [compact=1.13, fullmap=0.00/0.00], other=0.48), render=0.09/0.28, other=0.00]; finish=0.03/0.08ms; outside-update-draw=0.11ms; draws=154, maps=4, entities=23, lights=5
2026-08-08 19:14:40.137 +02:00 [INF] Client frame profile: measured=82.1fps counter=31 targetMode=-1; interval=12.18/40.81ms avg/max; update=0.08/2.06ms (1.00 calls/frame); draw=8.99/19.98ms; world=7.42/15.34ms [scene=7.19/15.03, scene-detail=[tiles=1.19ms/46.0draws (geometry=0.75ms/46.0draws, water=0.44ms/0.0draws), objects=4.97ms/88.0draws, procedural=0.00ms/0.0draws, entities=0.29ms/1.2draws, effects=0.05ms/1.0draws, weather=0.64ms/0.0draws, other=0.05ms], lighting=0.04/0.09, post=0.03/0.09, overlays=0.06/0.45, other=0.10]; gui=1.54/12.31ms [update=1.47/12.22 (minimap=1.16/11.76 [compact=1.16, fullmap=0.00/0.00], other=0.31), render=0.06/0.15, other=0.00]; finish=0.02/0.05ms; outside-update-draw=3.11ms; draws=156, maps=4, entities=23, lights=5
2026-08-08 19:14:42.467 +02:00 [INF] System window closing (due to user interaction most likely).
2026-08-08 19:14:42.470 +02:00 [INF] Disconnected [7b8bafc2-1036-457f-b329-daedce8cd88a].
2026-08-08 19:14:42.471 +02:00 [INF] Updating active permission set to 'default'
2026-08-08 19:14:42.502 +02:00 [INF] Acquiring context lock... (0ms)
2026-08-08 19:14:42.502 +02:00 [INF] Acquired. (0ms)
2026-08-08 19:14:42.503 +02:00 [INF] Beginning context dispose. (0ms)
2026-08-08 19:14:42.503 +02:00 [INF] GC.SuppressFinalize (0ms)
2026-08-08 19:14:42.503 +02:00 [INF] InternalDispose() completed. (0ms)
2026-08-08 19:14:42.503 +02:00 [INF] Clearing instance... (1ms)
2026-08-08 19:14:42.503 +02:00 [INF] Releasing context lock... (1ms)
2026-08-08 19:14:42.503 +02:00 [INF] Released. (1ms)
