2026-04-29 23:02:13.765 +06:00 [INF] Starting Intersect Client v0.8.0.0-custom+32d39132dace1351f63375b261f241297dd35be8-dirty
2026-04-29 23:02:13.967 +06:00 [INF] Discovered service type: Intersect.Plugins.PluginService
2026-04-29 23:02:13.970 +06:00 [WRN] Directory was specified as a plugin directory but does not exist: 'resources\plugins'
2026-04-29 23:02:13.971 +06:00 [INF] Discovered 0 plugins:

2026-04-29 23:04:01.832 +06:00 [INF] Music volume set to 10 from MainMenu.SettingsWindow._innerPanel._tabs._innerPanel._audioSettingsTab._scrollPanel._musicSlider._slider
2026-04-29 23:04:01.833 +06:00 [INF] Sound volume set to 15 from MainMenu.SettingsWindow._innerPanel._tabs._innerPanel._audioSettingsTab._scrollPanel._soundEffectsSlider._slider
2026-04-29 23:04:27.822 +06:00 [INF] Connecting to 127.0.0.1:5400...
2026-04-29 23:04:27.842 +06:00 [INF] Connected [b32a45ea-16c0-4715-ae5f-b021d171fd8f].
2026-04-29 23:04:27.861 +06:00 [INF] Connection approved [b32a45ea-16c0-4715-ae5f-b021d171fd8f].
2026-04-29 23:04:27.939 +06:00 [INF] Updated PermissionSet 'default'
2026-04-29 23:04:32.185 +06:00 [INF] User clicked exit button.
2026-04-29 23:04:32.360 +06:00 [INF] System window closing (due to user interaction most likely).
2026-04-29 23:04:32.363 +06:00 [INF] Disconnected [b32a45ea-16c0-4715-ae5f-b021d171fd8f].
2026-04-29 23:04:32.402 +06:00 [INF] Acquiring context lock... (0ms)
2026-04-29 23:04:32.402 +06:00 [INF] Acquired. (0ms)
2026-04-29 23:04:32.403 +06:00 [INF] Beginning context dispose. (0ms)
2026-04-29 23:04:32.404 +06:00 [INF] GC.SuppressFinalize (0ms)
2026-04-29 23:04:32.404 +06:00 [INF] InternalDispose() completed. (0ms)
2026-04-29 23:04:32.404 +06:00 [INF] Clearing instance... (2ms)
2026-04-29 23:04:32.404 +06:00 [INF] Releasing context lock... (2ms)
2026-04-29 23:04:32.404 +06:00 [INF] Released. (2ms)
