2026-07-09 23:34:06.427 +02:00 [INF] Starting Intersect Client v0.8.0.0-custom+32d39132dace1351f63375b261f241297dd35be8-dirty
2026-07-09 23:34:06.649 +02:00 [INF] Discovered service type: Intersect.Plugins.PluginService
2026-07-09 23:34:06.652 +02:00 [WRN] Directory was specified as a plugin directory but does not exist: 'resources\plugins'
2026-07-09 23:34:06.653 +02:00 [INF] Discovered 0 plugins:

2026-07-09 23:34:18.494 +02:00 [INF] Connecting to 127.0.0.1:5400...
2026-07-09 23:34:18.513 +02:00 [INF] Connected [e4c9f9c9-c062-454d-a94b-93377ca92b51].
2026-07-09 23:34:18.537 +02:00 [INF] Connection approved [e4c9f9c9-c062-454d-a94b-93377ca92b51].
2026-07-09 23:34:18.636 +02:00 [INF] Updated PermissionSet 'default'
2026-07-09 23:34:22.909 +02:00 [INF] Updated PermissionSet 'admin'
2026-07-09 23:34:22.909 +02:00 [INF] Updating active permission set to 'admin'
2026-07-09 23:34:25.785 +02:00 [WRN] 'Me' is null.
2026-07-09 23:34:26.781 +02:00 [INF] Built VBO for map 15601ad4-9f26-4abe-a6c9-3a7eebaa3045 'Forest' in 32.4611ms
2026-07-09 23:34:26.790 +02:00 [INF] Built VBO for map d490222a-af25-4a7f-bec3-7ca8016e08d7 'New Map' in 9.1063ms
2026-07-09 23:34:26.803 +02:00 [INF] Built VBO for map 000bacda-f0e9-4a92-ab09-e55bd4ad15c1 'New Map' in 8.8733ms
2026-07-09 23:34:26.908 +02:00 [ERR] Exception thrown while trying to load 'resources/tilesets/water_shore_marker.png'
System.IO.FileNotFoundException: Could not find file 'F:\game code engine\Intersect_New\Intersect.Client\resources\tilesets\water_shore_marker.png'.
File name: 'F:\game code engine\Intersect_New\Intersect.Client\resources\tilesets\water_shore_marker.png'
   at Microsoft.Win32.SafeHandles.SafeFileHandle.CreateFile(String fullPath, FileMode mode, FileAccess access, FileShare share, FileOptions options)
   at Microsoft.Win32.SafeHandles.SafeFileHandle.Open(String fullPath, FileMode mode, FileAccess access, FileShare share, FileOptions options, Int64 preallocationSize, Nullable`1 unixCreateMode)
   at System.IO.Strategies.OSFileStreamStrategy..ctor(String path, FileMode mode, FileAccess access, FileShare share, FileOptions options, Int64 preallocationSize, Nullable`1 unixCreateMode)
   at System.IO.Strategies.FileStreamHelpers.ChooseStrategyCore(String path, FileMode mode, FileAccess access, FileShare share, FileOptions options, Int64 preallocationSize, Nullable`1 unixCreateMode)
   at System.IO.File.OpenRead(String path)
   at Intersect.Client.Framework.Graphics.GameRenderer.<>c__DisplayClass182_0.<LoadTexture>b__0() in F:\game code engine\Intersect_New\Intersect.Client.Framework\Graphics\GameRenderer.cs:line 1027
   at Intersect.Client.Framework.Graphics.GameTexture`2.LoadPlatformTexture(Boolean force) in F:\game code engine\Intersect_New\Intersect.Client.Framework\Graphics\GameTexture.cs:line 279
2026-07-09 23:34:26.909 +02:00 [INF] Built VBO for map 27c6a7b2-4e9f-4316-9a0f-e13ec8e16ba2 'Forest' in 105.4933ms
2026-07-09 23:34:26.941 +02:00 [INF] Built VBO for map e341d25d-5ff4-4cd6-bcd5-2f2cda710c86 'Greenfall Vale' in 30.2615ms
2026-07-09 23:34:26.950 +02:00 [INF] Built VBO for map f519d3ea-b6f4-4b17-b87a-1dcf003cd3ec 'New Map' in 8.4247ms
2026-07-09 23:36:30.969 +02:00 [INF] Built VBO for map 15601ad4-9f26-4abe-a6c9-3a7eebaa3045 'Forest' in 7.5289ms
2026-07-09 23:36:30.990 +02:00 [INF] Built VBO for map 27c6a7b2-4e9f-4316-9a0f-e13ec8e16ba2 'Forest' in 19.6962ms
2026-07-09 23:36:31.109 +02:00 [INF] Built VBO for map 9802b09c-f592-4d93-8e11-d3424500716c 'Deep Forest' in 9.15ms
2026-07-09 23:36:31.671 +02:00 [INF] Built VBO for map a31f210c-f5fb-48bf-9db2-45fab2293a4c 'Forest' in 49.2814ms
2026-07-09 23:38:11.789 +02:00 [INF] Built VBO for map 000bacda-f0e9-4a92-ab09-e55bd4ad15c1 'New Map' in 6.3493ms
2026-07-09 23:38:11.798 +02:00 [INF] Built VBO for map f519d3ea-b6f4-4b17-b87a-1dcf003cd3ec 'New Map' in 6.5337ms
2026-07-09 23:38:12.176 +02:00 [INF] Built VBO for map 79db075f-0b0f-4061-8f23-d301db793c61 'Beach' in 18.99ms
2026-07-09 23:40:07.320 +02:00 [INF] System window closing (due to user interaction most likely).
2026-07-09 23:40:07.323 +02:00 [INF] Disconnected [e4c9f9c9-c062-454d-a94b-93377ca92b51].
2026-07-09 23:40:07.324 +02:00 [INF] Updating active permission set to 'default'
2026-07-09 23:40:07.389 +02:00 [INF] Acquiring context lock... (0ms)
2026-07-09 23:40:07.389 +02:00 [INF] Acquired. (0ms)
2026-07-09 23:40:07.390 +02:00 [INF] Beginning context dispose. (0ms)
2026-07-09 23:40:07.390 +02:00 [INF] GC.SuppressFinalize (0ms)
2026-07-09 23:40:07.390 +02:00 [INF] InternalDispose() completed. (0ms)
2026-07-09 23:40:07.390 +02:00 [INF] Clearing instance... (1ms)
2026-07-09 23:40:07.391 +02:00 [INF] Releasing context lock... (1ms)
2026-07-09 23:40:07.391 +02:00 [INF] Released. (1ms)
