2026-07-08 02:18:31.913 +02:00 [INF] Starting Intersect Client v0.8.0.0-custom+32d39132dace1351f63375b261f241297dd35be8-dirty
2026-07-08 02:18:32.142 +02:00 [INF] Discovered service type: Intersect.Plugins.PluginService
2026-07-08 02:18:32.145 +02:00 [WRN] Directory was specified as a plugin directory but does not exist: 'resources\plugins'
2026-07-08 02:18:32.146 +02:00 [INF] Discovered 0 plugins:

2026-07-08 02:18:34.129 +02:00 [INF] Connecting to 127.0.0.1:5400...
2026-07-08 02:18:34.147 +02:00 [INF] Connected [2508e261-3457-444e-b973-b7dbae0dacac].
2026-07-08 02:18:34.183 +02:00 [INF] Connection approved [2508e261-3457-444e-b973-b7dbae0dacac].
2026-07-08 02:18:34.270 +02:00 [INF] Updated PermissionSet 'default'
2026-07-08 02:18:38.199 +02:00 [INF] Updated PermissionSet 'admin'
2026-07-08 02:18:38.200 +02:00 [INF] Updating active permission set to 'admin'
2026-07-08 02:18:40.011 +02:00 [WRN] 'Me' is null.
2026-07-08 02:18:41.178 +02:00 [INF] Built VBO for map 15601ad4-9f26-4abe-a6c9-3a7eebaa3045 'Forest' in 30.352ms
2026-07-08 02:18:41.188 +02:00 [INF] Built VBO for map d490222a-af25-4a7f-bec3-7ca8016e08d7 'New Map' in 9.1042ms
2026-07-08 02:18:41.225 +02:00 [INF] Built VBO for map 000bacda-f0e9-4a92-ab09-e55bd4ad15c1 'New Map' in 9.5182ms
2026-07-08 02:18:41.329 +02:00 [ERR] Exception thrown while trying to load 'resources/tilesets/water_shore_marker.png'
System.IO.FileNotFoundException: Could not find file 'F:\game code engine\Intersect_New\Intersect.Client\resources\tilesets\water_shore_marker.png'.
File name: 'F:\game code engine\Intersect_New\Intersect.Client\resources\tilesets\water_shore_marker.png'
   at Microsoft.Win32.SafeHandles.SafeFileHandle.CreateFile(String fullPath, FileMode mode, FileAccess access, FileShare share, FileOptions options)
   at Microsoft.Win32.SafeHandles.SafeFileHandle.Open(String fullPath, FileMode mode, FileAccess access, FileShare share, FileOptions options, Int64 preallocationSize, Nullable`1 unixCreateMode)
   at System.IO.Strategies.OSFileStreamStrategy..ctor(String path, FileMode mode, FileAccess access, FileShare share, FileOptions options, Int64 preallocationSize, Nullable`1 unixCreateMode)
   at System.IO.Strategies.FileStreamHelpers.ChooseStrategyCore(String path, FileMode mode, FileAccess access, FileShare share, FileOptions options, Int64 preallocationSize, Nullable`1 unixCreateMode)
   at System.IO.File.OpenRead(String path)
   at Intersect.Client.Framework.Graphics.GameRenderer.<>c__DisplayClass182_0.<LoadTexture>b__0() in F:\game code engine\Intersect_New\Intersect.Client.Framework\Graphics\GameRenderer.cs:line 1027
   at Intersect.Client.Framework.Graphics.GameTexture`2.LoadPlatformTexture(Boolean force) in F:\game code engine\Intersect_New\Intersect.Client.Framework\Graphics\GameTexture.cs:line 279
2026-07-08 02:18:41.330 +02:00 [INF] Built VBO for map 27c6a7b2-4e9f-4316-9a0f-e13ec8e16ba2 'Forest' in 104.6682ms
2026-07-08 02:18:41.377 +02:00 [INF] Built VBO for map e341d25d-5ff4-4cd6-bcd5-2f2cda710c86 'Greenfall Vale' in 24.4628ms
2026-07-08 02:18:41.386 +02:00 [INF] Built VBO for map f519d3ea-b6f4-4b17-b87a-1dcf003cd3ec 'New Map' in 8.9132ms
2026-07-08 02:20:54.514 +02:00 [INF] Built VBO for map 15601ad4-9f26-4abe-a6c9-3a7eebaa3045 'Forest' in 7.7076ms
2026-07-08 02:20:54.523 +02:00 [INF] Built VBO for map e341d25d-5ff4-4cd6-bcd5-2f2cda710c86 'Greenfall Vale' in 7.897ms
2026-07-08 02:20:55.041 +02:00 [INF] Built VBO for map d490222a-af25-4a7f-bec3-7ca8016e08d7 'New Map' in 8.3919ms
2026-07-08 02:20:55.577 +02:00 [INF] Built VBO for map 000bacda-f0e9-4a92-ab09-e55bd4ad15c1 'New Map' in 8.137ms
2026-07-08 02:20:56.090 +02:00 [INF] Built VBO for map 27c6a7b2-4e9f-4316-9a0f-e13ec8e16ba2 'Forest' in 20.3505ms
2026-07-08 02:20:56.633 +02:00 [INF] Built VBO for map f519d3ea-b6f4-4b17-b87a-1dcf003cd3ec 'New Map' in 8.1351ms
2026-07-08 02:21:01.321 +02:00 [INF] System window closing (due to user interaction most likely).
2026-07-08 02:21:01.324 +02:00 [INF] Disconnected [2508e261-3457-444e-b973-b7dbae0dacac].
2026-07-08 02:21:01.325 +02:00 [INF] Updating active permission set to 'default'
2026-07-08 02:21:01.353 +02:00 [INF] Acquiring context lock... (0ms)
2026-07-08 02:21:01.353 +02:00 [INF] Acquired. (0ms)
2026-07-08 02:21:01.354 +02:00 [INF] Beginning context dispose. (0ms)
2026-07-08 02:21:01.354 +02:00 [INF] GC.SuppressFinalize (0ms)
2026-07-08 02:21:01.354 +02:00 [INF] InternalDispose() completed. (0ms)
2026-07-08 02:21:01.354 +02:00 [INF] Clearing instance... (1ms)
2026-07-08 02:21:01.355 +02:00 [INF] Releasing context lock... (1ms)
2026-07-08 02:21:01.355 +02:00 [INF] Released. (1ms)
