2026-04-13 22:53:23.767 +06:00 [INF] Starting Intersect Client v0.8.0.0-custom+32d39132dace1351f63375b261f241297dd35be8-dirty
2026-04-13 22:53:24.066 +06:00 [INF] Discovered service type: Intersect.Plugins.PluginService
2026-04-13 22:53:24.073 +06:00 [WRN] Directory was specified as a plugin directory but does not exist: 'resources\plugins'
2026-04-13 22:53:24.074 +06:00 [INF] Discovered 0 plugins:

2026-04-13 22:53:26.016 +06:00 [INF] Connecting to 127.0.0.1:5400...
2026-04-13 22:53:26.038 +06:00 [INF] Connected [344bf105-7dca-4d08-8aef-6a884365a394].
2026-04-13 22:53:26.056 +06:00 [INF] Connection approved [344bf105-7dca-4d08-8aef-6a884365a394].
2026-04-13 22:53:26.144 +06:00 [INF] Updated PermissionSet 'default'
2026-04-13 22:53:30.320 +06:00 [INF] Updated PermissionSet 'admin'
2026-04-13 22:53:30.321 +06:00 [INF] Updating active permission set to 'admin'
2026-04-13 22:53:30.444 +06:00 [WRN] Unable to add '_buttonLogout' to the JSON of MainMenu.SelectCharacterWindow._innerPanel._buttonsPanel because a sibling shares the same name
2026-04-13 22:55:45.924 +06:00 [WRN] 'Me' is null.
2026-04-13 22:55:46.198 +06:00 [WRN] Failed to deserialized cached data for ObjectCacheKey { Id = Id { Guid = 23382d57-1bd1-403a-8f4f-50e5ad24e8a0 }, Checksum = , Version =  }, will fetch again
2026-04-13 22:55:46.389 +06:00 [INF] Built VBO for map 23630ac6-4461-460d-8a3b-9a0d4477096f 'test 8' in 20.4967ms
2026-04-13 22:55:46.434 +06:00 [INF] Built VBO for map 73ba8458-f8de-4f78-a254-c91b18418ed0 'test 3' in 40.0598ms
2026-04-13 22:55:46.440 +06:00 [INF] Built VBO for map 27c6a7b2-4e9f-4316-9a0f-e13ec8e16ba2 'New Map' in 5.4656ms
2026-04-13 22:56:42.379 +06:00 [INF] System window closing (due to user interaction most likely).
2026-04-13 22:56:42.383 +06:00 [INF] Disconnected [344bf105-7dca-4d08-8aef-6a884365a394].
2026-04-13 22:56:42.383 +06:00 [INF] Updating active permission set to 'default'
2026-04-13 22:56:42.493 +06:00 [INF] Acquiring context lock... (0ms)
2026-04-13 22:56:42.493 +06:00 [INF] Acquired. (0ms)
2026-04-13 22:56:42.494 +06:00 [INF] Beginning context dispose. (0ms)
2026-04-13 22:56:42.494 +06:00 [INF] GC.SuppressFinalize (0ms)
2026-04-13 22:56:42.494 +06:00 [INF] InternalDispose() completed. (0ms)
2026-04-13 22:56:42.494 +06:00 [INF] Clearing instance... (1ms)
2026-04-13 22:56:42.494 +06:00 [INF] Releasing context lock... (1ms)
2026-04-13 22:56:42.494 +06:00 [INF] Released. (1ms)
