2026-03-21 02:24:41.011 +01:00 [INF] Starting Intersect Client v0.8.0.0-custom+32d39132dace1351f63375b261f241297dd35be8-dirty
2026-03-21 02:24:41.305 +01:00 [INF] Discovered service type: Intersect.Plugins.PluginService
2026-03-21 02:24:41.312 +01:00 [WRN] Directory was specified as a plugin directory but does not exist: 'resources\plugins'
2026-03-21 02:24:41.313 +01:00 [INF] Discovered 0 plugins:

2026-03-21 02:24:43.878 +01:00 [INF] Connecting to 127.0.0.1:5400...
2026-03-21 02:24:43.896 +01:00 [INF] Connected [9d68819c-7332-4611-a416-43f6826250ea].
2026-03-21 02:24:43.915 +01:00 [INF] Connection approved [9d68819c-7332-4611-a416-43f6826250ea].
2026-03-21 02:24:43.993 +01:00 [INF] Updated PermissionSet 'default'
2026-03-21 02:24:45.054 +01:00 [INF] Updated PermissionSet 'admin'
2026-03-21 02:24:45.055 +01:00 [INF] Updating active permission set to 'admin'
2026-03-21 02:24:45.191 +01:00 [WRN] Unable to add '_buttonLogout' to the JSON of MainMenu.SelectCharacterWindow._innerPanel._buttonsPanel because a sibling shares the same name
2026-03-21 02:24:45.944 +01:00 [WRN] 'Me' is null.
2026-03-21 02:24:46.498 +01:00 [INF] Built VBO for map 27c6a7b2-4e9f-4316-9a0f-e13ec8e16ba2 'New Map' in 17.1034ms
2026-03-21 02:24:46.506 +01:00 [INF] Built VBO for map 23382d57-1bd1-403a-8f4f-50e5ad24e8a0 'test1' in 3.2975ms
2026-03-21 02:34:42.576 +01:00 [INF] System window closing (due to user interaction most likely).
2026-03-21 02:34:42.579 +01:00 [INF] Disconnected [9d68819c-7332-4611-a416-43f6826250ea].
2026-03-21 02:34:42.579 +01:00 [INF] Updating active permission set to 'default'
2026-03-21 02:34:42.682 +01:00 [INF] Acquiring context lock... (0ms)
2026-03-21 02:34:42.682 +01:00 [INF] Acquired. (0ms)
2026-03-21 02:34:42.683 +01:00 [INF] Beginning context dispose. (0ms)
2026-03-21 02:34:42.683 +01:00 [INF] GC.SuppressFinalize (0ms)
2026-03-21 02:34:42.683 +01:00 [INF] InternalDispose() completed. (0ms)
2026-03-21 02:34:42.683 +01:00 [INF] Clearing instance... (1ms)
2026-03-21 02:34:42.683 +01:00 [INF] Releasing context lock... (1ms)
2026-03-21 02:34:42.683 +01:00 [INF] Released. (1ms)
