2026-04-14 10:03:37.940 +06:00 [INF] Starting Intersect Client v0.8.0.0-custom+32d39132dace1351f63375b261f241297dd35be8-dirty
2026-04-14 10:03:38.274 +06:00 [INF] Discovered service type: Intersect.Plugins.PluginService
2026-04-14 10:03:38.281 +06:00 [WRN] Directory was specified as a plugin directory but does not exist: 'resources\plugins'
2026-04-14 10:03:38.282 +06:00 [INF] Discovered 0 plugins:

2026-04-14 10:03:40.921 +06:00 [INF] Connecting to 127.0.0.1:5400...
2026-04-14 10:03:40.939 +06:00 [INF] Connected [61600555-6aa7-4357-9bc0-fd06a0984640].
2026-04-14 10:03:40.950 +06:00 [INF] Connection approved [61600555-6aa7-4357-9bc0-fd06a0984640].
2026-04-14 10:03:41.035 +06:00 [INF] Updated PermissionSet 'default'
2026-04-14 10:03:45.439 +06:00 [INF] Updated PermissionSet 'admin'
2026-04-14 10:03:45.440 +06:00 [INF] Updating active permission set to 'admin'
2026-04-14 10:04:28.549 +06:00 [INF] System window closing (due to user interaction most likely).
2026-04-14 10:04:28.552 +06:00 [INF] Disconnected [61600555-6aa7-4357-9bc0-fd06a0984640].
2026-04-14 10:04:28.552 +06:00 [INF] Updating active permission set to 'default'
2026-04-14 10:04:28.650 +06:00 [INF] Acquiring context lock... (0ms)
2026-04-14 10:04:28.650 +06:00 [INF] Acquired. (0ms)
2026-04-14 10:04:28.651 +06:00 [INF] Beginning context dispose. (0ms)
2026-04-14 10:04:28.651 +06:00 [INF] GC.SuppressFinalize (0ms)
2026-04-14 10:04:28.651 +06:00 [INF] InternalDispose() completed. (0ms)
2026-04-14 10:04:28.651 +06:00 [INF] Clearing instance... (1ms)
2026-04-14 10:04:28.651 +06:00 [INF] Releasing context lock... (1ms)
2026-04-14 10:04:28.651 +06:00 [INF] Released. (1ms)
