2026-07-10 02:08:16.603 +02:00 [INF] Starting Intersect Client v0.8.0.0-custom+32d39132dace1351f63375b261f241297dd35be8-dirty
2026-07-10 02:08:16.842 +02:00 [INF] Discovered service type: Intersect.Plugins.PluginService
2026-07-10 02:08:16.847 +02:00 [WRN] Directory was specified as a plugin directory but does not exist: 'resources\plugins'
2026-07-10 02:08:16.848 +02:00 [INF] Discovered 0 plugins:

2026-07-10 02:08:29.251 +02:00 [INF] Connecting to 127.0.0.1:5400...
2026-07-10 02:08:29.272 +02:00 [INF] Connected [abe2065c-7ac5-43c4-9370-2908c888ec35].
2026-07-10 02:08:29.293 +02:00 [INF] Connection approved [abe2065c-7ac5-43c4-9370-2908c888ec35].
2026-07-10 02:08:29.415 +02:00 [INF] Updated PermissionSet 'default'
2026-07-10 02:08:35.198 +02:00 [INF] Updated PermissionSet 'admin'
2026-07-10 02:08:35.198 +02:00 [INF] Updating active permission set to 'admin'
2026-07-10 02:08:39.985 +02:00 [WRN] 'Me' is null.
2026-07-10 02:08:41.271 +02:00 [INF] Built VBO for map 15601ad4-9f26-4abe-a6c9-3a7eebaa3045 'Forest' in 34.2203ms
2026-07-10 02:08:41.283 +02:00 [INF] Built VBO for map d490222a-af25-4a7f-bec3-7ca8016e08d7 'New Map' in 11.4647ms
2026-07-10 02:08:41.296 +02:00 [INF] Built VBO for map 000bacda-f0e9-4a92-ab09-e55bd4ad15c1 'New Map' in 8.7456ms
2026-07-10 02:08:41.409 +02:00 [ERR] Exception thrown while trying to load 'resources/tilesets/water_shore_marker.png'
System.IO.FileNotFoundException: Could not find file 'F:\game code engine\Intersect_New\Intersect.Client\resources\tilesets\water_shore_marker.png'.
File name: 'F:\game code engine\Intersect_New\Intersect.Client\resources\tilesets\water_shore_marker.png'
   at Microsoft.Win32.SafeHandles.SafeFileHandle.CreateFile(String fullPath, FileMode mode, FileAccess access, FileShare share, FileOptions options)
   at Microsoft.Win32.SafeHandles.SafeFileHandle.Open(String fullPath, FileMode mode, FileAccess access, FileShare share, FileOptions options, Int64 preallocationSize, Nullable`1 unixCreateMode)
   at System.IO.Strategies.OSFileStreamStrategy..ctor(String path, FileMode mode, FileAccess access, FileShare share, FileOptions options, Int64 preallocationSize, Nullable`1 unixCreateMode)
   at System.IO.Strategies.FileStreamHelpers.ChooseStrategyCore(String path, FileMode mode, FileAccess access, FileShare share, FileOptions options, Int64 preallocationSize, Nullable`1 unixCreateMode)
   at System.IO.File.OpenRead(String path)
   at Intersect.Client.Framework.Graphics.GameRenderer.<>c__DisplayClass182_0.<LoadTexture>b__0() in F:\game code engine\Intersect_New\Intersect.Client.Framework\Graphics\GameRenderer.cs:line 1027
   at Intersect.Client.Framework.Graphics.GameTexture`2.LoadPlatformTexture(Boolean force) in F:\game code engine\Intersect_New\Intersect.Client.Framework\Graphics\GameTexture.cs:line 279
2026-07-10 02:08:41.410 +02:00 [INF] Built VBO for map 27c6a7b2-4e9f-4316-9a0f-e13ec8e16ba2 'Forest' in 113.5966ms
2026-07-10 02:08:41.446 +02:00 [INF] Built VBO for map e341d25d-5ff4-4cd6-bcd5-2f2cda710c86 'Greenfall Vale' in 31.6191ms
2026-07-10 02:08:41.459 +02:00 [INF] Built VBO for map f519d3ea-b6f4-4b17-b87a-1dcf003cd3ec 'New Map' in 12.0434ms
2026-07-10 02:09:58.902 +02:00 [INF] System window closing (due to user interaction most likely).
2026-07-10 02:09:58.905 +02:00 [INF] Disconnected [abe2065c-7ac5-43c4-9370-2908c888ec35].
2026-07-10 02:09:58.906 +02:00 [INF] Updating active permission set to 'default'
2026-07-10 02:09:58.998 +02:00 [INF] Acquiring context lock... (0ms)
2026-07-10 02:09:58.998 +02:00 [INF] Acquired. (0ms)
2026-07-10 02:09:58.999 +02:00 [INF] Beginning context dispose. (0ms)
2026-07-10 02:09:58.999 +02:00 [INF] GC.SuppressFinalize (0ms)
2026-07-10 02:09:58.999 +02:00 [INF] InternalDispose() completed. (0ms)
2026-07-10 02:09:58.999 +02:00 [INF] Clearing instance... (1ms)
2026-07-10 02:09:58.999 +02:00 [INF] Releasing context lock... (1ms)
2026-07-10 02:09:58.999 +02:00 [INF] Released. (1ms)
