2026-06-24 19:47:01.167 +02:00 [INF] Starting Intersect Client v0.8.0.0-custom+32d39132dace1351f63375b261f241297dd35be8-dirty
2026-06-24 19:47:01.396 +02:00 [INF] Discovered service type: Intersect.Plugins.PluginService
2026-06-24 19:47:01.399 +02:00 [WRN] Directory was specified as a plugin directory but does not exist: 'resources\plugins'
2026-06-24 19:47:01.400 +02:00 [INF] Discovered 0 plugins:

2026-06-24 19:47:03.272 +02:00 [INF] Connecting to 127.0.0.1:5400...
2026-06-24 19:47:03.293 +02:00 [INF] Connected [231ca18e-5142-4466-8bb1-382468e0f814].
2026-06-24 19:47:03.315 +02:00 [INF] Connection approved [231ca18e-5142-4466-8bb1-382468e0f814].
2026-06-24 19:47:03.409 +02:00 [INF] Updated PermissionSet 'default'
2026-06-24 19:47:08.850 +02:00 [INF] Updated PermissionSet 'admin'
2026-06-24 19:47:08.850 +02:00 [INF] Updating active permission set to 'admin'
2026-06-24 19:47:09.794 +02:00 [WRN] 'Me' is null.
2026-06-24 19:47:10.518 +02:00 [INF] Built VBO for map 15601ad4-9f26-4abe-a6c9-3a7eebaa3045 'Forest' in 28.614ms
2026-06-24 19:47:10.621 +02:00 [ERR] Exception thrown while trying to load 'resources/tilesets/water_shore_marker.png'
System.IO.FileNotFoundException: Could not find file 'F:\game code engine\Intersect_New\Intersect.Client\resources\tilesets\water_shore_marker.png'.
File name: 'F:\game code engine\Intersect_New\Intersect.Client\resources\tilesets\water_shore_marker.png'
   at Microsoft.Win32.SafeHandles.SafeFileHandle.CreateFile(String fullPath, FileMode mode, FileAccess access, FileShare share, FileOptions options)
   at Microsoft.Win32.SafeHandles.SafeFileHandle.Open(String fullPath, FileMode mode, FileAccess access, FileShare share, FileOptions options, Int64 preallocationSize, Nullable`1 unixCreateMode)
   at System.IO.Strategies.OSFileStreamStrategy..ctor(String path, FileMode mode, FileAccess access, FileShare share, FileOptions options, Int64 preallocationSize, Nullable`1 unixCreateMode)
   at System.IO.Strategies.FileStreamHelpers.ChooseStrategyCore(String path, FileMode mode, FileAccess access, FileShare share, FileOptions options, Int64 preallocationSize, Nullable`1 unixCreateMode)
   at System.IO.File.OpenRead(String path)
   at Intersect.Client.Framework.Graphics.GameRenderer.<>c__DisplayClass181_0.<LoadTexture>b__0() in F:\game code engine\Intersect_New\Intersect.Client.Framework\Graphics\GameRenderer.cs:line 1011
   at Intersect.Client.Framework.Graphics.GameTexture`2.LoadPlatformTexture(Boolean force) in F:\game code engine\Intersect_New\Intersect.Client.Framework\Graphics\GameTexture.cs:line 279
2026-06-24 19:47:10.978 +02:00 [INF] Built VBO for map 27c6a7b2-4e9f-4316-9a0f-e13ec8e16ba2 'Forest' in 458.9782ms
2026-06-24 19:47:11.001 +02:00 [INF] Built VBO for map e341d25d-5ff4-4cd6-bcd5-2f2cda710c86 'town' in 18.5247ms
2026-06-24 19:47:13.738 +02:00 [INF] Built VBO for map 27c6a7b2-4e9f-4316-9a0f-e13ec8e16ba2 'Forest' in 15.1148ms
2026-06-24 19:47:13.862 +02:00 [INF] Built VBO for map 9802b09c-f592-4d93-8e11-d3424500716c 'Forest' in 5.7835ms
2026-06-24 19:47:14.372 +02:00 [INF] Built VBO for map 15601ad4-9f26-4abe-a6c9-3a7eebaa3045 'Forest' in 4.2723ms
2026-06-24 19:53:24.847 +02:00 [INF] Music volume set to 20 from InGame..SettingsWindow._innerPanel._tabs._innerPanel._audioSettingsTab._scrollPanel._musicSlider._slider
2026-06-24 19:53:24.848 +02:00 [INF] Sound volume set to 20 from InGame..SettingsWindow._innerPanel._tabs._innerPanel._audioSettingsTab._scrollPanel._soundEffectsSlider._slider
2026-06-24 19:53:24.848 +02:00 [INF] Weather sounds volume set to 80 from InGame..SettingsWindow._innerPanel._tabs._innerPanel._audioSettingsTab._scrollPanel._weatherSoundsSlider._slider
2026-06-24 19:59:15.377 +02:00 [INF] System window closing (due to user interaction most likely).
2026-06-24 19:59:15.380 +02:00 [INF] Disconnected [231ca18e-5142-4466-8bb1-382468e0f814].
2026-06-24 19:59:15.381 +02:00 [INF] Updating active permission set to 'default'
2026-06-24 19:59:15.417 +02:00 [INF] Acquiring context lock... (0ms)
2026-06-24 19:59:15.417 +02:00 [INF] Acquired. (0ms)
2026-06-24 19:59:15.418 +02:00 [INF] Beginning context dispose. (0ms)
2026-06-24 19:59:15.418 +02:00 [INF] GC.SuppressFinalize (0ms)
2026-06-24 19:59:15.418 +02:00 [INF] InternalDispose() completed. (0ms)
2026-06-24 19:59:15.418 +02:00 [INF] Clearing instance... (1ms)
2026-06-24 19:59:15.418 +02:00 [INF] Releasing context lock... (1ms)
2026-06-24 19:59:15.418 +02:00 [INF] Released. (1ms)
