2026-05-18 05:23:20.866 +02:00 [INF] Starting Intersect Client v0.8.0.0-custom+32d39132dace1351f63375b261f241297dd35be8-dirty
2026-05-18 05:23:21.072 +02:00 [INF] Discovered service type: Intersect.Plugins.PluginService
2026-05-18 05:23:21.076 +02:00 [WRN] Directory was specified as a plugin directory but does not exist: 'resources\plugins'
2026-05-18 05:23:21.076 +02:00 [INF] Discovered 0 plugins:

2026-05-18 05:23:23.914 +02:00 [INF] Connecting to 127.0.0.1:5400...
2026-05-18 05:23:23.923 +02:00 [INF] Connected [3a04a3b3-6e93-48e6-8455-ef08d0fb8331].
2026-05-18 05:23:23.953 +02:00 [INF] Connection approved [3a04a3b3-6e93-48e6-8455-ef08d0fb8331].
2026-05-18 05:23:24.027 +02:00 [INF] Updated PermissionSet 'default'
2026-05-18 05:23:24.027 +02:00 [INF] Updated PermissionSet 'admin'
2026-05-18 05:23:30.696 +02:00 [INF] Updating active permission set to 'admin'
2026-05-18 05:23:31.338 +02:00 [WRN] 'Me' is null.
2026-05-18 05:23:32.034 +02:00 [INF] Built VBO for map e341d25d-5ff4-4cd6-bcd5-2f2cda710c86 'Forest' in 12.1061ms
2026-05-18 05:24:10.024 +02:00 [INF] Built VBO for map e341d25d-5ff4-4cd6-bcd5-2f2cda710c86 'Forest' in 2.4112ms
2026-05-18 05:24:19.751 +02:00 [INF] Built VBO for map e341d25d-5ff4-4cd6-bcd5-2f2cda710c86 'Forest' in 2.4532ms
2026-05-18 05:24:26.553 +02:00 [INF] Built VBO for map e341d25d-5ff4-4cd6-bcd5-2f2cda710c86 'Forest' in 2.1468ms
2026-05-18 05:24:34.375 +02:00 [INF] Built VBO for map e341d25d-5ff4-4cd6-bcd5-2f2cda710c86 'Forest' in 2.3527ms
2026-05-18 05:24:40.897 +02:00 [INF] Built VBO for map e341d25d-5ff4-4cd6-bcd5-2f2cda710c86 'Forest' in 3.3577ms
2026-05-18 05:24:52.749 +02:00 [INF] Built VBO for map e341d25d-5ff4-4cd6-bcd5-2f2cda710c86 'Forest' in 2.3201ms
2026-05-18 05:24:58.542 +02:00 [INF] Built VBO for map e341d25d-5ff4-4cd6-bcd5-2f2cda710c86 'Forest' in 1.9995ms
2026-05-18 05:25:06.657 +02:00 [INF] Built VBO for map e341d25d-5ff4-4cd6-bcd5-2f2cda710c86 'Forest' in 1.9628ms
2026-05-18 05:25:12.304 +02:00 [INF] System window closing (due to user interaction most likely).
2026-05-18 05:25:12.307 +02:00 [INF] Disconnected [3a04a3b3-6e93-48e6-8455-ef08d0fb8331].
2026-05-18 05:25:12.308 +02:00 [INF] Updating active permission set to 'default'
2026-05-18 05:25:12.333 +02:00 [INF] Acquiring context lock... (0ms)
2026-05-18 05:25:12.333 +02:00 [INF] Acquired. (0ms)
2026-05-18 05:25:12.334 +02:00 [INF] Beginning context dispose. (0ms)
2026-05-18 05:25:12.334 +02:00 [INF] GC.SuppressFinalize (0ms)
2026-05-18 05:25:12.334 +02:00 [INF] InternalDispose() completed. (0ms)
2026-05-18 05:25:12.334 +02:00 [INF] Clearing instance... (1ms)
2026-05-18 05:25:12.334 +02:00 [INF] Releasing context lock... (1ms)
2026-05-18 05:25:12.334 +02:00 [INF] Released. (1ms)
