2026-05-01 16:10:03.161 +06:00 [INF] Starting Intersect Client v0.8.0.0-custom+32d39132dace1351f63375b261f241297dd35be8-dirty
2026-05-01 16:10:03.373 +06:00 [INF] Discovered service type: Intersect.Plugins.PluginService
2026-05-01 16:10:03.377 +06:00 [WRN] Directory was specified as a plugin directory but does not exist: 'resources\plugins'
2026-05-01 16:10:03.378 +06:00 [INF] Discovered 0 plugins:

2026-05-01 16:10:05.288 +06:00 [INF] Connecting to 127.0.0.1:5400...
2026-05-01 16:10:05.297 +06:00 [INF] Connected [ecbbb102-d820-4c9f-b9fd-b5609141b39b].
2026-05-01 16:10:05.308 +06:00 [INF] Connection approved [ecbbb102-d820-4c9f-b9fd-b5609141b39b].
2026-05-01 16:10:05.404 +06:00 [INF] Updated PermissionSet 'default'
2026-05-01 16:10:05.404 +06:00 [INF] Updated PermissionSet 'admin'
2026-05-01 16:10:08.936 +06:00 [INF] Updating active permission set to 'admin'
2026-05-01 16:10:09.759 +06:00 [WRN] 'Me' is null.
2026-05-01 16:10:10.388 +06:00 [INF] Built VBO for map 27c6a7b2-4e9f-4316-9a0f-e13ec8e16ba2 'Forest' in 12.5608ms
2026-05-01 16:10:32.885 +06:00 [INF] System window closing (due to user interaction most likely).
2026-05-01 16:10:32.889 +06:00 [INF] Disconnected [ecbbb102-d820-4c9f-b9fd-b5609141b39b].
2026-05-01 16:10:32.889 +06:00 [INF] Updating active permission set to 'default'
2026-05-01 16:10:32.924 +06:00 [INF] Acquiring context lock... (0ms)
2026-05-01 16:10:32.924 +06:00 [INF] Acquired. (0ms)
2026-05-01 16:10:32.925 +06:00 [INF] Beginning context dispose. (0ms)
2026-05-01 16:10:32.925 +06:00 [INF] GC.SuppressFinalize (0ms)
2026-05-01 16:10:32.925 +06:00 [INF] InternalDispose() completed. (0ms)
2026-05-01 16:10:32.925 +06:00 [INF] Clearing instance... (1ms)
2026-05-01 16:10:32.925 +06:00 [INF] Releasing context lock... (1ms)
2026-05-01 16:10:32.925 +06:00 [INF] Released. (1ms)
