2026-04-20 20:58:56.189 +06:00 [INF] Starting Intersect Client v0.8.0.0-custom+32d39132dace1351f63375b261f241297dd35be8-dirty
2026-04-20 20:58:56.380 +06:00 [INF] Discovered service type: Intersect.Plugins.PluginService
2026-04-20 20:58:56.383 +06:00 [WRN] Directory was specified as a plugin directory but does not exist: 'resources\plugins'
2026-04-20 20:58:56.384 +06:00 [INF] Discovered 0 plugins:

2026-04-20 20:59:13.351 +06:00 [INF] Connecting to 127.0.0.1:5400...
2026-04-20 20:59:13.368 +06:00 [INF] Connected [bf8e1b9c-be62-47ac-8fd9-17e4a236952d].
2026-04-20 20:59:13.387 +06:00 [INF] Connection approved [bf8e1b9c-be62-47ac-8fd9-17e4a236952d].
2026-04-20 20:59:13.466 +06:00 [INF] Updated PermissionSet 'default'
2026-04-20 20:59:18.142 +06:00 [INF] Updated PermissionSet 'admin'
2026-04-20 20:59:18.142 +06:00 [INF] Updating active permission set to 'admin'
2026-04-20 20:59:18.306 +06:00 [WRN] Unable to add '_buttonLogout' to the JSON of MainMenu.SelectCharacterWindow._innerPanel._buttonsPanel because a sibling shares the same name
2026-04-20 20:59:41.733 +06:00 [WRN] 'Me' is null.
2026-04-20 20:59:42.225 +06:00 [INF] Built VBO for map c15f8299-8999-471f-9760-388ff4cdec7c 'Forest' in 28.5706ms
2026-04-20 21:00:19.797 +06:00 [INF] System window closing (due to user interaction most likely).
2026-04-20 21:00:19.800 +06:00 [INF] Disconnected [bf8e1b9c-be62-47ac-8fd9-17e4a236952d].
2026-04-20 21:00:19.800 +06:00 [INF] Updating active permission set to 'default'
2026-04-20 21:00:19.917 +06:00 [INF] Acquiring context lock... (0ms)
2026-04-20 21:00:19.917 +06:00 [INF] Acquired. (0ms)
2026-04-20 21:00:19.918 +06:00 [INF] Beginning context dispose. (0ms)
2026-04-20 21:00:19.918 +06:00 [INF] GC.SuppressFinalize (0ms)
2026-04-20 21:00:19.918 +06:00 [INF] InternalDispose() completed. (0ms)
2026-04-20 21:00:19.918 +06:00 [INF] Clearing instance... (1ms)
2026-04-20 21:00:19.918 +06:00 [INF] Releasing context lock... (1ms)
2026-04-20 21:00:19.918 +06:00 [INF] Released. (1ms)
