2026-05-24 19:37:15.581 +02:00 [INF] Starting Intersect Client v0.8.0.0-custom+32d39132dace1351f63375b261f241297dd35be8-dirty
2026-05-24 19:37:15.791 +02:00 [INF] Discovered service type: Intersect.Plugins.PluginService
2026-05-24 19:37:15.795 +02:00 [WRN] Directory was specified as a plugin directory but does not exist: 'resources\plugins'
2026-05-24 19:37:15.796 +02:00 [INF] Discovered 0 plugins:

2026-05-24 19:37:19.651 +02:00 [INF] Connecting to 127.0.0.1:5400...
2026-05-24 19:37:19.660 +02:00 [INF] Connected [dbb0cbde-3ac9-4f0a-a31d-23984b3e3669].
2026-05-24 19:37:19.664 +02:00 [INF] Connection approved [dbb0cbde-3ac9-4f0a-a31d-23984b3e3669].
2026-05-24 19:37:19.752 +02:00 [INF] Updated PermissionSet 'default'
2026-05-24 19:37:19.752 +02:00 [INF] Updated PermissionSet 'admin'
2026-05-24 19:37:24.298 +02:00 [INF] Updating active permission set to 'admin'
2026-05-24 19:37:25.191 +02:00 [WRN] 'Me' is null.
2026-05-24 19:37:25.969 +02:00 [INF] Built VBO for map 27c6a7b2-4e9f-4316-9a0f-e13ec8e16ba2 'Forest' in 77.6637ms
2026-05-24 19:38:05.840 +02:00 [INF] Built VBO for map e341d25d-5ff4-4cd6-bcd5-2f2cda710c86 'Forest' in 7.7282ms
2026-05-24 19:40:46.509 +02:00 [INF] Built VBO for map 27c6a7b2-4e9f-4316-9a0f-e13ec8e16ba2 'Forest' in 48.3515ms
2026-05-24 19:42:33.957 +02:00 [INF] Built VBO for map e341d25d-5ff4-4cd6-bcd5-2f2cda710c86 'Forest' in 4.3609ms
2026-05-24 19:43:06.651 +02:00 [INF] Built VBO for map 27c6a7b2-4e9f-4316-9a0f-e13ec8e16ba2 'Forest' in 40.2894ms
2026-05-24 19:43:06.661 +02:00 [INF] Built VBO for map e341d25d-5ff4-4cd6-bcd5-2f2cda710c86 'Forest' in 4.0319ms
2026-05-24 19:47:28.929 +02:00 [INF] System window closing (due to user interaction most likely).
2026-05-24 19:47:28.933 +02:00 [INF] Disconnected [dbb0cbde-3ac9-4f0a-a31d-23984b3e3669].
2026-05-24 19:47:28.933 +02:00 [INF] Updating active permission set to 'default'
2026-05-24 19:47:28.964 +02:00 [INF] Acquiring context lock... (0ms)
2026-05-24 19:47:28.964 +02:00 [INF] Acquired. (0ms)
2026-05-24 19:47:28.965 +02:00 [INF] Beginning context dispose. (0ms)
2026-05-24 19:47:28.965 +02:00 [INF] GC.SuppressFinalize (0ms)
2026-05-24 19:47:28.965 +02:00 [INF] InternalDispose() completed. (0ms)
2026-05-24 19:47:28.966 +02:00 [INF] Clearing instance... (1ms)
2026-05-24 19:47:28.966 +02:00 [INF] Releasing context lock... (1ms)
2026-05-24 19:47:28.966 +02:00 [INF] Released. (1ms)
