2026-06-26 22:13:59.733 +02:00 [INF] Starting Intersect Client v0.8.0.0-custom+32d39132dace1351f63375b261f241297dd35be8-dirty
2026-06-26 22:14:00.095 +02:00 [INF] Discovered service type: Intersect.Plugins.PluginService
2026-06-26 22:14:00.100 +02:00 [WRN] Directory was specified as a plugin directory but does not exist: 'resources\plugins'
2026-06-26 22:14:00.101 +02:00 [INF] Discovered 0 plugins:

2026-06-26 22:14:02.446 +02:00 [INF] Connecting to 127.0.0.1:5400...
2026-06-26 22:14:02.470 +02:00 [INF] Connected [9a591e2f-1149-437e-9463-b27ee1fe68b5].
2026-06-26 22:14:02.495 +02:00 [INF] Connection approved [9a591e2f-1149-437e-9463-b27ee1fe68b5].
2026-06-26 22:14:02.601 +02:00 [INF] Updated PermissionSet 'default'
2026-06-26 22:14:06.308 +02:00 [INF] Updated PermissionSet 'admin'
2026-06-26 22:14:06.309 +02:00 [INF] Updating active permission set to 'admin'
2026-06-26 22:14:15.734 +02:00 [INF] Disconnected [9a591e2f-1149-437e-9463-b27ee1fe68b5].
2026-06-26 22:14:15.735 +02:00 [INF] Updating active permission set to 'default'
2026-06-26 22:14:16.605 +02:00 [INF] Connecting to 127.0.0.1:5400...
2026-06-26 22:14:16.612 +02:00 [INF] Connected [89a2a0d0-9975-4caa-b351-b428329be66a].
2026-06-26 22:14:16.621 +02:00 [INF] Connection approved [89a2a0d0-9975-4caa-b351-b428329be66a].
2026-06-26 22:14:16.633 +02:00 [INF] Updated PermissionSet 'default'
2026-06-26 22:14:16.633 +02:00 [INF] Updated PermissionSet 'admin'
2026-06-26 22:14:20.392 +02:00 [INF] Updating active permission set to 'admin'
2026-06-26 22:14:33.745 +02:00 [INF] Disconnected [89a2a0d0-9975-4caa-b351-b428329be66a].
2026-06-26 22:14:33.745 +02:00 [INF] Updating active permission set to 'default'
2026-06-26 22:14:34.998 +02:00 [INF] Connecting to 127.0.0.1:5400...
2026-06-26 22:14:35.003 +02:00 [INF] Connected [298f8a39-be72-4469-819f-7508294d7e13].
2026-06-26 22:14:35.011 +02:00 [INF] Connection approved [298f8a39-be72-4469-819f-7508294d7e13].
2026-06-26 22:14:35.029 +02:00 [INF] Updated PermissionSet 'default'
2026-06-26 22:14:35.029 +02:00 [INF] Updated PermissionSet 'admin'
2026-06-26 22:14:38.593 +02:00 [INF] Updating active permission set to 'admin'
2026-06-26 22:17:08.570 +02:00 [WRN] 'Me' is null.
2026-06-26 22:17:09.293 +02:00 [ERR] Exception thrown while trying to load 'resources/tilesets/water_shore_marker.png'
System.IO.FileNotFoundException: Could not find file 'F:\game code engine\Intersect_New\Intersect.Client\resources\tilesets\water_shore_marker.png'.
File name: 'F:\game code engine\Intersect_New\Intersect.Client\resources\tilesets\water_shore_marker.png'
   at Microsoft.Win32.SafeHandles.SafeFileHandle.CreateFile(String fullPath, FileMode mode, FileAccess access, FileShare share, FileOptions options)
   at Microsoft.Win32.SafeHandles.SafeFileHandle.Open(String fullPath, FileMode mode, FileAccess access, FileShare share, FileOptions options, Int64 preallocationSize, Nullable`1 unixCreateMode)
   at System.IO.Strategies.OSFileStreamStrategy..ctor(String path, FileMode mode, FileAccess access, FileShare share, FileOptions options, Int64 preallocationSize, Nullable`1 unixCreateMode)
   at System.IO.File.OpenRead(String path)
   at Intersect.Client.Framework.Graphics.GameRenderer.<>c__DisplayClass181_0.<LoadTexture>b__0() in F:\game code engine\Intersect_New\Intersect.Client.Framework\Graphics\GameRenderer.cs:line 1011
   at Intersect.Client.Framework.Graphics.GameTexture`2.LoadPlatformTexture(Boolean force) in F:\game code engine\Intersect_New\Intersect.Client.Framework\Graphics\GameTexture.cs:line 279
2026-06-26 22:17:09.307 +02:00 [INF] Built VBO for map 9802b09c-f592-4d93-8e11-d3424500716c 'Forest' in 48.024ms
2026-06-26 22:17:09.316 +02:00 [INF] Built VBO for map 15601ad4-9f26-4abe-a6c9-3a7eebaa3045 'Forest' in 8.7377ms
2026-06-26 22:17:09.531 +02:00 [INF] Built VBO for map a31f210c-f5fb-48bf-9db2-45fab2293a4c 'Forest' in 210.1978ms
2026-06-26 22:17:09.923 +02:00 [INF] Built VBO for map 27c6a7b2-4e9f-4316-9a0f-e13ec8e16ba2 'Forest' in 391.0675ms
2026-06-26 22:17:09.936 +02:00 [INF] Built VBO for map e341d25d-5ff4-4cd6-bcd5-2f2cda710c86 'town' in 9.8462ms
2026-06-26 22:17:36.108 +02:00 [INF] System window closing (due to user interaction most likely).
2026-06-26 22:17:36.110 +02:00 [INF] Disconnected [298f8a39-be72-4469-819f-7508294d7e13].
2026-06-26 22:17:36.110 +02:00 [INF] Updating active permission set to 'default'
2026-06-26 22:17:36.137 +02:00 [INF] Acquiring context lock... (0ms)
2026-06-26 22:17:36.137 +02:00 [INF] Acquired. (0ms)
2026-06-26 22:17:36.137 +02:00 [INF] Beginning context dispose. (0ms)
2026-06-26 22:17:36.138 +02:00 [INF] GC.SuppressFinalize (0ms)
2026-06-26 22:17:36.138 +02:00 [INF] InternalDispose() completed. (0ms)
2026-06-26 22:17:36.138 +02:00 [INF] Clearing instance... (1ms)
2026-06-26 22:17:36.138 +02:00 [INF] Releasing context lock... (1ms)
2026-06-26 22:17:36.138 +02:00 [INF] Released. (1ms)
