2026-05-14 05:17:02.597 +02:00 [INF] Starting Intersect Client v0.8.0.0-custom+32d39132dace1351f63375b261f241297dd35be8-dirty
2026-05-14 05:17:02.826 +02:00 [INF] Discovered service type: Intersect.Plugins.PluginService
2026-05-14 05:17:02.829 +02:00 [WRN] Directory was specified as a plugin directory but does not exist: 'resources\plugins'
2026-05-14 05:17:02.830 +02:00 [INF] Discovered 0 plugins:

2026-05-14 05:17:05.190 +02:00 [INF] Connecting to 127.0.0.1:5400...
2026-05-14 05:17:05.214 +02:00 [INF] Connected [7161bf7a-b0e4-4a85-b8b5-8a07fbbe21bd].
2026-05-14 05:17:05.244 +02:00 [INF] Connection approved [7161bf7a-b0e4-4a85-b8b5-8a07fbbe21bd].
2026-05-14 05:17:05.346 +02:00 [INF] Updated PermissionSet 'default'
2026-05-14 05:17:09.331 +02:00 [INF] Updated PermissionSet 'admin'
2026-05-14 05:17:09.332 +02:00 [INF] Updating active permission set to 'admin'
2026-05-14 05:17:10.045 +02:00 [WRN] 'Me' is null.
2026-05-14 05:17:10.904 +02:00 [INF] Built VBO for map 24cc8989-0a45-4ecb-bf58-41efcefcaeb8 'Test' in 32.6759ms
2026-05-14 05:17:24.288 +02:00 [INF] Built VBO for map 27c6a7b2-4e9f-4316-9a0f-e13ec8e16ba2 'Forest' in 22.9337ms
2026-05-14 05:17:27.559 +02:00 [INF] Built VBO for map a31f210c-f5fb-48bf-9db2-45fab2293a4c 'Forest' in 9.9427ms
2026-05-14 05:17:28.876 +02:00 [INF] Built VBO for map 24cc8989-0a45-4ecb-bf58-41efcefcaeb8 'Test' in 3.9599ms
2026-05-14 05:18:28.164 +02:00 [INF] System window closing (due to user interaction most likely).
2026-05-14 05:18:28.167 +02:00 [INF] Disconnected [7161bf7a-b0e4-4a85-b8b5-8a07fbbe21bd].
2026-05-14 05:18:28.168 +02:00 [INF] Updating active permission set to 'default'
2026-05-14 05:18:28.205 +02:00 [INF] Acquiring context lock... (0ms)
2026-05-14 05:18:28.205 +02:00 [INF] Acquired. (0ms)
2026-05-14 05:18:28.205 +02:00 [INF] Beginning context dispose. (0ms)
2026-05-14 05:18:28.206 +02:00 [INF] GC.SuppressFinalize (0ms)
2026-05-14 05:18:28.206 +02:00 [INF] InternalDispose() completed. (0ms)
2026-05-14 05:18:28.206 +02:00 [INF] Clearing instance... (1ms)
2026-05-14 05:18:28.206 +02:00 [INF] Releasing context lock... (1ms)
2026-05-14 05:18:28.206 +02:00 [INF] Released. (1ms)
