2026-06-19 22:13:07.206 +02:00 [INF] Starting Intersect Client v0.8.0.0-custom+32d39132dace1351f63375b261f241297dd35be8-dirty
2026-06-19 22:13:07.458 +02:00 [INF] Discovered service type: Intersect.Plugins.PluginService
2026-06-19 22:13:07.461 +02:00 [WRN] Directory was specified as a plugin directory but does not exist: 'resources\plugins'
2026-06-19 22:13:07.462 +02:00 [INF] Discovered 0 plugins:

2026-06-19 22:13:12.299 +02:00 [INF] Connecting to 127.0.0.1:5400...
2026-06-19 22:13:12.320 +02:00 [INF] Connected [28ffa2cb-b07d-4d16-bedb-1c47d40eaf7b].
2026-06-19 22:13:12.339 +02:00 [INF] Connection approved [28ffa2cb-b07d-4d16-bedb-1c47d40eaf7b].
2026-06-19 22:13:12.445 +02:00 [INF] Updated PermissionSet 'default'
2026-06-19 22:13:17.055 +02:00 [INF] Updated PermissionSet 'admin'
2026-06-19 22:13:17.055 +02:00 [INF] Updating active permission set to 'admin'
2026-06-19 22:13:17.846 +02:00 [WRN] 'Me' is null.
2026-06-19 22:13:18.702 +02:00 [INF] Built VBO for map 9802b09c-f592-4d93-8e11-d3424500716c 'Forest' in 41.1974ms
2026-06-19 22:13:18.707 +02:00 [INF] Built VBO for map 15601ad4-9f26-4abe-a6c9-3a7eebaa3045 'Forest' in 4.3322ms
2026-06-19 22:13:18.714 +02:00 [INF] Built VBO for map a31f210c-f5fb-48bf-9db2-45fab2293a4c 'Forest' in 3.3612ms
2026-06-19 22:13:18.716 +02:00 [INF] Built VBO for map 27c6a7b2-4e9f-4316-9a0f-e13ec8e16ba2 'Forest' in 1.0863ms
2026-06-19 22:13:18.724 +02:00 [INF] Built VBO for map e341d25d-5ff4-4cd6-bcd5-2f2cda710c86 'town' in 1.7446ms
2026-06-19 22:13:19.022 +02:00 [ERR] Exception thrown while trying to load 'resources/tilesets/water_shore_marker.png'
System.IO.FileNotFoundException: Could not find file 'F:\game code engine\Intersect_New\Intersect.Client\resources\tilesets\water_shore_marker.png'.
File name: 'F:\game code engine\Intersect_New\Intersect.Client\resources\tilesets\water_shore_marker.png'
   at Microsoft.Win32.SafeHandles.SafeFileHandle.CreateFile(String fullPath, FileMode mode, FileAccess access, FileShare share, FileOptions options)
   at Microsoft.Win32.SafeHandles.SafeFileHandle.Open(String fullPath, FileMode mode, FileAccess access, FileShare share, FileOptions options, Int64 preallocationSize, Nullable`1 unixCreateMode)
   at System.IO.Strategies.OSFileStreamStrategy..ctor(String path, FileMode mode, FileAccess access, FileShare share, FileOptions options, Int64 preallocationSize, Nullable`1 unixCreateMode)
   at System.IO.Strategies.FileStreamHelpers.ChooseStrategyCore(String path, FileMode mode, FileAccess access, FileShare share, FileOptions options, Int64 preallocationSize, Nullable`1 unixCreateMode)
   at System.IO.File.OpenRead(String path)
   at Intersect.Client.Framework.Graphics.GameRenderer.<>c__DisplayClass181_0.<LoadTexture>b__0() in F:\game code engine\Intersect_New\Intersect.Client.Framework\Graphics\GameRenderer.cs:line 1011
   at Intersect.Client.Framework.Graphics.GameTexture`2.LoadPlatformTexture(Boolean force) in F:\game code engine\Intersect_New\Intersect.Client.Framework\Graphics\GameTexture.cs:line 279
2026-06-19 22:13:19.131 +02:00 [INF] Built VBO for map 15601ad4-9f26-4abe-a6c9-3a7eebaa3045 'Forest' in 1.7626ms
2026-06-19 22:13:19.189 +02:00 [INF] Built VBO for map 27c6a7b2-4e9f-4316-9a0f-e13ec8e16ba2 'Forest' in 57.6027ms
2026-06-19 22:13:28.554 +02:00 [INF] Built VBO for map e341d25d-5ff4-4cd6-bcd5-2f2cda710c86 'town' in 1.8787ms
2026-06-19 22:13:35.811 +02:00 [INF] Built VBO for map e341d25d-5ff4-4cd6-bcd5-2f2cda710c86 'town' in 2.9215ms
2026-06-19 22:13:37.506 +02:00 [INF] Built VBO for map 27c6a7b2-4e9f-4316-9a0f-e13ec8e16ba2 'Forest' in 6.7244ms
2026-06-19 22:13:40.905 +02:00 [INF] Built VBO for map 27c6a7b2-4e9f-4316-9a0f-e13ec8e16ba2 'Forest' in 10.3545ms
2026-06-19 22:13:43.586 +02:00 [INF] Built VBO for map 27c6a7b2-4e9f-4316-9a0f-e13ec8e16ba2 'Forest' in 12.5895ms
2026-06-19 22:14:26.303 +02:00 [INF] Built VBO for map 27c6a7b2-4e9f-4316-9a0f-e13ec8e16ba2 'Forest' in 13.0062ms
2026-06-19 22:15:02.784 +02:00 [INF] Built VBO for map 9802b09c-f592-4d93-8e11-d3424500716c 'Forest' in 4.0194ms
2026-06-19 22:15:02.787 +02:00 [INF] Built VBO for map 15601ad4-9f26-4abe-a6c9-3a7eebaa3045 'Forest' in 2.6085ms
2026-06-19 22:15:02.823 +02:00 [INF] Built VBO for map 27c6a7b2-4e9f-4316-9a0f-e13ec8e16ba2 'Forest' in 35.5772ms
2026-06-19 22:15:02.990 +02:00 [INF] Built VBO for map a31f210c-f5fb-48bf-9db2-45fab2293a4c 'Forest' in 0.6546ms
2026-06-19 22:15:03.150 +02:00 [INF] Built VBO for map e341d25d-5ff4-4cd6-bcd5-2f2cda710c86 'town' in 1.9695ms
2026-06-19 22:15:19.949 +02:00 [INF] Built VBO for map 9802b09c-f592-4d93-8e11-d3424500716c 'Forest' in 3.0855ms
2026-06-19 22:15:19.951 +02:00 [INF] Built VBO for map 15601ad4-9f26-4abe-a6c9-3a7eebaa3045 'Forest' in 1.7943ms
2026-06-19 22:15:19.985 +02:00 [INF] Built VBO for map 27c6a7b2-4e9f-4316-9a0f-e13ec8e16ba2 'Forest' in 33.1581ms
2026-06-19 22:15:20.146 +02:00 [INF] Built VBO for map a31f210c-f5fb-48bf-9db2-45fab2293a4c 'Forest' in 0.4861ms
2026-06-19 22:15:20.310 +02:00 [INF] Built VBO for map e341d25d-5ff4-4cd6-bcd5-2f2cda710c86 'town' in 1.5937ms
2026-06-19 22:16:08.510 +02:00 [INF] Disconnected [28ffa2cb-b07d-4d16-bedb-1c47d40eaf7b].
2026-06-19 22:16:08.512 +02:00 [INF] Updating active permission set to 'default'
2026-06-19 22:18:11.285 +02:00 [INF] System window closing (due to user interaction most likely).
2026-06-19 22:18:11.311 +02:00 [INF] Acquiring context lock... (0ms)
2026-06-19 22:18:11.312 +02:00 [INF] Acquired. (0ms)
2026-06-19 22:18:11.312 +02:00 [INF] Beginning context dispose. (0ms)
2026-06-19 22:18:11.313 +02:00 [INF] GC.SuppressFinalize (0ms)
2026-06-19 22:18:11.313 +02:00 [INF] InternalDispose() completed. (0ms)
2026-06-19 22:18:11.313 +02:00 [INF] Clearing instance... (1ms)
2026-06-19 22:18:11.313 +02:00 [INF] Releasing context lock... (1ms)
2026-06-19 22:18:11.313 +02:00 [INF] Released. (1ms)
