2026-06-10 01:02:22.501 +02:00 [INF] Starting Intersect Client v0.8.0.0-custom+32d39132dace1351f63375b261f241297dd35be8-dirty
2026-06-10 01:02:22.729 +02:00 [INF] Discovered service type: Intersect.Plugins.PluginService
2026-06-10 01:02:22.732 +02:00 [WRN] Directory was specified as a plugin directory but does not exist: 'resources\plugins'
2026-06-10 01:02:22.732 +02:00 [INF] Discovered 0 plugins:

2026-06-10 01:02:28.762 +02:00 [INF] Connecting to 127.0.0.1:5400...
2026-06-10 01:02:28.772 +02:00 [INF] Connected [60c14edd-4b50-405e-8b7d-13278079ae88].
2026-06-10 01:02:28.777 +02:00 [INF] Connection approved [60c14edd-4b50-405e-8b7d-13278079ae88].
2026-06-10 01:02:28.880 +02:00 [INF] Updated PermissionSet 'default'
2026-06-10 01:02:28.880 +02:00 [INF] Updated PermissionSet 'admin'
2026-06-10 01:02:33.953 +02:00 [INF] Updating active permission set to 'admin'
2026-06-10 01:02:34.728 +02:00 [WRN] 'Me' is null.
2026-06-10 01:02:35.471 +02:00 [INF] Built VBO for map 9802b09c-f592-4d93-8e11-d3424500716c 'Forest' in 44.6379ms
2026-06-10 01:02:35.476 +02:00 [INF] Built VBO for map 15601ad4-9f26-4abe-a6c9-3a7eebaa3045 'Forest' in 4.315ms
2026-06-10 01:02:35.591 +02:00 [ERR] Exception thrown while trying to load 'resources/tilesets/water_shore_marker.png'
System.IO.FileNotFoundException: Could not find file 'F:\game code engine\Intersect_New\Intersect.Client\resources\tilesets\water_shore_marker.png'.
File name: 'F:\game code engine\Intersect_New\Intersect.Client\resources\tilesets\water_shore_marker.png'
   at Microsoft.Win32.SafeHandles.SafeFileHandle.CreateFile(String fullPath, FileMode mode, FileAccess access, FileShare share, FileOptions options)
   at Microsoft.Win32.SafeHandles.SafeFileHandle.Open(String fullPath, FileMode mode, FileAccess access, FileShare share, FileOptions options, Int64 preallocationSize, Nullable`1 unixCreateMode)
   at System.IO.Strategies.OSFileStreamStrategy..ctor(String path, FileMode mode, FileAccess access, FileShare share, FileOptions options, Int64 preallocationSize, Nullable`1 unixCreateMode)
   at System.IO.File.OpenRead(String path)
   at Intersect.Client.Framework.Graphics.GameRenderer.<>c__DisplayClass181_0.<LoadTexture>b__0() in F:\game code engine\Intersect_New\Intersect.Client.Framework\Graphics\GameRenderer.cs:line 1011
   at Intersect.Client.Framework.Graphics.GameTexture`2.LoadPlatformTexture(Boolean force) in F:\game code engine\Intersect_New\Intersect.Client.Framework\Graphics\GameTexture.cs:line 279
2026-06-10 01:02:35.595 +02:00 [INF] Built VBO for map a31f210c-f5fb-48bf-9db2-45fab2293a4c 'Forest' in 114.6685ms
2026-06-10 01:02:35.620 +02:00 [INF] Built VBO for map 27c6a7b2-4e9f-4316-9a0f-e13ec8e16ba2 'Forest' in 24.9871ms
2026-06-10 01:02:35.956 +02:00 [INF] Built VBO for map a31f210c-f5fb-48bf-9db2-45fab2293a4c 'Forest' in 38.0952ms
2026-06-10 01:02:36.105 +02:00 [INF] Built VBO for map 27c6a7b2-4e9f-4316-9a0f-e13ec8e16ba2 'Forest' in 15.448ms
2026-06-10 01:02:39.608 +02:00 [INF] Built VBO for map 15601ad4-9f26-4abe-a6c9-3a7eebaa3045 'Forest' in 1.1616ms
2026-06-10 01:02:39.624 +02:00 [INF] Built VBO for map 27c6a7b2-4e9f-4316-9a0f-e13ec8e16ba2 'Forest' in 7.0904ms
2026-06-10 01:02:39.824 +02:00 [INF] Built VBO for map e341d25d-5ff4-4cd6-bcd5-2f2cda710c86 'town' in 1.4188ms
2026-06-10 01:02:41.523 +02:00 [INF] Built VBO for map 27c6a7b2-4e9f-4316-9a0f-e13ec8e16ba2 'Forest' in 15.0845ms
2026-06-10 01:02:44.113 +02:00 [INF] Built VBO for map 27c6a7b2-4e9f-4316-9a0f-e13ec8e16ba2 'Forest' in 13.9465ms
2026-06-10 01:02:54.024 +02:00 [INF] Built VBO for map e341d25d-5ff4-4cd6-bcd5-2f2cda710c86 'town' in 1.9705ms
2026-06-10 01:02:56.585 +02:00 [INF] Built VBO for map e341d25d-5ff4-4cd6-bcd5-2f2cda710c86 'town' in 3.1269ms
2026-06-10 01:03:06.062 +02:00 [INF] System window closing (due to user interaction most likely).
2026-06-10 01:03:06.065 +02:00 [INF] Disconnected [60c14edd-4b50-405e-8b7d-13278079ae88].
2026-06-10 01:03:06.066 +02:00 [INF] Updating active permission set to 'default'
2026-06-10 01:03:06.103 +02:00 [INF] Acquiring context lock... (0ms)
2026-06-10 01:03:06.104 +02:00 [INF] Acquired. (0ms)
2026-06-10 01:03:06.104 +02:00 [INF] Beginning context dispose. (0ms)
2026-06-10 01:03:06.105 +02:00 [INF] GC.SuppressFinalize (0ms)
2026-06-10 01:03:06.105 +02:00 [INF] InternalDispose() completed. (0ms)
2026-06-10 01:03:06.105 +02:00 [INF] Clearing instance... (1ms)
2026-06-10 01:03:06.105 +02:00 [INF] Releasing context lock... (1ms)
2026-06-10 01:03:06.105 +02:00 [INF] Released. (1ms)
