2026-07-04 22:10:32.851 +02:00 [INF] Starting Intersect Client v0.8.0.0-custom+32d39132dace1351f63375b261f241297dd35be8-dirty
2026-07-04 22:10:33.142 +02:00 [INF] Discovered service type: Intersect.Plugins.PluginService
2026-07-04 22:10:33.147 +02:00 [WRN] Directory was specified as a plugin directory but does not exist: 'resources\plugins'
2026-07-04 22:10:33.148 +02:00 [INF] Discovered 0 plugins:

2026-07-04 22:10:35.728 +02:00 [INF] Music volume set to 20 from MainMenu.SettingsWindow._innerPanel._tabs._innerPanel._audioSettingsTab._scrollPanel._musicSlider._slider
2026-07-04 22:10:35.729 +02:00 [INF] Sound volume set to 20 from MainMenu.SettingsWindow._innerPanel._tabs._innerPanel._audioSettingsTab._scrollPanel._soundEffectsSlider._slider
2026-07-04 22:10:35.732 +02:00 [INF] Weather sounds volume set to 80 from MainMenu.SettingsWindow._innerPanel._tabs._innerPanel._audioSettingsTab._scrollPanel._weatherSoundsSlider._slider
2026-07-04 22:10:43.448 +02:00 [INF] Connecting to 127.0.0.1:5400...
2026-07-04 22:10:43.471 +02:00 [INF] Connected [4d681ec5-5ccf-477a-82bd-ac0ec10cebf1].
2026-07-04 22:10:43.495 +02:00 [INF] Connection approved [4d681ec5-5ccf-477a-82bd-ac0ec10cebf1].
2026-07-04 22:10:43.575 +02:00 [INF] Updated PermissionSet 'default'
2026-07-04 22:10:47.974 +02:00 [INF] Updated PermissionSet 'admin'
2026-07-04 22:10:47.975 +02:00 [INF] Updating active permission set to 'admin'
2026-07-04 22:11:37.903 +02:00 [WRN] 'Me' is null.
2026-07-04 22:11:38.890 +02:00 [ERR] Exception thrown while trying to load 'resources/tilesets/water_shore_marker.png'
System.IO.FileNotFoundException: Could not find file 'F:\game code engine\Intersect_New\Intersect.Client\resources\tilesets\water_shore_marker.png'.
File name: 'F:\game code engine\Intersect_New\Intersect.Client\resources\tilesets\water_shore_marker.png'
   at Microsoft.Win32.SafeHandles.SafeFileHandle.CreateFile(String fullPath, FileMode mode, FileAccess access, FileShare share, FileOptions options)
   at Microsoft.Win32.SafeHandles.SafeFileHandle.Open(String fullPath, FileMode mode, FileAccess access, FileShare share, FileOptions options, Int64 preallocationSize, Nullable`1 unixCreateMode)
   at System.IO.Strategies.OSFileStreamStrategy..ctor(String path, FileMode mode, FileAccess access, FileShare share, FileOptions options, Int64 preallocationSize, Nullable`1 unixCreateMode)
   at System.IO.Strategies.FileStreamHelpers.ChooseStrategyCore(String path, FileMode mode, FileAccess access, FileShare share, FileOptions options, Int64 preallocationSize, Nullable`1 unixCreateMode)
   at System.IO.File.OpenRead(String path)
   at Intersect.Client.Framework.Graphics.GameRenderer.<>c__DisplayClass182_0.<LoadTexture>b__0() in F:\game code engine\Intersect_New\Intersect.Client.Framework\Graphics\GameRenderer.cs:line 1027
   at Intersect.Client.Framework.Graphics.GameTexture`2.LoadPlatformTexture(Boolean force) in F:\game code engine\Intersect_New\Intersect.Client.Framework\Graphics\GameTexture.cs:line 279
2026-07-04 22:11:38.903 +02:00 [INF] Built VBO for map 9802b09c-f592-4d93-8e11-d3424500716c 'Deep Forest' in 49.1845ms
2026-07-04 22:11:38.913 +02:00 [INF] Built VBO for map 15601ad4-9f26-4abe-a6c9-3a7eebaa3045 'Forest' in 8.6074ms
2026-07-04 22:11:38.923 +02:00 [INF] Built VBO for map d490222a-af25-4a7f-bec3-7ca8016e08d7 'New Map' in 6.0077ms
2026-07-04 22:11:39.025 +02:00 [INF] Built VBO for map a31f210c-f5fb-48bf-9db2-45fab2293a4c 'Forest' in 101.6713ms
2026-07-04 22:11:39.076 +02:00 [INF] Built VBO for map 27c6a7b2-4e9f-4316-9a0f-e13ec8e16ba2 'Forest' in 48.5932ms
2026-07-04 22:11:39.083 +02:00 [INF] Built VBO for map e341d25d-5ff4-4cd6-bcd5-2f2cda710c86 'Greenfall Vale' in 5.9621ms
2026-07-04 22:12:41.940 +02:00 [INF] Built VBO for map d490222a-af25-4a7f-bec3-7ca8016e08d7 'New Map' in 3.6745ms
2026-07-04 22:12:41.965 +02:00 [INF] Built VBO for map e341d25d-5ff4-4cd6-bcd5-2f2cda710c86 'Greenfall Vale' in 4.1491ms
2026-07-04 22:12:42.475 +02:00 [INF] Built VBO for map 000bacda-f0e9-4a92-ab09-e55bd4ad15c1 'New Map' in 3.6286ms
2026-07-04 22:12:45.032 +02:00 [INF] Built VBO for map f519d3ea-b6f4-4b17-b87a-1dcf003cd3ec 'New Map' in 3.1478ms
2026-07-04 22:15:22.373 +02:00 [INF] System window closing (due to user interaction most likely).
2026-07-04 22:15:22.378 +02:00 [INF] Disconnected [4d681ec5-5ccf-477a-82bd-ac0ec10cebf1].
2026-07-04 22:15:22.379 +02:00 [INF] Updating active permission set to 'default'
2026-07-04 22:15:22.427 +02:00 [INF] Acquiring context lock... (0ms)
2026-07-04 22:15:22.427 +02:00 [INF] Acquired. (0ms)
2026-07-04 22:15:22.428 +02:00 [INF] Beginning context dispose. (0ms)
2026-07-04 22:15:22.429 +02:00 [INF] GC.SuppressFinalize (0ms)
2026-07-04 22:15:22.429 +02:00 [INF] InternalDispose() completed. (0ms)
2026-07-04 22:15:22.429 +02:00 [INF] Clearing instance... (1ms)
2026-07-04 22:15:22.429 +02:00 [INF] Releasing context lock... (2ms)
2026-07-04 22:15:22.429 +02:00 [INF] Released. (2ms)
