2026-04-23 20:14:00.031 +06:00 [INF] Starting Intersect Client v0.8.0.0-custom+32d39132dace1351f63375b261f241297dd35be8-dirty
2026-04-23 20:14:01.915 +06:00 [INF] Discovered service type: Intersect.Plugins.PluginService
2026-04-23 20:14:01.928 +06:00 [WRN] Directory was specified as a plugin directory but does not exist: 'resources\plugins'
2026-04-23 20:14:01.929 +06:00 [INF] Discovered 0 plugins:

2026-04-23 20:16:19.015 +06:00 [INF] Connecting to 127.0.0.1:5400...
2026-04-23 20:16:19.025 +06:00 [INF] Connected [d82d1672-1395-4fbe-a73c-54d6ad016775].
2026-04-23 20:16:19.054 +06:00 [INF] Connection approved [d82d1672-1395-4fbe-a73c-54d6ad016775].
2026-04-23 20:16:19.123 +06:00 [INF] Updated PermissionSet 'default'
2026-04-23 20:16:19.123 +06:00 [INF] Updated PermissionSet 'admin'
2026-04-23 20:16:23.817 +06:00 [INF] Updating active permission set to 'admin'
2026-04-23 20:16:23.930 +06:00 [WRN] Unable to add '_buttonLogout' to the JSON of MainMenu.SelectCharacterWindow._innerPanel._buttonsPanel because a sibling shares the same name
2026-04-23 20:16:24.408 +06:00 [WRN] 'Me' is null.
2026-04-23 20:16:25.033 +06:00 [INF] Built VBO for map 27c6a7b2-4e9f-4316-9a0f-e13ec8e16ba2 'Forest' in 37.5878ms
2026-04-23 20:19:49.860 +06:00 [INF] Built VBO for map 27c6a7b2-4e9f-4316-9a0f-e13ec8e16ba2 'Forest' in 3.002ms
2026-04-23 20:19:59.740 +06:00 [INF] Built VBO for map 27c6a7b2-4e9f-4316-9a0f-e13ec8e16ba2 'Forest' in 3.2294ms
2026-04-23 20:20:18.385 +06:00 [INF] Built VBO for map 27c6a7b2-4e9f-4316-9a0f-e13ec8e16ba2 'Forest' in 2.4865ms
2026-04-23 20:21:14.546 +06:00 [INF] System window closing (due to user interaction most likely).
2026-04-23 20:21:14.550 +06:00 [INF] Disconnected [d82d1672-1395-4fbe-a73c-54d6ad016775].
2026-04-23 20:21:14.550 +06:00 [INF] Updating active permission set to 'default'
2026-04-23 20:21:14.591 +06:00 [INF] Acquiring context lock... (0ms)
2026-04-23 20:21:14.591 +06:00 [INF] Acquired. (0ms)
2026-04-23 20:21:14.592 +06:00 [INF] Beginning context dispose. (0ms)
2026-04-23 20:21:14.592 +06:00 [INF] GC.SuppressFinalize (0ms)
2026-04-23 20:21:14.592 +06:00 [INF] InternalDispose() completed. (0ms)
2026-04-23 20:21:14.592 +06:00 [INF] Clearing instance... (1ms)
2026-04-23 20:21:14.592 +06:00 [INF] Releasing context lock... (1ms)
2026-04-23 20:21:14.592 +06:00 [INF] Released. (1ms)
