2026-06-20 08:24:40.371 +02:00 [INF] Starting Intersect Client v0.8.0.0-custom+32d39132dace1351f63375b261f241297dd35be8-dirty
2026-06-20 08:24:40.604 +02:00 [INF] Discovered service type: Intersect.Plugins.PluginService
2026-06-20 08:24:40.608 +02:00 [WRN] Directory was specified as a plugin directory but does not exist: 'resources\plugins'
2026-06-20 08:24:40.609 +02:00 [INF] Discovered 0 plugins:

2026-06-20 08:24:43.205 +02:00 [INF] Connecting to 127.0.0.1:5400...
2026-06-20 08:24:43.228 +02:00 [INF] Connected [723864b1-b26b-476f-8773-95282a4d642b].
2026-06-20 08:24:43.239 +02:00 [INF] Connection approved [723864b1-b26b-476f-8773-95282a4d642b].
2026-06-20 08:24:43.357 +02:00 [INF] Updated PermissionSet 'default'
2026-06-20 08:24:49.272 +02:00 [INF] Updated PermissionSet 'admin'
2026-06-20 08:24:49.273 +02:00 [INF] Updating active permission set to 'admin'
2026-06-20 08:24:50.463 +02:00 [WRN] 'Me' is null.
2026-06-20 08:24:51.355 +02:00 [INF] Built VBO for map 9802b09c-f592-4d93-8e11-d3424500716c 'Forest' in 43.941ms
2026-06-20 08:24:51.359 +02:00 [INF] Built VBO for map 15601ad4-9f26-4abe-a6c9-3a7eebaa3045 'Forest' in 3.7465ms
2026-06-20 08:24:51.410 +02:00 [ERR] Exception thrown while trying to load 'resources/tilesets/water_shore_marker.png'
System.IO.FileNotFoundException: Could not find file 'F:\game code engine\Intersect_New\Intersect.Client\resources\tilesets\water_shore_marker.png'.
File name: 'F:\game code engine\Intersect_New\Intersect.Client\resources\tilesets\water_shore_marker.png'
   at Microsoft.Win32.SafeHandles.SafeFileHandle.CreateFile(String fullPath, FileMode mode, FileAccess access, FileShare share, FileOptions options)
   at Microsoft.Win32.SafeHandles.SafeFileHandle.Open(String fullPath, FileMode mode, FileAccess access, FileShare share, FileOptions options, Int64 preallocationSize, Nullable`1 unixCreateMode)
   at System.IO.Strategies.OSFileStreamStrategy..ctor(String path, FileMode mode, FileAccess access, FileShare share, FileOptions options, Int64 preallocationSize, Nullable`1 unixCreateMode)
   at System.IO.File.OpenRead(String path)
   at Intersect.Client.Framework.Graphics.GameRenderer.<>c__DisplayClass181_0.<LoadTexture>b__0() in F:\game code engine\Intersect_New\Intersect.Client.Framework\Graphics\GameRenderer.cs:line 1011
   at Intersect.Client.Framework.Graphics.GameTexture`2.LoadPlatformTexture(Boolean force) in F:\game code engine\Intersect_New\Intersect.Client.Framework\Graphics\GameTexture.cs:line 279
2026-06-20 08:24:51.413 +02:00 [INF] Built VBO for map a31f210c-f5fb-48bf-9db2-45fab2293a4c 'Forest' in 48.4604ms
2026-06-20 08:24:51.474 +02:00 [INF] Built VBO for map 27c6a7b2-4e9f-4316-9a0f-e13ec8e16ba2 'Forest' in 59.9484ms
2026-06-20 08:24:51.477 +02:00 [INF] Built VBO for map e341d25d-5ff4-4cd6-bcd5-2f2cda710c86 'town' in 1.6143ms
2026-06-20 08:24:51.866 +02:00 [INF] Built VBO for map 27c6a7b2-4e9f-4316-9a0f-e13ec8e16ba2 'Forest' in 21.305ms
2026-06-20 08:24:52.082 +02:00 [INF] Built VBO for map e341d25d-5ff4-4cd6-bcd5-2f2cda710c86 'town' in 4.38ms
2026-06-20 08:24:55.799 +02:00 [INF] Music volume set to 20 from InGame..SettingsWindow._innerPanel._tabs._innerPanel._audioSettingsTab._scrollPanel._musicSlider._slider
2026-06-20 08:24:55.800 +02:00 [INF] Sound volume set to 20 from InGame..SettingsWindow._innerPanel._tabs._innerPanel._audioSettingsTab._scrollPanel._soundEffectsSlider._slider
2026-06-20 08:24:55.800 +02:00 [INF] Weather sounds volume set to 80 from InGame..SettingsWindow._innerPanel._tabs._innerPanel._audioSettingsTab._scrollPanel._weatherSoundsSlider._slider
2026-06-20 08:29:18.323 +02:00 [INF] Built VBO for map e341d25d-5ff4-4cd6-bcd5-2f2cda710c86 'town' in 3.3787ms
2026-06-20 08:29:21.299 +02:00 [INF] Built VBO for map e341d25d-5ff4-4cd6-bcd5-2f2cda710c86 'town' in 4.6138ms
2026-06-20 08:29:25.711 +02:00 [INF] Built VBO for map e341d25d-5ff4-4cd6-bcd5-2f2cda710c86 'town' in 4.3967ms
2026-06-20 08:29:35.063 +02:00 [INF] System window closing (due to user interaction most likely).
2026-06-20 08:29:35.067 +02:00 [INF] Disconnected [723864b1-b26b-476f-8773-95282a4d642b].
2026-06-20 08:29:35.069 +02:00 [INF] Updating active permission set to 'default'
2026-06-20 08:29:35.213 +02:00 [INF] Acquiring context lock... (0ms)
2026-06-20 08:29:35.213 +02:00 [INF] Acquired. (0ms)
2026-06-20 08:29:35.214 +02:00 [INF] Beginning context dispose. (0ms)
2026-06-20 08:29:35.215 +02:00 [INF] GC.SuppressFinalize (0ms)
2026-06-20 08:29:35.215 +02:00 [INF] InternalDispose() completed. (0ms)
2026-06-20 08:29:35.215 +02:00 [INF] Clearing instance... (1ms)
2026-06-20 08:29:35.215 +02:00 [INF] Releasing context lock... (1ms)
2026-06-20 08:29:35.215 +02:00 [INF] Released. (2ms)
