2026-04-07 13:18:40.309 +06:00 [INF] Starting Intersect Client v0.8.0.0-custom+32d39132dace1351f63375b261f241297dd35be8-dirty
2026-04-07 13:18:40.539 +06:00 [INF] Discovered service type: Intersect.Plugins.PluginService
2026-04-07 13:18:40.543 +06:00 [WRN] Directory was specified as a plugin directory but does not exist: 'resources\plugins'
2026-04-07 13:18:40.544 +06:00 [INF] Discovered 0 plugins:

2026-04-07 13:18:42.506 +06:00 [INF] Connecting to 127.0.0.1:5400...
2026-04-07 13:18:42.532 +06:00 [INF] Connected [c26532a5-b730-4e68-94bd-bc91f94d9db3].
2026-04-07 13:18:42.546 +06:00 [INF] Connection approved [c26532a5-b730-4e68-94bd-bc91f94d9db3].
2026-04-07 13:18:42.637 +06:00 [INF] Updated PermissionSet 'default'
2026-04-07 13:18:47.480 +06:00 [INF] Updated PermissionSet 'admin'
2026-04-07 13:18:47.481 +06:00 [INF] Updating active permission set to 'admin'
2026-04-07 13:18:47.616 +06:00 [WRN] Unable to add '_buttonLogout' to the JSON of MainMenu.SelectCharacterWindow._innerPanel._buttonsPanel because a sibling shares the same name
2026-04-07 13:18:48.285 +06:00 [WRN] 'Me' is null.
2026-04-07 13:18:48.840 +06:00 [INF] Built VBO for map 73ba8458-f8de-4f78-a254-c91b18418ed0 'test 3' in 16.0608ms
2026-04-07 13:18:48.852 +06:00 [INF] Built VBO for map 27c6a7b2-4e9f-4316-9a0f-e13ec8e16ba2 'New Map' in 7.1731ms
2026-04-07 13:23:06.335 +06:00 [INF] Built VBO for map 73ba8458-f8de-4f78-a254-c91b18418ed0 'test 3' in 1.8408ms
2026-04-07 13:23:17.828 +06:00 [INF] Built VBO for map 411179b7-b772-42ef-bf66-03b7e4d7dca8 'test 5' in 3.9881ms
2026-04-07 13:25:12.876 +06:00 [INF] Built VBO for map 850ddb26-5568-4376-b8e0-346c04cb81ef 'forest' in 3.8861ms
2026-04-07 13:30:25.656 +06:00 [INF] System window closing (due to user interaction most likely).
2026-04-07 13:30:25.660 +06:00 [INF] Disconnected [c26532a5-b730-4e68-94bd-bc91f94d9db3].
2026-04-07 13:30:25.660 +06:00 [INF] Updating active permission set to 'default'
2026-04-07 13:30:25.693 +06:00 [INF] Acquiring context lock... (0ms)
2026-04-07 13:30:25.693 +06:00 [INF] Acquired. (0ms)
2026-04-07 13:30:25.694 +06:00 [INF] Beginning context dispose. (0ms)
2026-04-07 13:30:25.694 +06:00 [INF] GC.SuppressFinalize (0ms)
2026-04-07 13:30:25.694 +06:00 [INF] InternalDispose() completed. (0ms)
2026-04-07 13:30:25.694 +06:00 [INF] Clearing instance... (1ms)
2026-04-07 13:30:25.694 +06:00 [INF] Releasing context lock... (1ms)
2026-04-07 13:30:25.694 +06:00 [INF] Released. (1ms)
