2026-04-27 15:26:16.210 +06:00 [INF] Starting Intersect Client v0.8.0.0-custom+32d39132dace1351f63375b261f241297dd35be8-dirty
2026-04-27 15:26:16.469 +06:00 [INF] Discovered service type: Intersect.Plugins.PluginService
2026-04-27 15:26:16.472 +06:00 [WRN] Directory was specified as a plugin directory but does not exist: 'resources\plugins'
2026-04-27 15:26:16.473 +06:00 [INF] Discovered 0 plugins:

2026-04-27 15:26:18.763 +06:00 [INF] Connecting to 127.0.0.1:5400...
2026-04-27 15:26:18.772 +06:00 [INF] Connected [6573f808-21c2-47fb-9620-85df3eed5036].
2026-04-27 15:26:18.778 +06:00 [INF] Connection approved [6573f808-21c2-47fb-9620-85df3eed5036].
2026-04-27 15:26:18.854 +06:00 [INF] Updated PermissionSet 'default'
2026-04-27 15:26:18.854 +06:00 [INF] Updated PermissionSet 'admin'
2026-04-27 15:26:22.875 +06:00 [INF] Updating active permission set to 'admin'
2026-04-27 15:26:23.009 +06:00 [WRN] Unable to add '_buttonLogout' to the JSON of MainMenu.SelectCharacterWindow._innerPanel._buttonsPanel because a sibling shares the same name
2026-04-27 15:26:23.545 +06:00 [WRN] 'Me' is null.
2026-04-27 15:26:24.216 +06:00 [INF] Built VBO for map 27c6a7b2-4e9f-4316-9a0f-e13ec8e16ba2 'Forest' in 12.0367ms
2026-04-27 15:26:50.002 +06:00 [INF] Built VBO for map 27c6a7b2-4e9f-4316-9a0f-e13ec8e16ba2 'Forest' in 2.2379ms
2026-04-27 15:30:03.993 +06:00 [INF] System window closing (due to user interaction most likely).
2026-04-27 15:30:03.996 +06:00 [INF] Disconnected [6573f808-21c2-47fb-9620-85df3eed5036].
2026-04-27 15:30:03.996 +06:00 [INF] Updating active permission set to 'default'
2026-04-27 15:30:04.035 +06:00 [INF] Acquiring context lock... (0ms)
2026-04-27 15:30:04.035 +06:00 [INF] Acquired. (0ms)
2026-04-27 15:30:04.036 +06:00 [INF] Beginning context dispose. (0ms)
2026-04-27 15:30:04.037 +06:00 [INF] GC.SuppressFinalize (0ms)
2026-04-27 15:30:04.037 +06:00 [INF] InternalDispose() completed. (0ms)
2026-04-27 15:30:04.037 +06:00 [INF] Clearing instance... (1ms)
2026-04-27 15:30:04.037 +06:00 [INF] Releasing context lock... (1ms)
2026-04-27 15:30:04.037 +06:00 [INF] Released. (2ms)
