2026-04-14 08:38:25.966 +06:00 [INF] Starting Intersect Client v0.8.0.0-custom+32d39132dace1351f63375b261f241297dd35be8-dirty
2026-04-14 08:38:26.253 +06:00 [INF] Discovered service type: Intersect.Plugins.PluginService
2026-04-14 08:38:26.260 +06:00 [WRN] Directory was specified as a plugin directory but does not exist: 'resources\plugins'
2026-04-14 08:38:26.261 +06:00 [INF] Discovered 0 plugins:

2026-04-14 08:38:28.311 +06:00 [INF] Connecting to 127.0.0.1:5400...
2026-04-14 08:38:28.335 +06:00 [INF] Connected [04365a90-68e2-4d7a-b5c0-07939f92fdee].
2026-04-14 08:38:28.354 +06:00 [INF] Connection approved [04365a90-68e2-4d7a-b5c0-07939f92fdee].
2026-04-14 08:38:28.438 +06:00 [INF] Updated PermissionSet 'default'
2026-04-14 08:38:33.199 +06:00 [INF] Updated PermissionSet 'admin'
2026-04-14 08:38:33.200 +06:00 [INF] Updating active permission set to 'admin'
2026-04-14 08:38:33.341 +06:00 [WRN] Unable to add '_buttonLogout' to the JSON of MainMenu.SelectCharacterWindow._innerPanel._buttonsPanel because a sibling shares the same name
2026-04-14 08:38:46.940 +06:00 [WRN] 'Me' is null.
2026-04-14 08:38:47.500 +06:00 [INF] Built VBO for map 23630ac6-4461-460d-8a3b-9a0d4477096f 'test 8' in 16.5106ms
2026-04-14 08:38:47.544 +06:00 [INF] Built VBO for map 73ba8458-f8de-4f78-a254-c91b18418ed0 'test 3' in 39.7697ms
2026-04-14 08:38:47.549 +06:00 [INF] Built VBO for map 27c6a7b2-4e9f-4316-9a0f-e13ec8e16ba2 'New Map' in 4.3176ms
2026-04-14 08:42:27.733 +06:00 [INF] System window closing (due to user interaction most likely).
2026-04-14 08:42:27.736 +06:00 [INF] Disconnected [04365a90-68e2-4d7a-b5c0-07939f92fdee].
2026-04-14 08:42:27.737 +06:00 [INF] Updating active permission set to 'default'
2026-04-14 08:42:27.820 +06:00 [INF] Acquiring context lock... (0ms)
2026-04-14 08:42:27.820 +06:00 [INF] Acquired. (0ms)
2026-04-14 08:42:27.821 +06:00 [INF] Beginning context dispose. (0ms)
2026-04-14 08:42:27.821 +06:00 [INF] GC.SuppressFinalize (0ms)
2026-04-14 08:42:27.821 +06:00 [INF] InternalDispose() completed. (0ms)
2026-04-14 08:42:27.821 +06:00 [INF] Clearing instance... (1ms)
2026-04-14 08:42:27.821 +06:00 [INF] Releasing context lock... (1ms)
2026-04-14 08:42:27.821 +06:00 [INF] Released. (1ms)
