2026-05-01 15:37:25.533 +06:00 [INF] Starting Intersect Client v0.8.0.0-custom+32d39132dace1351f63375b261f241297dd35be8-dirty
2026-05-01 15:37:25.787 +06:00 [INF] Discovered service type: Intersect.Plugins.PluginService
2026-05-01 15:37:25.791 +06:00 [WRN] Directory was specified as a plugin directory but does not exist: 'resources\plugins'
2026-05-01 15:37:25.792 +06:00 [INF] Discovered 0 plugins:

2026-05-01 15:38:14.392 +06:00 [INF] Music volume set to 20 from MainMenu.SettingsWindow._innerPanel._tabs._innerPanel._audioSettingsTab._scrollPanel._musicSlider._slider
2026-05-01 15:38:14.393 +06:00 [INF] Sound volume set to 100 from MainMenu.SettingsWindow._innerPanel._tabs._innerPanel._audioSettingsTab._scrollPanel._soundEffectsSlider._slider
2026-05-01 15:39:14.426 +06:00 [INF] Connecting to 127.0.0.1:5400...
2026-05-01 15:39:14.444 +06:00 [INF] Connected [00462c92-a25d-46a8-a47d-2f478c9d0405].
2026-05-01 15:39:14.459 +06:00 [INF] Connection approved [00462c92-a25d-46a8-a47d-2f478c9d0405].
2026-05-01 15:39:14.547 +06:00 [INF] Updated PermissionSet 'default'
2026-05-01 15:39:38.892 +06:00 [INF] Disconnected [00462c92-a25d-46a8-a47d-2f478c9d0405].
2026-05-01 15:39:49.477 +06:00 [INF] Connecting to 127.0.0.1:5400...
2026-05-01 15:39:49.481 +06:00 [INF] Connected [16a25504-022e-460a-a36b-503ee87c5d9a].
2026-05-01 15:39:49.485 +06:00 [INF] Connection approved [16a25504-022e-460a-a36b-503ee87c5d9a].
2026-05-01 15:39:49.500 +06:00 [INF] Updated PermissionSet 'default'
2026-05-01 15:40:05.710 +06:00 [INF] Updated PermissionSet 'admin'
2026-05-01 15:40:05.711 +06:00 [INF] Updating active permission set to 'admin'
2026-05-01 15:40:06.820 +06:00 [WRN] 'Me' is null.
2026-05-01 15:40:07.389 +06:00 [INF] Built VBO for map 27c6a7b2-4e9f-4316-9a0f-e13ec8e16ba2 'Forest' in 11.4564ms
2026-05-01 15:41:47.265 +06:00 [INF] Built VBO for map c15f8299-8999-471f-9760-388ff4cdec7c 'test' in 6.3632ms
2026-05-01 15:42:28.198 +06:00 [WRN] 'Me' is null.
2026-05-01 15:42:28.198 +06:00 [WRN] 'Me' is null.
2026-05-01 15:42:28.198 +06:00 [WRN] 'Me' is null.
2026-05-01 15:42:29.642 +06:00 [INF] Disconnected [16a25504-022e-460a-a36b-503ee87c5d9a].
2026-05-01 15:42:29.642 +06:00 [INF] Updating active permission set to 'default'
2026-05-01 15:42:31.692 +06:00 [INF] Connecting to 127.0.0.1:5400...
2026-05-01 15:42:31.697 +06:00 [INF] Connected [b7b3f92e-57c7-4c3f-8db2-dc6d2cb48c1f].
2026-05-01 15:42:31.703 +06:00 [INF] Connection approved [b7b3f92e-57c7-4c3f-8db2-dc6d2cb48c1f].
2026-05-01 15:42:31.711 +06:00 [INF] Updated PermissionSet 'default'
2026-05-01 15:42:31.711 +06:00 [INF] Updated PermissionSet 'admin'
2026-05-01 15:42:42.442 +06:00 [INF] Disconnected [b7b3f92e-57c7-4c3f-8db2-dc6d2cb48c1f].
2026-05-01 15:42:42.442 +06:00 [INF] Updating active permission set to 'default'
2026-05-01 15:43:34.716 +06:00 [INF] User clicked exit button.
2026-05-01 15:43:34.737 +06:00 [INF] System window closing (due to user interaction most likely).
2026-05-01 15:43:34.777 +06:00 [INF] Acquiring context lock... (0ms)
2026-05-01 15:43:34.777 +06:00 [INF] Acquired. (0ms)
2026-05-01 15:43:34.778 +06:00 [INF] Beginning context dispose. (0ms)
2026-05-01 15:43:34.778 +06:00 [INF] GC.SuppressFinalize (0ms)
2026-05-01 15:43:34.778 +06:00 [INF] InternalDispose() completed. (0ms)
2026-05-01 15:43:34.778 +06:00 [INF] Clearing instance... (1ms)
2026-05-01 15:43:34.778 +06:00 [INF] Releasing context lock... (1ms)
2026-05-01 15:43:34.778 +06:00 [INF] Released. (1ms)
