2026-07-20 14:17:22.765 +02:00 [INF] Starting Intersect Client v0.8.0.0-custom+32d39132dace1351f63375b261f241297dd35be8-dirty
2026-07-20 14:17:22.986 +02:00 [INF] Discovered service type: Intersect.Plugins.PluginService
2026-07-20 14:17:22.990 +02:00 [WRN] Directory was specified as a plugin directory but does not exist: 'resources\plugins'
2026-07-20 14:17:22.991 +02:00 [INF] Discovered 0 plugins:

2026-07-20 14:17:23.424 +02:00 [INF] Graphics pacing configured: targetMode=-1, vsync=false, fixedStep=false, backBuffer=1760x990
2026-07-20 14:17:25.659 +02:00 [INF] Connecting to 127.0.0.1:5400...
2026-07-20 14:17:25.680 +02:00 [INF] Connected [4eb16c19-fe61-48a4-86c3-099557abd527].
2026-07-20 14:17:25.690 +02:00 [INF] Connection approved [4eb16c19-fe61-48a4-86c3-099557abd527].
2026-07-20 14:17:25.796 +02:00 [INF] Updated PermissionSet 'default'
2026-07-20 14:17:29.495 +02:00 [INF] Updated PermissionSet 'admin'
2026-07-20 14:17:29.496 +02:00 [INF] Updating active permission set to 'admin'
2026-07-20 14:17:31.921 +02:00 [WRN] 'Me' is null.
2026-07-20 14:17:33.000 +02:00 [INF] Built VBO for map 9802b09c-f592-4d93-8e11-d3424500716c 'Deep Forest' in 48.2736ms
2026-07-20 14:17:33.014 +02:00 [INF] Built VBO for map 15601ad4-9f26-4abe-a6c9-3a7eebaa3045 'Forest' in 10.389ms
2026-07-20 14:17:33.041 +02:00 [INF] Built VBO for map d490222a-af25-4a7f-bec3-7ca8016e08d7 'New Map' in 8.7836ms
2026-07-20 14:17:33.157 +02:00 [INF] Built VBO for map a31f210c-f5fb-48bf-9db2-45fab2293a4c 'Forest' in 114.226ms
2026-07-20 14:17:33.213 +02:00 [INF] Built VBO for map 27c6a7b2-4e9f-4316-9a0f-e13ec8e16ba2 'Forest' in 50.8324ms
2026-07-20 14:17:33.239 +02:00 [INF] Built VBO for map e341d25d-5ff4-4cd6-bcd5-2f2cda710c86 'Greenfall Vale' in 23.5426ms
2026-07-20 14:17:38.520 +02:00 [INF] Client frame profile: measured=105.9fps counter=150 targetMode=-1; interval=9.44/396.29ms avg/max; update=0.20/26.34ms (1.00 calls/frame); draw=9.60/369.54ms; world=7.78/334.65ms [scene=7.49/316.27, scene-detail=[tiles=0.53ms/21.0draws (geometry=0.17ms/21.0draws, water=0.35ms/0.0draws), objects=5.30ms/59.9draws, procedural=0.00ms/0.0draws, entities=0.81ms/0.1draws, effects=0.34ms/1.9draws, weather=0.44ms/0.0draws, other=0.09ms], lighting=0.04/8.40, post=0.06/14.15, overlays=0.10/18.05, other=0.09]; gui=1.76/80.89ms [update=1.64/60.47 (minimap=1.27/40.18 [compact=1.27, fullmap=0.00/0.00], other=0.38), render=0.11/20.42, other=0.00]; finish=0.05/4.16ms; outside-update-draw=0.00ms; draws=102, maps=1, entities=15, lights=2
2026-07-20 14:17:43.523 +02:00 [INF] Client frame profile: measured=140.1fps counter=145 targetMode=-1; interval=7.14/38.05ms avg/max; update=0.10/13.11ms (1.00 calls/frame); draw=6.98/35.32ms; world=5.85/34.31ms [scene=5.66/33.76, scene-detail=[tiles=0.43ms/21.0draws (geometry=0.15ms/21.0draws, water=0.28ms/0.0draws), objects=4.45ms/60.0draws, procedural=0.00ms/0.0draws, entities=0.29ms/0.0draws, effects=0.11ms/2.0draws, weather=0.33ms/0.0draws, other=0.05ms], lighting=0.02/0.08, post=0.03/0.06, overlays=0.06/4.21, other=0.08]; gui=1.10/12.05ms [update=0.92/11.97 (minimap=0.71/10.89 [compact=0.71, fullmap=0.00/0.00], other=0.21), render=0.18/3.22, other=0.00]; finish=0.03/3.30ms; outside-update-draw=0.05ms; draws=102, maps=1, entities=15, lights=2
2026-07-20 14:17:48.535 +02:00 [INF] Client frame profile: measured=97.8fps counter=34 targetMode=-1; interval=10.23/38.63ms avg/max; update=0.08/4.84ms (1.00 calls/frame); draw=7.40/30.79ms; world=6.01/29.88ms [scene=5.80/18.26, scene-detail=[tiles=0.43ms/21.0draws (geometry=0.15ms/21.0draws, water=0.28ms/0.0draws), objects=4.57ms/60.0draws, procedural=0.00ms/0.0draws, entities=0.34ms/0.4draws, effects=0.07ms/2.0draws, weather=0.34ms/0.0draws, other=0.05ms], lighting=0.02/0.04, post=0.03/0.05, overlays=0.08/13.19, other=0.08]; gui=1.36/11.44ms [update=1.13/11.17 (minimap=0.89/10.76 [compact=0.89, fullmap=0.00/0.00], other=0.23), render=0.23/0.49, other=0.00]; finish=0.02/0.05ms; outside-update-draw=2.75ms; draws=102, maps=1, entities=15, lights=2
2026-07-20 14:17:53.547 +02:00 [INF] Client frame profile: measured=32.7fps counter=34 targetMode=-1; interval=30.56/47.95ms avg/max; update=0.12/0.28ms (1.00 calls/frame); draw=9.79/26.20ms; world=6.70/13.06ms [scene=6.48/12.72, scene-detail=[tiles=0.53ms/21.0draws (geometry=0.20ms/21.0draws, water=0.32ms/0.0draws), objects=5.10ms/60.0draws, procedural=0.00ms/0.0draws, entities=0.35ms/0.0draws, effects=0.08ms/2.0draws, weather=0.37ms/0.0draws, other=0.07ms], lighting=0.03/0.06, post=0.04/0.09, overlays=0.06/0.15, other=0.09]; gui=3.04/18.28ms [update=2.96/17.92 (minimap=2.55/16.33 [compact=2.55, fullmap=0.00/0.00], other=0.41), render=0.08/0.34, other=0.00]; finish=0.02/0.12ms; outside-update-draw=20.65ms; draws=102, maps=1, entities=15, lights=2
2026-07-20 14:17:58.549 +02:00 [INF] Client frame profile: measured=33.2fps counter=34 targetMode=-1; interval=30.13/41.91ms avg/max; update=0.12/0.47ms (1.00 calls/frame); draw=9.41/20.92ms; world=6.50/9.86ms [scene=6.29/9.57, scene-detail=[tiles=0.51ms/21.0draws (geometry=0.20ms/21.0draws, water=0.31ms/0.0draws), objects=4.95ms/60.0draws, procedural=0.00ms/0.0draws, entities=0.34ms/0.3draws, effects=0.08ms/1.7draws, weather=0.36ms/0.0draws, other=0.06ms], lighting=0.03/0.05, post=0.04/0.06, overlays=0.06/0.08, other=0.09]; gui=2.87/13.53ms [update=2.79/13.45 (minimap=2.39/12.99 [compact=2.39, fullmap=0.00/0.00], other=0.40), render=0.07/0.17, other=0.00]; finish=0.02/0.06ms; outside-update-draw=20.60ms; draws=102, maps=1, entities=15, lights=2
2026-07-20 14:18:03.553 +02:00 [INF] Client frame profile: measured=33.0fps counter=33 targetMode=-1; interval=30.33/44.73ms avg/max; update=0.11/0.20ms (1.00 calls/frame); draw=9.59/24.12ms; world=6.52/14.80ms [scene=6.31/14.60, scene-detail=[tiles=0.55ms/21.0draws (geometry=0.19ms/21.0draws, water=0.36ms/0.0draws), objects=4.89ms/60.0draws, procedural=0.00ms/0.0draws, entities=0.38ms/0.1draws, effects=0.08ms/1.9draws, weather=0.35ms/0.0draws, other=0.06ms], lighting=0.02/0.03, post=0.03/0.05, overlays=0.05/0.07, other=0.09]; gui=3.04/11.48ms [update=2.97/11.40 (minimap=2.56/10.96 [compact=2.56, fullmap=0.00/0.00], other=0.41), render=0.07/0.17, other=0.00]; finish=0.02/0.06ms; outside-update-draw=20.63ms; draws=102, maps=1, entities=15, lights=2
2026-07-20 14:18:08.556 +02:00 [INF] Client frame profile: measured=42.8fps counter=62 targetMode=-1; interval=23.38/45.40ms avg/max; update=0.09/0.71ms (1.00 calls/frame); draw=8.76/24.84ms; world=6.35/24.25ms [scene=6.16/24.00, scene-detail=[tiles=0.49ms/21.0draws (geometry=0.18ms/21.0draws, water=0.30ms/0.0draws), objects=4.79ms/60.0draws, procedural=0.00ms/0.0draws, entities=0.39ms/0.0draws, effects=0.08ms/2.0draws, weather=0.35ms/0.0draws, other=0.06ms], lighting=0.02/0.12, post=0.03/0.06, overlays=0.05/0.09, other=0.09]; gui=2.37/11.58ms [update=2.30/11.48 (minimap=1.97/11.02 [compact=1.97, fullmap=0.00/0.00], other=0.33), render=0.07/0.14, other=0.00]; finish=0.02/0.04ms; outside-update-draw=14.53ms; draws=102, maps=1, entities=15, lights=2
2026-07-20 14:18:13.557 +02:00 [INF] Client frame profile: measured=138.2fps counter=137 targetMode=-1; interval=7.24/18.15ms avg/max; update=0.07/8.59ms (1.00 calls/frame); draw=7.03/17.67ms; world=5.87/10.70ms [scene=5.69/10.50, scene-detail=[tiles=0.43ms/21.0draws (geometry=0.15ms/21.0draws, water=0.28ms/0.0draws), objects=4.55ms/60.0draws, procedural=0.00ms/0.0draws, entities=0.27ms/0.1draws, effects=0.07ms/2.0draws, weather=0.34ms/0.0draws, other=0.04ms], lighting=0.02/0.04, post=0.03/0.17, overlays=0.05/0.08, other=0.08]; gui=1.13/11.50ms [update=0.86/11.20 (minimap=0.66/10.85 [compact=0.66, fullmap=0.00/0.00], other=0.20), render=0.27/0.51, other=0.00]; finish=0.02/0.04ms; outside-update-draw=0.14ms; draws=126, maps=1, entities=16, lights=2
2026-07-20 14:18:18.562 +02:00 [INF] Client frame profile: measured=33.4fps counter=32 targetMode=-1; interval=29.97/41.81ms avg/max; update=0.15/0.33ms (1.00 calls/frame); draw=10.24/19.42ms; world=7.06/9.63ms [scene=6.83/9.34, scene-detail=[tiles=0.57ms/21.0draws (geometry=0.22ms/21.0draws, water=0.35ms/0.0draws), objects=5.32ms/60.0draws, procedural=0.00ms/0.0draws, entities=0.41ms/0.2draws, effects=0.09ms/2.0draws, weather=0.37ms/0.0draws, other=0.07ms], lighting=0.03/0.05, post=0.04/0.07, overlays=0.07/0.14, other=0.10]; gui=3.12/12.62ms [update=2.97/12.47 (minimap=2.50/11.94 [compact=2.50, fullmap=0.00/0.00], other=0.46), render=0.15/0.50, other=0.00]; finish=0.03/0.07ms; outside-update-draw=19.58ms; draws=106, maps=1, entities=15, lights=2
2026-07-20 14:18:23.565 +02:00 [INF] Client frame profile: measured=32.2fps counter=32 targetMode=-1; interval=31.07/48.29ms avg/max; update=0.16/0.29ms (1.00 calls/frame); draw=10.39/27.11ms; world=7.25/10.28ms [scene=7.02/9.90, scene-detail=[tiles=0.57ms/21.0draws (geometry=0.23ms/21.0draws, water=0.34ms/0.0draws), objects=5.50ms/60.0draws, procedural=0.00ms/0.0draws, entities=0.40ms/0.2draws, effects=0.09ms/1.8draws, weather=0.39ms/0.0draws, other=0.07ms], lighting=0.03/0.06, post=0.04/0.08, overlays=0.07/0.18, other=0.10]; gui=3.08/18.65ms [update=2.98/18.34 (minimap=2.50/17.51 [compact=2.50, fullmap=0.00/0.00], other=0.48), render=0.09/0.29, other=0.00]; finish=0.03/0.07ms; outside-update-draw=20.53ms; draws=102, maps=1, entities=15, lights=2
2026-07-20 14:18:27.032 +02:00 [INF] System window closing (due to user interaction most likely).
2026-07-20 14:18:27.035 +02:00 [INF] Disconnected [4eb16c19-fe61-48a4-86c3-099557abd527].
2026-07-20 14:18:27.035 +02:00 [INF] Updating active permission set to 'default'
2026-07-20 14:18:27.073 +02:00 [INF] Acquiring context lock... (0ms)
2026-07-20 14:18:27.073 +02:00 [INF] Acquired. (0ms)
2026-07-20 14:18:27.074 +02:00 [INF] Beginning context dispose. (0ms)
2026-07-20 14:18:27.074 +02:00 [INF] GC.SuppressFinalize (0ms)
2026-07-20 14:18:27.074 +02:00 [INF] InternalDispose() completed. (0ms)
2026-07-20 14:18:27.074 +02:00 [INF] Clearing instance... (1ms)
2026-07-20 14:18:27.074 +02:00 [INF] Releasing context lock... (1ms)
2026-07-20 14:18:27.074 +02:00 [INF] Released. (1ms)
