2026-05-17 05:29:30.650 +02:00 [INF] Starting Intersect Client v0.8.0.0-custom+32d39132dace1351f63375b261f241297dd35be8-dirty
2026-05-17 05:29:30.893 +02:00 [INF] Discovered service type: Intersect.Plugins.PluginService
2026-05-17 05:29:30.896 +02:00 [WRN] Directory was specified as a plugin directory but does not exist: 'resources\plugins'
2026-05-17 05:29:30.897 +02:00 [INF] Discovered 0 plugins:

2026-05-17 05:29:34.886 +02:00 [INF] Connecting to 95.156.227.207:5400...
2026-05-17 05:29:34.945 +02:00 [INF] Connected [64c7b1d4-c54e-4272-ac34-1e47ef636181].
2026-05-17 05:29:34.953 +02:00 [INF] Connection approved [64c7b1d4-c54e-4272-ac34-1e47ef636181].
2026-05-17 05:29:35.047 +02:00 [INF] Updated PermissionSet 'default'
2026-05-17 05:29:35.047 +02:00 [INF] Updated PermissionSet 'admin'
2026-05-17 05:29:39.119 +02:00 [INF] Disconnected [64c7b1d4-c54e-4272-ac34-1e47ef636181].
2026-05-17 05:29:40.340 +02:00 [INF] User clicked exit button.
2026-05-17 05:29:40.366 +02:00 [INF] System window closing (due to user interaction most likely).
2026-05-17 05:29:40.394 +02:00 [INF] Acquiring context lock... (0ms)
2026-05-17 05:29:40.394 +02:00 [INF] Acquired. (0ms)
2026-05-17 05:29:40.395 +02:00 [INF] Beginning context dispose. (0ms)
2026-05-17 05:29:40.395 +02:00 [INF] GC.SuppressFinalize (0ms)
2026-05-17 05:29:40.395 +02:00 [INF] InternalDispose() completed. (0ms)
2026-05-17 05:29:40.395 +02:00 [INF] Clearing instance... (1ms)
2026-05-17 05:29:40.395 +02:00 [INF] Releasing context lock... (1ms)
2026-05-17 05:29:40.395 +02:00 [INF] Released. (1ms)
