2026-05-04 00:27:52.702 +06:00 [INF] Starting Intersect Client v0.8.0.0-custom+32d39132dace1351f63375b261f241297dd35be8-dirty
2026-05-04 00:27:52.911 +06:00 [INF] Discovered service type: Intersect.Plugins.PluginService
2026-05-04 00:27:52.914 +06:00 [WRN] Directory was specified as a plugin directory but does not exist: 'resources\plugins'
2026-05-04 00:27:52.915 +06:00 [INF] Discovered 0 plugins:

2026-05-04 00:27:54.997 +06:00 [INF] Connecting to 127.0.0.1:5400...
2026-05-04 00:27:55.017 +06:00 [INF] Connected [d0ef4f0a-346f-48b7-8d85-54e8bcb3b341].
2026-05-04 00:27:55.029 +06:00 [INF] Connection approved [d0ef4f0a-346f-48b7-8d85-54e8bcb3b341].
2026-05-04 00:27:55.117 +06:00 [INF] Updated PermissionSet 'default'
2026-05-04 00:28:07.283 +06:00 [INF] Updated PermissionSet 'admin'
2026-05-04 00:28:07.284 +06:00 [INF] Updating active permission set to 'admin'
2026-05-04 00:28:07.858 +06:00 [WRN] 'Me' is null.
2026-05-04 00:28:08.385 +06:00 [INF] Built VBO for map a31f210c-f5fb-48bf-9db2-45fab2293a4c 'Forest' in 12.8792ms
2026-05-04 00:28:08.401 +06:00 [INF] Built VBO for map 27c6a7b2-4e9f-4316-9a0f-e13ec8e16ba2 'Forest' in 10.2637ms
2026-05-04 00:29:55.127 +06:00 [INF] System window closing (due to user interaction most likely).
2026-05-04 00:29:55.130 +06:00 [INF] Disconnected [d0ef4f0a-346f-48b7-8d85-54e8bcb3b341].
2026-05-04 00:29:55.131 +06:00 [INF] Updating active permission set to 'default'
2026-05-04 00:29:55.170 +06:00 [INF] Acquiring context lock... (0ms)
2026-05-04 00:29:55.170 +06:00 [INF] Acquired. (0ms)
2026-05-04 00:29:55.171 +06:00 [INF] Beginning context dispose. (0ms)
2026-05-04 00:29:55.171 +06:00 [INF] GC.SuppressFinalize (0ms)
2026-05-04 00:29:55.171 +06:00 [INF] InternalDispose() completed. (0ms)
2026-05-04 00:29:55.171 +06:00 [INF] Clearing instance... (1ms)
2026-05-04 00:29:55.171 +06:00 [INF] Releasing context lock... (1ms)
2026-05-04 00:29:55.171 +06:00 [INF] Released. (1ms)
