2026-05-16 13:29:24.034 +02:00 [INF] Starting Intersect Client v0.8.0.0-custom+32d39132dace1351f63375b261f241297dd35be8-dirty
2026-05-16 13:29:24.287 +02:00 [INF] Discovered service type: Intersect.Plugins.PluginService
2026-05-16 13:29:24.290 +02:00 [WRN] Directory was specified as a plugin directory but does not exist: 'resources\plugins'
2026-05-16 13:29:24.291 +02:00 [INF] Discovered 0 plugins:

2026-05-16 13:29:26.507 +02:00 [INF] Connecting to 127.0.0.1:5400...
2026-05-16 13:29:26.515 +02:00 [INF] Connected [888d422f-4400-4361-8398-0dad800d244e].
2026-05-16 13:29:26.524 +02:00 [INF] Connection approved [888d422f-4400-4361-8398-0dad800d244e].
2026-05-16 13:29:26.614 +02:00 [INF] Updated PermissionSet 'default'
2026-05-16 13:29:26.614 +02:00 [INF] Updated PermissionSet 'admin'
2026-05-16 13:29:31.559 +02:00 [INF] Updating active permission set to 'admin'
2026-05-16 13:29:32.182 +02:00 [WRN] 'Me' is null.
2026-05-16 13:29:32.900 +02:00 [INF] Built VBO for map 27c6a7b2-4e9f-4316-9a0f-e13ec8e16ba2 'Forest' in 24.3874ms
2026-05-16 13:29:32.945 +02:00 [INF] Built VBO for map e341d25d-5ff4-4cd6-bcd5-2f2cda710c86 'New Map' in 5.4143ms
2026-05-16 13:30:41.146 +02:00 [INF] Built VBO for map 27c6a7b2-4e9f-4316-9a0f-e13ec8e16ba2 'Forest' in 6.1021ms
2026-05-16 13:30:41.155 +02:00 [INF] Built VBO for map e341d25d-5ff4-4cd6-bcd5-2f2cda710c86 'New Map' in 3.6531ms
2026-05-16 13:30:53.469 +02:00 [INF] Built VBO for map 27c6a7b2-4e9f-4316-9a0f-e13ec8e16ba2 'Forest' in 4.4873ms
2026-05-16 13:30:53.478 +02:00 [INF] Built VBO for map e341d25d-5ff4-4cd6-bcd5-2f2cda710c86 'New Map' in 3.0486ms
2026-05-16 13:31:03.764 +02:00 [INF] Built VBO for map 27c6a7b2-4e9f-4316-9a0f-e13ec8e16ba2 'Forest' in 5.3462ms
2026-05-16 13:31:03.773 +02:00 [INF] Built VBO for map e341d25d-5ff4-4cd6-bcd5-2f2cda710c86 'New Map' in 2.8988ms
2026-05-16 13:31:22.975 +02:00 [INF] Built VBO for map 27c6a7b2-4e9f-4316-9a0f-e13ec8e16ba2 'Forest' in 5.1925ms
2026-05-16 13:31:22.983 +02:00 [INF] Built VBO for map e341d25d-5ff4-4cd6-bcd5-2f2cda710c86 'New Map' in 2.8891ms
2026-05-16 13:31:39.212 +02:00 [INF] Built VBO for map 27c6a7b2-4e9f-4316-9a0f-e13ec8e16ba2 'Forest' in 5.1592ms
2026-05-16 13:31:39.221 +02:00 [INF] Built VBO for map e341d25d-5ff4-4cd6-bcd5-2f2cda710c86 'New Map' in 3.3363ms
2026-05-16 13:31:57.056 +02:00 [INF] Built VBO for map 27c6a7b2-4e9f-4316-9a0f-e13ec8e16ba2 'Forest' in 6.2552ms
2026-05-16 13:31:57.065 +02:00 [INF] Built VBO for map e341d25d-5ff4-4cd6-bcd5-2f2cda710c86 'New Map' in 4.2105ms
2026-05-16 13:32:07.620 +02:00 [INF] Built VBO for map 27c6a7b2-4e9f-4316-9a0f-e13ec8e16ba2 'Forest' in 6.1002ms
2026-05-16 13:32:07.628 +02:00 [INF] Built VBO for map e341d25d-5ff4-4cd6-bcd5-2f2cda710c86 'New Map' in 2.9253ms
2026-05-16 13:33:26.215 +02:00 [INF] Built VBO for map 27c6a7b2-4e9f-4316-9a0f-e13ec8e16ba2 'Forest' in 6.0944ms
2026-05-16 13:33:26.224 +02:00 [INF] Built VBO for map e341d25d-5ff4-4cd6-bcd5-2f2cda710c86 'New Map' in 3.0472ms
2026-05-16 13:33:39.174 +02:00 [INF] Built VBO for map 27c6a7b2-4e9f-4316-9a0f-e13ec8e16ba2 'Forest' in 4.5892ms
2026-05-16 13:33:39.183 +02:00 [INF] Built VBO for map e341d25d-5ff4-4cd6-bcd5-2f2cda710c86 'New Map' in 2.8754ms
2026-05-16 13:33:48.403 +02:00 [INF] Built VBO for map 27c6a7b2-4e9f-4316-9a0f-e13ec8e16ba2 'Forest' in 5.5334ms
2026-05-16 13:33:48.413 +02:00 [INF] Built VBO for map e341d25d-5ff4-4cd6-bcd5-2f2cda710c86 'New Map' in 3.2883ms
2026-05-16 13:34:01.251 +02:00 [INF] Built VBO for map a31f210c-f5fb-48bf-9db2-45fab2293a4c 'Forest' in 9.8616ms
2026-05-16 13:34:53.415 +02:00 [INF] Built VBO for map 27c6a7b2-4e9f-4316-9a0f-e13ec8e16ba2 'Forest' in 5.0841ms
2026-05-16 13:35:55.718 +02:00 [INF] Built VBO for map a31f210c-f5fb-48bf-9db2-45fab2293a4c 'Forest' in 10.0168ms
2026-05-16 13:36:45.070 +02:00 [INF] Built VBO for map 27c6a7b2-4e9f-4316-9a0f-e13ec8e16ba2 'Forest' in 5.4637ms
2026-05-16 13:37:04.884 +02:00 [INF] Built VBO for map e341d25d-5ff4-4cd6-bcd5-2f2cda710c86 'Forest' in 2.8507ms
2026-05-16 13:37:22.183 +02:00 [INF] Built VBO for map 27c6a7b2-4e9f-4316-9a0f-e13ec8e16ba2 'Forest' in 5.089ms
2026-05-16 13:39:11.957 +02:00 [INF] Built VBO for map 27c6a7b2-4e9f-4316-9a0f-e13ec8e16ba2 'Forest' in 4.6127ms
2026-05-16 13:39:18.847 +02:00 [INF] Built VBO for map a31f210c-f5fb-48bf-9db2-45fab2293a4c 'Forest' in 15.5433ms
2026-05-16 13:39:45.059 +02:00 [INF] Built VBO for map a31f210c-f5fb-48bf-9db2-45fab2293a4c 'Forest' in 10.1364ms
2026-05-16 13:39:45.084 +02:00 [INF] Built VBO for map 27c6a7b2-4e9f-4316-9a0f-e13ec8e16ba2 'Forest' in 5.126ms
2026-05-16 13:39:53.935 +02:00 [INF] Built VBO for map 27c6a7b2-4e9f-4316-9a0f-e13ec8e16ba2 'Forest' in 5.2407ms
2026-05-16 13:40:41.675 +02:00 [INF] Built VBO for map a31f210c-f5fb-48bf-9db2-45fab2293a4c 'Forest' in 10.0996ms
2026-05-16 13:40:41.698 +02:00 [INF] Built VBO for map 27c6a7b2-4e9f-4316-9a0f-e13ec8e16ba2 'Forest' in 5.5207ms
2026-05-16 13:54:18.718 +02:00 [INF] Built VBO for map a31f210c-f5fb-48bf-9db2-45fab2293a4c 'Forest' in 10.6763ms
2026-05-16 13:54:18.742 +02:00 [INF] Built VBO for map 27c6a7b2-4e9f-4316-9a0f-e13ec8e16ba2 'Forest' in 5.9639ms
2026-05-16 13:58:08.147 +02:00 [INF] Built VBO for map a31f210c-f5fb-48bf-9db2-45fab2293a4c 'Forest' in 10.7883ms
2026-05-16 13:58:08.173 +02:00 [INF] Built VBO for map 27c6a7b2-4e9f-4316-9a0f-e13ec8e16ba2 'Forest' in 5.9084ms
2026-05-16 13:59:22.515 +02:00 [INF] System window closing (due to user interaction most likely).
2026-05-16 13:59:22.518 +02:00 [INF] Disconnected [888d422f-4400-4361-8398-0dad800d244e].
2026-05-16 13:59:22.519 +02:00 [INF] Updating active permission set to 'default'
2026-05-16 13:59:22.546 +02:00 [INF] Acquiring context lock... (0ms)
2026-05-16 13:59:22.547 +02:00 [INF] Acquired. (0ms)
2026-05-16 13:59:22.547 +02:00 [INF] Beginning context dispose. (0ms)
2026-05-16 13:59:22.547 +02:00 [INF] GC.SuppressFinalize (0ms)
2026-05-16 13:59:22.547 +02:00 [INF] InternalDispose() completed. (0ms)
2026-05-16 13:59:22.547 +02:00 [INF] Clearing instance... (1ms)
2026-05-16 13:59:22.548 +02:00 [INF] Releasing context lock... (1ms)
2026-05-16 13:59:22.548 +02:00 [INF] Released. (1ms)
