2026-04-17 02:53:02.957 +06:00 [INF] Starting Intersect Client v0.8.0.0-custom+32d39132dace1351f63375b261f241297dd35be8-dirty
2026-04-17 02:53:03.159 +06:00 [INF] Discovered service type: Intersect.Plugins.PluginService
2026-04-17 02:53:03.162 +06:00 [WRN] Directory was specified as a plugin directory but does not exist: 'resources\plugins'
2026-04-17 02:53:03.163 +06:00 [INF] Discovered 0 plugins:

2026-04-17 02:53:05.158 +06:00 [INF] Connecting to 127.0.0.1:5400...
2026-04-17 02:53:05.176 +06:00 [INF] Connected [66da47e3-6fdb-47ca-8977-2989646c8c0c].
2026-04-17 02:53:05.190 +06:00 [INF] Connection approved [66da47e3-6fdb-47ca-8977-2989646c8c0c].
2026-04-17 02:53:05.277 +06:00 [INF] Updated PermissionSet 'default'
2026-04-17 02:53:09.054 +06:00 [INF] Updated PermissionSet 'admin'
2026-04-17 02:53:09.054 +06:00 [INF] Updating active permission set to 'admin'
2026-04-17 02:53:09.180 +06:00 [WRN] Unable to add '_buttonLogout' to the JSON of MainMenu.SelectCharacterWindow._innerPanel._buttonsPanel because a sibling shares the same name
2026-04-17 02:53:10.177 +06:00 [WRN] 'Me' is null.
2026-04-17 02:53:10.767 +06:00 [INF] Built VBO for map 73ba8458-f8de-4f78-a254-c91b18418ed0 'forest' in 54.4842ms
2026-04-17 02:53:20.046 +06:00 [INF] Built VBO for map 23630ac6-4461-460d-8a3b-9a0d4477096f 'test 8' in 7.7578ms
2026-04-17 02:56:58.891 +06:00 [INF] Built VBO for map 411179b7-b772-42ef-bf66-03b7e4d7dca8 'test 5' in 5.5287ms
2026-04-17 02:57:02.617 +06:00 [INF] System window closing (due to user interaction most likely).
2026-04-17 02:57:02.620 +06:00 [INF] Disconnected [66da47e3-6fdb-47ca-8977-2989646c8c0c].
2026-04-17 02:57:02.621 +06:00 [INF] Updating active permission set to 'default'
2026-04-17 02:57:02.654 +06:00 [INF] Acquiring context lock... (0ms)
2026-04-17 02:57:02.654 +06:00 [INF] Acquired. (0ms)
2026-04-17 02:57:02.655 +06:00 [INF] Beginning context dispose. (0ms)
2026-04-17 02:57:02.655 +06:00 [INF] GC.SuppressFinalize (0ms)
2026-04-17 02:57:02.655 +06:00 [INF] InternalDispose() completed. (0ms)
2026-04-17 02:57:02.655 +06:00 [INF] Clearing instance... (1ms)
2026-04-17 02:57:02.655 +06:00 [INF] Releasing context lock... (1ms)
2026-04-17 02:57:02.655 +06:00 [INF] Released. (1ms)
