2026-04-15 01:48:53.942 +06:00 [INF] Starting Intersect Client v0.8.0.0-custom+32d39132dace1351f63375b261f241297dd35be8-dirty
2026-04-15 01:48:54.257 +06:00 [INF] Discovered service type: Intersect.Plugins.PluginService
2026-04-15 01:48:54.264 +06:00 [WRN] Directory was specified as a plugin directory but does not exist: 'resources\plugins'
2026-04-15 01:48:54.264 +06:00 [INF] Discovered 0 plugins:

2026-04-15 01:48:56.274 +06:00 [INF] Connecting to 127.0.0.1:5400...
2026-04-15 01:48:56.296 +06:00 [INF] Connected [bfdd9678-da05-4a91-85c2-47966b13087d].
2026-04-15 01:48:56.306 +06:00 [INF] Connection approved [bfdd9678-da05-4a91-85c2-47966b13087d].
2026-04-15 01:48:56.399 +06:00 [INF] Updated PermissionSet 'default'
2026-04-15 01:49:00.473 +06:00 [INF] Updated PermissionSet 'admin'
2026-04-15 01:49:00.474 +06:00 [INF] Updating active permission set to 'admin'
2026-04-15 01:49:00.617 +06:00 [WRN] Unable to add '_buttonLogout' to the JSON of MainMenu.SelectCharacterWindow._innerPanel._buttonsPanel because a sibling shares the same name
2026-04-15 01:49:02.130 +06:00 [WRN] 'Me' is null.
2026-04-15 01:49:02.698 +06:00 [INF] Built VBO for map 23630ac6-4461-460d-8a3b-9a0d4477096f 'test 8' in 17.2388ms
2026-04-15 01:49:02.745 +06:00 [INF] Built VBO for map 73ba8458-f8de-4f78-a254-c91b18418ed0 'test 3' in 42.9138ms
2026-04-15 01:49:02.750 +06:00 [INF] Built VBO for map 27c6a7b2-4e9f-4316-9a0f-e13ec8e16ba2 'New Map' in 3.9284ms
2026-04-15 01:51:01.369 +06:00 [INF] System window closing (due to user interaction most likely).
2026-04-15 01:51:01.372 +06:00 [INF] Disconnected [bfdd9678-da05-4a91-85c2-47966b13087d].
2026-04-15 01:51:01.372 +06:00 [INF] Updating active permission set to 'default'
2026-04-15 01:51:01.509 +06:00 [INF] Acquiring context lock... (0ms)
2026-04-15 01:51:01.509 +06:00 [INF] Acquired. (0ms)
2026-04-15 01:51:01.509 +06:00 [INF] Beginning context dispose. (0ms)
2026-04-15 01:51:01.510 +06:00 [INF] GC.SuppressFinalize (0ms)
2026-04-15 01:51:01.510 +06:00 [INF] InternalDispose() completed. (0ms)
2026-04-15 01:51:01.510 +06:00 [INF] Clearing instance... (1ms)
2026-04-15 01:51:01.510 +06:00 [INF] Releasing context lock... (1ms)
2026-04-15 01:51:01.510 +06:00 [INF] Released. (1ms)
