2026-05-01 02:23:56.466 +06:00 [INF] Starting Intersect Client v0.8.0.0-custom+32d39132dace1351f63375b261f241297dd35be8-dirty
2026-05-01 02:23:56.839 +06:00 [INF] Discovered service type: Intersect.Plugins.PluginService
2026-05-01 02:23:56.843 +06:00 [WRN] Directory was specified as a plugin directory but does not exist: 'resources\plugins'
2026-05-01 02:23:56.844 +06:00 [INF] Discovered 0 plugins:

2026-05-01 02:23:59.209 +06:00 [INF] Connecting to 127.0.0.1:5400...
2026-05-01 02:23:59.228 +06:00 [INF] Connected [d36d45b4-2b0f-4392-85e1-4ecfc7d7cc49].
2026-05-01 02:23:59.268 +06:00 [INF] Connection approved [d36d45b4-2b0f-4392-85e1-4ecfc7d7cc49].
2026-05-01 02:23:59.354 +06:00 [INF] Updated PermissionSet 'default'
2026-05-01 02:24:03.492 +06:00 [INF] Updated PermissionSet 'admin'
2026-05-01 02:24:03.493 +06:00 [INF] Updating active permission set to 'admin'
2026-05-01 02:24:04.382 +06:00 [WRN] 'Me' is null.
2026-05-01 02:24:05.026 +06:00 [INF] Built VBO for map 27c6a7b2-4e9f-4316-9a0f-e13ec8e16ba2 'Forest' in 10.2479ms
2026-05-01 02:29:30.859 +06:00 [INF] System window closing (due to user interaction most likely).
2026-05-01 02:29:30.862 +06:00 [INF] Disconnected [d36d45b4-2b0f-4392-85e1-4ecfc7d7cc49].
2026-05-01 02:29:30.863 +06:00 [INF] Updating active permission set to 'default'
2026-05-01 02:29:30.897 +06:00 [INF] Acquiring context lock... (0ms)
2026-05-01 02:29:30.898 +06:00 [INF] Acquired. (0ms)
2026-05-01 02:29:30.898 +06:00 [INF] Beginning context dispose. (0ms)
2026-05-01 02:29:30.899 +06:00 [INF] GC.SuppressFinalize (0ms)
2026-05-01 02:29:30.899 +06:00 [INF] InternalDispose() completed. (0ms)
2026-05-01 02:29:30.899 +06:00 [INF] Clearing instance... (1ms)
2026-05-01 02:29:30.899 +06:00 [INF] Releasing context lock... (1ms)
2026-05-01 02:29:30.899 +06:00 [INF] Released. (1ms)
