2026-07-11 01:53:44.546 +02:00 [INF] Starting Intersect Client v0.8.0.0-custom+32d39132dace1351f63375b261f241297dd35be8-dirty
2026-07-11 01:53:44.762 +02:00 [INF] Discovered service type: Intersect.Plugins.PluginService
2026-07-11 01:53:44.767 +02:00 [WRN] Directory was specified as a plugin directory but does not exist: 'resources\plugins'
2026-07-11 01:53:44.768 +02:00 [INF] Discovered 0 plugins:

2026-07-11 01:53:48.182 +02:00 [INF] Connecting to 127.0.0.1:5400...
2026-07-11 01:53:48.201 +02:00 [INF] Connected [ccf23cdd-b47c-404f-9530-adbc8f92deb7].
2026-07-11 01:53:48.221 +02:00 [INF] Connection approved [ccf23cdd-b47c-404f-9530-adbc8f92deb7].
2026-07-11 01:53:48.315 +02:00 [INF] Updated PermissionSet 'default'
2026-07-11 01:53:53.774 +02:00 [INF] Updated PermissionSet 'admin'
2026-07-11 01:53:53.775 +02:00 [INF] Updating active permission set to 'admin'
2026-07-11 01:54:03.918 +02:00 [WRN] 'Me' is null.
2026-07-11 01:54:05.038 +02:00 [ERR] Exception thrown while trying to load 'resources/tilesets/water_shore_marker.png'
System.IO.FileNotFoundException: Could not find file 'F:\game code engine\Intersect_New\Intersect.Client\resources\tilesets\water_shore_marker.png'.
File name: 'F:\game code engine\Intersect_New\Intersect.Client\resources\tilesets\water_shore_marker.png'
   at Microsoft.Win32.SafeHandles.SafeFileHandle.CreateFile(String fullPath, FileMode mode, FileAccess access, FileShare share, FileOptions options)
   at Microsoft.Win32.SafeHandles.SafeFileHandle.Open(String fullPath, FileMode mode, FileAccess access, FileShare share, FileOptions options, Int64 preallocationSize, Nullable`1 unixCreateMode)
   at System.IO.Strategies.OSFileStreamStrategy..ctor(String path, FileMode mode, FileAccess access, FileShare share, FileOptions options, Int64 preallocationSize, Nullable`1 unixCreateMode)
   at System.IO.File.OpenRead(String path)
   at Intersect.Client.Framework.Graphics.GameRenderer.<>c__DisplayClass183_0.<LoadTexture>b__0() in F:\game code engine\Intersect_New\Intersect.Client.Framework\Graphics\GameRenderer.cs:line 1037
   at Intersect.Client.Framework.Graphics.GameTexture`2.LoadPlatformTexture(Boolean force) in F:\game code engine\Intersect_New\Intersect.Client.Framework\Graphics\GameTexture.cs:line 279
2026-07-11 01:54:05.053 +02:00 [INF] Built VBO for map 9802b09c-f592-4d93-8e11-d3424500716c 'Deep Forest' in 50.5965ms
2026-07-11 01:54:05.064 +02:00 [INF] Built VBO for map 15601ad4-9f26-4abe-a6c9-3a7eebaa3045 'Forest' in 11.1686ms
2026-07-11 01:54:05.078 +02:00 [INF] Built VBO for map d490222a-af25-4a7f-bec3-7ca8016e08d7 'New Map' in 9.1819ms
2026-07-11 01:54:05.198 +02:00 [INF] Built VBO for map a31f210c-f5fb-48bf-9db2-45fab2293a4c 'Forest' in 119.6076ms
2026-07-11 01:54:05.257 +02:00 [INF] Built VBO for map 27c6a7b2-4e9f-4316-9a0f-e13ec8e16ba2 'Forest' in 56.4393ms
2026-07-11 01:54:05.280 +02:00 [INF] Built VBO for map e341d25d-5ff4-4cd6-bcd5-2f2cda710c86 'Greenfall Vale' in 22.1557ms
2026-07-11 01:54:28.825 +02:00 [INF] Built VBO for map e341d25d-5ff4-4cd6-bcd5-2f2cda710c86 'Greenfall Vale' in 8.1153ms
2026-07-11 01:54:29.256 +02:00 [INF] Built VBO for map d490222a-af25-4a7f-bec3-7ca8016e08d7 'New Map' in 6.6709ms
2026-07-11 01:54:29.790 +02:00 [INF] Built VBO for map 000bacda-f0e9-4a92-ab09-e55bd4ad15c1 'New Map' in 6.3562ms
2026-07-11 01:54:30.312 +02:00 [INF] Built VBO for map f519d3ea-b6f4-4b17-b87a-1dcf003cd3ec 'New Map' in 6.4459ms
2026-07-11 01:57:11.929 +02:00 [INF] Music volume set to 20 from InGame..SettingsWindow._innerPanel._tabs._innerPanel._audioSettingsTab._scrollPanel._musicSlider._slider
2026-07-11 01:57:11.930 +02:00 [INF] Sound volume set to 20 from InGame..SettingsWindow._innerPanel._tabs._innerPanel._audioSettingsTab._scrollPanel._soundEffectsSlider._slider
2026-07-11 01:57:11.930 +02:00 [INF] Weather sounds volume set to 80 from InGame..SettingsWindow._innerPanel._tabs._innerPanel._audioSettingsTab._scrollPanel._weatherSoundsSlider._slider
2026-07-11 01:59:49.835 +02:00 [INF] System window closing (due to user interaction most likely).
2026-07-11 01:59:49.838 +02:00 [INF] Disconnected [ccf23cdd-b47c-404f-9530-adbc8f92deb7].
2026-07-11 01:59:49.839 +02:00 [INF] Updating active permission set to 'default'
2026-07-11 01:59:49.871 +02:00 [INF] Acquiring context lock... (0ms)
2026-07-11 01:59:49.872 +02:00 [INF] Acquired. (0ms)
2026-07-11 01:59:49.872 +02:00 [INF] Beginning context dispose. (0ms)
2026-07-11 01:59:49.873 +02:00 [INF] GC.SuppressFinalize (0ms)
2026-07-11 01:59:49.873 +02:00 [INF] InternalDispose() completed. (0ms)
2026-07-11 01:59:49.873 +02:00 [INF] Clearing instance... (1ms)
2026-07-11 01:59:49.873 +02:00 [INF] Releasing context lock... (1ms)
2026-07-11 01:59:49.873 +02:00 [INF] Released. (1ms)
