2026-05-18 10:03:53.487 +02:00 [INF] Starting Intersect Client v0.8.0.0-custom+32d39132dace1351f63375b261f241297dd35be8-dirty
2026-05-18 10:03:53.693 +02:00 [INF] Discovered service type: Intersect.Plugins.PluginService
2026-05-18 10:03:53.696 +02:00 [WRN] Directory was specified as a plugin directory but does not exist: 'resources\plugins'
2026-05-18 10:03:53.697 +02:00 [INF] Discovered 0 plugins:

2026-05-18 10:03:58.438 +02:00 [INF] Connecting to 127.0.0.1:5400...
2026-05-18 10:03:58.446 +02:00 [INF] Connected [d638e472-4d61-4513-ad90-6db13e27f11a].
2026-05-18 10:03:58.454 +02:00 [INF] Connection approved [d638e472-4d61-4513-ad90-6db13e27f11a].
2026-05-18 10:03:58.546 +02:00 [INF] Updated PermissionSet 'default'
2026-05-18 10:03:58.546 +02:00 [INF] Updated PermissionSet 'admin'
2026-05-18 10:04:02.720 +02:00 [INF] Updating active permission set to 'admin'
2026-05-18 10:04:03.366 +02:00 [WRN] 'Me' is null.
2026-05-18 10:04:04.097 +02:00 [INF] Built VBO for map a31f210c-f5fb-48bf-9db2-45fab2293a4c 'Forest' in 27.2062ms
2026-05-18 10:04:04.249 +02:00 [INF] Built VBO for map 27c6a7b2-4e9f-4316-9a0f-e13ec8e16ba2 'Forest' in 41.132ms
2026-05-18 10:06:47.082 +02:00 [INF] Built VBO for map a31f210c-f5fb-48bf-9db2-45fab2293a4c 'Forest' in 12.5752ms
2026-05-18 10:06:54.336 +02:00 [INF] Built VBO for map a31f210c-f5fb-48bf-9db2-45fab2293a4c 'Forest' in 12.4185ms
2026-05-18 10:07:25.232 +02:00 [INF] System window closing (due to user interaction most likely).
2026-05-18 10:07:25.235 +02:00 [INF] Disconnected [d638e472-4d61-4513-ad90-6db13e27f11a].
2026-05-18 10:07:25.236 +02:00 [INF] Updating active permission set to 'default'
2026-05-18 10:07:25.275 +02:00 [INF] Acquiring context lock... (0ms)
2026-05-18 10:07:25.276 +02:00 [INF] Acquired. (0ms)
2026-05-18 10:07:25.277 +02:00 [INF] Beginning context dispose. (0ms)
2026-05-18 10:07:25.277 +02:00 [INF] GC.SuppressFinalize (0ms)
2026-05-18 10:07:25.277 +02:00 [INF] InternalDispose() completed. (0ms)
2026-05-18 10:07:25.277 +02:00 [INF] Clearing instance... (1ms)
2026-05-18 10:07:25.277 +02:00 [INF] Releasing context lock... (1ms)
2026-05-18 10:07:25.277 +02:00 [INF] Released. (1ms)
