2026-06-04 22:29:20.070 +02:00 [INF] Starting Intersect Client v0.8.0.0-custom+32d39132dace1351f63375b261f241297dd35be8-dirty
2026-06-04 22:29:20.341 +02:00 [INF] Discovered service type: Intersect.Plugins.PluginService
2026-06-04 22:29:20.345 +02:00 [WRN] Directory was specified as a plugin directory but does not exist: 'resources\plugins'
2026-06-04 22:29:20.345 +02:00 [INF] Discovered 0 plugins:

2026-06-04 22:29:22.351 +02:00 [INF] Connecting to 95.156.227.207:5400...
2026-06-04 22:29:22.415 +02:00 [INF] Connected [9474e111-99c1-4926-9d2c-37c9591445be].
2026-06-04 22:29:22.425 +02:00 [INF] Connection approved [9474e111-99c1-4926-9d2c-37c9591445be].
2026-06-04 22:29:22.516 +02:00 [INF] Updated PermissionSet 'default'
2026-06-04 22:29:22.516 +02:00 [INF] Updated PermissionSet 'admin'
2026-06-04 22:29:26.500 +02:00 [INF] Updating active permission set to 'admin'
2026-06-04 22:29:27.775 +02:00 [WRN] 'Me' is null.
2026-06-04 22:29:28.517 +02:00 [INF] Built VBO for map 15601ad4-9f26-4abe-a6c9-3a7eebaa3045 'Forest' in 17.4647ms
2026-06-04 22:29:28.519 +02:00 [INF] Built VBO for map 27c6a7b2-4e9f-4316-9a0f-e13ec8e16ba2 'Forest' in 1.1629ms
2026-06-04 22:29:28.527 +02:00 [INF] Built VBO for map 15601ad4-9f26-4abe-a6c9-3a7eebaa3045 'Forest' in 1.9411ms
2026-06-04 22:29:28.527 +02:00 [INF] Built VBO for map 27c6a7b2-4e9f-4316-9a0f-e13ec8e16ba2 'Forest' in 0.3387ms
2026-06-04 22:29:28.539 +02:00 [ERR] Exception thrown while trying to load 'resources/tilesets/water_shore_marker.png'
System.IO.FileNotFoundException: Could not find file 'F:\game code engine\Intersect_New\Intersect.Client\resources\tilesets\water_shore_marker.png'.
File name: 'F:\game code engine\Intersect_New\Intersect.Client\resources\tilesets\water_shore_marker.png'
   at Microsoft.Win32.SafeHandles.SafeFileHandle.CreateFile(String fullPath, FileMode mode, FileAccess access, FileShare share, FileOptions options)
   at Microsoft.Win32.SafeHandles.SafeFileHandle.Open(String fullPath, FileMode mode, FileAccess access, FileShare share, FileOptions options, Int64 preallocationSize, Nullable`1 unixCreateMode)
   at System.IO.Strategies.OSFileStreamStrategy..ctor(String path, FileMode mode, FileAccess access, FileShare share, FileOptions options, Int64 preallocationSize, Nullable`1 unixCreateMode)
   at System.IO.Strategies.FileStreamHelpers.ChooseStrategyCore(String path, FileMode mode, FileAccess access, FileShare share, FileOptions options, Int64 preallocationSize, Nullable`1 unixCreateMode)
   at System.IO.File.OpenRead(String path)
   at Intersect.Client.Framework.Graphics.GameRenderer.<>c__DisplayClass176_0.<LoadTexture>b__0() in F:\game code engine\Intersect_New\Intersect.Client.Framework\Graphics\GameRenderer.cs:line 921
   at Intersect.Client.Framework.Graphics.GameTexture`2.LoadPlatformTexture(Boolean force) in F:\game code engine\Intersect_New\Intersect.Client.Framework\Graphics\GameTexture.cs:line 279
2026-06-04 22:29:28.547 +02:00 [INF] Built VBO for map e341d25d-5ff4-4cd6-bcd5-2f2cda710c86 'Forest' in 13.4475ms
2026-06-04 22:29:28.562 +02:00 [INF] Built VBO for map 15601ad4-9f26-4abe-a6c9-3a7eebaa3045 'Forest' in 8.2259ms
2026-06-04 22:29:28.926 +02:00 [INF] Built VBO for map 15601ad4-9f26-4abe-a6c9-3a7eebaa3045 'Forest' in 9.6185ms
2026-06-04 22:29:28.947 +02:00 [INF] Built VBO for map e341d25d-5ff4-4cd6-bcd5-2f2cda710c86 'Forest' in 3.5506ms
2026-06-04 22:29:29.018 +02:00 [INF] Built VBO for map 27c6a7b2-4e9f-4316-9a0f-e13ec8e16ba2 'Forest' in 0.95ms
2026-06-04 22:29:34.885 +02:00 [INF] Built VBO for map e341d25d-5ff4-4cd6-bcd5-2f2cda710c86 'Forest' in 2.8558ms
2026-06-04 22:30:00.786 +02:00 [INF] Built VBO for map 27c6a7b2-4e9f-4316-9a0f-e13ec8e16ba2 'Forest' in 32.8429ms
2026-06-04 22:30:35.688 +02:00 [INF] Built VBO for map 15601ad4-9f26-4abe-a6c9-3a7eebaa3045 'Forest' in 2.5634ms
2026-06-04 22:30:35.691 +02:00 [INF] Built VBO for map e341d25d-5ff4-4cd6-bcd5-2f2cda710c86 'Forest' in 2.5415ms
2026-06-04 22:30:35.757 +02:00 [INF] Built VBO for map 27c6a7b2-4e9f-4316-9a0f-e13ec8e16ba2 'Forest' in 5.7004ms
2026-06-04 22:30:37.757 +02:00 [INF] Built VBO for map e341d25d-5ff4-4cd6-bcd5-2f2cda710c86 'Forest' in 2.1035ms
2026-06-04 22:31:47.588 +02:00 [INF] System window closing (due to user interaction most likely).
2026-06-04 22:31:47.591 +02:00 [INF] Disconnected [9474e111-99c1-4926-9d2c-37c9591445be].
2026-06-04 22:31:47.592 +02:00 [INF] Updating active permission set to 'default'
2026-06-04 22:31:47.625 +02:00 [INF] Acquiring context lock... (0ms)
2026-06-04 22:31:47.625 +02:00 [INF] Acquired. (0ms)
2026-06-04 22:31:47.626 +02:00 [INF] Beginning context dispose. (0ms)
2026-06-04 22:31:47.626 +02:00 [INF] GC.SuppressFinalize (0ms)
2026-06-04 22:31:47.626 +02:00 [INF] InternalDispose() completed. (0ms)
2026-06-04 22:31:47.626 +02:00 [INF] Clearing instance... (1ms)
2026-06-04 22:31:47.626 +02:00 [INF] Releasing context lock... (1ms)
2026-06-04 22:31:47.626 +02:00 [INF] Released. (1ms)
