2026-06-05 03:25:37.222 +02:00 [INF] Starting Intersect Client v0.8.0.0-custom+32d39132dace1351f63375b261f241297dd35be8-dirty
2026-06-05 03:25:37.432 +02:00 [INF] Discovered service type: Intersect.Plugins.PluginService
2026-06-05 03:25:37.435 +02:00 [WRN] Directory was specified as a plugin directory but does not exist: 'resources\plugins'
2026-06-05 03:25:37.436 +02:00 [INF] Discovered 0 plugins:

2026-06-05 03:25:39.371 +02:00 [INF] Connecting to 95.156.227.207:5400...
2026-06-05 03:25:39.433 +02:00 [INF] Connected [09b52b95-3506-44ca-a9a1-7aae9d983846].
2026-06-05 03:25:39.442 +02:00 [INF] Connection approved [09b52b95-3506-44ca-a9a1-7aae9d983846].
2026-06-05 03:25:39.526 +02:00 [INF] Updated PermissionSet 'default'
2026-06-05 03:25:39.526 +02:00 [INF] Updated PermissionSet 'admin'
2026-06-05 03:25:43.578 +02:00 [INF] Updating active permission set to 'admin'
2026-06-05 03:25:44.236 +02:00 [WRN] 'Me' is null.
2026-06-05 03:25:45.170 +02:00 [INF] Built VBO for map 15601ad4-9f26-4abe-a6c9-3a7eebaa3045 'Forest' in 22.1607ms
2026-06-05 03:25:45.172 +02:00 [INF] Built VBO for map 27c6a7b2-4e9f-4316-9a0f-e13ec8e16ba2 'Forest' in 1.3021ms
2026-06-05 03:25:45.186 +02:00 [INF] Built VBO for map e341d25d-5ff4-4cd6-bcd5-2f2cda710c86 'Forest' in 10.4978ms
2026-06-05 03:25:45.198 +02:00 [INF] Built VBO for map 15601ad4-9f26-4abe-a6c9-3a7eebaa3045 'Forest' in 4.6842ms
2026-06-05 03:25:45.458 +02:00 [INF] Built VBO for map e341d25d-5ff4-4cd6-bcd5-2f2cda710c86 'Forest' in 3.2973ms
2026-06-05 03:25:48.613 +02:00 [ERR] Exception thrown while trying to load 'resources/tilesets/water_shore_marker.png'
System.IO.FileNotFoundException: Could not find file 'F:\game code engine\Intersect_New\Intersect.Client\resources\tilesets\water_shore_marker.png'.
File name: 'F:\game code engine\Intersect_New\Intersect.Client\resources\tilesets\water_shore_marker.png'
   at Microsoft.Win32.SafeHandles.SafeFileHandle.CreateFile(String fullPath, FileMode mode, FileAccess access, FileShare share, FileOptions options)
   at Microsoft.Win32.SafeHandles.SafeFileHandle.Open(String fullPath, FileMode mode, FileAccess access, FileShare share, FileOptions options, Int64 preallocationSize, Nullable`1 unixCreateMode)
   at System.IO.Strategies.OSFileStreamStrategy..ctor(String path, FileMode mode, FileAccess access, FileShare share, FileOptions options, Int64 preallocationSize, Nullable`1 unixCreateMode)
   at System.IO.File.OpenRead(String path)
   at Intersect.Client.Framework.Graphics.GameRenderer.<>c__DisplayClass176_0.<LoadTexture>b__0() in F:\game code engine\Intersect_New\Intersect.Client.Framework\Graphics\GameRenderer.cs:line 921
   at Intersect.Client.Framework.Graphics.GameTexture`2.LoadPlatformTexture(Boolean force) in F:\game code engine\Intersect_New\Intersect.Client.Framework\Graphics\GameTexture.cs:line 279
2026-06-05 03:25:48.806 +02:00 [INF] Built VBO for map 15601ad4-9f26-4abe-a6c9-3a7eebaa3045 'Forest' in 2.6979ms
2026-06-05 03:25:48.870 +02:00 [INF] Built VBO for map 27c6a7b2-4e9f-4316-9a0f-e13ec8e16ba2 'Forest' in 0.3491ms
2026-06-05 03:25:58.594 +02:00 [INF] Built VBO for map e341d25d-5ff4-4cd6-bcd5-2f2cda710c86 'Forest' in 1.9538ms
2026-06-05 03:26:00.853 +02:00 [INF] Built VBO for map e341d25d-5ff4-4cd6-bcd5-2f2cda710c86 'Forest' in 2.7986ms
2026-06-05 03:26:05.463 +02:00 [INF] Built VBO for map 27c6a7b2-4e9f-4316-9a0f-e13ec8e16ba2 'Forest' in 14.7863ms
2026-06-05 03:26:06.918 +02:00 [INF] Built VBO for map 9802b09c-f592-4d93-8e11-d3424500716c 'Forest' in 0.3777ms
2026-06-05 03:26:07.002 +02:00 [INF] Built VBO for map a31f210c-f5fb-48bf-9db2-45fab2293a4c 'Forest' in 11.1626ms
2026-06-05 03:26:15.314 +02:00 [INF] Built VBO for map 27c6a7b2-4e9f-4316-9a0f-e13ec8e16ba2 'Forest' in 16.6841ms
2026-06-05 03:26:17.670 +02:00 [INF] Built VBO for map 27c6a7b2-4e9f-4316-9a0f-e13ec8e16ba2 'Forest' in 18.175ms
2026-06-05 03:26:45.359 +02:00 [INF] Built VBO for map 27c6a7b2-4e9f-4316-9a0f-e13ec8e16ba2 'Forest' in 12.788ms
2026-06-05 03:26:49.047 +02:00 [INF] Built VBO for map 27c6a7b2-4e9f-4316-9a0f-e13ec8e16ba2 'Forest' in 10.618ms
2026-06-05 03:26:49.295 +02:00 [INF] Built VBO for map a31f210c-f5fb-48bf-9db2-45fab2293a4c 'Forest' in 10.1854ms
2026-06-05 03:26:50.067 +02:00 [INF] Built VBO for map 15601ad4-9f26-4abe-a6c9-3a7eebaa3045 'Forest' in 1.0035ms
2026-06-05 03:26:51.074 +02:00 [INF] Built VBO for map 9802b09c-f592-4d93-8e11-d3424500716c 'Forest' in 1.0704ms
2026-06-05 03:26:52.739 +02:00 [INF] Built VBO for map 15601ad4-9f26-4abe-a6c9-3a7eebaa3045 'Forest' in 1.3633ms
2026-06-05 03:26:52.752 +02:00 [INF] Built VBO for map a31f210c-f5fb-48bf-9db2-45fab2293a4c 'Forest' in 12.9313ms
2026-06-05 03:26:54.017 +02:00 [INF] Built VBO for map 9802b09c-f592-4d93-8e11-d3424500716c 'Forest' in 2.2479ms
2026-06-05 03:26:55.488 +02:00 [INF] Built VBO for map a31f210c-f5fb-48bf-9db2-45fab2293a4c 'Forest' in 14.319ms
2026-06-05 03:26:56.531 +02:00 [INF] Built VBO for map 9802b09c-f592-4d93-8e11-d3424500716c 'Forest' in 3.4927ms
2026-06-05 03:27:00.729 +02:00 [INF] Built VBO for map 9802b09c-f592-4d93-8e11-d3424500716c 'Forest' in 3.596ms
2026-06-05 03:27:03.623 +02:00 [INF] Built VBO for map 15601ad4-9f26-4abe-a6c9-3a7eebaa3045 'Forest' in 1.8277ms
2026-06-05 03:27:09.681 +02:00 [INF] Built VBO for map a31f210c-f5fb-48bf-9db2-45fab2293a4c 'Forest' in 12.3272ms
2026-06-05 03:27:11.311 +02:00 [INF] Built VBO for map a31f210c-f5fb-48bf-9db2-45fab2293a4c 'Forest' in 7.7299ms
2026-06-05 03:27:13.323 +02:00 [INF] Built VBO for map 27c6a7b2-4e9f-4316-9a0f-e13ec8e16ba2 'Forest' in 12.5304ms
2026-06-05 03:27:23.971 +02:00 [INF] Built VBO for map 27c6a7b2-4e9f-4316-9a0f-e13ec8e16ba2 'Forest' in 6.612ms
2026-06-05 03:28:11.980 +02:00 [INF] Built VBO for map 27c6a7b2-4e9f-4316-9a0f-e13ec8e16ba2 'Forest' in 11.1292ms
2026-06-05 03:28:14.248 +02:00 [INF] Built VBO for map 27c6a7b2-4e9f-4316-9a0f-e13ec8e16ba2 'Forest' in 13.5948ms
2026-06-05 03:28:17.273 +02:00 [INF] Built VBO for map 15601ad4-9f26-4abe-a6c9-3a7eebaa3045 'Forest' in 1.2052ms
2026-06-05 03:28:34.832 +02:00 [INF] Built VBO for map a31f210c-f5fb-48bf-9db2-45fab2293a4c 'Forest' in 15.275ms
2026-06-05 03:28:36.902 +02:00 [INF] Built VBO for map 15601ad4-9f26-4abe-a6c9-3a7eebaa3045 'Forest' in 1.4162ms
2026-06-05 03:28:38.471 +02:00 [INF] Built VBO for map 15601ad4-9f26-4abe-a6c9-3a7eebaa3045 'Forest' in 1.7388ms
2026-06-05 03:28:40.535 +02:00 [INF] Built VBO for map 15601ad4-9f26-4abe-a6c9-3a7eebaa3045 'Forest' in 2.2951ms
2026-06-05 03:28:42.515 +02:00 [INF] Built VBO for map 15601ad4-9f26-4abe-a6c9-3a7eebaa3045 'Forest' in 2.3445ms
2026-06-05 03:28:46.808 +02:00 [INF] Built VBO for map 15601ad4-9f26-4abe-a6c9-3a7eebaa3045 'Forest' in 2.7247ms
2026-06-05 03:28:51.748 +02:00 [INF] Built VBO for map 15601ad4-9f26-4abe-a6c9-3a7eebaa3045 'Forest' in 2.2472ms
2026-06-05 03:28:59.308 +02:00 [INF] Built VBO for map a31f210c-f5fb-48bf-9db2-45fab2293a4c 'Forest' in 19.0276ms
2026-06-05 03:29:01.897 +02:00 [INF] Built VBO for map 15601ad4-9f26-4abe-a6c9-3a7eebaa3045 'Forest' in 1.1604ms
2026-06-05 03:29:03.712 +02:00 [INF] Built VBO for map 15601ad4-9f26-4abe-a6c9-3a7eebaa3045 'Forest' in 1.2117ms
2026-06-05 03:30:55.951 +02:00 [INF] System window closing (due to user interaction most likely).
2026-06-05 03:30:55.955 +02:00 [INF] Disconnected [09b52b95-3506-44ca-a9a1-7aae9d983846].
2026-06-05 03:30:55.955 +02:00 [INF] Updating active permission set to 'default'
2026-06-05 03:30:55.978 +02:00 [INF] Acquiring context lock... (0ms)
2026-06-05 03:30:55.978 +02:00 [INF] Acquired. (0ms)
2026-06-05 03:30:55.979 +02:00 [INF] Beginning context dispose. (0ms)
2026-06-05 03:30:55.979 +02:00 [INF] GC.SuppressFinalize (0ms)
2026-06-05 03:30:55.979 +02:00 [INF] InternalDispose() completed. (0ms)
2026-06-05 03:30:55.979 +02:00 [INF] Clearing instance... (1ms)
2026-06-05 03:30:55.979 +02:00 [INF] Releasing context lock... (1ms)
2026-06-05 03:30:55.979 +02:00 [INF] Released. (1ms)
