2026-04-26 15:48:46.967 +06:00 [INF] Starting Intersect Client v0.8.0.0-custom+32d39132dace1351f63375b261f241297dd35be8-dirty
2026-04-26 15:48:47.222 +06:00 [INF] Discovered service type: Intersect.Plugins.PluginService
2026-04-26 15:48:47.225 +06:00 [WRN] Directory was specified as a plugin directory but does not exist: 'resources\plugins'
2026-04-26 15:48:47.226 +06:00 [INF] Discovered 0 plugins:

2026-04-26 15:48:51.059 +06:00 [INF] Connecting to 127.0.0.1:5400...
2026-04-26 15:48:51.068 +06:00 [INF] Connected [1fbf4cd9-ca50-49d7-9f72-8f894e3a9812].
2026-04-26 15:48:51.084 +06:00 [INF] Connection approved [1fbf4cd9-ca50-49d7-9f72-8f894e3a9812].
2026-04-26 15:48:51.160 +06:00 [INF] Updated PermissionSet 'default'
2026-04-26 15:48:51.160 +06:00 [INF] Updated PermissionSet 'admin'
2026-04-26 15:48:55.531 +06:00 [INF] Updating active permission set to 'admin'
2026-04-26 15:48:55.606 +06:00 [WRN] Unable to add '_buttonLogout' to the JSON of MainMenu.SelectCharacterWindow._innerPanel._buttonsPanel because a sibling shares the same name
2026-04-26 15:48:56.138 +06:00 [WRN] 'Me' is null.
2026-04-26 15:48:56.719 +06:00 [INF] Built VBO for map 27c6a7b2-4e9f-4316-9a0f-e13ec8e16ba2 'Forest' in 10.4532ms
2026-04-26 15:49:02.210 +06:00 [INF] Built VBO for map c15f8299-8999-471f-9760-388ff4cdec7c 'Forest' in 10.6286ms
2026-04-26 15:49:59.070 +06:00 [INF] Built VBO for map 27c6a7b2-4e9f-4316-9a0f-e13ec8e16ba2 'Forest' in 3.9324ms
2026-04-26 15:54:00.009 +06:00 [INF] System window closing (due to user interaction most likely).
2026-04-26 15:54:00.013 +06:00 [INF] Disconnected [1fbf4cd9-ca50-49d7-9f72-8f894e3a9812].
2026-04-26 15:54:00.014 +06:00 [INF] Updating active permission set to 'default'
2026-04-26 15:54:00.043 +06:00 [INF] Acquiring context lock... (0ms)
2026-04-26 15:54:00.044 +06:00 [INF] Acquired. (0ms)
2026-04-26 15:54:00.044 +06:00 [INF] Beginning context dispose. (0ms)
2026-04-26 15:54:00.045 +06:00 [INF] GC.SuppressFinalize (0ms)
2026-04-26 15:54:00.045 +06:00 [INF] InternalDispose() completed. (0ms)
2026-04-26 15:54:00.045 +06:00 [INF] Clearing instance... (1ms)
2026-04-26 15:54:00.045 +06:00 [INF] Releasing context lock... (1ms)
2026-04-26 15:54:00.045 +06:00 [INF] Released. (1ms)
