2026-04-24 16:58:41.396 +06:00 [INF] Starting Intersect Client v0.8.0.0-custom+32d39132dace1351f63375b261f241297dd35be8-dirty
2026-04-24 16:58:41.612 +06:00 [INF] Discovered service type: Intersect.Plugins.PluginService
2026-04-24 16:58:41.616 +06:00 [WRN] Directory was specified as a plugin directory but does not exist: 'resources\plugins'
2026-04-24 16:58:41.617 +06:00 [INF] Discovered 0 plugins:

2026-04-24 16:58:43.717 +06:00 [INF] Connecting to 127.0.0.1:5400...
2026-04-24 16:58:43.727 +06:00 [INF] Connected [e37156fa-3fd2-4f56-a18d-b87942a51950].
2026-04-24 16:58:43.740 +06:00 [INF] Connection approved [e37156fa-3fd2-4f56-a18d-b87942a51950].
2026-04-24 16:58:43.820 +06:00 [INF] Updated PermissionSet 'default'
2026-04-24 16:58:43.821 +06:00 [INF] Updated PermissionSet 'admin'
2026-04-24 16:58:47.308 +06:00 [INF] Updating active permission set to 'admin'
2026-04-24 16:58:47.435 +06:00 [WRN] Unable to add '_buttonLogout' to the JSON of MainMenu.SelectCharacterWindow._innerPanel._buttonsPanel because a sibling shares the same name
2026-04-24 16:58:47.981 +06:00 [WRN] 'Me' is null.
2026-04-24 16:58:48.648 +06:00 [INF] Built VBO for map 27c6a7b2-4e9f-4316-9a0f-e13ec8e16ba2 'Forest' in 39.4571ms
2026-04-24 16:59:12.979 +06:00 [INF] Built VBO for map 27c6a7b2-4e9f-4316-9a0f-e13ec8e16ba2 'Forest' in 3.199ms
2026-04-24 16:59:23.518 +06:00 [INF] Built VBO for map c15f8299-8999-471f-9760-388ff4cdec7c 'Forest' in 11.0513ms
2026-04-24 16:59:29.831 +06:00 [INF] Built VBO for map 27c6a7b2-4e9f-4316-9a0f-e13ec8e16ba2 'Forest' in 2.7186ms
2026-04-24 16:59:50.841 +06:00 [INF] Built VBO for map 27c6a7b2-4e9f-4316-9a0f-e13ec8e16ba2 'Forest' in 4.2895ms
2026-04-24 17:00:06.561 +06:00 [INF] Built VBO for map 27c6a7b2-4e9f-4316-9a0f-e13ec8e16ba2 'Forest' in 2.452ms
2026-04-24 17:05:14.384 +06:00 [INF] Built VBO for map 27c6a7b2-4e9f-4316-9a0f-e13ec8e16ba2 'Forest' in 2.4873ms
2026-04-24 17:05:49.690 +06:00 [INF] System window closing (due to user interaction most likely).
2026-04-24 17:05:49.693 +06:00 [INF] Disconnected [e37156fa-3fd2-4f56-a18d-b87942a51950].
2026-04-24 17:05:49.693 +06:00 [INF] Updating active permission set to 'default'
2026-04-24 17:05:49.721 +06:00 [INF] Acquiring context lock... (0ms)
2026-04-24 17:05:49.722 +06:00 [INF] Acquired. (0ms)
2026-04-24 17:05:49.722 +06:00 [INF] Beginning context dispose. (0ms)
2026-04-24 17:05:49.723 +06:00 [INF] GC.SuppressFinalize (0ms)
2026-04-24 17:05:49.723 +06:00 [INF] InternalDispose() completed. (0ms)
2026-04-24 17:05:49.723 +06:00 [INF] Clearing instance... (1ms)
2026-04-24 17:05:49.723 +06:00 [INF] Releasing context lock... (1ms)
2026-04-24 17:05:49.723 +06:00 [INF] Released. (1ms)
