2026-06-25 10:26:53.799 +02:00 [INF] Starting Intersect Client v0.8.0.0-custom+32d39132dace1351f63375b261f241297dd35be8-dirty
2026-06-25 10:26:54.023 +02:00 [INF] Discovered service type: Intersect.Plugins.PluginService
2026-06-25 10:26:54.027 +02:00 [WRN] Directory was specified as a plugin directory but does not exist: 'resources\plugins'
2026-06-25 10:26:54.028 +02:00 [INF] Discovered 0 plugins:

2026-06-25 10:27:05.242 +02:00 [INF] Connecting to 127.0.0.1:5400...
2026-06-25 10:27:05.262 +02:00 [INF] Connected [08c9c4dc-5c0e-4764-946b-517268a99ce8].
2026-06-25 10:27:05.272 +02:00 [INF] Connection approved [08c9c4dc-5c0e-4764-946b-517268a99ce8].
2026-06-25 10:27:05.378 +02:00 [INF] Updated PermissionSet 'default'
2026-06-25 10:27:09.264 +02:00 [INF] Updated PermissionSet 'admin'
2026-06-25 10:27:09.264 +02:00 [INF] Updating active permission set to 'admin'
2026-06-25 10:27:09.925 +02:00 [WRN] 'Me' is null.
2026-06-25 10:27:10.596 +02:00 [INF] Built VBO for map 15601ad4-9f26-4abe-a6c9-3a7eebaa3045 'Forest' in 26.3458ms
2026-06-25 10:27:10.700 +02:00 [ERR] Exception thrown while trying to load 'resources/tilesets/water_shore_marker.png'
System.IO.FileNotFoundException: Could not find file 'F:\game code engine\Intersect_New\Intersect.Client\resources\tilesets\water_shore_marker.png'.
File name: 'F:\game code engine\Intersect_New\Intersect.Client\resources\tilesets\water_shore_marker.png'
   at Microsoft.Win32.SafeHandles.SafeFileHandle.CreateFile(String fullPath, FileMode mode, FileAccess access, FileShare share, FileOptions options)
   at Microsoft.Win32.SafeHandles.SafeFileHandle.Open(String fullPath, FileMode mode, FileAccess access, FileShare share, FileOptions options, Int64 preallocationSize, Nullable`1 unixCreateMode)
   at System.IO.Strategies.OSFileStreamStrategy..ctor(String path, FileMode mode, FileAccess access, FileShare share, FileOptions options, Int64 preallocationSize, Nullable`1 unixCreateMode)
   at System.IO.Strategies.FileStreamHelpers.ChooseStrategyCore(String path, FileMode mode, FileAccess access, FileShare share, FileOptions options, Int64 preallocationSize, Nullable`1 unixCreateMode)
   at System.IO.File.OpenRead(String path)
   at Intersect.Client.Framework.Graphics.GameRenderer.<>c__DisplayClass181_0.<LoadTexture>b__0() in F:\game code engine\Intersect_New\Intersect.Client.Framework\Graphics\GameRenderer.cs:line 1011
   at Intersect.Client.Framework.Graphics.GameTexture`2.LoadPlatformTexture(Boolean force) in F:\game code engine\Intersect_New\Intersect.Client.Framework\Graphics\GameTexture.cs:line 279
2026-06-25 10:27:10.976 +02:00 [INF] Built VBO for map 27c6a7b2-4e9f-4316-9a0f-e13ec8e16ba2 'Forest' in 378.744ms
2026-06-25 10:27:10.999 +02:00 [INF] Built VBO for map e341d25d-5ff4-4cd6-bcd5-2f2cda710c86 'town' in 18.8933ms
2026-06-25 10:27:22.568 +02:00 [INF] Built VBO for map 27c6a7b2-4e9f-4316-9a0f-e13ec8e16ba2 'Forest' in 20.364ms
2026-06-25 10:27:22.677 +02:00 [INF] Built VBO for map 9802b09c-f592-4d93-8e11-d3424500716c 'Forest' in 10.1035ms
2026-06-25 10:27:23.200 +02:00 [INF] Built VBO for map 15601ad4-9f26-4abe-a6c9-3a7eebaa3045 'Forest' in 4.4582ms
2026-06-25 10:27:23.787 +02:00 [INF] Built VBO for map a31f210c-f5fb-48bf-9db2-45fab2293a4c 'Forest' in 47.555ms
2026-06-25 10:27:30.097 +02:00 [FTL] Game is crashing due to an exception
System.InvalidOperationException: Collection was modified; enumeration operation may not execute.
   at System.Collections.Generic.List`1.Enumerator.MoveNext()
   at Intersect.Client.Core.Graphics.DrawInGame(TimeSpan deltaTime) in F:\game code engine\Intersect_New\Intersect.Client.Core\Core\Graphics.cs:line 912
   at Intersect.Client.Core.Graphics.Render(TimeSpan deltaTime, TimeSpan totalTime) in F:\game code engine\Intersect_New\Intersect.Client.Core\Core\Graphics.cs:line 978
   at Intersect.Client.MonoGame.IntersectGame.Draw(GameTime gameTime) in F:\game code engine\Intersect_New\Intersect.Client.Core\MonoGame\IntersectGame.cs:line 332
   at Microsoft.Xna.Framework.Game.Tick()
   at Microsoft.Xna.Framework.SdlGamePlatform.RunLoop()
   at Microsoft.Xna.Framework.Game.Run(GameRunBehavior runBehavior)
   at Microsoft.Xna.Framework.Game.Run()
   at Intersect.Client.MonoGame.IntersectGame.MonoGameRunner.Start(IClientContext context, Action postStartupAction) in F:\game code engine\Intersect_New\Intersect.Client.Core\MonoGame\IntersectGame.cs:line 627
2026-06-25 10:27:30.128 +02:00 [INF] Acquiring context lock... (0ms)
2026-06-25 10:27:30.128 +02:00 [INF] Acquired. (0ms)
2026-06-25 10:27:30.129 +02:00 [INF] Beginning context dispose. (0ms)
2026-06-25 10:27:30.129 +02:00 [INF] GC.SuppressFinalize (0ms)
2026-06-25 10:27:30.129 +02:00 [INF] InternalDispose() completed. (0ms)
2026-06-25 10:27:30.129 +02:00 [INF] Clearing instance... (1ms)
2026-06-25 10:27:30.129 +02:00 [INF] Releasing context lock... (1ms)
2026-06-25 10:27:30.129 +02:00 [INF] Released. (1ms)
2026-06-25 10:27:30.129 +02:00 [ERR] Failed to start application context
System.InvalidOperationException: Collection was modified; enumeration operation may not execute.
   at System.Collections.Generic.List`1.Enumerator.MoveNext()
   at Intersect.Client.Core.Graphics.DrawInGame(TimeSpan deltaTime) in F:\game code engine\Intersect_New\Intersect.Client.Core\Core\Graphics.cs:line 912
   at Intersect.Client.Core.Graphics.Render(TimeSpan deltaTime, TimeSpan totalTime) in F:\game code engine\Intersect_New\Intersect.Client.Core\Core\Graphics.cs:line 978
   at Intersect.Client.MonoGame.IntersectGame.Draw(GameTime gameTime) in F:\game code engine\Intersect_New\Intersect.Client.Core\MonoGame\IntersectGame.cs:line 332
   at Microsoft.Xna.Framework.Game.Tick()
   at Microsoft.Xna.Framework.SdlGamePlatform.RunLoop()
   at Microsoft.Xna.Framework.Game.Run(GameRunBehavior runBehavior)
   at Microsoft.Xna.Framework.Game.Run()
   at Intersect.Client.MonoGame.IntersectGame.MonoGameRunner.Start(IClientContext context, Action postStartupAction) in F:\game code engine\Intersect_New\Intersect.Client.Core\MonoGame\IntersectGame.cs:line 627
   at Intersect.Client.Core.ClientContext.InternalStart() in F:\game code engine\Intersect_New\Intersect.Client.Core\Core\ClientContext.cs:line 97
   at Intersect.Core.ApplicationContext`2.Start(Boolean lockUntilShutdown) in F:\game code engine\Intersect_New\Intersect (Core)\Core\ApplicationContext`2.cs:line 245
