2026-06-21 20:59:50.167 +02:00 [INF] Starting Intersect Client v0.8.0.0-custom+32d39132dace1351f63375b261f241297dd35be8-dirty
2026-06-21 20:59:50.378 +02:00 [INF] Discovered service type: Intersect.Plugins.PluginService
2026-06-21 20:59:50.382 +02:00 [WRN] Directory was specified as a plugin directory but does not exist: 'resources\plugins'
2026-06-21 20:59:50.383 +02:00 [INF] Discovered 0 plugins:

2026-06-21 20:59:52.431 +02:00 [INF] Connecting to 127.0.0.1:5400...
2026-06-21 20:59:52.453 +02:00 [INF] Connected [a36b7048-7257-4784-8ae0-ca053ce4f7ea].
2026-06-21 20:59:52.465 +02:00 [INF] Connection approved [a36b7048-7257-4784-8ae0-ca053ce4f7ea].
2026-06-21 20:59:52.572 +02:00 [INF] Updated PermissionSet 'default'
2026-06-21 20:59:57.367 +02:00 [INF] Updated PermissionSet 'admin'
2026-06-21 20:59:57.368 +02:00 [INF] Updating active permission set to 'admin'
2026-06-21 21:00:02.960 +02:00 [WRN] 'Me' is null.
2026-06-21 21:00:03.629 +02:00 [INF] Built VBO for map 15601ad4-9f26-4abe-a6c9-3a7eebaa3045 'Forest' in 27.3652ms
2026-06-21 21:00:03.719 +02:00 [ERR] Exception thrown while trying to load 'resources/tilesets/water_shore_marker.png'
System.IO.FileNotFoundException: Could not find file 'F:\game code engine\Intersect_New\Intersect.Client\resources\tilesets\water_shore_marker.png'.
File name: 'F:\game code engine\Intersect_New\Intersect.Client\resources\tilesets\water_shore_marker.png'
   at Microsoft.Win32.SafeHandles.SafeFileHandle.CreateFile(String fullPath, FileMode mode, FileAccess access, FileShare share, FileOptions options)
   at Microsoft.Win32.SafeHandles.SafeFileHandle.Open(String fullPath, FileMode mode, FileAccess access, FileShare share, FileOptions options, Int64 preallocationSize, Nullable`1 unixCreateMode)
   at System.IO.Strategies.OSFileStreamStrategy..ctor(String path, FileMode mode, FileAccess access, FileShare share, FileOptions options, Int64 preallocationSize, Nullable`1 unixCreateMode)
   at System.IO.Strategies.FileStreamHelpers.ChooseStrategyCore(String path, FileMode mode, FileAccess access, FileShare share, FileOptions options, Int64 preallocationSize, Nullable`1 unixCreateMode)
   at System.IO.File.OpenRead(String path)
   at Intersect.Client.Framework.Graphics.GameRenderer.<>c__DisplayClass181_0.<LoadTexture>b__0() in F:\game code engine\Intersect_New\Intersect.Client.Framework\Graphics\GameRenderer.cs:line 1011
   at Intersect.Client.Framework.Graphics.GameTexture`2.LoadPlatformTexture(Boolean force) in F:\game code engine\Intersect_New\Intersect.Client.Framework\Graphics\GameTexture.cs:line 279
2026-06-21 21:00:03.968 +02:00 [INF] Built VBO for map 27c6a7b2-4e9f-4316-9a0f-e13ec8e16ba2 'Forest' in 338.2655ms
2026-06-21 21:00:03.992 +02:00 [INF] Built VBO for map e341d25d-5ff4-4cd6-bcd5-2f2cda710c86 'town' in 18.4638ms
2026-06-21 21:03:27.115 +02:00 [WRN] 'Me' is null.
2026-06-21 21:03:27.705 +02:00 [INF] Built VBO for map 9802b09c-f592-4d93-8e11-d3424500716c 'Forest' in 5.6006ms
2026-06-21 21:03:27.713 +02:00 [INF] Built VBO for map 15601ad4-9f26-4abe-a6c9-3a7eebaa3045 'Forest' in 8.1277ms
2026-06-21 21:03:27.759 +02:00 [INF] Built VBO for map a31f210c-f5fb-48bf-9db2-45fab2293a4c 'Forest' in 42.2318ms
2026-06-21 21:03:28.099 +02:00 [INF] Built VBO for map 27c6a7b2-4e9f-4316-9a0f-e13ec8e16ba2 'Forest' in 339.1644ms
2026-06-21 21:03:28.106 +02:00 [INF] Built VBO for map e341d25d-5ff4-4cd6-bcd5-2f2cda710c86 'town' in 4.4431ms
2026-06-21 21:03:33.675 +02:00 [WRN] 'Me' is null.
2026-06-21 21:29:15.176 +02:00 [WRN] 'Me' is null.
2026-06-21 21:29:15.523 +02:00 [INF] Built VBO for map 9802b09c-f592-4d93-8e11-d3424500716c 'Forest' in 3.7781ms
2026-06-21 21:29:15.528 +02:00 [INF] Built VBO for map 15601ad4-9f26-4abe-a6c9-3a7eebaa3045 'Forest' in 4.0127ms
2026-06-21 21:29:15.579 +02:00 [INF] Built VBO for map a31f210c-f5fb-48bf-9db2-45fab2293a4c 'Forest' in 48.157ms
2026-06-21 21:29:15.856 +02:00 [INF] Built VBO for map 27c6a7b2-4e9f-4316-9a0f-e13ec8e16ba2 'Forest' in 276.1929ms
2026-06-21 21:29:15.863 +02:00 [INF] Built VBO for map e341d25d-5ff4-4cd6-bcd5-2f2cda710c86 'town' in 4.862ms
2026-06-21 21:29:30.437 +02:00 [INF] System window closing (due to user interaction most likely).
2026-06-21 21:29:30.440 +02:00 [INF] Disconnected [a36b7048-7257-4784-8ae0-ca053ce4f7ea].
2026-06-21 21:29:30.440 +02:00 [INF] Updating active permission set to 'default'
2026-06-21 21:29:30.464 +02:00 [INF] Acquiring context lock... (0ms)
2026-06-21 21:29:30.464 +02:00 [INF] Acquired. (0ms)
2026-06-21 21:29:30.465 +02:00 [INF] Beginning context dispose. (0ms)
2026-06-21 21:29:30.466 +02:00 [INF] GC.SuppressFinalize (0ms)
2026-06-21 21:29:30.466 +02:00 [INF] InternalDispose() completed. (0ms)
2026-06-21 21:29:30.466 +02:00 [INF] Clearing instance... (1ms)
2026-06-21 21:29:30.466 +02:00 [INF] Releasing context lock... (1ms)
2026-06-21 21:29:30.466 +02:00 [INF] Released. (1ms)
