2026-04-27 20:18:50.778 +06:00 [INF] Starting Intersect Client v0.8.0.0-custom+32d39132dace1351f63375b261f241297dd35be8-dirty
2026-04-27 20:18:50.990 +06:00 [INF] Discovered service type: Intersect.Plugins.PluginService
2026-04-27 20:18:50.994 +06:00 [WRN] Directory was specified as a plugin directory but does not exist: 'resources\plugins'
2026-04-27 20:18:50.995 +06:00 [INF] Discovered 0 plugins:

2026-04-27 20:18:52.935 +06:00 [INF] Connecting to 127.0.0.1:5400...
2026-04-27 20:18:52.944 +06:00 [INF] Connected [69a4a6f1-b334-4e92-b0d3-de840638d3b4].
2026-04-27 20:18:52.953 +06:00 [INF] Connection approved [69a4a6f1-b334-4e92-b0d3-de840638d3b4].
2026-04-27 20:18:53.051 +06:00 [INF] Updated PermissionSet 'default'
2026-04-27 20:18:53.051 +06:00 [INF] Updated PermissionSet 'admin'
2026-04-27 20:18:59.967 +06:00 [INF] Updating active permission set to 'admin'
2026-04-27 20:19:00.089 +06:00 [WRN] Unable to add '_buttonLogout' to the JSON of MainMenu.SelectCharacterWindow._innerPanel._buttonsPanel because a sibling shares the same name
2026-04-27 20:19:00.858 +06:00 [WRN] 'Me' is null.
2026-04-27 20:19:01.484 +06:00 [INF] Built VBO for map 27c6a7b2-4e9f-4316-9a0f-e13ec8e16ba2 'Forest' in 9.7367ms
2026-04-27 20:19:32.678 +06:00 [INF] Built VBO for map c15f8299-8999-471f-9760-388ff4cdec7c 'Forest' in 9.6665ms
2026-04-27 20:19:46.692 +06:00 [INF] Built VBO for map 27c6a7b2-4e9f-4316-9a0f-e13ec8e16ba2 'Forest' in 2.2536ms
2026-04-27 20:23:52.732 +06:00 [INF] System window closing (due to user interaction most likely).
2026-04-27 20:23:52.735 +06:00 [INF] Disconnected [69a4a6f1-b334-4e92-b0d3-de840638d3b4].
2026-04-27 20:23:52.736 +06:00 [INF] Updating active permission set to 'default'
2026-04-27 20:23:52.754 +06:00 [INF] Acquiring context lock... (0ms)
2026-04-27 20:23:52.754 +06:00 [INF] Acquired. (0ms)
2026-04-27 20:23:52.755 +06:00 [INF] Beginning context dispose. (0ms)
2026-04-27 20:23:52.755 +06:00 [INF] GC.SuppressFinalize (0ms)
2026-04-27 20:23:52.755 +06:00 [INF] InternalDispose() completed. (0ms)
2026-04-27 20:23:52.756 +06:00 [INF] Clearing instance... (1ms)
2026-04-27 20:23:52.756 +06:00 [INF] Releasing context lock... (1ms)
2026-04-27 20:23:52.756 +06:00 [INF] Released. (1ms)
