2026-05-14 05:25:43.254 +02:00 [INF] Starting Intersect Client v0.8.0.0-custom+32d39132dace1351f63375b261f241297dd35be8-dirty
2026-05-14 05:25:43.528 +02:00 [INF] Discovered service type: Intersect.Plugins.PluginService
2026-05-14 05:25:43.532 +02:00 [WRN] Directory was specified as a plugin directory but does not exist: 'resources\plugins'
2026-05-14 05:25:43.533 +02:00 [INF] Discovered 0 plugins:

2026-05-14 05:25:46.965 +02:00 [INF] Connecting to 127.0.0.1:5400...
2026-05-14 05:25:46.986 +02:00 [INF] Connected [9ecbf050-b77d-416e-bb53-65355c5cce85].
2026-05-14 05:25:47.005 +02:00 [INF] Connection approved [9ecbf050-b77d-416e-bb53-65355c5cce85].
2026-05-14 05:25:47.105 +02:00 [INF] Updated PermissionSet 'default'
2026-05-14 05:25:51.356 +02:00 [INF] Updated PermissionSet 'admin'
2026-05-14 05:25:51.356 +02:00 [INF] Updating active permission set to 'admin'
2026-05-14 05:25:51.983 +02:00 [WRN] 'Me' is null.
2026-05-14 05:25:52.706 +02:00 [INF] Built VBO for map 24cc8989-0a45-4ecb-bf58-41efcefcaeb8 'Test' in 23.5613ms
2026-05-14 05:36:51.123 +02:00 [INF] Disconnected [9ecbf050-b77d-416e-bb53-65355c5cce85].
2026-05-14 05:36:51.124 +02:00 [INF] Updating active permission set to 'default'
2026-05-14 05:36:53.830 +02:00 [INF] System window closing (due to user interaction most likely).
2026-05-14 05:36:53.856 +02:00 [INF] Acquiring context lock... (0ms)
2026-05-14 05:36:53.856 +02:00 [INF] Acquired. (0ms)
2026-05-14 05:36:53.857 +02:00 [INF] Beginning context dispose. (0ms)
2026-05-14 05:36:53.857 +02:00 [INF] GC.SuppressFinalize (0ms)
2026-05-14 05:36:53.857 +02:00 [INF] InternalDispose() completed. (0ms)
2026-05-14 05:36:53.857 +02:00 [INF] Clearing instance... (1ms)
2026-05-14 05:36:53.857 +02:00 [INF] Releasing context lock... (1ms)
2026-05-14 05:36:53.857 +02:00 [INF] Released. (1ms)
