2026-04-17 11:58:24.138 +06:00 [INF] Starting Intersect Client v0.8.0.0-custom+32d39132dace1351f63375b261f241297dd35be8-dirty
2026-04-17 11:58:24.884 +06:00 [INF] Discovered service type: Intersect.Plugins.PluginService
2026-04-17 11:58:24.889 +06:00 [WRN] Directory was specified as a plugin directory but does not exist: 'resources\plugins'
2026-04-17 11:58:24.890 +06:00 [INF] Discovered 0 plugins:

2026-04-17 11:58:26.981 +06:00 [INF] Connecting to 127.0.0.1:5400...
2026-04-17 11:58:27.003 +06:00 [INF] Connected [e4838be0-5169-4e34-8905-a130332f3316].
2026-04-17 11:58:27.020 +06:00 [INF] Connection approved [e4838be0-5169-4e34-8905-a130332f3316].
2026-04-17 11:58:27.106 +06:00 [INF] Updated PermissionSet 'default'
2026-04-17 11:58:31.515 +06:00 [INF] Updated PermissionSet 'admin'
2026-04-17 11:58:31.516 +06:00 [INF] Updating active permission set to 'admin'
2026-04-17 11:58:31.660 +06:00 [WRN] Unable to add '_buttonLogout' to the JSON of MainMenu.SelectCharacterWindow._innerPanel._buttonsPanel because a sibling shares the same name
2026-04-17 11:58:33.339 +06:00 [WRN] 'Me' is null.
2026-04-17 11:58:33.904 +06:00 [INF] Built VBO for map 850ddb26-5568-4376-b8e0-346c04cb81ef 'forest' in 38.9347ms
2026-04-17 12:03:13.020 +06:00 [INF] Built VBO for map 850ddb26-5568-4376-b8e0-346c04cb81ef 'forest' in 7.1257ms
2026-04-17 12:04:34.521 +06:00 [INF] Built VBO for map 850ddb26-5568-4376-b8e0-346c04cb81ef 'forest' in 3.4253ms
2026-04-17 12:06:38.803 +06:00 [INF] Built VBO for map 850ddb26-5568-4376-b8e0-346c04cb81ef 'forest' in 2.8893ms
2026-04-17 12:07:15.661 +06:00 [INF] Built VBO for map 850ddb26-5568-4376-b8e0-346c04cb81ef 'forest' in 3.0695ms
2026-04-17 12:07:21.270 +06:00 [INF] System window closing (due to user interaction most likely).
2026-04-17 12:07:21.273 +06:00 [INF] Disconnected [e4838be0-5169-4e34-8905-a130332f3316].
2026-04-17 12:07:21.274 +06:00 [INF] Updating active permission set to 'default'
2026-04-17 12:07:21.307 +06:00 [INF] Acquiring context lock... (0ms)
2026-04-17 12:07:21.307 +06:00 [INF] Acquired. (0ms)
2026-04-17 12:07:21.308 +06:00 [INF] Beginning context dispose. (0ms)
2026-04-17 12:07:21.308 +06:00 [INF] GC.SuppressFinalize (0ms)
2026-04-17 12:07:21.308 +06:00 [INF] InternalDispose() completed. (0ms)
2026-04-17 12:07:21.308 +06:00 [INF] Clearing instance... (1ms)
2026-04-17 12:07:21.308 +06:00 [INF] Releasing context lock... (1ms)
2026-04-17 12:07:21.308 +06:00 [INF] Released. (1ms)
