2026-04-06 05:46:40.653 +06:00 [INF] Starting Intersect Client v0.8.0.0-custom+32d39132dace1351f63375b261f241297dd35be8-dirty
2026-04-06 05:46:40.983 +06:00 [INF] Discovered service type: Intersect.Plugins.PluginService
2026-04-06 05:46:40.986 +06:00 [WRN] Directory was specified as a plugin directory but does not exist: 'resources\plugins'
2026-04-06 05:46:40.987 +06:00 [INF] Discovered 0 plugins:

2026-04-06 05:46:43.035 +06:00 [INF] Connecting to 127.0.0.1:5400...
2026-04-06 05:46:43.054 +06:00 [INF] Connected [29de683b-b5b3-470c-82be-defba3d2f74e].
2026-04-06 05:46:43.065 +06:00 [INF] Connection approved [29de683b-b5b3-470c-82be-defba3d2f74e].
2026-04-06 05:46:43.147 +06:00 [INF] Updated PermissionSet 'default'
2026-04-06 05:46:47.292 +06:00 [INF] Updated PermissionSet 'admin'
2026-04-06 05:46:47.292 +06:00 [INF] Updating active permission set to 'admin'
2026-04-06 05:46:47.415 +06:00 [WRN] Unable to add '_buttonLogout' to the JSON of MainMenu.SelectCharacterWindow._innerPanel._buttonsPanel because a sibling shares the same name
2026-04-06 05:46:49.164 +06:00 [WRN] 'Me' is null.
2026-04-06 05:46:49.691 +06:00 [INF] Built VBO for map 73ba8458-f8de-4f78-a254-c91b18418ed0 'b' in 15.7763ms
2026-04-06 05:46:49.703 +06:00 [INF] Built VBO for map 27c6a7b2-4e9f-4316-9a0f-e13ec8e16ba2 'New Map' in 7.0977ms
2026-04-06 05:47:24.860 +06:00 [FTL] Game is crashing due to an exception
MessagePack.MessagePackSerializationException: Failed to serialize System.Object value.
 ---> MessagePack.FormatterNotRegisteredException: Intersect.Network.Packets.Client.RespawnRequestPacket is not registered in resolver: MessagePack.Resolvers.CompositeResolver+CachingResolver
   at MessagePack.FormatterResolverExtensions.Throw(Type t, IFormatterResolver resolver)
   at MessagePack.Formatters.DynamicObjectTypeFallbackFormatter.Serialize(MessagePackWriter& writer, Object value, MessagePackSerializerOptions options)
   at MessagePack.MessagePackSerializer.Serialize[T](MessagePackWriter& writer, T value, MessagePackSerializerOptions options)
   --- End of inner exception stack trace ---
   at MessagePack.MessagePackSerializer.Serialize[T](MessagePackWriter& writer, T value, MessagePackSerializerOptions options)
   at MessagePack.MessagePackSerializer.Serialize[T](T value, MessagePackSerializerOptions options, CancellationToken cancellationToken)
   at Intersect.Network.MessagePacker.Serialize(IntersectPacket packet) in F:\game code engine\Intersect_New\Framework\Intersect.Framework.Core\Network\MessagePacker.cs:line 25
   at Intersect.Network.IntersectPacket.get_Data() in F:\game code engine\Intersect_New\Framework\Intersect.Framework.Core\Network\IntersectPacket.cs:line 30
   at Intersect.Network.LiteNetLib.LiteNetLibConnection.Send(IPacket packet, TransmissionMode transmissionMode) in F:\game code engine\Intersect_New\Intersect.Network\LiteNetLib\LiteNetLibConnection.cs:line 156
   at Intersect.Network.LiteNetLib.LiteNetLibInterface.SendPacket(IPacket packet, IConnection connection, TransmissionMode transmissionMode) in F:\game code engine\Intersect_New\Intersect.Network\LiteNetLib\LiteNetLibInterface.cs:line 101
   at Intersect.Network.ClientNetwork.Send(IPacket packet, TransmissionMode mode) in F:\game code engine\Intersect_New\Intersect.Network\ClientNetwork.cs:line 126
   at Intersect.Client.MonoGame.Network.MonoSocket.SendPacket(Object packet) in F:\game code engine\Intersect_New\Intersect.Client.Core\MonoGame\Network\MonoSocket.cs:line 191
   at Intersect.Client.Networking.Network.SendPacket(IntersectPacket packet) in F:\game code engine\Intersect_New\Intersect.Client.Core\Networking\Network.cs:line 182
   at Intersect.Client.Networking.PacketSender.SendRespawnRequest() in F:\game code engine\Intersect_New\Intersect.Client.Core\Networking\PacketSenderAdditions.cs:line 9
   at Intersect.Client.Interface.Game.DeathWindow.RespawnNow_Clicked(Base sender, MouseButtonState arguments) in F:\game code engine\Intersect_New\Intersect.Client.Core\Interface\Game\DeathWindow.cs:line 110
   at Intersect.Client.Framework.Gwen.Control.Base.InputMouseButtonState(MouseButton mouseButton, Point mousePosition, Boolean pressed, Boolean userAction) in F:\game code engine\Intersect_New\Intersect.Client.Framework\Gwen\Control\Base.cs:line 3507
   at Intersect.Client.Framework.Gwen.Input.InputHandler.OnMouseButtonStateChanged(Base canvas, MouseButton mouseButton, Boolean pressed) in F:\game code engine\Intersect_New\Intersect.Client.Framework\Gwen\Input\InputHandler.cs:line 423
   at Intersect.Client.Framework.Gwen.Control.Canvas.Input_MouseButton(MouseButton button, Boolean down) in F:\game code engine\Intersect_New\Intersect.Client.Framework\Gwen\Control\Canvas.cs:line 369
   at Intersect.Client.Framework.Gwen.Input.IntersectInput.ProcessMessage(Object message) in F:\game code engine\Intersect_New\Intersect.Client.Framework\Gwen\Input\IntersectInput.cs:line 116
   at Intersect.Client.MonoGame.Input.MonoInput.CheckMouseButton(Keys modifier, ButtonState bs, MouseButton mb) in F:\game code engine\Intersect_New\Intersect.Client.Core\MonoGame\Input\MonoInput.cs:line 239
   at Intersect.Client.MonoGame.Input.MonoInput.Update(TimeSpan elapsed) in F:\game code engine\Intersect_New\Intersect.Client.Core\MonoGame\Input\MonoInput.cs:line 507
   at Intersect.Client.Core.Main.Update(TimeSpan deltaTime) in F:\game code engine\Intersect_New\Intersect.Client.Core\Core\Main.cs:line 101
   at Intersect.Client.MonoGame.IntersectGame.Update(GameTime gameTime) in F:\game code engine\Intersect_New\Intersect.Client.Core\MonoGame\IntersectGame.cs:line 230
   at Microsoft.Xna.Framework.Game.Tick()
   at Microsoft.Xna.Framework.SdlGamePlatform.RunLoop()
   at Microsoft.Xna.Framework.Game.Run(GameRunBehavior runBehavior)
   at Microsoft.Xna.Framework.Game.Run()
   at Intersect.Client.MonoGame.IntersectGame.MonoGameRunner.Start(IClientContext context, Action postStartupAction) in F:\game code engine\Intersect_New\Intersect.Client.Core\MonoGame\IntersectGame.cs:line 633
2026-04-06 05:47:24.893 +06:00 [INF] Acquiring context lock... (0ms)
2026-04-06 05:47:24.893 +06:00 [INF] Acquired. (0ms)
2026-04-06 05:47:24.893 +06:00 [INF] Beginning context dispose. (0ms)
2026-04-06 05:47:24.894 +06:00 [INF] GC.SuppressFinalize (0ms)
2026-04-06 05:47:24.894 +06:00 [INF] InternalDispose() completed. (0ms)
2026-04-06 05:47:24.894 +06:00 [INF] Clearing instance... (1ms)
2026-04-06 05:47:24.894 +06:00 [INF] Releasing context lock... (1ms)
2026-04-06 05:47:24.894 +06:00 [INF] Released. (1ms)
2026-04-06 05:47:24.894 +06:00 [ERR] Failed to start application context
MessagePack.MessagePackSerializationException: Failed to serialize System.Object value.
 ---> MessagePack.FormatterNotRegisteredException: Intersect.Network.Packets.Client.RespawnRequestPacket is not registered in resolver: MessagePack.Resolvers.CompositeResolver+CachingResolver
   at MessagePack.FormatterResolverExtensions.Throw(Type t, IFormatterResolver resolver)
   at MessagePack.Formatters.DynamicObjectTypeFallbackFormatter.Serialize(MessagePackWriter& writer, Object value, MessagePackSerializerOptions options)
   at MessagePack.MessagePackSerializer.Serialize[T](MessagePackWriter& writer, T value, MessagePackSerializerOptions options)
   --- End of inner exception stack trace ---
   at MessagePack.MessagePackSerializer.Serialize[T](MessagePackWriter& writer, T value, MessagePackSerializerOptions options)
   at MessagePack.MessagePackSerializer.Serialize[T](T value, MessagePackSerializerOptions options, CancellationToken cancellationToken)
   at Intersect.Network.MessagePacker.Serialize(IntersectPacket packet) in F:\game code engine\Intersect_New\Framework\Intersect.Framework.Core\Network\MessagePacker.cs:line 25
   at Intersect.Network.IntersectPacket.get_Data() in F:\game code engine\Intersect_New\Framework\Intersect.Framework.Core\Network\IntersectPacket.cs:line 30
   at Intersect.Network.LiteNetLib.LiteNetLibConnection.Send(IPacket packet, TransmissionMode transmissionMode) in F:\game code engine\Intersect_New\Intersect.Network\LiteNetLib\LiteNetLibConnection.cs:line 156
   at Intersect.Network.LiteNetLib.LiteNetLibInterface.SendPacket(IPacket packet, IConnection connection, TransmissionMode transmissionMode) in F:\game code engine\Intersect_New\Intersect.Network\LiteNetLib\LiteNetLibInterface.cs:line 101
   at Intersect.Network.ClientNetwork.Send(IPacket packet, TransmissionMode mode) in F:\game code engine\Intersect_New\Intersect.Network\ClientNetwork.cs:line 126
   at Intersect.Client.MonoGame.Network.MonoSocket.SendPacket(Object packet) in F:\game code engine\Intersect_New\Intersect.Client.Core\MonoGame\Network\MonoSocket.cs:line 191
   at Intersect.Client.Networking.Network.SendPacket(IntersectPacket packet) in F:\game code engine\Intersect_New\Intersect.Client.Core\Networking\Network.cs:line 182
   at Intersect.Client.Networking.PacketSender.SendRespawnRequest() in F:\game code engine\Intersect_New\Intersect.Client.Core\Networking\PacketSenderAdditions.cs:line 9
   at Intersect.Client.Interface.Game.DeathWindow.RespawnNow_Clicked(Base sender, MouseButtonState arguments) in F:\game code engine\Intersect_New\Intersect.Client.Core\Interface\Game\DeathWindow.cs:line 110
   at Intersect.Client.Framework.Gwen.Control.Base.InputMouseButtonState(MouseButton mouseButton, Point mousePosition, Boolean pressed, Boolean userAction) in F:\game code engine\Intersect_New\Intersect.Client.Framework\Gwen\Control\Base.cs:line 3507
   at Intersect.Client.Framework.Gwen.Input.InputHandler.OnMouseButtonStateChanged(Base canvas, MouseButton mouseButton, Boolean pressed) in F:\game code engine\Intersect_New\Intersect.Client.Framework\Gwen\Input\InputHandler.cs:line 423
   at Intersect.Client.Framework.Gwen.Control.Canvas.Input_MouseButton(MouseButton button, Boolean down) in F:\game code engine\Intersect_New\Intersect.Client.Framework\Gwen\Control\Canvas.cs:line 369
   at Intersect.Client.Framework.Gwen.Input.IntersectInput.ProcessMessage(Object message) in F:\game code engine\Intersect_New\Intersect.Client.Framework\Gwen\Input\IntersectInput.cs:line 116
   at Intersect.Client.MonoGame.Input.MonoInput.CheckMouseButton(Keys modifier, ButtonState bs, MouseButton mb) in F:\game code engine\Intersect_New\Intersect.Client.Core\MonoGame\Input\MonoInput.cs:line 239
   at Intersect.Client.MonoGame.Input.MonoInput.Update(TimeSpan elapsed) in F:\game code engine\Intersect_New\Intersect.Client.Core\MonoGame\Input\MonoInput.cs:line 507
   at Intersect.Client.Core.Main.Update(TimeSpan deltaTime) in F:\game code engine\Intersect_New\Intersect.Client.Core\Core\Main.cs:line 101
   at Intersect.Client.MonoGame.IntersectGame.Update(GameTime gameTime) in F:\game code engine\Intersect_New\Intersect.Client.Core\MonoGame\IntersectGame.cs:line 230
   at Microsoft.Xna.Framework.Game.Tick()
   at Microsoft.Xna.Framework.SdlGamePlatform.RunLoop()
   at Microsoft.Xna.Framework.Game.Run(GameRunBehavior runBehavior)
   at Microsoft.Xna.Framework.Game.Run()
   at Intersect.Client.MonoGame.IntersectGame.MonoGameRunner.Start(IClientContext context, Action postStartupAction) in F:\game code engine\Intersect_New\Intersect.Client.Core\MonoGame\IntersectGame.cs:line 633
   at Intersect.Client.Core.ClientContext.InternalStart() in F:\game code engine\Intersect_New\Intersect.Client.Core\Core\ClientContext.cs:line 97
   at Intersect.Core.ApplicationContext`2.Start(Boolean lockUntilShutdown) in F:\game code engine\Intersect_New\Intersect (Core)\Core\ApplicationContext`2.cs:line 245
