2026-05-05 23:57:31.189 +06:00 [INF] Starting Intersect Client v0.8.0.0-custom+32d39132dace1351f63375b261f241297dd35be8-dirty
2026-05-05 23:57:31.401 +06:00 [INF] Discovered service type: Intersect.Plugins.PluginService
2026-05-05 23:57:31.406 +06:00 [WRN] Directory was specified as a plugin directory but does not exist: 'resources\plugins'
2026-05-05 23:57:31.407 +06:00 [INF] Discovered 0 plugins:

2026-05-05 23:57:33.404 +06:00 [INF] Connecting to 127.0.0.1:5400...
2026-05-05 23:57:33.412 +06:00 [INF] Connected [4d9fb099-2f2a-4f83-84ff-9776143e18a5].
2026-05-05 23:57:33.419 +06:00 [INF] Connection approved [4d9fb099-2f2a-4f83-84ff-9776143e18a5].
2026-05-05 23:57:33.497 +06:00 [INF] Updated PermissionSet 'default'
2026-05-05 23:57:33.497 +06:00 [INF] Updated PermissionSet 'admin'
2026-05-05 23:57:39.582 +06:00 [INF] Updating active permission set to 'admin'
2026-05-05 23:57:40.823 +06:00 [WRN] 'Me' is null.
2026-05-05 23:57:41.501 +06:00 [INF] Built VBO for map 27c6a7b2-4e9f-4316-9a0f-e13ec8e16ba2 'Forest' in 18.264ms
2026-05-06 00:01:49.707 +06:00 [INF] System window closing (due to user interaction most likely).
2026-05-06 00:01:49.714 +06:00 [INF] Disconnected [4d9fb099-2f2a-4f83-84ff-9776143e18a5].
2026-05-06 00:01:49.715 +06:00 [INF] Updating active permission set to 'default'
2026-05-06 00:01:49.760 +06:00 [INF] Acquiring context lock... (0ms)
2026-05-06 00:01:49.760 +06:00 [INF] Acquired. (0ms)
2026-05-06 00:01:49.761 +06:00 [INF] Beginning context dispose. (0ms)
2026-05-06 00:01:49.761 +06:00 [INF] GC.SuppressFinalize (0ms)
2026-05-06 00:01:49.762 +06:00 [INF] InternalDispose() completed. (0ms)
2026-05-06 00:01:49.762 +06:00 [INF] Clearing instance... (2ms)
2026-05-06 00:01:49.762 +06:00 [INF] Releasing context lock... (2ms)
2026-05-06 00:01:49.762 +06:00 [INF] Released. (2ms)
