2026-06-02 05:51:39.832 +02:00 [INF] Starting Intersect Client v0.8.0.0-custom+32d39132dace1351f63375b261f241297dd35be8-dirty
2026-06-02 05:51:40.043 +02:00 [INF] Discovered service type: Intersect.Plugins.PluginService
2026-06-02 05:51:40.046 +02:00 [WRN] Directory was specified as a plugin directory but does not exist: 'resources\plugins'
2026-06-02 05:51:40.047 +02:00 [INF] Discovered 0 plugins:

2026-06-02 05:51:42.120 +02:00 [INF] Connecting to 127.0.0.1:5400...
2026-06-02 05:51:42.140 +02:00 [INF] Connected [325894a2-1c94-419f-b1d1-dc9571095f0e].
2026-06-02 05:51:42.165 +02:00 [INF] Connection approved [325894a2-1c94-419f-b1d1-dc9571095f0e].
2026-06-02 05:51:42.263 +02:00 [INF] Updated PermissionSet 'default'
2026-06-02 05:51:46.659 +02:00 [INF] Updated PermissionSet 'admin'
2026-06-02 05:51:46.660 +02:00 [INF] Updating active permission set to 'admin'
2026-06-02 05:51:47.184 +02:00 [WRN] 'Me' is null.
2026-06-02 05:51:48.078 +02:00 [INF] Built VBO for map 27c6a7b2-4e9f-4316-9a0f-e13ec8e16ba2 'Forest' in 82.72ms
2026-06-02 05:52:48.694 +02:00 [INF] Built VBO for map 27c6a7b2-4e9f-4316-9a0f-e13ec8e16ba2 'Forest' in 14.9861ms
2026-06-02 05:53:04.399 +02:00 [INF] Built VBO for map 27c6a7b2-4e9f-4316-9a0f-e13ec8e16ba2 'Forest' in 43.985ms
2026-06-02 05:53:09.359 +02:00 [INF] Built VBO for map 27c6a7b2-4e9f-4316-9a0f-e13ec8e16ba2 'Forest' in 43.652ms
2026-06-02 05:53:17.177 +02:00 [INF] Built VBO for map a31f210c-f5fb-48bf-9db2-45fab2293a4c 'Forest' in 58.898ms
2026-06-02 05:53:33.509 +02:00 [INF] Built VBO for map e341d25d-5ff4-4cd6-bcd5-2f2cda710c86 'Forest' in 5.2246ms
2026-06-02 05:55:02.888 +02:00 [INF] System window closing (due to user interaction most likely).
2026-06-02 05:55:02.891 +02:00 [INF] Disconnected [325894a2-1c94-419f-b1d1-dc9571095f0e].
2026-06-02 05:55:02.892 +02:00 [INF] Updating active permission set to 'default'
2026-06-02 05:55:02.923 +02:00 [INF] Acquiring context lock... (0ms)
2026-06-02 05:55:02.923 +02:00 [INF] Acquired. (0ms)
2026-06-02 05:55:02.924 +02:00 [INF] Beginning context dispose. (0ms)
2026-06-02 05:55:02.924 +02:00 [INF] GC.SuppressFinalize (0ms)
2026-06-02 05:55:02.924 +02:00 [INF] InternalDispose() completed. (0ms)
2026-06-02 05:55:02.924 +02:00 [INF] Clearing instance... (1ms)
2026-06-02 05:55:02.924 +02:00 [INF] Releasing context lock... (1ms)
2026-06-02 05:55:02.924 +02:00 [INF] Released. (1ms)
