2026-05-29 20:46:02.465 +02:00 [INF] Starting Intersect Client v0.8.0.0-custom+32d39132dace1351f63375b261f241297dd35be8-dirty
2026-05-29 20:46:02.678 +02:00 [INF] Discovered service type: Intersect.Plugins.PluginService
2026-05-29 20:46:02.681 +02:00 [WRN] Directory was specified as a plugin directory but does not exist: 'resources\plugins'
2026-05-29 20:46:02.682 +02:00 [INF] Discovered 0 plugins:

2026-05-29 20:46:04.606 +02:00 [INF] Connecting to 127.0.0.1:5400...
2026-05-29 20:46:04.628 +02:00 [INF] Connected [3837c30e-9a26-4dc0-8b89-ba6e29c92a6e].
2026-05-29 20:46:04.653 +02:00 [INF] Connection approved [3837c30e-9a26-4dc0-8b89-ba6e29c92a6e].
2026-05-29 20:46:04.741 +02:00 [INF] Updated PermissionSet 'default'
2026-05-29 20:46:11.051 +02:00 [INF] Updated PermissionSet 'admin'
2026-05-29 20:46:11.051 +02:00 [INF] Updating active permission set to 'admin'
2026-05-29 20:46:11.626 +02:00 [WRN] 'Me' is null.
2026-05-29 20:46:12.347 +02:00 [INF] Built VBO for map d5c08240-0436-454a-8993-362abf5bc477 'New Map' in 12.2163ms
2026-05-29 20:46:12.376 +02:00 [INF] Window light shader 'Intersect.Client.Resources.Shaders.windowlight.mgfxo' loaded successfully with 11 parameters
2026-05-29 20:52:38.935 +02:00 [INF] System window closing (due to user interaction most likely).
2026-05-29 20:52:38.938 +02:00 [INF] Disconnected [3837c30e-9a26-4dc0-8b89-ba6e29c92a6e].
2026-05-29 20:52:38.939 +02:00 [INF] Updating active permission set to 'default'
2026-05-29 20:52:38.970 +02:00 [INF] Acquiring context lock... (0ms)
2026-05-29 20:52:38.971 +02:00 [INF] Acquired. (0ms)
2026-05-29 20:52:38.971 +02:00 [INF] Beginning context dispose. (0ms)
2026-05-29 20:52:38.971 +02:00 [INF] GC.SuppressFinalize (0ms)
2026-05-29 20:52:38.971 +02:00 [INF] InternalDispose() completed. (0ms)
2026-05-29 20:52:38.972 +02:00 [INF] Clearing instance... (1ms)
2026-05-29 20:52:38.972 +02:00 [INF] Releasing context lock... (1ms)
2026-05-29 20:52:38.972 +02:00 [INF] Released. (1ms)
