2026-05-04 01:03:10.273 +06:00 [INF] Starting Intersect Client v0.8.0.0-custom+32d39132dace1351f63375b261f241297dd35be8-dirty
2026-05-04 01:03:10.473 +06:00 [INF] Discovered service type: Intersect.Plugins.PluginService
2026-05-04 01:03:10.477 +06:00 [WRN] Directory was specified as a plugin directory but does not exist: 'resources\plugins'
2026-05-04 01:03:10.478 +06:00 [INF] Discovered 0 plugins:

2026-05-04 01:03:12.537 +06:00 [INF] Connecting to 127.0.0.1:5400...
2026-05-04 01:03:12.560 +06:00 [INF] Connected [8cacead5-acc7-4d70-b49d-37f09b6067c1].
2026-05-04 01:03:12.585 +06:00 [INF] Connection approved [8cacead5-acc7-4d70-b49d-37f09b6067c1].
2026-05-04 01:03:12.681 +06:00 [INF] Updated PermissionSet 'default'
2026-05-04 01:03:17.081 +06:00 [INF] Updated PermissionSet 'admin'
2026-05-04 01:03:17.081 +06:00 [INF] Updating active permission set to 'admin'
2026-05-04 01:03:17.755 +06:00 [WRN] 'Me' is null.
2026-05-04 01:03:18.427 +06:00 [INF] Built VBO for map 27c6a7b2-4e9f-4316-9a0f-e13ec8e16ba2 'Forest' in 9.5206ms
2026-05-04 01:03:20.862 +06:00 [INF] Built VBO for map a31f210c-f5fb-48bf-9db2-45fab2293a4c 'Forest' in 14.2946ms
2026-05-04 01:04:15.826 +06:00 [INF] System window closing (due to user interaction most likely).
2026-05-04 01:04:15.829 +06:00 [INF] Disconnected [8cacead5-acc7-4d70-b49d-37f09b6067c1].
2026-05-04 01:04:15.830 +06:00 [INF] Updating active permission set to 'default'
2026-05-04 01:04:15.866 +06:00 [INF] Acquiring context lock... (0ms)
2026-05-04 01:04:15.866 +06:00 [INF] Acquired. (0ms)
2026-05-04 01:04:15.867 +06:00 [INF] Beginning context dispose. (0ms)
2026-05-04 01:04:15.867 +06:00 [INF] GC.SuppressFinalize (0ms)
2026-05-04 01:04:15.867 +06:00 [INF] InternalDispose() completed. (0ms)
2026-05-04 01:04:15.868 +06:00 [INF] Clearing instance... (1ms)
2026-05-04 01:04:15.868 +06:00 [INF] Releasing context lock... (1ms)
2026-05-04 01:04:15.868 +06:00 [INF] Released. (1ms)
