2026-07-31 17:35:39.413 +02:00 [INF] Starting Intersect Client v0.8.0.0-custom+32d39132dace1351f63375b261f241297dd35be8-dirty
2026-07-31 17:35:39.640 +02:00 [INF] Discovered service type: Intersect.Plugins.PluginService
2026-07-31 17:35:39.642 +02:00 [WRN] Directory was specified as a plugin directory but does not exist: 'resources\plugins'
2026-07-31 17:35:39.643 +02:00 [INF] Discovered 0 plugins:

2026-07-31 17:35:40.114 +02:00 [INF] Graphics pacing configured: targetMode=-1, vsync=false, fixedStep=false, backBuffer=1760x990
2026-07-31 17:35:41.551 +02:00 [INF] Connecting to 127.0.0.1:5400...
2026-07-31 17:35:41.569 +02:00 [INF] Connected [3b2b6c9a-1238-440b-84d2-07cfd37d9779].
2026-07-31 17:35:41.590 +02:00 [INF] Connection approved [3b2b6c9a-1238-440b-84d2-07cfd37d9779].
2026-07-31 17:35:41.684 +02:00 [INF] Updated PermissionSet 'default'
2026-07-31 17:35:47.358 +02:00 [INF] Updated PermissionSet 'admin'
2026-07-31 17:35:47.358 +02:00 [INF] Updating active permission set to 'admin'
2026-07-31 17:35:51.997 +02:00 [WRN] 'Me' is null.
2026-07-31 17:35:53.197 +02:00 [INF] Built VBO for map 9802b09c-f592-4d93-8e11-d3424500716c 'Deep Forest' in 52.1532ms
2026-07-31 17:35:53.212 +02:00 [INF] Built VBO for map 15601ad4-9f26-4abe-a6c9-3a7eebaa3045 'Forest' in 12.3145ms
2026-07-31 17:35:53.238 +02:00 [INF] Built VBO for map d490222a-af25-4a7f-bec3-7ca8016e08d7 'New Map' in 19.7963ms
2026-07-31 17:35:53.360 +02:00 [INF] Built VBO for map a31f210c-f5fb-48bf-9db2-45fab2293a4c 'Forest' in 119.3158ms
2026-07-31 17:35:53.421 +02:00 [INF] Built VBO for map 27c6a7b2-4e9f-4316-9a0f-e13ec8e16ba2 'Forest' in 58.0392ms
2026-07-31 17:35:53.449 +02:00 [INF] Built VBO for map e341d25d-5ff4-4cd6-bcd5-2f2cda710c86 'Greenfall Vale' in 26.1036ms
2026-07-31 17:35:58.803 +02:00 [INF] Client frame profile: measured=83.9fps counter=120 targetMode=-1; interval=11.92/451.68ms avg/max; update=0.29/28.43ms (1.00 calls/frame); draw=12.13/421.00ms; world=9.38/389.98ms [scene=9.00/381.55, scene-detail=[tiles=0.78ms/23.8draws (geometry=0.37ms/23.8draws, water=0.41ms/0.0draws), objects=5.87ms/61.0draws, procedural=0.00ms/0.0draws, entities=1.09ms/0.5draws, effects=0.46ms/1.0draws, weather=0.66ms/3.1draws, other=0.14ms], lighting=0.05/8.51, post=0.08/13.63, overlays=0.13/8.15, other=0.12]; gui=2.71/81.87ms [update=2.55/61.80 (minimap=1.85/42.10 [compact=1.85, fullmap=0.00/0.00], other=0.70), render=0.16/20.06, other=0.00]; finish=0.04/0.97ms; outside-update-draw=0.00ms; draws=104, maps=1, entities=23, lights=3
2026-07-31 17:36:03.805 +02:00 [INF] Client frame profile: measured=123.4fps counter=127 targetMode=-1; interval=8.11/40.62ms avg/max; update=0.10/1.10ms (1.00 calls/frame); draw=7.87/40.42ms; world=6.34/29.42ms [scene=6.10/29.15, scene-detail=[tiles=0.50ms/21.6draws (geometry=0.19ms/21.6draws, water=0.31ms/0.0draws), objects=4.56ms/60.2draws, procedural=0.00ms/0.0draws, entities=0.50ms/1.3draws, effects=0.08ms/1.0draws, weather=0.39ms/2.2draws, other=0.08ms], lighting=0.03/0.08, post=0.04/0.27, overlays=0.07/0.28, other=0.10]; gui=1.50/21.26ms [update=1.41/21.11 (minimap=0.98/12.11 [compact=0.98, fullmap=0.00/0.00], other=0.44), render=0.08/0.28, other=0.00]; finish=0.02/0.08ms; outside-update-draw=0.14ms; draws=111, maps=2, entities=23, lights=3
2026-07-31 17:36:04.641 +02:00 [INF] System window closing (due to user interaction most likely).
2026-07-31 17:36:04.644 +02:00 [INF] Disconnected [3b2b6c9a-1238-440b-84d2-07cfd37d9779].
2026-07-31 17:36:04.644 +02:00 [INF] Updating active permission set to 'default'
2026-07-31 17:36:04.677 +02:00 [INF] Acquiring context lock... (0ms)
2026-07-31 17:36:04.677 +02:00 [INF] Acquired. (0ms)
2026-07-31 17:36:04.677 +02:00 [INF] Beginning context dispose. (0ms)
2026-07-31 17:36:04.678 +02:00 [INF] GC.SuppressFinalize (0ms)
2026-07-31 17:36:04.678 +02:00 [INF] InternalDispose() completed. (0ms)
2026-07-31 17:36:04.678 +02:00 [INF] Clearing instance... (1ms)
2026-07-31 17:36:04.678 +02:00 [INF] Releasing context lock... (1ms)
2026-07-31 17:36:04.678 +02:00 [INF] Released. (1ms)
