2026-05-01 01:44:16.732 +06:00 [INF] Starting Intersect Client v0.8.0.0-custom+32d39132dace1351f63375b261f241297dd35be8-dirty
2026-05-01 01:44:16.942 +06:00 [INF] Discovered service type: Intersect.Plugins.PluginService
2026-05-01 01:44:16.946 +06:00 [WRN] Directory was specified as a plugin directory but does not exist: 'resources\plugins'
2026-05-01 01:44:16.947 +06:00 [INF] Discovered 0 plugins:

2026-05-01 01:44:19.164 +06:00 [INF] Connecting to 127.0.0.1:5400...
2026-05-01 01:44:19.182 +06:00 [INF] Connected [969f107d-5a18-4ac7-8044-7a5bf389b0f1].
2026-05-01 01:44:19.194 +06:00 [INF] Connection approved [969f107d-5a18-4ac7-8044-7a5bf389b0f1].
2026-05-01 01:44:19.308 +06:00 [INF] Updated PermissionSet 'default'
2026-05-01 01:44:23.293 +06:00 [INF] Updated PermissionSet 'admin'
2026-05-01 01:44:23.293 +06:00 [INF] Updating active permission set to 'admin'
2026-05-01 01:44:24.068 +06:00 [WRN] 'Me' is null.
2026-05-01 01:44:24.797 +06:00 [INF] Built VBO for map 27c6a7b2-4e9f-4316-9a0f-e13ec8e16ba2 'Forest' in 14.4207ms
2026-05-01 01:46:05.887 +06:00 [INF] System window closing (due to user interaction most likely).
2026-05-01 01:46:05.890 +06:00 [INF] Disconnected [969f107d-5a18-4ac7-8044-7a5bf389b0f1].
2026-05-01 01:46:05.891 +06:00 [INF] Updating active permission set to 'default'
2026-05-01 01:46:05.933 +06:00 [INF] Acquiring context lock... (0ms)
2026-05-01 01:46:05.933 +06:00 [INF] Acquired. (0ms)
2026-05-01 01:46:05.934 +06:00 [INF] Beginning context dispose. (0ms)
2026-05-01 01:46:05.934 +06:00 [INF] GC.SuppressFinalize (0ms)
2026-05-01 01:46:05.934 +06:00 [INF] InternalDispose() completed. (0ms)
2026-05-01 01:46:05.934 +06:00 [INF] Clearing instance... (1ms)
2026-05-01 01:46:05.934 +06:00 [INF] Releasing context lock... (1ms)
2026-05-01 01:46:05.934 +06:00 [INF] Released. (1ms)
