2026-07-09 05:47:56.559 +02:00 [INF] Starting Intersect Client v0.8.0.0-custom+32d39132dace1351f63375b261f241297dd35be8-dirty
2026-07-09 05:47:56.780 +02:00 [INF] Discovered service type: Intersect.Plugins.PluginService
2026-07-09 05:47:56.783 +02:00 [WRN] Directory was specified as a plugin directory but does not exist: 'resources\plugins'
2026-07-09 05:47:56.784 +02:00 [INF] Discovered 0 plugins:

2026-07-09 05:47:58.742 +02:00 [INF] Connecting to 127.0.0.1:5400...
2026-07-09 05:47:58.751 +02:00 [INF] Connected [4651426b-08ed-42e4-b2b2-cb74b88f0869].
2026-07-09 05:47:58.767 +02:00 [INF] Connection approved [4651426b-08ed-42e4-b2b2-cb74b88f0869].
2026-07-09 05:47:58.856 +02:00 [INF] Updated PermissionSet 'default'
2026-07-09 05:47:58.856 +02:00 [INF] Updated PermissionSet 'admin'
2026-07-09 05:48:02.263 +02:00 [INF] Updating active permission set to 'admin'
2026-07-09 05:48:04.605 +02:00 [WRN] 'Me' is null.
2026-07-09 05:48:05.659 +02:00 [INF] Built VBO for map 15601ad4-9f26-4abe-a6c9-3a7eebaa3045 'Forest' in 28.704ms
2026-07-09 05:48:05.669 +02:00 [INF] Built VBO for map d490222a-af25-4a7f-bec3-7ca8016e08d7 'New Map' in 9.1537ms
2026-07-09 05:48:05.681 +02:00 [INF] Built VBO for map 000bacda-f0e9-4a92-ab09-e55bd4ad15c1 'New Map' in 8.2604ms
2026-07-09 05:48:05.784 +02:00 [ERR] Exception thrown while trying to load 'resources/tilesets/water_shore_marker.png'
System.IO.FileNotFoundException: Could not find file 'F:\game code engine\Intersect_New\Intersect.Client\resources\tilesets\water_shore_marker.png'.
File name: 'F:\game code engine\Intersect_New\Intersect.Client\resources\tilesets\water_shore_marker.png'
   at Microsoft.Win32.SafeHandles.SafeFileHandle.CreateFile(String fullPath, FileMode mode, FileAccess access, FileShare share, FileOptions options)
   at Microsoft.Win32.SafeHandles.SafeFileHandle.Open(String fullPath, FileMode mode, FileAccess access, FileShare share, FileOptions options, Int64 preallocationSize, Nullable`1 unixCreateMode)
   at System.IO.Strategies.OSFileStreamStrategy..ctor(String path, FileMode mode, FileAccess access, FileShare share, FileOptions options, Int64 preallocationSize, Nullable`1 unixCreateMode)
   at System.IO.Strategies.FileStreamHelpers.ChooseStrategyCore(String path, FileMode mode, FileAccess access, FileShare share, FileOptions options, Int64 preallocationSize, Nullable`1 unixCreateMode)
   at System.IO.File.OpenRead(String path)
   at Intersect.Client.Framework.Graphics.GameRenderer.<>c__DisplayClass182_0.<LoadTexture>b__0() in F:\game code engine\Intersect_New\Intersect.Client.Framework\Graphics\GameRenderer.cs:line 1027
   at Intersect.Client.Framework.Graphics.GameTexture`2.LoadPlatformTexture(Boolean force) in F:\game code engine\Intersect_New\Intersect.Client.Framework\Graphics\GameTexture.cs:line 279
2026-07-09 05:48:05.785 +02:00 [INF] Built VBO for map 27c6a7b2-4e9f-4316-9a0f-e13ec8e16ba2 'Forest' in 103.3968ms
2026-07-09 05:48:05.818 +02:00 [INF] Built VBO for map e341d25d-5ff4-4cd6-bcd5-2f2cda710c86 'Greenfall Vale' in 30.4893ms
2026-07-09 05:48:05.827 +02:00 [INF] Built VBO for map f519d3ea-b6f4-4b17-b87a-1dcf003cd3ec 'New Map' in 8.3907ms
2026-07-09 05:48:20.203 +02:00 [WRN] 'Me' is null.
2026-07-09 05:48:20.203 +02:00 [WRN] 'Me' is null.
2026-07-09 05:48:20.203 +02:00 [WRN] 'Me' is null.
2026-07-09 05:48:20.203 +02:00 [WRN] 'Me' is null.
2026-07-09 05:48:20.203 +02:00 [WRN] 'Me' is null.
2026-07-09 05:48:20.203 +02:00 [WRN] 'Me' is null.
2026-07-09 05:48:20.203 +02:00 [WRN] 'Me' is null.
2026-07-09 05:48:20.203 +02:00 [WRN] 'Me' is null.
2026-07-09 05:48:20.203 +02:00 [WRN] 'Me' is null.
2026-07-09 05:48:38.795 +02:00 [WRN] 'Me' is null.
2026-07-09 05:48:39.395 +02:00 [INF] Built VBO for map 9802b09c-f592-4d93-8e11-d3424500716c 'Deep Forest' in 9.0693ms
2026-07-09 05:48:39.404 +02:00 [INF] Built VBO for map 15601ad4-9f26-4abe-a6c9-3a7eebaa3045 'Forest' in 7.9394ms
2026-07-09 05:48:39.414 +02:00 [INF] Built VBO for map d490222a-af25-4a7f-bec3-7ca8016e08d7 'New Map' in 7.2904ms
2026-07-09 05:48:39.467 +02:00 [INF] Built VBO for map a31f210c-f5fb-48bf-9db2-45fab2293a4c 'Forest' in 52.4669ms
2026-07-09 05:48:39.506 +02:00 [INF] Built VBO for map 27c6a7b2-4e9f-4316-9a0f-e13ec8e16ba2 'Forest' in 37.6172ms
2026-07-09 05:48:39.515 +02:00 [INF] Built VBO for map e341d25d-5ff4-4cd6-bcd5-2f2cda710c86 'Greenfall Vale' in 8.0932ms
2026-07-09 05:54:40.523 +02:00 [INF] System window closing (due to user interaction most likely).
2026-07-09 05:54:40.526 +02:00 [INF] Disconnected [4651426b-08ed-42e4-b2b2-cb74b88f0869].
2026-07-09 05:54:40.527 +02:00 [INF] Updating active permission set to 'default'
2026-07-09 05:54:40.570 +02:00 [INF] Acquiring context lock... (0ms)
2026-07-09 05:54:40.570 +02:00 [INF] Acquired. (0ms)
2026-07-09 05:54:40.571 +02:00 [INF] Beginning context dispose. (0ms)
2026-07-09 05:54:40.571 +02:00 [INF] GC.SuppressFinalize (0ms)
2026-07-09 05:54:40.571 +02:00 [INF] InternalDispose() completed. (0ms)
2026-07-09 05:54:40.571 +02:00 [INF] Clearing instance... (1ms)
2026-07-09 05:54:40.571 +02:00 [INF] Releasing context lock... (1ms)
2026-07-09 05:54:40.571 +02:00 [INF] Released. (1ms)
