2026-04-13 23:31:38.914 +06:00 [INF] Starting Intersect Client v0.8.0.0-custom+32d39132dace1351f63375b261f241297dd35be8-dirty
2026-04-13 23:31:39.205 +06:00 [INF] Discovered service type: Intersect.Plugins.PluginService
2026-04-13 23:31:39.212 +06:00 [WRN] Directory was specified as a plugin directory but does not exist: 'resources\plugins'
2026-04-13 23:31:39.213 +06:00 [INF] Discovered 0 plugins:

2026-04-13 23:31:41.902 +06:00 [INF] Connecting to 127.0.0.1:5400...
2026-04-13 23:31:41.926 +06:00 [INF] Connected [93706a46-ac99-4512-9e79-caf1f29f9ce6].
2026-04-13 23:31:41.949 +06:00 [INF] Connection approved [93706a46-ac99-4512-9e79-caf1f29f9ce6].
2026-04-13 23:31:42.026 +06:00 [INF] Updated PermissionSet 'default'
2026-04-13 23:31:46.536 +06:00 [INF] Updated PermissionSet 'admin'
2026-04-13 23:31:46.536 +06:00 [INF] Updating active permission set to 'admin'
2026-04-13 23:31:46.659 +06:00 [WRN] Unable to add '_buttonLogout' to the JSON of MainMenu.SelectCharacterWindow._innerPanel._buttonsPanel because a sibling shares the same name
2026-04-13 23:32:08.142 +06:00 [WRN] 'Me' is null.
2026-04-13 23:32:08.680 +06:00 [INF] Built VBO for map 23630ac6-4461-460d-8a3b-9a0d4477096f 'test 8' in 16.3916ms
2026-04-13 23:32:08.733 +06:00 [INF] Built VBO for map 73ba8458-f8de-4f78-a254-c91b18418ed0 'test 3' in 48.1111ms
2026-04-13 23:32:08.738 +06:00 [INF] Built VBO for map 27c6a7b2-4e9f-4316-9a0f-e13ec8e16ba2 'New Map' in 4.1031ms
2026-04-13 23:34:31.147 +06:00 [INF] System window closing (due to user interaction most likely).
2026-04-13 23:34:31.151 +06:00 [INF] Disconnected [93706a46-ac99-4512-9e79-caf1f29f9ce6].
2026-04-13 23:34:31.151 +06:00 [INF] Updating active permission set to 'default'
2026-04-13 23:34:31.239 +06:00 [INF] Acquiring context lock... (0ms)
2026-04-13 23:34:31.239 +06:00 [INF] Acquired. (0ms)
2026-04-13 23:34:31.240 +06:00 [INF] Beginning context dispose. (0ms)
2026-04-13 23:34:31.240 +06:00 [INF] GC.SuppressFinalize (0ms)
2026-04-13 23:34:31.240 +06:00 [INF] InternalDispose() completed. (0ms)
2026-04-13 23:34:31.240 +06:00 [INF] Clearing instance... (1ms)
2026-04-13 23:34:31.240 +06:00 [INF] Releasing context lock... (1ms)
2026-04-13 23:34:31.240 +06:00 [INF] Released. (1ms)
