2026-04-06 03:54:09.280 +06:00 [INF] Starting Intersect Client v0.8.0.0-custom+32d39132dace1351f63375b261f241297dd35be8-dirty
2026-04-06 03:54:09.474 +06:00 [INF] Discovered service type: Intersect.Plugins.PluginService
2026-04-06 03:54:09.478 +06:00 [WRN] Directory was specified as a plugin directory but does not exist: 'resources\plugins'
2026-04-06 03:54:09.479 +06:00 [INF] Discovered 0 plugins:

2026-04-06 03:54:12.037 +06:00 [INF] Connecting to 127.0.0.1:5400...
2026-04-06 03:54:12.055 +06:00 [INF] Connected [71218ec7-bb97-4fb8-bedf-1c9b6263f505].
2026-04-06 03:54:12.073 +06:00 [INF] Connection approved [71218ec7-bb97-4fb8-bedf-1c9b6263f505].
2026-04-06 03:54:12.161 +06:00 [INF] Updated PermissionSet 'default'
2026-04-06 03:54:21.573 +06:00 [INF] Updated PermissionSet 'admin'
2026-04-06 03:54:21.573 +06:00 [INF] Updating active permission set to 'admin'
2026-04-06 03:54:21.710 +06:00 [WRN] Unable to add '_buttonLogout' to the JSON of MainMenu.SelectCharacterWindow._innerPanel._buttonsPanel because a sibling shares the same name
2026-04-06 03:54:22.694 +06:00 [WRN] 'Me' is null.
2026-04-06 03:54:23.218 +06:00 [INF] Built VBO for map 411179b7-b772-42ef-bf66-03b7e4d7dca8 'test 5' in 12.7047ms
2026-04-06 03:54:23.228 +06:00 [INF] Built VBO for map 73ba8458-f8de-4f78-a254-c91b18418ed0 'forest' in 5.5154ms
2026-04-06 03:54:27.853 +06:00 [INF] Music volume set to 10 from InGame..SettingsWindow._innerPanel._tabs._innerPanel._audioSettingsTab._scrollPanel._musicSlider._slider
2026-04-06 03:54:27.854 +06:00 [INF] Sound volume set to 15 from InGame..SettingsWindow._innerPanel._tabs._innerPanel._audioSettingsTab._scrollPanel._soundEffectsSlider._slider
2026-04-06 03:54:38.680 +06:00 [INF] System window closing (due to user interaction most likely).
2026-04-06 03:54:38.683 +06:00 [INF] Disconnected [71218ec7-bb97-4fb8-bedf-1c9b6263f505].
2026-04-06 03:54:38.684 +06:00 [INF] Updating active permission set to 'default'
2026-04-06 03:54:38.794 +06:00 [INF] Acquiring context lock... (0ms)
2026-04-06 03:54:38.794 +06:00 [INF] Acquired. (0ms)
2026-04-06 03:54:38.794 +06:00 [INF] Beginning context dispose. (0ms)
2026-04-06 03:54:38.795 +06:00 [INF] GC.SuppressFinalize (0ms)
2026-04-06 03:54:38.795 +06:00 [INF] InternalDispose() completed. (0ms)
2026-04-06 03:54:38.795 +06:00 [INF] Clearing instance... (1ms)
2026-04-06 03:54:38.795 +06:00 [INF] Releasing context lock... (1ms)
2026-04-06 03:54:38.795 +06:00 [INF] Released. (1ms)
