2026-04-20 19:49:03.059 +06:00 [INF] Starting Intersect Client v0.8.0.0-custom+32d39132dace1351f63375b261f241297dd35be8-dirty
2026-04-20 19:49:03.257 +06:00 [INF] Discovered service type: Intersect.Plugins.PluginService
2026-04-20 19:49:03.260 +06:00 [WRN] Directory was specified as a plugin directory but does not exist: 'resources\plugins'
2026-04-20 19:49:03.261 +06:00 [INF] Discovered 0 plugins:

2026-04-20 19:49:05.329 +06:00 [INF] Connecting to 127.0.0.1:5400...
2026-04-20 19:49:05.338 +06:00 [INF] Connected [c05d9885-f4bd-4c56-9523-3b3ea771906a].
2026-04-20 19:49:05.345 +06:00 [INF] Connection approved [c05d9885-f4bd-4c56-9523-3b3ea771906a].
2026-04-20 19:49:05.413 +06:00 [INF] Updated PermissionSet 'default'
2026-04-20 19:49:05.413 +06:00 [INF] Updated PermissionSet 'admin'
2026-04-20 19:49:09.571 +06:00 [INF] Updating active permission set to 'admin'
2026-04-20 19:49:09.648 +06:00 [WRN] Unable to add '_buttonLogout' to the JSON of MainMenu.SelectCharacterWindow._innerPanel._buttonsPanel because a sibling shares the same name
2026-04-20 19:49:10.378 +06:00 [WRN] 'Me' is null.
2026-04-20 19:49:11.011 +06:00 [INF] Built VBO for map c15f8299-8999-471f-9760-388ff4cdec7c 'Forest' in 39.7296ms
2026-04-20 19:51:37.233 +06:00 [INF] System window closing (due to user interaction most likely).
2026-04-20 19:51:37.236 +06:00 [INF] Disconnected [c05d9885-f4bd-4c56-9523-3b3ea771906a].
2026-04-20 19:51:37.237 +06:00 [INF] Updating active permission set to 'default'
2026-04-20 19:51:37.268 +06:00 [INF] Acquiring context lock... (0ms)
2026-04-20 19:51:37.268 +06:00 [INF] Acquired. (0ms)
2026-04-20 19:51:37.269 +06:00 [INF] Beginning context dispose. (0ms)
2026-04-20 19:51:37.269 +06:00 [INF] GC.SuppressFinalize (0ms)
2026-04-20 19:51:37.269 +06:00 [INF] InternalDispose() completed. (0ms)
2026-04-20 19:51:37.269 +06:00 [INF] Clearing instance... (1ms)
2026-04-20 19:51:37.269 +06:00 [INF] Releasing context lock... (1ms)
2026-04-20 19:51:37.269 +06:00 [INF] Released. (1ms)
