2026-05-26 17:09:18.747 +02:00 [INF] Starting Intersect Client v0.8.0.0-custom+32d39132dace1351f63375b261f241297dd35be8-dirty
2026-05-26 17:09:18.971 +02:00 [INF] Discovered service type: Intersect.Plugins.PluginService
2026-05-26 17:09:18.975 +02:00 [WRN] Directory was specified as a plugin directory but does not exist: 'resources\plugins'
2026-05-26 17:09:18.976 +02:00 [INF] Discovered 0 plugins:

2026-05-26 17:09:36.623 +02:00 [INF] Connecting to 127.0.0.1:5400...
2026-05-26 17:09:36.640 +02:00 [INF] Connected [6ca7025c-0330-406a-b0a6-90d6b80b5d8f].
2026-05-26 17:09:36.657 +02:00 [INF] Connection approved [6ca7025c-0330-406a-b0a6-90d6b80b5d8f].
2026-05-26 17:09:36.760 +02:00 [INF] Updated PermissionSet 'default'
2026-05-26 17:09:41.708 +02:00 [INF] Updated PermissionSet 'admin'
2026-05-26 17:09:41.708 +02:00 [INF] Updating active permission set to 'admin'
2026-05-26 17:09:42.332 +02:00 [WRN] 'Me' is null.
2026-05-26 17:09:43.101 +02:00 [INF] Built VBO for map d5c08240-0436-454a-8993-362abf5bc477 'New Map' in 17.5265ms
2026-05-26 17:09:43.139 +02:00 [INF] Window light shader 'Intersect.Client.Resources.Shaders.windowlight.mgfxo' loaded successfully with 10 parameters
2026-05-26 17:10:33.443 +02:00 [INF] Built VBO for map d5c08240-0436-454a-8993-362abf5bc477 'New Map' in 1.0261ms
2026-05-26 17:13:53.852 +02:00 [INF] System window closing (due to user interaction most likely).
2026-05-26 17:13:53.856 +02:00 [INF] Disconnected [6ca7025c-0330-406a-b0a6-90d6b80b5d8f].
2026-05-26 17:13:53.858 +02:00 [INF] Updating active permission set to 'default'
2026-05-26 17:13:53.917 +02:00 [INF] Acquiring context lock... (0ms)
2026-05-26 17:13:53.917 +02:00 [INF] Acquired. (0ms)
2026-05-26 17:13:53.918 +02:00 [INF] Beginning context dispose. (0ms)
2026-05-26 17:13:53.919 +02:00 [INF] GC.SuppressFinalize (0ms)
2026-05-26 17:13:53.919 +02:00 [INF] InternalDispose() completed. (0ms)
2026-05-26 17:13:53.919 +02:00 [INF] Clearing instance... (2ms)
2026-05-26 17:13:53.920 +02:00 [INF] Releasing context lock... (2ms)
2026-05-26 17:13:53.920 +02:00 [INF] Released. (2ms)
