2026-07-19 07:12:47.788 +02:00 [INF] Starting Intersect Client v0.8.0.0-custom+32d39132dace1351f63375b261f241297dd35be8-dirty
2026-07-19 07:12:48.088 +02:00 [INF] Discovered service type: Intersect.Plugins.PluginService
2026-07-19 07:12:48.091 +02:00 [WRN] Directory was specified as a plugin directory but does not exist: 'resources\plugins'
2026-07-19 07:12:48.091 +02:00 [INF] Discovered 0 plugins:

2026-07-19 07:12:48.555 +02:00 [INF] Graphics pacing configured: targetMode=-1, vsync=false, fixedStep=false, backBuffer=1760x990
2026-07-19 07:14:17.156 +02:00 [INF] Connecting to 127.0.0.1:5400...
2026-07-19 07:14:17.166 +02:00 [INF] Connected [8c942f33-c6b2-4fed-b5b8-2ab2e8ffc0e0].
2026-07-19 07:14:17.172 +02:00 [INF] Connection approved [8c942f33-c6b2-4fed-b5b8-2ab2e8ffc0e0].
2026-07-19 07:14:17.252 +02:00 [INF] Updated PermissionSet 'default'
2026-07-19 07:14:17.253 +02:00 [INF] Updated PermissionSet 'admin'
2026-07-19 07:14:21.520 +02:00 [INF] Updating active permission set to 'admin'
2026-07-19 07:14:26.324 +02:00 [WRN] 'Me' is null.
2026-07-19 07:14:27.388 +02:00 [INF] Built VBO for map 9802b09c-f592-4d93-8e11-d3424500716c 'Deep Forest' in 52.2883ms
2026-07-19 07:14:27.402 +02:00 [INF] Built VBO for map 15601ad4-9f26-4abe-a6c9-3a7eebaa3045 'Forest' in 11.212ms
2026-07-19 07:14:27.418 +02:00 [INF] Built VBO for map d490222a-af25-4a7f-bec3-7ca8016e08d7 'New Map' in 10.7155ms
2026-07-19 07:14:27.540 +02:00 [INF] Built VBO for map a31f210c-f5fb-48bf-9db2-45fab2293a4c 'Forest' in 119.8872ms
2026-07-19 07:14:27.599 +02:00 [INF] Built VBO for map 27c6a7b2-4e9f-4316-9a0f-e13ec8e16ba2 'Forest' in 54.8918ms
2026-07-19 07:14:27.625 +02:00 [INF] Built VBO for map e341d25d-5ff4-4cd6-bcd5-2f2cda710c86 'Greenfall Vale' in 23.7819ms
2026-07-19 07:14:32.895 +02:00 [INF] Client frame profile: measured=76.0fps counter=116 targetMode=-1; interval=13.16/817.52ms avg/max; update=0.25/28.90ms (1.00 calls/frame); draw=13.34/787.20ms; world=10.49/734.46ms [scene=10.17/721.35, scene-detail=[tiles=0.74ms/32.9draws (geometry=0.29ms/32.9draws, water=0.45ms/0.0draws), objects=7.50ms/71.8draws, procedural=0.00ms/0.0draws, entities=0.84ms/0.2draws, effects=0.47ms/1.8draws, weather=0.49ms/0.0draws, other=0.12ms], lighting=0.04/5.19, post=0.08/15.85, overlays=0.11/12.84, other=0.09]; gui=2.75/78.02ms [update=2.59/55.89 (minimap=2.04/35.77 [compact=2.04, fullmap=0.00/0.00], other=0.55), render=0.16/22.12, other=0.00]; finish=0.09/16.40ms; outside-update-draw=0.00ms; draws=126, maps=2, entities=14, lights=2
2026-07-19 07:14:34.709 +02:00 [WRN] 'Me' is null.
2026-07-19 07:14:34.709 +02:00 [WRN] 'Me' is null.
2026-07-19 07:14:34.709 +02:00 [WRN] 'Me' is null.
2026-07-19 07:14:34.709 +02:00 [WRN] 'Me' is null.
2026-07-19 07:14:34.709 +02:00 [WRN] 'Me' is null.
2026-07-19 07:14:34.709 +02:00 [WRN] 'Me' is null.
2026-07-19 07:14:34.709 +02:00 [WRN] 'Me' is null.
2026-07-19 07:14:34.710 +02:00 [WRN] 'Me' is null.
2026-07-19 07:14:34.710 +02:00 [WRN] 'Me' is null.
2026-07-19 07:14:34.710 +02:00 [WRN] 'Me' is null.
2026-07-19 07:14:34.710 +02:00 [WRN] 'Me' is null.
2026-07-19 07:14:34.710 +02:00 [WRN] 'Me' is null.
2026-07-19 07:14:41.563 +02:00 [WRN] 'Me' is null.
2026-07-19 07:14:42.027 +02:00 [INF] Built VBO for map 9802b09c-f592-4d93-8e11-d3424500716c 'Deep Forest' in 3.5437ms
2026-07-19 07:14:42.031 +02:00 [INF] Built VBO for map 15601ad4-9f26-4abe-a6c9-3a7eebaa3045 'Forest' in 3.7613ms
2026-07-19 07:14:42.037 +02:00 [INF] Built VBO for map d490222a-af25-4a7f-bec3-7ca8016e08d7 'New Map' in 3.8607ms
2026-07-19 07:14:42.075 +02:00 [INF] Built VBO for map a31f210c-f5fb-48bf-9db2-45fab2293a4c 'Forest' in 37.44ms
2026-07-19 07:14:42.121 +02:00 [INF] Built VBO for map 27c6a7b2-4e9f-4316-9a0f-e13ec8e16ba2 'Forest' in 36.5961ms
2026-07-19 07:14:42.133 +02:00 [INF] Built VBO for map e341d25d-5ff4-4cd6-bcd5-2f2cda710c86 'Greenfall Vale' in 10.5421ms
2026-07-19 07:14:47.150 +02:00 [INF] Client frame profile: measured=107.7fps counter=120 targetMode=-1; interval=9.28/340.21ms avg/max; update=0.12/8.54ms (1.00 calls/frame); draw=8.92/339.67ms; world=7.51/326.07ms [scene=7.32/321.88, scene-detail=[tiles=0.56ms/33.0draws (geometry=0.25ms/33.0draws, water=0.31ms/0.0draws), objects=5.98ms/71.9draws, procedural=0.00ms/0.0draws, entities=0.27ms/0.1draws, effects=0.10ms/1.9draws, weather=0.36ms/0.0draws, other=0.06ms], lighting=0.02/0.05, post=0.03/0.06, overlays=0.06/4.03, other=0.07]; gui=1.38/14.03ms [update=1.28/12.98 (minimap=0.96/12.50 [compact=0.96, fullmap=0.00/0.00], other=0.33), render=0.09/1.46, other=0.00]; finish=0.02/0.18ms; outside-update-draw=0.24ms; draws=126, maps=2, entities=14, lights=2
2026-07-19 07:14:52.183 +02:00 [INF] Client frame profile: measured=58.2fps counter=31 targetMode=-1; interval=17.18/51.90ms avg/max; update=0.11/0.37ms (1.00 calls/frame); draw=9.72/22.30ms; world=7.44/11.58ms [scene=7.23/11.28, scene-detail=[tiles=0.60ms/33.0draws (geometry=0.29ms/33.0draws, water=0.31ms/0.0draws), objects=5.82ms/72.0draws, procedural=0.00ms/0.0draws, entities=0.27ms/0.7draws, effects=0.10ms/1.3draws, weather=0.37ms/0.0draws, other=0.08ms], lighting=0.03/0.07, post=0.04/0.11, overlays=0.06/0.17, other=0.08]; gui=2.24/12.95ms [update=2.14/12.82 (minimap=1.70/12.32 [compact=1.70, fullmap=0.00/0.00], other=0.43), render=0.10/1.12, other=0.00]; finish=0.03/0.06ms; outside-update-draw=7.35ms; draws=126, maps=2, entities=14, lights=2
2026-07-19 07:14:54.512 +02:00 [WRN] 'Me' is null.
2026-07-19 07:14:54.512 +02:00 [WRN] 'Me' is null.
2026-07-19 07:14:54.513 +02:00 [WRN] 'Me' is null.
2026-07-19 07:14:54.513 +02:00 [WRN] 'Me' is null.
2026-07-19 07:14:54.513 +02:00 [WRN] 'Me' is null.
2026-07-19 07:14:54.513 +02:00 [WRN] 'Me' is null.
2026-07-19 07:14:54.513 +02:00 [WRN] 'Me' is null.
2026-07-19 07:14:54.513 +02:00 [WRN] 'Me' is null.
2026-07-19 07:14:54.513 +02:00 [WRN] 'Me' is null.
2026-07-19 07:14:54.513 +02:00 [WRN] 'Me' is null.
2026-07-19 07:14:54.513 +02:00 [WRN] 'Me' is null.
2026-07-19 07:17:37.633 +02:00 [INF] Disconnected [8c942f33-c6b2-4fed-b5b8-2ab2e8ffc0e0].
2026-07-19 07:17:37.640 +02:00 [INF] Updating active permission set to 'default'
2026-07-19 07:17:38.415 +02:00 [INF] User clicked exit button.
2026-07-19 07:17:38.416 +02:00 [INF] System window closing (due to user interaction most likely).
2026-07-19 07:17:38.441 +02:00 [INF] Acquiring context lock... (0ms)
2026-07-19 07:17:38.441 +02:00 [INF] Acquired. (0ms)
2026-07-19 07:17:38.441 +02:00 [INF] Beginning context dispose. (0ms)
2026-07-19 07:17:38.442 +02:00 [INF] GC.SuppressFinalize (0ms)
2026-07-19 07:17:38.442 +02:00 [INF] InternalDispose() completed. (0ms)
2026-07-19 07:17:38.442 +02:00 [INF] Clearing instance... (1ms)
2026-07-19 07:17:38.442 +02:00 [INF] Releasing context lock... (1ms)
2026-07-19 07:17:38.442 +02:00 [INF] Released. (1ms)
