2026-04-07 12:54:41.614 +06:00 [INF] Starting Intersect Client v0.8.0.0-custom+32d39132dace1351f63375b261f241297dd35be8-dirty
2026-04-07 12:54:41.965 +06:00 [INF] Discovered service type: Intersect.Plugins.PluginService
2026-04-07 12:54:41.974 +06:00 [WRN] Directory was specified as a plugin directory but does not exist: 'resources\plugins'
2026-04-07 12:54:41.975 +06:00 [INF] Discovered 0 plugins:

2026-04-07 12:54:44.412 +06:00 [INF] Connecting to 127.0.0.1:5400...
2026-04-07 12:54:44.434 +06:00 [INF] Connected [fd6986c0-adc2-44d3-a528-bf72916215a9].
2026-04-07 12:54:44.455 +06:00 [INF] Connection approved [fd6986c0-adc2-44d3-a528-bf72916215a9].
2026-04-07 12:54:44.551 +06:00 [INF] Updated PermissionSet 'default'
2026-04-07 12:54:54.987 +06:00 [INF] Updated PermissionSet 'admin'
2026-04-07 12:54:54.987 +06:00 [INF] Updating active permission set to 'admin'
2026-04-07 12:54:55.124 +06:00 [WRN] Unable to add '_buttonLogout' to the JSON of MainMenu.SelectCharacterWindow._innerPanel._buttonsPanel because a sibling shares the same name
2026-04-07 12:54:55.926 +06:00 [WRN] 'Me' is null.
2026-04-07 12:54:56.456 +06:00 [INF] Built VBO for map 73ba8458-f8de-4f78-a254-c91b18418ed0 'test 3' in 16.1027ms
2026-04-07 12:54:56.468 +06:00 [INF] Built VBO for map 27c6a7b2-4e9f-4316-9a0f-e13ec8e16ba2 'New Map' in 7.2592ms
2026-04-07 12:58:52.336 +06:00 [INF] System window closing (due to user interaction most likely).
2026-04-07 12:58:52.339 +06:00 [INF] Disconnected [fd6986c0-adc2-44d3-a528-bf72916215a9].
2026-04-07 12:58:52.340 +06:00 [INF] Updating active permission set to 'default'
2026-04-07 12:58:52.407 +06:00 [INF] Acquiring context lock... (0ms)
2026-04-07 12:58:52.408 +06:00 [INF] Acquired. (0ms)
2026-04-07 12:58:52.408 +06:00 [INF] Beginning context dispose. (0ms)
2026-04-07 12:58:52.408 +06:00 [INF] GC.SuppressFinalize (0ms)
2026-04-07 12:58:52.408 +06:00 [INF] InternalDispose() completed. (0ms)
2026-04-07 12:58:52.408 +06:00 [INF] Clearing instance... (1ms)
2026-04-07 12:58:52.409 +06:00 [INF] Releasing context lock... (1ms)
2026-04-07 12:58:52.409 +06:00 [INF] Released. (1ms)
