2026-05-13 21:53:15.452 +02:00 [INF] Starting Intersect Client v0.8.0.0-custom+32d39132dace1351f63375b261f241297dd35be8-dirty
2026-05-13 21:53:15.748 +02:00 [INF] Discovered service type: Intersect.Plugins.PluginService
2026-05-13 21:53:15.753 +02:00 [WRN] Directory was specified as a plugin directory but does not exist: 'resources\plugins'
2026-05-13 21:53:15.754 +02:00 [INF] Discovered 0 plugins:

2026-05-13 21:53:17.922 +02:00 [INF] Connecting to 127.0.0.1:5400...
2026-05-13 21:53:17.945 +02:00 [INF] Connected [4bb4ee4b-6921-4c17-bdac-2df9bab96518].
2026-05-13 21:53:17.958 +02:00 [INF] Connection approved [4bb4ee4b-6921-4c17-bdac-2df9bab96518].
2026-05-13 21:53:18.063 +02:00 [INF] Updated PermissionSet 'default'
2026-05-13 21:53:23.811 +02:00 [INF] Updated PermissionSet 'admin'
2026-05-13 21:53:23.811 +02:00 [INF] Updating active permission set to 'admin'
2026-05-13 21:53:24.535 +02:00 [WRN] 'Me' is null.
2026-05-13 21:53:25.225 +02:00 [INF] Built VBO for map 24cc8989-0a45-4ecb-bf58-41efcefcaeb8 'Test' in 10.9614ms
2026-05-13 21:55:13.930 +02:00 [INF] System window closing (due to user interaction most likely).
2026-05-13 21:55:13.933 +02:00 [INF] Disconnected [4bb4ee4b-6921-4c17-bdac-2df9bab96518].
2026-05-13 21:55:13.933 +02:00 [INF] Updating active permission set to 'default'
2026-05-13 21:55:13.975 +02:00 [INF] Acquiring context lock... (0ms)
2026-05-13 21:55:13.976 +02:00 [INF] Acquired. (0ms)
2026-05-13 21:55:13.977 +02:00 [INF] Beginning context dispose. (0ms)
2026-05-13 21:55:13.977 +02:00 [INF] GC.SuppressFinalize (0ms)
2026-05-13 21:55:13.977 +02:00 [INF] InternalDispose() completed. (0ms)
2026-05-13 21:55:13.977 +02:00 [INF] Clearing instance... (1ms)
2026-05-13 21:55:13.977 +02:00 [INF] Releasing context lock... (2ms)
2026-05-13 21:55:13.978 +02:00 [INF] Released. (2ms)
