2026-04-15 02:40:02.405 +06:00 [INF] Starting Intersect Client v0.8.0.0-custom+32d39132dace1351f63375b261f241297dd35be8-dirty
2026-04-15 02:40:02.780 +06:00 [INF] Discovered service type: Intersect.Plugins.PluginService
2026-04-15 02:40:02.788 +06:00 [WRN] Directory was specified as a plugin directory but does not exist: 'resources\plugins'
2026-04-15 02:40:02.788 +06:00 [INF] Discovered 0 plugins:

2026-04-15 02:40:06.556 +06:00 [INF] Connecting to 127.0.0.1:5400...
2026-04-15 02:40:06.578 +06:00 [INF] Connected [f7f21f3b-f832-43d2-b740-4930b6610f4e].
2026-04-15 02:40:06.609 +06:00 [INF] Connection approved [f7f21f3b-f832-43d2-b740-4930b6610f4e].
2026-04-15 02:40:06.683 +06:00 [INF] Updated PermissionSet 'default'
2026-04-15 02:40:09.691 +06:00 [INF] Updated PermissionSet 'admin'
2026-04-15 02:40:09.691 +06:00 [INF] Updating active permission set to 'admin'
2026-04-15 02:40:09.815 +06:00 [WRN] Unable to add '_buttonLogout' to the JSON of MainMenu.SelectCharacterWindow._innerPanel._buttonsPanel because a sibling shares the same name
2026-04-15 02:40:11.031 +06:00 [WRN] 'Me' is null.
2026-04-15 02:40:11.617 +06:00 [INF] Built VBO for map 73ba8458-f8de-4f78-a254-c91b18418ed0 'test 3' in 51.4741ms
2026-04-15 02:40:11.628 +06:00 [INF] Built VBO for map 27c6a7b2-4e9f-4316-9a0f-e13ec8e16ba2 'New Map' in 5.9181ms
2026-04-15 02:40:30.241 +06:00 [WRN] 'Me' is null.
2026-04-15 02:40:30.286 +06:00 [WRN] Tried to load entity "0331a289-aa6a-4f71-9ace-201d7b0ddbcc" (Oran) from packet before in-game UI was ready
2026-04-15 02:40:30.286 +06:00 [WRN] Tried to load entity "0331a289-aa6a-4f71-9ace-201d7b0ddbcc" (Oran) from packet before in-game UI was ready
2026-04-15 02:40:30.631 +06:00 [INF] Built VBO for map 23630ac6-4461-460d-8a3b-9a0d4477096f 'test 8' in 6.7834ms
2026-04-15 02:40:30.635 +06:00 [INF] Built VBO for map 73ba8458-f8de-4f78-a254-c91b18418ed0 'test 3' in 3.0695ms
2026-04-15 02:40:30.637 +06:00 [INF] Built VBO for map 27c6a7b2-4e9f-4316-9a0f-e13ec8e16ba2 'New Map' in 2.0484ms
2026-04-15 02:41:58.578 +06:00 [INF] Built VBO for map 411179b7-b772-42ef-bf66-03b7e4d7dca8 'test 5' in 5.147ms
2026-04-15 02:41:58.584 +06:00 [INF] Built VBO for map 850ddb26-5568-4376-b8e0-346c04cb81ef 'forest' in 5.3006ms
2026-04-15 02:42:25.525 +06:00 [INF] Built VBO for map 23630ac6-4461-460d-8a3b-9a0d4477096f 'test 8' in 3.1964ms
2026-04-15 02:44:15.071 +06:00 [WRN] 'Me' is null.
2026-04-15 02:44:15.096 +06:00 [WRN] Tried to load entity "0331a289-aa6a-4f71-9ace-201d7b0ddbcc" (Oran) from packet before in-game UI was ready
2026-04-15 02:44:15.234 +06:00 [INF] Built VBO for map 23630ac6-4461-460d-8a3b-9a0d4477096f 'test 8' in 11.1036ms
2026-04-15 02:44:15.237 +06:00 [INF] Built VBO for map 73ba8458-f8de-4f78-a254-c91b18418ed0 'test 3' in 2.2829ms
2026-04-15 02:44:15.239 +06:00 [INF] Built VBO for map 27c6a7b2-4e9f-4316-9a0f-e13ec8e16ba2 'New Map' in 1.7674ms
2026-04-15 02:47:43.772 +06:00 [INF] System window closing (due to user interaction most likely).
2026-04-15 02:47:43.774 +06:00 [INF] Disconnected [f7f21f3b-f832-43d2-b740-4930b6610f4e].
2026-04-15 02:47:43.775 +06:00 [INF] Updating active permission set to 'default'
2026-04-15 02:47:43.879 +06:00 [INF] Acquiring context lock... (0ms)
2026-04-15 02:47:43.879 +06:00 [INF] Acquired. (0ms)
2026-04-15 02:47:43.880 +06:00 [INF] Beginning context dispose. (0ms)
2026-04-15 02:47:43.880 +06:00 [INF] GC.SuppressFinalize (0ms)
2026-04-15 02:47:43.880 +06:00 [INF] InternalDispose() completed. (0ms)
2026-04-15 02:47:43.880 +06:00 [INF] Clearing instance... (1ms)
2026-04-15 02:47:43.880 +06:00 [INF] Releasing context lock... (1ms)
2026-04-15 02:47:43.880 +06:00 [INF] Released. (1ms)
