2026-05-29 23:33:53.056 +02:00 [INF] Starting Intersect Client v0.8.0.0-custom+32d39132dace1351f63375b261f241297dd35be8-dirty
2026-05-29 23:33:53.279 +02:00 [INF] Discovered service type: Intersect.Plugins.PluginService
2026-05-29 23:33:53.283 +02:00 [WRN] Directory was specified as a plugin directory but does not exist: 'resources\plugins'
2026-05-29 23:33:53.284 +02:00 [INF] Discovered 0 plugins:

2026-05-29 23:33:55.873 +02:00 [INF] Connecting to 127.0.0.1:5400...
2026-05-29 23:33:55.883 +02:00 [INF] Connected [b9a8795f-2f57-460d-8962-34dbe85e3f0f].
2026-05-29 23:33:55.901 +02:00 [INF] Connection approved [b9a8795f-2f57-460d-8962-34dbe85e3f0f].
2026-05-29 23:33:55.979 +02:00 [INF] Updated PermissionSet 'default'
2026-05-29 23:33:55.979 +02:00 [INF] Updated PermissionSet 'admin'
2026-05-29 23:34:02.531 +02:00 [INF] Updating active permission set to 'admin'
2026-05-29 23:34:03.221 +02:00 [WRN] 'Me' is null.
2026-05-29 23:34:03.922 +02:00 [INF] Built VBO for map d5c08240-0436-454a-8993-362abf5bc477 'New Map' in 25.4225ms
2026-05-29 23:34:07.216 +02:00 [INF] Window light shader 'Intersect.Client.Resources.Shaders.windowlight.mgfxo' loaded successfully with 11 parameters
2026-05-29 23:35:20.180 +02:00 [INF] Built VBO for map d5c08240-0436-454a-8993-362abf5bc477 'New Map' in 1.1363ms
2026-05-29 23:38:11.459 +02:00 [INF] Built VBO for map d5c08240-0436-454a-8993-362abf5bc477 'New Map' in 1.0907ms
2026-05-29 23:38:33.418 +02:00 [INF] Built VBO for map d5c08240-0436-454a-8993-362abf5bc477 'New Map' in 2.0079ms
2026-05-29 23:38:37.341 +02:00 [INF] System window closing (due to user interaction most likely).
2026-05-29 23:38:37.344 +02:00 [INF] Disconnected [b9a8795f-2f57-460d-8962-34dbe85e3f0f].
2026-05-29 23:38:37.345 +02:00 [INF] Updating active permission set to 'default'
2026-05-29 23:38:37.372 +02:00 [INF] Acquiring context lock... (0ms)
2026-05-29 23:38:37.372 +02:00 [INF] Acquired. (0ms)
2026-05-29 23:38:37.373 +02:00 [INF] Beginning context dispose. (0ms)
2026-05-29 23:38:37.373 +02:00 [INF] GC.SuppressFinalize (0ms)
2026-05-29 23:38:37.373 +02:00 [INF] InternalDispose() completed. (0ms)
2026-05-29 23:38:37.373 +02:00 [INF] Clearing instance... (1ms)
2026-05-29 23:38:37.373 +02:00 [INF] Releasing context lock... (1ms)
2026-05-29 23:38:37.373 +02:00 [INF] Released. (1ms)
