2026-04-15 04:17:48.877 +06:00 [INF] Starting Intersect Client v0.8.0.0-custom+32d39132dace1351f63375b261f241297dd35be8-dirty
2026-04-15 04:17:49.232 +06:00 [INF] Discovered service type: Intersect.Plugins.PluginService
2026-04-15 04:17:49.240 +06:00 [WRN] Directory was specified as a plugin directory but does not exist: 'resources\plugins'
2026-04-15 04:17:49.241 +06:00 [INF] Discovered 0 plugins:

2026-04-15 04:18:48.317 +06:00 [INF] Connecting to 127.0.0.1:5400...
2026-04-15 04:18:48.325 +06:00 [INF] Connected [7f61d219-7c3d-4d93-a2d2-47db0cb8eb37].
2026-04-15 04:18:48.336 +06:00 [INF] Connection approved [7f61d219-7c3d-4d93-a2d2-47db0cb8eb37].
2026-04-15 04:18:48.413 +06:00 [INF] Updated PermissionSet 'default'
2026-04-15 04:18:48.413 +06:00 [INF] Updated PermissionSet 'admin'
2026-04-15 04:18:52.060 +06:00 [INF] Updating active permission set to 'admin'
2026-04-15 04:18:52.203 +06:00 [WRN] Unable to add '_buttonLogout' to the JSON of MainMenu.SelectCharacterWindow._innerPanel._buttonsPanel because a sibling shares the same name
2026-04-15 04:19:02.134 +06:00 [WRN] 'Me' is null.
2026-04-15 04:19:02.725 +06:00 [INF] Built VBO for map 23630ac6-4461-460d-8a3b-9a0d4477096f 'test 8' in 20.2246ms
2026-04-15 04:19:02.780 +06:00 [INF] Built VBO for map 73ba8458-f8de-4f78-a254-c91b18418ed0 'test 3' in 50.4887ms
2026-04-15 04:19:02.787 +06:00 [INF] Built VBO for map 27c6a7b2-4e9f-4316-9a0f-e13ec8e16ba2 'New Map' in 5.373ms
2026-04-15 04:25:00.724 +06:00 [INF] Disconnected [7f61d219-7c3d-4d93-a2d2-47db0cb8eb37].
2026-04-15 04:25:00.724 +06:00 [INF] Updating active permission set to 'default'
2026-04-15 04:25:05.031 +06:00 [INF] System window closing (due to user interaction most likely).
2026-04-15 04:25:05.059 +06:00 [INF] Acquiring context lock... (0ms)
2026-04-15 04:25:05.059 +06:00 [INF] Acquired. (0ms)
2026-04-15 04:25:05.060 +06:00 [INF] Beginning context dispose. (0ms)
2026-04-15 04:25:05.060 +06:00 [INF] GC.SuppressFinalize (0ms)
2026-04-15 04:25:05.060 +06:00 [INF] InternalDispose() completed. (0ms)
2026-04-15 04:25:05.060 +06:00 [INF] Clearing instance... (1ms)
2026-04-15 04:25:05.060 +06:00 [INF] Releasing context lock... (1ms)
2026-04-15 04:25:05.060 +06:00 [INF] Released. (1ms)
