2026-07-05 23:01:15.212 +02:00 [INF] Starting Intersect Client v0.8.0.0-custom+32d39132dace1351f63375b261f241297dd35be8-dirty
2026-07-05 23:01:15.447 +02:00 [INF] Discovered service type: Intersect.Plugins.PluginService
2026-07-05 23:01:15.451 +02:00 [WRN] Directory was specified as a plugin directory but does not exist: 'resources\plugins'
2026-07-05 23:01:15.452 +02:00 [INF] Discovered 0 plugins:

2026-07-05 23:01:17.473 +02:00 [INF] Connecting to 127.0.0.1:5400...
2026-07-05 23:01:17.482 +02:00 [INF] Connected [c22415f1-ab6a-4236-a344-038eac23cc7e].
2026-07-05 23:01:17.501 +02:00 [INF] Connection approved [c22415f1-ab6a-4236-a344-038eac23cc7e].
2026-07-05 23:01:17.604 +02:00 [INF] Updated PermissionSet 'default'
2026-07-05 23:01:17.604 +02:00 [INF] Updated PermissionSet 'admin'
2026-07-05 23:01:22.643 +02:00 [INF] Updating active permission set to 'admin'
2026-07-05 23:01:25.807 +02:00 [WRN] 'Me' is null.
2026-07-05 23:01:26.969 +02:00 [INF] Built VBO for map 15601ad4-9f26-4abe-a6c9-3a7eebaa3045 'Forest' in 28.3982ms
2026-07-05 23:01:26.975 +02:00 [INF] Built VBO for map d490222a-af25-4a7f-bec3-7ca8016e08d7 'New Map' in 5.7063ms
2026-07-05 23:01:26.984 +02:00 [INF] Built VBO for map 000bacda-f0e9-4a92-ab09-e55bd4ad15c1 'New Map' in 5.2619ms
2026-07-05 23:01:27.082 +02:00 [ERR] Exception thrown while trying to load 'resources/tilesets/water_shore_marker.png'
System.IO.FileNotFoundException: Could not find file 'F:\game code engine\Intersect_New\Intersect.Client\resources\tilesets\water_shore_marker.png'.
File name: 'F:\game code engine\Intersect_New\Intersect.Client\resources\tilesets\water_shore_marker.png'
   at Microsoft.Win32.SafeHandles.SafeFileHandle.CreateFile(String fullPath, FileMode mode, FileAccess access, FileShare share, FileOptions options)
   at Microsoft.Win32.SafeHandles.SafeFileHandle.Open(String fullPath, FileMode mode, FileAccess access, FileShare share, FileOptions options, Int64 preallocationSize, Nullable`1 unixCreateMode)
   at System.IO.Strategies.OSFileStreamStrategy..ctor(String path, FileMode mode, FileAccess access, FileShare share, FileOptions options, Int64 preallocationSize, Nullable`1 unixCreateMode)
   at System.IO.Strategies.FileStreamHelpers.ChooseStrategyCore(String path, FileMode mode, FileAccess access, FileShare share, FileOptions options, Int64 preallocationSize, Nullable`1 unixCreateMode)
   at System.IO.File.OpenRead(String path)
   at Intersect.Client.Framework.Graphics.GameRenderer.<>c__DisplayClass182_0.<LoadTexture>b__0() in f:\game code engine\Intersect_New\Intersect.Client.Framework\Graphics\GameRenderer.cs:line 1027
   at Intersect.Client.Framework.Graphics.GameTexture`2.LoadPlatformTexture(Boolean force) in f:\game code engine\Intersect_New\Intersect.Client.Framework\Graphics\GameTexture.cs:line 279
2026-07-05 23:01:27.083 +02:00 [INF] Built VBO for map 27c6a7b2-4e9f-4316-9a0f-e13ec8e16ba2 'Forest' in 97.753ms
2026-07-05 23:01:27.102 +02:00 [INF] Built VBO for map e341d25d-5ff4-4cd6-bcd5-2f2cda710c86 'Greenfall Vale' in 15.5498ms
2026-07-05 23:01:27.109 +02:00 [INF] Built VBO for map f519d3ea-b6f4-4b17-b87a-1dcf003cd3ec 'New Map' in 6.5165ms
2026-07-05 23:11:47.425 +02:00 [INF] System window closing (due to user interaction most likely).
2026-07-05 23:11:47.428 +02:00 [INF] Disconnected [c22415f1-ab6a-4236-a344-038eac23cc7e].
2026-07-05 23:11:47.429 +02:00 [INF] Updating active permission set to 'default'
2026-07-05 23:11:47.465 +02:00 [INF] Acquiring context lock... (0ms)
2026-07-05 23:11:47.465 +02:00 [INF] Acquired. (0ms)
2026-07-05 23:11:47.466 +02:00 [INF] Beginning context dispose. (0ms)
2026-07-05 23:11:47.466 +02:00 [INF] GC.SuppressFinalize (0ms)
2026-07-05 23:11:47.466 +02:00 [INF] InternalDispose() completed. (0ms)
2026-07-05 23:11:47.466 +02:00 [INF] Clearing instance... (1ms)
2026-07-05 23:11:47.466 +02:00 [INF] Releasing context lock... (1ms)
2026-07-05 23:11:47.466 +02:00 [INF] Released. (1ms)
