2026-04-15 16:37:27.741 +06:00 [INF] Starting Intersect Client v0.8.0.0-custom+32d39132dace1351f63375b261f241297dd35be8-dirty
2026-04-15 16:37:27.934 +06:00 [INF] Discovered service type: Intersect.Plugins.PluginService
2026-04-15 16:37:27.937 +06:00 [WRN] Directory was specified as a plugin directory but does not exist: 'resources\plugins'
2026-04-15 16:37:27.938 +06:00 [INF] Discovered 0 plugins:

2026-04-15 16:37:31.460 +06:00 [INF] Connecting to 127.0.0.1:5400...
2026-04-15 16:37:31.468 +06:00 [INF] Connected [64014c91-d3fd-423c-b633-ce976c6931e7].
2026-04-15 16:37:31.475 +06:00 [INF] Connection approved [64014c91-d3fd-423c-b633-ce976c6931e7].
2026-04-15 16:37:31.557 +06:00 [INF] Updated PermissionSet 'default'
2026-04-15 16:37:31.557 +06:00 [INF] Updated PermissionSet 'admin'
2026-04-15 16:37:40.734 +06:00 [INF] Updating active permission set to 'admin'
2026-04-15 16:37:40.781 +06:00 [WRN] Unable to add '_buttonLogout' to the JSON of MainMenu.SelectCharacterWindow._innerPanel._buttonsPanel because a sibling shares the same name
2026-04-15 16:37:42.274 +06:00 [WRN] 'Me' is null.
2026-04-15 16:37:42.735 +06:00 [INF] Built VBO for map 411179b7-b772-42ef-bf66-03b7e4d7dca8 'test 5' in 12.4735ms
2026-04-15 16:37:42.747 +06:00 [INF] Built VBO for map 23630ac6-4461-460d-8a3b-9a0d4477096f 'test 8' in 7.7943ms
2026-04-15 16:37:42.790 +06:00 [INF] Built VBO for map 73ba8458-f8de-4f78-a254-c91b18418ed0 'test 3' in 41.4925ms
2026-04-15 16:37:50.150 +06:00 [INF] System window closing (due to user interaction most likely).
2026-04-15 16:37:50.153 +06:00 [INF] Disconnected [64014c91-d3fd-423c-b633-ce976c6931e7].
2026-04-15 16:37:50.153 +06:00 [INF] Updating active permission set to 'default'
2026-04-15 16:37:50.178 +06:00 [INF] Acquiring context lock... (0ms)
2026-04-15 16:37:50.178 +06:00 [INF] Acquired. (0ms)
2026-04-15 16:37:50.179 +06:00 [INF] Beginning context dispose. (0ms)
2026-04-15 16:37:50.179 +06:00 [INF] GC.SuppressFinalize (0ms)
2026-04-15 16:37:50.179 +06:00 [INF] InternalDispose() completed. (0ms)
2026-04-15 16:37:50.179 +06:00 [INF] Clearing instance... (1ms)
2026-04-15 16:37:50.179 +06:00 [INF] Releasing context lock... (1ms)
2026-04-15 16:37:50.179 +06:00 [INF] Released. (1ms)
