2026-04-07 00:50:03.332 +06:00 [INF] Starting Intersect Client v0.8.0.0-custom+32d39132dace1351f63375b261f241297dd35be8-dirty
2026-04-07 00:50:03.619 +06:00 [INF] Discovered service type: Intersect.Plugins.PluginService
2026-04-07 00:50:03.627 +06:00 [WRN] Directory was specified as a plugin directory but does not exist: 'resources\plugins'
2026-04-07 00:50:03.628 +06:00 [INF] Discovered 0 plugins:

2026-04-07 00:50:07.132 +06:00 [INF] Connecting to 127.0.0.1:5400...
2026-04-07 00:50:07.154 +06:00 [INF] Connected [b40f9f37-a036-44f6-8d02-fc42afdc5a26].
2026-04-07 00:50:07.167 +06:00 [INF] Connection approved [b40f9f37-a036-44f6-8d02-fc42afdc5a26].
2026-04-07 00:50:07.273 +06:00 [INF] Updated PermissionSet 'default'
2026-04-07 00:50:11.390 +06:00 [INF] Updated PermissionSet 'admin'
2026-04-07 00:50:11.391 +06:00 [INF] Updating active permission set to 'admin'
2026-04-07 00:50:11.530 +06:00 [WRN] Unable to add '_buttonLogout' to the JSON of MainMenu.SelectCharacterWindow._innerPanel._buttonsPanel because a sibling shares the same name
2026-04-07 00:50:12.896 +06:00 [WRN] 'Me' is null.
2026-04-07 00:50:13.516 +06:00 [INF] Built VBO for map 73ba8458-f8de-4f78-a254-c91b18418ed0 'test 3' in 21.1454ms
2026-04-07 00:50:13.531 +06:00 [INF] Built VBO for map 27c6a7b2-4e9f-4316-9a0f-e13ec8e16ba2 'New Map' in 10.8059ms
2026-04-07 00:50:18.964 +06:00 [INF] Built VBO for map 411179b7-b772-42ef-bf66-03b7e4d7dca8 'test 5' in 6.7465ms
2026-04-07 00:52:37.516 +06:00 [INF] Built VBO for map 885d51e4-6221-46de-a4c4-aa6c28fc46b9 'test 2' in 3.6622ms
2026-04-07 00:52:39.166 +06:00 [INF] Built VBO for map 27c6a7b2-4e9f-4316-9a0f-e13ec8e16ba2 'New Map' in 1.0736ms
2026-04-07 00:52:39.171 +06:00 [INF] Built VBO for map 23382d57-1bd1-403a-8f4f-50e5ad24e8a0 'test1' in 4.4759ms
2026-04-07 00:52:40.777 +06:00 [INF] Built VBO for map 885d51e4-6221-46de-a4c4-aa6c28fc46b9 'test 2' in 0.9814ms
2026-04-07 00:52:41.343 +06:00 [INF] Built VBO for map 73ba8458-f8de-4f78-a254-c91b18418ed0 'test 3' in 1.91ms
2026-04-07 00:52:41.345 +06:00 [INF] Built VBO for map 27c6a7b2-4e9f-4316-9a0f-e13ec8e16ba2 'New Map' in 1.5528ms
2026-04-07 00:53:15.209 +06:00 [INF] System window closing (due to user interaction most likely).
2026-04-07 00:53:15.211 +06:00 [WRN] Error occurred while invoking OnDetaching() for InGame.DebugWindow
System.ObjectDisposedException: Cannot access a disposed object.
Object name: 'Intersect.Client.Framework.Gwen.Control.Canvas'.
   at Intersect.Client.Framework.Gwen.Control.Base.RunOnMainThread[TState0,TState1](Action`2 action, TState0 state0, TState1 state1) in F:\game code engine\Intersect_New\Intersect.Client.Framework\Gwen\Control\Base.Threading.cs:line 70
   at Intersect.Client.Framework.Gwen.Control.Base.set_DrawDebugOutlines(Boolean value) in F:\game code engine\Intersect_New\Intersect.Client.Framework\Gwen\Control\Base.cs:line 1271
   at Intersect.Client.Interface.Debugging.DebugWindow.OnDetaching(Base oldParent) in F:\game code engine\Intersect_New\Intersect.Client.Core\Interface\Debugging\DebugWindow.cs:line 516
   at Intersect.Client.Framework.Gwen.Control.Base.NotifyDetaching(Base parent) in F:\game code engine\Intersect_New\Intersect.Client.Framework\Gwen\Control\Base.cs:line 436
2026-04-07 00:53:15.214 +06:00 [INF] Disconnected [b40f9f37-a036-44f6-8d02-fc42afdc5a26].
2026-04-07 00:53:15.215 +06:00 [INF] Updating active permission set to 'default'
2026-04-07 00:53:15.242 +06:00 [INF] Acquiring context lock... (0ms)
2026-04-07 00:53:15.242 +06:00 [INF] Acquired. (0ms)
2026-04-07 00:53:15.243 +06:00 [INF] Beginning context dispose. (0ms)
2026-04-07 00:53:15.243 +06:00 [INF] GC.SuppressFinalize (0ms)
2026-04-07 00:53:15.243 +06:00 [INF] InternalDispose() completed. (0ms)
2026-04-07 00:53:15.243 +06:00 [INF] Clearing instance... (1ms)
2026-04-07 00:53:15.243 +06:00 [INF] Releasing context lock... (1ms)
2026-04-07 00:53:15.243 +06:00 [INF] Released. (1ms)
