2026-06-25 14:33:07.220 +02:00 [INF] Starting Intersect Client v0.8.0.0-custom+32d39132dace1351f63375b261f241297dd35be8-dirty
2026-06-25 14:33:07.433 +02:00 [INF] Discovered service type: Intersect.Plugins.PluginService
2026-06-25 14:33:07.436 +02:00 [WRN] Directory was specified as a plugin directory but does not exist: 'resources\plugins'
2026-06-25 14:33:07.437 +02:00 [INF] Discovered 0 plugins:

2026-06-25 14:33:09.373 +02:00 [INF] Connecting to 127.0.0.1:5400...
2026-06-25 14:33:09.381 +02:00 [INF] Connected [79b1778f-a328-4aa7-8b38-61080525dbf9].
2026-06-25 14:33:09.387 +02:00 [INF] Connection approved [79b1778f-a328-4aa7-8b38-61080525dbf9].
2026-06-25 14:33:09.468 +02:00 [INF] Updated PermissionSet 'default'
2026-06-25 14:33:09.468 +02:00 [INF] Updated PermissionSet 'admin'
2026-06-25 14:33:13.318 +02:00 [INF] Updating active permission set to 'admin'
2026-06-25 14:33:14.877 +02:00 [WRN] 'Me' is null.
2026-06-25 14:33:15.647 +02:00 [ERR] Exception thrown while trying to load 'resources/tilesets/water_shore_marker.png'
System.IO.FileNotFoundException: Could not find file 'F:\game code engine\Intersect_New\Intersect.Client\resources\tilesets\water_shore_marker.png'.
File name: 'F:\game code engine\Intersect_New\Intersect.Client\resources\tilesets\water_shore_marker.png'
   at Microsoft.Win32.SafeHandles.SafeFileHandle.CreateFile(String fullPath, FileMode mode, FileAccess access, FileShare share, FileOptions options)
   at Microsoft.Win32.SafeHandles.SafeFileHandle.Open(String fullPath, FileMode mode, FileAccess access, FileShare share, FileOptions options, Int64 preallocationSize, Nullable`1 unixCreateMode)
   at System.IO.Strategies.OSFileStreamStrategy..ctor(String path, FileMode mode, FileAccess access, FileShare share, FileOptions options, Int64 preallocationSize, Nullable`1 unixCreateMode)
   at System.IO.Strategies.FileStreamHelpers.ChooseStrategyCore(String path, FileMode mode, FileAccess access, FileShare share, FileOptions options, Int64 preallocationSize, Nullable`1 unixCreateMode)
   at System.IO.File.OpenRead(String path)
   at Intersect.Client.Framework.Graphics.GameRenderer.<>c__DisplayClass181_0.<LoadTexture>b__0() in F:\game code engine\Intersect_New\Intersect.Client.Framework\Graphics\GameRenderer.cs:line 1011
   at Intersect.Client.Framework.Graphics.GameTexture`2.LoadPlatformTexture(Boolean force) in F:\game code engine\Intersect_New\Intersect.Client.Framework\Graphics\GameTexture.cs:line 279
2026-06-25 14:33:15.660 +02:00 [INF] Built VBO for map 9802b09c-f592-4d93-8e11-d3424500716c 'Forest' in 45.5758ms
2026-06-25 14:33:15.669 +02:00 [INF] Built VBO for map 15601ad4-9f26-4abe-a6c9-3a7eebaa3045 'Forest' in 8.3465ms
2026-06-25 14:33:15.802 +02:00 [INF] Built VBO for map a31f210c-f5fb-48bf-9db2-45fab2293a4c 'Forest' in 128.9027ms
2026-06-25 14:33:16.113 +02:00 [INF] Built VBO for map 27c6a7b2-4e9f-4316-9a0f-e13ec8e16ba2 'Forest' in 310.4911ms
2026-06-25 14:33:16.126 +02:00 [INF] Built VBO for map e341d25d-5ff4-4cd6-bcd5-2f2cda710c86 'town' in 8.848ms
2026-06-25 14:33:47.807 +02:00 [INF] Music volume set to 20 from InGame..SettingsWindow._innerPanel._tabs._innerPanel._audioSettingsTab._scrollPanel._musicSlider._slider
2026-06-25 14:33:47.807 +02:00 [INF] Sound volume set to 20 from InGame..SettingsWindow._innerPanel._tabs._innerPanel._audioSettingsTab._scrollPanel._soundEffectsSlider._slider
2026-06-25 14:33:47.808 +02:00 [INF] Weather sounds volume set to 80 from InGame..SettingsWindow._innerPanel._tabs._innerPanel._audioSettingsTab._scrollPanel._weatherSoundsSlider._slider
2026-06-25 14:33:54.334 +02:00 [WRN] 'Me' is null.
2026-06-25 14:33:54.720 +02:00 [INF] Built VBO for map 9802b09c-f592-4d93-8e11-d3424500716c 'Forest' in 4.3644ms
2026-06-25 14:33:54.725 +02:00 [INF] Built VBO for map 15601ad4-9f26-4abe-a6c9-3a7eebaa3045 'Forest' in 4.4098ms
2026-06-25 14:33:54.778 +02:00 [INF] Built VBO for map a31f210c-f5fb-48bf-9db2-45fab2293a4c 'Forest' in 49.5098ms
2026-06-25 14:33:55.094 +02:00 [INF] Built VBO for map 27c6a7b2-4e9f-4316-9a0f-e13ec8e16ba2 'Forest' in 314.8205ms
2026-06-25 14:33:55.100 +02:00 [INF] Built VBO for map e341d25d-5ff4-4cd6-bcd5-2f2cda710c86 'town' in 4.2103ms
2026-06-25 14:37:19.745 +02:00 [WRN] 'Me' is null.
2026-06-25 14:37:19.745 +02:00 [WRN] 'Me' is null.
2026-06-25 14:37:55.498 +02:00 [WRN] 'Me' is null.
2026-06-25 14:37:56.126 +02:00 [INF] Built VBO for map 9802b09c-f592-4d93-8e11-d3424500716c 'Forest' in 7.6969ms
2026-06-25 14:37:56.130 +02:00 [INF] Built VBO for map 15601ad4-9f26-4abe-a6c9-3a7eebaa3045 'Forest' in 4.1962ms
2026-06-25 14:37:56.180 +02:00 [INF] Built VBO for map a31f210c-f5fb-48bf-9db2-45fab2293a4c 'Forest' in 44.9251ms
2026-06-25 14:37:56.482 +02:00 [INF] Built VBO for map 27c6a7b2-4e9f-4316-9a0f-e13ec8e16ba2 'Forest' in 301.7464ms
2026-06-25 14:37:56.489 +02:00 [INF] Built VBO for map e341d25d-5ff4-4cd6-bcd5-2f2cda710c86 'town' in 5.0333ms
2026-06-25 14:38:55.346 +02:00 [WRN] 'Me' is null.
2026-06-25 14:38:55.702 +02:00 [INF] Built VBO for map 9802b09c-f592-4d93-8e11-d3424500716c 'Forest' in 7.1742ms
2026-06-25 14:38:55.707 +02:00 [INF] Built VBO for map 15601ad4-9f26-4abe-a6c9-3a7eebaa3045 'Forest' in 4.2183ms
2026-06-25 14:38:55.755 +02:00 [INF] Built VBO for map a31f210c-f5fb-48bf-9db2-45fab2293a4c 'Forest' in 45.2155ms
2026-06-25 14:38:56.062 +02:00 [INF] Built VBO for map 27c6a7b2-4e9f-4316-9a0f-e13ec8e16ba2 'Forest' in 306.3256ms
2026-06-25 14:38:56.069 +02:00 [INF] Built VBO for map e341d25d-5ff4-4cd6-bcd5-2f2cda710c86 'town' in 4.2607ms
2026-06-25 14:39:00.903 +02:00 [INF] System window closing (due to user interaction most likely).
2026-06-25 14:39:00.906 +02:00 [INF] Disconnected [79b1778f-a328-4aa7-8b38-61080525dbf9].
2026-06-25 14:39:00.907 +02:00 [INF] Updating active permission set to 'default'
2026-06-25 14:39:00.941 +02:00 [INF] Acquiring context lock... (0ms)
2026-06-25 14:39:00.941 +02:00 [INF] Acquired. (0ms)
2026-06-25 14:39:00.942 +02:00 [INF] Beginning context dispose. (0ms)
2026-06-25 14:39:00.943 +02:00 [INF] GC.SuppressFinalize (0ms)
2026-06-25 14:39:00.943 +02:00 [INF] InternalDispose() completed. (0ms)
2026-06-25 14:39:00.943 +02:00 [INF] Clearing instance... (1ms)
2026-06-25 14:39:00.943 +02:00 [INF] Releasing context lock... (1ms)
2026-06-25 14:39:00.943 +02:00 [INF] Released. (1ms)
