2026-05-24 22:36:21.331 +02:00 [INF] Starting Intersect Client v0.8.0.0-custom+32d39132dace1351f63375b261f241297dd35be8-dirty
2026-05-24 22:36:21.539 +02:00 [INF] Discovered service type: Intersect.Plugins.PluginService
2026-05-24 22:36:21.542 +02:00 [WRN] Directory was specified as a plugin directory but does not exist: 'resources\plugins'
2026-05-24 22:36:21.543 +02:00 [INF] Discovered 0 plugins:

2026-05-24 22:36:25.154 +02:00 [INF] Connecting to 127.0.0.1:5400...
2026-05-24 22:36:25.173 +02:00 [INF] Connected [d09339ab-435d-4b2e-b7dc-808cd28c3547].
2026-05-24 22:36:25.184 +02:00 [INF] Connection approved [d09339ab-435d-4b2e-b7dc-808cd28c3547].
2026-05-24 22:36:25.279 +02:00 [INF] Updated PermissionSet 'default'
2026-05-24 22:36:40.979 +02:00 [INF] Updated PermissionSet 'admin'
2026-05-24 22:36:40.979 +02:00 [INF] Updating active permission set to 'admin'
2026-05-24 22:36:41.587 +02:00 [WRN] 'Me' is null.
2026-05-24 22:36:42.315 +02:00 [INF] Built VBO for map 27c6a7b2-4e9f-4316-9a0f-e13ec8e16ba2 'Forest' in 72.6393ms
2026-05-24 22:37:09.627 +02:00 [INF] Built VBO for map e341d25d-5ff4-4cd6-bcd5-2f2cda710c86 'Forest' in 8.1203ms
2026-05-24 22:37:43.802 +02:00 [INF] Built VBO for map 27c6a7b2-4e9f-4316-9a0f-e13ec8e16ba2 'Forest' in 12.5725ms
2026-05-24 22:40:26.849 +02:00 [INF] Built VBO for map 27c6a7b2-4e9f-4316-9a0f-e13ec8e16ba2 'Forest' in 13.4289ms
2026-05-24 22:42:03.615 +02:00 [INF] Built VBO for map 27c6a7b2-4e9f-4316-9a0f-e13ec8e16ba2 'Forest' in 43.4088ms
2026-05-24 22:42:15.605 +02:00 [INF] Built VBO for map 27c6a7b2-4e9f-4316-9a0f-e13ec8e16ba2 'Forest' in 42.058ms
2026-05-24 22:42:25.998 +02:00 [INF] Built VBO for map a31f210c-f5fb-48bf-9db2-45fab2293a4c 'Forest' in 46.3992ms
2026-05-24 22:42:49.366 +02:00 [INF] Built VBO for map a31f210c-f5fb-48bf-9db2-45fab2293a4c 'Forest' in 35.7034ms
2026-05-24 22:42:49.431 +02:00 [INF] Built VBO for map 27c6a7b2-4e9f-4316-9a0f-e13ec8e16ba2 'Forest' in 42.8663ms
2026-05-24 22:49:13.587 +02:00 [INF] Disconnected [d09339ab-435d-4b2e-b7dc-808cd28c3547].
2026-05-24 22:49:13.587 +02:00 [INF] Updating active permission set to 'default'
2026-05-24 22:49:18.643 +02:00 [INF] System window closing (due to user interaction most likely).
2026-05-24 22:49:18.670 +02:00 [INF] Acquiring context lock... (0ms)
2026-05-24 22:49:18.670 +02:00 [INF] Acquired. (0ms)
2026-05-24 22:49:18.670 +02:00 [INF] Beginning context dispose. (0ms)
2026-05-24 22:49:18.671 +02:00 [INF] GC.SuppressFinalize (0ms)
2026-05-24 22:49:18.671 +02:00 [INF] InternalDispose() completed. (0ms)
2026-05-24 22:49:18.671 +02:00 [INF] Clearing instance... (1ms)
2026-05-24 22:49:18.671 +02:00 [INF] Releasing context lock... (1ms)
2026-05-24 22:49:18.671 +02:00 [INF] Released. (1ms)
