2026-05-18 18:02:55.294 +02:00 [INF] Starting Intersect Client v0.8.0.0-custom+32d39132dace1351f63375b261f241297dd35be8-dirty
2026-05-18 18:02:55.505 +02:00 [INF] Discovered service type: Intersect.Plugins.PluginService
2026-05-18 18:02:55.509 +02:00 [WRN] Directory was specified as a plugin directory but does not exist: 'resources\plugins'
2026-05-18 18:02:55.510 +02:00 [INF] Discovered 0 plugins:

2026-05-18 18:02:57.883 +02:00 [INF] Connecting to 127.0.0.1:5400...
2026-05-18 18:02:57.905 +02:00 [INF] Connected [683b6266-1ab7-4537-b394-796ed73b6937].
2026-05-18 18:02:57.922 +02:00 [INF] Connection approved [683b6266-1ab7-4537-b394-796ed73b6937].
2026-05-18 18:02:58.024 +02:00 [INF] Updated PermissionSet 'default'
2026-05-18 18:03:18.622 +02:00 [INF] Updated PermissionSet 'admin'
2026-05-18 18:03:18.622 +02:00 [INF] Updating active permission set to 'admin'
2026-05-18 18:03:19.347 +02:00 [WRN] 'Me' is null.
2026-05-18 18:03:19.997 +02:00 [INF] Built VBO for map a31f210c-f5fb-48bf-9db2-45fab2293a4c 'Forest' in 54.697ms
2026-05-18 18:03:48.188 +02:00 [INF] Built VBO for map a31f210c-f5fb-48bf-9db2-45fab2293a4c 'Forest' in 20.3182ms
2026-05-18 18:03:54.329 +02:00 [INF] Built VBO for map 27c6a7b2-4e9f-4316-9a0f-e13ec8e16ba2 'Forest' in 124.5662ms
2026-05-18 18:03:57.928 +02:00 [INF] Built VBO for map 27c6a7b2-4e9f-4316-9a0f-e13ec8e16ba2 'Forest' in 6.2526ms
2026-05-18 18:04:15.606 +02:00 [INF] Built VBO for map 27c6a7b2-4e9f-4316-9a0f-e13ec8e16ba2 'Forest' in 89.5788ms
2026-05-18 18:04:33.602 +02:00 [INF] Built VBO for map 27c6a7b2-4e9f-4316-9a0f-e13ec8e16ba2 'Forest' in 84.7521ms
2026-05-18 18:05:14.963 +02:00 [INF] Built VBO for map a31f210c-f5fb-48bf-9db2-45fab2293a4c 'Forest' in 15.1869ms
2026-05-18 18:07:26.300 +02:00 [INF] Built VBO for map a31f210c-f5fb-48bf-9db2-45fab2293a4c 'Forest' in 18.0597ms
2026-05-18 18:07:26.398 +02:00 [INF] Built VBO for map 27c6a7b2-4e9f-4316-9a0f-e13ec8e16ba2 'Forest' in 77.5357ms
2026-05-18 18:07:34.743 +02:00 [INF] Built VBO for map a31f210c-f5fb-48bf-9db2-45fab2293a4c 'Forest' in 14.0834ms
2026-05-18 18:07:34.843 +02:00 [INF] Built VBO for map 27c6a7b2-4e9f-4316-9a0f-e13ec8e16ba2 'Forest' in 81.8585ms
2026-05-18 18:07:36.467 +02:00 [INF] Built VBO for map 27c6a7b2-4e9f-4316-9a0f-e13ec8e16ba2 'Forest' in 6.2668ms
2026-05-18 18:07:44.194 +02:00 [INF] Built VBO for map e341d25d-5ff4-4cd6-bcd5-2f2cda710c86 'Forest' in 5.0722ms
2026-05-18 18:08:27.526 +02:00 [INF] Built VBO for map a31f210c-f5fb-48bf-9db2-45fab2293a4c 'Forest' in 21.2751ms
2026-05-18 18:08:28.806 +02:00 [INF] Built VBO for map 27c6a7b2-4e9f-4316-9a0f-e13ec8e16ba2 'Forest' in 6.2383ms
2026-05-18 18:11:25.662 +02:00 [INF] Built VBO for map a31f210c-f5fb-48bf-9db2-45fab2293a4c 'Forest' in 22.0364ms
2026-05-18 18:11:39.722 +02:00 [INF] Built VBO for map 27c6a7b2-4e9f-4316-9a0f-e13ec8e16ba2 'Forest' in 6.1561ms
2026-05-18 18:11:41.237 +02:00 [INF] Built VBO for map 27c6a7b2-4e9f-4316-9a0f-e13ec8e16ba2 'Forest' in 6.8836ms
2026-05-18 18:12:44.829 +02:00 [INF] Built VBO for map e341d25d-5ff4-4cd6-bcd5-2f2cda710c86 'Forest' in 2.5487ms
2026-05-18 18:12:50.545 +02:00 [INF] System window closing (due to user interaction most likely).
2026-05-18 18:12:50.548 +02:00 [INF] Disconnected [683b6266-1ab7-4537-b394-796ed73b6937].
2026-05-18 18:12:50.548 +02:00 [INF] Updating active permission set to 'default'
2026-05-18 18:12:50.579 +02:00 [INF] Acquiring context lock... (0ms)
2026-05-18 18:12:50.579 +02:00 [INF] Acquired. (0ms)
2026-05-18 18:12:50.580 +02:00 [INF] Beginning context dispose. (0ms)
2026-05-18 18:12:50.580 +02:00 [INF] GC.SuppressFinalize (0ms)
2026-05-18 18:12:50.580 +02:00 [INF] InternalDispose() completed. (0ms)
2026-05-18 18:12:50.580 +02:00 [INF] Clearing instance... (1ms)
2026-05-18 18:12:50.580 +02:00 [INF] Releasing context lock... (1ms)
2026-05-18 18:12:50.580 +02:00 [INF] Released. (1ms)
