2026-06-09 22:05:16.571 +02:00 [INF] Starting Intersect Client v0.8.0.0-custom+32d39132dace1351f63375b261f241297dd35be8-dirty
2026-06-09 22:05:16.799 +02:00 [INF] Discovered service type: Intersect.Plugins.PluginService
2026-06-09 22:05:16.803 +02:00 [WRN] Directory was specified as a plugin directory but does not exist: 'resources\plugins'
2026-06-09 22:05:16.804 +02:00 [INF] Discovered 0 plugins:

2026-06-09 22:05:21.414 +02:00 [INF] Connecting to 127.0.0.1:5400...
2026-06-09 22:05:21.423 +02:00 [INF] Connected [6ab51975-b761-4e8e-8e5f-f70c30a778af].
2026-06-09 22:05:21.435 +02:00 [INF] Connection approved [6ab51975-b761-4e8e-8e5f-f70c30a778af].
2026-06-09 22:05:21.531 +02:00 [INF] Updated PermissionSet 'default'
2026-06-09 22:05:21.531 +02:00 [INF] Updated PermissionSet 'admin'
2026-06-09 22:05:25.213 +02:00 [INF] Updating active permission set to 'admin'
2026-06-09 22:05:25.754 +02:00 [WRN] 'Me' is null.
2026-06-09 22:05:26.467 +02:00 [INF] Built VBO for map 15601ad4-9f26-4abe-a6c9-3a7eebaa3045 'Forest' in 17.6395ms
2026-06-09 22:05:26.469 +02:00 [INF] Built VBO for map 27c6a7b2-4e9f-4316-9a0f-e13ec8e16ba2 'Forest' in 1.2094ms
2026-06-09 22:05:26.479 +02:00 [ERR] Exception thrown while trying to load 'resources/tilesets/water_shore_marker.png'
System.IO.FileNotFoundException: Could not find file 'F:\game code engine\Intersect_New\Intersect.Client\resources\tilesets\water_shore_marker.png'.
File name: 'F:\game code engine\Intersect_New\Intersect.Client\resources\tilesets\water_shore_marker.png'
   at Microsoft.Win32.SafeHandles.SafeFileHandle.CreateFile(String fullPath, FileMode mode, FileAccess access, FileShare share, FileOptions options)
   at Microsoft.Win32.SafeHandles.SafeFileHandle.Open(String fullPath, FileMode mode, FileAccess access, FileShare share, FileOptions options, Int64 preallocationSize, Nullable`1 unixCreateMode)
   at System.IO.Strategies.OSFileStreamStrategy..ctor(String path, FileMode mode, FileAccess access, FileShare share, FileOptions options, Int64 preallocationSize, Nullable`1 unixCreateMode)
   at System.IO.Strategies.FileStreamHelpers.ChooseStrategyCore(String path, FileMode mode, FileAccess access, FileShare share, FileOptions options, Int64 preallocationSize, Nullable`1 unixCreateMode)
   at System.IO.File.OpenRead(String path)
   at Intersect.Client.Framework.Graphics.GameRenderer.<>c__DisplayClass181_0.<LoadTexture>b__0() in F:\game code engine\Intersect_New\Intersect.Client.Framework\Graphics\GameRenderer.cs:line 1008
   at Intersect.Client.Framework.Graphics.GameTexture`2.LoadPlatformTexture(Boolean force) in F:\game code engine\Intersect_New\Intersect.Client.Framework\Graphics\GameTexture.cs:line 279
2026-06-09 22:05:26.488 +02:00 [INF] Built VBO for map e341d25d-5ff4-4cd6-bcd5-2f2cda710c86 'town' in 16.661ms
2026-06-09 22:05:26.501 +02:00 [INF] Built VBO for map 15601ad4-9f26-4abe-a6c9-3a7eebaa3045 'Forest' in 4.2522ms
2026-06-09 22:05:26.717 +02:00 [INF] Built VBO for map e341d25d-5ff4-4cd6-bcd5-2f2cda710c86 'town' in 4.97ms
2026-06-09 22:06:25.840 +02:00 [INF] Built VBO for map 15601ad4-9f26-4abe-a6c9-3a7eebaa3045 'Forest' in 2.7687ms
2026-06-09 22:06:25.844 +02:00 [INF] Built VBO for map e341d25d-5ff4-4cd6-bcd5-2f2cda710c86 'town' in 3.4715ms
2026-06-09 22:06:25.937 +02:00 [INF] Built VBO for map 27c6a7b2-4e9f-4316-9a0f-e13ec8e16ba2 'Forest' in 0.3946ms
2026-06-09 22:06:57.009 +02:00 [INF] Built VBO for map 15601ad4-9f26-4abe-a6c9-3a7eebaa3045 'Forest' in 3.0908ms
2026-06-09 22:06:57.012 +02:00 [INF] Built VBO for map e341d25d-5ff4-4cd6-bcd5-2f2cda710c86 'town' in 2.8611ms
2026-06-09 22:06:57.129 +02:00 [INF] Built VBO for map 27c6a7b2-4e9f-4316-9a0f-e13ec8e16ba2 'Forest' in 4.5831ms
2026-06-09 22:08:35.963 +02:00 [INF] Built VBO for map 15601ad4-9f26-4abe-a6c9-3a7eebaa3045 'Forest' in 2.5855ms
2026-06-09 22:08:35.966 +02:00 [INF] Built VBO for map e341d25d-5ff4-4cd6-bcd5-2f2cda710c86 'town' in 2.9927ms
2026-06-09 22:08:36.030 +02:00 [INF] Built VBO for map 27c6a7b2-4e9f-4316-9a0f-e13ec8e16ba2 'Forest' in 0.3148ms
2026-06-09 22:08:39.620 +02:00 [INF] System window closing (due to user interaction most likely).
2026-06-09 22:08:39.623 +02:00 [INF] Disconnected [6ab51975-b761-4e8e-8e5f-f70c30a778af].
2026-06-09 22:08:39.624 +02:00 [INF] Updating active permission set to 'default'
2026-06-09 22:08:39.660 +02:00 [INF] Acquiring context lock... (0ms)
2026-06-09 22:08:39.660 +02:00 [INF] Acquired. (0ms)
2026-06-09 22:08:39.661 +02:00 [INF] Beginning context dispose. (0ms)
2026-06-09 22:08:39.661 +02:00 [INF] GC.SuppressFinalize (0ms)
2026-06-09 22:08:39.662 +02:00 [INF] InternalDispose() completed. (0ms)
2026-06-09 22:08:39.662 +02:00 [INF] Clearing instance... (1ms)
2026-06-09 22:08:39.662 +02:00 [INF] Releasing context lock... (1ms)
2026-06-09 22:08:39.662 +02:00 [INF] Released. (1ms)
