2026-07-13 23:34:16.251 +02:00 [INF] Starting Intersect Client v0.8.0.0-custom+32d39132dace1351f63375b261f241297dd35be8-dirty
2026-07-13 23:34:16.484 +02:00 [INF] Discovered service type: Intersect.Plugins.PluginService
2026-07-13 23:34:16.487 +02:00 [WRN] Directory was specified as a plugin directory but does not exist: 'resources\plugins'
2026-07-13 23:34:16.488 +02:00 [INF] Discovered 0 plugins:

2026-07-13 23:34:19.826 +02:00 [INF] Connecting to 127.0.0.1:5400...
2026-07-13 23:34:19.845 +02:00 [INF] Connected [2055e538-fcc4-42a4-8fa8-76c365057a58].
2026-07-13 23:34:19.859 +02:00 [INF] Connection approved [2055e538-fcc4-42a4-8fa8-76c365057a58].
2026-07-13 23:34:19.974 +02:00 [INF] Updated PermissionSet 'default'
2026-07-13 23:34:26.160 +02:00 [INF] Updated PermissionSet 'admin'
2026-07-13 23:34:26.160 +02:00 [INF] Updating active permission set to 'admin'
2026-07-13 23:34:28.776 +02:00 [WRN] 'Me' is null.
2026-07-13 23:34:29.804 +02:00 [INF] Built VBO for map 9802b09c-f592-4d93-8e11-d3424500716c 'Deep Forest' in 50.1843ms
2026-07-13 23:34:29.819 +02:00 [INF] Built VBO for map 15601ad4-9f26-4abe-a6c9-3a7eebaa3045 'Forest' in 12.0282ms
2026-07-13 23:34:29.836 +02:00 [INF] Built VBO for map d490222a-af25-4a7f-bec3-7ca8016e08d7 'New Map' in 11.861ms
2026-07-13 23:34:29.956 +02:00 [INF] Built VBO for map a31f210c-f5fb-48bf-9db2-45fab2293a4c 'Forest' in 116.5697ms
2026-07-13 23:34:30.021 +02:00 [INF] Built VBO for map 27c6a7b2-4e9f-4316-9a0f-e13ec8e16ba2 'Forest' in 59.2976ms
2026-07-13 23:34:30.043 +02:00 [INF] Built VBO for map e341d25d-5ff4-4cd6-bcd5-2f2cda710c86 'Greenfall Vale' in 19.7895ms
2026-07-13 23:34:30.173 +02:00 [WRN] World post-process shader loaded but is missing required parameter 'DayAmount'. Falling back to legacy post-process passes.
2026-07-13 23:34:38.571 +02:00 [WRN] Weather shader resource 'Intersect.Client.Resources.Shaders.weather.mgfxo' is missing parameter 'MapWorldOrigin'. Falling back to legacy weather particles.
2026-07-13 23:34:51.328 +02:00 [WRN] Buff flourish shader resource 'Intersect.Client.Resources.Shaders.buffflourish.mgfxo' is missing parameter 'ShapeMode'. Buff flourish effects will be skipped.
2026-07-13 23:35:43.624 +02:00 [INF] System window closing (due to user interaction most likely).
2026-07-13 23:35:43.628 +02:00 [INF] Disconnected [2055e538-fcc4-42a4-8fa8-76c365057a58].
2026-07-13 23:35:43.628 +02:00 [INF] Updating active permission set to 'default'
2026-07-13 23:35:43.654 +02:00 [INF] Acquiring context lock... (0ms)
2026-07-13 23:35:43.654 +02:00 [INF] Acquired. (0ms)
2026-07-13 23:35:43.655 +02:00 [INF] Beginning context dispose. (0ms)
2026-07-13 23:35:43.655 +02:00 [INF] GC.SuppressFinalize (0ms)
2026-07-13 23:35:43.655 +02:00 [INF] InternalDispose() completed. (0ms)
2026-07-13 23:35:43.655 +02:00 [INF] Clearing instance... (1ms)
2026-07-13 23:35:43.655 +02:00 [INF] Releasing context lock... (1ms)
2026-07-13 23:35:43.655 +02:00 [INF] Released. (1ms)
