2026-07-13 05:55:46.208 +02:00 [INF] Starting Intersect Client v0.8.0.0-custom+32d39132dace1351f63375b261f241297dd35be8-dirty
2026-07-13 05:55:46.443 +02:00 [INF] Discovered service type: Intersect.Plugins.PluginService
2026-07-13 05:55:46.448 +02:00 [WRN] Directory was specified as a plugin directory but does not exist: 'resources\plugins'
2026-07-13 05:55:46.449 +02:00 [INF] Discovered 0 plugins:

2026-07-13 05:55:57.047 +02:00 [INF] Connecting to 127.0.0.1:5400...
2026-07-13 05:55:57.066 +02:00 [INF] Connected [a234bbdc-73cb-42ba-bc23-63d976868643].
2026-07-13 05:55:57.088 +02:00 [INF] Connection approved [a234bbdc-73cb-42ba-bc23-63d976868643].
2026-07-13 05:55:57.183 +02:00 [INF] Updated PermissionSet 'default'
2026-07-13 05:56:04.383 +02:00 [INF] Updated PermissionSet 'admin'
2026-07-13 05:56:04.383 +02:00 [INF] Updating active permission set to 'admin'
2026-07-13 05:56:06.629 +02:00 [WRN] 'Me' is null.
2026-07-13 05:56:07.759 +02:00 [INF] Built VBO for map 9802b09c-f592-4d93-8e11-d3424500716c 'Deep Forest' in 52.3646ms
2026-07-13 05:56:07.774 +02:00 [INF] Built VBO for map 15601ad4-9f26-4abe-a6c9-3a7eebaa3045 'Forest' in 11.6038ms
2026-07-13 05:56:07.788 +02:00 [INF] Built VBO for map d490222a-af25-4a7f-bec3-7ca8016e08d7 'New Map' in 9.3993ms
2026-07-13 05:56:07.917 +02:00 [INF] Built VBO for map a31f210c-f5fb-48bf-9db2-45fab2293a4c 'Forest' in 126.1835ms
2026-07-13 05:56:07.986 +02:00 [INF] Built VBO for map 27c6a7b2-4e9f-4316-9a0f-e13ec8e16ba2 'Forest' in 63.5986ms
2026-07-13 05:56:08.010 +02:00 [INF] Built VBO for map e341d25d-5ff4-4cd6-bcd5-2f2cda710c86 'Greenfall Vale' in 20.7945ms
2026-07-13 06:01:04.355 +02:00 [INF] System window closing (due to user interaction most likely).
2026-07-13 06:01:04.359 +02:00 [INF] Disconnected [a234bbdc-73cb-42ba-bc23-63d976868643].
2026-07-13 06:01:04.360 +02:00 [INF] Updating active permission set to 'default'
2026-07-13 06:01:04.509 +02:00 [INF] Acquiring context lock... (0ms)
2026-07-13 06:01:04.510 +02:00 [INF] Acquired. (0ms)
2026-07-13 06:01:04.511 +02:00 [INF] Beginning context dispose. (0ms)
2026-07-13 06:01:04.511 +02:00 [INF] GC.SuppressFinalize (0ms)
2026-07-13 06:01:04.511 +02:00 [INF] InternalDispose() completed. (0ms)
2026-07-13 06:01:04.511 +02:00 [INF] Clearing instance... (1ms)
2026-07-13 06:01:04.511 +02:00 [INF] Releasing context lock... (1ms)
2026-07-13 06:01:04.511 +02:00 [INF] Released. (1ms)
