2026-06-02 06:17:29.775 +02:00 [INF] Starting Intersect Client v0.8.0.0-custom+32d39132dace1351f63375b261f241297dd35be8-dirty
2026-06-02 06:17:29.988 +02:00 [INF] Discovered service type: Intersect.Plugins.PluginService
2026-06-02 06:17:29.991 +02:00 [WRN] Directory was specified as a plugin directory but does not exist: 'resources\plugins'
2026-06-02 06:17:29.992 +02:00 [INF] Discovered 0 plugins:

2026-06-02 06:17:35.715 +02:00 [INF] Connecting to 127.0.0.1:5400...
2026-06-02 06:17:35.732 +02:00 [INF] Connected [3ac368f3-fb21-4e4e-a001-826bcea32a92].
2026-06-02 06:17:35.767 +02:00 [INF] Connection approved [3ac368f3-fb21-4e4e-a001-826bcea32a92].
2026-06-02 06:17:35.850 +02:00 [INF] Updated PermissionSet 'default'
2026-06-02 06:17:41.302 +02:00 [INF] Updated PermissionSet 'admin'
2026-06-02 06:17:41.302 +02:00 [INF] Updating active permission set to 'admin'
2026-06-02 06:17:41.843 +02:00 [WRN] 'Me' is null.
2026-06-02 06:17:42.787 +02:00 [INF] Built VBO for map 27c6a7b2-4e9f-4316-9a0f-e13ec8e16ba2 'Forest' in 74.2237ms
2026-06-02 06:17:42.852 +02:00 [WRN] Weather shader resource 'Intersect.Client.Resources.Shaders.weather.mgfxo' is missing parameter 'MapSize'. Falling back to legacy weather particles.
2026-06-02 06:18:36.696 +02:00 [INF] Built VBO for map 27c6a7b2-4e9f-4316-9a0f-e13ec8e16ba2 'Forest' in 44.6937ms
2026-06-02 06:18:43.914 +02:00 [INF] Built VBO for map 27c6a7b2-4e9f-4316-9a0f-e13ec8e16ba2 'Forest' in 49.4899ms
2026-06-02 06:19:03.330 +02:00 [INF] System window closing (due to user interaction most likely).
2026-06-02 06:19:03.333 +02:00 [INF] Disconnected [3ac368f3-fb21-4e4e-a001-826bcea32a92].
2026-06-02 06:19:03.334 +02:00 [INF] Updating active permission set to 'default'
2026-06-02 06:19:03.367 +02:00 [INF] Acquiring context lock... (0ms)
2026-06-02 06:19:03.367 +02:00 [INF] Acquired. (0ms)
2026-06-02 06:19:03.368 +02:00 [INF] Beginning context dispose. (0ms)
2026-06-02 06:19:03.368 +02:00 [INF] GC.SuppressFinalize (0ms)
2026-06-02 06:19:03.369 +02:00 [INF] InternalDispose() completed. (0ms)
2026-06-02 06:19:03.369 +02:00 [INF] Clearing instance... (1ms)
2026-06-02 06:19:03.369 +02:00 [INF] Releasing context lock... (1ms)
2026-06-02 06:19:03.369 +02:00 [INF] Released. (1ms)
