2026-06-09 19:18:20.204 +02:00 [INF] Starting Intersect Client v0.8.0.0-custom+32d39132dace1351f63375b261f241297dd35be8-dirty
2026-06-09 19:18:20.423 +02:00 [INF] Discovered service type: Intersect.Plugins.PluginService
2026-06-09 19:18:20.427 +02:00 [WRN] Directory was specified as a plugin directory but does not exist: 'resources\plugins'
2026-06-09 19:18:20.428 +02:00 [INF] Discovered 0 plugins:

2026-06-09 19:18:22.565 +02:00 [INF] Connecting to 127.0.0.1:5400...
2026-06-09 19:18:22.585 +02:00 [INF] Connected [b085abab-14d0-4382-8306-b1807d2a9b3c].
2026-06-09 19:18:22.605 +02:00 [INF] Connection approved [b085abab-14d0-4382-8306-b1807d2a9b3c].
2026-06-09 19:18:22.707 +02:00 [INF] Updated PermissionSet 'default'
2026-06-09 19:18:33.842 +02:00 [INF] Updated PermissionSet 'admin'
2026-06-09 19:18:33.842 +02:00 [INF] Updating active permission set to 'admin'
2026-06-09 19:18:34.416 +02:00 [WRN] 'Me' is null.
2026-06-09 19:18:35.170 +02:00 [INF] Built VBO for map 9802b09c-f592-4d93-8e11-d3424500716c 'Forest' in 38.521ms
2026-06-09 19:18:35.175 +02:00 [INF] Built VBO for map 15601ad4-9f26-4abe-a6c9-3a7eebaa3045 'Forest' in 4.084ms
2026-06-09 19:18:35.220 +02:00 [ERR] Exception thrown while trying to load 'resources/tilesets/water_shore_marker.png'
System.IO.FileNotFoundException: Could not find file 'F:\game code engine\Intersect_New\Intersect.Client\resources\tilesets\water_shore_marker.png'.
File name: 'F:\game code engine\Intersect_New\Intersect.Client\resources\tilesets\water_shore_marker.png'
   at Microsoft.Win32.SafeHandles.SafeFileHandle.CreateFile(String fullPath, FileMode mode, FileAccess access, FileShare share, FileOptions options)
   at Microsoft.Win32.SafeHandles.SafeFileHandle.Open(String fullPath, FileMode mode, FileAccess access, FileShare share, FileOptions options, Int64 preallocationSize, Nullable`1 unixCreateMode)
   at System.IO.Strategies.OSFileStreamStrategy..ctor(String path, FileMode mode, FileAccess access, FileShare share, FileOptions options, Int64 preallocationSize, Nullable`1 unixCreateMode)
   at System.IO.Strategies.FileStreamHelpers.ChooseStrategyCore(String path, FileMode mode, FileAccess access, FileShare share, FileOptions options, Int64 preallocationSize, Nullable`1 unixCreateMode)
   at System.IO.File.OpenRead(String path)
   at Intersect.Client.Framework.Graphics.GameRenderer.<>c__DisplayClass179_0.<LoadTexture>b__0() in F:\game code engine\Intersect_New\Intersect.Client.Framework\Graphics\GameRenderer.cs:line 974
   at Intersect.Client.Framework.Graphics.GameTexture`2.LoadPlatformTexture(Boolean force) in F:\game code engine\Intersect_New\Intersect.Client.Framework\Graphics\GameTexture.cs:line 279
2026-06-09 19:18:35.222 +02:00 [INF] Built VBO for map a31f210c-f5fb-48bf-9db2-45fab2293a4c 'Forest' in 45.08ms
2026-06-09 19:18:35.278 +02:00 [INF] Built VBO for map 27c6a7b2-4e9f-4316-9a0f-e13ec8e16ba2 'Forest' in 54.6467ms
2026-06-09 19:18:35.282 +02:00 [INF] Built VBO for map e341d25d-5ff4-4cd6-bcd5-2f2cda710c86 'town' in 1.3744ms
2026-06-09 19:18:35.575 +02:00 [INF] Built VBO for map 27c6a7b2-4e9f-4316-9a0f-e13ec8e16ba2 'Forest' in 21.169ms
2026-06-09 19:18:39.248 +02:00 [INF] Built VBO for map e341d25d-5ff4-4cd6-bcd5-2f2cda710c86 'town' in 1.6656ms
2026-06-09 19:19:29.810 +02:00 [INF] Built VBO for map 9802b09c-f592-4d93-8e11-d3424500716c 'Forest' in 3.0371ms
2026-06-09 19:19:29.836 +02:00 [INF] Built VBO for map 27c6a7b2-4e9f-4316-9a0f-e13ec8e16ba2 'Forest' in 25.4709ms
2026-06-09 19:19:30.063 +02:00 [INF] Built VBO for map 15601ad4-9f26-4abe-a6c9-3a7eebaa3045 'Forest' in 1.4607ms
2026-06-09 19:19:30.291 +02:00 [INF] Built VBO for map a31f210c-f5fb-48bf-9db2-45fab2293a4c 'Forest' in 5.6167ms
2026-06-09 19:19:30.510 +02:00 [INF] Built VBO for map e341d25d-5ff4-4cd6-bcd5-2f2cda710c86 'town' in 1.6604ms
2026-06-09 19:19:49.289 +02:00 [INF] Built VBO for map 9802b09c-f592-4d93-8e11-d3424500716c 'Forest' in 2.7798ms
2026-06-09 19:19:49.318 +02:00 [INF] Built VBO for map 27c6a7b2-4e9f-4316-9a0f-e13ec8e16ba2 'Forest' in 28.8994ms
2026-06-09 19:19:49.571 +02:00 [INF] Built VBO for map 15601ad4-9f26-4abe-a6c9-3a7eebaa3045 'Forest' in 1.4027ms
2026-06-09 19:19:49.821 +02:00 [INF] Built VBO for map a31f210c-f5fb-48bf-9db2-45fab2293a4c 'Forest' in 5.4557ms
2026-06-09 19:19:50.060 +02:00 [INF] Built VBO for map e341d25d-5ff4-4cd6-bcd5-2f2cda710c86 'town' in 1.6671ms
2026-06-09 19:19:56.661 +02:00 [INF] Built VBO for map 9802b09c-f592-4d93-8e11-d3424500716c 'Forest' in 2.832ms
2026-06-09 19:19:56.690 +02:00 [INF] Built VBO for map 27c6a7b2-4e9f-4316-9a0f-e13ec8e16ba2 'Forest' in 27.6682ms
2026-06-09 19:19:56.761 +02:00 [INF] Built VBO for map 15601ad4-9f26-4abe-a6c9-3a7eebaa3045 'Forest' in 1.4688ms
2026-06-09 19:19:56.831 +02:00 [INF] Built VBO for map a31f210c-f5fb-48bf-9db2-45fab2293a4c 'Forest' in 5.461ms
2026-06-09 19:19:56.900 +02:00 [INF] Built VBO for map e341d25d-5ff4-4cd6-bcd5-2f2cda710c86 'town' in 3.9332ms
2026-06-09 19:20:03.318 +02:00 [INF] Built VBO for map 9802b09c-f592-4d93-8e11-d3424500716c 'Forest' in 3.0924ms
2026-06-09 19:20:03.348 +02:00 [INF] Built VBO for map 27c6a7b2-4e9f-4316-9a0f-e13ec8e16ba2 'Forest' in 29.9243ms
2026-06-09 19:20:03.603 +02:00 [INF] Built VBO for map 15601ad4-9f26-4abe-a6c9-3a7eebaa3045 'Forest' in 1.1613ms
2026-06-09 19:20:03.851 +02:00 [INF] Built VBO for map a31f210c-f5fb-48bf-9db2-45fab2293a4c 'Forest' in 5.4838ms
2026-06-09 19:20:04.094 +02:00 [INF] Built VBO for map e341d25d-5ff4-4cd6-bcd5-2f2cda710c86 'town' in 1.6705ms
2026-06-09 19:20:16.295 +02:00 [INF] Built VBO for map 9802b09c-f592-4d93-8e11-d3424500716c 'Forest' in 3.3025ms
2026-06-09 19:20:16.324 +02:00 [INF] Built VBO for map 27c6a7b2-4e9f-4316-9a0f-e13ec8e16ba2 'Forest' in 28.1852ms
2026-06-09 19:20:16.557 +02:00 [INF] Built VBO for map 15601ad4-9f26-4abe-a6c9-3a7eebaa3045 'Forest' in 1.4874ms
2026-06-09 19:20:16.786 +02:00 [INF] Built VBO for map a31f210c-f5fb-48bf-9db2-45fab2293a4c 'Forest' in 4.8375ms
2026-06-09 19:20:17.010 +02:00 [INF] Built VBO for map e341d25d-5ff4-4cd6-bcd5-2f2cda710c86 'town' in 1.691ms
2026-06-09 19:20:27.834 +02:00 [INF] Built VBO for map 9802b09c-f592-4d93-8e11-d3424500716c 'Forest' in 3.0828ms
2026-06-09 19:20:27.860 +02:00 [INF] Built VBO for map 27c6a7b2-4e9f-4316-9a0f-e13ec8e16ba2 'Forest' in 25.9611ms
2026-06-09 19:20:27.928 +02:00 [INF] Built VBO for map 15601ad4-9f26-4abe-a6c9-3a7eebaa3045 'Forest' in 1.4532ms
2026-06-09 19:20:27.999 +02:00 [INF] Built VBO for map a31f210c-f5fb-48bf-9db2-45fab2293a4c 'Forest' in 5.227ms
2026-06-09 19:20:28.069 +02:00 [INF] Built VBO for map e341d25d-5ff4-4cd6-bcd5-2f2cda710c86 'town' in 1.6384ms
2026-06-09 19:20:43.303 +02:00 [INF] Built VBO for map 9802b09c-f592-4d93-8e11-d3424500716c 'Forest' in 2.8271ms
2026-06-09 19:20:43.335 +02:00 [INF] Built VBO for map 27c6a7b2-4e9f-4316-9a0f-e13ec8e16ba2 'Forest' in 31.503ms
2026-06-09 19:20:43.411 +02:00 [INF] Built VBO for map 15601ad4-9f26-4abe-a6c9-3a7eebaa3045 'Forest' in 1.3992ms
2026-06-09 19:20:43.484 +02:00 [INF] Built VBO for map a31f210c-f5fb-48bf-9db2-45fab2293a4c 'Forest' in 4.9251ms
2026-06-09 19:20:43.552 +02:00 [INF] Built VBO for map e341d25d-5ff4-4cd6-bcd5-2f2cda710c86 'town' in 1.505ms
2026-06-09 19:21:01.109 +02:00 [INF] Built VBO for map e341d25d-5ff4-4cd6-bcd5-2f2cda710c86 'town' in 2.4854ms
2026-06-09 19:21:01.360 +02:00 [INF] Built VBO for map 27c6a7b2-4e9f-4316-9a0f-e13ec8e16ba2 'Forest' in 8.7397ms
2026-06-09 19:21:11.987 +02:00 [INF] Built VBO for map 27c6a7b2-4e9f-4316-9a0f-e13ec8e16ba2 'Forest' in 11.4084ms
2026-06-09 19:23:03.902 +02:00 [INF] System window closing (due to user interaction most likely).
2026-06-09 19:23:03.906 +02:00 [INF] Disconnected [b085abab-14d0-4382-8306-b1807d2a9b3c].
2026-06-09 19:23:03.907 +02:00 [INF] Updating active permission set to 'default'
2026-06-09 19:23:03.947 +02:00 [INF] Acquiring context lock... (0ms)
2026-06-09 19:23:03.947 +02:00 [INF] Acquired. (0ms)
2026-06-09 19:23:03.948 +02:00 [INF] Beginning context dispose. (0ms)
2026-06-09 19:23:03.948 +02:00 [INF] GC.SuppressFinalize (0ms)
2026-06-09 19:23:03.948 +02:00 [INF] InternalDispose() completed. (0ms)
2026-06-09 19:23:03.949 +02:00 [INF] Clearing instance... (1ms)
2026-06-09 19:23:03.949 +02:00 [INF] Releasing context lock... (1ms)
2026-06-09 19:23:03.949 +02:00 [INF] Released. (1ms)
