2026-04-28 17:03:39.965 +06:00 [INF] Starting Intersect Client v0.8.0.0-custom+32d39132dace1351f63375b261f241297dd35be8-dirty
2026-04-28 17:03:40.159 +06:00 [INF] Discovered service type: Intersect.Plugins.PluginService
2026-04-28 17:03:40.162 +06:00 [WRN] Directory was specified as a plugin directory but does not exist: 'resources\plugins'
2026-04-28 17:03:40.163 +06:00 [INF] Discovered 0 plugins:

2026-04-28 17:03:42.271 +06:00 [INF] Connecting to 127.0.0.1:5400...
2026-04-28 17:03:42.292 +06:00 [INF] Connected [d03778a4-4ed5-4552-843e-99acb98927cb].
2026-04-28 17:03:42.314 +06:00 [INF] Connection approved [d03778a4-4ed5-4552-843e-99acb98927cb].
2026-04-28 17:03:42.396 +06:00 [INF] Updated PermissionSet 'default'
2026-04-28 17:03:47.167 +06:00 [INF] Updated PermissionSet 'admin'
2026-04-28 17:03:47.167 +06:00 [INF] Updating active permission set to 'admin'
2026-04-28 17:03:47.320 +06:00 [WRN] Unable to add '_buttonLogout' to the JSON of MainMenu.SelectCharacterWindow._innerPanel._buttonsPanel because a sibling shares the same name
2026-04-28 17:03:47.941 +06:00 [WRN] 'Me' is null.
2026-04-28 17:03:48.654 +06:00 [INF] Built VBO for map 27c6a7b2-4e9f-4316-9a0f-e13ec8e16ba2 'Forest' in 9.5286ms
2026-04-28 17:03:48.677 +06:00 [INF] Built VBO for map c15f8299-8999-471f-9760-388ff4cdec7c 'Forest' in 7.7555ms
2026-04-28 17:06:19.076 +06:00 [INF] System window closing (due to user interaction most likely).
2026-04-28 17:06:19.080 +06:00 [INF] Disconnected [d03778a4-4ed5-4552-843e-99acb98927cb].
2026-04-28 17:06:19.081 +06:00 [INF] Updating active permission set to 'default'
2026-04-28 17:06:19.110 +06:00 [INF] Acquiring context lock... (0ms)
2026-04-28 17:06:19.110 +06:00 [INF] Acquired. (0ms)
2026-04-28 17:06:19.111 +06:00 [INF] Beginning context dispose. (0ms)
2026-04-28 17:06:19.112 +06:00 [INF] GC.SuppressFinalize (0ms)
2026-04-28 17:06:19.112 +06:00 [INF] InternalDispose() completed. (0ms)
2026-04-28 17:06:19.112 +06:00 [INF] Clearing instance... (1ms)
2026-04-28 17:06:19.112 +06:00 [INF] Releasing context lock... (1ms)
2026-04-28 17:06:19.112 +06:00 [INF] Released. (1ms)
