2026-06-25 16:30:23.949 +02:00 [INF] Starting Intersect Client v0.8.0.0-custom+32d39132dace1351f63375b261f241297dd35be8-dirty
2026-06-25 16:30:24.166 +02:00 [INF] Discovered service type: Intersect.Plugins.PluginService
2026-06-25 16:30:24.168 +02:00 [WRN] Directory was specified as a plugin directory but does not exist: 'resources\plugins'
2026-06-25 16:30:24.169 +02:00 [INF] Discovered 0 plugins:

2026-06-25 16:30:30.752 +02:00 [INF] Connecting to 127.0.0.1:5400...
2026-06-25 16:30:30.773 +02:00 [INF] Connected [c523597b-9c6b-45d2-87b4-584059b6e66c].
2026-06-25 16:30:30.793 +02:00 [INF] Connection approved [c523597b-9c6b-45d2-87b4-584059b6e66c].
2026-06-25 16:30:30.896 +02:00 [INF] Updated PermissionSet 'default'
2026-06-25 16:30:35.085 +02:00 [INF] Updated PermissionSet 'admin'
2026-06-25 16:30:35.085 +02:00 [INF] Updating active permission set to 'admin'
2026-06-25 16:30:43.661 +02:00 [WRN] 'Me' is null.
2026-06-25 16:30:44.466 +02:00 [ERR] Exception thrown while trying to load 'resources/tilesets/water_shore_marker.png'
System.IO.FileNotFoundException: Could not find file 'F:\game code engine\Intersect_New\Intersect.Client\resources\tilesets\water_shore_marker.png'.
File name: 'F:\game code engine\Intersect_New\Intersect.Client\resources\tilesets\water_shore_marker.png'
   at Microsoft.Win32.SafeHandles.SafeFileHandle.CreateFile(String fullPath, FileMode mode, FileAccess access, FileShare share, FileOptions options)
   at Microsoft.Win32.SafeHandles.SafeFileHandle.Open(String fullPath, FileMode mode, FileAccess access, FileShare share, FileOptions options, Int64 preallocationSize, Nullable`1 unixCreateMode)
   at System.IO.Strategies.OSFileStreamStrategy..ctor(String path, FileMode mode, FileAccess access, FileShare share, FileOptions options, Int64 preallocationSize, Nullable`1 unixCreateMode)
   at System.IO.Strategies.FileStreamHelpers.ChooseStrategyCore(String path, FileMode mode, FileAccess access, FileShare share, FileOptions options, Int64 preallocationSize, Nullable`1 unixCreateMode)
   at System.IO.File.OpenRead(String path)
   at Intersect.Client.Framework.Graphics.GameRenderer.<>c__DisplayClass181_0.<LoadTexture>b__0() in F:\game code engine\Intersect_New\Intersect.Client.Framework\Graphics\GameRenderer.cs:line 1011
   at Intersect.Client.Framework.Graphics.GameTexture`2.LoadPlatformTexture(Boolean force) in F:\game code engine\Intersect_New\Intersect.Client.Framework\Graphics\GameTexture.cs:line 279
2026-06-25 16:30:44.479 +02:00 [INF] Built VBO for map 9802b09c-f592-4d93-8e11-d3424500716c 'Forest' in 49.8796ms
2026-06-25 16:30:44.489 +02:00 [INF] Built VBO for map 15601ad4-9f26-4abe-a6c9-3a7eebaa3045 'Forest' in 9.1098ms
2026-06-25 16:30:44.619 +02:00 [INF] Built VBO for map a31f210c-f5fb-48bf-9db2-45fab2293a4c 'Forest' in 126.435ms
2026-06-25 16:30:44.935 +02:00 [INF] Built VBO for map 27c6a7b2-4e9f-4316-9a0f-e13ec8e16ba2 'Forest' in 314.3682ms
2026-06-25 16:30:44.947 +02:00 [INF] Built VBO for map e341d25d-5ff4-4cd6-bcd5-2f2cda710c86 'town' in 7.748ms
2026-06-25 16:35:28.357 +02:00 [INF] System window closing (due to user interaction most likely).
2026-06-25 16:35:28.360 +02:00 [INF] Disconnected [c523597b-9c6b-45d2-87b4-584059b6e66c].
2026-06-25 16:35:28.360 +02:00 [INF] Updating active permission set to 'default'
2026-06-25 16:35:28.400 +02:00 [INF] Acquiring context lock... (0ms)
2026-06-25 16:35:28.400 +02:00 [INF] Acquired. (0ms)
2026-06-25 16:35:28.401 +02:00 [INF] Beginning context dispose. (0ms)
2026-06-25 16:35:28.401 +02:00 [INF] GC.SuppressFinalize (0ms)
2026-06-25 16:35:28.401 +02:00 [INF] InternalDispose() completed. (0ms)
2026-06-25 16:35:28.401 +02:00 [INF] Clearing instance... (1ms)
2026-06-25 16:35:28.401 +02:00 [INF] Releasing context lock... (1ms)
2026-06-25 16:35:28.401 +02:00 [INF] Released. (1ms)
