2026-05-18 14:17:11.294 +02:00 [INF] Starting Intersect Client v0.8.0.0-custom+32d39132dace1351f63375b261f241297dd35be8-dirty
2026-05-18 14:17:11.499 +02:00 [INF] Discovered service type: Intersect.Plugins.PluginService
2026-05-18 14:17:11.503 +02:00 [WRN] Directory was specified as a plugin directory but does not exist: 'resources\plugins'
2026-05-18 14:17:11.504 +02:00 [INF] Discovered 0 plugins:

2026-05-18 14:17:14.688 +02:00 [INF] Connecting to 127.0.0.1:5400...
2026-05-18 14:17:14.697 +02:00 [INF] Connected [62e54ea0-a93e-4f2d-8b3e-bc2c5e8046fe].
2026-05-18 14:17:14.701 +02:00 [INF] Connection approved [62e54ea0-a93e-4f2d-8b3e-bc2c5e8046fe].
2026-05-18 14:17:14.796 +02:00 [INF] Updated PermissionSet 'default'
2026-05-18 14:17:14.796 +02:00 [INF] Updated PermissionSet 'admin'
2026-05-18 14:17:20.028 +02:00 [INF] Updating active permission set to 'admin'
2026-05-18 14:17:20.668 +02:00 [WRN] 'Me' is null.
2026-05-18 14:17:21.463 +02:00 [INF] Built VBO for map a31f210c-f5fb-48bf-9db2-45fab2293a4c 'Forest' in 51.317ms
2026-05-18 14:18:03.469 +02:00 [INF] Built VBO for map 27c6a7b2-4e9f-4316-9a0f-e13ec8e16ba2 'Forest' in 90.324ms
2026-05-18 14:18:24.614 +02:00 [INF] Built VBO for map a31f210c-f5fb-48bf-9db2-45fab2293a4c 'Forest' in 23.0334ms
2026-05-18 14:18:24.639 +02:00 [INF] Built VBO for map 27c6a7b2-4e9f-4316-9a0f-e13ec8e16ba2 'Forest' in 6.4256ms
2026-05-18 14:18:31.484 +02:00 [INF] Built VBO for map a31f210c-f5fb-48bf-9db2-45fab2293a4c 'Forest' in 21.7178ms
2026-05-18 14:18:31.510 +02:00 [INF] Built VBO for map 27c6a7b2-4e9f-4316-9a0f-e13ec8e16ba2 'Forest' in 6.9789ms
2026-05-18 14:18:46.505 +02:00 [INF] Built VBO for map a31f210c-f5fb-48bf-9db2-45fab2293a4c 'Forest' in 23.1239ms
2026-05-18 14:18:46.529 +02:00 [INF] Built VBO for map 27c6a7b2-4e9f-4316-9a0f-e13ec8e16ba2 'Forest' in 6.1903ms
2026-05-18 14:19:05.318 +02:00 [INF] System window closing (due to user interaction most likely).
2026-05-18 14:19:05.321 +02:00 [INF] Disconnected [62e54ea0-a93e-4f2d-8b3e-bc2c5e8046fe].
2026-05-18 14:19:05.321 +02:00 [INF] Updating active permission set to 'default'
2026-05-18 14:19:05.360 +02:00 [INF] Acquiring context lock... (0ms)
2026-05-18 14:19:05.360 +02:00 [INF] Acquired. (0ms)
2026-05-18 14:19:05.361 +02:00 [INF] Beginning context dispose. (0ms)
2026-05-18 14:19:05.361 +02:00 [INF] GC.SuppressFinalize (0ms)
2026-05-18 14:19:05.361 +02:00 [INF] InternalDispose() completed. (0ms)
2026-05-18 14:19:05.361 +02:00 [INF] Clearing instance... (1ms)
2026-05-18 14:19:05.361 +02:00 [INF] Releasing context lock... (1ms)
2026-05-18 14:19:05.361 +02:00 [INF] Released. (1ms)
