2026-04-05 16:23:28.758 +06:00 [INF] Starting Intersect Client v0.8.0.0-custom+32d39132dace1351f63375b261f241297dd35be8-dirty
2026-04-05 16:23:29.111 +06:00 [INF] Discovered service type: Intersect.Plugins.PluginService
2026-04-05 16:23:29.118 +06:00 [WRN] Directory was specified as a plugin directory but does not exist: 'resources\plugins'
2026-04-05 16:23:29.119 +06:00 [INF] Discovered 0 plugins:

2026-04-05 16:23:31.350 +06:00 [INF] Connecting to 127.0.0.1:5400...
2026-04-05 16:23:31.375 +06:00 [INF] Connected [11037f2a-d49d-4315-9ec7-3ff6f9c480e7].
2026-04-05 16:23:31.398 +06:00 [INF] Connection approved [11037f2a-d49d-4315-9ec7-3ff6f9c480e7].
2026-04-05 16:23:31.483 +06:00 [INF] Updated PermissionSet 'default'
2026-04-05 16:23:32.528 +06:00 [INF] Updated PermissionSet 'admin'
2026-04-05 16:23:32.528 +06:00 [INF] Updating active permission set to 'admin'
2026-04-05 16:23:32.676 +06:00 [WRN] Unable to add '_buttonLogout' to the JSON of MainMenu.SelectCharacterWindow._innerPanel._buttonsPanel because a sibling shares the same name
2026-04-05 16:23:33.984 +06:00 [WRN] 'Me' is null.
2026-04-05 16:23:34.493 +06:00 [INF] Built VBO for map 73ba8458-f8de-4f78-a254-c91b18418ed0 'forest' in 13.2642ms
2026-04-05 16:23:34.506 +06:00 [INF] Built VBO for map 27c6a7b2-4e9f-4316-9a0f-e13ec8e16ba2 'New Map' in 7.873ms
2026-04-05 16:23:39.284 +06:00 [INF] Built VBO for map 850ddb26-5568-4376-b8e0-346c04cb81ef 'forest' in 5.9673ms
2026-04-05 16:24:00.168 +06:00 [INF] Music volume set to 10 from InGame..SettingsWindow._innerPanel._tabs._innerPanel._audioSettingsTab._scrollPanel._musicSlider._slider
2026-04-05 16:24:00.169 +06:00 [INF] Sound volume set to 15 from InGame..SettingsWindow._innerPanel._tabs._innerPanel._audioSettingsTab._scrollPanel._soundEffectsSlider._slider
2026-04-05 16:31:58.797 +06:00 [INF] System window closing (due to user interaction most likely).
2026-04-05 16:31:58.801 +06:00 [INF] Disconnected [11037f2a-d49d-4315-9ec7-3ff6f9c480e7].
2026-04-05 16:31:58.801 +06:00 [INF] Updating active permission set to 'default'
2026-04-05 16:31:58.886 +06:00 [INF] Acquiring context lock... (0ms)
2026-04-05 16:31:58.886 +06:00 [INF] Acquired. (0ms)
2026-04-05 16:31:58.887 +06:00 [INF] Beginning context dispose. (0ms)
2026-04-05 16:31:58.887 +06:00 [INF] GC.SuppressFinalize (0ms)
2026-04-05 16:31:58.887 +06:00 [INF] InternalDispose() completed. (0ms)
2026-04-05 16:31:58.887 +06:00 [INF] Clearing instance... (1ms)
2026-04-05 16:31:58.887 +06:00 [INF] Releasing context lock... (1ms)
2026-04-05 16:31:58.887 +06:00 [INF] Released. (1ms)
