2026-05-25 13:33:31.229 +02:00 [INF] Starting Intersect Client v0.8.0.0-custom+32d39132dace1351f63375b261f241297dd35be8-dirty
2026-05-25 13:33:31.444 +02:00 [INF] Discovered service type: Intersect.Plugins.PluginService
2026-05-25 13:33:31.448 +02:00 [WRN] Directory was specified as a plugin directory but does not exist: 'resources\plugins'
2026-05-25 13:33:31.449 +02:00 [INF] Discovered 0 plugins:

2026-05-25 13:33:34.959 +02:00 [INF] Connecting to 127.0.0.1:5400...
2026-05-25 13:33:34.969 +02:00 [INF] Connected [fe5292fe-099d-4dd4-a648-49c8f3e19afc].
2026-05-25 13:33:34.976 +02:00 [INF] Connection approved [fe5292fe-099d-4dd4-a648-49c8f3e19afc].
2026-05-25 13:33:35.051 +02:00 [INF] Updated PermissionSet 'default'
2026-05-25 13:33:35.052 +02:00 [INF] Updated PermissionSet 'admin'
2026-05-25 13:33:40.120 +02:00 [INF] Updating active permission set to 'admin'
2026-05-25 13:33:40.829 +02:00 [WRN] 'Me' is null.
2026-05-25 13:33:41.554 +02:00 [INF] Built VBO for map d5c08240-0436-454a-8993-362abf5bc477 'New Map' in 17.2785ms
2026-05-25 13:33:58.820 +02:00 [INF] Built VBO for map d5c08240-0436-454a-8993-362abf5bc477 'New Map' in 1.0827ms
2026-05-25 13:34:17.960 +02:00 [INF] Built VBO for map d5c08240-0436-454a-8993-362abf5bc477 'New Map' in 1.2188ms
2026-05-25 13:37:26.942 +02:00 [INF] System window closing (due to user interaction most likely).
2026-05-25 13:37:26.945 +02:00 [INF] Disconnected [fe5292fe-099d-4dd4-a648-49c8f3e19afc].
2026-05-25 13:37:26.946 +02:00 [INF] Updating active permission set to 'default'
2026-05-25 13:37:26.973 +02:00 [INF] Acquiring context lock... (0ms)
2026-05-25 13:37:26.973 +02:00 [INF] Acquired. (0ms)
2026-05-25 13:37:26.974 +02:00 [INF] Beginning context dispose. (0ms)
2026-05-25 13:37:26.975 +02:00 [INF] GC.SuppressFinalize (0ms)
2026-05-25 13:37:26.975 +02:00 [INF] InternalDispose() completed. (0ms)
2026-05-25 13:37:26.975 +02:00 [INF] Clearing instance... (1ms)
2026-05-25 13:37:26.975 +02:00 [INF] Releasing context lock... (1ms)
2026-05-25 13:37:26.975 +02:00 [INF] Released. (1ms)
