2026-06-19 21:06:27.410 +02:00 [INF] Starting Intersect Client v0.8.0.0-custom+32d39132dace1351f63375b261f241297dd35be8-dirty
2026-06-19 21:06:27.643 +02:00 [INF] Discovered service type: Intersect.Plugins.PluginService
2026-06-19 21:06:27.646 +02:00 [WRN] Directory was specified as a plugin directory but does not exist: 'resources\plugins'
2026-06-19 21:06:27.647 +02:00 [INF] Discovered 0 plugins:

2026-06-19 21:06:30.058 +02:00 [INF] Connecting to 127.0.0.1:5400...
2026-06-19 21:06:30.081 +02:00 [INF] Connected [a6320497-641b-4581-917c-a809513bd5d9].
2026-06-19 21:06:30.104 +02:00 [INF] Connection approved [a6320497-641b-4581-917c-a809513bd5d9].
2026-06-19 21:06:30.221 +02:00 [INF] Updated PermissionSet 'default'
2026-06-19 21:06:34.396 +02:00 [INF] Updated PermissionSet 'admin'
2026-06-19 21:06:34.397 +02:00 [INF] Updating active permission set to 'admin'
2026-06-19 21:06:35.220 +02:00 [WRN] 'Me' is null.
2026-06-19 21:06:36.058 +02:00 [INF] Built VBO for map 9802b09c-f592-4d93-8e11-d3424500716c 'Forest' in 43.0682ms
2026-06-19 21:06:36.063 +02:00 [INF] Built VBO for map 15601ad4-9f26-4abe-a6c9-3a7eebaa3045 'Forest' in 3.7718ms
2026-06-19 21:06:36.108 +02:00 [ERR] Exception thrown while trying to load 'resources/tilesets/water_shore_marker.png'
System.IO.FileNotFoundException: Could not find file 'F:\game code engine\Intersect_New\Intersect.Client\resources\tilesets\water_shore_marker.png'.
File name: 'F:\game code engine\Intersect_New\Intersect.Client\resources\tilesets\water_shore_marker.png'
   at Microsoft.Win32.SafeHandles.SafeFileHandle.CreateFile(String fullPath, FileMode mode, FileAccess access, FileShare share, FileOptions options)
   at Microsoft.Win32.SafeHandles.SafeFileHandle.Open(String fullPath, FileMode mode, FileAccess access, FileShare share, FileOptions options, Int64 preallocationSize, Nullable`1 unixCreateMode)
   at System.IO.Strategies.OSFileStreamStrategy..ctor(String path, FileMode mode, FileAccess access, FileShare share, FileOptions options, Int64 preallocationSize, Nullable`1 unixCreateMode)
   at System.IO.Strategies.FileStreamHelpers.ChooseStrategyCore(String path, FileMode mode, FileAccess access, FileShare share, FileOptions options, Int64 preallocationSize, Nullable`1 unixCreateMode)
   at System.IO.File.OpenRead(String path)
   at Intersect.Client.Framework.Graphics.GameRenderer.<>c__DisplayClass181_0.<LoadTexture>b__0() in F:\game code engine\Intersect_New\Intersect.Client.Framework\Graphics\GameRenderer.cs:line 1011
   at Intersect.Client.Framework.Graphics.GameTexture`2.LoadPlatformTexture(Boolean force) in F:\game code engine\Intersect_New\Intersect.Client.Framework\Graphics\GameTexture.cs:line 279
2026-06-19 21:06:36.110 +02:00 [INF] Built VBO for map a31f210c-f5fb-48bf-9db2-45fab2293a4c 'Forest' in 43.5827ms
2026-06-19 21:06:36.164 +02:00 [INF] Built VBO for map 27c6a7b2-4e9f-4316-9a0f-e13ec8e16ba2 'Forest' in 53.231ms
2026-06-19 21:06:36.167 +02:00 [INF] Built VBO for map e341d25d-5ff4-4cd6-bcd5-2f2cda710c86 'town' in 1.6587ms
2026-06-19 21:06:36.476 +02:00 [INF] Built VBO for map 27c6a7b2-4e9f-4316-9a0f-e13ec8e16ba2 'Forest' in 22.1374ms
2026-06-19 21:06:48.862 +02:00 [INF] Built VBO for map e341d25d-5ff4-4cd6-bcd5-2f2cda710c86 'town' in 2.0621ms
2026-06-19 21:08:33.941 +02:00 [INF] Built VBO for map e341d25d-5ff4-4cd6-bcd5-2f2cda710c86 'town' in 2.7391ms
2026-06-19 21:09:23.730 +02:00 [INF] Built VBO for map 27c6a7b2-4e9f-4316-9a0f-e13ec8e16ba2 'Forest' in 7.7823ms
2026-06-19 21:09:24.602 +02:00 [INF] Built VBO for map e341d25d-5ff4-4cd6-bcd5-2f2cda710c86 'town' in 2.8222ms
2026-06-19 21:09:26.152 +02:00 [INF] Built VBO for map 15601ad4-9f26-4abe-a6c9-3a7eebaa3045 'Forest' in 0.4796ms
2026-06-19 21:10:25.558 +02:00 [INF] Built VBO for map 27c6a7b2-4e9f-4316-9a0f-e13ec8e16ba2 'Forest' in 11.8125ms
2026-06-19 21:11:58.059 +02:00 [INF] Built VBO for map 27c6a7b2-4e9f-4316-9a0f-e13ec8e16ba2 'Forest' in 14.0033ms
2026-06-19 21:12:07.851 +02:00 [INF] Built VBO for map a31f210c-f5fb-48bf-9db2-45fab2293a4c 'Forest' in 11.4835ms
2026-06-19 21:12:41.718 +02:00 [INF] Built VBO for map a31f210c-f5fb-48bf-9db2-45fab2293a4c 'Forest' in 19.5998ms
2026-06-19 21:13:05.796 +02:00 [INF] Built VBO for map 27c6a7b2-4e9f-4316-9a0f-e13ec8e16ba2 'Forest' in 6.7083ms
2026-06-19 21:13:12.956 +02:00 [INF] Built VBO for map e341d25d-5ff4-4cd6-bcd5-2f2cda710c86 'town' in 4.0194ms
2026-06-19 21:13:14.801 +02:00 [INF] System window closing (due to user interaction most likely).
2026-06-19 21:13:14.804 +02:00 [INF] Disconnected [a6320497-641b-4581-917c-a809513bd5d9].
2026-06-19 21:13:14.805 +02:00 [INF] Updating active permission set to 'default'
2026-06-19 21:13:14.840 +02:00 [INF] Acquiring context lock... (0ms)
2026-06-19 21:13:14.840 +02:00 [INF] Acquired. (0ms)
2026-06-19 21:13:14.841 +02:00 [INF] Beginning context dispose. (0ms)
2026-06-19 21:13:14.842 +02:00 [INF] GC.SuppressFinalize (0ms)
2026-06-19 21:13:14.842 +02:00 [INF] InternalDispose() completed. (0ms)
2026-06-19 21:13:14.842 +02:00 [INF] Clearing instance... (2ms)
2026-06-19 21:13:14.842 +02:00 [INF] Releasing context lock... (2ms)
2026-06-19 21:13:14.842 +02:00 [INF] Released. (2ms)
