2026-05-30 00:31:55.816 +02:00 [INF] Starting Intersect Client v0.8.0.0-custom+32d39132dace1351f63375b261f241297dd35be8-dirty
2026-05-30 00:31:56.024 +02:00 [INF] Discovered service type: Intersect.Plugins.PluginService
2026-05-30 00:31:56.027 +02:00 [WRN] Directory was specified as a plugin directory but does not exist: 'resources\plugins'
2026-05-30 00:31:56.028 +02:00 [INF] Discovered 0 plugins:

2026-05-30 00:31:58.333 +02:00 [INF] Connecting to 127.0.0.1:5400...
2026-05-30 00:31:58.342 +02:00 [INF] Connected [62d17716-fe8d-4c0c-b0b5-35f2604d0988].
2026-05-30 00:31:58.351 +02:00 [INF] Connection approved [62d17716-fe8d-4c0c-b0b5-35f2604d0988].
2026-05-30 00:31:58.434 +02:00 [INF] Updated PermissionSet 'default'
2026-05-30 00:31:58.434 +02:00 [INF] Updated PermissionSet 'admin'
2026-05-30 00:32:09.696 +02:00 [INF] Updating active permission set to 'admin'
2026-05-30 00:32:10.253 +02:00 [WRN] 'Me' is null.
2026-05-30 00:32:10.786 +02:00 [INF] Built VBO for map d5c08240-0436-454a-8993-362abf5bc477 'New Map' in 15.8459ms
2026-05-30 00:32:10.815 +02:00 [INF] Window light shader 'Intersect.Client.Resources.Shaders.windowlight.mgfxo' loaded successfully with 11 parameters
2026-05-30 00:32:26.305 +02:00 [INF] System window closing (due to user interaction most likely).
2026-05-30 00:32:26.308 +02:00 [INF] Disconnected [62d17716-fe8d-4c0c-b0b5-35f2604d0988].
2026-05-30 00:32:26.308 +02:00 [INF] Updating active permission set to 'default'
2026-05-30 00:32:26.353 +02:00 [INF] Acquiring context lock... (0ms)
2026-05-30 00:32:26.353 +02:00 [INF] Acquired. (0ms)
2026-05-30 00:32:26.353 +02:00 [INF] Beginning context dispose. (0ms)
2026-05-30 00:32:26.354 +02:00 [INF] GC.SuppressFinalize (0ms)
2026-05-30 00:32:26.354 +02:00 [INF] InternalDispose() completed. (0ms)
2026-05-30 00:32:26.354 +02:00 [INF] Clearing instance... (1ms)
2026-05-30 00:32:26.354 +02:00 [INF] Releasing context lock... (1ms)
2026-05-30 00:32:26.354 +02:00 [INF] Released. (1ms)
