2026-05-17 17:42:14.239 +02:00 [INF] Starting Intersect Client v0.8.0.0-custom+32d39132dace1351f63375b261f241297dd35be8-dirty
2026-05-17 17:42:14.451 +02:00 [INF] Discovered service type: Intersect.Plugins.PluginService
2026-05-17 17:42:14.454 +02:00 [WRN] Directory was specified as a plugin directory but does not exist: 'resources\plugins'
2026-05-17 17:42:14.455 +02:00 [INF] Discovered 0 plugins:

2026-05-17 17:42:18.335 +02:00 [INF] Connecting to 127.0.0.1:5400...
2026-05-17 17:42:18.344 +02:00 [INF] Connected [2d9ff811-58a9-4a15-bcbd-0064275dd998].
2026-05-17 17:42:18.371 +02:00 [INF] Connection approved [2d9ff811-58a9-4a15-bcbd-0064275dd998].
2026-05-17 17:42:18.469 +02:00 [INF] Updated PermissionSet 'default'
2026-05-17 17:42:18.469 +02:00 [INF] Updated PermissionSet 'admin'
2026-05-17 17:42:22.439 +02:00 [INF] Updating active permission set to 'admin'
2026-05-17 17:42:23.098 +02:00 [WRN] 'Me' is null.
2026-05-17 17:42:23.874 +02:00 [INF] Built VBO for map 27c6a7b2-4e9f-4316-9a0f-e13ec8e16ba2 'Forest' in 27.0042ms
2026-05-17 17:42:25.175 +02:00 [INF] Built VBO for map e341d25d-5ff4-4cd6-bcd5-2f2cda710c86 'Forest' in 7.3277ms
2026-05-17 17:46:09.748 +02:00 [INF] System window closing (due to user interaction most likely).
2026-05-17 17:46:09.751 +02:00 [INF] Disconnected [2d9ff811-58a9-4a15-bcbd-0064275dd998].
2026-05-17 17:46:09.751 +02:00 [INF] Updating active permission set to 'default'
2026-05-17 17:46:09.801 +02:00 [INF] Acquiring context lock... (0ms)
2026-05-17 17:46:09.801 +02:00 [INF] Acquired. (0ms)
2026-05-17 17:46:09.802 +02:00 [INF] Beginning context dispose. (0ms)
2026-05-17 17:46:09.802 +02:00 [INF] GC.SuppressFinalize (0ms)
2026-05-17 17:46:09.802 +02:00 [INF] InternalDispose() completed. (0ms)
2026-05-17 17:46:09.802 +02:00 [INF] Clearing instance... (1ms)
2026-05-17 17:46:09.802 +02:00 [INF] Releasing context lock... (1ms)
2026-05-17 17:46:09.802 +02:00 [INF] Released. (1ms)
