2026-07-03 12:09:18.900 +02:00 [INF] Starting Intersect Client v0.8.0.0-custom+32d39132dace1351f63375b261f241297dd35be8-dirty
2026-07-03 12:09:19.129 +02:00 [INF] Discovered service type: Intersect.Plugins.PluginService
2026-07-03 12:09:19.134 +02:00 [WRN] Directory was specified as a plugin directory but does not exist: 'resources\plugins'
2026-07-03 12:09:19.134 +02:00 [INF] Discovered 0 plugins:

2026-07-03 12:09:21.276 +02:00 [INF] Connecting to 127.0.0.1:5400...
2026-07-03 12:09:21.285 +02:00 [INF] Connected [b225e719-9875-4719-9cb6-168bde4e717a].
2026-07-03 12:09:21.292 +02:00 [INF] Connection approved [b225e719-9875-4719-9cb6-168bde4e717a].
2026-07-03 12:09:21.384 +02:00 [INF] Updated PermissionSet 'default'
2026-07-03 12:09:21.384 +02:00 [INF] Updated PermissionSet 'admin'
2026-07-03 12:09:26.607 +02:00 [INF] Updating active permission set to 'admin'
2026-07-03 12:09:28.588 +02:00 [WRN] 'Me' is null.
2026-07-03 12:09:28.939 +02:00 [FTL] Game is crashing due to an exception
System.NullReferenceException: Object reference not set to an instance of an object.
   at Intersect.Client.Interface.Game.Spells.SpellsWindow.HideSideTabs() in F:\game code engine\Intersect_New\Intersect.Client.Core\Interface\Game\Spells\SpellsWindow.cs:line 524
   at Intersect.Client.Interface.Game.Spells.SpellsWindow.OnVisibilityChanged(Object sender, VisibilityChangedEventArgs eventArgs) in F:\game code engine\Intersect_New\Intersect.Client.Core\Interface\Game\Spells\SpellsWindow.cs:line 755
   at Intersect.Client.Framework.Gwen.Control.Base.SetVisible(Base this, Boolean value) in F:\game code engine\Intersect_New\Intersect.Client.Framework\Gwen\Control\Base.cs:line 921
   at Intersect.Framework.Threading.ActionQueue`2.Enqueue[TState0,TState1](Action`2 action, TState0 state0, TState1 state1) in F:\game code engine\Intersect_New\Framework\Intersect.Framework\Threading\ActionQueue.State`2.cs:line 9
   at Intersect.Client.Framework.Gwen.Control.Base.RunOnMainThread[TState0,TState1](Action`2 action, TState0 state0, TState1 state1) in F:\game code engine\Intersect_New\Intersect.Client.Framework\Gwen\Control\Base.Threading.cs:line 81
   at Intersect.Client.Framework.Gwen.Control.Base.set_IsVisibleInTree(Boolean value) in F:\game code engine\Intersect_New\Intersect.Client.Framework\Gwen\Control\Base.cs:line 1189
   at Intersect.Client.Interface.Game.Spells.SpellsWindow..ctor(Canvas gameCanvas) in F:\game code engine\Intersect_New\Intersect.Client.Core\Interface\Game\Spells\SpellsWindow.cs:line 283
   at Intersect.Client.Interface.Game.MenuContainer..ctor(Canvas gameCanvas) in F:\game code engine\Intersect_New\Intersect.Client.Core\Interface\Game\MenuContainer.cs:line 240
   at Intersect.Client.Interface.Game.GameInterface.InitGameGui() in F:\game code engine\Intersect_New\Intersect.Client.Core\Interface\Game\GameInterface.cs:line 165
   at Intersect.Client.Interface.Game.GameInterface..ctor(Canvas canvas) in F:\game code engine\Intersect_New\Intersect.Client.Core\Interface\Game\GameInterface.cs:line 127
   at Intersect.Client.Interface.Interface.InitGwen() in F:\game code engine\Intersect_New\Intersect.Client.Core\Interface\Interface.cs:line 252
   at Intersect.Client.Interface.Interface.DrawGui(TimeSpan elapsed, TimeSpan total) in F:\game code engine\Intersect_New\Intersect.Client.Core\Interface\Interface.cs:line 333
   at Intersect.Client.Core.Graphics.Render(TimeSpan deltaTime, TimeSpan totalTime) in F:\game code engine\Intersect_New\Intersect.Client.Core\Core\Graphics.cs:line 1005
   at Intersect.Client.MonoGame.IntersectGame.Draw(GameTime gameTime) in F:\game code engine\Intersect_New\Intersect.Client.Core\MonoGame\IntersectGame.cs:line 332
   at Microsoft.Xna.Framework.Game.Tick()
   at Microsoft.Xna.Framework.SdlGamePlatform.RunLoop()
   at Microsoft.Xna.Framework.Game.Run(GameRunBehavior runBehavior)
   at Microsoft.Xna.Framework.Game.Run()
   at Intersect.Client.MonoGame.IntersectGame.MonoGameRunner.Start(IClientContext context, Action postStartupAction) in F:\game code engine\Intersect_New\Intersect.Client.Core\MonoGame\IntersectGame.cs:line 627
2026-07-03 12:09:28.976 +02:00 [INF] Acquiring context lock... (0ms)
2026-07-03 12:09:28.976 +02:00 [INF] Acquired. (0ms)
2026-07-03 12:09:28.976 +02:00 [INF] Beginning context dispose. (0ms)
2026-07-03 12:09:28.977 +02:00 [INF] GC.SuppressFinalize (0ms)
2026-07-03 12:09:28.977 +02:00 [INF] InternalDispose() completed. (0ms)
2026-07-03 12:09:28.977 +02:00 [INF] Clearing instance... (1ms)
2026-07-03 12:09:28.977 +02:00 [INF] Releasing context lock... (1ms)
2026-07-03 12:09:28.977 +02:00 [INF] Released. (1ms)
2026-07-03 12:09:28.977 +02:00 [ERR] Failed to start application context
System.NullReferenceException: Object reference not set to an instance of an object.
   at Intersect.Client.Interface.Game.Spells.SpellsWindow.HideSideTabs() in F:\game code engine\Intersect_New\Intersect.Client.Core\Interface\Game\Spells\SpellsWindow.cs:line 524
   at Intersect.Client.Interface.Game.Spells.SpellsWindow.OnVisibilityChanged(Object sender, VisibilityChangedEventArgs eventArgs) in F:\game code engine\Intersect_New\Intersect.Client.Core\Interface\Game\Spells\SpellsWindow.cs:line 755
   at Intersect.Client.Framework.Gwen.Control.Base.SetVisible(Base this, Boolean value) in F:\game code engine\Intersect_New\Intersect.Client.Framework\Gwen\Control\Base.cs:line 921
   at Intersect.Framework.Threading.ActionQueue`2.Enqueue[TState0,TState1](Action`2 action, TState0 state0, TState1 state1) in F:\game code engine\Intersect_New\Framework\Intersect.Framework\Threading\ActionQueue.State`2.cs:line 9
   at Intersect.Client.Framework.Gwen.Control.Base.RunOnMainThread[TState0,TState1](Action`2 action, TState0 state0, TState1 state1) in F:\game code engine\Intersect_New\Intersect.Client.Framework\Gwen\Control\Base.Threading.cs:line 81
   at Intersect.Client.Framework.Gwen.Control.Base.set_IsVisibleInTree(Boolean value) in F:\game code engine\Intersect_New\Intersect.Client.Framework\Gwen\Control\Base.cs:line 1189
   at Intersect.Client.Interface.Game.Spells.SpellsWindow..ctor(Canvas gameCanvas) in F:\game code engine\Intersect_New\Intersect.Client.Core\Interface\Game\Spells\SpellsWindow.cs:line 283
   at Intersect.Client.Interface.Game.MenuContainer..ctor(Canvas gameCanvas) in F:\game code engine\Intersect_New\Intersect.Client.Core\Interface\Game\MenuContainer.cs:line 240
   at Intersect.Client.Interface.Game.GameInterface.InitGameGui() in F:\game code engine\Intersect_New\Intersect.Client.Core\Interface\Game\GameInterface.cs:line 165
   at Intersect.Client.Interface.Game.GameInterface..ctor(Canvas canvas) in F:\game code engine\Intersect_New\Intersect.Client.Core\Interface\Game\GameInterface.cs:line 127
   at Intersect.Client.Interface.Interface.InitGwen() in F:\game code engine\Intersect_New\Intersect.Client.Core\Interface\Interface.cs:line 252
   at Intersect.Client.Interface.Interface.DrawGui(TimeSpan elapsed, TimeSpan total) in F:\game code engine\Intersect_New\Intersect.Client.Core\Interface\Interface.cs:line 333
   at Intersect.Client.Core.Graphics.Render(TimeSpan deltaTime, TimeSpan totalTime) in F:\game code engine\Intersect_New\Intersect.Client.Core\Core\Graphics.cs:line 1005
   at Intersect.Client.MonoGame.IntersectGame.Draw(GameTime gameTime) in F:\game code engine\Intersect_New\Intersect.Client.Core\MonoGame\IntersectGame.cs:line 332
   at Microsoft.Xna.Framework.Game.Tick()
   at Microsoft.Xna.Framework.SdlGamePlatform.RunLoop()
   at Microsoft.Xna.Framework.Game.Run(GameRunBehavior runBehavior)
   at Microsoft.Xna.Framework.Game.Run()
   at Intersect.Client.MonoGame.IntersectGame.MonoGameRunner.Start(IClientContext context, Action postStartupAction) in F:\game code engine\Intersect_New\Intersect.Client.Core\MonoGame\IntersectGame.cs:line 627
   at Intersect.Client.Core.ClientContext.InternalStart() in F:\game code engine\Intersect_New\Intersect.Client.Core\Core\ClientContext.cs:line 97
   at Intersect.Core.ApplicationContext`2.Start(Boolean lockUntilShutdown) in F:\game code engine\Intersect_New\Intersect (Core)\Core\ApplicationContext`2.cs:line 245
