2026-05-26 18:27:59.045 +02:00 [INF] Starting Intersect Client v0.8.0.0-custom+32d39132dace1351f63375b261f241297dd35be8-dirty
2026-05-26 18:27:59.250 +02:00 [INF] Discovered service type: Intersect.Plugins.PluginService
2026-05-26 18:27:59.254 +02:00 [WRN] Directory was specified as a plugin directory but does not exist: 'resources\plugins'
2026-05-26 18:27:59.254 +02:00 [INF] Discovered 0 plugins:

2026-05-26 18:28:01.453 +02:00 [INF] Connecting to 127.0.0.1:5400...
2026-05-26 18:28:01.471 +02:00 [INF] Connected [61e40268-d0c5-4693-b4ee-2c20ae1203f4].
2026-05-26 18:28:01.484 +02:00 [INF] Connection approved [61e40268-d0c5-4693-b4ee-2c20ae1203f4].
2026-05-26 18:28:01.588 +02:00 [INF] Updated PermissionSet 'default'
2026-05-26 18:28:06.183 +02:00 [INF] Updated PermissionSet 'admin'
2026-05-26 18:28:06.183 +02:00 [INF] Updating active permission set to 'admin'
2026-05-26 18:28:06.858 +02:00 [WRN] 'Me' is null.
2026-05-26 18:28:07.583 +02:00 [INF] Built VBO for map d5c08240-0436-454a-8993-362abf5bc477 'New Map' in 12.3461ms
2026-05-26 18:28:07.612 +02:00 [INF] Window light shader 'Intersect.Client.Resources.Shaders.windowlight.mgfxo' loaded successfully with 10 parameters
2026-05-26 18:28:19.058 +02:00 [INF] Built VBO for map 27c6a7b2-4e9f-4316-9a0f-e13ec8e16ba2 'Forest' in 109.4713ms
2026-05-26 18:28:22.436 +02:00 [INF] Built VBO for map e341d25d-5ff4-4cd6-bcd5-2f2cda710c86 'Forest' in 4.9989ms
2026-05-26 18:28:30.897 +02:00 [INF] System window closing (due to user interaction most likely).
2026-05-26 18:28:30.900 +02:00 [INF] Disconnected [61e40268-d0c5-4693-b4ee-2c20ae1203f4].
2026-05-26 18:28:30.901 +02:00 [INF] Updating active permission set to 'default'
2026-05-26 18:28:30.938 +02:00 [INF] Acquiring context lock... (0ms)
2026-05-26 18:28:30.938 +02:00 [INF] Acquired. (0ms)
2026-05-26 18:28:30.938 +02:00 [INF] Beginning context dispose. (0ms)
2026-05-26 18:28:30.939 +02:00 [INF] GC.SuppressFinalize (0ms)
2026-05-26 18:28:30.939 +02:00 [INF] InternalDispose() completed. (0ms)
2026-05-26 18:28:30.939 +02:00 [INF] Clearing instance... (1ms)
2026-05-26 18:28:30.939 +02:00 [INF] Releasing context lock... (1ms)
2026-05-26 18:28:30.939 +02:00 [INF] Released. (1ms)
