2026-05-18 04:40:02.677 +02:00 [INF] Starting Intersect Client v0.8.0.0-custom+32d39132dace1351f63375b261f241297dd35be8-dirty
2026-05-18 04:40:02.905 +02:00 [INF] Discovered service type: Intersect.Plugins.PluginService
2026-05-18 04:40:02.908 +02:00 [WRN] Directory was specified as a plugin directory but does not exist: 'resources\plugins'
2026-05-18 04:40:02.909 +02:00 [INF] Discovered 0 plugins:

2026-05-18 04:40:04.871 +02:00 [INF] Connecting to 127.0.0.1:5400...
2026-05-18 04:40:04.880 +02:00 [INF] Connected [777cce3d-8da6-4c2f-a6cd-0ba85ecf33b4].
2026-05-18 04:40:04.889 +02:00 [INF] Connection approved [777cce3d-8da6-4c2f-a6cd-0ba85ecf33b4].
2026-05-18 04:40:04.969 +02:00 [INF] Updated PermissionSet 'default'
2026-05-18 04:40:04.969 +02:00 [INF] Updated PermissionSet 'admin'
2026-05-18 04:40:08.784 +02:00 [INF] Updating active permission set to 'admin'
2026-05-18 04:40:09.290 +02:00 [WRN] 'Me' is null.
2026-05-18 04:40:09.992 +02:00 [INF] Built VBO for map e341d25d-5ff4-4cd6-bcd5-2f2cda710c86 'Forest' in 11.8814ms
2026-05-18 04:40:36.814 +02:00 [INF] System window closing (due to user interaction most likely).
2026-05-18 04:40:36.817 +02:00 [INF] Disconnected [777cce3d-8da6-4c2f-a6cd-0ba85ecf33b4].
2026-05-18 04:40:36.817 +02:00 [INF] Updating active permission set to 'default'
2026-05-18 04:40:36.849 +02:00 [INF] Acquiring context lock... (0ms)
2026-05-18 04:40:36.849 +02:00 [INF] Acquired. (0ms)
2026-05-18 04:40:36.850 +02:00 [INF] Beginning context dispose. (0ms)
2026-05-18 04:40:36.850 +02:00 [INF] GC.SuppressFinalize (0ms)
2026-05-18 04:40:36.850 +02:00 [INF] InternalDispose() completed. (0ms)
2026-05-18 04:40:36.850 +02:00 [INF] Clearing instance... (1ms)
2026-05-18 04:40:36.850 +02:00 [INF] Releasing context lock... (1ms)
2026-05-18 04:40:36.850 +02:00 [INF] Released. (1ms)
