2026-03-21 19:35:13.879 +01:00 [INF] Starting Intersect Client v0.8.0.0-custom+32d39132dace1351f63375b261f241297dd35be8-dirty
2026-03-21 19:35:14.184 +01:00 [INF] Discovered service type: Intersect.Plugins.PluginService
2026-03-21 19:35:14.191 +01:00 [WRN] Directory was specified as a plugin directory but does not exist: 'resources\plugins'
2026-03-21 19:35:14.192 +01:00 [INF] Discovered 0 plugins:

2026-03-21 19:35:23.107 +01:00 [INF] Connecting to 127.0.0.1:5400...
2026-03-21 19:35:23.126 +01:00 [INF] Connected [51cb28e2-038f-4848-8ced-cbc0ba24308a].
2026-03-21 19:35:23.139 +01:00 [INF] Connection approved [51cb28e2-038f-4848-8ced-cbc0ba24308a].
2026-03-21 19:35:23.223 +01:00 [INF] Updated PermissionSet 'default'
2026-03-21 19:35:24.380 +01:00 [INF] Updated PermissionSet 'admin'
2026-03-21 19:35:24.381 +01:00 [INF] Updating active permission set to 'admin'
2026-03-21 19:35:24.505 +01:00 [WRN] Unable to add '_buttonLogout' to the JSON of MainMenu.SelectCharacterWindow._innerPanel._buttonsPanel because a sibling shares the same name
2026-03-21 19:35:25.571 +01:00 [WRN] 'Me' is null.
2026-03-21 19:35:26.040 +01:00 [INF] Built VBO for map 27c6a7b2-4e9f-4316-9a0f-e13ec8e16ba2 'New Map' in 17.0661ms
2026-03-21 19:35:26.047 +01:00 [INF] Built VBO for map 23382d57-1bd1-403a-8f4f-50e5ad24e8a0 'test1' in 3.2749ms
2026-03-21 19:42:16.329 +01:00 [INF] System window closing (due to user interaction most likely).
2026-03-21 19:42:16.332 +01:00 [INF] Disconnected [51cb28e2-038f-4848-8ced-cbc0ba24308a].
2026-03-21 19:42:16.332 +01:00 [INF] Updating active permission set to 'default'
2026-03-21 19:42:16.355 +01:00 [INF] Acquiring context lock... (0ms)
2026-03-21 19:42:16.355 +01:00 [INF] Acquired. (0ms)
2026-03-21 19:42:16.356 +01:00 [INF] Beginning context dispose. (0ms)
2026-03-21 19:42:16.356 +01:00 [INF] GC.SuppressFinalize (0ms)
2026-03-21 19:42:16.356 +01:00 [INF] InternalDispose() completed. (0ms)
2026-03-21 19:42:16.356 +01:00 [INF] Clearing instance... (1ms)
2026-03-21 19:42:16.356 +01:00 [INF] Releasing context lock... (1ms)
2026-03-21 19:42:16.356 +01:00 [INF] Released. (1ms)
