2026-03-22 22:41:38.944 +01:00 [INF] Starting Intersect Client v0.8.0.0-custom+32d39132dace1351f63375b261f241297dd35be8-dirty
2026-03-22 22:41:39.294 +01:00 [INF] Discovered service type: Intersect.Plugins.PluginService
2026-03-22 22:41:39.301 +01:00 [WRN] Directory was specified as a plugin directory but does not exist: 'resources\plugins'
2026-03-22 22:41:39.302 +01:00 [INF] Discovered 0 plugins:

2026-03-22 22:41:41.878 +01:00 [INF] Connecting to 127.0.0.1:5400...
2026-03-22 22:41:41.885 +01:00 [INF] Connected [31e1c275-d97d-4db4-a19f-5f74b1d76678].
2026-03-22 22:41:41.897 +01:00 [INF] Connection approved [31e1c275-d97d-4db4-a19f-5f74b1d76678].
2026-03-22 22:41:41.982 +01:00 [INF] Updated PermissionSet 'default'
2026-03-22 22:41:41.982 +01:00 [INF] Updated PermissionSet 'admin'
2026-03-22 22:41:43.039 +01:00 [INF] Updating active permission set to 'admin'
2026-03-22 22:41:43.118 +01:00 [WRN] Unable to add '_buttonLogout' to the JSON of MainMenu.SelectCharacterWindow._innerPanel._buttonsPanel because a sibling shares the same name
2026-03-22 22:41:45.195 +01:00 [WRN] 'Me' is null.
2026-03-22 22:41:45.707 +01:00 [INF] Built VBO for map 73ba8458-f8de-4f78-a254-c91b18418ed0 'test 3' in 15.5475ms
2026-03-22 22:41:45.713 +01:00 [INF] Built VBO for map 850ddb26-5568-4376-b8e0-346c04cb81ef 'test 4' in 1.9689ms
2026-03-22 22:41:48.041 +01:00 [INF] Built VBO for map 411179b7-b772-42ef-bf66-03b7e4d7dca8 'test 5' in 1.5561ms
2026-03-22 22:41:48.054 +01:00 [INF] Built VBO for map 27c6a7b2-4e9f-4316-9a0f-e13ec8e16ba2 'New Map' in 12.1194ms
2026-03-22 22:45:54.384 +01:00 [INF] System window closing (due to user interaction most likely).
2026-03-22 22:45:54.387 +01:00 [INF] Disconnected [31e1c275-d97d-4db4-a19f-5f74b1d76678].
2026-03-22 22:45:54.388 +01:00 [INF] Updating active permission set to 'default'
2026-03-22 22:45:54.490 +01:00 [INF] Acquiring context lock... (0ms)
2026-03-22 22:45:54.491 +01:00 [INF] Acquired. (0ms)
2026-03-22 22:45:54.491 +01:00 [INF] Beginning context dispose. (0ms)
2026-03-22 22:45:54.492 +01:00 [INF] GC.SuppressFinalize (0ms)
2026-03-22 22:45:54.492 +01:00 [INF] InternalDispose() completed. (0ms)
2026-03-22 22:45:54.492 +01:00 [INF] Clearing instance... (1ms)
2026-03-22 22:45:54.492 +01:00 [INF] Releasing context lock... (1ms)
2026-03-22 22:45:54.492 +01:00 [INF] Released. (1ms)
