2026-04-15 03:58:42.144 +06:00 [INF] Starting Intersect Client v0.8.0.0-custom+32d39132dace1351f63375b261f241297dd35be8-dirty
2026-04-15 03:58:42.497 +06:00 [INF] Discovered service type: Intersect.Plugins.PluginService
2026-04-15 03:58:42.505 +06:00 [WRN] Directory was specified as a plugin directory but does not exist: 'resources\plugins'
2026-04-15 03:58:42.506 +06:00 [INF] Discovered 0 plugins:

2026-04-15 03:58:45.603 +06:00 [INF] Connecting to 127.0.0.1:5400...
2026-04-15 03:58:45.628 +06:00 [INF] Connected [52b446e9-242d-428f-b0b5-9c41ea1559fa].
2026-04-15 03:58:45.650 +06:00 [INF] Connection approved [52b446e9-242d-428f-b0b5-9c41ea1559fa].
2026-04-15 03:58:45.734 +06:00 [INF] Updated PermissionSet 'default'
2026-04-15 03:58:51.064 +06:00 [INF] Updated PermissionSet 'admin'
2026-04-15 03:58:51.065 +06:00 [INF] Updating active permission set to 'admin'
2026-04-15 03:58:51.206 +06:00 [WRN] Unable to add '_buttonLogout' to the JSON of MainMenu.SelectCharacterWindow._innerPanel._buttonsPanel because a sibling shares the same name
2026-04-15 03:59:02.589 +06:00 [WRN] 'Me' is null.
2026-04-15 03:59:03.132 +06:00 [INF] Built VBO for map 23630ac6-4461-460d-8a3b-9a0d4477096f 'test 8' in 17.2754ms
2026-04-15 03:59:03.177 +06:00 [INF] Built VBO for map 73ba8458-f8de-4f78-a254-c91b18418ed0 'test 3' in 40.8107ms
2026-04-15 03:59:03.182 +06:00 [INF] Built VBO for map 27c6a7b2-4e9f-4316-9a0f-e13ec8e16ba2 'New Map' in 4.2113ms
2026-04-15 03:59:41.500 +06:00 [INF] Built VBO for map 73ba8458-f8de-4f78-a254-c91b18418ed0 'test 3' in 2.8309ms
2026-04-15 04:00:51.511 +06:00 [INF] Built VBO for map 73ba8458-f8de-4f78-a254-c91b18418ed0 'test 3' in 3.111ms
2026-04-15 04:00:56.429 +06:00 [INF] System window closing (due to user interaction most likely).
2026-04-15 04:00:56.432 +06:00 [INF] Disconnected [52b446e9-242d-428f-b0b5-9c41ea1559fa].
2026-04-15 04:00:56.432 +06:00 [INF] Updating active permission set to 'default'
2026-04-15 04:00:56.463 +06:00 [INF] Acquiring context lock... (0ms)
2026-04-15 04:00:56.463 +06:00 [INF] Acquired. (0ms)
2026-04-15 04:00:56.464 +06:00 [INF] Beginning context dispose. (0ms)
2026-04-15 04:00:56.464 +06:00 [INF] GC.SuppressFinalize (0ms)
2026-04-15 04:00:56.464 +06:00 [INF] InternalDispose() completed. (0ms)
2026-04-15 04:00:56.464 +06:00 [INF] Clearing instance... (1ms)
2026-04-15 04:00:56.464 +06:00 [INF] Releasing context lock... (1ms)
2026-04-15 04:00:56.464 +06:00 [INF] Released. (1ms)
