2026-05-17 07:12:22.835 +02:00 [INF] Starting Intersect Client v0.8.0.0-custom+32d39132dace1351f63375b261f241297dd35be8-dirty
2026-05-17 07:12:23.114 +02:00 [INF] Discovered service type: Intersect.Plugins.PluginService
2026-05-17 07:12:23.118 +02:00 [WRN] Directory was specified as a plugin directory but does not exist: 'resources\plugins'
2026-05-17 07:12:23.119 +02:00 [INF] Discovered 0 plugins:

2026-05-17 07:12:26.547 +02:00 [INF] Connecting to 95.156.227.207:5400...
2026-05-17 07:12:26.600 +02:00 [INF] Connected [ab786109-6222-4d78-b186-cf38d87a2ef3].
2026-05-17 07:12:26.606 +02:00 [INF] Connection approved [ab786109-6222-4d78-b186-cf38d87a2ef3].
2026-05-17 07:12:26.737 +02:00 [INF] Updated PermissionSet 'default'
2026-05-17 07:12:26.737 +02:00 [INF] Updated PermissionSet 'admin'
2026-05-17 07:12:31.353 +02:00 [INF] Updating active permission set to 'admin'
2026-05-17 07:12:38.659 +02:00 [WRN] 'Me' is null.
2026-05-17 07:12:38.835 +02:00 [WRN] Tried to load entity "f748a57f-2b1b-4791-910e-91ddb85352c2" (Oran) from packet before in-game UI was ready
2026-05-17 07:12:38.844 +02:00 [WRN] Tried to load entity "f748a57f-2b1b-4791-910e-91ddb85352c2" (Oran) from packet before in-game UI was ready
2026-05-17 07:12:39.316 +02:00 [INF] Built VBO for map 27c6a7b2-4e9f-4316-9a0f-e13ec8e16ba2 'Forest' in 20.5231ms
2026-05-17 07:12:47.051 +02:00 [INF] Built VBO for map e341d25d-5ff4-4cd6-bcd5-2f2cda710c86 'Forest' in 6.7856ms
2026-05-17 07:13:29.138 +02:00 [INF] Built VBO for map a31f210c-f5fb-48bf-9db2-45fab2293a4c 'Forest' in 10.6198ms
2026-05-17 07:13:38.880 +02:00 [INF] System window closing (due to user interaction most likely).
2026-05-17 07:13:38.883 +02:00 [INF] Disconnected [ab786109-6222-4d78-b186-cf38d87a2ef3].
2026-05-17 07:13:38.883 +02:00 [INF] Updating active permission set to 'default'
2026-05-17 07:13:38.918 +02:00 [INF] Acquiring context lock... (0ms)
2026-05-17 07:13:38.919 +02:00 [INF] Acquired. (0ms)
2026-05-17 07:13:38.919 +02:00 [INF] Beginning context dispose. (0ms)
2026-05-17 07:13:38.919 +02:00 [INF] GC.SuppressFinalize (0ms)
2026-05-17 07:13:38.919 +02:00 [INF] InternalDispose() completed. (0ms)
2026-05-17 07:13:38.920 +02:00 [INF] Clearing instance... (1ms)
2026-05-17 07:13:38.920 +02:00 [INF] Releasing context lock... (1ms)
2026-05-17 07:13:38.920 +02:00 [INF] Released. (1ms)
