2026-05-02 01:17:40.855 +06:00 [INF] Starting Intersect Client v0.8.0.0-custom+32d39132dace1351f63375b261f241297dd35be8-dirty
2026-05-02 01:17:41.061 +06:00 [INF] Discovered service type: Intersect.Plugins.PluginService
2026-05-02 01:17:41.064 +06:00 [WRN] Directory was specified as a plugin directory but does not exist: 'resources\plugins'
2026-05-02 01:17:41.065 +06:00 [INF] Discovered 0 plugins:

2026-05-02 01:17:43.101 +06:00 [INF] Connecting to 127.0.0.1:5400...
2026-05-02 01:17:43.109 +06:00 [INF] Connected [6bcda9a7-fdc5-46eb-830e-44fb9e2912de].
2026-05-02 01:17:43.120 +06:00 [INF] Connection approved [6bcda9a7-fdc5-46eb-830e-44fb9e2912de].
2026-05-02 01:17:43.197 +06:00 [INF] Updated PermissionSet 'default'
2026-05-02 01:17:43.197 +06:00 [INF] Updated PermissionSet 'admin'
2026-05-02 01:17:49.691 +06:00 [WRN] 'Me' is null.
2026-05-02 01:17:50.289 +06:00 [INF] Built VBO for map 27c6a7b2-4e9f-4316-9a0f-e13ec8e16ba2 'Forest' in 9.6494ms
2026-05-02 01:17:50.309 +06:00 [INF] Built VBO for map c15f8299-8999-471f-9760-388ff4cdec7c 'test' in 5.6682ms
2026-05-02 01:17:53.731 +06:00 [WRN] 'Me' is null.
2026-05-02 01:17:53.731 +06:00 [WRN] 'Me' is null.
2026-05-02 01:17:53.731 +06:00 [WRN] 'Me' is null.
2026-05-02 01:17:53.731 +06:00 [WRN] 'Me' is null.
2026-05-02 01:17:55.801 +06:00 [WRN] 'Me' is null.
2026-05-02 01:17:56.004 +06:00 [INF] Built VBO for map 27c6a7b2-4e9f-4316-9a0f-e13ec8e16ba2 'Forest' in 2.1316ms
2026-05-02 01:17:56.006 +06:00 [INF] Built VBO for map c15f8299-8999-471f-9760-388ff4cdec7c 'test' in 1.9721ms
2026-05-02 01:19:22.510 +06:00 [INF] System window closing (due to user interaction most likely).
2026-05-02 01:19:22.513 +06:00 [INF] Disconnected [6bcda9a7-fdc5-46eb-830e-44fb9e2912de].
2026-05-02 01:19:22.546 +06:00 [INF] Acquiring context lock... (0ms)
2026-05-02 01:19:22.546 +06:00 [INF] Acquired. (0ms)
2026-05-02 01:19:22.547 +06:00 [INF] Beginning context dispose. (0ms)
2026-05-02 01:19:22.547 +06:00 [INF] GC.SuppressFinalize (0ms)
2026-05-02 01:19:22.547 +06:00 [INF] InternalDispose() completed. (0ms)
2026-05-02 01:19:22.547 +06:00 [INF] Clearing instance... (1ms)
2026-05-02 01:19:22.547 +06:00 [INF] Releasing context lock... (1ms)
2026-05-02 01:19:22.547 +06:00 [INF] Released. (1ms)
