2026-05-01 03:09:30.319 +06:00 [INF] Starting Intersect Client v0.8.0.0-custom+32d39132dace1351f63375b261f241297dd35be8-dirty
2026-05-01 03:09:30.521 +06:00 [INF] Discovered service type: Intersect.Plugins.PluginService
2026-05-01 03:09:30.525 +06:00 [WRN] Directory was specified as a plugin directory but does not exist: 'resources\plugins'
2026-05-01 03:09:30.526 +06:00 [INF] Discovered 0 plugins:

2026-05-01 03:09:32.526 +06:00 [INF] Connecting to 127.0.0.1:5400...
2026-05-01 03:09:32.534 +06:00 [INF] Connected [4aa2d655-bfe0-4afd-95de-ac3f165df6e3].
2026-05-01 03:09:32.552 +06:00 [INF] Connection approved [4aa2d655-bfe0-4afd-95de-ac3f165df6e3].
2026-05-01 03:09:32.635 +06:00 [INF] Updated PermissionSet 'default'
2026-05-01 03:09:32.635 +06:00 [INF] Updated PermissionSet 'admin'
2026-05-01 03:09:37.703 +06:00 [INF] Updating active permission set to 'admin'
2026-05-01 03:09:38.361 +06:00 [WRN] 'Me' is null.
2026-05-01 03:09:39.031 +06:00 [INF] Built VBO for map 27c6a7b2-4e9f-4316-9a0f-e13ec8e16ba2 'Forest' in 9.8963ms
2026-05-01 03:09:44.373 +06:00 [INF] System window closing (due to user interaction most likely).
2026-05-01 03:09:44.376 +06:00 [INF] Disconnected [4aa2d655-bfe0-4afd-95de-ac3f165df6e3].
2026-05-01 03:09:44.377 +06:00 [INF] Updating active permission set to 'default'
2026-05-01 03:09:44.408 +06:00 [INF] Acquiring context lock... (0ms)
2026-05-01 03:09:44.408 +06:00 [INF] Acquired. (0ms)
2026-05-01 03:09:44.409 +06:00 [INF] Beginning context dispose. (0ms)
2026-05-01 03:09:44.409 +06:00 [INF] GC.SuppressFinalize (0ms)
2026-05-01 03:09:44.409 +06:00 [INF] InternalDispose() completed. (0ms)
2026-05-01 03:09:44.409 +06:00 [INF] Clearing instance... (1ms)
2026-05-01 03:09:44.409 +06:00 [INF] Releasing context lock... (1ms)
2026-05-01 03:09:44.409 +06:00 [INF] Released. (1ms)
