2026-03-19 19:18:33.379 +01:00 [INF] Starting Intersect Client v0.8.0.0-custom+32d39132dace1351f63375b261f241297dd35be8-dirty
2026-03-19 19:18:33.626 +01:00 [INF] Discovered service type: Intersect.Plugins.PluginService
2026-03-19 19:18:33.633 +01:00 [WRN] Directory was specified as a plugin directory but does not exist: 'resources\plugins'
2026-03-19 19:18:33.634 +01:00 [INF] Discovered 0 plugins:

2026-03-19 19:18:35.862 +01:00 [INF] Connecting to 127.0.0.1:5400...
2026-03-19 19:18:35.884 +01:00 [INF] Connected [45565d38-895f-4a43-9d8a-f319d1c320cd].
2026-03-19 19:18:35.900 +01:00 [INF] Connection approved [45565d38-895f-4a43-9d8a-f319d1c320cd].
2026-03-19 19:18:35.996 +01:00 [INF] Updated PermissionSet 'default'
2026-03-19 19:18:37.022 +01:00 [INF] Updated PermissionSet 'admin'
2026-03-19 19:18:37.023 +01:00 [INF] Updating active permission set to 'admin'
2026-03-19 19:18:37.152 +01:00 [WRN] Unable to add '_buttonLogout' to the JSON of MainMenu.SelectCharacterWindow._innerPanel._buttonsPanel because a sibling shares the same name
2026-03-19 19:18:38.129 +01:00 [WRN] 'Me' is null.
2026-03-19 19:18:38.604 +01:00 [INF] Built VBO for map a9f5fb5f-a2e8-421b-9906-03dae4b6224a 'New Map' in 15.2026ms
2026-03-19 19:19:53.023 +01:00 [INF] System window closing (due to user interaction most likely).
2026-03-19 19:19:53.026 +01:00 [INF] Disconnected [45565d38-895f-4a43-9d8a-f319d1c320cd].
2026-03-19 19:19:53.027 +01:00 [INF] Updating active permission set to 'default'
2026-03-19 19:19:53.132 +01:00 [INF] Acquiring context lock... (0ms)
2026-03-19 19:19:53.132 +01:00 [INF] Acquired. (0ms)
2026-03-19 19:19:53.132 +01:00 [INF] Beginning context dispose. (0ms)
2026-03-19 19:19:53.133 +01:00 [INF] GC.SuppressFinalize (0ms)
2026-03-19 19:19:53.133 +01:00 [INF] InternalDispose() completed. (0ms)
2026-03-19 19:19:53.133 +01:00 [INF] Clearing instance... (1ms)
2026-03-19 19:19:53.133 +01:00 [INF] Releasing context lock... (1ms)
2026-03-19 19:19:53.133 +01:00 [INF] Released. (1ms)
