2026-05-24 12:46:18.815 +02:00 [INF] Starting Intersect Client v0.8.0.0-custom+32d39132dace1351f63375b261f241297dd35be8-dirty
2026-05-24 12:46:19.075 +02:00 [INF] Discovered service type: Intersect.Plugins.PluginService
2026-05-24 12:46:19.079 +02:00 [WRN] Directory was specified as a plugin directory but does not exist: 'resources\plugins'
2026-05-24 12:46:19.080 +02:00 [INF] Discovered 0 plugins:

2026-05-24 12:46:22.294 +02:00 [INF] Connecting to 127.0.0.1:5400...
2026-05-24 12:46:22.305 +02:00 [INF] Connected [1222b670-f931-4c4b-a186-675f1e4fefa1].
2026-05-24 12:46:22.310 +02:00 [INF] Connection approved [1222b670-f931-4c4b-a186-675f1e4fefa1].
2026-05-24 12:46:22.411 +02:00 [INF] Updated PermissionSet 'default'
2026-05-24 12:46:22.412 +02:00 [INF] Updated PermissionSet 'admin'
2026-05-24 12:46:29.915 +02:00 [INF] Updating active permission set to 'admin'
2026-05-24 12:46:30.503 +02:00 [WRN] 'Me' is null.
2026-05-24 12:46:31.450 +02:00 [INF] Built VBO for map 27c6a7b2-4e9f-4316-9a0f-e13ec8e16ba2 'Forest' in 69.1112ms
2026-05-24 12:46:34.279 +02:00 [INF] Built VBO for map a31f210c-f5fb-48bf-9db2-45fab2293a4c 'Forest' in 57.4578ms
2026-05-24 12:47:03.021 +02:00 [INF] Built VBO for map a31f210c-f5fb-48bf-9db2-45fab2293a4c 'Forest' in 29.8082ms
2026-05-24 12:47:03.085 +02:00 [INF] Built VBO for map 27c6a7b2-4e9f-4316-9a0f-e13ec8e16ba2 'Forest' in 44.2617ms
2026-05-24 12:47:12.631 +02:00 [INF] Built VBO for map a31f210c-f5fb-48bf-9db2-45fab2293a4c 'Forest' in 30.6591ms
2026-05-24 12:47:12.694 +02:00 [INF] Built VBO for map 27c6a7b2-4e9f-4316-9a0f-e13ec8e16ba2 'Forest' in 43.3214ms
2026-05-24 12:51:10.874 +02:00 [INF] System window closing (due to user interaction most likely).
2026-05-24 12:51:10.877 +02:00 [INF] Disconnected [1222b670-f931-4c4b-a186-675f1e4fefa1].
2026-05-24 12:51:10.877 +02:00 [INF] Updating active permission set to 'default'
2026-05-24 12:51:10.919 +02:00 [INF] Acquiring context lock... (0ms)
2026-05-24 12:51:10.920 +02:00 [INF] Acquired. (0ms)
2026-05-24 12:51:10.920 +02:00 [INF] Beginning context dispose. (0ms)
2026-05-24 12:51:10.921 +02:00 [INF] GC.SuppressFinalize (0ms)
2026-05-24 12:51:10.921 +02:00 [INF] InternalDispose() completed. (0ms)
2026-05-24 12:51:10.921 +02:00 [INF] Clearing instance... (1ms)
2026-05-24 12:51:10.921 +02:00 [INF] Releasing context lock... (1ms)
2026-05-24 12:51:10.921 +02:00 [INF] Released. (1ms)
