2026-05-01 05:18:43.487 +06:00 [INF] Starting Intersect Client v0.8.0.0-custom+32d39132dace1351f63375b261f241297dd35be8-dirty
2026-05-01 05:18:43.700 +06:00 [INF] Discovered service type: Intersect.Plugins.PluginService
2026-05-01 05:18:43.703 +06:00 [WRN] Directory was specified as a plugin directory but does not exist: 'resources\plugins'
2026-05-01 05:18:43.704 +06:00 [INF] Discovered 0 plugins:

2026-05-01 05:19:16.433 +06:00 [INF] Music volume set to 20 from MainMenu.SettingsWindow._innerPanel._tabs._innerPanel._audioSettingsTab._scrollPanel._musicSlider._slider
2026-05-01 05:19:16.434 +06:00 [INF] Sound volume set to 100 from MainMenu.SettingsWindow._innerPanel._tabs._innerPanel._audioSettingsTab._scrollPanel._soundEffectsSlider._slider
2026-05-01 05:19:31.160 +06:00 [INF] Connecting to 127.0.0.1:5400...
2026-05-01 05:19:31.182 +06:00 [INF] Connected [e2250d6d-fa01-426f-8942-6fb0c9687ef7].
2026-05-01 05:19:31.199 +06:00 [INF] Connection approved [e2250d6d-fa01-426f-8942-6fb0c9687ef7].
2026-05-01 05:19:31.281 +06:00 [INF] Updated PermissionSet 'default'
2026-05-01 05:19:36.641 +06:00 [INF] Updated PermissionSet 'admin'
2026-05-01 05:19:36.642 +06:00 [INF] Updating active permission set to 'admin'
2026-05-01 05:19:39.955 +06:00 [WRN] 'Me' is null.
2026-05-01 05:19:40.511 +06:00 [INF] Built VBO for map 27c6a7b2-4e9f-4316-9a0f-e13ec8e16ba2 'Forest' in 9.7353ms
2026-05-01 05:19:42.861 +06:00 [INF] Built VBO for map c15f8299-8999-471f-9760-388ff4cdec7c 'test' in 8.6225ms
2026-05-01 05:20:24.978 +06:00 [INF] System window closing (due to user interaction most likely).
2026-05-01 05:20:24.981 +06:00 [INF] Disconnected [e2250d6d-fa01-426f-8942-6fb0c9687ef7].
2026-05-01 05:20:24.981 +06:00 [INF] Updating active permission set to 'default'
2026-05-01 05:20:25.005 +06:00 [INF] Acquiring context lock... (0ms)
2026-05-01 05:20:25.006 +06:00 [INF] Acquired. (0ms)
2026-05-01 05:20:25.006 +06:00 [INF] Beginning context dispose. (0ms)
2026-05-01 05:20:25.007 +06:00 [INF] GC.SuppressFinalize (0ms)
2026-05-01 05:20:25.007 +06:00 [INF] InternalDispose() completed. (0ms)
2026-05-01 05:20:25.007 +06:00 [INF] Clearing instance... (1ms)
2026-05-01 05:20:25.007 +06:00 [INF] Releasing context lock... (1ms)
2026-05-01 05:20:25.007 +06:00 [INF] Released. (1ms)
