2026-04-14 20:50:23.393 +06:00 [INF] Starting Intersect Client v0.8.0.0-custom+32d39132dace1351f63375b261f241297dd35be8-dirty
2026-04-14 20:50:23.695 +06:00 [INF] Discovered service type: Intersect.Plugins.PluginService
2026-04-14 20:50:23.703 +06:00 [WRN] Directory was specified as a plugin directory but does not exist: 'resources\plugins'
2026-04-14 20:50:23.704 +06:00 [INF] Discovered 0 plugins:

2026-04-14 20:50:26.925 +06:00 [INF] Connecting to 127.0.0.1:5400...
2026-04-14 20:50:26.948 +06:00 [INF] Connected [660c10f0-f2d0-464c-a2e8-4f2f702b8d9b].
2026-04-14 20:50:26.968 +06:00 [INF] Connection approved [660c10f0-f2d0-464c-a2e8-4f2f702b8d9b].
2026-04-14 20:50:27.050 +06:00 [INF] Updated PermissionSet 'default'
2026-04-14 20:50:33.778 +06:00 [INF] Updated PermissionSet 'admin'
2026-04-14 20:50:33.779 +06:00 [INF] Updating active permission set to 'admin'
2026-04-14 20:50:33.921 +06:00 [WRN] Unable to add '_buttonLogout' to the JSON of MainMenu.SelectCharacterWindow._innerPanel._buttonsPanel because a sibling shares the same name
2026-04-14 20:51:04.017 +06:00 [WRN] 'Me' is null.
2026-04-14 20:51:04.589 +06:00 [INF] Built VBO for map 23630ac6-4461-460d-8a3b-9a0d4477096f 'test 8' in 17.664ms
2026-04-14 20:51:04.636 +06:00 [INF] Built VBO for map 73ba8458-f8de-4f78-a254-c91b18418ed0 'test 3' in 40.905ms
2026-04-14 20:51:04.643 +06:00 [INF] Built VBO for map 27c6a7b2-4e9f-4316-9a0f-e13ec8e16ba2 'New Map' in 6.2625ms
2026-04-14 20:51:38.798 +06:00 [INF] Disconnected [660c10f0-f2d0-464c-a2e8-4f2f702b8d9b].
2026-04-14 20:51:38.798 +06:00 [INF] Updating active permission set to 'default'
2026-04-14 20:51:40.531 +06:00 [INF] Connecting to 127.0.0.1:5400...
2026-04-14 20:51:40.537 +06:00 [INF] Connected [46bc861f-edfc-4563-b032-2108e078c295].
2026-04-14 20:51:40.550 +06:00 [INF] Connection approved [46bc861f-edfc-4563-b032-2108e078c295].
2026-04-14 20:51:40.564 +06:00 [INF] Updated PermissionSet 'default'
2026-04-14 20:51:40.564 +06:00 [INF] Updated PermissionSet 'admin'
2026-04-14 20:51:54.746 +06:00 [WRN] 'Me' is null.
2026-04-14 20:51:54.792 +06:00 [WRN] Tried to load entity "0a7ed750-a0b3-4539-b069-7b5c62b01da8" (Test) from packet before in-game UI was ready
2026-04-14 20:51:54.792 +06:00 [WRN] Tried to load entity "0a7ed750-a0b3-4539-b069-7b5c62b01da8" (Test) from packet before in-game UI was ready
2026-04-14 20:51:54.941 +06:00 [INF] Built VBO for map 23630ac6-4461-460d-8a3b-9a0d4477096f 'test 8' in 14.9755ms
2026-04-14 20:51:54.945 +06:00 [INF] Built VBO for map 73ba8458-f8de-4f78-a254-c91b18418ed0 'test 3' in 3.3508ms
2026-04-14 20:51:54.948 +06:00 [INF] Built VBO for map 27c6a7b2-4e9f-4316-9a0f-e13ec8e16ba2 'New Map' in 2.0992ms
2026-04-14 20:53:33.755 +06:00 [INF] System window closing (due to user interaction most likely).
2026-04-14 20:53:33.756 +06:00 [INF] Disconnected [46bc861f-edfc-4563-b032-2108e078c295].
2026-04-14 20:53:33.756 +06:00 [INF] Updating active permission set to 'default'
2026-04-14 20:53:33.779 +06:00 [INF] Acquiring context lock... (0ms)
2026-04-14 20:53:33.779 +06:00 [INF] Acquired. (0ms)
2026-04-14 20:53:33.780 +06:00 [INF] Beginning context dispose. (0ms)
2026-04-14 20:53:33.780 +06:00 [INF] GC.SuppressFinalize (0ms)
2026-04-14 20:53:33.780 +06:00 [INF] InternalDispose() completed. (0ms)
2026-04-14 20:53:33.780 +06:00 [INF] Clearing instance... (1ms)
2026-04-14 20:53:33.780 +06:00 [INF] Releasing context lock... (1ms)
2026-04-14 20:53:33.780 +06:00 [INF] Released. (1ms)
