2026-07-02 05:37:19.448 +02:00 [INF] Starting Intersect Client v0.8.0.0-custom+32d39132dace1351f63375b261f241297dd35be8-dirty
2026-07-02 05:37:19.669 +02:00 [INF] Discovered service type: Intersect.Plugins.PluginService
2026-07-02 05:37:19.673 +02:00 [WRN] Directory was specified as a plugin directory but does not exist: 'resources\plugins'
2026-07-02 05:37:19.674 +02:00 [INF] Discovered 0 plugins:

2026-07-02 05:37:21.590 +02:00 [INF] Connecting to 127.0.0.1:5400...
2026-07-02 05:37:21.613 +02:00 [INF] Connected [082ed895-56fa-420a-9d38-8df851bdeb3a].
2026-07-02 05:37:21.627 +02:00 [INF] Connection approved [082ed895-56fa-420a-9d38-8df851bdeb3a].
2026-07-02 05:37:21.731 +02:00 [INF] Updated PermissionSet 'default'
2026-07-02 05:37:27.459 +02:00 [INF] Updated PermissionSet 'admin'
2026-07-02 05:37:27.460 +02:00 [INF] Updating active permission set to 'admin'
2026-07-02 05:37:29.218 +02:00 [WRN] 'Me' is null.
2026-07-02 05:37:30.193 +02:00 [INF] Built VBO for map 15601ad4-9f26-4abe-a6c9-3a7eebaa3045 'Forest' in 27.479ms
2026-07-02 05:37:30.199 +02:00 [INF] Built VBO for map d490222a-af25-4a7f-bec3-7ca8016e08d7 'New Map' in 5.4991ms
2026-07-02 05:37:30.208 +02:00 [INF] Built VBO for map 000bacda-f0e9-4a92-ab09-e55bd4ad15c1 'New Map' in 5.7756ms
2026-07-02 05:37:30.302 +02:00 [ERR] Exception thrown while trying to load 'resources/tilesets/water_shore_marker.png'
System.IO.FileNotFoundException: Could not find file 'F:\game code engine\Intersect_New\Intersect.Client\resources\tilesets\water_shore_marker.png'.
File name: 'F:\game code engine\Intersect_New\Intersect.Client\resources\tilesets\water_shore_marker.png'
   at Microsoft.Win32.SafeHandles.SafeFileHandle.CreateFile(String fullPath, FileMode mode, FileAccess access, FileShare share, FileOptions options)
   at Microsoft.Win32.SafeHandles.SafeFileHandle.Open(String fullPath, FileMode mode, FileAccess access, FileShare share, FileOptions options, Int64 preallocationSize, Nullable`1 unixCreateMode)
   at System.IO.Strategies.OSFileStreamStrategy..ctor(String path, FileMode mode, FileAccess access, FileShare share, FileOptions options, Int64 preallocationSize, Nullable`1 unixCreateMode)
   at System.IO.Strategies.FileStreamHelpers.ChooseStrategyCore(String path, FileMode mode, FileAccess access, FileShare share, FileOptions options, Int64 preallocationSize, Nullable`1 unixCreateMode)
   at System.IO.File.OpenRead(String path)
   at Intersect.Client.Framework.Graphics.GameRenderer.<>c__DisplayClass181_0.<LoadTexture>b__0() in F:\game code engine\Intersect_New\Intersect.Client.Framework\Graphics\GameRenderer.cs:line 1012
   at Intersect.Client.Framework.Graphics.GameTexture`2.LoadPlatformTexture(Boolean force) in F:\game code engine\Intersect_New\Intersect.Client.Framework\Graphics\GameTexture.cs:line 279
2026-07-02 05:37:30.303 +02:00 [INF] Built VBO for map 27c6a7b2-4e9f-4316-9a0f-e13ec8e16ba2 'Forest' in 94.2026ms
2026-07-02 05:37:30.321 +02:00 [INF] Built VBO for map e341d25d-5ff4-4cd6-bcd5-2f2cda710c86 'Greenfall Vale' in 15.0698ms
2026-07-02 05:37:30.327 +02:00 [INF] Built VBO for map f519d3ea-b6f4-4b17-b87a-1dcf003cd3ec 'New Map' in 5.2524ms
2026-07-02 05:37:39.260 +02:00 [INF] Built VBO for map 15601ad4-9f26-4abe-a6c9-3a7eebaa3045 'Forest' in 3.996ms
2026-07-02 05:37:39.794 +02:00 [INF] Built VBO for map 000bacda-f0e9-4a92-ab09-e55bd4ad15c1 'New Map' in 3.1604ms
2026-07-02 05:37:40.338 +02:00 [INF] Built VBO for map 27c6a7b2-4e9f-4316-9a0f-e13ec8e16ba2 'Forest' in 15.7329ms
2026-07-02 05:37:40.872 +02:00 [INF] Built VBO for map f519d3ea-b6f4-4b17-b87a-1dcf003cd3ec 'New Map' in 4.639ms
2026-07-02 05:38:16.848 +02:00 [INF] Built VBO for map 9802b09c-f592-4d93-8e11-d3424500716c 'Deep Forest' in 7.0219ms
2026-07-02 05:38:17.416 +02:00 [INF] Built VBO for map a31f210c-f5fb-48bf-9db2-45fab2293a4c 'Forest' in 47.6512ms
2026-07-02 05:41:52.549 +02:00 [INF] System window closing (due to user interaction most likely).
2026-07-02 05:41:52.552 +02:00 [INF] Disconnected [082ed895-56fa-420a-9d38-8df851bdeb3a].
2026-07-02 05:41:52.552 +02:00 [INF] Updating active permission set to 'default'
2026-07-02 05:41:52.586 +02:00 [INF] Acquiring context lock... (0ms)
2026-07-02 05:41:52.587 +02:00 [INF] Acquired. (0ms)
2026-07-02 05:41:52.587 +02:00 [INF] Beginning context dispose. (0ms)
2026-07-02 05:41:52.587 +02:00 [INF] GC.SuppressFinalize (0ms)
2026-07-02 05:41:52.588 +02:00 [INF] InternalDispose() completed. (0ms)
2026-07-02 05:41:52.588 +02:00 [INF] Clearing instance... (1ms)
2026-07-02 05:41:52.588 +02:00 [INF] Releasing context lock... (1ms)
2026-07-02 05:41:52.588 +02:00 [INF] Released. (1ms)
