2026-05-30 18:18:43.194 +02:00 [INF] Starting Intersect Client v0.8.0.0-custom+32d39132dace1351f63375b261f241297dd35be8-dirty
2026-05-30 18:18:43.407 +02:00 [INF] Discovered service type: Intersect.Plugins.PluginService
2026-05-30 18:18:43.410 +02:00 [WRN] Directory was specified as a plugin directory but does not exist: 'resources\plugins'
2026-05-30 18:18:43.411 +02:00 [INF] Discovered 0 plugins:

2026-05-30 18:18:46.838 +02:00 [INF] Connecting to 127.0.0.1:5400...
2026-05-30 18:18:46.856 +02:00 [INF] Connected [14857dac-aee8-4c71-905c-a14bb1ec3fe9].
2026-05-30 18:18:46.879 +02:00 [INF] Connection approved [14857dac-aee8-4c71-905c-a14bb1ec3fe9].
2026-05-30 18:18:46.964 +02:00 [INF] Updated PermissionSet 'default'
2026-05-30 18:18:51.913 +02:00 [INF] Updated PermissionSet 'admin'
2026-05-30 18:18:51.913 +02:00 [INF] Updating active permission set to 'admin'
2026-05-30 18:18:52.338 +02:00 [WRN] 'Me' is null.
2026-05-30 18:18:53.285 +02:00 [INF] Built VBO for map a31f210c-f5fb-48bf-9db2-45fab2293a4c 'Forest' in 120.7137ms
2026-05-30 18:18:53.419 +02:00 [INF] Built VBO for map 27c6a7b2-4e9f-4316-9a0f-e13ec8e16ba2 'Forest' in 88.132ms
2026-05-30 18:27:45.148 +02:00 [INF] Built VBO for map 27c6a7b2-4e9f-4316-9a0f-e13ec8e16ba2 'Forest' in 14.9367ms
2026-05-30 18:28:00.207 +02:00 [INF] Built VBO for map a31f210c-f5fb-48bf-9db2-45fab2293a4c 'Forest' in 56.6551ms
2026-05-30 18:28:00.242 +02:00 [INF] Built VBO for map 27c6a7b2-4e9f-4316-9a0f-e13ec8e16ba2 'Forest' in 14.9687ms
2026-05-30 18:28:12.581 +02:00 [INF] Built VBO for map a31f210c-f5fb-48bf-9db2-45fab2293a4c 'Forest' in 54.4297ms
2026-05-30 18:28:12.612 +02:00 [INF] Built VBO for map 27c6a7b2-4e9f-4316-9a0f-e13ec8e16ba2 'Forest' in 13.3862ms
2026-05-30 18:29:04.328 +02:00 [INF] System window closing (due to user interaction most likely).
2026-05-30 18:29:04.331 +02:00 [INF] Disconnected [14857dac-aee8-4c71-905c-a14bb1ec3fe9].
2026-05-30 18:29:04.332 +02:00 [INF] Updating active permission set to 'default'
2026-05-30 18:29:04.370 +02:00 [INF] Acquiring context lock... (0ms)
2026-05-30 18:29:04.370 +02:00 [INF] Acquired. (0ms)
2026-05-30 18:29:04.371 +02:00 [INF] Beginning context dispose. (0ms)
2026-05-30 18:29:04.371 +02:00 [INF] GC.SuppressFinalize (0ms)
2026-05-30 18:29:04.371 +02:00 [INF] InternalDispose() completed. (0ms)
2026-05-30 18:29:04.371 +02:00 [INF] Clearing instance... (1ms)
2026-05-30 18:29:04.371 +02:00 [INF] Releasing context lock... (1ms)
2026-05-30 18:29:04.372 +02:00 [INF] Released. (1ms)
