2026-07-04 00:00:31.143 +02:00 [INF] Starting Intersect Client v0.8.0.0-custom+32d39132dace1351f63375b261f241297dd35be8-dirty
2026-07-04 00:00:31.400 +02:00 [INF] Discovered service type: Intersect.Plugins.PluginService
2026-07-04 00:00:31.404 +02:00 [WRN] Directory was specified as a plugin directory but does not exist: 'resources\plugins'
2026-07-04 00:00:31.405 +02:00 [INF] Discovered 0 plugins:

2026-07-04 00:00:50.731 +02:00 [INF] Connecting to 127.0.0.1:5400...
2026-07-04 00:00:50.753 +02:00 [INF] Connected [200a3774-9bf1-41f6-8290-d2a24545d409].
2026-07-04 00:00:50.791 +02:00 [INF] Connection approved [200a3774-9bf1-41f6-8290-d2a24545d409].
2026-07-04 00:00:50.906 +02:00 [INF] Updated PermissionSet 'default'
2026-07-04 00:00:56.197 +02:00 [INF] Updated PermissionSet 'admin'
2026-07-04 00:00:56.197 +02:00 [INF] Updating active permission set to 'admin'
2026-07-04 00:00:58.473 +02:00 [WRN] 'Me' is null.
2026-07-04 00:00:59.479 +02:00 [INF] Built VBO for map 15601ad4-9f26-4abe-a6c9-3a7eebaa3045 'Forest' in 32.4211ms
2026-07-04 00:00:59.487 +02:00 [INF] Built VBO for map d490222a-af25-4a7f-bec3-7ca8016e08d7 'New Map' in 7.2926ms
2026-07-04 00:00:59.498 +02:00 [INF] Built VBO for map 000bacda-f0e9-4a92-ab09-e55bd4ad15c1 'New Map' in 6.6488ms
2026-07-04 00:00:59.599 +02:00 [ERR] Exception thrown while trying to load 'resources/tilesets/water_shore_marker.png'
System.IO.FileNotFoundException: Could not find file 'F:\game code engine\Intersect_New\Intersect.Client\resources\tilesets\water_shore_marker.png'.
File name: 'F:\game code engine\Intersect_New\Intersect.Client\resources\tilesets\water_shore_marker.png'
   at Microsoft.Win32.SafeHandles.SafeFileHandle.CreateFile(String fullPath, FileMode mode, FileAccess access, FileShare share, FileOptions options)
   at Microsoft.Win32.SafeHandles.SafeFileHandle.Open(String fullPath, FileMode mode, FileAccess access, FileShare share, FileOptions options, Int64 preallocationSize, Nullable`1 unixCreateMode)
   at System.IO.Strategies.OSFileStreamStrategy..ctor(String path, FileMode mode, FileAccess access, FileShare share, FileOptions options, Int64 preallocationSize, Nullable`1 unixCreateMode)
   at System.IO.Strategies.FileStreamHelpers.ChooseStrategyCore(String path, FileMode mode, FileAccess access, FileShare share, FileOptions options, Int64 preallocationSize, Nullable`1 unixCreateMode)
   at System.IO.File.OpenRead(String path)
   at Intersect.Client.Framework.Graphics.GameRenderer.<>c__DisplayClass182_0.<LoadTexture>b__0() in F:\game code engine\Intersect_New\Intersect.Client.Framework\Graphics\GameRenderer.cs:line 1027
   at Intersect.Client.Framework.Graphics.GameTexture`2.LoadPlatformTexture(Boolean force) in F:\game code engine\Intersect_New\Intersect.Client.Framework\Graphics\GameTexture.cs:line 279
2026-07-04 00:00:59.600 +02:00 [INF] Built VBO for map 27c6a7b2-4e9f-4316-9a0f-e13ec8e16ba2 'Forest' in 102.0745ms
2026-07-04 00:00:59.617 +02:00 [INF] Built VBO for map e341d25d-5ff4-4cd6-bcd5-2f2cda710c86 'Greenfall Vale' in 14.8783ms
2026-07-04 00:00:59.624 +02:00 [INF] Built VBO for map f519d3ea-b6f4-4b17-b87a-1dcf003cd3ec 'New Map' in 5.7572ms
2026-07-04 00:05:46.542 +02:00 [INF] Built VBO for map 27c6a7b2-4e9f-4316-9a0f-e13ec8e16ba2 'Forest' in 15.3637ms
2026-07-04 00:05:46.818 +02:00 [INF] Built VBO for map 9802b09c-f592-4d93-8e11-d3424500716c 'Deep Forest' in 5.7048ms
2026-07-04 00:05:46.827 +02:00 [INF] Built VBO for map 15601ad4-9f26-4abe-a6c9-3a7eebaa3045 'Forest' in 7.5978ms
2026-07-04 00:05:47.374 +02:00 [INF] Built VBO for map a31f210c-f5fb-48bf-9db2-45fab2293a4c 'Forest' in 49.4205ms
2026-07-04 00:08:10.239 +02:00 [INF] System window closing (due to user interaction most likely).
2026-07-04 00:08:10.242 +02:00 [INF] Disconnected [200a3774-9bf1-41f6-8290-d2a24545d409].
2026-07-04 00:08:10.243 +02:00 [INF] Updating active permission set to 'default'
2026-07-04 00:08:10.301 +02:00 [INF] Acquiring context lock... (0ms)
2026-07-04 00:08:10.301 +02:00 [INF] Acquired. (0ms)
2026-07-04 00:08:10.302 +02:00 [INF] Beginning context dispose. (0ms)
2026-07-04 00:08:10.302 +02:00 [INF] GC.SuppressFinalize (0ms)
2026-07-04 00:08:10.302 +02:00 [INF] InternalDispose() completed. (0ms)
2026-07-04 00:08:10.302 +02:00 [INF] Clearing instance... (1ms)
2026-07-04 00:08:10.302 +02:00 [INF] Releasing context lock... (1ms)
2026-07-04 00:08:10.303 +02:00 [INF] Released. (2ms)
