2026-04-28 16:19:45.986 +06:00 [INF] Starting Intersect Client v0.8.0.0-custom+32d39132dace1351f63375b261f241297dd35be8-dirty
2026-04-28 16:19:46.185 +06:00 [INF] Discovered service type: Intersect.Plugins.PluginService
2026-04-28 16:19:46.189 +06:00 [WRN] Directory was specified as a plugin directory but does not exist: 'resources\plugins'
2026-04-28 16:19:46.190 +06:00 [INF] Discovered 0 plugins:

2026-04-28 16:19:48.371 +06:00 [INF] Connecting to 127.0.0.1:5400...
2026-04-28 16:19:48.390 +06:00 [INF] Connected [37d8c183-6854-414f-ae2d-c0ff6a078d9b].
2026-04-28 16:19:48.409 +06:00 [INF] Connection approved [37d8c183-6854-414f-ae2d-c0ff6a078d9b].
2026-04-28 16:19:48.509 +06:00 [INF] Updated PermissionSet 'default'
2026-04-28 16:19:53.792 +06:00 [INF] Updated PermissionSet 'admin'
2026-04-28 16:19:53.792 +06:00 [INF] Updating active permission set to 'admin'
2026-04-28 16:19:53.947 +06:00 [WRN] Unable to add '_buttonLogout' to the JSON of MainMenu.SelectCharacterWindow._innerPanel._buttonsPanel because a sibling shares the same name
2026-04-28 16:19:54.699 +06:00 [WRN] 'Me' is null.
2026-04-28 16:19:55.426 +06:00 [INF] Built VBO for map 27c6a7b2-4e9f-4316-9a0f-e13ec8e16ba2 'Forest' in 9.6575ms
2026-04-28 16:19:55.448 +06:00 [INF] Built VBO for map c15f8299-8999-471f-9760-388ff4cdec7c 'Forest' in 7.1847ms
2026-04-28 16:21:28.759 +06:00 [WRN] 'Me' is null.
2026-04-28 16:21:28.840 +06:00 [WRN] Tried to load entity "31d24595-6847-4bec-b802-87b05f4da3a9" (Oran) from packet before in-game UI was ready
2026-04-28 16:21:28.841 +06:00 [WRN] Tried to load entity "31d24595-6847-4bec-b802-87b05f4da3a9" (Oran) from packet before in-game UI was ready
2026-04-28 16:21:29.066 +06:00 [INF] Built VBO for map 27c6a7b2-4e9f-4316-9a0f-e13ec8e16ba2 'Forest' in 2.6102ms
2026-04-28 16:21:29.069 +06:00 [INF] Built VBO for map c15f8299-8999-471f-9760-388ff4cdec7c 'Forest' in 2.2064ms
2026-04-28 16:24:30.134 +06:00 [WRN] 'Me' is null.
2026-04-28 16:24:30.134 +06:00 [WRN] 'Me' is null.
2026-04-28 16:24:34.849 +06:00 [INF] System window closing (due to user interaction most likely).
2026-04-28 16:24:34.852 +06:00 [INF] Disconnected [37d8c183-6854-414f-ae2d-c0ff6a078d9b].
2026-04-28 16:24:34.853 +06:00 [INF] Updating active permission set to 'default'
2026-04-28 16:24:34.890 +06:00 [INF] Acquiring context lock... (0ms)
2026-04-28 16:24:34.890 +06:00 [INF] Acquired. (0ms)
2026-04-28 16:24:34.890 +06:00 [INF] Beginning context dispose. (0ms)
2026-04-28 16:24:34.891 +06:00 [INF] GC.SuppressFinalize (0ms)
2026-04-28 16:24:34.891 +06:00 [INF] InternalDispose() completed. (0ms)
2026-04-28 16:24:34.891 +06:00 [INF] Clearing instance... (1ms)
2026-04-28 16:24:34.891 +06:00 [INF] Releasing context lock... (1ms)
2026-04-28 16:24:34.891 +06:00 [INF] Released. (1ms)
