2026-05-29 23:46:05.131 +02:00 [INF] Starting Intersect Client v0.8.0.0-custom+32d39132dace1351f63375b261f241297dd35be8-dirty
2026-05-29 23:46:05.346 +02:00 [INF] Discovered service type: Intersect.Plugins.PluginService
2026-05-29 23:46:05.349 +02:00 [WRN] Directory was specified as a plugin directory but does not exist: 'resources\plugins'
2026-05-29 23:46:05.350 +02:00 [INF] Discovered 0 plugins:

2026-05-29 23:46:07.393 +02:00 [INF] Connecting to 127.0.0.1:5400...
2026-05-29 23:46:07.402 +02:00 [INF] Connected [422f05b2-0cd8-4d18-9071-09b578731047].
2026-05-29 23:46:07.412 +02:00 [INF] Connection approved [422f05b2-0cd8-4d18-9071-09b578731047].
2026-05-29 23:46:07.499 +02:00 [INF] Updated PermissionSet 'default'
2026-05-29 23:46:07.499 +02:00 [INF] Updated PermissionSet 'admin'
2026-05-29 23:46:12.353 +02:00 [INF] Updating active permission set to 'admin'
2026-05-29 23:46:12.911 +02:00 [WRN] 'Me' is null.
2026-05-29 23:46:13.695 +02:00 [INF] Built VBO for map d5c08240-0436-454a-8993-362abf5bc477 'New Map' in 17.9697ms
2026-05-29 23:46:19.355 +02:00 [INF] Window light shader 'Intersect.Client.Resources.Shaders.windowlight.mgfxo' loaded successfully with 11 parameters
2026-05-29 23:47:52.299 +02:00 [INF] System window closing (due to user interaction most likely).
2026-05-29 23:47:52.302 +02:00 [INF] Disconnected [422f05b2-0cd8-4d18-9071-09b578731047].
2026-05-29 23:47:52.303 +02:00 [INF] Updating active permission set to 'default'
2026-05-29 23:47:52.323 +02:00 [INF] Acquiring context lock... (0ms)
2026-05-29 23:47:52.323 +02:00 [INF] Acquired. (0ms)
2026-05-29 23:47:52.324 +02:00 [INF] Beginning context dispose. (0ms)
2026-05-29 23:47:52.324 +02:00 [INF] GC.SuppressFinalize (0ms)
2026-05-29 23:47:52.324 +02:00 [INF] InternalDispose() completed. (0ms)
2026-05-29 23:47:52.324 +02:00 [INF] Clearing instance... (1ms)
2026-05-29 23:47:52.324 +02:00 [INF] Releasing context lock... (1ms)
2026-05-29 23:47:52.324 +02:00 [INF] Released. (1ms)
