2026-05-24 23:28:17.786 +02:00 [INF] Starting Intersect Client v0.8.0.0-custom+32d39132dace1351f63375b261f241297dd35be8-dirty
2026-05-24 23:28:17.997 +02:00 [INF] Discovered service type: Intersect.Plugins.PluginService
2026-05-24 23:28:18.001 +02:00 [WRN] Directory was specified as a plugin directory but does not exist: 'resources\plugins'
2026-05-24 23:28:18.002 +02:00 [INF] Discovered 0 plugins:

2026-05-24 23:28:20.075 +02:00 [INF] Connecting to 127.0.0.1:5400...
2026-05-24 23:28:20.099 +02:00 [INF] Connected [ebebe9e6-e3d4-4190-a56d-32b146bff10e].
2026-05-24 23:28:20.124 +02:00 [INF] Connection approved [ebebe9e6-e3d4-4190-a56d-32b146bff10e].
2026-05-24 23:28:20.208 +02:00 [INF] Updated PermissionSet 'default'
2026-05-24 23:28:25.093 +02:00 [INF] Updated PermissionSet 'admin'
2026-05-24 23:28:25.093 +02:00 [INF] Updating active permission set to 'admin'
2026-05-24 23:28:25.816 +02:00 [WRN] 'Me' is null.
2026-05-24 23:28:26.692 +02:00 [INF] Built VBO for map 27c6a7b2-4e9f-4316-9a0f-e13ec8e16ba2 'Forest' in 74.1744ms
2026-05-24 23:28:31.674 +02:00 [INF] Built VBO for map a31f210c-f5fb-48bf-9db2-45fab2293a4c 'Forest' in 44.2988ms
2026-05-24 23:30:10.129 +02:00 [INF] System window closing (due to user interaction most likely).
2026-05-24 23:30:10.132 +02:00 [INF] Disconnected [ebebe9e6-e3d4-4190-a56d-32b146bff10e].
2026-05-24 23:30:10.133 +02:00 [INF] Updating active permission set to 'default'
2026-05-24 23:30:10.166 +02:00 [INF] Acquiring context lock... (0ms)
2026-05-24 23:30:10.166 +02:00 [INF] Acquired. (0ms)
2026-05-24 23:30:10.167 +02:00 [INF] Beginning context dispose. (0ms)
2026-05-24 23:30:10.168 +02:00 [INF] GC.SuppressFinalize (0ms)
2026-05-24 23:30:10.168 +02:00 [INF] InternalDispose() completed. (0ms)
2026-05-24 23:30:10.168 +02:00 [INF] Clearing instance... (1ms)
2026-05-24 23:30:10.168 +02:00 [INF] Releasing context lock... (1ms)
2026-05-24 23:30:10.168 +02:00 [INF] Released. (1ms)
