2026-05-03 19:20:37.375 +06:00 [INF] Starting Intersect Client v0.8.0.0-custom+32d39132dace1351f63375b261f241297dd35be8-dirty
2026-05-03 19:20:37.573 +06:00 [INF] Discovered service type: Intersect.Plugins.PluginService
2026-05-03 19:20:37.576 +06:00 [WRN] Directory was specified as a plugin directory but does not exist: 'resources\plugins'
2026-05-03 19:20:37.577 +06:00 [INF] Discovered 0 plugins:

2026-05-03 19:20:39.668 +06:00 [INF] Connecting to 127.0.0.1:5400...
2026-05-03 19:20:39.676 +06:00 [INF] Connected [7afb046a-f0e6-4486-9802-5f9df6f3c780].
2026-05-03 19:20:39.688 +06:00 [INF] Connection approved [7afb046a-f0e6-4486-9802-5f9df6f3c780].
2026-05-03 19:20:39.777 +06:00 [INF] Updated PermissionSet 'default'
2026-05-03 19:20:39.777 +06:00 [INF] Updated PermissionSet 'admin'
2026-05-03 19:20:46.129 +06:00 [INF] Updating active permission set to 'admin'
2026-05-03 19:20:46.802 +06:00 [WRN] 'Me' is null.
2026-05-03 19:20:47.440 +06:00 [INF] Built VBO for map 27c6a7b2-4e9f-4316-9a0f-e13ec8e16ba2 'Forest' in 18.1513ms
2026-05-03 19:20:47.459 +06:00 [INF] Built VBO for map c15f8299-8999-471f-9760-388ff4cdec7c 'test' in 7.3314ms
2026-05-03 19:20:47.459 +06:00 [INF] Built VBO for map 17031e42-3e0a-487c-ab96-b317096cd6ce 'New Map' in 0.0757ms
2026-05-03 19:21:14.882 +06:00 [INF] System window closing (due to user interaction most likely).
2026-05-03 19:21:14.885 +06:00 [INF] Disconnected [7afb046a-f0e6-4486-9802-5f9df6f3c780].
2026-05-03 19:21:14.886 +06:00 [INF] Updating active permission set to 'default'
2026-05-03 19:21:14.918 +06:00 [INF] Acquiring context lock... (0ms)
2026-05-03 19:21:14.918 +06:00 [INF] Acquired. (0ms)
2026-05-03 19:21:14.918 +06:00 [INF] Beginning context dispose. (0ms)
2026-05-03 19:21:14.919 +06:00 [INF] GC.SuppressFinalize (0ms)
2026-05-03 19:21:14.919 +06:00 [INF] InternalDispose() completed. (0ms)
2026-05-03 19:21:14.919 +06:00 [INF] Clearing instance... (1ms)
2026-05-03 19:21:14.919 +06:00 [INF] Releasing context lock... (1ms)
2026-05-03 19:21:14.919 +06:00 [INF] Released. (1ms)
