2026-04-17 02:18:53.755 +06:00 [INF] Starting Intersect Client v0.8.0.0-custom+32d39132dace1351f63375b261f241297dd35be8-dirty
2026-04-17 02:18:53.956 +06:00 [INF] Discovered service type: Intersect.Plugins.PluginService
2026-04-17 02:18:53.959 +06:00 [WRN] Directory was specified as a plugin directory but does not exist: 'resources\plugins'
2026-04-17 02:18:53.960 +06:00 [INF] Discovered 0 plugins:

2026-04-17 02:18:55.838 +06:00 [INF] Connecting to 127.0.0.1:5400...
2026-04-17 02:18:55.860 +06:00 [INF] Connected [547e43f9-2ee1-40a4-930c-30902ace5762].
2026-04-17 02:18:55.873 +06:00 [INF] Connection approved [547e43f9-2ee1-40a4-930c-30902ace5762].
2026-04-17 02:18:55.951 +06:00 [INF] Updated PermissionSet 'default'
2026-04-17 02:19:00.782 +06:00 [INF] Updated PermissionSet 'admin'
2026-04-17 02:19:00.782 +06:00 [INF] Updating active permission set to 'admin'
2026-04-17 02:19:00.948 +06:00 [WRN] Unable to add '_buttonLogout' to the JSON of MainMenu.SelectCharacterWindow._innerPanel._buttonsPanel because a sibling shares the same name
2026-04-17 02:19:01.821 +06:00 [WRN] 'Me' is null.
2026-04-17 02:19:02.394 +06:00 [INF] Built VBO for map 23630ac6-4461-460d-8a3b-9a0d4477096f 'test 8' in 16.4787ms
2026-04-17 02:19:02.443 +06:00 [INF] Built VBO for map 73ba8458-f8de-4f78-a254-c91b18418ed0 'forest' in 43.6902ms
2026-04-17 02:19:24.332 +06:00 [WRN] 'Me' is null.
2026-04-17 02:19:24.393 +06:00 [WRN] Tried to load entity "cb36bb96-5549-4030-a24b-bb2c674da1fa" (test2356) from packet before in-game UI was ready
2026-04-17 02:19:24.394 +06:00 [WRN] Tried to load entity "cb36bb96-5549-4030-a24b-bb2c674da1fa" (test2356) from packet before in-game UI was ready
2026-04-17 02:19:24.653 +06:00 [INF] Built VBO for map 23630ac6-4461-460d-8a3b-9a0d4477096f 'test 8' in 4.3903ms
2026-04-17 02:19:24.656 +06:00 [INF] Built VBO for map 73ba8458-f8de-4f78-a254-c91b18418ed0 'forest' in 2.9497ms
2026-04-17 02:19:24.661 +06:00 [INF] Built VBO for map 27c6a7b2-4e9f-4316-9a0f-e13ec8e16ba2 'New Map' in 5.0071ms
2026-04-17 02:19:34.486 +06:00 [INF] System window closing (due to user interaction most likely).
2026-04-17 02:19:34.489 +06:00 [INF] Disconnected [547e43f9-2ee1-40a4-930c-30902ace5762].
2026-04-17 02:19:34.489 +06:00 [INF] Updating active permission set to 'default'
2026-04-17 02:19:34.520 +06:00 [INF] Acquiring context lock... (0ms)
2026-04-17 02:19:34.520 +06:00 [INF] Acquired. (0ms)
2026-04-17 02:19:34.521 +06:00 [INF] Beginning context dispose. (0ms)
2026-04-17 02:19:34.521 +06:00 [INF] GC.SuppressFinalize (0ms)
2026-04-17 02:19:34.521 +06:00 [INF] InternalDispose() completed. (0ms)
2026-04-17 02:19:34.521 +06:00 [INF] Clearing instance... (1ms)
2026-04-17 02:19:34.521 +06:00 [INF] Releasing context lock... (1ms)
2026-04-17 02:19:34.521 +06:00 [INF] Released. (1ms)
