2026-07-10 02:54:08.471 +02:00 [INF] Starting Intersect Client v0.8.0.0-custom+32d39132dace1351f63375b261f241297dd35be8-dirty
2026-07-10 02:54:08.690 +02:00 [INF] Discovered service type: Intersect.Plugins.PluginService
2026-07-10 02:54:08.694 +02:00 [WRN] Directory was specified as a plugin directory but does not exist: 'resources\plugins'
2026-07-10 02:54:08.695 +02:00 [INF] Discovered 0 plugins:

2026-07-10 02:54:12.008 +02:00 [INF] Connecting to 127.0.0.1:5400...
2026-07-10 02:54:12.028 +02:00 [INF] Connected [6a2af3e5-e08e-4e4b-bd21-d6a3b439d632].
2026-07-10 02:54:12.065 +02:00 [INF] Connection approved [6a2af3e5-e08e-4e4b-bd21-d6a3b439d632].
2026-07-10 02:54:12.160 +02:00 [INF] Updated PermissionSet 'default'
2026-07-10 02:54:16.438 +02:00 [INF] Updated PermissionSet 'admin'
2026-07-10 02:54:16.439 +02:00 [INF] Updating active permission set to 'admin'
2026-07-10 02:54:21.649 +02:00 [WRN] 'Me' is null.
2026-07-10 02:54:22.753 +02:00 [ERR] Exception thrown while trying to load 'resources/tilesets/water_shore_marker.png'
System.IO.FileNotFoundException: Could not find file 'F:\game code engine\Intersect_New\Intersect.Client\resources\tilesets\water_shore_marker.png'.
File name: 'F:\game code engine\Intersect_New\Intersect.Client\resources\tilesets\water_shore_marker.png'
   at Microsoft.Win32.SafeHandles.SafeFileHandle.CreateFile(String fullPath, FileMode mode, FileAccess access, FileShare share, FileOptions options)
   at Microsoft.Win32.SafeHandles.SafeFileHandle.Open(String fullPath, FileMode mode, FileAccess access, FileShare share, FileOptions options, Int64 preallocationSize, Nullable`1 unixCreateMode)
   at System.IO.Strategies.OSFileStreamStrategy..ctor(String path, FileMode mode, FileAccess access, FileShare share, FileOptions options, Int64 preallocationSize, Nullable`1 unixCreateMode)
   at System.IO.Strategies.FileStreamHelpers.ChooseStrategyCore(String path, FileMode mode, FileAccess access, FileShare share, FileOptions options, Int64 preallocationSize, Nullable`1 unixCreateMode)
   at System.IO.File.OpenRead(String path)
   at Intersect.Client.Framework.Graphics.GameRenderer.<>c__DisplayClass182_0.<LoadTexture>b__0() in F:\game code engine\Intersect_New\Intersect.Client.Framework\Graphics\GameRenderer.cs:line 1027
   at Intersect.Client.Framework.Graphics.GameTexture`2.LoadPlatformTexture(Boolean force) in F:\game code engine\Intersect_New\Intersect.Client.Framework\Graphics\GameTexture.cs:line 279
2026-07-10 02:54:22.768 +02:00 [INF] Built VBO for map 9802b09c-f592-4d93-8e11-d3424500716c 'Deep Forest' in 54.1382ms
2026-07-10 02:54:22.780 +02:00 [INF] Built VBO for map 15601ad4-9f26-4abe-a6c9-3a7eebaa3045 'Forest' in 11.6485ms
2026-07-10 02:54:22.796 +02:00 [INF] Built VBO for map d490222a-af25-4a7f-bec3-7ca8016e08d7 'New Map' in 11.0314ms
2026-07-10 02:54:22.925 +02:00 [INF] Built VBO for map a31f210c-f5fb-48bf-9db2-45fab2293a4c 'Forest' in 128.2734ms
2026-07-10 02:54:22.988 +02:00 [INF] Built VBO for map 27c6a7b2-4e9f-4316-9a0f-e13ec8e16ba2 'Forest' in 60.3051ms
2026-07-10 02:54:23.008 +02:00 [INF] Built VBO for map e341d25d-5ff4-4cd6-bcd5-2f2cda710c86 'Greenfall Vale' in 19.6065ms
2026-07-10 02:57:24.836 +02:00 [WRN] 'Me' is null.
2026-07-10 02:57:25.350 +02:00 [INF] Built VBO for map 9802b09c-f592-4d93-8e11-d3424500716c 'Deep Forest' in 8.0429ms
2026-07-10 02:57:25.360 +02:00 [INF] Built VBO for map 15601ad4-9f26-4abe-a6c9-3a7eebaa3045 'Forest' in 9.342ms
2026-07-10 02:57:25.370 +02:00 [INF] Built VBO for map d490222a-af25-4a7f-bec3-7ca8016e08d7 'New Map' in 8.0221ms
2026-07-10 02:57:25.423 +02:00 [INF] Built VBO for map a31f210c-f5fb-48bf-9db2-45fab2293a4c 'Forest' in 52.5834ms
2026-07-10 02:57:25.468 +02:00 [INF] Built VBO for map 27c6a7b2-4e9f-4316-9a0f-e13ec8e16ba2 'Forest' in 41.4735ms
2026-07-10 02:57:25.477 +02:00 [INF] Built VBO for map e341d25d-5ff4-4cd6-bcd5-2f2cda710c86 'Greenfall Vale' in 8.4688ms
2026-07-10 03:00:14.700 +02:00 [INF] System window closing (due to user interaction most likely).
2026-07-10 03:00:14.703 +02:00 [INF] Disconnected [6a2af3e5-e08e-4e4b-bd21-d6a3b439d632].
2026-07-10 03:00:14.704 +02:00 [INF] Updating active permission set to 'default'
2026-07-10 03:00:14.789 +02:00 [INF] Acquiring context lock... (0ms)
2026-07-10 03:00:14.789 +02:00 [INF] Acquired. (0ms)
2026-07-10 03:00:14.790 +02:00 [INF] Beginning context dispose. (0ms)
2026-07-10 03:00:14.790 +02:00 [INF] GC.SuppressFinalize (0ms)
2026-07-10 03:00:14.790 +02:00 [INF] InternalDispose() completed. (0ms)
2026-07-10 03:00:14.790 +02:00 [INF] Clearing instance... (1ms)
2026-07-10 03:00:14.790 +02:00 [INF] Releasing context lock... (1ms)
2026-07-10 03:00:14.791 +02:00 [INF] Released. (1ms)
