2026-04-07 17:41:22.590 +06:00 [INF] Starting Intersect Client v0.8.0.0-custom+32d39132dace1351f63375b261f241297dd35be8-dirty
2026-04-07 17:41:22.783 +06:00 [INF] Discovered service type: Intersect.Plugins.PluginService
2026-04-07 17:41:22.786 +06:00 [WRN] Directory was specified as a plugin directory but does not exist: 'resources\plugins'
2026-04-07 17:41:22.787 +06:00 [INF] Discovered 0 plugins:

2026-04-07 17:41:24.854 +06:00 [INF] Connecting to 127.0.0.1:5400...
2026-04-07 17:41:24.862 +06:00 [INF] Connected [f3ef2fe2-7f7c-467f-9d4d-7ab8db3ffcd8].
2026-04-07 17:41:24.867 +06:00 [INF] Connection approved [f3ef2fe2-7f7c-467f-9d4d-7ab8db3ffcd8].
2026-04-07 17:41:24.936 +06:00 [INF] Updated PermissionSet 'default'
2026-04-07 17:41:24.936 +06:00 [INF] Updated PermissionSet 'admin'
2026-04-07 17:41:33.599 +06:00 [WRN] Unable to add '_buttonLogout' to the JSON of MainMenu.SelectCharacterWindow._innerPanel._buttonsPanel because a sibling shares the same name
2026-04-07 17:41:34.832 +06:00 [WRN] 'Me' is null.
2026-04-07 17:41:35.375 +06:00 [INF] Built VBO for map 73ba8458-f8de-4f78-a254-c91b18418ed0 'test 3' in 15.9015ms
2026-04-07 17:41:35.387 +06:00 [INF] Built VBO for map 27c6a7b2-4e9f-4316-9a0f-e13ec8e16ba2 'New Map' in 7.3248ms
2026-04-07 17:50:45.309 +06:00 [INF] System window closing (due to user interaction most likely).
2026-04-07 17:50:45.312 +06:00 [INF] Disconnected [f3ef2fe2-7f7c-467f-9d4d-7ab8db3ffcd8].
2026-04-07 17:50:45.433 +06:00 [INF] Acquiring context lock... (0ms)
2026-04-07 17:50:45.433 +06:00 [INF] Acquired. (0ms)
2026-04-07 17:50:45.433 +06:00 [INF] Beginning context dispose. (0ms)
2026-04-07 17:50:45.434 +06:00 [INF] GC.SuppressFinalize (0ms)
2026-04-07 17:50:45.434 +06:00 [INF] InternalDispose() completed. (0ms)
2026-04-07 17:50:45.434 +06:00 [INF] Clearing instance... (1ms)
2026-04-07 17:50:45.434 +06:00 [INF] Releasing context lock... (1ms)
2026-04-07 17:50:45.434 +06:00 [INF] Released. (1ms)
