2026-05-26 14:08:45.673 +02:00 [INF] Starting Intersect Client v0.8.0.0-custom+32d39132dace1351f63375b261f241297dd35be8-dirty
2026-05-26 14:08:45.890 +02:00 [INF] Discovered service type: Intersect.Plugins.PluginService
2026-05-26 14:08:45.893 +02:00 [WRN] Directory was specified as a plugin directory but does not exist: 'resources\plugins'
2026-05-26 14:08:45.894 +02:00 [INF] Discovered 0 plugins:

2026-05-26 14:08:48.193 +02:00 [INF] Connecting to 127.0.0.1:5400...
2026-05-26 14:08:48.212 +02:00 [INF] Connected [eb22ddc2-bab9-40d1-aa49-1bc226b7c75f].
2026-05-26 14:08:48.231 +02:00 [INF] Connection approved [eb22ddc2-bab9-40d1-aa49-1bc226b7c75f].
2026-05-26 14:08:48.331 +02:00 [INF] Updated PermissionSet 'default'
2026-05-26 14:08:52.557 +02:00 [INF] Updated PermissionSet 'admin'
2026-05-26 14:08:52.558 +02:00 [INF] Updating active permission set to 'admin'
2026-05-26 14:08:53.067 +02:00 [WRN] 'Me' is null.
2026-05-26 14:08:53.804 +02:00 [INF] Built VBO for map d5c08240-0436-454a-8993-362abf5bc477 'New Map' in 12.43ms
2026-05-26 14:08:53.835 +02:00 [INF] Window light shader 'Intersect.Client.Resources.Shaders.windowlight.mgfxo' loaded successfully with 9 parameters
2026-05-26 14:14:26.908 +02:00 [INF] System window closing (due to user interaction most likely).
2026-05-26 14:14:26.911 +02:00 [INF] Disconnected [eb22ddc2-bab9-40d1-aa49-1bc226b7c75f].
2026-05-26 14:14:26.912 +02:00 [INF] Updating active permission set to 'default'
2026-05-26 14:14:26.953 +02:00 [INF] Acquiring context lock... (0ms)
2026-05-26 14:14:26.953 +02:00 [INF] Acquired. (0ms)
2026-05-26 14:14:26.954 +02:00 [INF] Beginning context dispose. (0ms)
2026-05-26 14:14:26.954 +02:00 [INF] GC.SuppressFinalize (0ms)
2026-05-26 14:14:26.954 +02:00 [INF] InternalDispose() completed. (0ms)
2026-05-26 14:14:26.954 +02:00 [INF] Clearing instance... (1ms)
2026-05-26 14:14:26.955 +02:00 [INF] Releasing context lock... (1ms)
2026-05-26 14:14:26.955 +02:00 [INF] Released. (1ms)
