2026-04-27 17:22:55.504 +06:00 [INF] Starting Intersect Client v0.8.0.0-custom+32d39132dace1351f63375b261f241297dd35be8-dirty
2026-04-27 17:22:55.705 +06:00 [INF] Discovered service type: Intersect.Plugins.PluginService
2026-04-27 17:22:55.709 +06:00 [WRN] Directory was specified as a plugin directory but does not exist: 'resources\plugins'
2026-04-27 17:22:55.709 +06:00 [INF] Discovered 0 plugins:

2026-04-27 17:22:57.928 +06:00 [INF] Connecting to 127.0.0.1:5400...
2026-04-27 17:22:57.949 +06:00 [INF] Connected [73ee591e-117f-4ea9-9ac7-2d2e2dfffe16].
2026-04-27 17:22:57.961 +06:00 [INF] Connection approved [73ee591e-117f-4ea9-9ac7-2d2e2dfffe16].
2026-04-27 17:22:58.056 +06:00 [INF] Updated PermissionSet 'default'
2026-04-27 17:23:02.135 +06:00 [INF] Updated PermissionSet 'admin'
2026-04-27 17:23:02.135 +06:00 [INF] Updating active permission set to 'admin'
2026-04-27 17:23:02.279 +06:00 [WRN] Unable to add '_buttonLogout' to the JSON of MainMenu.SelectCharacterWindow._innerPanel._buttonsPanel because a sibling shares the same name
2026-04-27 17:23:02.927 +06:00 [WRN] 'Me' is null.
2026-04-27 17:23:03.501 +06:00 [INF] Built VBO for map 27c6a7b2-4e9f-4316-9a0f-e13ec8e16ba2 'Forest' in 9.934ms
2026-04-27 17:25:14.154 +06:00 [INF] System window closing (due to user interaction most likely).
2026-04-27 17:25:14.157 +06:00 [INF] Disconnected [73ee591e-117f-4ea9-9ac7-2d2e2dfffe16].
2026-04-27 17:25:14.157 +06:00 [INF] Updating active permission set to 'default'
2026-04-27 17:25:14.201 +06:00 [INF] Acquiring context lock... (0ms)
2026-04-27 17:25:14.202 +06:00 [INF] Acquired. (0ms)
2026-04-27 17:25:14.202 +06:00 [INF] Beginning context dispose. (0ms)
2026-04-27 17:25:14.203 +06:00 [INF] GC.SuppressFinalize (0ms)
2026-04-27 17:25:14.203 +06:00 [INF] InternalDispose() completed. (0ms)
2026-04-27 17:25:14.203 +06:00 [INF] Clearing instance... (1ms)
2026-04-27 17:25:14.203 +06:00 [INF] Releasing context lock... (1ms)
2026-04-27 17:25:14.203 +06:00 [INF] Released. (1ms)
