2026-04-22 15:10:36.832 +06:00 [INF] Starting Intersect Client v0.8.0.0-custom+32d39132dace1351f63375b261f241297dd35be8-dirty
2026-04-22 15:10:37.060 +06:00 [INF] Discovered service type: Intersect.Plugins.PluginService
2026-04-22 15:10:37.064 +06:00 [WRN] Directory was specified as a plugin directory but does not exist: 'resources\plugins'
2026-04-22 15:10:37.065 +06:00 [INF] Discovered 0 plugins:

2026-04-22 15:10:40.142 +06:00 [INF] Connecting to 127.0.0.1:5400...
2026-04-22 15:10:40.159 +06:00 [INF] Connected [2506b119-3408-446d-b116-28f304a31c95].
2026-04-22 15:10:40.168 +06:00 [INF] Connection approved [2506b119-3408-446d-b116-28f304a31c95].
2026-04-22 15:10:40.258 +06:00 [INF] Updated PermissionSet 'default'
2026-04-22 15:10:46.234 +06:00 [INF] Updated PermissionSet 'admin'
2026-04-22 15:10:46.235 +06:00 [INF] Updating active permission set to 'admin'
2026-04-22 15:10:46.375 +06:00 [WRN] Unable to add '_buttonLogout' to the JSON of MainMenu.SelectCharacterWindow._innerPanel._buttonsPanel because a sibling shares the same name
2026-04-22 15:10:47.174 +06:00 [WRN] 'Me' is null.
2026-04-22 15:10:47.662 +06:00 [INF] Built VBO for map 27c6a7b2-4e9f-4316-9a0f-e13ec8e16ba2 'Forest' in 20.5706ms
2026-04-22 15:16:03.226 +06:00 [INF] System window closing (due to user interaction most likely).
2026-04-22 15:16:03.229 +06:00 [INF] Disconnected [2506b119-3408-446d-b116-28f304a31c95].
2026-04-22 15:16:03.230 +06:00 [INF] Updating active permission set to 'default'
2026-04-22 15:16:03.300 +06:00 [INF] Acquiring context lock... (0ms)
2026-04-22 15:16:03.300 +06:00 [INF] Acquired. (0ms)
2026-04-22 15:16:03.300 +06:00 [INF] Beginning context dispose. (0ms)
2026-04-22 15:16:03.301 +06:00 [INF] GC.SuppressFinalize (0ms)
2026-04-22 15:16:03.301 +06:00 [INF] InternalDispose() completed. (0ms)
2026-04-22 15:16:03.301 +06:00 [INF] Clearing instance... (1ms)
2026-04-22 15:16:03.301 +06:00 [INF] Releasing context lock... (1ms)
2026-04-22 15:16:03.301 +06:00 [INF] Released. (1ms)
