2026-04-17 02:08:39.542 +06:00 [INF] Starting Intersect Client v0.8.0.0-custom+32d39132dace1351f63375b261f241297dd35be8-dirty
2026-04-17 02:08:39.748 +06:00 [INF] Discovered service type: Intersect.Plugins.PluginService
2026-04-17 02:08:39.752 +06:00 [WRN] Directory was specified as a plugin directory but does not exist: 'resources\plugins'
2026-04-17 02:08:39.753 +06:00 [INF] Discovered 0 plugins:

2026-04-17 02:08:41.545 +06:00 [INF] Connecting to 127.0.0.1:5400...
2026-04-17 02:08:41.567 +06:00 [INF] Connected [8c914474-f046-4c70-9ae1-953fea6f18b3].
2026-04-17 02:08:41.581 +06:00 [INF] Connection approved [8c914474-f046-4c70-9ae1-953fea6f18b3].
2026-04-17 02:08:41.669 +06:00 [INF] Updated PermissionSet 'default'
2026-04-17 02:08:45.373 +06:00 [INF] Updated PermissionSet 'admin'
2026-04-17 02:08:45.373 +06:00 [INF] Updating active permission set to 'admin'
2026-04-17 02:08:45.534 +06:00 [WRN] Unable to add '_buttonLogout' to the JSON of MainMenu.SelectCharacterWindow._innerPanel._buttonsPanel because a sibling shares the same name
2026-04-17 02:08:46.563 +06:00 [WRN] 'Me' is null.
2026-04-17 02:08:47.142 +06:00 [INF] Built VBO for map 23630ac6-4461-460d-8a3b-9a0d4477096f 'test 8' in 17.7761ms
2026-04-17 02:08:47.191 +06:00 [INF] Built VBO for map 73ba8458-f8de-4f78-a254-c91b18418ed0 'forest' in 43.5103ms
2026-04-17 02:09:21.974 +06:00 [WRN] 'Me' is null.
2026-04-17 02:09:22.032 +06:00 [WRN] Tried to load entity "61ed0bb5-9e5b-4b3d-b7c0-e4d65a623456" (test356) from packet before in-game UI was ready
2026-04-17 02:09:22.032 +06:00 [WRN] Tried to load entity "61ed0bb5-9e5b-4b3d-b7c0-e4d65a623456" (test356) from packet before in-game UI was ready
2026-04-17 02:09:22.209 +06:00 [INF] Built VBO for map 23630ac6-4461-460d-8a3b-9a0d4477096f 'test 8' in 17.2543ms
2026-04-17 02:09:22.213 +06:00 [INF] Built VBO for map 73ba8458-f8de-4f78-a254-c91b18418ed0 'forest' in 2.9706ms
2026-04-17 02:11:44.016 +06:00 [INF] System window closing (due to user interaction most likely).
2026-04-17 02:11:44.019 +06:00 [INF] Disconnected [8c914474-f046-4c70-9ae1-953fea6f18b3].
2026-04-17 02:11:44.019 +06:00 [INF] Updating active permission set to 'default'
2026-04-17 02:11:44.041 +06:00 [INF] Acquiring context lock... (0ms)
2026-04-17 02:11:44.041 +06:00 [INF] Acquired. (0ms)
2026-04-17 02:11:44.042 +06:00 [INF] Beginning context dispose. (0ms)
2026-04-17 02:11:44.042 +06:00 [INF] GC.SuppressFinalize (0ms)
2026-04-17 02:11:44.042 +06:00 [INF] InternalDispose() completed. (0ms)
2026-04-17 02:11:44.042 +06:00 [INF] Clearing instance... (1ms)
2026-04-17 02:11:44.042 +06:00 [INF] Releasing context lock... (1ms)
2026-04-17 02:11:44.042 +06:00 [INF] Released. (1ms)
