2026-05-25 12:08:32.091 +02:00 [INF] Starting Intersect Client v0.8.0.0-custom+32d39132dace1351f63375b261f241297dd35be8-dirty
2026-05-25 12:08:32.309 +02:00 [INF] Discovered service type: Intersect.Plugins.PluginService
2026-05-25 12:08:32.312 +02:00 [WRN] Directory was specified as a plugin directory but does not exist: 'resources\plugins'
2026-05-25 12:08:32.313 +02:00 [INF] Discovered 0 plugins:

2026-05-25 12:08:37.890 +02:00 [INF] Connecting to 127.0.0.1:5400...
2026-05-25 12:08:37.908 +02:00 [INF] Connected [20d974c7-32e4-4627-bed5-fe9805ea121a].
2026-05-25 12:08:37.920 +02:00 [INF] Connection approved [20d974c7-32e4-4627-bed5-fe9805ea121a].
2026-05-25 12:08:38.026 +02:00 [INF] Updated PermissionSet 'default'
2026-05-25 12:08:51.936 +02:00 [INF] Updated PermissionSet 'admin'
2026-05-25 12:08:51.936 +02:00 [INF] Updating active permission set to 'admin'
2026-05-25 12:08:52.626 +02:00 [WRN] 'Me' is null.
2026-05-25 12:08:53.412 +02:00 [INF] Built VBO for map a31f210c-f5fb-48bf-9db2-45fab2293a4c 'Forest' in 103.0366ms
2026-05-25 12:08:53.512 +02:00 [INF] Built VBO for map 27c6a7b2-4e9f-4316-9a0f-e13ec8e16ba2 'Forest' in 63.6248ms
2026-05-25 12:10:03.622 +02:00 [INF] Built VBO for map 27c6a7b2-4e9f-4316-9a0f-e13ec8e16ba2 'Forest' in 44.9126ms
2026-05-25 12:10:10.668 +02:00 [INF] Built VBO for map e341d25d-5ff4-4cd6-bcd5-2f2cda710c86 'Forest' in 8.1626ms
2026-05-25 12:10:32.692 +02:00 [INF] Built VBO for map 27c6a7b2-4e9f-4316-9a0f-e13ec8e16ba2 'Forest' in 13.9818ms
2026-05-25 12:10:44.161 +02:00 [INF] Built VBO for map a31f210c-f5fb-48bf-9db2-45fab2293a4c 'Forest' in 40.2685ms
2026-05-25 12:11:15.847 +02:00 [INF] Built VBO for map 27c6a7b2-4e9f-4316-9a0f-e13ec8e16ba2 'Forest' in 42.3536ms
2026-05-25 12:11:40.898 +02:00 [INF] Built VBO for map 27c6a7b2-4e9f-4316-9a0f-e13ec8e16ba2 'Forest' in 52.4856ms
2026-05-25 12:11:45.920 +02:00 [INF] Built VBO for map 27c6a7b2-4e9f-4316-9a0f-e13ec8e16ba2 'Forest' in 39.1943ms
2026-05-25 12:23:08.228 +02:00 [INF] System window closing (due to user interaction most likely).
2026-05-25 12:23:08.231 +02:00 [INF] Disconnected [20d974c7-32e4-4627-bed5-fe9805ea121a].
2026-05-25 12:23:08.232 +02:00 [INF] Updating active permission set to 'default'
2026-05-25 12:23:08.254 +02:00 [INF] Acquiring context lock... (0ms)
2026-05-25 12:23:08.254 +02:00 [INF] Acquired. (0ms)
2026-05-25 12:23:08.255 +02:00 [INF] Beginning context dispose. (0ms)
2026-05-25 12:23:08.255 +02:00 [INF] GC.SuppressFinalize (0ms)
2026-05-25 12:23:08.256 +02:00 [INF] InternalDispose() completed. (0ms)
2026-05-25 12:23:08.256 +02:00 [INF] Clearing instance... (1ms)
2026-05-25 12:23:08.256 +02:00 [INF] Releasing context lock... (1ms)
2026-05-25 12:23:08.256 +02:00 [INF] Released. (1ms)
