2026-05-20 12:57:35.919 +02:00 [INF] Starting Intersect Client v0.8.0.0-custom+32d39132dace1351f63375b261f241297dd35be8-dirty
2026-05-20 12:57:36.127 +02:00 [INF] Discovered service type: Intersect.Plugins.PluginService
2026-05-20 12:57:36.131 +02:00 [WRN] Directory was specified as a plugin directory but does not exist: 'resources\plugins'
2026-05-20 12:57:36.132 +02:00 [INF] Discovered 0 plugins:

2026-05-20 12:57:38.192 +02:00 [INF] Connecting to 127.0.0.1:5400...
2026-05-20 12:57:38.214 +02:00 [INF] Connected [850f6890-d06b-4c43-b85b-d5db21113775].
2026-05-20 12:57:38.226 +02:00 [INF] Connection approved [850f6890-d06b-4c43-b85b-d5db21113775].
2026-05-20 12:57:38.348 +02:00 [INF] Updated PermissionSet 'default'
2026-05-20 12:57:42.235 +02:00 [INF] Updated PermissionSet 'admin'
2026-05-20 12:57:42.235 +02:00 [INF] Updating active permission set to 'admin'
2026-05-20 12:57:42.692 +02:00 [WRN] 'Me' is null.
2026-05-20 12:57:43.445 +02:00 [INF] Built VBO for map e341d25d-5ff4-4cd6-bcd5-2f2cda710c86 'Forest' in 14.323ms
2026-05-20 12:58:36.901 +02:00 [INF] Built VBO for map e341d25d-5ff4-4cd6-bcd5-2f2cda710c86 'Forest' in 2.5624ms
2026-05-20 12:59:25.453 +02:00 [INF] Built VBO for map e341d25d-5ff4-4cd6-bcd5-2f2cda710c86 'Forest' in 3.9324ms
2026-05-20 13:00:13.967 +02:00 [INF] Built VBO for map e341d25d-5ff4-4cd6-bcd5-2f2cda710c86 'Forest' in 3.075ms
2026-05-20 13:00:28.554 +02:00 [INF] Built VBO for map e341d25d-5ff4-4cd6-bcd5-2f2cda710c86 'Forest' in 2.6553ms
2026-05-20 13:00:37.867 +02:00 [INF] Built VBO for map e341d25d-5ff4-4cd6-bcd5-2f2cda710c86 'Forest' in 2.852ms
2026-05-20 13:01:15.160 +02:00 [INF] Built VBO for map e341d25d-5ff4-4cd6-bcd5-2f2cda710c86 'Forest' in 2.9529ms
2026-05-20 13:05:10.602 +02:00 [INF] System window closing (due to user interaction most likely).
2026-05-20 13:05:10.605 +02:00 [INF] Disconnected [850f6890-d06b-4c43-b85b-d5db21113775].
2026-05-20 13:05:10.606 +02:00 [INF] Updating active permission set to 'default'
2026-05-20 13:05:10.792 +02:00 [INF] Acquiring context lock... (0ms)
2026-05-20 13:05:10.792 +02:00 [INF] Acquired. (0ms)
2026-05-20 13:05:10.793 +02:00 [INF] Beginning context dispose. (0ms)
2026-05-20 13:05:10.793 +02:00 [INF] GC.SuppressFinalize (0ms)
2026-05-20 13:05:10.793 +02:00 [INF] InternalDispose() completed. (0ms)
2026-05-20 13:05:10.793 +02:00 [INF] Clearing instance... (1ms)
2026-05-20 13:05:10.793 +02:00 [INF] Releasing context lock... (1ms)
2026-05-20 13:05:10.793 +02:00 [INF] Released. (1ms)
