2026-05-17 13:15:45.688 +02:00 [INF] Starting Intersect Client v0.8.0.0-custom+32d39132dace1351f63375b261f241297dd35be8-dirty
2026-05-17 13:15:45.903 +02:00 [INF] Discovered service type: Intersect.Plugins.PluginService
2026-05-17 13:15:45.906 +02:00 [WRN] Directory was specified as a plugin directory but does not exist: 'resources\plugins'
2026-05-17 13:15:45.907 +02:00 [INF] Discovered 0 plugins:

2026-05-17 13:15:47.905 +02:00 [INF] Connecting to 127.0.0.1:5400...
2026-05-17 13:15:47.915 +02:00 [INF] Connected [616b462a-6bfe-44ad-b9ba-5c7a9adee984].
2026-05-17 13:15:47.932 +02:00 [INF] Connection approved [616b462a-6bfe-44ad-b9ba-5c7a9adee984].
2026-05-17 13:15:48.054 +02:00 [INF] Updated PermissionSet 'default'
2026-05-17 13:15:48.054 +02:00 [INF] Updated PermissionSet 'admin'
2026-05-17 13:15:51.950 +02:00 [INF] Updating active permission set to 'admin'
2026-05-17 13:15:52.759 +02:00 [WRN] 'Me' is null.
2026-05-17 13:15:53.163 +02:00 [WRN] Failed to deserialized cached data for ObjectCacheKey { Id = Id { Guid = 27c6a7b2-4e9f-4316-9a0f-e13ec8e16ba2 }, Checksum = , Version =  }, will fetch again
2026-05-17 13:15:53.572 +02:00 [INF] Built VBO for map 27c6a7b2-4e9f-4316-9a0f-e13ec8e16ba2 'Forest' in 32.7552ms
2026-05-17 13:16:21.654 +02:00 [INF] Built VBO for map 27c6a7b2-4e9f-4316-9a0f-e13ec8e16ba2 'Forest' in 7.2387ms
2026-05-17 13:16:31.293 +02:00 [INF] Built VBO for map 27c6a7b2-4e9f-4316-9a0f-e13ec8e16ba2 'Forest' in 6.038ms
2026-05-17 13:18:29.713 +02:00 [INF] Built VBO for map e341d25d-5ff4-4cd6-bcd5-2f2cda710c86 'Forest' in 7.4646ms
2026-05-17 13:19:22.346 +02:00 [INF] System window closing (due to user interaction most likely).
2026-05-17 13:19:22.349 +02:00 [INF] Disconnected [616b462a-6bfe-44ad-b9ba-5c7a9adee984].
2026-05-17 13:19:22.350 +02:00 [INF] Updating active permission set to 'default'
2026-05-17 13:19:22.401 +02:00 [INF] Acquiring context lock... (0ms)
2026-05-17 13:19:22.402 +02:00 [INF] Acquired. (0ms)
2026-05-17 13:19:22.402 +02:00 [INF] Beginning context dispose. (0ms)
2026-05-17 13:19:22.403 +02:00 [INF] GC.SuppressFinalize (0ms)
2026-05-17 13:19:22.403 +02:00 [INF] InternalDispose() completed. (0ms)
2026-05-17 13:19:22.403 +02:00 [INF] Clearing instance... (1ms)
2026-05-17 13:19:22.403 +02:00 [INF] Releasing context lock... (1ms)
2026-05-17 13:19:22.403 +02:00 [INF] Released. (1ms)
