2026-04-22 13:45:04.617 +06:00 [INF] Starting Intersect Client v0.8.0.0-custom+32d39132dace1351f63375b261f241297dd35be8-dirty
2026-04-22 13:45:04.811 +06:00 [INF] Discovered service type: Intersect.Plugins.PluginService
2026-04-22 13:45:04.815 +06:00 [WRN] Directory was specified as a plugin directory but does not exist: 'resources\plugins'
2026-04-22 13:45:04.816 +06:00 [INF] Discovered 0 plugins:

2026-04-22 13:45:07.093 +06:00 [INF] Connecting to 127.0.0.1:5400...
2026-04-22 13:45:07.111 +06:00 [INF] Connected [ea0d805b-927b-4f34-94ab-3193afd94cae].
2026-04-22 13:45:07.129 +06:00 [INF] Connection approved [ea0d805b-927b-4f34-94ab-3193afd94cae].
2026-04-22 13:45:07.230 +06:00 [INF] Updated PermissionSet 'default'
2026-04-22 13:45:10.785 +06:00 [INF] Updated PermissionSet 'admin'
2026-04-22 13:45:10.785 +06:00 [INF] Updating active permission set to 'admin'
2026-04-22 13:45:10.929 +06:00 [WRN] Unable to add '_buttonLogout' to the JSON of MainMenu.SelectCharacterWindow._innerPanel._buttonsPanel because a sibling shares the same name
2026-04-22 13:45:11.825 +06:00 [WRN] 'Me' is null.
2026-04-22 13:45:12.368 +06:00 [INF] Built VBO for map 27c6a7b2-4e9f-4316-9a0f-e13ec8e16ba2 'Forest' in 23.7031ms
2026-04-22 13:48:46.205 +06:00 [INF] Built VBO for map 27c6a7b2-4e9f-4316-9a0f-e13ec8e16ba2 'Forest' in 3.005ms
2026-04-22 13:51:36.913 +06:00 [INF] Built VBO for map 27c6a7b2-4e9f-4316-9a0f-e13ec8e16ba2 'Forest' in 3.6245ms
2026-04-22 13:52:10.193 +06:00 [INF] Built VBO for map 27c6a7b2-4e9f-4316-9a0f-e13ec8e16ba2 'Forest' in 2.263ms
2026-04-22 13:52:19.430 +06:00 [INF] Built VBO for map 27c6a7b2-4e9f-4316-9a0f-e13ec8e16ba2 'Forest' in 2.3021ms
2026-04-22 13:52:23.480 +06:00 [INF] Built VBO for map 27c6a7b2-4e9f-4316-9a0f-e13ec8e16ba2 'Forest' in 2.292ms
2026-04-22 13:53:03.958 +06:00 [INF] Built VBO for map 27c6a7b2-4e9f-4316-9a0f-e13ec8e16ba2 'Forest' in 3.1177ms
2026-04-22 13:53:16.546 +06:00 [INF] Built VBO for map 27c6a7b2-4e9f-4316-9a0f-e13ec8e16ba2 'Forest' in 2.2054ms
2026-04-22 13:53:52.359 +06:00 [INF] Built VBO for map 27c6a7b2-4e9f-4316-9a0f-e13ec8e16ba2 'Forest' in 2.23ms
2026-04-22 13:54:00.669 +06:00 [INF] Built VBO for map 27c6a7b2-4e9f-4316-9a0f-e13ec8e16ba2 'Forest' in 2.1496ms
2026-04-22 13:54:34.639 +06:00 [INF] Built VBO for map 27c6a7b2-4e9f-4316-9a0f-e13ec8e16ba2 'Forest' in 2.2521ms
2026-04-22 13:54:47.917 +06:00 [INF] Built VBO for map 27c6a7b2-4e9f-4316-9a0f-e13ec8e16ba2 'Forest' in 2.1993ms
2026-04-22 13:55:01.515 +06:00 [INF] Built VBO for map 27c6a7b2-4e9f-4316-9a0f-e13ec8e16ba2 'Forest' in 2.2457ms
2026-04-22 13:55:14.446 +06:00 [INF] Built VBO for map 27c6a7b2-4e9f-4316-9a0f-e13ec8e16ba2 'Forest' in 2.2375ms
2026-04-22 13:55:24.210 +06:00 [INF] Built VBO for map 27c6a7b2-4e9f-4316-9a0f-e13ec8e16ba2 'Forest' in 2.3381ms
2026-04-22 13:55:33.764 +06:00 [INF] Built VBO for map 27c6a7b2-4e9f-4316-9a0f-e13ec8e16ba2 'Forest' in 2.3049ms
2026-04-22 13:55:40.046 +06:00 [INF] Built VBO for map 27c6a7b2-4e9f-4316-9a0f-e13ec8e16ba2 'Forest' in 2.2207ms
2026-04-22 13:56:28.295 +06:00 [INF] Built VBO for map 27c6a7b2-4e9f-4316-9a0f-e13ec8e16ba2 'Forest' in 2.1647ms
2026-04-22 13:57:40.454 +06:00 [INF] Built VBO for map 27c6a7b2-4e9f-4316-9a0f-e13ec8e16ba2 'Forest' in 2.1577ms
2026-04-22 14:00:45.710 +06:00 [INF] Built VBO for map c15f8299-8999-471f-9760-388ff4cdec7c 'Forest' in 7.0577ms
2026-04-22 14:04:12.450 +06:00 [WRN] 'Me' is null.
2026-04-22 14:04:12.461 +06:00 [WRN] Tried to load entity "31d24595-6847-4bec-b802-87b05f4da3a9" (Oran) from packet before in-game UI was ready
2026-04-22 14:04:12.461 +06:00 [FTL] Game is crashing due to an exception
System.InvalidOperationException: In-game UI not initialized
   at Intersect.Client.Interface.Interface.get_GameUi() in F:\game code engine\Intersect_New\Intersect.Client.Core\Interface\Interface.cs:line 56
   at Intersect.Client.Networking.PacketHandler.HandlePacket(IPacketSender packetSender, PlayerDeathPacket packet) in F:\game code engine\Intersect_New\Intersect.Client.Core\Networking\PacketHandler.cs:line 2222
   at Intersect.Network.PacketHandlerRegistry.<>c__DisplayClass36_1`2.<CreateWeaklyTypedDelegateForMethodInfo>b__1(IPacketSender packetSender, IPacket packet) in F:\game code engine\Intersect_New\Framework\Intersect.Framework.Core\Network\PacketHandlerRegistry.cs:line 100
   at Intersect.Client.Networking.PacketHandler.HandlePacket(IPacket packet) in F:\game code engine\Intersect_New\Intersect.Client.Core\Networking\PacketHandler.cs:line 153
   at Intersect.Client.Networking.Network.OnDataReceived(IPacket packet) in F:\game code engine\Intersect_New\Intersect.Client.Core\Networking\Network.cs:line 150
   at Intersect.Client.Framework.Network.GameSocket.OnDataReceived(IPacket packet) in F:\game code engine\Intersect_New\Intersect.Client.Framework\Network\GameSocket.cs:line 33
   at Intersect.Client.MonoGame.Network.MonoSocket.Update() in F:\game code engine\Intersect_New\Intersect.Client.Core\MonoGame\Network\MonoSocket.cs:line 210
   at Intersect.Client.Networking.Network.Update() in F:\game code engine\Intersect_New\Intersect.Client.Core\Networking\Network.cs:line 198
   at Intersect.Client.Core.Main.Update(TimeSpan deltaTime) in F:\game code engine\Intersect_New\Intersect.Client.Core\Core\Main.cs:line 66
   at Intersect.Client.MonoGame.IntersectGame.Update(GameTime gameTime) in F:\game code engine\Intersect_New\Intersect.Client.Core\MonoGame\IntersectGame.cs:line 230
   at Microsoft.Xna.Framework.Game.Tick()
   at Microsoft.Xna.Framework.SdlGamePlatform.RunLoop()
   at Microsoft.Xna.Framework.Game.Run(GameRunBehavior runBehavior)
   at Microsoft.Xna.Framework.Game.Run()
   at Intersect.Client.MonoGame.IntersectGame.MonoGameRunner.Start(IClientContext context, Action postStartupAction) in F:\game code engine\Intersect_New\Intersect.Client.Core\MonoGame\IntersectGame.cs:line 633
2026-04-22 14:04:12.548 +06:00 [INF] Acquiring context lock... (0ms)
2026-04-22 14:04:12.548 +06:00 [INF] Acquired. (0ms)
2026-04-22 14:04:12.549 +06:00 [INF] Beginning context dispose. (0ms)
2026-04-22 14:04:12.549 +06:00 [INF] GC.SuppressFinalize (0ms)
2026-04-22 14:04:12.549 +06:00 [INF] InternalDispose() completed. (0ms)
2026-04-22 14:04:12.549 +06:00 [INF] Clearing instance... (1ms)
2026-04-22 14:04:12.549 +06:00 [INF] Releasing context lock... (1ms)
2026-04-22 14:04:12.549 +06:00 [INF] Released. (1ms)
2026-04-22 14:04:12.549 +06:00 [ERR] Failed to start application context
System.InvalidOperationException: In-game UI not initialized
   at Intersect.Client.Interface.Interface.get_GameUi() in F:\game code engine\Intersect_New\Intersect.Client.Core\Interface\Interface.cs:line 56
   at Intersect.Client.Networking.PacketHandler.HandlePacket(IPacketSender packetSender, PlayerDeathPacket packet) in F:\game code engine\Intersect_New\Intersect.Client.Core\Networking\PacketHandler.cs:line 2222
   at Intersect.Network.PacketHandlerRegistry.<>c__DisplayClass36_1`2.<CreateWeaklyTypedDelegateForMethodInfo>b__1(IPacketSender packetSender, IPacket packet) in F:\game code engine\Intersect_New\Framework\Intersect.Framework.Core\Network\PacketHandlerRegistry.cs:line 100
   at Intersect.Client.Networking.PacketHandler.HandlePacket(IPacket packet) in F:\game code engine\Intersect_New\Intersect.Client.Core\Networking\PacketHandler.cs:line 153
   at Intersect.Client.Networking.Network.OnDataReceived(IPacket packet) in F:\game code engine\Intersect_New\Intersect.Client.Core\Networking\Network.cs:line 150
   at Intersect.Client.Framework.Network.GameSocket.OnDataReceived(IPacket packet) in F:\game code engine\Intersect_New\Intersect.Client.Framework\Network\GameSocket.cs:line 33
   at Intersect.Client.MonoGame.Network.MonoSocket.Update() in F:\game code engine\Intersect_New\Intersect.Client.Core\MonoGame\Network\MonoSocket.cs:line 210
   at Intersect.Client.Networking.Network.Update() in F:\game code engine\Intersect_New\Intersect.Client.Core\Networking\Network.cs:line 198
   at Intersect.Client.Core.Main.Update(TimeSpan deltaTime) in F:\game code engine\Intersect_New\Intersect.Client.Core\Core\Main.cs:line 66
   at Intersect.Client.MonoGame.IntersectGame.Update(GameTime gameTime) in F:\game code engine\Intersect_New\Intersect.Client.Core\MonoGame\IntersectGame.cs:line 230
   at Microsoft.Xna.Framework.Game.Tick()
   at Microsoft.Xna.Framework.SdlGamePlatform.RunLoop()
   at Microsoft.Xna.Framework.Game.Run(GameRunBehavior runBehavior)
   at Microsoft.Xna.Framework.Game.Run()
   at Intersect.Client.MonoGame.IntersectGame.MonoGameRunner.Start(IClientContext context, Action postStartupAction) in F:\game code engine\Intersect_New\Intersect.Client.Core\MonoGame\IntersectGame.cs:line 633
   at Intersect.Client.Core.ClientContext.InternalStart() in F:\game code engine\Intersect_New\Intersect.Client.Core\Core\ClientContext.cs:line 97
   at Intersect.Core.ApplicationContext`2.Start(Boolean lockUntilShutdown) in F:\game code engine\Intersect_New\Intersect (Core)\Core\ApplicationContext`2.cs:line 245
