2026-05-13 07:51:21.622 +02:00 [INF] Starting Intersect Client v0.8.0.0-custom+32d39132dace1351f63375b261f241297dd35be8-dirty
2026-05-13 07:51:21.845 +02:00 [INF] Discovered service type: Intersect.Plugins.PluginService
2026-05-13 07:51:21.849 +02:00 [WRN] Directory was specified as a plugin directory but does not exist: 'resources\plugins'
2026-05-13 07:51:21.850 +02:00 [INF] Discovered 0 plugins:

2026-05-13 07:51:24.874 +02:00 [INF] Connecting to 127.0.0.1:5400...
2026-05-13 07:51:24.895 +02:00 [INF] Connected [1a0747f7-05d1-4be0-8375-f930107fee45].
2026-05-13 07:51:24.915 +02:00 [INF] Connection approved [1a0747f7-05d1-4be0-8375-f930107fee45].
2026-05-13 07:51:25.008 +02:00 [INF] Updated PermissionSet 'default'
2026-05-13 07:51:29.501 +02:00 [INF] Updated PermissionSet 'admin'
2026-05-13 07:51:29.502 +02:00 [INF] Updating active permission set to 'admin'
2026-05-13 07:51:30.444 +02:00 [WRN] 'Me' is null.
2026-05-13 07:51:31.079 +02:00 [INF] Built VBO for map a31f210c-f5fb-48bf-9db2-45fab2293a4c 'Forest' in 12.3885ms
2026-05-13 07:51:31.115 +02:00 [INF] Built VBO for map 27c6a7b2-4e9f-4316-9a0f-e13ec8e16ba2 'Forest' in 32.447ms
2026-05-13 07:53:38.847 +02:00 [INF] System window closing (due to user interaction most likely).
2026-05-13 07:53:38.850 +02:00 [INF] Disconnected [1a0747f7-05d1-4be0-8375-f930107fee45].
2026-05-13 07:53:38.851 +02:00 [INF] Updating active permission set to 'default'
2026-05-13 07:53:38.881 +02:00 [INF] Acquiring context lock... (0ms)
2026-05-13 07:53:38.881 +02:00 [INF] Acquired. (0ms)
2026-05-13 07:53:38.881 +02:00 [INF] Beginning context dispose. (0ms)
2026-05-13 07:53:38.882 +02:00 [INF] GC.SuppressFinalize (0ms)
2026-05-13 07:53:38.882 +02:00 [INF] InternalDispose() completed. (0ms)
2026-05-13 07:53:38.882 +02:00 [INF] Clearing instance... (1ms)
2026-05-13 07:53:38.882 +02:00 [INF] Releasing context lock... (1ms)
2026-05-13 07:53:38.882 +02:00 [INF] Released. (1ms)
