2026-06-09 17:23:51.212 +02:00 [INF] Starting Intersect Client v0.8.0.0-custom+32d39132dace1351f63375b261f241297dd35be8-dirty
2026-06-09 17:23:51.431 +02:00 [INF] Discovered service type: Intersect.Plugins.PluginService
2026-06-09 17:23:51.435 +02:00 [WRN] Directory was specified as a plugin directory but does not exist: 'resources\plugins'
2026-06-09 17:23:51.436 +02:00 [INF] Discovered 0 plugins:

2026-06-09 17:24:07.929 +02:00 [INF] Connecting to 127.0.0.1:5400...
2026-06-09 17:24:07.938 +02:00 [INF] Connected [839184d7-f627-45d5-b90c-6c1b0a949185].
2026-06-09 17:24:07.948 +02:00 [INF] Connection approved [839184d7-f627-45d5-b90c-6c1b0a949185].
2026-06-09 17:24:08.040 +02:00 [INF] Updated PermissionSet 'default'
2026-06-09 17:24:08.040 +02:00 [INF] Updated PermissionSet 'admin'
2026-06-09 17:24:13.299 +02:00 [INF] Updating active permission set to 'admin'
2026-06-09 17:24:13.892 +02:00 [WRN] 'Me' is null.
2026-06-09 17:24:15.235 +02:00 [INF] Built VBO for map 9802b09c-f592-4d93-8e11-d3424500716c 'Forest' in 39.8732ms
2026-06-09 17:24:15.240 +02:00 [INF] Built VBO for map 15601ad4-9f26-4abe-a6c9-3a7eebaa3045 'Forest' in 3.8398ms
2026-06-09 17:24:15.288 +02:00 [ERR] Exception thrown while trying to load 'resources/tilesets/water_shore_marker.png'
System.IO.FileNotFoundException: Could not find file 'F:\game code engine\Intersect_New\Intersect.Client\resources\tilesets\water_shore_marker.png'.
File name: 'F:\game code engine\Intersect_New\Intersect.Client\resources\tilesets\water_shore_marker.png'
   at Microsoft.Win32.SafeHandles.SafeFileHandle.CreateFile(String fullPath, FileMode mode, FileAccess access, FileShare share, FileOptions options)
   at Microsoft.Win32.SafeHandles.SafeFileHandle.Open(String fullPath, FileMode mode, FileAccess access, FileShare share, FileOptions options, Int64 preallocationSize, Nullable`1 unixCreateMode)
   at System.IO.Strategies.OSFileStreamStrategy..ctor(String path, FileMode mode, FileAccess access, FileShare share, FileOptions options, Int64 preallocationSize, Nullable`1 unixCreateMode)
   at System.IO.Strategies.FileStreamHelpers.ChooseStrategyCore(String path, FileMode mode, FileAccess access, FileShare share, FileOptions options, Int64 preallocationSize, Nullable`1 unixCreateMode)
   at System.IO.File.OpenRead(String path)
   at Intersect.Client.Framework.Graphics.GameRenderer.<>c__DisplayClass177_0.<LoadTexture>b__0() in F:\game code engine\Intersect_New\Intersect.Client.Framework\Graphics\GameRenderer.cs:line 934
   at Intersect.Client.Framework.Graphics.GameTexture`2.LoadPlatformTexture(Boolean force) in F:\game code engine\Intersect_New\Intersect.Client.Framework\Graphics\GameTexture.cs:line 279
2026-06-09 17:24:15.291 +02:00 [INF] Built VBO for map a31f210c-f5fb-48bf-9db2-45fab2293a4c 'Forest' in 41.0784ms
2026-06-09 17:24:15.341 +02:00 [INF] Built VBO for map 27c6a7b2-4e9f-4316-9a0f-e13ec8e16ba2 'Forest' in 49.5718ms
2026-06-09 17:24:15.344 +02:00 [INF] Built VBO for map e341d25d-5ff4-4cd6-bcd5-2f2cda710c86 'town' in 1.3471ms
2026-06-09 17:24:15.849 +02:00 [INF] Built VBO for map 27c6a7b2-4e9f-4316-9a0f-e13ec8e16ba2 'Forest' in 20.0727ms
2026-06-09 17:24:40.893 +02:00 [INF] Built VBO for map 9802b09c-f592-4d93-8e11-d3424500716c 'Forest' in 2.9896ms
2026-06-09 17:24:40.925 +02:00 [INF] Built VBO for map 27c6a7b2-4e9f-4316-9a0f-e13ec8e16ba2 'Forest' in 31.4495ms
2026-06-09 17:24:40.996 +02:00 [INF] Built VBO for map 15601ad4-9f26-4abe-a6c9-3a7eebaa3045 'Forest' in 1.5555ms
2026-06-09 17:24:41.068 +02:00 [INF] Built VBO for map a31f210c-f5fb-48bf-9db2-45fab2293a4c 'Forest' in 6.0818ms
2026-06-09 17:24:41.134 +02:00 [INF] Built VBO for map e341d25d-5ff4-4cd6-bcd5-2f2cda710c86 'town' in 1.2327ms
2026-06-09 17:24:55.975 +02:00 [INF] Built VBO for map 9802b09c-f592-4d93-8e11-d3424500716c 'Forest' in 3.0501ms
2026-06-09 17:24:56.010 +02:00 [INF] Built VBO for map 27c6a7b2-4e9f-4316-9a0f-e13ec8e16ba2 'Forest' in 34.0948ms
2026-06-09 17:24:56.079 +02:00 [INF] Built VBO for map 15601ad4-9f26-4abe-a6c9-3a7eebaa3045 'Forest' in 1.1691ms
2026-06-09 17:24:56.152 +02:00 [INF] Built VBO for map a31f210c-f5fb-48bf-9db2-45fab2293a4c 'Forest' in 4.8726ms
2026-06-09 17:24:56.219 +02:00 [INF] Built VBO for map e341d25d-5ff4-4cd6-bcd5-2f2cda710c86 'town' in 1.1374ms
2026-06-09 17:25:03.004 +02:00 [INF] Built VBO for map 27c6a7b2-4e9f-4316-9a0f-e13ec8e16ba2 'Forest' in 16.8699ms
2026-06-09 17:25:32.476 +02:00 [INF] Built VBO for map 9802b09c-f592-4d93-8e11-d3424500716c 'Forest' in 2.7816ms
2026-06-09 17:25:32.509 +02:00 [INF] Built VBO for map 27c6a7b2-4e9f-4316-9a0f-e13ec8e16ba2 'Forest' in 33.2002ms
2026-06-09 17:25:32.578 +02:00 [INF] Built VBO for map 15601ad4-9f26-4abe-a6c9-3a7eebaa3045 'Forest' in 1.3492ms
2026-06-09 17:25:32.650 +02:00 [INF] Built VBO for map a31f210c-f5fb-48bf-9db2-45fab2293a4c 'Forest' in 5.1558ms
2026-06-09 17:25:32.716 +02:00 [INF] Built VBO for map e341d25d-5ff4-4cd6-bcd5-2f2cda710c86 'town' in 1.1855ms
2026-06-09 17:26:17.683 +02:00 [INF] Built VBO for map 9802b09c-f592-4d93-8e11-d3424500716c 'Forest' in 2.8477ms
2026-06-09 17:26:17.713 +02:00 [INF] Built VBO for map 27c6a7b2-4e9f-4316-9a0f-e13ec8e16ba2 'Forest' in 29.0834ms
2026-06-09 17:26:17.784 +02:00 [INF] Built VBO for map 15601ad4-9f26-4abe-a6c9-3a7eebaa3045 'Forest' in 1.1647ms
2026-06-09 17:26:17.855 +02:00 [INF] Built VBO for map a31f210c-f5fb-48bf-9db2-45fab2293a4c 'Forest' in 5.5229ms
2026-06-09 17:26:17.923 +02:00 [INF] Built VBO for map e341d25d-5ff4-4cd6-bcd5-2f2cda710c86 'town' in 1.1089ms
2026-06-09 17:26:32.839 +02:00 [INF] Built VBO for map 9802b09c-f592-4d93-8e11-d3424500716c 'Forest' in 2.9336ms
2026-06-09 17:26:32.872 +02:00 [INF] Built VBO for map 27c6a7b2-4e9f-4316-9a0f-e13ec8e16ba2 'Forest' in 32.7778ms
2026-06-09 17:26:32.943 +02:00 [INF] Built VBO for map 15601ad4-9f26-4abe-a6c9-3a7eebaa3045 'Forest' in 1.4096ms
2026-06-09 17:26:33.018 +02:00 [INF] Built VBO for map a31f210c-f5fb-48bf-9db2-45fab2293a4c 'Forest' in 7.6448ms
2026-06-09 17:26:33.085 +02:00 [INF] Built VBO for map e341d25d-5ff4-4cd6-bcd5-2f2cda710c86 'town' in 1.1671ms
2026-06-09 17:26:40.260 +02:00 [INF] Built VBO for map e341d25d-5ff4-4cd6-bcd5-2f2cda710c86 'town' in 1.5865ms
2026-06-09 17:28:06.747 +02:00 [INF] Built VBO for map 9802b09c-f592-4d93-8e11-d3424500716c 'Forest' in 3.5912ms
2026-06-09 17:28:06.788 +02:00 [INF] Built VBO for map 27c6a7b2-4e9f-4316-9a0f-e13ec8e16ba2 'Forest' in 39.6968ms
2026-06-09 17:28:06.854 +02:00 [INF] Built VBO for map 15601ad4-9f26-4abe-a6c9-3a7eebaa3045 'Forest' in 1.3672ms
2026-06-09 17:28:06.929 +02:00 [INF] Built VBO for map a31f210c-f5fb-48bf-9db2-45fab2293a4c 'Forest' in 5.5455ms
2026-06-09 17:28:06.997 +02:00 [INF] Built VBO for map e341d25d-5ff4-4cd6-bcd5-2f2cda710c86 'town' in 1.7375ms
2026-06-09 17:28:17.188 +02:00 [INF] Built VBO for map 9802b09c-f592-4d93-8e11-d3424500716c 'Forest' in 2.7857ms
2026-06-09 17:28:17.223 +02:00 [INF] Built VBO for map 27c6a7b2-4e9f-4316-9a0f-e13ec8e16ba2 'Forest' in 33.9731ms
2026-06-09 17:28:17.291 +02:00 [INF] Built VBO for map 15601ad4-9f26-4abe-a6c9-3a7eebaa3045 'Forest' in 1.3686ms
2026-06-09 17:28:17.363 +02:00 [INF] Built VBO for map a31f210c-f5fb-48bf-9db2-45fab2293a4c 'Forest' in 4.962ms
2026-06-09 17:28:17.429 +02:00 [INF] Built VBO for map e341d25d-5ff4-4cd6-bcd5-2f2cda710c86 'town' in 1.7143ms
2026-06-09 17:29:20.463 +02:00 [INF] Built VBO for map 9802b09c-f592-4d93-8e11-d3424500716c 'Forest' in 2.8982ms
2026-06-09 17:29:20.501 +02:00 [INF] Built VBO for map 27c6a7b2-4e9f-4316-9a0f-e13ec8e16ba2 'Forest' in 36.8234ms
2026-06-09 17:29:20.572 +02:00 [INF] Built VBO for map 15601ad4-9f26-4abe-a6c9-3a7eebaa3045 'Forest' in 1.4178ms
2026-06-09 17:29:20.644 +02:00 [INF] Built VBO for map a31f210c-f5fb-48bf-9db2-45fab2293a4c 'Forest' in 5.25ms
2026-06-09 17:29:20.715 +02:00 [INF] Built VBO for map e341d25d-5ff4-4cd6-bcd5-2f2cda710c86 'town' in 1.7583ms
2026-06-09 17:29:24.003 +02:00 [INF] Built VBO for map e341d25d-5ff4-4cd6-bcd5-2f2cda710c86 'town' in 2.3488ms
2026-06-09 17:29:26.039 +02:00 [INF] Built VBO for map e341d25d-5ff4-4cd6-bcd5-2f2cda710c86 'town' in 3.6962ms
2026-06-09 17:29:39.305 +02:00 [INF] Disconnected [839184d7-f627-45d5-b90c-6c1b0a949185].
2026-06-09 17:29:39.306 +02:00 [INF] Updating active permission set to 'default'
2026-06-09 17:29:47.026 +02:00 [INF] User clicked exit button.
2026-06-09 17:29:47.045 +02:00 [INF] System window closing (due to user interaction most likely).
2026-06-09 17:29:47.068 +02:00 [INF] Acquiring context lock... (0ms)
2026-06-09 17:29:47.068 +02:00 [INF] Acquired. (0ms)
2026-06-09 17:29:47.069 +02:00 [INF] Beginning context dispose. (0ms)
2026-06-09 17:29:47.069 +02:00 [INF] GC.SuppressFinalize (0ms)
2026-06-09 17:29:47.069 +02:00 [INF] InternalDispose() completed. (0ms)
2026-06-09 17:29:47.069 +02:00 [INF] Clearing instance... (1ms)
2026-06-09 17:29:47.069 +02:00 [INF] Releasing context lock... (1ms)
2026-06-09 17:29:47.069 +02:00 [INF] Released. (1ms)
