2026-07-06 01:44:23.667 +02:00 [INF] Starting Intersect Client v0.8.0.0-custom+32d39132dace1351f63375b261f241297dd35be8-dirty
2026-07-06 01:44:23.899 +02:00 [INF] Discovered service type: Intersect.Plugins.PluginService
2026-07-06 01:44:23.903 +02:00 [WRN] Directory was specified as a plugin directory but does not exist: 'resources\plugins'
2026-07-06 01:44:23.904 +02:00 [INF] Discovered 0 plugins:

2026-07-06 01:44:25.900 +02:00 [INF] Connecting to 127.0.0.1:5400...
2026-07-06 01:44:25.909 +02:00 [INF] Connected [fa2d720a-2579-448a-a217-98d4a045bc86].
2026-07-06 01:44:25.919 +02:00 [INF] Connection approved [fa2d720a-2579-448a-a217-98d4a045bc86].
2026-07-06 01:44:26.016 +02:00 [INF] Updated PermissionSet 'default'
2026-07-06 01:44:26.016 +02:00 [INF] Updated PermissionSet 'admin'
2026-07-06 01:44:29.779 +02:00 [INF] Updating active permission set to 'admin'
2026-07-06 01:44:32.478 +02:00 [WRN] 'Me' is null.
2026-07-06 01:44:33.619 +02:00 [ERR] Exception thrown while trying to load 'resources/tilesets/water_shore_marker.png'
System.IO.FileNotFoundException: Could not find file 'F:\game code engine\Intersect_New\Intersect.Client\resources\tilesets\water_shore_marker.png'.
File name: 'F:\game code engine\Intersect_New\Intersect.Client\resources\tilesets\water_shore_marker.png'
   at Microsoft.Win32.SafeHandles.SafeFileHandle.CreateFile(String fullPath, FileMode mode, FileAccess access, FileShare share, FileOptions options)
   at Microsoft.Win32.SafeHandles.SafeFileHandle.Open(String fullPath, FileMode mode, FileAccess access, FileShare share, FileOptions options, Int64 preallocationSize, Nullable`1 unixCreateMode)
   at System.IO.Strategies.OSFileStreamStrategy..ctor(String path, FileMode mode, FileAccess access, FileShare share, FileOptions options, Int64 preallocationSize, Nullable`1 unixCreateMode)
   at System.IO.Strategies.FileStreamHelpers.ChooseStrategyCore(String path, FileMode mode, FileAccess access, FileShare share, FileOptions options, Int64 preallocationSize, Nullable`1 unixCreateMode)
   at System.IO.File.OpenRead(String path)
   at Intersect.Client.Framework.Graphics.GameRenderer.<>c__DisplayClass182_0.<LoadTexture>b__0() in f:\game code engine\Intersect_New\Intersect.Client.Framework\Graphics\GameRenderer.cs:line 1027
   at Intersect.Client.Framework.Graphics.GameTexture`2.LoadPlatformTexture(Boolean force) in f:\game code engine\Intersect_New\Intersect.Client.Framework\Graphics\GameTexture.cs:line 279
2026-07-06 01:44:33.633 +02:00 [INF] Built VBO for map 9802b09c-f592-4d93-8e11-d3424500716c 'Deep Forest' in 47.8781ms
2026-07-06 01:44:33.641 +02:00 [INF] Built VBO for map 15601ad4-9f26-4abe-a6c9-3a7eebaa3045 'Forest' in 7.0392ms
2026-07-06 01:44:33.650 +02:00 [INF] Built VBO for map d490222a-af25-4a7f-bec3-7ca8016e08d7 'New Map' in 5.5428ms
2026-07-06 01:44:33.752 +02:00 [INF] Built VBO for map a31f210c-f5fb-48bf-9db2-45fab2293a4c 'Forest' in 101.0104ms
2026-07-06 01:44:33.805 +02:00 [INF] Built VBO for map 27c6a7b2-4e9f-4316-9a0f-e13ec8e16ba2 'Forest' in 49.3475ms
2026-07-06 01:44:33.810 +02:00 [INF] Built VBO for map e341d25d-5ff4-4cd6-bcd5-2f2cda710c86 'Greenfall Vale' in 5.0832ms
2026-07-06 01:45:02.050 +02:00 [INF] Built VBO for map e341d25d-5ff4-4cd6-bcd5-2f2cda710c86 'Greenfall Vale' in 4.4845ms
2026-07-06 01:45:02.363 +02:00 [INF] Built VBO for map d490222a-af25-4a7f-bec3-7ca8016e08d7 'New Map' in 3.9612ms
2026-07-06 01:45:02.892 +02:00 [INF] Built VBO for map 000bacda-f0e9-4a92-ab09-e55bd4ad15c1 'New Map' in 3.6609ms
2026-07-06 01:45:03.409 +02:00 [INF] Built VBO for map f519d3ea-b6f4-4b17-b87a-1dcf003cd3ec 'New Map' in 3.3722ms
2026-07-06 01:45:59.226 +02:00 [INF] System window closing (due to user interaction most likely).
2026-07-06 01:45:59.229 +02:00 [INF] Disconnected [fa2d720a-2579-448a-a217-98d4a045bc86].
2026-07-06 01:45:59.230 +02:00 [INF] Updating active permission set to 'default'
2026-07-06 01:45:59.275 +02:00 [INF] Acquiring context lock... (0ms)
2026-07-06 01:45:59.275 +02:00 [INF] Acquired. (0ms)
2026-07-06 01:45:59.276 +02:00 [INF] Beginning context dispose. (0ms)
2026-07-06 01:45:59.276 +02:00 [INF] GC.SuppressFinalize (0ms)
2026-07-06 01:45:59.276 +02:00 [INF] InternalDispose() completed. (0ms)
2026-07-06 01:45:59.276 +02:00 [INF] Clearing instance... (1ms)
2026-07-06 01:45:59.276 +02:00 [INF] Releasing context lock... (1ms)
2026-07-06 01:45:59.276 +02:00 [INF] Released. (1ms)
