2026-04-05 16:04:20.073 +06:00 [INF] Starting Intersect Client v0.8.0.0-custom+32d39132dace1351f63375b261f241297dd35be8-dirty
2026-04-05 16:04:20.415 +06:00 [INF] Discovered service type: Intersect.Plugins.PluginService
2026-04-05 16:04:20.423 +06:00 [WRN] Directory was specified as a plugin directory but does not exist: 'resources\plugins'
2026-04-05 16:04:20.424 +06:00 [INF] Discovered 0 plugins:

2026-04-05 16:04:23.157 +06:00 [INF] Connecting to 127.0.0.1:5400...
2026-04-05 16:04:23.180 +06:00 [INF] Connected [a508ee8b-e2c2-403e-ba8d-b5ac553b6f1c].
2026-04-05 16:04:23.204 +06:00 [INF] Connection approved [a508ee8b-e2c2-403e-ba8d-b5ac553b6f1c].
2026-04-05 16:04:23.289 +06:00 [INF] Updated PermissionSet 'default'
2026-04-05 16:04:24.347 +06:00 [INF] Updated PermissionSet 'admin'
2026-04-05 16:04:24.347 +06:00 [INF] Updating active permission set to 'admin'
2026-04-05 16:04:24.508 +06:00 [WRN] Unable to add '_buttonLogout' to the JSON of MainMenu.SelectCharacterWindow._innerPanel._buttonsPanel because a sibling shares the same name
2026-04-05 16:04:25.287 +06:00 [WRN] 'Me' is null.
2026-04-05 16:04:25.810 +06:00 [INF] Built VBO for map 73ba8458-f8de-4f78-a254-c91b18418ed0 'forest' in 13.9103ms
2026-04-05 16:04:25.820 +06:00 [INF] Built VBO for map 850ddb26-5568-4376-b8e0-346c04cb81ef 'forest' in 4.5353ms
2026-04-05 16:04:27.819 +06:00 [INF] Built VBO for map 411179b7-b772-42ef-bf66-03b7e4d7dca8 'test 5' in 5.8225ms
2026-04-05 16:04:35.472 +06:00 [INF] Built VBO for map 27c6a7b2-4e9f-4316-9a0f-e13ec8e16ba2 'New Map' in 5.6916ms
2026-04-05 16:04:37.916 +06:00 [INF] Music volume set to 10 from InGame..SettingsWindow._innerPanel._tabs._innerPanel._audioSettingsTab._scrollPanel._musicSlider._slider
2026-04-05 16:04:37.917 +06:00 [INF] Sound volume set to 15 from InGame..SettingsWindow._innerPanel._tabs._innerPanel._audioSettingsTab._scrollPanel._soundEffectsSlider._slider
2026-04-05 16:07:41.634 +06:00 [INF] System window closing (due to user interaction most likely).
2026-04-05 16:07:41.637 +06:00 [INF] Disconnected [a508ee8b-e2c2-403e-ba8d-b5ac553b6f1c].
2026-04-05 16:07:41.638 +06:00 [INF] Updating active permission set to 'default'
2026-04-05 16:07:41.667 +06:00 [INF] Acquiring context lock... (0ms)
2026-04-05 16:07:41.668 +06:00 [INF] Acquired. (0ms)
2026-04-05 16:07:41.668 +06:00 [INF] Beginning context dispose. (0ms)
2026-04-05 16:07:41.668 +06:00 [INF] GC.SuppressFinalize (0ms)
2026-04-05 16:07:41.669 +06:00 [INF] InternalDispose() completed. (0ms)
2026-04-05 16:07:41.669 +06:00 [INF] Clearing instance... (1ms)
2026-04-05 16:07:41.669 +06:00 [INF] Releasing context lock... (1ms)
2026-04-05 16:07:41.669 +06:00 [INF] Released. (1ms)
