2026-04-07 14:43:05.032 +06:00 [INF] Starting Intersect Client v0.8.0.0-custom+32d39132dace1351f63375b261f241297dd35be8-dirty
2026-04-07 14:43:05.232 +06:00 [INF] Discovered service type: Intersect.Plugins.PluginService
2026-04-07 14:43:05.236 +06:00 [WRN] Directory was specified as a plugin directory but does not exist: 'resources\plugins'
2026-04-07 14:43:05.236 +06:00 [INF] Discovered 0 plugins:

2026-04-07 14:43:08.129 +06:00 [INF] Connecting to 127.0.0.1:5400...
2026-04-07 14:43:08.153 +06:00 [INF] Connected [d10bef94-b37e-4b72-ade0-afc8f938bde7].
2026-04-07 14:43:08.167 +06:00 [INF] Connection approved [d10bef94-b37e-4b72-ade0-afc8f938bde7].
2026-04-07 14:43:08.249 +06:00 [INF] Updated PermissionSet 'default'
2026-04-07 14:43:13.343 +06:00 [INF] Updated PermissionSet 'admin'
2026-04-07 14:43:13.343 +06:00 [INF] Updating active permission set to 'admin'
2026-04-07 14:43:13.465 +06:00 [WRN] Unable to add '_buttonLogout' to the JSON of MainMenu.SelectCharacterWindow._innerPanel._buttonsPanel because a sibling shares the same name
2026-04-07 14:43:14.999 +06:00 [WRN] 'Me' is null.
2026-04-07 14:43:15.554 +06:00 [INF] Built VBO for map 73ba8458-f8de-4f78-a254-c91b18418ed0 'test 3' in 16.8246ms
2026-04-07 14:43:15.566 +06:00 [INF] Built VBO for map 27c6a7b2-4e9f-4316-9a0f-e13ec8e16ba2 'New Map' in 7.1897ms
2026-04-07 14:43:47.465 +06:00 [INF] Built VBO for map 850ddb26-5568-4376-b8e0-346c04cb81ef 'forest' in 6.2595ms
2026-04-07 15:00:04.742 +06:00 [INF] System window closing (due to user interaction most likely).
2026-04-07 15:00:04.744 +06:00 [INF] Disconnected [d10bef94-b37e-4b72-ade0-afc8f938bde7].
2026-04-07 15:00:04.745 +06:00 [INF] Updating active permission set to 'default'
2026-04-07 15:00:04.818 +06:00 [INF] Acquiring context lock... (0ms)
2026-04-07 15:00:04.818 +06:00 [INF] Acquired. (0ms)
2026-04-07 15:00:04.818 +06:00 [INF] Beginning context dispose. (0ms)
2026-04-07 15:00:04.819 +06:00 [INF] GC.SuppressFinalize (0ms)
2026-04-07 15:00:04.819 +06:00 [INF] InternalDispose() completed. (0ms)
2026-04-07 15:00:04.819 +06:00 [INF] Clearing instance... (1ms)
2026-04-07 15:00:04.819 +06:00 [INF] Releasing context lock... (1ms)
2026-04-07 15:00:04.819 +06:00 [INF] Released. (1ms)
