2026-05-14 09:41:03.644 +02:00 [INF] Starting Intersect Client v0.8.0.0-custom+32d39132dace1351f63375b261f241297dd35be8-dirty
2026-05-14 09:41:03.861 +02:00 [INF] Discovered service type: Intersect.Plugins.PluginService
2026-05-14 09:41:03.864 +02:00 [WRN] Directory was specified as a plugin directory but does not exist: 'resources\plugins'
2026-05-14 09:41:03.865 +02:00 [INF] Discovered 0 plugins:

2026-05-14 09:41:07.345 +02:00 [INF] Connecting to 127.0.0.1:5400...
2026-05-14 09:41:07.368 +02:00 [INF] Connected [49f61655-0afe-45af-812e-ed026b5968a3].
2026-05-14 09:41:07.381 +02:00 [INF] Connection approved [49f61655-0afe-45af-812e-ed026b5968a3].
2026-05-14 09:41:07.505 +02:00 [INF] Updated PermissionSet 'default'
2026-05-14 09:41:11.365 +02:00 [INF] Updated PermissionSet 'admin'
2026-05-14 09:41:11.365 +02:00 [INF] Updating active permission set to 'admin'
2026-05-14 09:41:12.138 +02:00 [WRN] 'Me' is null.
2026-05-14 09:41:12.813 +02:00 [INF] Built VBO for map 24cc8989-0a45-4ecb-bf58-41efcefcaeb8 'Test' in 14.8921ms
2026-05-14 09:42:29.711 +02:00 [INF] System window closing (due to user interaction most likely).
2026-05-14 09:42:29.714 +02:00 [INF] Disconnected [49f61655-0afe-45af-812e-ed026b5968a3].
2026-05-14 09:42:29.715 +02:00 [INF] Updating active permission set to 'default'
2026-05-14 09:42:29.749 +02:00 [INF] Acquiring context lock... (0ms)
2026-05-14 09:42:29.749 +02:00 [INF] Acquired. (0ms)
2026-05-14 09:42:29.750 +02:00 [INF] Beginning context dispose. (0ms)
2026-05-14 09:42:29.750 +02:00 [INF] GC.SuppressFinalize (0ms)
2026-05-14 09:42:29.751 +02:00 [INF] InternalDispose() completed. (0ms)
2026-05-14 09:42:29.751 +02:00 [INF] Clearing instance... (1ms)
2026-05-14 09:42:29.751 +02:00 [INF] Releasing context lock... (1ms)
2026-05-14 09:42:29.751 +02:00 [INF] Released. (1ms)
